TpTrace Verbose: 0 : 14320, 2, 2026/07/20, 16:55:06.080, 346949554132, vstest.console.dll, Version: 18.7.0-release-26322-102 Current process architecture: X64
TpTrace Verbose: 0 : 14320, 2, 2026/07/20, 16:55:06.089, 346949635643, vstest.console.dll, Runtime location: C:\Program Files\dotnet\shared\Microsoft.NETCore.App\10.0.9
TpTrace Information: 0 : 14320, 2, 2026/07/20, 16:55:06.097, 346949714994, vstest.console.dll, Using .Net Framework version:.NETCoreApp,Version=v10.0
TpTrace Verbose: 0 : 14320, 2, 2026/07/20, 16:55:06.097, 346949717305, vstest.console.dll, ArtifactProcessingPostProcessModeProcessorExecutor.Initialize: ArtifactProcessingMode.Collect
TpTrace Verbose: 0 : 14320, 2, 2026/07/20, 16:55:06.097, 346949721010, vstest.console.dll, TestSessionCorrelationIdProcessorModeProcessorExecutor.Initialize: TestSessionCorrelationId '10180_cc5593e8-1585-46b1-b1cd-125cb51479a4'
TpTrace Information: 0 : 14320, 2, 2026/07/20, 16:55:06.116, 346949910630, vstest.console.dll, FilePatternParser: The given file C:\Integral2u\source\repos\SharpMind\SharpMind.Tests\bin\Debug\net10.0\SharpMind.Tests.dll is a full path.
TpTrace Verbose: 0 : 14320, 2, 2026/07/20, 16:55:06.133, 346950081288, vstest.console.dll, TestPluginCache.DiscoverTestExtensions: finding test extensions in assemblies ends with: RuntimeProvider.dll TPluginInfo: Microsoft.VisualStudio.TestPlatform.Common.ExtensionFramework.Utilities.TestRuntimePluginInformation TExtension: Microsoft.VisualStudio.TestPlatform.ObjectModel.Host.ITestRuntimeProvider
TpTrace Verbose: 0 : 14320, 2, 2026/07/20, 16:55:06.134, 346950089414, vstest.console.dll, TestPluginCache.GetExtensionPaths: Filtered extension paths: 
TpTrace Verbose: 0 : 14320, 2, 2026/07/20, 16:55:06.134, 346950091301, vstest.console.dll, TestPluginCache.GetExtensionPaths: Added default extension paths: C:\Program Files\dotnet\sdk\10.0.400-preview.0.26322.102\Extensions\Microsoft.Diagnostics.NETCore.Client.dll
C:\Program Files\dotnet\sdk\10.0.400-preview.0.26322.102\Extensions\Microsoft.TestPlatform.Extensions.BlameDataCollector.dll
C:\Program Files\dotnet\sdk\10.0.400-preview.0.26322.102\Extensions\Microsoft.TestPlatform.Extensions.EventLogCollector.dll
C:\Program Files\dotnet\sdk\10.0.400-preview.0.26322.102\Extensions\Microsoft.TestPlatform.TestHostRuntimeProvider.dll
C:\Program Files\dotnet\sdk\10.0.400-preview.0.26322.102\Extensions\Microsoft.VisualStudio.TestPlatform.Extensions.Html.TestLogger.dll
C:\Program Files\dotnet\sdk\10.0.400-preview.0.26322.102\Extensions\Microsoft.VisualStudio.TestPlatform.Extensions.Trx.TestLogger.dll
TpTrace Verbose: 0 : 14320, 2, 2026/07/20, 16:55:06.135, 346950094482, vstest.console.dll, TestPluginCache.GetExtensionPaths: Added unfilterableExtensionPaths: 
TpTrace Information: 0 : 14320, 2, 2026/07/20, 16:55:06.138, 346950133057, vstest.console.dll, AssemblyResolver.ctor: Creating AssemblyResolver with searchDirectories C:\Program Files\dotnet\sdk\10.0.400-preview.0.26322.102\Extensions,C:\Program Files\dotnet\sdk\10.0.400-preview.0.26322.102
TpTrace Verbose: 0 : 14320, 2, 2026/07/20, 16:55:06.141, 346950156903, vstest.console.dll, TestPluginCache.DiscoverTestExtensions: Discovering the extensions using extension path.
TpTrace Verbose: 0 : 14320, 2, 2026/07/20, 16:55:06.141, 346950160368, vstest.console.dll, TestPluginCache.GetExtensionPaths: Filtered extension paths: 
TpTrace Verbose: 0 : 14320, 2, 2026/07/20, 16:55:06.141, 346950161048, vstest.console.dll, TestPluginCache.GetExtensionPaths: Added default extension paths: C:\Program Files\dotnet\sdk\10.0.400-preview.0.26322.102\Extensions\Microsoft.Diagnostics.NETCore.Client.dll
C:\Program Files\dotnet\sdk\10.0.400-preview.0.26322.102\Extensions\Microsoft.TestPlatform.Extensions.BlameDataCollector.dll
C:\Program Files\dotnet\sdk\10.0.400-preview.0.26322.102\Extensions\Microsoft.TestPlatform.Extensions.EventLogCollector.dll
C:\Program Files\dotnet\sdk\10.0.400-preview.0.26322.102\Extensions\Microsoft.TestPlatform.TestHostRuntimeProvider.dll
C:\Program Files\dotnet\sdk\10.0.400-preview.0.26322.102\Extensions\Microsoft.VisualStudio.TestPlatform.Extensions.Html.TestLogger.dll
C:\Program Files\dotnet\sdk\10.0.400-preview.0.26322.102\Extensions\Microsoft.VisualStudio.TestPlatform.Extensions.Trx.TestLogger.dll
TpTrace Verbose: 0 : 14320, 2, 2026/07/20, 16:55:06.141, 346950162571, vstest.console.dll, TestPluginCache.GetExtensionPaths: Added unfilterableExtensionPaths: 
TpTrace Verbose: 0 : 14320, 2, 2026/07/20, 16:55:06.141, 346950163679, vstest.console.dll, TestPluginCache.DiscoverTestExtensions: Discovering the extensions using allExtensionPaths: C:\Program Files\dotnet\sdk\10.0.400-preview.0.26322.102\Extensions\Microsoft.Diagnostics.NETCore.Client.dll
C:\Program Files\dotnet\sdk\10.0.400-preview.0.26322.102\Extensions\Microsoft.TestPlatform.Extensions.BlameDataCollector.dll
C:\Program Files\dotnet\sdk\10.0.400-preview.0.26322.102\Extensions\Microsoft.TestPlatform.Extensions.EventLogCollector.dll
C:\Program Files\dotnet\sdk\10.0.400-preview.0.26322.102\Extensions\Microsoft.TestPlatform.TestHostRuntimeProvider.dll
C:\Program Files\dotnet\sdk\10.0.400-preview.0.26322.102\Extensions\Microsoft.VisualStudio.TestPlatform.Extensions.Html.TestLogger.dll
C:\Program Files\dotnet\sdk\10.0.400-preview.0.26322.102\Extensions\Microsoft.VisualStudio.TestPlatform.Extensions.Trx.TestLogger.dll
TpTrace Information: 0 : 14320, 2, 2026/07/20, 16:55:06.142, 346950165414, vstest.console.dll, AssemblyResolver.AddSearchDirectories: Adding more searchDirectories C:\Program Files\dotnet\sdk\10.0.400-preview.0.26322.102\Extensions,C:\Program Files\dotnet\sdk\10.0.400-preview.0.26322.102
TpTrace Information: 0 : 14320, 2, 2026/07/20, 16:55:06.142, 346950166329, vstest.console.dll, AssemblyResolver.AddSearchDirectories: Adding more searchDirectories C:\Program Files\dotnet\sdk\10.0.400-preview.0.26322.102\Extensions,C:\Program Files\dotnet\sdk\10.0.400-preview.0.26322.102
TpTrace Information: 0 : 14320, 2, 2026/07/20, 16:55:06.142, 346950166928, vstest.console.dll, AssemblyResolver.AddSearchDirectories: Adding more searchDirectories C:\Program Files\dotnet\sdk\10.0.400-preview.0.26322.102\Extensions,C:\Program Files\dotnet\sdk\10.0.400-preview.0.26322.102
TpTrace Information: 0 : 14320, 2, 2026/07/20, 16:55:06.142, 346950167386, vstest.console.dll, AssemblyResolver.AddSearchDirectories: Adding more searchDirectories C:\Program Files\dotnet\sdk\10.0.400-preview.0.26322.102\Extensions,C:\Program Files\dotnet\sdk\10.0.400-preview.0.26322.102
TpTrace Information: 0 : 14320, 2, 2026/07/20, 16:55:06.142, 346950167825, vstest.console.dll, AssemblyResolver.AddSearchDirectories: Adding more searchDirectories C:\Program Files\dotnet\sdk\10.0.400-preview.0.26322.102\Extensions,C:\Program Files\dotnet\sdk\10.0.400-preview.0.26322.102
TpTrace Information: 0 : 14320, 2, 2026/07/20, 16:55:06.142, 346950168535, vstest.console.dll, AssemblyResolver.AddSearchDirectories: Adding more searchDirectories C:\Program Files\dotnet\sdk\10.0.400-preview.0.26322.102\Extensions,C:\Program Files\dotnet\sdk\10.0.400-preview.0.26322.102
TpTrace Information: 0 : 14320, 2, 2026/07/20, 16:55:06.143, 346950176991, vstest.console.dll, AssemblyResolver.OnResolve: Microsoft.Diagnostics.NETCore.Client: Resolving assembly.
TpTrace Information: 0 : 14320, 2, 2026/07/20, 16:55:06.143, 346950178660, vstest.console.dll, AssemblyResolver.OnResolve: Microsoft.Diagnostics.NETCore.Client: Searching in: 'C:\Program Files\dotnet\sdk\10.0.400-preview.0.26322.102\Extensions'.
TpTrace Information: 0 : 14320, 2, 2026/07/20, 16:55:06.168, 346950428686, vstest.console.dll, AssemblyResolver.OnResolve: Microsoft.Diagnostics.NETCore.Client: Loading assembly 'C:\Program Files\dotnet\sdk\10.0.400-preview.0.26322.102\Extensions\Microsoft.Diagnostics.NETCore.Client.dll'.
TpTrace Information: 0 : 14320, 2, 2026/07/20, 16:55:06.175, 346950500371, vstest.console.dll, AssemblyResolver.TrackProvidedDependency: Resolved 'Microsoft.Diagnostics.NETCore.Client' from 'C:\Program Files\dotnet\sdk\10.0.400-preview.0.26322.102\Extensions' for 'unknown'.
TpTrace Information: 0 : 14320, 2, 2026/07/20, 16:55:06.175, 346950501913, vstest.console.dll, AssemblyResolver.OnResolve: Resolved assembly: Microsoft.Diagnostics.NETCore.Client, from path: C:\Program Files\dotnet\sdk\10.0.400-preview.0.26322.102\Extensions\Microsoft.Diagnostics.NETCore.Client.dll
TpTrace Verbose: 0 : 14320, 2, 2026/07/20, 16:55:06.177, 346950522353, vstest.console.dll, MetadataReaderExtensionsHelper: Discovering extensions inside assembly 'Microsoft.Diagnostics.NETCore.Client, Version=0.2.14.32302, Culture=neutral, PublicKeyToken=31bf3856ad364e35' file path 'C:\Program Files\dotnet\sdk\10.0.400-preview.0.26322.102\Extensions\Microsoft.Diagnostics.NETCore.Client.dll'
TpTrace Information: 0 : 14320, 2, 2026/07/20, 16:55:06.181, 346950557302, vstest.console.dll, AssemblyResolver.OnResolve: Microsoft.Bcl.AsyncInterfaces: Resolving assembly.
TpTrace Information: 0 : 14320, 2, 2026/07/20, 16:55:06.181, 346950558777, vstest.console.dll, AssemblyResolver.OnResolve: Microsoft.Bcl.AsyncInterfaces: Searching in: 'C:\Program Files\dotnet\sdk\10.0.400-preview.0.26322.102\Extensions'.
TpTrace Information: 0 : 14320, 2, 2026/07/20, 16:55:06.181, 346950560553, vstest.console.dll, AssemblyResolver.OnResolve: Microsoft.Bcl.AsyncInterfaces: Assembly path does not exist: 'C:\Program Files\dotnet\sdk\10.0.400-preview.0.26322.102\Extensions\Microsoft.Bcl.AsyncInterfaces.dll', returning.
TpTrace Information: 0 : 14320, 2, 2026/07/20, 16:55:06.181, 346950561591, vstest.console.dll, AssemblyResolver.OnResolve: Microsoft.Bcl.AsyncInterfaces: Assembly path does not exist: 'C:\Program Files\dotnet\sdk\10.0.400-preview.0.26322.102\Extensions\Microsoft.Bcl.AsyncInterfaces.exe', returning.
TpTrace Information: 0 : 14320, 2, 2026/07/20, 16:55:06.181, 346950562175, vstest.console.dll, AssemblyResolver.OnResolve: Microsoft.Bcl.AsyncInterfaces: Searching in: 'C:\Program Files\dotnet\sdk\10.0.400-preview.0.26322.102'.
TpTrace Information: 0 : 14320, 2, 2026/07/20, 16:55:06.181, 346950563418, vstest.console.dll, AssemblyResolver.OnResolve: Microsoft.Bcl.AsyncInterfaces: Assembly path does not exist: 'C:\Program Files\dotnet\sdk\10.0.400-preview.0.26322.102\Microsoft.Bcl.AsyncInterfaces.dll', returning.
TpTrace Information: 0 : 14320, 2, 2026/07/20, 16:55:06.182, 346950564506, vstest.console.dll, AssemblyResolver.OnResolve: Microsoft.Bcl.AsyncInterfaces: Assembly path does not exist: 'C:\Program Files\dotnet\sdk\10.0.400-preview.0.26322.102\Microsoft.Bcl.AsyncInterfaces.exe', returning.
TpTrace Information: 0 : 14320, 2, 2026/07/20, 16:55:06.182, 346950564965, vstest.console.dll, AssemblyResolver.OnResolve: Microsoft.Bcl.AsyncInterfaces: Failed to load assembly.
TpTrace Verbose: 0 : 14320, 2, 2026/07/20, 16:55:06.182, 346950565522, vstest.console.dll, CurrentDomainAssemblyResolve: Resolving assembly 'Microsoft.Bcl.AsyncInterfaces'.
TpTrace Information: 0 : 14320, 2, 2026/07/20, 16:55:06.182, 346950566449, vstest.console.dll, AssemblyResolver.OnResolve: Microsoft.Bcl.AsyncInterfaces: Resolving assembly.
TpTrace Information: 0 : 14320, 2, 2026/07/20, 16:55:06.182, 346950567022, vstest.console.dll, AssemblyResolver.OnResolve: Microsoft.Bcl.AsyncInterfaces: Resolved from cache.
TpTrace Verbose: 0 : 14320, 2, 2026/07/20, 16:55:06.182, 346950567494, vstest.console.dll, CurrentDomainAssemblyResolve: Resolving assembly 'Microsoft.Bcl.AsyncInterfaces'.
TpTrace Verbose: 0 : 14320, 2, 2026/07/20, 16:55:06.182, 346950567966, vstest.console.dll, CurrentDomainAssemblyResolve: Failed to resolve assembly 'Microsoft.Bcl.AsyncInterfaces'.
TpTrace Verbose: 0 : 14320, 2, 2026/07/20, 16:55:06.183, 346950581784, vstest.console.dll, CurrentDomainAssemblyResolve: Failed to resolve assembly 'Microsoft.Bcl.AsyncInterfaces'.
TpTrace Information: 0 : 14320, 2, 2026/07/20, 16:55:06.192, 346950673891, vstest.console.dll, AssemblyResolver.OnResolve: Microsoft.Bcl.AsyncInterfaces: Resolving assembly.
TpTrace Information: 0 : 14320, 2, 2026/07/20, 16:55:06.193, 346950675519, vstest.console.dll, AssemblyResolver.OnResolve: Microsoft.Bcl.AsyncInterfaces: Resolved from cache.
TpTrace Verbose: 0 : 14320, 2, 2026/07/20, 16:55:06.193, 346950676291, vstest.console.dll, CurrentDomainAssemblyResolve: Resolving assembly 'Microsoft.Bcl.AsyncInterfaces'.
TpTrace Verbose: 0 : 14320, 2, 2026/07/20, 16:55:06.193, 346950677179, vstest.console.dll, CurrentDomainAssemblyResolve: Failed to resolve assembly 'Microsoft.Bcl.AsyncInterfaces'.
TpTrace Information: 0 : 14320, 2, 2026/07/20, 16:55:06.196, 346950713076, vstest.console.dll, AssemblyResolver.OnResolve: Microsoft.Bcl.AsyncInterfaces: Resolving assembly.
TpTrace Information: 0 : 14320, 2, 2026/07/20, 16:55:06.197, 346950714703, vstest.console.dll, AssemblyResolver.OnResolve: Microsoft.Bcl.AsyncInterfaces: Resolved from cache.
TpTrace Verbose: 0 : 14320, 2, 2026/07/20, 16:55:06.197, 346950715451, vstest.console.dll, CurrentDomainAssemblyResolve: Resolving assembly 'Microsoft.Bcl.AsyncInterfaces'.
TpTrace Verbose: 0 : 14320, 2, 2026/07/20, 16:55:06.197, 346950716128, vstest.console.dll, CurrentDomainAssemblyResolve: Failed to resolve assembly 'Microsoft.Bcl.AsyncInterfaces'.
TpTrace Warning: 0 : 14320, 2, 2026/07/20, 16:55:06.232, 346951069879, vstest.console.dll, TestPluginDiscoverer: Failed to get types from assembly 'Microsoft.Diagnostics.NETCore.Client, Version=0.2.14.32302, Culture=neutral, PublicKeyToken=31bf3856ad364e35'. Error: System.Reflection.ReflectionTypeLoadException: Unable to load one or more of the requested types.
Could not load file or assembly 'Microsoft.Bcl.AsyncInterfaces, Version=9.0.0.8, Culture=neutral, PublicKeyToken=cc7b13ffcd2ddd51'. The system cannot find the file specified.
Could not load file or assembly 'Microsoft.Bcl.AsyncInterfaces, Version=9.0.0.8, Culture=neutral, PublicKeyToken=cc7b13ffcd2ddd51'. The system cannot find the file specified.
Could not load file or assembly 'Microsoft.Bcl.AsyncInterfaces, Version=9.0.0.8, Culture=neutral, PublicKeyToken=cc7b13ffcd2ddd51'. The system cannot find the file specified.
   at System.Reflection.RuntimeModule.GetDefinedTypes()
   at System.Reflection.RuntimeModule.GetTypes()
   at Microsoft.VisualStudio.TestPlatform.Common.ExtensionFramework.TestPluginDiscoverer.GetTestExtensionsFromAssembly[TPluginInfo,TExtension](Assembly assembly, Dictionary`2 pluginInfos, String filePath) in /_/src/vstest/src/Microsoft.TestPlatform.Common/ExtensionFramework/TestPluginDiscoverer.cs:line 159
System.IO.FileNotFoundException: Could not load file or assembly 'Microsoft.Bcl.AsyncInterfaces, Version=9.0.0.8, Culture=neutral, PublicKeyToken=cc7b13ffcd2ddd51'. The system cannot find the file specified.
File name: 'Microsoft.Bcl.AsyncInterfaces, Version=9.0.0.8, Culture=neutral, PublicKeyToken=cc7b13ffcd2ddd51'
 ---> System.IO.FileNotFoundException: Could not load file or assembly 'Microsoft.Bcl.AsyncInterfaces, Culture=neutral, PublicKeyToken=null'. The system cannot find the file specified.
File name: 'Microsoft.Bcl.AsyncInterfaces, Culture=neutral, PublicKeyToken=null'
   at System.Reflection.RuntimeAssembly.InternalLoad(AssemblyName assemblyName, StackCrawlMark& stackMark, AssemblyLoadContext assemblyLoadContext, RuntimeAssembly requestingAssembly, Boolean throwOnFileNotFound)
   at System.Reflection.Assembly.Load(AssemblyName assemblyRef)
   at Microsoft.VisualStudio.TestPlatform.Common.ExtensionFramework.TestPluginCache.CurrentDomainAssemblyResolve(Object sender, AssemblyResolveEventArgs args) in /_/src/vstest/src/Microsoft.TestPlatform.Common/ExtensionFramework/TestPluginCache.cs:line 514
   at System.Runtime.Loader.AssemblyLoadContext.GetFirstResolvedAssemblyFromResolvingEvent(AssemblyName assemblyName)
   at System.Runtime.Loader.AssemblyLoadContext.ResolveUsingEvent(AssemblyName assemblyName)
System.IO.FileNotFoundException: Could not load file or assembly 'Microsoft.Bcl.AsyncInterfaces, Version=9.0.0.8, Culture=neutral, PublicKeyToken=cc7b13ffcd2ddd51'. The system cannot find the file specified.
File name: 'Microsoft.Bcl.AsyncInterfaces, Version=9.0.0.8, Culture=neutral, PublicKeyToken=cc7b13ffcd2ddd51'
System.IO.FileNotFoundException: Could not load file or assembly 'Microsoft.Bcl.AsyncInterfaces, Version=9.0.0.8, Culture=neutral, PublicKeyToken=cc7b13ffcd2ddd51'. The system cannot find the file specified.
File name: 'Microsoft.Bcl.AsyncInterfaces, Version=9.0.0.8, Culture=neutral, PublicKeyToken=cc7b13ffcd2ddd51'
TpTrace Warning: 0 : 14320, 2, 2026/07/20, 16:55:06.233, 346951078914, vstest.console.dll, LoaderExceptions: System.IO.FileNotFoundException: Could not load file or assembly 'Microsoft.Bcl.AsyncInterfaces, Version=9.0.0.8, Culture=neutral, PublicKeyToken=cc7b13ffcd2ddd51'. The system cannot find the file specified.
File name: 'Microsoft.Bcl.AsyncInterfaces, Version=9.0.0.8, Culture=neutral, PublicKeyToken=cc7b13ffcd2ddd51'
 ---> System.IO.FileNotFoundException: Could not load file or assembly 'Microsoft.Bcl.AsyncInterfaces, Culture=neutral, PublicKeyToken=null'. The system cannot find the file specified.
File name: 'Microsoft.Bcl.AsyncInterfaces, Culture=neutral, PublicKeyToken=null'
   at System.Reflection.RuntimeAssembly.InternalLoad(AssemblyName assemblyName, StackCrawlMark& stackMark, AssemblyLoadContext assemblyLoadContext, RuntimeAssembly requestingAssembly, Boolean throwOnFileNotFound)
   at System.Reflection.Assembly.Load(AssemblyName assemblyRef)
   at Microsoft.VisualStudio.TestPlatform.Common.ExtensionFramework.TestPluginCache.CurrentDomainAssemblyResolve(Object sender, AssemblyResolveEventArgs args) in /_/src/vstest/src/Microsoft.TestPlatform.Common/ExtensionFramework/TestPluginCache.cs:line 514
   at System.Runtime.Loader.AssemblyLoadContext.GetFirstResolvedAssemblyFromResolvingEvent(AssemblyName assemblyName)
   at System.Runtime.Loader.AssemblyLoadContext.ResolveUsingEvent(AssemblyName assemblyName)
TpTrace Warning: 0 : 14320, 2, 2026/07/20, 16:55:06.233, 346951080780, vstest.console.dll, LoaderExceptions: System.IO.FileNotFoundException: Could not load file or assembly 'Microsoft.Bcl.AsyncInterfaces, Version=9.0.0.8, Culture=neutral, PublicKeyToken=cc7b13ffcd2ddd51'. The system cannot find the file specified.
File name: 'Microsoft.Bcl.AsyncInterfaces, Version=9.0.0.8, Culture=neutral, PublicKeyToken=cc7b13ffcd2ddd51'
TpTrace Warning: 0 : 14320, 2, 2026/07/20, 16:55:06.233, 346951081526, vstest.console.dll, LoaderExceptions: System.IO.FileNotFoundException: Could not load file or assembly 'Microsoft.Bcl.AsyncInterfaces, Version=9.0.0.8, Culture=neutral, PublicKeyToken=cc7b13ffcd2ddd51'. The system cannot find the file specified.
File name: 'Microsoft.Bcl.AsyncInterfaces, Version=9.0.0.8, Culture=neutral, PublicKeyToken=cc7b13ffcd2ddd51'
TpTrace Information: 0 : 14320, 2, 2026/07/20, 16:55:06.234, 346951084613, vstest.console.dll, AssemblyResolver.OnResolve: Microsoft.TestPlatform.Extensions.BlameDataCollector: Resolving assembly.
TpTrace Information: 0 : 14320, 2, 2026/07/20, 16:55:06.234, 346951085613, vstest.console.dll, AssemblyResolver.OnResolve: Microsoft.TestPlatform.Extensions.BlameDataCollector: Searching in: 'C:\Program Files\dotnet\sdk\10.0.400-preview.0.26322.102\Extensions'.
TpTrace Information: 0 : 14320, 2, 2026/07/20, 16:55:06.239, 346951142792, vstest.console.dll, AssemblyResolver.OnResolve: Microsoft.TestPlatform.Extensions.BlameDataCollector: Loading assembly 'C:\Program Files\dotnet\sdk\10.0.400-preview.0.26322.102\Extensions\Microsoft.TestPlatform.Extensions.BlameDataCollector.dll'.
TpTrace Information: 0 : 14320, 2, 2026/07/20, 16:55:06.241, 346951162740, vstest.console.dll, AssemblyResolver.TrackProvidedDependency: Resolved 'Microsoft.TestPlatform.Extensions.BlameDataCollector' from 'C:\Program Files\dotnet\sdk\10.0.400-preview.0.26322.102\Extensions' for 'unknown'.
TpTrace Information: 0 : 14320, 2, 2026/07/20, 16:55:06.242, 346951164552, vstest.console.dll, AssemblyResolver.OnResolve: Resolved assembly: Microsoft.TestPlatform.Extensions.BlameDataCollector, from path: C:\Program Files\dotnet\sdk\10.0.400-preview.0.26322.102\Extensions\Microsoft.TestPlatform.Extensions.BlameDataCollector.dll
TpTrace Verbose: 0 : 14320, 2, 2026/07/20, 16:55:06.242, 346951165915, vstest.console.dll, MetadataReaderExtensionsHelper: Discovering extensions inside assembly 'Microsoft.TestPlatform.Extensions.BlameDataCollector, Version=15.0.0.0, Culture=neutral, PublicKeyToken=b03f5f7f11d50a3a' file path 'C:\Program Files\dotnet\sdk\10.0.400-preview.0.26322.102\Extensions\Microsoft.TestPlatform.Extensions.BlameDataCollector.dll'
TpTrace Information: 0 : 14320, 2, 2026/07/20, 16:55:06.245, 346951199543, vstest.console.dll, AssemblyResolver.OnResolve: Microsoft.TestPlatform.Extensions.EventLogCollector: Resolving assembly.
TpTrace Information: 0 : 14320, 2, 2026/07/20, 16:55:06.245, 346951201190, vstest.console.dll, AssemblyResolver.OnResolve: Microsoft.TestPlatform.Extensions.EventLogCollector: Searching in: 'C:\Program Files\dotnet\sdk\10.0.400-preview.0.26322.102\Extensions'.
TpTrace Information: 0 : 14320, 2, 2026/07/20, 16:55:06.247, 346951216315, vstest.console.dll, AssemblyResolver.OnResolve: Microsoft.TestPlatform.Extensions.EventLogCollector: Loading assembly 'C:\Program Files\dotnet\sdk\10.0.400-preview.0.26322.102\Extensions\Microsoft.TestPlatform.Extensions.EventLogCollector.dll'.
TpTrace Information: 0 : 14320, 2, 2026/07/20, 16:55:06.248, 346951230993, vstest.console.dll, AssemblyResolver.TrackProvidedDependency: Resolved 'Microsoft.TestPlatform.Extensions.EventLogCollector' from 'C:\Program Files\dotnet\sdk\10.0.400-preview.0.26322.102\Extensions' for 'unknown'.
TpTrace Information: 0 : 14320, 2, 2026/07/20, 16:55:06.248, 346951232555, vstest.console.dll, AssemblyResolver.OnResolve: Resolved assembly: Microsoft.TestPlatform.Extensions.EventLogCollector, from path: C:\Program Files\dotnet\sdk\10.0.400-preview.0.26322.102\Extensions\Microsoft.TestPlatform.Extensions.EventLogCollector.dll
TpTrace Verbose: 0 : 14320, 2, 2026/07/20, 16:55:06.248, 346951233787, vstest.console.dll, MetadataReaderExtensionsHelper: Discovering extensions inside assembly 'Microsoft.TestPlatform.Extensions.EventLogCollector, Version=15.0.0.0, Culture=neutral, PublicKeyToken=b03f5f7f11d50a3a' file path 'C:\Program Files\dotnet\sdk\10.0.400-preview.0.26322.102\Extensions\Microsoft.TestPlatform.Extensions.EventLogCollector.dll'
TpTrace Information: 0 : 14320, 2, 2026/07/20, 16:55:06.258, 346951324775, vstest.console.dll, AssemblyResolver.OnResolve: Microsoft.TestPlatform.TestHostRuntimeProvider: Resolving assembly.
TpTrace Information: 0 : 14320, 2, 2026/07/20, 16:55:06.258, 346951327700, vstest.console.dll, AssemblyResolver.OnResolve: Microsoft.TestPlatform.TestHostRuntimeProvider: Searching in: 'C:\Program Files\dotnet\sdk\10.0.400-preview.0.26322.102\Extensions'.
TpTrace Information: 0 : 14320, 2, 2026/07/20, 16:55:06.259, 346951337472, vstest.console.dll, AssemblyResolver.OnResolve: Microsoft.TestPlatform.TestHostRuntimeProvider: Loading assembly 'C:\Program Files\dotnet\sdk\10.0.400-preview.0.26322.102\Extensions\Microsoft.TestPlatform.TestHostRuntimeProvider.dll'.
TpTrace Information: 0 : 14320, 2, 2026/07/20, 16:55:06.260, 346951352648, vstest.console.dll, AssemblyResolver.TrackProvidedDependency: Resolved 'Microsoft.TestPlatform.TestHostRuntimeProvider' from 'C:\Program Files\dotnet\sdk\10.0.400-preview.0.26322.102\Extensions' for 'unknown'.
TpTrace Information: 0 : 14320, 2, 2026/07/20, 16:55:06.261, 346951354355, vstest.console.dll, AssemblyResolver.OnResolve: Resolved assembly: Microsoft.TestPlatform.TestHostRuntimeProvider, from path: C:\Program Files\dotnet\sdk\10.0.400-preview.0.26322.102\Extensions\Microsoft.TestPlatform.TestHostRuntimeProvider.dll
TpTrace Verbose: 0 : 14320, 2, 2026/07/20, 16:55:06.261, 346951355567, vstest.console.dll, MetadataReaderExtensionsHelper: Discovering extensions inside assembly 'Microsoft.TestPlatform.TestHostRuntimeProvider, Version=15.0.0.0, Culture=neutral, PublicKeyToken=b03f5f7f11d50a3a' file path 'C:\Program Files\dotnet\sdk\10.0.400-preview.0.26322.102\Extensions\Microsoft.TestPlatform.TestHostRuntimeProvider.dll'
TpTrace Information: 0 : 14320, 2, 2026/07/20, 16:55:06.264, 346951390386, vstest.console.dll, GetTestExtensionFromType: Register extension with identifier data 'HostProvider://DefaultTestHost' and type 'Microsoft.VisualStudio.TestPlatform.CrossPlatEngine.Hosting.DefaultTestHostManager, Microsoft.TestPlatform.TestHostRuntimeProvider, Version=15.0.0.0, Culture=neutral, PublicKeyToken=b03f5f7f11d50a3a' inside file 'C:\Program Files\dotnet\sdk\10.0.400-preview.0.26322.102\Extensions\Microsoft.TestPlatform.TestHostRuntimeProvider.dll'
TpTrace Information: 0 : 14320, 2, 2026/07/20, 16:55:06.265, 346951397351, vstest.console.dll, GetTestExtensionFromType: Register extension with identifier data 'HostProvider://DotnetTestHost' and type 'Microsoft.VisualStudio.TestPlatform.CrossPlatEngine.Hosting.DotnetTestHostManager, Microsoft.TestPlatform.TestHostRuntimeProvider, Version=15.0.0.0, Culture=neutral, PublicKeyToken=b03f5f7f11d50a3a' inside file 'C:\Program Files\dotnet\sdk\10.0.400-preview.0.26322.102\Extensions\Microsoft.TestPlatform.TestHostRuntimeProvider.dll'
TpTrace Information: 0 : 14320, 2, 2026/07/20, 16:55:06.265, 346951399247, vstest.console.dll, AssemblyResolver.OnResolve: Microsoft.VisualStudio.TestPlatform.Extensions.Html.TestLogger: Resolving assembly.
TpTrace Information: 0 : 14320, 2, 2026/07/20, 16:55:06.265, 346951400075, vstest.console.dll, AssemblyResolver.OnResolve: Microsoft.VisualStudio.TestPlatform.Extensions.Html.TestLogger: Searching in: 'C:\Program Files\dotnet\sdk\10.0.400-preview.0.26322.102\Extensions'.
TpTrace Information: 0 : 14320, 2, 2026/07/20, 16:55:06.266, 346951408659, vstest.console.dll, AssemblyResolver.OnResolve: Microsoft.VisualStudio.TestPlatform.Extensions.Html.TestLogger: Loading assembly 'C:\Program Files\dotnet\sdk\10.0.400-preview.0.26322.102\Extensions\Microsoft.VisualStudio.TestPlatform.Extensions.Html.TestLogger.dll'.
TpTrace Information: 0 : 14320, 2, 2026/07/20, 16:55:06.267, 346951418382, vstest.console.dll, AssemblyResolver.TrackProvidedDependency: Resolved 'Microsoft.VisualStudio.TestPlatform.Extensions.Html.TestLogger' from 'C:\Program Files\dotnet\sdk\10.0.400-preview.0.26322.102\Extensions' for 'unknown'.
TpTrace Information: 0 : 14320, 2, 2026/07/20, 16:55:06.267, 346951419610, vstest.console.dll, AssemblyResolver.OnResolve: Resolved assembly: Microsoft.VisualStudio.TestPlatform.Extensions.Html.TestLogger, from path: C:\Program Files\dotnet\sdk\10.0.400-preview.0.26322.102\Extensions\Microsoft.VisualStudio.TestPlatform.Extensions.Html.TestLogger.dll
TpTrace Verbose: 0 : 14320, 2, 2026/07/20, 16:55:06.267, 346951420732, vstest.console.dll, MetadataReaderExtensionsHelper: Discovering extensions inside assembly 'Microsoft.VisualStudio.TestPlatform.Extensions.Html.TestLogger, Version=15.0.0.0, Culture=neutral, PublicKeyToken=b03f5f7f11d50a3a' file path 'C:\Program Files\dotnet\sdk\10.0.400-preview.0.26322.102\Extensions\Microsoft.VisualStudio.TestPlatform.Extensions.Html.TestLogger.dll'
TpTrace Information: 0 : 14320, 2, 2026/07/20, 16:55:06.271, 346951462879, vstest.console.dll, AssemblyResolver.OnResolve: Microsoft.VisualStudio.TestPlatform.Extensions.Trx.TestLogger: Resolving assembly.
TpTrace Information: 0 : 14320, 2, 2026/07/20, 16:55:06.272, 346951464701, vstest.console.dll, AssemblyResolver.OnResolve: Microsoft.VisualStudio.TestPlatform.Extensions.Trx.TestLogger: Searching in: 'C:\Program Files\dotnet\sdk\10.0.400-preview.0.26322.102\Extensions'.
TpTrace Information: 0 : 14320, 2, 2026/07/20, 16:55:06.273, 346951478263, vstest.console.dll, AssemblyResolver.OnResolve: Microsoft.VisualStudio.TestPlatform.Extensions.Trx.TestLogger: Loading assembly 'C:\Program Files\dotnet\sdk\10.0.400-preview.0.26322.102\Extensions\Microsoft.VisualStudio.TestPlatform.Extensions.Trx.TestLogger.dll'.
TpTrace Information: 0 : 14320, 2, 2026/07/20, 16:55:06.275, 346951496838, vstest.console.dll, AssemblyResolver.TrackProvidedDependency: Resolved 'Microsoft.VisualStudio.TestPlatform.Extensions.Trx.TestLogger' from 'C:\Program Files\dotnet\sdk\10.0.400-preview.0.26322.102\Extensions' for 'unknown'.
TpTrace Information: 0 : 14320, 2, 2026/07/20, 16:55:06.275, 346951498395, vstest.console.dll, AssemblyResolver.OnResolve: Resolved assembly: Microsoft.VisualStudio.TestPlatform.Extensions.Trx.TestLogger, from path: C:\Program Files\dotnet\sdk\10.0.400-preview.0.26322.102\Extensions\Microsoft.VisualStudio.TestPlatform.Extensions.Trx.TestLogger.dll
TpTrace Verbose: 0 : 14320, 2, 2026/07/20, 16:55:06.275, 346951499523, vstest.console.dll, MetadataReaderExtensionsHelper: Discovering extensions inside assembly 'Microsoft.VisualStudio.TestPlatform.Extensions.Trx.TestLogger, Version=15.0.0.0, Culture=neutral, PublicKeyToken=b03f5f7f11d50a3a' file path 'C:\Program Files\dotnet\sdk\10.0.400-preview.0.26322.102\Extensions\Microsoft.VisualStudio.TestPlatform.Extensions.Trx.TestLogger.dll'
TpTrace Verbose: 0 : 14320, 2, 2026/07/20, 16:55:06.279, 346951540791, vstest.console.dll, TestPluginCache: Discovered the extensions using extension path ''.
TpTrace Verbose: 0 : 14320, 2, 2026/07/20, 16:55:06.279, 346951542848, vstest.console.dll, TestPluginCache: Discoverers are ''.
TpTrace Verbose: 0 : 14320, 2, 2026/07/20, 16:55:06.279, 346951543616, vstest.console.dll, TestPluginCache: Executors are ''.
TpTrace Verbose: 0 : 14320, 2, 2026/07/20, 16:55:06.280, 346951544162, vstest.console.dll, TestPluginCache: Executors2 are ''.
TpTrace Verbose: 0 : 14320, 2, 2026/07/20, 16:55:06.280, 346951544637, vstest.console.dll, TestPluginCache: Setting providers are ''.
TpTrace Verbose: 0 : 14320, 2, 2026/07/20, 16:55:06.280, 346951545128, vstest.console.dll, TestPluginCache: Loggers are ''.
TpTrace Verbose: 0 : 14320, 2, 2026/07/20, 16:55:06.280, 346951549378, vstest.console.dll, TestPluginCache: TestHosts are 'HostProvider://DefaultTestHost,HostProvider://DotnetTestHost'.
TpTrace Verbose: 0 : 14320, 2, 2026/07/20, 16:55:06.280, 346951550515, vstest.console.dll, TestPluginCache: DataCollectors are ''.
TpTrace Information: 0 : 14320, 2, 2026/07/20, 16:55:06.312, 346951867884, vstest.console.dll, RunTestsArgumentProcessor:Execute: Test run is starting.
TpTrace Verbose: 0 : 14320, 2, 2026/07/20, 16:55:06.312, 346951869212, vstest.console.dll, RunTestsArgumentProcessor:Execute: Queuing Test run.
TpTrace Information: 0 : 14320, 2, 2026/07/20, 16:55:06.312, 346951872927, vstest.console.dll, TestRequestManager.RunTests: run tests started.
TpTrace Information: 0 : 14320, 2, 2026/07/20, 16:55:06.315, 346951894346, vstest.console.dll, AssemblyMetadataProvider.GetFrameworkName: Determined framework:'.NETCoreApp,Version=v10.0' for source: 'C:\Integral2u\source\repos\SharpMind\SharpMind.Tests\bin\Debug\net10.0\SharpMind.Tests.dll'
TpTrace Information: 0 : 14320, 2, 2026/07/20, 16:55:06.315, 346951896986, vstest.console.dll, Determined framework for all sources: .NETCoreApp,Version=v10.0
TpTrace Verbose: 0 : 14320, 2, 2026/07/20, 16:55:06.318, 346951925228, vstest.console.dll, TestRequestManager.UpdateRunSettingsIfRequired: Default architecture: X64 IsDefaultTargetArchitecture: True, Current process architecture: X64 OperatingSystem: Windows.
TpTrace Information: 0 : 14320, 2, 2026/07/20, 16:55:06.325, 346951994758, vstest.console.dll, AssemblyMetadataProvider.GetArchitecture: Determined architecture:AnyCPU info for assembly: C:\Integral2u\source\repos\SharpMind\SharpMind.Tests\bin\Debug\net10.0\SharpMind.Tests.dll
TpTrace Information: 0 : 14320, 2, 2026/07/20, 16:55:06.325, 346951996344, vstest.console.dll, Determined platform for source 'C:\Integral2u\source\repos\SharpMind\SharpMind.Tests\bin\Debug\net10.0\SharpMind.Tests.dll' was AnyCPU and it will use the default plaform X64.
TpTrace Information: 0 : 14320, 2, 2026/07/20, 16:55:06.325, 346951996868, vstest.console.dll, None of the sources provided any runnable platform, using the default platform: X64
TpTrace Information: 0 : 14320, 2, 2026/07/20, 16:55:06.325, 346951999382, vstest.console.dll, Platform was updated to 'X64'.
TpTrace Information: 0 : 14320, 2, 2026/07/20, 16:55:06.330, 346952048291, vstest.console.dll, Compatible sources list: 
TpTrace Information: 0 : 14320, 2, 2026/07/20, 16:55:06.330, 346952049996, vstest.console.dll, C:\Integral2u\source\repos\SharpMind\SharpMind.Tests\bin\Debug\net10.0\SharpMind.Tests.dll
TpTrace Information: 0 : 14320, 2, 2026/07/20, 16:55:06.339, 346952140175, vstest.console.dll, InferRunSettingsHelper.IsTestSettingsEnabled: Unable to navigate to RunSettings/MSTest. Current node: RunSettings
TpTrace Information: 0 : 14320, 2, 2026/07/20, 16:55:06.341, 346952156150, vstest.console.dll, AssemblyResolver.OnResolve: Microsoft.VisualStudio.TestPlatform.Fakes: Resolving assembly.
TpTrace Information: 0 : 14320, 2, 2026/07/20, 16:55:06.341, 346952157727, vstest.console.dll, AssemblyResolver.OnResolve: Microsoft.VisualStudio.TestPlatform.Fakes: Searching in: 'C:\Program Files\dotnet\sdk\10.0.400-preview.0.26322.102\Extensions'.
TpTrace Information: 0 : 14320, 2, 2026/07/20, 16:55:06.341, 346952159950, vstest.console.dll, AssemblyResolver.OnResolve: Microsoft.VisualStudio.TestPlatform.Fakes: Assembly path does not exist: 'C:\Program Files\dotnet\sdk\10.0.400-preview.0.26322.102\Extensions\Microsoft.VisualStudio.TestPlatform.Fakes.dll', returning.
TpTrace Information: 0 : 14320, 2, 2026/07/20, 16:55:06.341, 346952161474, vstest.console.dll, AssemblyResolver.OnResolve: Microsoft.VisualStudio.TestPlatform.Fakes: Assembly path does not exist: 'C:\Program Files\dotnet\sdk\10.0.400-preview.0.26322.102\Extensions\Microsoft.VisualStudio.TestPlatform.Fakes.exe', returning.
TpTrace Information: 0 : 14320, 2, 2026/07/20, 16:55:06.341, 346952162189, vstest.console.dll, AssemblyResolver.OnResolve: Microsoft.VisualStudio.TestPlatform.Fakes: Searching in: 'C:\Program Files\dotnet\sdk\10.0.400-preview.0.26322.102'.
TpTrace Information: 0 : 14320, 2, 2026/07/20, 16:55:06.341, 346952163720, vstest.console.dll, AssemblyResolver.OnResolve: Microsoft.VisualStudio.TestPlatform.Fakes: Assembly path does not exist: 'C:\Program Files\dotnet\sdk\10.0.400-preview.0.26322.102\Microsoft.VisualStudio.TestPlatform.Fakes.dll', returning.
TpTrace Information: 0 : 14320, 2, 2026/07/20, 16:55:06.342, 346952165217, vstest.console.dll, AssemblyResolver.OnResolve: Microsoft.VisualStudio.TestPlatform.Fakes: Assembly path does not exist: 'C:\Program Files\dotnet\sdk\10.0.400-preview.0.26322.102\Microsoft.VisualStudio.TestPlatform.Fakes.exe', returning.
TpTrace Information: 0 : 14320, 2, 2026/07/20, 16:55:06.342, 346952165891, vstest.console.dll, AssemblyResolver.OnResolve: Microsoft.VisualStudio.TestPlatform.Fakes: Failed to load assembly.
TpTrace Information: 0 : 14320, 2, 2026/07/20, 16:55:06.342, 346952171045, vstest.console.dll, Failed to load assembly Microsoft.VisualStudio.TestPlatform.Fakes, Version=18.0.0.0, Culture=neutral. Reason:System.IO.FileNotFoundException: Could not load file or assembly 'Microsoft.VisualStudio.TestPlatform.Fakes, Version=18.0.0.0, Culture=neutral, PublicKeyToken=null'. The system cannot find the file specified.
File name: 'Microsoft.VisualStudio.TestPlatform.Fakes, Version=18.0.0.0, Culture=neutral, PublicKeyToken=null'
   at System.Reflection.RuntimeAssembly.InternalLoad(AssemblyName assemblyName, StackCrawlMark& stackMark, AssemblyLoadContext assemblyLoadContext, RuntimeAssembly requestingAssembly, Boolean throwOnFileNotFound)
   at System.Reflection.Assembly.Load(AssemblyName assemblyRef)
   at Microsoft.VisualStudio.TestPlatform.Common.Utilities.FakesUtilities.LoadTestPlatformAssembly() in /_/src/vstest/src/Microsoft.TestPlatform.Common/Utilities/FakesUtilities.cs:line 200
TpTrace Verbose: 0 : 14320, 2, 2026/07/20, 16:55:06.345, 346952201869, vstest.console.dll, TestPluginCache: Update extensions started. Skip filter = False
TpTrace Verbose: 0 : 14320, 2, 2026/07/20, 16:55:06.349, 346952236858, vstest.console.dll, TestPluginCache: Using directories for assembly resolution 'C:\Users\tarra\.nuget\packages\coverlet.collector\10.0.0\build\net10.0'.
TpTrace Verbose: 0 : 14320, 2, 2026/07/20, 16:55:06.349, 346952238189, vstest.console.dll, TestPluginCache: Updated the available extensions to 'C:\Users\tarra\.nuget\packages\coverlet.collector\10.0.0\build\net10.0\coverlet.collector.dll'.
TpTrace Verbose: 0 : 14320, 2, 2026/07/20, 16:55:06.376, 346952513500, vstest.console.dll, TestEngine: Initializing Parallel Execution as MaxCpuCount is set to: 1
TpTrace Information: 0 : 14320, 2, 2026/07/20, 16:55:06.379, 346952540415, vstest.console.dll, TestPluginManager.CreateTestExtension: Attempting to load test extension: Microsoft.VisualStudio.TestPlatform.CrossPlatEngine.Hosting.DefaultTestHostManager
TpTrace Information: 0 : 14320, 2, 2026/07/20, 16:55:06.381, 346952555029, vstest.console.dll, TestPluginManager.CreateTestExtension: Attempting to load test extension: Microsoft.VisualStudio.TestPlatform.CrossPlatEngine.Hosting.DotnetTestHostManager
TpTrace Verbose: 0 : 14320, 2, 2026/07/20, 16:55:06.381, 346952560181, vstest.console.dll, TestHostManagerCallbacks.ctor: Forwarding output is enabled.
TpTrace Information: 0 : 14320, 2, 2026/07/20, 16:55:06.382, 346952568487, vstest.console.dll, InferRunSettingsHelper.IsTestSettingsEnabled: Unable to navigate to RunSettings/MSTest. Current node: RunSettings
TpTrace Verbose: 0 : 14320, 2, 2026/07/20, 16:55:06.383, 346952582031, vstest.console.dll, ParallelOperationManager.ClearSlots: Clearing all slots. Slots should accept more work: True
TpTrace Verbose: 0 : 14320, 2, 2026/07/20, 16:55:06.388, 346952634065, vstest.console.dll, ParallelOperationManager.SetOccupiedSlotCount: Setting slot counts AvailableSlotCount = 1, OccupiedSlotCount = 0.
TpTrace Verbose: 0 : 14320, 2, 2026/07/20, 16:55:06.390, 346952644921, vstest.console.dll, Occupied slots:

TpTrace Verbose: 0 : 14320, 2, 2026/07/20, 16:55:06.398, 346952725302, vstest.console.dll, TestEngine.GetExecutionManager: Chosen execution manager 'Microsoft.VisualStudio.TestPlatform.CrossPlatEngine.Client.Parallel.ParallelProxyExecutionManager, Microsoft.TestPlatform.CrossPlatEngine, Version=15.0.0.0, Culture=neutral, PublicKeyToken=b03f5f7f11d50a3a' ParallelLevel '1'.
TpTrace Verbose: 0 : 14320, 2, 2026/07/20, 16:55:06.398, 346952729147, vstest.console.dll, TestPlatform.GetSkipDefaultAdapters: Not skipping default adapters SkipDefaultAdapters was false.
TpTrace Verbose: 0 : 14320, 2, 2026/07/20, 16:55:06.398, 346952730967, vstest.console.dll, TestRunRequest.ExecuteAsync: Creating test run request.
TpTrace Verbose: 0 : 14320, 2, 2026/07/20, 16:55:06.399, 346952740408, vstest.console.dll, TestRunRequest.ExecuteAsync: Starting.
TpTrace Information: 0 : 14320, 2, 2026/07/20, 16:55:06.400, 346952745756, vstest.console.dll, TestRunRequest.ExecuteAsync: Starting run with settings:TestRunCriteria:
   KeepAlive=False,FrequencyOfRunStatsChangeEvent=10,RunStatsChangeEventTimeout=00:00:01.5000000,TestCaseFilter=,TestExecutorLauncher=
   Settingsxml=<RunSettings>
  <RunConfiguration>
    <ResultsDirectory>C:\Integral2u\source\repos\SharpMind\SharpMind.Tests\TestResults</ResultsDirectory>
    <TargetPlatform>X64</TargetPlatform>
    <TargetFrameworkVersion>.NETCoreApp,Version=v10.0</TargetFrameworkVersion>
    <TestAdaptersPaths>C:\Users\tarra\.nuget\packages\coverlet.collector\10.0.0\build\net10.0\</TestAdaptersPaths>
    <DesignMode>False</DesignMode>
    <CollectSourceInformation>False</CollectSourceInformation>
  </RunConfiguration>
  <LoggerRunSettings>
    <Loggers>
      <Logger friendlyName="Console" assemblyQualifiedName="Microsoft.VisualStudio.TestPlatform.CommandLine.Internal.ConsoleLogger, vstest.console, Version=15.0.0.0, Culture=neutral, PublicKeyToken=b03f5f7f11d50a3a" codeBase="C:\Program Files\dotnet\sdk\10.0.400-preview.0.26322.102\vstest.console.dll" enabled="True">
        <Configuration>
          <Verbosity>minimal</Verbosity>
        </Configuration>
      </Logger>
    </Loggers>
  </LoggerRunSettings>
</RunSettings>

TpTrace Verbose: 0 : 14320, 2, 2026/07/20, 16:55:06.400, 346952746793, vstest.console.dll, TestRunRequest.ExecuteAsync: Wait for the first run request is over.
TpTrace Verbose: 0 : 14320, 2, 2026/07/20, 16:55:06.400, 346952752287, vstest.console.dll, MulticastDelegateUtilities.SafeInvoke: TestRun.TestRunStart: Invoking callbacks was skipped because there are no subscribers.
TpTrace Verbose: 0 : 14320, 4, 2026/07/20, 16:55:06.401, 346952758487, vstest.console.dll, MulticastDelegateUtilities.SafeInvoke: InternalTestLoggerEvents.SendTestRunStart: Invoking callback 1/1 for Microsoft.VisualStudio.TestPlatform.CommandLine.Internal.ConsoleLogger., took 0 ms.
TpTrace Verbose: 0 : 14320, 2, 2026/07/20, 16:55:06.406, 346952805898, vstest.console.dll, ParallelProxyExecutionManager: Start execution. Total sources: 1
TpTrace Verbose: 0 : 14320, 2, 2026/07/20, 16:55:06.407, 346952818876, vstest.console.dll, ParallelOperationManager.StartWork: Starting adding 1 workloads.
TpTrace Verbose: 0 : 14320, 2, 2026/07/20, 16:55:06.407, 346952821484, vstest.console.dll, ParallelOperationManager.ClearSlots: Clearing all slots. Slots should accept more work: True
TpTrace Verbose: 0 : 14320, 2, 2026/07/20, 16:55:06.407, 346952823645, vstest.console.dll, ParallelOperationManager.SetOccupiedSlotCount: Setting slot counts AvailableSlotCount = 1, OccupiedSlotCount = 0.
TpTrace Verbose: 0 : 14320, 2, 2026/07/20, 16:55:06.408, 346952824528, vstest.console.dll, Occupied slots:

TpTrace Verbose: 0 : 14320, 2, 2026/07/20, 16:55:06.411, 346952855971, vstest.console.dll, TestHostManagerCallbacks.ctor: Forwarding output is enabled.
TpTrace Verbose: 0 : 14320, 2, 2026/07/20, 16:55:06.411, 346952861331, vstest.console.dll, TestRequestSender is acting as server.
TpTrace Verbose: 0 : 14320, 2, 2026/07/20, 16:55:06.412, 346952867850, vstest.console.dll, ParallelOperationManager.RunWorkInParallel: Adding 1 workload to slot, remaining workloads 0.
TpTrace Verbose: 0 : 14320, 2, 2026/07/20, 16:55:06.412, 346952869080, vstest.console.dll, ParallelOperationManager.SetOccupiedSlotCount: Setting slot counts AvailableSlotCount = 0, OccupiedSlotCount = 1.
TpTrace Verbose: 0 : 14320, 2, 2026/07/20, 16:55:06.412, 346952870694, vstest.console.dll, Occupied slots:
0: C:\Integral2u\source\repos\SharpMind\SharpMind.Tests\bin\Debug\net10.0\SharpMind.Tests.dll
TpTrace Verbose: 0 : 14320, 2, 2026/07/20, 16:55:06.415, 346952899395, vstest.console.dll, ParallelOperationManager.RunWorkInParallel: Started host in slot number 0 for work (source): C:\Integral2u\source\repos\SharpMind\SharpMind.Tests\bin\Debug\net10.0\SharpMind.Tests.dll.
TpTrace Verbose: 0 : 14320, 2, 2026/07/20, 16:55:06.416, 346952912167, vstest.console.dll, ParallelOperationManager.RunWorkInParallel: We started 1 work items, which is the max parallel level. Won't start more work.
TpTrace Verbose: 0 : 14320, 2, 2026/07/20, 16:55:06.416, 346952913812, vstest.console.dll, ParallelOperationManager.RunWorkInParallel: We started 1 work items in here, returning True.
TpTrace Information: 0 : 14320, 2, 2026/07/20, 16:55:06.417, 346952914598, vstest.console.dll, TestRunRequest.ExecuteAsync: Started.
TpTrace Verbose: 0 : 14320, 2, 2026/07/20, 16:55:06.417, 346952916370, vstest.console.dll, TestRunRequest.WaitForCompletion: Waiting with timeout -1.
TpTrace Verbose: 0 : 14320, 5, 2026/07/20, 16:55:06.418, 346952925959, vstest.console.dll, ParallelProxyExecutionManager.StartTestRunOnConcurrentManager: Initializing uninitialized client. Started clients: 0
TpTrace Verbose: 0 : 14320, 5, 2026/07/20, 16:55:06.421, 346952959766, vstest.console.dll, ParallelProxyExecutionManager.StartTestRunOnConcurrentManager: Initializing test run. Started clients: 0
TpTrace Verbose: 0 : 14320, 5, 2026/07/20, 16:55:06.421, 346952963127, vstest.console.dll, ProxyExecutionManager: Test host is always Lazy initialize.
TpTrace Verbose: 0 : 14320, 5, 2026/07/20, 16:55:06.422, 346952971168, vstest.console.dll, TestRequestSender.InitializeCommunication: initialize communication. 
TpTrace Information: 0 : 14320, 5, 2026/07/20, 16:55:06.447, 346953215134, vstest.console.dll, SocketServer.Start: Listening on endpoint : 127.0.0.1:54988
TpTrace Verbose: 0 : 14320, 5, 2026/07/20, 16:55:06.462, 346953366377, vstest.console.dll, DotnetTestHostmanager.GetTestHostProcessStartInfo: Platform environment 'X64' target architecture 'X64' framework '.NETCoreApp,Version=v10.0' OS 'Windows'
TpTrace Verbose: 0 : 14320, 5, 2026/07/20, 16:55:06.462, 346953369102, vstest.console.dll, DotnetTestHostmanager.LaunchTestHostAsync: VSTEST_DOTNET_ROOT_PATH=C:\Program Files\dotnet
TpTrace Verbose: 0 : 14320, 5, 2026/07/20, 16:55:06.462, 346953369821, vstest.console.dll, DotnetTestHostmanager.LaunchTestHostAsync: VSTEST_DOTNET_ROOT_ARCHITECTURE=X64
TpTrace Verbose: 0 : 14320, 5, 2026/07/20, 16:55:06.462, 346953371543, vstest.console.dll, DotnetTestHostManager.SetDotnetRootForArchitecture: Adding DOTNET_ROOT_X64=C:\Program Files\dotnet to testhost start info.
TpTrace Verbose: 0 : 14320, 5, 2026/07/20, 16:55:06.463, 346953375114, vstest.console.dll, DotnetTestHostmanager: Adding  --runtimeconfig "C:\Integral2u\source\repos\SharpMind\SharpMind.Tests\bin\Debug\net10.0\SharpMind.Tests.runtimeconfig.json" in args
TpTrace Verbose: 0 : 14320, 5, 2026/07/20, 16:55:06.463, 346953376798, vstest.console.dll, DotnetTestHostmanager: Adding  --depsfile "C:\Integral2u\source\repos\SharpMind\SharpMind.Tests\bin\Debug\net10.0\SharpMind.Tests.deps.json" in args
TpTrace Verbose: 0 : 14320, 5, 2026/07/20, 16:55:06.463, 346953379865, vstest.console.dll, DotnetTestHostmanager.IsWinOnArm: Current PROCESSOR_ARCHITECTURE from environment variable 'AMD64'
TpTrace Verbose: 0 : 14320, 5, 2026/07/20, 16:55:06.463, 346953381078, vstest.console.dll, DotnetTestHostmanager.IsWinOnArm: Is Windows on ARM 'False'
TpTrace Verbose: 0 : 14320, 5, 2026/07/20, 16:55:06.463, 346953383046, vstest.console.dll, DotnetTestHostManager: testhost.exe found at path: C:\Integral2u\source\repos\SharpMind\SharpMind.Tests\bin\Debug\net10.0\testhost.exe
TpTrace Verbose: 0 : 14320, 5, 2026/07/20, 16:55:06.463, 346953383860, vstest.console.dll, DotnetTestHostmanager: Full path of host exe is C:\Integral2u\source\repos\SharpMind\SharpMind.Tests\bin\Debug\net10.0\testhost.exe
TpTrace Verbose: 0 : 14320, 5, 2026/07/20, 16:55:06.471, 346953460321, vstest.console.dll, DotnetTestHostManager: Starting process '0' with command line '1' and DOTNET environment: DOTNET_ROOT_X64=C:\Program Files\dotnet, DOTNET_ROOT=C:\Program Files\dotnet 
TpTrace Verbose: 0 : 14320, 5, 2026/07/20, 16:55:06.471, 346953461992, vstest.console.dll, DotnetTestHostManager: Launching testhost with CreateNoWindow=True
TpTrace Verbose: 0 : 14320, 5, 2026/07/20, 16:55:06.513, 346953879911, vstest.console.dll, Test Runtime launched
TpTrace Verbose: 0 : 14320, 5, 2026/07/20, 16:55:06.513, 346953882403, vstest.console.dll, MulticastDelegateUtilities.SafeInvoke: HostProviderEvents.OnHostLaunched: Invoking callback 1/1 for Microsoft.VisualStudio.TestPlatform.CrossPlatEngine.Client.ProxyOperationManager., took 0 ms.
TpTrace Verbose: 0 : 14320, 5, 2026/07/20, 16:55:06.514, 346953888730, vstest.console.dll, TestRequestSender.WaitForRequestHandlerConnection: waiting for connection with timeout: 90000.
TpTrace Verbose: 0 : 14320, 5, 2026/07/20, 16:55:06.956, 346958306688, vstest.console.dll, TestRequestSender.WaitForRequestHandlerConnection: waiting took 441 ms, with timeout 90000 ms, and result 0, which is success.
TpTrace Verbose: 0 : 14320, 11, 2026/07/20, 16:55:06.956, 346958310333, vstest.console.dll, MulticastDelegateUtilities.SafeInvoke: SocketServer: ClientConnected: Invoking callback 1/1 for Microsoft.VisualStudio.TestPlatform.CommunicationUtilities.TestRequestSender., took 0 ms.
TpTrace Verbose: 0 : 14320, 11, 2026/07/20, 16:55:06.956, 346958311611, vstest.console.dll, SocketServer.OnClientConnected: Client connected for endPoint: 127.0.0.1:54988, starting MessageLoopAsync:
TpTrace Verbose: 0 : 14320, 11, 2026/07/20, 16:55:06.959, 346958340531, vstest.console.dll, TcpClientExtensions.MessageLoopAsync: Polling on remoteEndPoint: 127.0.0.1:54989 localEndPoint: 127.0.0.1:54988 after 0 ms
TpTrace Verbose: 0 : 14320, 5, 2026/07/20, 16:55:07.055, 346959303047, vstest.console.dll, TestRequestSender.CheckVersionWithTestHost: Sending check version message: {"MessageType":"ProtocolVersion","Payload":7}
TpTrace Verbose: 0 : 14320, 11, 2026/07/20, 16:55:07.345, 346962198408, vstest.console.dll, TcpClientExtensions.MessageLoopAsync: NotifyDataAvailable remoteEndPoint: 127.0.0.1:54989 localEndPoint: 127.0.0.1:54988
TpTrace Verbose: 0 : 14320, 11, 2026/07/20, 16:55:07.346, 346962204937, vstest.console.dll, TestRequestSender.CheckVersionWithTestHost: onMessageReceived received message: (ProtocolVersion) -> {"MessageType":"ProtocolVersion","Payload":7}
TpTrace Verbose: 0 : 14320, 11, 2026/07/20, 16:55:07.356, 346962312640, vstest.console.dll, MulticastDelegateUtilities.SafeInvoke: LengthPrefixCommunicationChannel: MessageReceived: Invoking callback 1/1 for Microsoft.VisualStudio.TestPlatform.CommunicationUtilities.TestRequestSender+<>c__DisplayClass29_0., took 10 ms.
TpTrace Verbose: 0 : 14320, 5, 2026/07/20, 16:55:07.357, 346962314829, vstest.console.dll, TestPluginCache.GetExtensionPaths: Filtered extension paths: 
TpTrace Verbose: 0 : 14320, 5, 2026/07/20, 16:55:07.357, 346962315861, vstest.console.dll, TestPluginCache.GetExtensionPaths: Added default extension paths: C:\Program Files\dotnet\sdk\10.0.400-preview.0.26322.102\Extensions\Microsoft.Diagnostics.NETCore.Client.dll
C:\Program Files\dotnet\sdk\10.0.400-preview.0.26322.102\Extensions\Microsoft.TestPlatform.Extensions.BlameDataCollector.dll
C:\Program Files\dotnet\sdk\10.0.400-preview.0.26322.102\Extensions\Microsoft.TestPlatform.Extensions.EventLogCollector.dll
C:\Program Files\dotnet\sdk\10.0.400-preview.0.26322.102\Extensions\Microsoft.TestPlatform.TestHostRuntimeProvider.dll
C:\Program Files\dotnet\sdk\10.0.400-preview.0.26322.102\Extensions\Microsoft.VisualStudio.TestPlatform.Extensions.Html.TestLogger.dll
C:\Program Files\dotnet\sdk\10.0.400-preview.0.26322.102\Extensions\Microsoft.VisualStudio.TestPlatform.Extensions.Trx.TestLogger.dll
TpTrace Verbose: 0 : 14320, 11, 2026/07/20, 16:55:07.357, 346962315027, vstest.console.dll, TcpClientExtensions.MessageLoopAsync: Polling on remoteEndPoint: 127.0.0.1:54989 localEndPoint: 127.0.0.1:54988 after 397 ms
TpTrace Verbose: 0 : 14320, 5, 2026/07/20, 16:55:07.357, 346962317072, vstest.console.dll, TestPluginCache.GetExtensionPaths: Added unfilterableExtensionPaths: 
TpTrace Verbose: 0 : 14320, 11, 2026/07/20, 16:55:07.361, 346962360547, vstest.console.dll, TcpClientExtensions.MessageLoopAsync: NotifyDataAvailable remoteEndPoint: 127.0.0.1:54989 localEndPoint: 127.0.0.1:54988
TpTrace Verbose: 0 : 14320, 5, 2026/07/20, 16:55:07.369, 346962440828, vstest.console.dll, TestRequestSender.InitializeExecution: Sending initialize execution with message: {"Version":7,"MessageType":"TestExecution.Initialize","Payload":["C:\\Integral2u\\source\\repos\\SharpMind\\SharpMind.Tests\\bin\\Debug\\net10.0\\xunit.runner.visualstudio.testadapter.dll"]}
TpTrace Verbose: 0 : 14320, 5, 2026/07/20, 16:55:07.371, 346962464076, vstest.console.dll, ParallelProxyExecutionManager.StartTestRunOnConcurrentManager: Execution starting. Started clients: 1
TpTrace Warning: 0 : 14320, 5, 2026/07/20, 16:55:07.372, 346962472742, vstest.console.dll, InferRunSettingsHelper.MakeRunsettingsCompatible: Removing the following settings: TargetPlatform from RunSettings file. To use those settings please move to latest version of Microsoft.NET.Test.Sdk
TpTrace Verbose: 0 : 14320, 11, 2026/07/20, 16:55:07.374, 346962490325, vstest.console.dll, TestRequestSender.OnExecutionMessageReceived: Received message: {"Version":7,"MessageType":"TestSession.Message","Payload":{"MessageLevel":0,"Message":"Logging TestHost Diagnostics in file: C:\\Integral2u\\source\\repos\\SharpMind\\test-results.host.26-07-20_16-55-06_46131_5.txt"}}
TpTrace Verbose: 0 : 14320, 11, 2026/07/20, 16:55:07.381, 346962560346, vstest.console.dll, TestRunRequest:SendTestRunMessage: Starting.
TpTrace Verbose: 0 : 14320, 11, 2026/07/20, 16:55:07.381, 346962564096, vstest.console.dll, MulticastDelegateUtilities.SafeInvoke: TestRun.LogMessages: Invoking callback 1/1 for Microsoft.VisualStudio.TestPlatform.CommandLine.TestRunResultAggregator., took 0 ms.
TpTrace Information: 0 : 14320, 11, 2026/07/20, 16:55:07.382, 346962565114, vstest.console.dll, TestRunRequest:SendTestRunMessage: Completed.
TpTrace Verbose: 0 : 14320, 11, 2026/07/20, 16:55:07.382, 346962565937, vstest.console.dll, MulticastDelegateUtilities.SafeInvoke: LengthPrefixCommunicationChannel: MessageReceived: Invoking callback 1/1 for Microsoft.VisualStudio.TestPlatform.CommunicationUtilities.TestRequestSender+<>c__DisplayClass34_0., took 8 ms.
TpTrace Verbose: 0 : 14320, 11, 2026/07/20, 16:55:07.382, 346962566767, vstest.console.dll, TcpClientExtensions.MessageLoopAsync: Polling on remoteEndPoint: 127.0.0.1:54989 localEndPoint: 127.0.0.1:54988 after 24 ms
TpTrace Verbose: 0 : 14320, 4, 2026/07/20, 16:55:07.382, 346962567823, vstest.console.dll, MulticastDelegateUtilities.SafeInvoke: InternalTestLoggerEvents.SendTestRunMessage: Invoking callback 1/1 for Microsoft.VisualStudio.TestPlatform.CommandLine.Internal.ConsoleLogger., took 0 ms.
TpTrace Verbose: 0 : 14320, 5, 2026/07/20, 16:55:07.394, 346962686024, vstest.console.dll, TestRequestSender.StartTestRun: Sending test run with message: {"Version":7,"MessageType":"TestExecution.StartWithSources","Payload":{"AdapterSourceMap":{"_none_":["C:\\Integral2u\\source\\repos\\SharpMind\\SharpMind.Tests\\bin\\Debug\\net10.0\\SharpMind.Tests.dll"]},"RunSettings":"<RunSettings>\r\n  <RunConfiguration>\r\n    <ResultsDirectory>C:\\Integral2u\\source\\repos\\SharpMind\\SharpMind.Tests\\TestResults</ResultsDirectory>\r\n    <TargetFrameworkVersion>.NETCoreApp,Version=v10.0</TargetFrameworkVersion>\r\n    <TestAdaptersPaths>C:\\Users\\tarra\\.nuget\\packages\\coverlet.collector\\10.0.0\\build\\net10.0\\</TestAdaptersPaths>\r\n    <DesignMode>False</DesignMode>\r\n    <CollectSourceInformation>False</CollectSourceInformation>\r\n  </RunConfiguration>\r\n  <LoggerRunSettings>\r\n    <Loggers>\r\n      <Logger friendlyName=\"Console\" assemblyQualifiedName=\"Microsoft.VisualStudio.TestPlatform.CommandLine.Internal.ConsoleLogger, vstest.console, Version=15.0.0.0, Culture=neutral, PublicKeyToken=b03f5f7f11d50a3a\" codeBase=\"C:\\Program Files\\dotnet\\sdk\\10.0.400-preview.0.26322.102\\vstest.console.dll\" enabled=\"True\">\r\n        <Configuration>\r\n          <Verbosity>minimal</Verbosity>\r\n        </Configuration>\r\n      </Logger>\r\n    </Loggers>\r\n  </LoggerRunSettings>\r\n</RunSettings>","TestExecutionContext":{"FrequencyOfRunStatsChangeEvent":10,"RunStatsChangeEventTimeout":"00:00:01.5000000","InIsolation":false,"KeepAlive":false,"AreTestCaseLevelEventsRequired":false,"IsDebug":false,"TestCaseFilter":null,"FilterOptions":null},"Package":null}}
TpTrace Verbose: 0 : 14320, 5, 2026/07/20, 16:55:07.394, 346962688908, vstest.console.dll, ParallelProxyExecutionManager.StartTestRunOnConcurrentManager: Execution started. Started clients: 1
TpTrace Verbose: 0 : 14320, 11, 2026/07/20, 16:55:07.914, 346967890423, vstest.console.dll, TcpClientExtensions.MessageLoopAsync: NotifyDataAvailable remoteEndPoint: 127.0.0.1:54989 localEndPoint: 127.0.0.1:54988
TpTrace Verbose: 0 : 14320, 11, 2026/07/20, 16:55:07.914, 346967892729, vstest.console.dll, TestRequestSender.OnExecutionMessageReceived: Received message: {"Version":7,"MessageType":"TestSession.Message","Payload":{"MessageLevel":0,"Message":"[xUnit.net 00:00:00.01] xUnit.net VSTest Adapter v3.1.5+1b188a7b0a (64-bit .NET 10.0.9)"}}
TpTrace Verbose: 0 : 14320, 11, 2026/07/20, 16:55:07.915, 346967896433, vstest.console.dll, TestRunRequest:SendTestRunMessage: Starting.
TpTrace Verbose: 0 : 14320, 11, 2026/07/20, 16:55:07.915, 346967897859, vstest.console.dll, MulticastDelegateUtilities.SafeInvoke: TestRun.LogMessages: Invoking callback 1/1 for Microsoft.VisualStudio.TestPlatform.CommandLine.TestRunResultAggregator., took 0 ms.
TpTrace Information: 0 : 14320, 11, 2026/07/20, 16:55:07.915, 346967898607, vstest.console.dll, TestRunRequest:SendTestRunMessage: Completed.
TpTrace Verbose: 0 : 14320, 4, 2026/07/20, 16:55:07.915, 346967898471, vstest.console.dll, MulticastDelegateUtilities.SafeInvoke: InternalTestLoggerEvents.SendTestRunMessage: Invoking callback 1/1 for Microsoft.VisualStudio.TestPlatform.CommandLine.Internal.ConsoleLogger., took 0 ms.
TpTrace Verbose: 0 : 14320, 11, 2026/07/20, 16:55:07.915, 346967899669, vstest.console.dll, MulticastDelegateUtilities.SafeInvoke: LengthPrefixCommunicationChannel: MessageReceived: Invoking callback 1/1 for Microsoft.VisualStudio.TestPlatform.CommunicationUtilities.TestRequestSender+<>c__DisplayClass34_0., took 0 ms.
TpTrace Verbose: 0 : 14320, 11, 2026/07/20, 16:55:07.915, 346967901064, vstest.console.dll, TcpClientExtensions.MessageLoopAsync: Polling on remoteEndPoint: 127.0.0.1:54989 localEndPoint: 127.0.0.1:54988 after 533 ms
TpTrace Verbose: 0 : 14320, 11, 2026/07/20, 16:55:08.917, 346977921103, vstest.console.dll, TcpClientExtensions.MessageLoopAsync: Polling on remoteEndPoint: 127.0.0.1:54989 localEndPoint: 127.0.0.1:54988 after 1001 ms
TpTrace Verbose: 0 : 14320, 11, 2026/07/20, 16:55:09.750, 346986245094, vstest.console.dll, TcpClientExtensions.MessageLoopAsync: NotifyDataAvailable remoteEndPoint: 127.0.0.1:54989 localEndPoint: 127.0.0.1:54988
TpTrace Verbose: 0 : 14320, 11, 2026/07/20, 16:55:09.750, 346986247754, vstest.console.dll, TestRequestSender.OnExecutionMessageReceived: Received message: {"Version":7,"MessageType":"TestSession.Message","Payload":{"MessageLevel":0,"Message":"[xUnit.net 00:00:01.84]   Discovering: SharpMind.Tests"}}
TpTrace Verbose: 0 : 14320, 11, 2026/07/20, 16:55:09.750, 346986249454, vstest.console.dll, TestRunRequest:SendTestRunMessage: Starting.
TpTrace Verbose: 0 : 14320, 11, 2026/07/20, 16:55:09.750, 346986250513, vstest.console.dll, MulticastDelegateUtilities.SafeInvoke: TestRun.LogMessages: Invoking callback 1/1 for Microsoft.VisualStudio.TestPlatform.CommandLine.TestRunResultAggregator., took 0 ms.
TpTrace Verbose: 0 : 14320, 4, 2026/07/20, 16:55:09.750, 346986250810, vstest.console.dll, MulticastDelegateUtilities.SafeInvoke: InternalTestLoggerEvents.SendTestRunMessage: Invoking callback 1/1 for Microsoft.VisualStudio.TestPlatform.CommandLine.Internal.ConsoleLogger., took 0 ms.
TpTrace Information: 0 : 14320, 11, 2026/07/20, 16:55:09.750, 346986251242, vstest.console.dll, TestRunRequest:SendTestRunMessage: Completed.
TpTrace Verbose: 0 : 14320, 11, 2026/07/20, 16:55:09.750, 346986253047, vstest.console.dll, MulticastDelegateUtilities.SafeInvoke: LengthPrefixCommunicationChannel: MessageReceived: Invoking callback 1/1 for Microsoft.VisualStudio.TestPlatform.CommunicationUtilities.TestRequestSender+<>c__DisplayClass34_0., took 0 ms.
TpTrace Verbose: 0 : 14320, 11, 2026/07/20, 16:55:09.750, 346986253735, vstest.console.dll, TcpClientExtensions.MessageLoopAsync: Polling on remoteEndPoint: 127.0.0.1:54989 localEndPoint: 127.0.0.1:54988 after 833 ms
TpTrace Verbose: 0 : 14320, 11, 2026/07/20, 16:55:10.756, 346996304588, vstest.console.dll, TcpClientExtensions.MessageLoopAsync: Polling on remoteEndPoint: 127.0.0.1:54989 localEndPoint: 127.0.0.1:54988 after 1004 ms
TpTrace Verbose: 0 : 14320, 11, 2026/07/20, 16:55:11.659, 347005341205, vstest.console.dll, TcpClientExtensions.MessageLoopAsync: NotifyDataAvailable remoteEndPoint: 127.0.0.1:54989 localEndPoint: 127.0.0.1:54988
TpTrace Verbose: 0 : 14320, 11, 2026/07/20, 16:55:11.659, 347005343213, vstest.console.dll, TestRequestSender.OnExecutionMessageReceived: Received message: {"Version":7,"MessageType":"TestSession.Message","Payload":{"MessageLevel":0,"Message":"[xUnit.net 00:00:03.75]   Discovered:  SharpMind.Tests"}}
TpTrace Verbose: 0 : 14320, 11, 2026/07/20, 16:55:11.660, 347005344866, vstest.console.dll, TestRunRequest:SendTestRunMessage: Starting.
TpTrace Verbose: 0 : 14320, 11, 2026/07/20, 16:55:11.660, 347005345814, vstest.console.dll, MulticastDelegateUtilities.SafeInvoke: TestRun.LogMessages: Invoking callback 1/1 for Microsoft.VisualStudio.TestPlatform.CommandLine.TestRunResultAggregator., took 0 ms.
TpTrace Information: 0 : 14320, 11, 2026/07/20, 16:55:11.660, 347005346424, vstest.console.dll, TestRunRequest:SendTestRunMessage: Completed.
TpTrace Verbose: 0 : 14320, 11, 2026/07/20, 16:55:11.660, 347005347175, vstest.console.dll, MulticastDelegateUtilities.SafeInvoke: LengthPrefixCommunicationChannel: MessageReceived: Invoking callback 1/1 for Microsoft.VisualStudio.TestPlatform.CommunicationUtilities.TestRequestSender+<>c__DisplayClass34_0., took 0 ms.
TpTrace Verbose: 0 : 14320, 11, 2026/07/20, 16:55:11.660, 347005347784, vstest.console.dll, TcpClientExtensions.MessageLoopAsync: Polling on remoteEndPoint: 127.0.0.1:54989 localEndPoint: 127.0.0.1:54988 after 904 ms
TpTrace Verbose: 0 : 14320, 4, 2026/07/20, 16:55:11.660, 347005349020, vstest.console.dll, MulticastDelegateUtilities.SafeInvoke: InternalTestLoggerEvents.SendTestRunMessage: Invoking callback 1/1 for Microsoft.VisualStudio.TestPlatform.CommandLine.Internal.ConsoleLogger., took 0 ms.
TpTrace Verbose: 0 : 14320, 11, 2026/07/20, 16:55:11.849, 347007235912, vstest.console.dll, TcpClientExtensions.MessageLoopAsync: NotifyDataAvailable remoteEndPoint: 127.0.0.1:54989 localEndPoint: 127.0.0.1:54988
TpTrace Verbose: 0 : 14320, 11, 2026/07/20, 16:55:11.849, 347007237795, vstest.console.dll, TestRequestSender.OnExecutionMessageReceived: Received message: {"Version":7,"MessageType":"TestSession.Message","Payload":{"MessageLevel":0,"Message":"[xUnit.net 00:00:03.94]   Starting:    SharpMind.Tests"}}
TpTrace Verbose: 0 : 14320, 11, 2026/07/20, 16:55:11.849, 347007239402, vstest.console.dll, TestRunRequest:SendTestRunMessage: Starting.
TpTrace Verbose: 0 : 14320, 11, 2026/07/20, 16:55:11.849, 347007240399, vstest.console.dll, MulticastDelegateUtilities.SafeInvoke: TestRun.LogMessages: Invoking callback 1/1 for Microsoft.VisualStudio.TestPlatform.CommandLine.TestRunResultAggregator., took 0 ms.
TpTrace Verbose: 0 : 14320, 4, 2026/07/20, 16:55:11.849, 347007240834, vstest.console.dll, MulticastDelegateUtilities.SafeInvoke: InternalTestLoggerEvents.SendTestRunMessage: Invoking callback 1/1 for Microsoft.VisualStudio.TestPlatform.CommandLine.Internal.ConsoleLogger., took 0 ms.
TpTrace Information: 0 : 14320, 11, 2026/07/20, 16:55:11.849, 347007241237, vstest.console.dll, TestRunRequest:SendTestRunMessage: Completed.
TpTrace Verbose: 0 : 14320, 11, 2026/07/20, 16:55:11.849, 347007242692, vstest.console.dll, MulticastDelegateUtilities.SafeInvoke: LengthPrefixCommunicationChannel: MessageReceived: Invoking callback 1/1 for Microsoft.VisualStudio.TestPlatform.CommunicationUtilities.TestRequestSender+<>c__DisplayClass34_0., took 0 ms.
TpTrace Verbose: 0 : 14320, 11, 2026/07/20, 16:55:11.849, 347007243280, vstest.console.dll, TcpClientExtensions.MessageLoopAsync: Polling on remoteEndPoint: 127.0.0.1:54989 localEndPoint: 127.0.0.1:54988 after 189 ms
TpTrace Verbose: 0 : 14320, 11, 2026/07/20, 16:55:12.860, 347017345337, vstest.console.dll, TcpClientExtensions.MessageLoopAsync: Polling on remoteEndPoint: 127.0.0.1:54989 localEndPoint: 127.0.0.1:54988 after 1010 ms
TpTrace Verbose: 0 : 14320, 11, 2026/07/20, 16:55:13.870, 347027451575, vstest.console.dll, TcpClientExtensions.MessageLoopAsync: Polling on remoteEndPoint: 127.0.0.1:54989 localEndPoint: 127.0.0.1:54988 after 1010 ms
TpTrace Verbose: 0 : 14320, 11, 2026/07/20, 16:55:14.878, 347037526797, vstest.console.dll, TcpClientExtensions.MessageLoopAsync: Polling on remoteEndPoint: 127.0.0.1:54989 localEndPoint: 127.0.0.1:54988 after 1007 ms
TpTrace Verbose: 0 : 14320, 11, 2026/07/20, 16:55:15.887, 347047621733, vstest.console.dll, TcpClientExtensions.MessageLoopAsync: Polling on remoteEndPoint: 127.0.0.1:54989 localEndPoint: 127.0.0.1:54988 after 1009 ms
TpTrace Verbose: 0 : 14320, 11, 2026/07/20, 16:55:16.133, 347050078107, vstest.console.dll, TcpClientExtensions.MessageLoopAsync: NotifyDataAvailable remoteEndPoint: 127.0.0.1:54989 localEndPoint: 127.0.0.1:54988
TpTrace Verbose: 0 : 14320, 10, 2026/07/20, 16:55:16.136, 347050106705, vstest.console.dll, TestHostManagerCallbacks.StandardOutputReceivedCallback Test host standard output line: 
TpTrace Error: 0 : 14320, 11, 2026/07/20, 16:55:16.139, 347050139993, vstest.console.dll, Socket: Message loop: failed to receive message due to socket error System.IO.IOException: Unable to read data from the transport connection: An existing connection was forcibly closed by the remote host..
 ---> System.Net.Sockets.SocketException (10054): An existing connection was forcibly closed by the remote host.
   at System.Net.Sockets.Socket.Receive(Span`1 buffer, SocketFlags socketFlags)
   at System.Net.Sockets.NetworkStream.Read(Span`1 buffer)
   --- End of inner exception stack trace ---
   at System.Net.Sockets.NetworkStream.Read(Span`1 buffer)
   at System.Net.Sockets.NetworkStream.ReadByte()
   at System.IO.BinaryReader.Read7BitEncodedInt()
   at System.IO.BinaryReader.ReadString()
   at Microsoft.VisualStudio.TestPlatform.CommunicationUtilities.LengthPrefixCommunicationChannel.NotifyDataAvailable(CancellationToken cancellationToken) in /_/src/vstest/src/Microsoft.TestPlatform.CommunicationUtilities/LengthPrefixCommunicationChannel.cs:line 90
   at Microsoft.VisualStudio.TestPlatform.CommunicationUtilities.TcpClientExtensions.MessageLoopAsync(TcpClient client, ICommunicationChannel channel, Action`1 errorHandler, CancellationToken cancellationToken) in /_/src/vstest/src/Microsoft.TestPlatform.CommunicationUtilities/TcpClientExtensions.cs:line 67, remoteEndPoint: 127.0.0.1:54989 localEndPoint: 127.0.0.1:54988
TpTrace Information: 0 : 14320, 11, 2026/07/20, 16:55:16.139, 347050143785, vstest.console.dll, SocketServer.PrivateStop: Stopping server endPoint: 127.0.0.1:54988 error: 
TpTrace Verbose: 0 : 14320, 11, 2026/07/20, 16:55:16.140, 347050149478, vstest.console.dll, LengthPrefixCommunicationChannel.Dispose: Dispose reader and writer.
TpTrace Information: 0 : 14320, 11, 2026/07/20, 16:55:16.140, 347050151197, vstest.console.dll, SocketServer.Stop: Raise disconnected event endPoint: 127.0.0.1:54988 error: 
TpTrace Verbose: 0 : 14320, 11, 2026/07/20, 16:55:16.140, 347050153240, vstest.console.dll, TestRequestSender: OnTestRunAbort: Set operation complete.
TpTrace Verbose: 0 : 14320, 11, 2026/07/20, 16:55:16.140, 347050153989, vstest.console.dll, TestRequestSender.SetOperationComplete: Setting operation complete.
TpTrace Information: 0 : 14320, 11, 2026/07/20, 16:55:16.141, 347050154852, vstest.console.dll, SocketServer.Stop: Stop server endPoint: 127.0.0.1:54988
TpTrace Verbose: 0 : 14320, 11, 2026/07/20, 16:55:16.141, 347050155513, vstest.console.dll, TestRequestSender.GetAbortErrorMessage: Exception: 
TpTrace Verbose: 0 : 14320, 11, 2026/07/20, 16:55:16.141, 347050156025, vstest.console.dll, TestRequestSender.GetAbortErrorMessage: Client has disconnected. Wait for standard error.
TpTrace Warning: 0 : 14320, 7, 2026/07/20, 16:55:16.141, 347050160380, vstest.console.dll, TestHostManagerCallbacks.ErrorReceivedCallback Test host standard error line: 
TpTrace Verbose: 0 : 14320, 7, 2026/07/20, 16:55:16.166, 347050410040, vstest.console.dll, TestHostProvider.ExitCallBack: Host exited starting callback.
TpTrace Error: 0 : 14320, 7, 2026/07/20, 16:55:16.166, 347050412290, vstest.console.dll, TestHostManagerCallbacks.ExitCallBack: Testhost processId: 6552 exited with exitcode: -1073740940 error: ''
TpTrace Verbose: 0 : 14320, 7, 2026/07/20, 16:55:16.166, 347050413178, vstest.console.dll, DotnetTestHostManager.OnHostExited: invoking OnHostExited callback
TpTrace Verbose: 0 : 14320, 7, 2026/07/20, 16:55:16.167, 347050414413, vstest.console.dll, CrossPlatEngine.TestHostManagerHostExited: calling on client process exit callback.
TpTrace Information: 0 : 14320, 7, 2026/07/20, 16:55:16.167, 347050415530, vstest.console.dll, TestRequestSender.OnClientProcessExit: Test host process exited. Standard error: 
TpTrace Information: 0 : 14320, 11, 2026/07/20, 16:55:16.167, 347050416423, vstest.console.dll, TestRequestSender.GetAbortErrorMessage: Received test host error message.
TpTrace Information: 0 : 14320, 7, 2026/07/20, 16:55:16.167, 347050417094, vstest.console.dll, SocketServer.Stop: Stop server endPoint: 127.0.0.1:54988
TpTrace Verbose: 0 : 14320, 7, 2026/07/20, 16:55:16.167, 347050417980, vstest.console.dll, MulticastDelegateUtilities.SafeInvoke: HostProviderEvents.OnHostExited: Invoking callback 1/1 for Microsoft.VisualStudio.TestPlatform.CrossPlatEngine.Client.ProxyOperationManager., took 0 ms.
TpTrace Error: 0 : 14320, 11, 2026/07/20, 16:55:16.167, 347050420502, vstest.console.dll, TestRequestSender: Aborting test run because Test host process crashed
TpTrace Verbose: 0 : 14320, 11, 2026/07/20, 16:55:16.167, 347050421789, vstest.console.dll, TestRunRequest:SendTestRunMessage: Starting.
TpTrace Verbose: 0 : 14320, 11, 2026/07/20, 16:55:16.168, 347050425339, vstest.console.dll, MulticastDelegateUtilities.SafeInvoke: TestRun.LogMessages: Invoking callback 1/1 for Microsoft.VisualStudio.TestPlatform.CommandLine.TestRunResultAggregator., took 0 ms.
TpTrace Information: 0 : 14320, 11, 2026/07/20, 16:55:16.169, 347050440068, vstest.console.dll, TestRunRequest:SendTestRunMessage: Completed.
TpTrace Verbose: 0 : 14320, 4, 2026/07/20, 16:55:16.171, 347050462141, vstest.console.dll, MulticastDelegateUtilities.SafeInvoke: InternalTestLoggerEvents.SendTestRunMessage: Invoking callback 1/1 for Microsoft.VisualStudio.TestPlatform.CommandLine.Internal.ConsoleLogger., took 0 ms.
TpTrace Verbose: 0 : 14320, 11, 2026/07/20, 16:55:16.211, 347050862671, vstest.console.dll, ProxyOperationManager.Close: waiting for test host to exit for 100 ms
TpTrace Information: 0 : 14320, 11, 2026/07/20, 16:55:16.212, 347050865013, vstest.console.dll, SocketServer.Stop: Stop server endPoint: 127.0.0.1:54988
TpTrace Information: 0 : 14320, 11, 2026/07/20, 16:55:16.212, 347050865640, vstest.console.dll, Closing the connection
TpTrace Verbose: 0 : 14320, 11, 2026/07/20, 16:55:16.213, 347050877544, vstest.console.dll, ParallelRunEventsHandler.HandleTestRunComplete: Handling a run completion, this can be either one part of parallel run completing, or the whole parallel run completing.
TpTrace Verbose: 0 : 14320, 11, 2026/07/20, 16:55:16.214, 347050885278, vstest.console.dll, ParallelProxyExecutionManager: HandlePartialRunComplete: Total workloads = 1, Total started clients = 1 Total completed clients = 1, Run complete = True, Run canceled: False.
TpTrace Verbose: 0 : 14320, 11, 2026/07/20, 16:55:16.214, 347050888916, vstest.console.dll, ParallelProxyExecutionManager: HandlePartialRunComplete: All runs completed stopping all managers.
TpTrace Verbose: 0 : 14320, 11, 2026/07/20, 16:55:16.214, 347050889828, vstest.console.dll, ParallelOperationManager.StopAllManagers: Stopping all managers.
TpTrace Verbose: 0 : 14320, 11, 2026/07/20, 16:55:16.214, 347050890387, vstest.console.dll, ParallelOperationManager.ClearSlots: Clearing all slots. Slots should accept more work: False
TpTrace Verbose: 0 : 14320, 11, 2026/07/20, 16:55:16.214, 347050891325, vstest.console.dll, ParallelOperationManager.SetOccupiedSlotCount: Setting slot counts AvailableSlotCount = 1, OccupiedSlotCount = 0.
TpTrace Verbose: 0 : 14320, 11, 2026/07/20, 16:55:16.214, 347050892059, vstest.console.dll, Occupied slots:

TpTrace Verbose: 0 : 14320, 11, 2026/07/20, 16:55:16.214, 347050892652, vstest.console.dll, ParallelRunEventsHandler.HandleTestRunComplete: Whole parallel run completed.
TpTrace Verbose: 0 : 14320, 4, 2026/07/20, 16:55:16.266, 347051413842, vstest.console.dll, MulticastDelegateUtilities.SafeInvoke: InternalTestLoggerEvents.SendTestRunComplete: Invoking callback 1/1 for Microsoft.VisualStudio.TestPlatform.CommandLine.Internal.ConsoleLogger., took 4 ms.
TpTrace Verbose: 0 : 14320, 11, 2026/07/20, 16:55:16.267, 347051421047, vstest.console.dll, TestRunRequest:TestRunComplete: Starting. IsAborted:True IsCanceled:False.
TpTrace Verbose: 0 : 14320, 11, 2026/07/20, 16:55:16.267, 347051423435, vstest.console.dll, ParallelOperationManager.DoActionOnAllManagers: Calling an action on all managers.
TpTrace Verbose: 0 : 14320, 11, 2026/07/20, 16:55:16.271, 347051462664, vstest.console.dll, TestLoggerManager.HandleTestRunComplete: Ignoring as the object is disposed.
TpTrace Verbose: 0 : 14320, 11, 2026/07/20, 16:55:16.272, 347051468291, vstest.console.dll, MulticastDelegateUtilities.SafeInvoke: TestRun.TestRunComplete: Invoking callback 1/2 for Microsoft.VisualStudio.TestPlatform.CommandLine.TestRunResultAggregator., took 0 ms.
TpTrace Verbose: 0 : 14320, 11, 2026/07/20, 16:55:16.272, 347051470664, vstest.console.dll, MulticastDelegateUtilities.SafeInvoke: TestRun.TestRunComplete: Invoking callback 2/2 for Microsoft.VisualStudio.TestPlatform.CommandLine.Processors.RunTestsArgumentExecutor+TestRunRequestEventsRegistrar., took 0 ms.
TpTrace Verbose: 0 : 14320, 2, 2026/07/20, 16:55:16.272, 347051472771, vstest.console.dll, TestRunRequest.Dispose: Starting.
TpTrace Information: 0 : 14320, 11, 2026/07/20, 16:55:16.273, 347051477422, vstest.console.dll, TestRunRequest:TestRunComplete: Completed.
TpTrace Verbose: 0 : 14320, 11, 2026/07/20, 16:55:16.273, 347051478693, vstest.console.dll, MulticastDelegateUtilities.SafeInvoke: SocketServer: ClientDisconnected: Invoking callback 1/1 for Microsoft.VisualStudio.TestPlatform.CommunicationUtilities.TestRequestSender., took 132 ms.
TpTrace Information: 0 : 14320, 2, 2026/07/20, 16:55:16.273, 347051479000, vstest.console.dll, TestRunRequest.Dispose: Completed.
TpTrace Verbose: 0 : 14320, 11, 2026/07/20, 16:55:16.273, 347051479389, vstest.console.dll, TcpClientExtensions.MessageLoopAsync: exiting MessageLoopAsync remoteEndPoint: 127.0.0.1:54989 localEndPoint: 127.0.0.1:54988
TpTrace Information: 0 : 14320, 2, 2026/07/20, 16:55:16.273, 347051480285, vstest.console.dll, TestRequestManager.RunTests: run tests completed.
TpTrace Information: 0 : 14320, 2, 2026/07/20, 16:55:16.273, 347051481779, vstest.console.dll, RunTestsArgumentProcessor:Execute: Test run is completed.
TpTrace Verbose: 0 : 14320, 2, 2026/07/20, 16:55:16.274, 347051484816, vstest.console.dll, Executor.Execute: Exiting with exit code of 1
TpTrace Verbose: 0 : 13400, 2, 2026/07/20, 16:55:28.380, 347172549078, vstest.console.dll, Version: 18.7.0-release-26322-102 Current process architecture: X64
TpTrace Verbose: 0 : 13400, 2, 2026/07/20, 16:55:28.390, 347172653521, vstest.console.dll, Runtime location: C:\Program Files\dotnet\shared\Microsoft.NETCore.App\10.0.9
TpTrace Information: 0 : 13400, 2, 2026/07/20, 16:55:28.396, 347172705254, vstest.console.dll, Using .Net Framework version:.NETCoreApp,Version=v10.0
TpTrace Verbose: 0 : 13400, 2, 2026/07/20, 16:55:28.396, 347172707235, vstest.console.dll, ArtifactProcessingPostProcessModeProcessorExecutor.Initialize: ArtifactProcessingMode.Collect
TpTrace Verbose: 0 : 13400, 2, 2026/07/20, 16:55:28.396, 347172708273, vstest.console.dll, TestSessionCorrelationIdProcessorModeProcessorExecutor.Initialize: TestSessionCorrelationId '14084_a402b393-1cca-4cc2-8e18-698d6e5dc9e6'
TpTrace Information: 0 : 13400, 2, 2026/07/20, 16:55:28.415, 347172894419, vstest.console.dll, FilePatternParser: The given file C:\Integral2u\source\repos\SharpMind\SharpMind.Tests\bin\Debug\net10.0\SharpMind.Tests.dll is a full path.
TpTrace Verbose: 0 : 13400, 2, 2026/07/20, 16:55:28.429, 347173037832, vstest.console.dll, TestPluginCache.DiscoverTestExtensions: finding test extensions in assemblies ends with: RuntimeProvider.dll TPluginInfo: Microsoft.VisualStudio.TestPlatform.Common.ExtensionFramework.Utilities.TestRuntimePluginInformation TExtension: Microsoft.VisualStudio.TestPlatform.ObjectModel.Host.ITestRuntimeProvider
TpTrace Verbose: 0 : 13400, 2, 2026/07/20, 16:55:28.430, 347173046692, vstest.console.dll, TestPluginCache.GetExtensionPaths: Filtered extension paths: 
TpTrace Verbose: 0 : 13400, 2, 2026/07/20, 16:55:28.430, 347173048559, vstest.console.dll, TestPluginCache.GetExtensionPaths: Added default extension paths: C:\Program Files\dotnet\sdk\10.0.400-preview.0.26322.102\Extensions\Microsoft.Diagnostics.NETCore.Client.dll
C:\Program Files\dotnet\sdk\10.0.400-preview.0.26322.102\Extensions\Microsoft.TestPlatform.Extensions.BlameDataCollector.dll
C:\Program Files\dotnet\sdk\10.0.400-preview.0.26322.102\Extensions\Microsoft.TestPlatform.Extensions.EventLogCollector.dll
C:\Program Files\dotnet\sdk\10.0.400-preview.0.26322.102\Extensions\Microsoft.TestPlatform.TestHostRuntimeProvider.dll
C:\Program Files\dotnet\sdk\10.0.400-preview.0.26322.102\Extensions\Microsoft.VisualStudio.TestPlatform.Extensions.Html.TestLogger.dll
C:\Program Files\dotnet\sdk\10.0.400-preview.0.26322.102\Extensions\Microsoft.VisualStudio.TestPlatform.Extensions.Trx.TestLogger.dll
TpTrace Verbose: 0 : 13400, 2, 2026/07/20, 16:55:28.430, 347173049221, vstest.console.dll, TestPluginCache.GetExtensionPaths: Added unfilterableExtensionPaths: 
TpTrace Information: 0 : 13400, 2, 2026/07/20, 16:55:28.431, 347173062384, vstest.console.dll, AssemblyResolver.ctor: Creating AssemblyResolver with searchDirectories C:\Program Files\dotnet\sdk\10.0.400-preview.0.26322.102\Extensions,C:\Program Files\dotnet\sdk\10.0.400-preview.0.26322.102
TpTrace Verbose: 0 : 13400, 2, 2026/07/20, 16:55:28.433, 347173082890, vstest.console.dll, TestPluginCache.DiscoverTestExtensions: Discovering the extensions using extension path.
TpTrace Verbose: 0 : 13400, 2, 2026/07/20, 16:55:28.434, 347173086586, vstest.console.dll, TestPluginCache.GetExtensionPaths: Filtered extension paths: 
TpTrace Verbose: 0 : 13400, 2, 2026/07/20, 16:55:28.436, 347173110977, vstest.console.dll, TestPluginCache.GetExtensionPaths: Added default extension paths: C:\Program Files\dotnet\sdk\10.0.400-preview.0.26322.102\Extensions\Microsoft.Diagnostics.NETCore.Client.dll
C:\Program Files\dotnet\sdk\10.0.400-preview.0.26322.102\Extensions\Microsoft.TestPlatform.Extensions.BlameDataCollector.dll
C:\Program Files\dotnet\sdk\10.0.400-preview.0.26322.102\Extensions\Microsoft.TestPlatform.Extensions.EventLogCollector.dll
C:\Program Files\dotnet\sdk\10.0.400-preview.0.26322.102\Extensions\Microsoft.TestPlatform.TestHostRuntimeProvider.dll
C:\Program Files\dotnet\sdk\10.0.400-preview.0.26322.102\Extensions\Microsoft.VisualStudio.TestPlatform.Extensions.Html.TestLogger.dll
C:\Program Files\dotnet\sdk\10.0.400-preview.0.26322.102\Extensions\Microsoft.VisualStudio.TestPlatform.Extensions.Trx.TestLogger.dll
TpTrace Verbose: 0 : 13400, 2, 2026/07/20, 16:55:28.437, 347173120511, vstest.console.dll, TestPluginCache.GetExtensionPaths: Added unfilterableExtensionPaths: 
TpTrace Verbose: 0 : 13400, 2, 2026/07/20, 16:55:28.437, 347173122981, vstest.console.dll, TestPluginCache.DiscoverTestExtensions: Discovering the extensions using allExtensionPaths: C:\Program Files\dotnet\sdk\10.0.400-preview.0.26322.102\Extensions\Microsoft.Diagnostics.NETCore.Client.dll
C:\Program Files\dotnet\sdk\10.0.400-preview.0.26322.102\Extensions\Microsoft.TestPlatform.Extensions.BlameDataCollector.dll
C:\Program Files\dotnet\sdk\10.0.400-preview.0.26322.102\Extensions\Microsoft.TestPlatform.Extensions.EventLogCollector.dll
C:\Program Files\dotnet\sdk\10.0.400-preview.0.26322.102\Extensions\Microsoft.TestPlatform.TestHostRuntimeProvider.dll
C:\Program Files\dotnet\sdk\10.0.400-preview.0.26322.102\Extensions\Microsoft.VisualStudio.TestPlatform.Extensions.Html.TestLogger.dll
C:\Program Files\dotnet\sdk\10.0.400-preview.0.26322.102\Extensions\Microsoft.VisualStudio.TestPlatform.Extensions.Trx.TestLogger.dll
TpTrace Information: 0 : 13400, 2, 2026/07/20, 16:55:28.438, 347173125765, vstest.console.dll, AssemblyResolver.AddSearchDirectories: Adding more searchDirectories C:\Program Files\dotnet\sdk\10.0.400-preview.0.26322.102\Extensions,C:\Program Files\dotnet\sdk\10.0.400-preview.0.26322.102
TpTrace Information: 0 : 13400, 2, 2026/07/20, 16:55:28.438, 347173127331, vstest.console.dll, AssemblyResolver.AddSearchDirectories: Adding more searchDirectories C:\Program Files\dotnet\sdk\10.0.400-preview.0.26322.102\Extensions,C:\Program Files\dotnet\sdk\10.0.400-preview.0.26322.102
TpTrace Information: 0 : 13400, 2, 2026/07/20, 16:55:28.438, 347173128208, vstest.console.dll, AssemblyResolver.AddSearchDirectories: Adding more searchDirectories C:\Program Files\dotnet\sdk\10.0.400-preview.0.26322.102\Extensions,C:\Program Files\dotnet\sdk\10.0.400-preview.0.26322.102
TpTrace Information: 0 : 13400, 2, 2026/07/20, 16:55:28.438, 347173128899, vstest.console.dll, AssemblyResolver.AddSearchDirectories: Adding more searchDirectories C:\Program Files\dotnet\sdk\10.0.400-preview.0.26322.102\Extensions,C:\Program Files\dotnet\sdk\10.0.400-preview.0.26322.102
TpTrace Information: 0 : 13400, 2, 2026/07/20, 16:55:28.438, 347173129687, vstest.console.dll, AssemblyResolver.AddSearchDirectories: Adding more searchDirectories C:\Program Files\dotnet\sdk\10.0.400-preview.0.26322.102\Extensions,C:\Program Files\dotnet\sdk\10.0.400-preview.0.26322.102
TpTrace Information: 0 : 13400, 2, 2026/07/20, 16:55:28.438, 347173132206, vstest.console.dll, AssemblyResolver.AddSearchDirectories: Adding more searchDirectories C:\Program Files\dotnet\sdk\10.0.400-preview.0.26322.102\Extensions,C:\Program Files\dotnet\sdk\10.0.400-preview.0.26322.102
TpTrace Information: 0 : 13400, 2, 2026/07/20, 16:55:28.440, 347173145720, vstest.console.dll, AssemblyResolver.OnResolve: Microsoft.Diagnostics.NETCore.Client: Resolving assembly.
TpTrace Information: 0 : 13400, 2, 2026/07/20, 16:55:28.440, 347173148176, vstest.console.dll, AssemblyResolver.OnResolve: Microsoft.Diagnostics.NETCore.Client: Searching in: 'C:\Program Files\dotnet\sdk\10.0.400-preview.0.26322.102\Extensions'.
TpTrace Information: 0 : 13400, 2, 2026/07/20, 16:55:28.463, 347173380618, vstest.console.dll, AssemblyResolver.OnResolve: Microsoft.Diagnostics.NETCore.Client: Loading assembly 'C:\Program Files\dotnet\sdk\10.0.400-preview.0.26322.102\Extensions\Microsoft.Diagnostics.NETCore.Client.dll'.
TpTrace Information: 0 : 13400, 2, 2026/07/20, 16:55:28.467, 347173420106, vstest.console.dll, AssemblyResolver.TrackProvidedDependency: Resolved 'Microsoft.Diagnostics.NETCore.Client' from 'C:\Program Files\dotnet\sdk\10.0.400-preview.0.26322.102\Extensions' for 'unknown'.
TpTrace Information: 0 : 13400, 2, 2026/07/20, 16:55:28.471, 347173456580, vstest.console.dll, AssemblyResolver.OnResolve: Resolved assembly: Microsoft.Diagnostics.NETCore.Client, from path: C:\Program Files\dotnet\sdk\10.0.400-preview.0.26322.102\Extensions\Microsoft.Diagnostics.NETCore.Client.dll
TpTrace Verbose: 0 : 13400, 2, 2026/07/20, 16:55:28.474, 347173493058, vstest.console.dll, MetadataReaderExtensionsHelper: Discovering extensions inside assembly 'Microsoft.Diagnostics.NETCore.Client, Version=0.2.14.32302, Culture=neutral, PublicKeyToken=31bf3856ad364e35' file path 'C:\Program Files\dotnet\sdk\10.0.400-preview.0.26322.102\Extensions\Microsoft.Diagnostics.NETCore.Client.dll'
TpTrace Information: 0 : 13400, 2, 2026/07/20, 16:55:28.478, 347173532284, vstest.console.dll, AssemblyResolver.OnResolve: Microsoft.Bcl.AsyncInterfaces: Resolving assembly.
TpTrace Information: 0 : 13400, 2, 2026/07/20, 16:55:28.478, 347173534059, vstest.console.dll, AssemblyResolver.OnResolve: Microsoft.Bcl.AsyncInterfaces: Searching in: 'C:\Program Files\dotnet\sdk\10.0.400-preview.0.26322.102\Extensions'.
TpTrace Information: 0 : 13400, 2, 2026/07/20, 16:55:28.479, 347173536149, vstest.console.dll, AssemblyResolver.OnResolve: Microsoft.Bcl.AsyncInterfaces: Assembly path does not exist: 'C:\Program Files\dotnet\sdk\10.0.400-preview.0.26322.102\Extensions\Microsoft.Bcl.AsyncInterfaces.dll', returning.
TpTrace Information: 0 : 13400, 2, 2026/07/20, 16:55:28.479, 347173537306, vstest.console.dll, AssemblyResolver.OnResolve: Microsoft.Bcl.AsyncInterfaces: Assembly path does not exist: 'C:\Program Files\dotnet\sdk\10.0.400-preview.0.26322.102\Extensions\Microsoft.Bcl.AsyncInterfaces.exe', returning.
TpTrace Information: 0 : 13400, 2, 2026/07/20, 16:55:28.479, 347173537914, vstest.console.dll, AssemblyResolver.OnResolve: Microsoft.Bcl.AsyncInterfaces: Searching in: 'C:\Program Files\dotnet\sdk\10.0.400-preview.0.26322.102'.
TpTrace Information: 0 : 13400, 2, 2026/07/20, 16:55:28.479, 347173538964, vstest.console.dll, AssemblyResolver.OnResolve: Microsoft.Bcl.AsyncInterfaces: Assembly path does not exist: 'C:\Program Files\dotnet\sdk\10.0.400-preview.0.26322.102\Microsoft.Bcl.AsyncInterfaces.dll', returning.
TpTrace Information: 0 : 13400, 2, 2026/07/20, 16:55:28.479, 347173539961, vstest.console.dll, AssemblyResolver.OnResolve: Microsoft.Bcl.AsyncInterfaces: Assembly path does not exist: 'C:\Program Files\dotnet\sdk\10.0.400-preview.0.26322.102\Microsoft.Bcl.AsyncInterfaces.exe', returning.
TpTrace Information: 0 : 13400, 2, 2026/07/20, 16:55:28.479, 347173540431, vstest.console.dll, AssemblyResolver.OnResolve: Microsoft.Bcl.AsyncInterfaces: Failed to load assembly.
TpTrace Verbose: 0 : 13400, 2, 2026/07/20, 16:55:28.479, 347173541039, vstest.console.dll, CurrentDomainAssemblyResolve: Resolving assembly 'Microsoft.Bcl.AsyncInterfaces'.
TpTrace Information: 0 : 13400, 2, 2026/07/20, 16:55:28.479, 347173542449, vstest.console.dll, AssemblyResolver.OnResolve: Microsoft.Bcl.AsyncInterfaces: Resolving assembly.
TpTrace Information: 0 : 13400, 2, 2026/07/20, 16:55:28.479, 347173543218, vstest.console.dll, AssemblyResolver.OnResolve: Microsoft.Bcl.AsyncInterfaces: Resolved from cache.
TpTrace Verbose: 0 : 13400, 2, 2026/07/20, 16:55:28.479, 347173543629, vstest.console.dll, CurrentDomainAssemblyResolve: Resolving assembly 'Microsoft.Bcl.AsyncInterfaces'.
TpTrace Verbose: 0 : 13400, 2, 2026/07/20, 16:55:28.479, 347173544147, vstest.console.dll, CurrentDomainAssemblyResolve: Failed to resolve assembly 'Microsoft.Bcl.AsyncInterfaces'.
TpTrace Verbose: 0 : 13400, 2, 2026/07/20, 16:55:28.481, 347173554983, vstest.console.dll, CurrentDomainAssemblyResolve: Failed to resolve assembly 'Microsoft.Bcl.AsyncInterfaces'.
TpTrace Information: 0 : 13400, 2, 2026/07/20, 16:55:28.487, 347173621147, vstest.console.dll, AssemblyResolver.OnResolve: Microsoft.Bcl.AsyncInterfaces: Resolving assembly.
TpTrace Information: 0 : 13400, 2, 2026/07/20, 16:55:28.487, 347173622779, vstest.console.dll, AssemblyResolver.OnResolve: Microsoft.Bcl.AsyncInterfaces: Resolved from cache.
TpTrace Verbose: 0 : 13400, 2, 2026/07/20, 16:55:28.487, 347173623225, vstest.console.dll, CurrentDomainAssemblyResolve: Resolving assembly 'Microsoft.Bcl.AsyncInterfaces'.
TpTrace Verbose: 0 : 13400, 2, 2026/07/20, 16:55:28.487, 347173623819, vstest.console.dll, CurrentDomainAssemblyResolve: Failed to resolve assembly 'Microsoft.Bcl.AsyncInterfaces'.
TpTrace Information: 0 : 13400, 2, 2026/07/20, 16:55:28.490, 347173646912, vstest.console.dll, AssemblyResolver.OnResolve: Microsoft.Bcl.AsyncInterfaces: Resolving assembly.
TpTrace Information: 0 : 13400, 2, 2026/07/20, 16:55:28.490, 347173648515, vstest.console.dll, AssemblyResolver.OnResolve: Microsoft.Bcl.AsyncInterfaces: Resolved from cache.
TpTrace Verbose: 0 : 13400, 2, 2026/07/20, 16:55:28.490, 347173649250, vstest.console.dll, CurrentDomainAssemblyResolve: Resolving assembly 'Microsoft.Bcl.AsyncInterfaces'.
TpTrace Verbose: 0 : 13400, 2, 2026/07/20, 16:55:28.490, 347173649798, vstest.console.dll, CurrentDomainAssemblyResolve: Failed to resolve assembly 'Microsoft.Bcl.AsyncInterfaces'.
TpTrace Warning: 0 : 13400, 2, 2026/07/20, 16:55:28.521, 347173958955, vstest.console.dll, TestPluginDiscoverer: Failed to get types from assembly 'Microsoft.Diagnostics.NETCore.Client, Version=0.2.14.32302, Culture=neutral, PublicKeyToken=31bf3856ad364e35'. Error: System.Reflection.ReflectionTypeLoadException: Unable to load one or more of the requested types.
Could not load file or assembly 'Microsoft.Bcl.AsyncInterfaces, Version=9.0.0.8, Culture=neutral, PublicKeyToken=cc7b13ffcd2ddd51'. The system cannot find the file specified.
Could not load file or assembly 'Microsoft.Bcl.AsyncInterfaces, Version=9.0.0.8, Culture=neutral, PublicKeyToken=cc7b13ffcd2ddd51'. The system cannot find the file specified.
Could not load file or assembly 'Microsoft.Bcl.AsyncInterfaces, Version=9.0.0.8, Culture=neutral, PublicKeyToken=cc7b13ffcd2ddd51'. The system cannot find the file specified.
   at System.Reflection.RuntimeModule.GetDefinedTypes()
   at System.Reflection.RuntimeModule.GetTypes()
   at Microsoft.VisualStudio.TestPlatform.Common.ExtensionFramework.TestPluginDiscoverer.GetTestExtensionsFromAssembly[TPluginInfo,TExtension](Assembly assembly, Dictionary`2 pluginInfos, String filePath) in /_/src/vstest/src/Microsoft.TestPlatform.Common/ExtensionFramework/TestPluginDiscoverer.cs:line 159
System.IO.FileNotFoundException: Could not load file or assembly 'Microsoft.Bcl.AsyncInterfaces, Version=9.0.0.8, Culture=neutral, PublicKeyToken=cc7b13ffcd2ddd51'. The system cannot find the file specified.
File name: 'Microsoft.Bcl.AsyncInterfaces, Version=9.0.0.8, Culture=neutral, PublicKeyToken=cc7b13ffcd2ddd51'
 ---> System.IO.FileNotFoundException: Could not load file or assembly 'Microsoft.Bcl.AsyncInterfaces, Culture=neutral, PublicKeyToken=null'. The system cannot find the file specified.
File name: 'Microsoft.Bcl.AsyncInterfaces, Culture=neutral, PublicKeyToken=null'
   at System.Reflection.RuntimeAssembly.InternalLoad(AssemblyName assemblyName, StackCrawlMark& stackMark, AssemblyLoadContext assemblyLoadContext, RuntimeAssembly requestingAssembly, Boolean throwOnFileNotFound)
   at System.Reflection.Assembly.Load(AssemblyName assemblyRef)
   at Microsoft.VisualStudio.TestPlatform.Common.ExtensionFramework.TestPluginCache.CurrentDomainAssemblyResolve(Object sender, AssemblyResolveEventArgs args) in /_/src/vstest/src/Microsoft.TestPlatform.Common/ExtensionFramework/TestPluginCache.cs:line 514
   at System.Runtime.Loader.AssemblyLoadContext.GetFirstResolvedAssemblyFromResolvingEvent(AssemblyName assemblyName)
   at System.Runtime.Loader.AssemblyLoadContext.ResolveUsingEvent(AssemblyName assemblyName)
System.IO.FileNotFoundException: Could not load file or assembly 'Microsoft.Bcl.AsyncInterfaces, Version=9.0.0.8, Culture=neutral, PublicKeyToken=cc7b13ffcd2ddd51'. The system cannot find the file specified.
File name: 'Microsoft.Bcl.AsyncInterfaces, Version=9.0.0.8, Culture=neutral, PublicKeyToken=cc7b13ffcd2ddd51'
System.IO.FileNotFoundException: Could not load file or assembly 'Microsoft.Bcl.AsyncInterfaces, Version=9.0.0.8, Culture=neutral, PublicKeyToken=cc7b13ffcd2ddd51'. The system cannot find the file specified.
File name: 'Microsoft.Bcl.AsyncInterfaces, Version=9.0.0.8, Culture=neutral, PublicKeyToken=cc7b13ffcd2ddd51'
TpTrace Warning: 0 : 13400, 2, 2026/07/20, 16:55:28.522, 347173966942, vstest.console.dll, LoaderExceptions: System.IO.FileNotFoundException: Could not load file or assembly 'Microsoft.Bcl.AsyncInterfaces, Version=9.0.0.8, Culture=neutral, PublicKeyToken=cc7b13ffcd2ddd51'. The system cannot find the file specified.
File name: 'Microsoft.Bcl.AsyncInterfaces, Version=9.0.0.8, Culture=neutral, PublicKeyToken=cc7b13ffcd2ddd51'
 ---> System.IO.FileNotFoundException: Could not load file or assembly 'Microsoft.Bcl.AsyncInterfaces, Culture=neutral, PublicKeyToken=null'. The system cannot find the file specified.
File name: 'Microsoft.Bcl.AsyncInterfaces, Culture=neutral, PublicKeyToken=null'
   at System.Reflection.RuntimeAssembly.InternalLoad(AssemblyName assemblyName, StackCrawlMark& stackMark, AssemblyLoadContext assemblyLoadContext, RuntimeAssembly requestingAssembly, Boolean throwOnFileNotFound)
   at System.Reflection.Assembly.Load(AssemblyName assemblyRef)
   at Microsoft.VisualStudio.TestPlatform.Common.ExtensionFramework.TestPluginCache.CurrentDomainAssemblyResolve(Object sender, AssemblyResolveEventArgs args) in /_/src/vstest/src/Microsoft.TestPlatform.Common/ExtensionFramework/TestPluginCache.cs:line 514
   at System.Runtime.Loader.AssemblyLoadContext.GetFirstResolvedAssemblyFromResolvingEvent(AssemblyName assemblyName)
   at System.Runtime.Loader.AssemblyLoadContext.ResolveUsingEvent(AssemblyName assemblyName)
TpTrace Warning: 0 : 13400, 2, 2026/07/20, 16:55:28.522, 347173968434, vstest.console.dll, LoaderExceptions: System.IO.FileNotFoundException: Could not load file or assembly 'Microsoft.Bcl.AsyncInterfaces, Version=9.0.0.8, Culture=neutral, PublicKeyToken=cc7b13ffcd2ddd51'. The system cannot find the file specified.
File name: 'Microsoft.Bcl.AsyncInterfaces, Version=9.0.0.8, Culture=neutral, PublicKeyToken=cc7b13ffcd2ddd51'
TpTrace Warning: 0 : 13400, 2, 2026/07/20, 16:55:28.522, 347173968909, vstest.console.dll, LoaderExceptions: System.IO.FileNotFoundException: Could not load file or assembly 'Microsoft.Bcl.AsyncInterfaces, Version=9.0.0.8, Culture=neutral, PublicKeyToken=cc7b13ffcd2ddd51'. The system cannot find the file specified.
File name: 'Microsoft.Bcl.AsyncInterfaces, Version=9.0.0.8, Culture=neutral, PublicKeyToken=cc7b13ffcd2ddd51'
TpTrace Information: 0 : 13400, 2, 2026/07/20, 16:55:28.522, 347173971081, vstest.console.dll, AssemblyResolver.OnResolve: Microsoft.TestPlatform.Extensions.BlameDataCollector: Resolving assembly.
TpTrace Information: 0 : 13400, 2, 2026/07/20, 16:55:28.522, 347173971800, vstest.console.dll, AssemblyResolver.OnResolve: Microsoft.TestPlatform.Extensions.BlameDataCollector: Searching in: 'C:\Program Files\dotnet\sdk\10.0.400-preview.0.26322.102\Extensions'.
TpTrace Information: 0 : 13400, 2, 2026/07/20, 16:55:28.523, 347173977133, vstest.console.dll, AssemblyResolver.OnResolve: Microsoft.TestPlatform.Extensions.BlameDataCollector: Loading assembly 'C:\Program Files\dotnet\sdk\10.0.400-preview.0.26322.102\Extensions\Microsoft.TestPlatform.Extensions.BlameDataCollector.dll'.
TpTrace Information: 0 : 13400, 2, 2026/07/20, 16:55:28.524, 347173985811, vstest.console.dll, AssemblyResolver.TrackProvidedDependency: Resolved 'Microsoft.TestPlatform.Extensions.BlameDataCollector' from 'C:\Program Files\dotnet\sdk\10.0.400-preview.0.26322.102\Extensions' for 'unknown'.
TpTrace Information: 0 : 13400, 2, 2026/07/20, 16:55:28.524, 347173987344, vstest.console.dll, AssemblyResolver.OnResolve: Resolved assembly: Microsoft.TestPlatform.Extensions.BlameDataCollector, from path: C:\Program Files\dotnet\sdk\10.0.400-preview.0.26322.102\Extensions\Microsoft.TestPlatform.Extensions.BlameDataCollector.dll
TpTrace Verbose: 0 : 13400, 2, 2026/07/20, 16:55:28.524, 347173988679, vstest.console.dll, MetadataReaderExtensionsHelper: Discovering extensions inside assembly 'Microsoft.TestPlatform.Extensions.BlameDataCollector, Version=15.0.0.0, Culture=neutral, PublicKeyToken=b03f5f7f11d50a3a' file path 'C:\Program Files\dotnet\sdk\10.0.400-preview.0.26322.102\Extensions\Microsoft.TestPlatform.Extensions.BlameDataCollector.dll'
TpTrace Information: 0 : 13400, 2, 2026/07/20, 16:55:28.527, 347174016113, vstest.console.dll, AssemblyResolver.OnResolve: Microsoft.TestPlatform.Extensions.EventLogCollector: Resolving assembly.
TpTrace Information: 0 : 13400, 2, 2026/07/20, 16:55:28.527, 347174017849, vstest.console.dll, AssemblyResolver.OnResolve: Microsoft.TestPlatform.Extensions.EventLogCollector: Searching in: 'C:\Program Files\dotnet\sdk\10.0.400-preview.0.26322.102\Extensions'.
TpTrace Information: 0 : 13400, 2, 2026/07/20, 16:55:28.528, 347174029149, vstest.console.dll, AssemblyResolver.OnResolve: Microsoft.TestPlatform.Extensions.EventLogCollector: Loading assembly 'C:\Program Files\dotnet\sdk\10.0.400-preview.0.26322.102\Extensions\Microsoft.TestPlatform.Extensions.EventLogCollector.dll'.
TpTrace Information: 0 : 13400, 2, 2026/07/20, 16:55:28.529, 347174043205, vstest.console.dll, AssemblyResolver.TrackProvidedDependency: Resolved 'Microsoft.TestPlatform.Extensions.EventLogCollector' from 'C:\Program Files\dotnet\sdk\10.0.400-preview.0.26322.102\Extensions' for 'unknown'.
TpTrace Information: 0 : 13400, 2, 2026/07/20, 16:55:28.530, 347174044418, vstest.console.dll, AssemblyResolver.OnResolve: Resolved assembly: Microsoft.TestPlatform.Extensions.EventLogCollector, from path: C:\Program Files\dotnet\sdk\10.0.400-preview.0.26322.102\Extensions\Microsoft.TestPlatform.Extensions.EventLogCollector.dll
TpTrace Verbose: 0 : 13400, 2, 2026/07/20, 16:55:28.530, 347174045215, vstest.console.dll, MetadataReaderExtensionsHelper: Discovering extensions inside assembly 'Microsoft.TestPlatform.Extensions.EventLogCollector, Version=15.0.0.0, Culture=neutral, PublicKeyToken=b03f5f7f11d50a3a' file path 'C:\Program Files\dotnet\sdk\10.0.400-preview.0.26322.102\Extensions\Microsoft.TestPlatform.Extensions.EventLogCollector.dll'
TpTrace Information: 0 : 13400, 2, 2026/07/20, 16:55:28.536, 347174112537, vstest.console.dll, AssemblyResolver.OnResolve: Microsoft.TestPlatform.TestHostRuntimeProvider: Resolving assembly.
TpTrace Information: 0 : 13400, 2, 2026/07/20, 16:55:28.537, 347174116922, vstest.console.dll, AssemblyResolver.OnResolve: Microsoft.TestPlatform.TestHostRuntimeProvider: Searching in: 'C:\Program Files\dotnet\sdk\10.0.400-preview.0.26322.102\Extensions'.
TpTrace Information: 0 : 13400, 2, 2026/07/20, 16:55:28.537, 347174122192, vstest.console.dll, AssemblyResolver.OnResolve: Microsoft.TestPlatform.TestHostRuntimeProvider: Loading assembly 'C:\Program Files\dotnet\sdk\10.0.400-preview.0.26322.102\Extensions\Microsoft.TestPlatform.TestHostRuntimeProvider.dll'.
TpTrace Information: 0 : 13400, 2, 2026/07/20, 16:55:28.538, 347174130628, vstest.console.dll, AssemblyResolver.TrackProvidedDependency: Resolved 'Microsoft.TestPlatform.TestHostRuntimeProvider' from 'C:\Program Files\dotnet\sdk\10.0.400-preview.0.26322.102\Extensions' for 'unknown'.
TpTrace Information: 0 : 13400, 2, 2026/07/20, 16:55:28.538, 347174132507, vstest.console.dll, AssemblyResolver.OnResolve: Resolved assembly: Microsoft.TestPlatform.TestHostRuntimeProvider, from path: C:\Program Files\dotnet\sdk\10.0.400-preview.0.26322.102\Extensions\Microsoft.TestPlatform.TestHostRuntimeProvider.dll
TpTrace Verbose: 0 : 13400, 2, 2026/07/20, 16:55:28.538, 347174133812, vstest.console.dll, MetadataReaderExtensionsHelper: Discovering extensions inside assembly 'Microsoft.TestPlatform.TestHostRuntimeProvider, Version=15.0.0.0, Culture=neutral, PublicKeyToken=b03f5f7f11d50a3a' file path 'C:\Program Files\dotnet\sdk\10.0.400-preview.0.26322.102\Extensions\Microsoft.TestPlatform.TestHostRuntimeProvider.dll'
TpTrace Information: 0 : 13400, 2, 2026/07/20, 16:55:28.541, 347174162449, vstest.console.dll, GetTestExtensionFromType: Register extension with identifier data 'HostProvider://DefaultTestHost' and type 'Microsoft.VisualStudio.TestPlatform.CrossPlatEngine.Hosting.DefaultTestHostManager, Microsoft.TestPlatform.TestHostRuntimeProvider, Version=15.0.0.0, Culture=neutral, PublicKeyToken=b03f5f7f11d50a3a' inside file 'C:\Program Files\dotnet\sdk\10.0.400-preview.0.26322.102\Extensions\Microsoft.TestPlatform.TestHostRuntimeProvider.dll'
TpTrace Information: 0 : 13400, 2, 2026/07/20, 16:55:28.542, 347174168400, vstest.console.dll, GetTestExtensionFromType: Register extension with identifier data 'HostProvider://DotnetTestHost' and type 'Microsoft.VisualStudio.TestPlatform.CrossPlatEngine.Hosting.DotnetTestHostManager, Microsoft.TestPlatform.TestHostRuntimeProvider, Version=15.0.0.0, Culture=neutral, PublicKeyToken=b03f5f7f11d50a3a' inside file 'C:\Program Files\dotnet\sdk\10.0.400-preview.0.26322.102\Extensions\Microsoft.TestPlatform.TestHostRuntimeProvider.dll'
TpTrace Information: 0 : 13400, 2, 2026/07/20, 16:55:28.542, 347174170039, vstest.console.dll, AssemblyResolver.OnResolve: Microsoft.VisualStudio.TestPlatform.Extensions.Html.TestLogger: Resolving assembly.
TpTrace Information: 0 : 13400, 2, 2026/07/20, 16:55:28.542, 347174170817, vstest.console.dll, AssemblyResolver.OnResolve: Microsoft.VisualStudio.TestPlatform.Extensions.Html.TestLogger: Searching in: 'C:\Program Files\dotnet\sdk\10.0.400-preview.0.26322.102\Extensions'.
TpTrace Information: 0 : 13400, 2, 2026/07/20, 16:55:28.543, 347174176610, vstest.console.dll, AssemblyResolver.OnResolve: Microsoft.VisualStudio.TestPlatform.Extensions.Html.TestLogger: Loading assembly 'C:\Program Files\dotnet\sdk\10.0.400-preview.0.26322.102\Extensions\Microsoft.VisualStudio.TestPlatform.Extensions.Html.TestLogger.dll'.
TpTrace Information: 0 : 13400, 2, 2026/07/20, 16:55:28.544, 347174185066, vstest.console.dll, AssemblyResolver.TrackProvidedDependency: Resolved 'Microsoft.VisualStudio.TestPlatform.Extensions.Html.TestLogger' from 'C:\Program Files\dotnet\sdk\10.0.400-preview.0.26322.102\Extensions' for 'unknown'.
TpTrace Information: 0 : 13400, 2, 2026/07/20, 16:55:28.544, 347174186610, vstest.console.dll, AssemblyResolver.OnResolve: Resolved assembly: Microsoft.VisualStudio.TestPlatform.Extensions.Html.TestLogger, from path: C:\Program Files\dotnet\sdk\10.0.400-preview.0.26322.102\Extensions\Microsoft.VisualStudio.TestPlatform.Extensions.Html.TestLogger.dll
TpTrace Verbose: 0 : 13400, 2, 2026/07/20, 16:55:28.544, 347174187915, vstest.console.dll, MetadataReaderExtensionsHelper: Discovering extensions inside assembly 'Microsoft.VisualStudio.TestPlatform.Extensions.Html.TestLogger, Version=15.0.0.0, Culture=neutral, PublicKeyToken=b03f5f7f11d50a3a' file path 'C:\Program Files\dotnet\sdk\10.0.400-preview.0.26322.102\Extensions\Microsoft.VisualStudio.TestPlatform.Extensions.Html.TestLogger.dll'
TpTrace Information: 0 : 13400, 2, 2026/07/20, 16:55:28.545, 347174203310, vstest.console.dll, AssemblyResolver.OnResolve: Microsoft.VisualStudio.TestPlatform.Extensions.Trx.TestLogger: Resolving assembly.
TpTrace Information: 0 : 13400, 2, 2026/07/20, 16:55:28.546, 347174204718, vstest.console.dll, AssemblyResolver.OnResolve: Microsoft.VisualStudio.TestPlatform.Extensions.Trx.TestLogger: Searching in: 'C:\Program Files\dotnet\sdk\10.0.400-preview.0.26322.102\Extensions'.
TpTrace Information: 0 : 13400, 2, 2026/07/20, 16:55:28.546, 347174209537, vstest.console.dll, AssemblyResolver.OnResolve: Microsoft.VisualStudio.TestPlatform.Extensions.Trx.TestLogger: Loading assembly 'C:\Program Files\dotnet\sdk\10.0.400-preview.0.26322.102\Extensions\Microsoft.VisualStudio.TestPlatform.Extensions.Trx.TestLogger.dll'.
TpTrace Information: 0 : 13400, 2, 2026/07/20, 16:55:28.547, 347174217029, vstest.console.dll, AssemblyResolver.TrackProvidedDependency: Resolved 'Microsoft.VisualStudio.TestPlatform.Extensions.Trx.TestLogger' from 'C:\Program Files\dotnet\sdk\10.0.400-preview.0.26322.102\Extensions' for 'unknown'.
TpTrace Information: 0 : 13400, 2, 2026/07/20, 16:55:28.547, 347174218378, vstest.console.dll, AssemblyResolver.OnResolve: Resolved assembly: Microsoft.VisualStudio.TestPlatform.Extensions.Trx.TestLogger, from path: C:\Program Files\dotnet\sdk\10.0.400-preview.0.26322.102\Extensions\Microsoft.VisualStudio.TestPlatform.Extensions.Trx.TestLogger.dll
TpTrace Verbose: 0 : 13400, 2, 2026/07/20, 16:55:28.547, 347174219356, vstest.console.dll, MetadataReaderExtensionsHelper: Discovering extensions inside assembly 'Microsoft.VisualStudio.TestPlatform.Extensions.Trx.TestLogger, Version=15.0.0.0, Culture=neutral, PublicKeyToken=b03f5f7f11d50a3a' file path 'C:\Program Files\dotnet\sdk\10.0.400-preview.0.26322.102\Extensions\Microsoft.VisualStudio.TestPlatform.Extensions.Trx.TestLogger.dll'
TpTrace Verbose: 0 : 13400, 2, 2026/07/20, 16:55:28.549, 347174240865, vstest.console.dll, TestPluginCache: Discovered the extensions using extension path ''.
TpTrace Verbose: 0 : 13400, 2, 2026/07/20, 16:55:28.549, 347174243429, vstest.console.dll, TestPluginCache: Discoverers are ''.
TpTrace Verbose: 0 : 13400, 2, 2026/07/20, 16:55:28.549, 347174244095, vstest.console.dll, TestPluginCache: Executors are ''.
TpTrace Verbose: 0 : 13400, 2, 2026/07/20, 16:55:28.550, 347174244610, vstest.console.dll, TestPluginCache: Executors2 are ''.
TpTrace Verbose: 0 : 13400, 2, 2026/07/20, 16:55:28.550, 347174245096, vstest.console.dll, TestPluginCache: Setting providers are ''.
TpTrace Verbose: 0 : 13400, 2, 2026/07/20, 16:55:28.550, 347174245709, vstest.console.dll, TestPluginCache: Loggers are ''.
TpTrace Verbose: 0 : 13400, 2, 2026/07/20, 16:55:28.550, 347174250770, vstest.console.dll, TestPluginCache: TestHosts are 'HostProvider://DefaultTestHost,HostProvider://DotnetTestHost'.
TpTrace Verbose: 0 : 13400, 2, 2026/07/20, 16:55:28.550, 347174252541, vstest.console.dll, TestPluginCache: DataCollectors are ''.
TpTrace Information: 0 : 13400, 2, 2026/07/20, 16:55:28.579, 347174542823, vstest.console.dll, RunTestsArgumentProcessor:Execute: Test run is starting.
TpTrace Verbose: 0 : 13400, 2, 2026/07/20, 16:55:28.580, 347174544552, vstest.console.dll, RunTestsArgumentProcessor:Execute: Queuing Test run.
TpTrace Information: 0 : 13400, 2, 2026/07/20, 16:55:28.580, 347174550402, vstest.console.dll, TestRequestManager.RunTests: run tests started.
TpTrace Information: 0 : 13400, 2, 2026/07/20, 16:55:28.583, 347174579417, vstest.console.dll, AssemblyMetadataProvider.GetFrameworkName: Determined framework:'.NETCoreApp,Version=v10.0' for source: 'C:\Integral2u\source\repos\SharpMind\SharpMind.Tests\bin\Debug\net10.0\SharpMind.Tests.dll'
TpTrace Information: 0 : 13400, 2, 2026/07/20, 16:55:28.583, 347174583128, vstest.console.dll, Determined framework for all sources: .NETCoreApp,Version=v10.0
TpTrace Verbose: 0 : 13400, 2, 2026/07/20, 16:55:28.593, 347174676835, vstest.console.dll, TestRequestManager.UpdateRunSettingsIfRequired: Default architecture: X64 IsDefaultTargetArchitecture: True, Current process architecture: X64 OperatingSystem: Windows.
TpTrace Information: 0 : 13400, 2, 2026/07/20, 16:55:28.599, 347174737830, vstest.console.dll, AssemblyMetadataProvider.GetArchitecture: Determined architecture:AnyCPU info for assembly: C:\Integral2u\source\repos\SharpMind\SharpMind.Tests\bin\Debug\net10.0\SharpMind.Tests.dll
TpTrace Information: 0 : 13400, 2, 2026/07/20, 16:55:28.599, 347174739688, vstest.console.dll, Determined platform for source 'C:\Integral2u\source\repos\SharpMind\SharpMind.Tests\bin\Debug\net10.0\SharpMind.Tests.dll' was AnyCPU and it will use the default plaform X64.
TpTrace Information: 0 : 13400, 2, 2026/07/20, 16:55:28.599, 347174740418, vstest.console.dll, None of the sources provided any runnable platform, using the default platform: X64
TpTrace Information: 0 : 13400, 2, 2026/07/20, 16:55:28.599, 347174743430, vstest.console.dll, Platform was updated to 'X64'.
TpTrace Information: 0 : 13400, 2, 2026/07/20, 16:55:28.608, 347174826638, vstest.console.dll, Compatible sources list: 
TpTrace Information: 0 : 13400, 2, 2026/07/20, 16:55:28.608, 347174828431, vstest.console.dll, C:\Integral2u\source\repos\SharpMind\SharpMind.Tests\bin\Debug\net10.0\SharpMind.Tests.dll
TpTrace Information: 0 : 13400, 2, 2026/07/20, 16:55:28.615, 347174894477, vstest.console.dll, InferRunSettingsHelper.IsTestSettingsEnabled: Unable to navigate to RunSettings/MSTest. Current node: RunSettings
TpTrace Information: 0 : 13400, 2, 2026/07/20, 16:55:28.616, 347174905683, vstest.console.dll, AssemblyResolver.OnResolve: Microsoft.VisualStudio.TestPlatform.Fakes: Resolving assembly.
TpTrace Information: 0 : 13400, 2, 2026/07/20, 16:55:28.616, 347174906996, vstest.console.dll, AssemblyResolver.OnResolve: Microsoft.VisualStudio.TestPlatform.Fakes: Searching in: 'C:\Program Files\dotnet\sdk\10.0.400-preview.0.26322.102\Extensions'.
TpTrace Information: 0 : 13400, 2, 2026/07/20, 16:55:28.616, 347174908838, vstest.console.dll, AssemblyResolver.OnResolve: Microsoft.VisualStudio.TestPlatform.Fakes: Assembly path does not exist: 'C:\Program Files\dotnet\sdk\10.0.400-preview.0.26322.102\Extensions\Microsoft.VisualStudio.TestPlatform.Fakes.dll', returning.
TpTrace Information: 0 : 13400, 2, 2026/07/20, 16:55:28.616, 347174910046, vstest.console.dll, AssemblyResolver.OnResolve: Microsoft.VisualStudio.TestPlatform.Fakes: Assembly path does not exist: 'C:\Program Files\dotnet\sdk\10.0.400-preview.0.26322.102\Extensions\Microsoft.VisualStudio.TestPlatform.Fakes.exe', returning.
TpTrace Information: 0 : 13400, 2, 2026/07/20, 16:55:28.616, 347174910534, vstest.console.dll, AssemblyResolver.OnResolve: Microsoft.VisualStudio.TestPlatform.Fakes: Searching in: 'C:\Program Files\dotnet\sdk\10.0.400-preview.0.26322.102'.
TpTrace Information: 0 : 13400, 2, 2026/07/20, 16:55:28.616, 347174911579, vstest.console.dll, AssemblyResolver.OnResolve: Microsoft.VisualStudio.TestPlatform.Fakes: Assembly path does not exist: 'C:\Program Files\dotnet\sdk\10.0.400-preview.0.26322.102\Microsoft.VisualStudio.TestPlatform.Fakes.dll', returning.
TpTrace Information: 0 : 13400, 2, 2026/07/20, 16:55:28.616, 347174912669, vstest.console.dll, AssemblyResolver.OnResolve: Microsoft.VisualStudio.TestPlatform.Fakes: Assembly path does not exist: 'C:\Program Files\dotnet\sdk\10.0.400-preview.0.26322.102\Microsoft.VisualStudio.TestPlatform.Fakes.exe', returning.
TpTrace Information: 0 : 13400, 2, 2026/07/20, 16:55:28.616, 347174913150, vstest.console.dll, AssemblyResolver.OnResolve: Microsoft.VisualStudio.TestPlatform.Fakes: Failed to load assembly.
TpTrace Information: 0 : 13400, 2, 2026/07/20, 16:55:28.617, 347174917515, vstest.console.dll, Failed to load assembly Microsoft.VisualStudio.TestPlatform.Fakes, Version=18.0.0.0, Culture=neutral. Reason:System.IO.FileNotFoundException: Could not load file or assembly 'Microsoft.VisualStudio.TestPlatform.Fakes, Version=18.0.0.0, Culture=neutral, PublicKeyToken=null'. The system cannot find the file specified.
File name: 'Microsoft.VisualStudio.TestPlatform.Fakes, Version=18.0.0.0, Culture=neutral, PublicKeyToken=null'
   at System.Reflection.RuntimeAssembly.InternalLoad(AssemblyName assemblyName, StackCrawlMark& stackMark, AssemblyLoadContext assemblyLoadContext, RuntimeAssembly requestingAssembly, Boolean throwOnFileNotFound)
   at System.Reflection.Assembly.Load(AssemblyName assemblyRef)
   at Microsoft.VisualStudio.TestPlatform.Common.Utilities.FakesUtilities.LoadTestPlatformAssembly() in /_/src/vstest/src/Microsoft.TestPlatform.Common/Utilities/FakesUtilities.cs:line 200
TpTrace Verbose: 0 : 13400, 2, 2026/07/20, 16:55:28.623, 347174981946, vstest.console.dll, TestPluginCache: Update extensions started. Skip filter = False
TpTrace Verbose: 0 : 13400, 2, 2026/07/20, 16:55:28.628, 347175024555, vstest.console.dll, TestPluginCache: Using directories for assembly resolution 'C:\Users\tarra\.nuget\packages\coverlet.collector\10.0.0\build\net10.0'.
TpTrace Verbose: 0 : 13400, 2, 2026/07/20, 16:55:28.628, 347175026549, vstest.console.dll, TestPluginCache: Updated the available extensions to 'C:\Users\tarra\.nuget\packages\coverlet.collector\10.0.0\build\net10.0\coverlet.collector.dll'.
TpTrace Verbose: 0 : 13400, 2, 2026/07/20, 16:55:28.657, 347175322359, vstest.console.dll, TestEngine: Initializing Parallel Execution as MaxCpuCount is set to: 1
TpTrace Information: 0 : 13400, 2, 2026/07/20, 16:55:28.660, 347175349240, vstest.console.dll, TestPluginManager.CreateTestExtension: Attempting to load test extension: Microsoft.VisualStudio.TestPlatform.CrossPlatEngine.Hosting.DefaultTestHostManager
TpTrace Information: 0 : 13400, 2, 2026/07/20, 16:55:28.662, 347175365268, vstest.console.dll, TestPluginManager.CreateTestExtension: Attempting to load test extension: Microsoft.VisualStudio.TestPlatform.CrossPlatEngine.Hosting.DotnetTestHostManager
TpTrace Verbose: 0 : 13400, 2, 2026/07/20, 16:55:28.662, 347175371266, vstest.console.dll, TestHostManagerCallbacks.ctor: Forwarding output is enabled.
TpTrace Information: 0 : 13400, 2, 2026/07/20, 16:55:28.663, 347175381571, vstest.console.dll, InferRunSettingsHelper.IsTestSettingsEnabled: Unable to navigate to RunSettings/MSTest. Current node: RunSettings
TpTrace Verbose: 0 : 13400, 2, 2026/07/20, 16:55:28.664, 347175393378, vstest.console.dll, ParallelOperationManager.ClearSlots: Clearing all slots. Slots should accept more work: True
TpTrace Verbose: 0 : 13400, 2, 2026/07/20, 16:55:28.670, 347175454005, vstest.console.dll, ParallelOperationManager.SetOccupiedSlotCount: Setting slot counts AvailableSlotCount = 1, OccupiedSlotCount = 0.
TpTrace Verbose: 0 : 13400, 2, 2026/07/20, 16:55:28.672, 347175465007, vstest.console.dll, Occupied slots:

TpTrace Verbose: 0 : 13400, 2, 2026/07/20, 16:55:28.683, 347175579085, vstest.console.dll, TestEngine.GetExecutionManager: Chosen execution manager 'Microsoft.VisualStudio.TestPlatform.CrossPlatEngine.Client.Parallel.ParallelProxyExecutionManager, Microsoft.TestPlatform.CrossPlatEngine, Version=15.0.0.0, Culture=neutral, PublicKeyToken=b03f5f7f11d50a3a' ParallelLevel '1'.
TpTrace Verbose: 0 : 13400, 2, 2026/07/20, 16:55:28.683, 347175582168, vstest.console.dll, TestPlatform.GetSkipDefaultAdapters: Not skipping default adapters SkipDefaultAdapters was false.
TpTrace Verbose: 0 : 13400, 2, 2026/07/20, 16:55:28.683, 347175584006, vstest.console.dll, TestRunRequest.ExecuteAsync: Creating test run request.
TpTrace Verbose: 0 : 13400, 2, 2026/07/20, 16:55:28.688, 347175632886, vstest.console.dll, TestRunRequest.ExecuteAsync: Starting.
TpTrace Information: 0 : 13400, 2, 2026/07/20, 16:55:28.689, 347175639498, vstest.console.dll, TestRunRequest.ExecuteAsync: Starting run with settings:TestRunCriteria:
   KeepAlive=False,FrequencyOfRunStatsChangeEvent=10,RunStatsChangeEventTimeout=00:00:01.5000000,TestCaseFilter=,TestExecutorLauncher=
   Settingsxml=<RunSettings>
  <RunConfiguration>
    <ResultsDirectory>C:\Integral2u\source\repos\SharpMind\SharpMind.Tests\TestResults</ResultsDirectory>
    <TargetPlatform>X64</TargetPlatform>
    <TargetFrameworkVersion>.NETCoreApp,Version=v10.0</TargetFrameworkVersion>
    <TestAdaptersPaths>C:\Users\tarra\.nuget\packages\coverlet.collector\10.0.0\build\net10.0\</TestAdaptersPaths>
    <DesignMode>False</DesignMode>
    <CollectSourceInformation>False</CollectSourceInformation>
  </RunConfiguration>
  <LoggerRunSettings>
    <Loggers>
      <Logger friendlyName="Console" assemblyQualifiedName="Microsoft.VisualStudio.TestPlatform.CommandLine.Internal.ConsoleLogger, vstest.console, Version=15.0.0.0, Culture=neutral, PublicKeyToken=b03f5f7f11d50a3a" codeBase="C:\Program Files\dotnet\sdk\10.0.400-preview.0.26322.102\vstest.console.dll" enabled="True">
        <Configuration>
          <Verbosity>minimal</Verbosity>
        </Configuration>
      </Logger>
    </Loggers>
  </LoggerRunSettings>
</RunSettings>

TpTrace Verbose: 0 : 13400, 2, 2026/07/20, 16:55:28.689, 347175642290, vstest.console.dll, TestRunRequest.ExecuteAsync: Wait for the first run request is over.
TpTrace Verbose: 0 : 13400, 2, 2026/07/20, 16:55:28.690, 347175650062, vstest.console.dll, MulticastDelegateUtilities.SafeInvoke: TestRun.TestRunStart: Invoking callbacks was skipped because there are no subscribers.
TpTrace Verbose: 0 : 13400, 4, 2026/07/20, 16:55:28.691, 347175655680, vstest.console.dll, MulticastDelegateUtilities.SafeInvoke: InternalTestLoggerEvents.SendTestRunStart: Invoking callback 1/1 for Microsoft.VisualStudio.TestPlatform.CommandLine.Internal.ConsoleLogger., took 0 ms.
TpTrace Verbose: 0 : 13400, 2, 2026/07/20, 16:55:28.693, 347175674307, vstest.console.dll, ParallelProxyExecutionManager: Start execution. Total sources: 1
TpTrace Verbose: 0 : 13400, 2, 2026/07/20, 16:55:28.693, 347175682825, vstest.console.dll, ParallelOperationManager.StartWork: Starting adding 1 workloads.
TpTrace Verbose: 0 : 13400, 2, 2026/07/20, 16:55:28.694, 347175685301, vstest.console.dll, ParallelOperationManager.ClearSlots: Clearing all slots. Slots should accept more work: True
TpTrace Verbose: 0 : 13400, 2, 2026/07/20, 16:55:28.694, 347175686995, vstest.console.dll, ParallelOperationManager.SetOccupiedSlotCount: Setting slot counts AvailableSlotCount = 1, OccupiedSlotCount = 0.
TpTrace Verbose: 0 : 13400, 2, 2026/07/20, 16:55:28.694, 347175687795, vstest.console.dll, Occupied slots:

TpTrace Verbose: 0 : 13400, 2, 2026/07/20, 16:55:28.698, 347175727125, vstest.console.dll, TestHostManagerCallbacks.ctor: Forwarding output is enabled.
TpTrace Verbose: 0 : 13400, 2, 2026/07/20, 16:55:28.699, 347175737138, vstest.console.dll, TestRequestSender is acting as server.
TpTrace Verbose: 0 : 13400, 2, 2026/07/20, 16:55:28.699, 347175744014, vstest.console.dll, ParallelOperationManager.RunWorkInParallel: Adding 1 workload to slot, remaining workloads 0.
TpTrace Verbose: 0 : 13400, 2, 2026/07/20, 16:55:28.700, 347175745171, vstest.console.dll, ParallelOperationManager.SetOccupiedSlotCount: Setting slot counts AvailableSlotCount = 0, OccupiedSlotCount = 1.
TpTrace Verbose: 0 : 13400, 2, 2026/07/20, 16:55:28.700, 347175747209, vstest.console.dll, Occupied slots:
0: C:\Integral2u\source\repos\SharpMind\SharpMind.Tests\bin\Debug\net10.0\SharpMind.Tests.dll
TpTrace Verbose: 0 : 13400, 2, 2026/07/20, 16:55:28.706, 347175808155, vstest.console.dll, ParallelOperationManager.RunWorkInParallel: Started host in slot number 0 for work (source): C:\Integral2u\source\repos\SharpMind\SharpMind.Tests\bin\Debug\net10.0\SharpMind.Tests.dll.
TpTrace Verbose: 0 : 13400, 5, 2026/07/20, 16:55:28.710, 347175854036, vstest.console.dll, ParallelProxyExecutionManager.StartTestRunOnConcurrentManager: Initializing uninitialized client. Started clients: 0
TpTrace Verbose: 0 : 13400, 5, 2026/07/20, 16:55:28.711, 347175855834, vstest.console.dll, ParallelProxyExecutionManager.StartTestRunOnConcurrentManager: Initializing test run. Started clients: 0
TpTrace Verbose: 0 : 13400, 5, 2026/07/20, 16:55:28.711, 347175857553, vstest.console.dll, ProxyExecutionManager: Test host is always Lazy initialize.
TpTrace Verbose: 0 : 13400, 5, 2026/07/20, 16:55:28.711, 347175863036, vstest.console.dll, TestRequestSender.InitializeCommunication: initialize communication. 
TpTrace Verbose: 0 : 13400, 2, 2026/07/20, 16:55:28.758, 347176328401, vstest.console.dll, ParallelOperationManager.RunWorkInParallel: We started 1 work items, which is the max parallel level. Won't start more work.
TpTrace Verbose: 0 : 13400, 2, 2026/07/20, 16:55:28.759, 347176336761, vstest.console.dll, ParallelOperationManager.RunWorkInParallel: We started 1 work items in here, returning True.
TpTrace Information: 0 : 13400, 2, 2026/07/20, 16:55:28.759, 347176338306, vstest.console.dll, TestRunRequest.ExecuteAsync: Started.
TpTrace Verbose: 0 : 13400, 2, 2026/07/20, 16:55:28.759, 347176340426, vstest.console.dll, TestRunRequest.WaitForCompletion: Waiting with timeout -1.
TpTrace Information: 0 : 13400, 5, 2026/07/20, 16:55:28.776, 347176507738, vstest.console.dll, SocketServer.Start: Listening on endpoint : 127.0.0.1:54997
TpTrace Verbose: 0 : 13400, 5, 2026/07/20, 16:55:28.874, 347177490607, vstest.console.dll, DotnetTestHostmanager.GetTestHostProcessStartInfo: Platform environment 'X64' target architecture 'X64' framework '.NETCoreApp,Version=v10.0' OS 'Windows'
TpTrace Verbose: 0 : 13400, 5, 2026/07/20, 16:55:28.874, 347177493507, vstest.console.dll, DotnetTestHostmanager.LaunchTestHostAsync: VSTEST_DOTNET_ROOT_PATH=C:\Program Files\dotnet
TpTrace Verbose: 0 : 13400, 5, 2026/07/20, 16:55:28.875, 347177494273, vstest.console.dll, DotnetTestHostmanager.LaunchTestHostAsync: VSTEST_DOTNET_ROOT_ARCHITECTURE=X64
TpTrace Verbose: 0 : 13400, 5, 2026/07/20, 16:55:28.875, 347177496108, vstest.console.dll, DotnetTestHostManager.SetDotnetRootForArchitecture: Adding DOTNET_ROOT_X64=C:\Program Files\dotnet to testhost start info.
TpTrace Verbose: 0 : 13400, 5, 2026/07/20, 16:55:28.875, 347177499346, vstest.console.dll, DotnetTestHostmanager: Adding  --runtimeconfig "C:\Integral2u\source\repos\SharpMind\SharpMind.Tests\bin\Debug\net10.0\SharpMind.Tests.runtimeconfig.json" in args
TpTrace Verbose: 0 : 13400, 5, 2026/07/20, 16:55:28.875, 347177500797, vstest.console.dll, DotnetTestHostmanager: Adding  --depsfile "C:\Integral2u\source\repos\SharpMind\SharpMind.Tests\bin\Debug\net10.0\SharpMind.Tests.deps.json" in args
TpTrace Verbose: 0 : 13400, 5, 2026/07/20, 16:55:28.875, 347177504074, vstest.console.dll, DotnetTestHostmanager.IsWinOnArm: Current PROCESSOR_ARCHITECTURE from environment variable 'AMD64'
TpTrace Verbose: 0 : 13400, 5, 2026/07/20, 16:55:28.876, 347177505547, vstest.console.dll, DotnetTestHostmanager.IsWinOnArm: Is Windows on ARM 'False'
TpTrace Verbose: 0 : 13400, 5, 2026/07/20, 16:55:28.876, 347177507855, vstest.console.dll, DotnetTestHostManager: testhost.exe found at path: C:\Integral2u\source\repos\SharpMind\SharpMind.Tests\bin\Debug\net10.0\testhost.exe
TpTrace Verbose: 0 : 13400, 5, 2026/07/20, 16:55:28.876, 347177508859, vstest.console.dll, DotnetTestHostmanager: Full path of host exe is C:\Integral2u\source\repos\SharpMind\SharpMind.Tests\bin\Debug\net10.0\testhost.exe
TpTrace Verbose: 0 : 13400, 5, 2026/07/20, 16:55:28.888, 347177625534, vstest.console.dll, DotnetTestHostManager: Starting process '0' with command line '1' and DOTNET environment: DOTNET_ROOT_X64=C:\Program Files\dotnet, DOTNET_ROOT=C:\Program Files\dotnet 
TpTrace Verbose: 0 : 13400, 5, 2026/07/20, 16:55:28.888, 347177627209, vstest.console.dll, DotnetTestHostManager: Launching testhost with CreateNoWindow=True
TpTrace Verbose: 0 : 13400, 5, 2026/07/20, 16:55:29.040, 347179153443, vstest.console.dll, Test Runtime launched
TpTrace Verbose: 0 : 13400, 5, 2026/07/20, 16:55:29.041, 347179155556, vstest.console.dll, MulticastDelegateUtilities.SafeInvoke: HostProviderEvents.OnHostLaunched: Invoking callback 1/1 for Microsoft.VisualStudio.TestPlatform.CrossPlatEngine.Client.ProxyOperationManager., took 0 ms.
TpTrace Verbose: 0 : 13400, 5, 2026/07/20, 16:55:29.041, 347179161636, vstest.console.dll, TestRequestSender.WaitForRequestHandlerConnection: waiting for connection with timeout: 90000.
TpTrace Verbose: 0 : 13400, 5, 2026/07/20, 16:55:29.429, 347183043850, vstest.console.dll, TestRequestSender.WaitForRequestHandlerConnection: waiting took 388 ms, with timeout 90000 ms, and result 0, which is success.
TpTrace Verbose: 0 : 13400, 13, 2026/07/20, 16:55:29.429, 347183043848, vstest.console.dll, MulticastDelegateUtilities.SafeInvoke: SocketServer: ClientConnected: Invoking callback 1/1 for Microsoft.VisualStudio.TestPlatform.CommunicationUtilities.TestRequestSender., took 0 ms.
TpTrace Verbose: 0 : 13400, 13, 2026/07/20, 16:55:29.430, 347183048141, vstest.console.dll, SocketServer.OnClientConnected: Client connected for endPoint: 127.0.0.1:54997, starting MessageLoopAsync:
TpTrace Verbose: 0 : 13400, 13, 2026/07/20, 16:55:29.431, 347183057218, vstest.console.dll, TcpClientExtensions.MessageLoopAsync: Polling on remoteEndPoint: 127.0.0.1:54998 localEndPoint: 127.0.0.1:54997 after 0 ms
TpTrace Verbose: 0 : 13400, 5, 2026/07/20, 16:55:29.530, 347184051374, vstest.console.dll, TestRequestSender.CheckVersionWithTestHost: Sending check version message: {"MessageType":"ProtocolVersion","Payload":7}
TpTrace Verbose: 0 : 13400, 13, 2026/07/20, 16:55:29.833, 347187080301, vstest.console.dll, TcpClientExtensions.MessageLoopAsync: NotifyDataAvailable remoteEndPoint: 127.0.0.1:54998 localEndPoint: 127.0.0.1:54997
TpTrace Verbose: 0 : 13400, 13, 2026/07/20, 16:55:29.834, 347187086177, vstest.console.dll, TestRequestSender.CheckVersionWithTestHost: onMessageReceived received message: (ProtocolVersion) -> {"MessageType":"ProtocolVersion","Payload":7}
TpTrace Verbose: 0 : 13400, 13, 2026/07/20, 16:55:29.845, 347187202188, vstest.console.dll, MulticastDelegateUtilities.SafeInvoke: LengthPrefixCommunicationChannel: MessageReceived: Invoking callback 1/1 for Microsoft.VisualStudio.TestPlatform.CommunicationUtilities.TestRequestSender+<>c__DisplayClass29_0., took 11 ms.
TpTrace Verbose: 0 : 13400, 13, 2026/07/20, 16:55:29.846, 347187204572, vstest.console.dll, TcpClientExtensions.MessageLoopAsync: Polling on remoteEndPoint: 127.0.0.1:54998 localEndPoint: 127.0.0.1:54997 after 414 ms
TpTrace Verbose: 0 : 13400, 5, 2026/07/20, 16:55:29.846, 347187205647, vstest.console.dll, TestPluginCache.GetExtensionPaths: Filtered extension paths: 
TpTrace Verbose: 0 : 13400, 5, 2026/07/20, 16:55:29.846, 347187206499, vstest.console.dll, TestPluginCache.GetExtensionPaths: Added default extension paths: C:\Program Files\dotnet\sdk\10.0.400-preview.0.26322.102\Extensions\Microsoft.Diagnostics.NETCore.Client.dll
C:\Program Files\dotnet\sdk\10.0.400-preview.0.26322.102\Extensions\Microsoft.TestPlatform.Extensions.BlameDataCollector.dll
C:\Program Files\dotnet\sdk\10.0.400-preview.0.26322.102\Extensions\Microsoft.TestPlatform.Extensions.EventLogCollector.dll
C:\Program Files\dotnet\sdk\10.0.400-preview.0.26322.102\Extensions\Microsoft.TestPlatform.TestHostRuntimeProvider.dll
C:\Program Files\dotnet\sdk\10.0.400-preview.0.26322.102\Extensions\Microsoft.VisualStudio.TestPlatform.Extensions.Html.TestLogger.dll
C:\Program Files\dotnet\sdk\10.0.400-preview.0.26322.102\Extensions\Microsoft.VisualStudio.TestPlatform.Extensions.Trx.TestLogger.dll
TpTrace Verbose: 0 : 13400, 5, 2026/07/20, 16:55:29.846, 347187207541, vstest.console.dll, TestPluginCache.GetExtensionPaths: Added unfilterableExtensionPaths: 
TpTrace Verbose: 0 : 13400, 13, 2026/07/20, 16:55:29.857, 347187319644, vstest.console.dll, TcpClientExtensions.MessageLoopAsync: NotifyDataAvailable remoteEndPoint: 127.0.0.1:54998 localEndPoint: 127.0.0.1:54997
TpTrace Verbose: 0 : 13400, 5, 2026/07/20, 16:55:29.859, 347187334541, vstest.console.dll, TestRequestSender.InitializeExecution: Sending initialize execution with message: {"Version":7,"MessageType":"TestExecution.Initialize","Payload":["C:\\Integral2u\\source\\repos\\SharpMind\\SharpMind.Tests\\bin\\Debug\\net10.0\\xunit.runner.visualstudio.testadapter.dll"]}
TpTrace Verbose: 0 : 13400, 5, 2026/07/20, 16:55:29.859, 347187339134, vstest.console.dll, ParallelProxyExecutionManager.StartTestRunOnConcurrentManager: Execution starting. Started clients: 1
TpTrace Warning: 0 : 13400, 5, 2026/07/20, 16:55:29.860, 347187346939, vstest.console.dll, InferRunSettingsHelper.MakeRunsettingsCompatible: Removing the following settings: TargetPlatform from RunSettings file. To use those settings please move to latest version of Microsoft.NET.Test.Sdk
TpTrace Verbose: 0 : 13400, 13, 2026/07/20, 16:55:29.862, 347187364743, vstest.console.dll, TestRequestSender.OnExecutionMessageReceived: Received message: {"Version":7,"MessageType":"TestSession.Message","Payload":{"MessageLevel":0,"Message":"Logging TestHost Diagnostics in file: C:\\Integral2u\\source\\repos\\SharpMind\\test-results.host.26-07-20_16-55-28_87371_5.txt"}}
TpTrace Verbose: 0 : 13400, 13, 2026/07/20, 16:55:29.873, 347187478686, vstest.console.dll, TestRunRequest:SendTestRunMessage: Starting.
TpTrace Verbose: 0 : 13400, 13, 2026/07/20, 16:55:29.873, 347187482362, vstest.console.dll, MulticastDelegateUtilities.SafeInvoke: TestRun.LogMessages: Invoking callback 1/1 for Microsoft.VisualStudio.TestPlatform.CommandLine.TestRunResultAggregator., took 0 ms.
TpTrace Information: 0 : 13400, 13, 2026/07/20, 16:55:29.873, 347187483689, vstest.console.dll, TestRunRequest:SendTestRunMessage: Completed.
TpTrace Verbose: 0 : 13400, 13, 2026/07/20, 16:55:29.874, 347187484515, vstest.console.dll, MulticastDelegateUtilities.SafeInvoke: LengthPrefixCommunicationChannel: MessageReceived: Invoking callback 1/1 for Microsoft.VisualStudio.TestPlatform.CommunicationUtilities.TestRequestSender+<>c__DisplayClass34_0., took 12 ms.
TpTrace Verbose: 0 : 13400, 13, 2026/07/20, 16:55:29.874, 347187485332, vstest.console.dll, TcpClientExtensions.MessageLoopAsync: Polling on remoteEndPoint: 127.0.0.1:54998 localEndPoint: 127.0.0.1:54997 after 27 ms
TpTrace Verbose: 0 : 13400, 4, 2026/07/20, 16:55:29.874, 347187491017, vstest.console.dll, MulticastDelegateUtilities.SafeInvoke: InternalTestLoggerEvents.SendTestRunMessage: Invoking callback 1/1 for Microsoft.VisualStudio.TestPlatform.CommandLine.Internal.ConsoleLogger., took 0 ms.
TpTrace Verbose: 0 : 13400, 5, 2026/07/20, 16:55:29.881, 347187562773, vstest.console.dll, TestRequestSender.StartTestRun: Sending test run with message: {"Version":7,"MessageType":"TestExecution.StartWithSources","Payload":{"AdapterSourceMap":{"_none_":["C:\\Integral2u\\source\\repos\\SharpMind\\SharpMind.Tests\\bin\\Debug\\net10.0\\SharpMind.Tests.dll"]},"RunSettings":"<RunSettings>\r\n  <RunConfiguration>\r\n    <ResultsDirectory>C:\\Integral2u\\source\\repos\\SharpMind\\SharpMind.Tests\\TestResults</ResultsDirectory>\r\n    <TargetFrameworkVersion>.NETCoreApp,Version=v10.0</TargetFrameworkVersion>\r\n    <TestAdaptersPaths>C:\\Users\\tarra\\.nuget\\packages\\coverlet.collector\\10.0.0\\build\\net10.0\\</TestAdaptersPaths>\r\n    <DesignMode>False</DesignMode>\r\n    <CollectSourceInformation>False</CollectSourceInformation>\r\n  </RunConfiguration>\r\n  <LoggerRunSettings>\r\n    <Loggers>\r\n      <Logger friendlyName=\"Console\" assemblyQualifiedName=\"Microsoft.VisualStudio.TestPlatform.CommandLine.Internal.ConsoleLogger, vstest.console, Version=15.0.0.0, Culture=neutral, PublicKeyToken=b03f5f7f11d50a3a\" codeBase=\"C:\\Program Files\\dotnet\\sdk\\10.0.400-preview.0.26322.102\\vstest.console.dll\" enabled=\"True\">\r\n        <Configuration>\r\n          <Verbosity>minimal</Verbosity>\r\n        </Configuration>\r\n      </Logger>\r\n    </Loggers>\r\n  </LoggerRunSettings>\r\n</RunSettings>","TestExecutionContext":{"FrequencyOfRunStatsChangeEvent":10,"RunStatsChangeEventTimeout":"00:00:01.5000000","InIsolation":false,"KeepAlive":false,"AreTestCaseLevelEventsRequired":false,"IsDebug":false,"TestCaseFilter":null,"FilterOptions":null},"Package":null}}
TpTrace Verbose: 0 : 13400, 5, 2026/07/20, 16:55:29.882, 347187565884, vstest.console.dll, ParallelProxyExecutionManager.StartTestRunOnConcurrentManager: Execution started. Started clients: 1
TpTrace Verbose: 0 : 13400, 13, 2026/07/20, 16:55:30.399, 347192742647, vstest.console.dll, TcpClientExtensions.MessageLoopAsync: NotifyDataAvailable remoteEndPoint: 127.0.0.1:54998 localEndPoint: 127.0.0.1:54997
TpTrace Verbose: 0 : 13400, 13, 2026/07/20, 16:55:30.400, 347192744968, vstest.console.dll, TestRequestSender.OnExecutionMessageReceived: Received message: {"Version":7,"MessageType":"TestSession.Message","Payload":{"MessageLevel":0,"Message":"[xUnit.net 00:00:00.01] xUnit.net VSTest Adapter v3.1.5+1b188a7b0a (64-bit .NET 10.0.9)"}}
TpTrace Verbose: 0 : 13400, 13, 2026/07/20, 16:55:30.400, 347192750787, vstest.console.dll, TestRunRequest:SendTestRunMessage: Starting.
TpTrace Verbose: 0 : 13400, 13, 2026/07/20, 16:55:30.400, 347192752612, vstest.console.dll, MulticastDelegateUtilities.SafeInvoke: TestRun.LogMessages: Invoking callback 1/1 for Microsoft.VisualStudio.TestPlatform.CommandLine.TestRunResultAggregator., took 0 ms.
TpTrace Information: 0 : 13400, 13, 2026/07/20, 16:55:30.401, 347192754388, vstest.console.dll, TestRunRequest:SendTestRunMessage: Completed.
TpTrace Verbose: 0 : 13400, 13, 2026/07/20, 16:55:30.401, 347192755804, vstest.console.dll, MulticastDelegateUtilities.SafeInvoke: LengthPrefixCommunicationChannel: MessageReceived: Invoking callback 1/1 for Microsoft.VisualStudio.TestPlatform.CommunicationUtilities.TestRequestSender+<>c__DisplayClass34_0., took 1 ms.
TpTrace Verbose: 0 : 13400, 13, 2026/07/20, 16:55:30.401, 347192757006, vstest.console.dll, TcpClientExtensions.MessageLoopAsync: Polling on remoteEndPoint: 127.0.0.1:54998 localEndPoint: 127.0.0.1:54997 after 527 ms
TpTrace Verbose: 0 : 13400, 4, 2026/07/20, 16:55:30.402, 347192774226, vstest.console.dll, MulticastDelegateUtilities.SafeInvoke: InternalTestLoggerEvents.SendTestRunMessage: Invoking callback 1/1 for Microsoft.VisualStudio.TestPlatform.CommandLine.Internal.ConsoleLogger., took 2 ms.
TpTrace Verbose: 0 : 13400, 13, 2026/07/20, 16:55:30.706, 347195810291, vstest.console.dll, TcpClientExtensions.MessageLoopAsync: NotifyDataAvailable remoteEndPoint: 127.0.0.1:54998 localEndPoint: 127.0.0.1:54997
TpTrace Verbose: 0 : 13400, 13, 2026/07/20, 16:55:30.706, 347195812091, vstest.console.dll, TestRequestSender.OnExecutionMessageReceived: Received message: {"Version":7,"MessageType":"TestSession.Message","Payload":{"MessageLevel":0,"Message":"[xUnit.net 00:00:00.32]   Discovering: SharpMind.Tests"}}
TpTrace Verbose: 0 : 13400, 13, 2026/07/20, 16:55:30.706, 347195814138, vstest.console.dll, TestRunRequest:SendTestRunMessage: Starting.
TpTrace Verbose: 0 : 13400, 13, 2026/07/20, 16:55:30.707, 347195815269, vstest.console.dll, MulticastDelegateUtilities.SafeInvoke: TestRun.LogMessages: Invoking callback 1/1 for Microsoft.VisualStudio.TestPlatform.CommandLine.TestRunResultAggregator., took 0 ms.
TpTrace Verbose: 0 : 13400, 4, 2026/07/20, 16:55:30.707, 347195815422, vstest.console.dll, MulticastDelegateUtilities.SafeInvoke: InternalTestLoggerEvents.SendTestRunMessage: Invoking callback 1/1 for Microsoft.VisualStudio.TestPlatform.CommandLine.Internal.ConsoleLogger., took 0 ms.
TpTrace Information: 0 : 13400, 13, 2026/07/20, 16:55:30.707, 347195816008, vstest.console.dll, TestRunRequest:SendTestRunMessage: Completed.
TpTrace Verbose: 0 : 13400, 13, 2026/07/20, 16:55:30.707, 347195817788, vstest.console.dll, MulticastDelegateUtilities.SafeInvoke: LengthPrefixCommunicationChannel: MessageReceived: Invoking callback 1/1 for Microsoft.VisualStudio.TestPlatform.CommunicationUtilities.TestRequestSender+<>c__DisplayClass34_0., took 0 ms.
TpTrace Verbose: 0 : 13400, 13, 2026/07/20, 16:55:30.707, 347195818724, vstest.console.dll, TcpClientExtensions.MessageLoopAsync: Polling on remoteEndPoint: 127.0.0.1:54998 localEndPoint: 127.0.0.1:54997 after 306 ms
TpTrace Verbose: 0 : 13400, 13, 2026/07/20, 16:55:31.719, 347205941024, vstest.console.dll, TcpClientExtensions.MessageLoopAsync: Polling on remoteEndPoint: 127.0.0.1:54998 localEndPoint: 127.0.0.1:54997 after 1012 ms
TpTrace Verbose: 0 : 13400, 13, 2026/07/20, 16:55:32.082, 347209573678, vstest.console.dll, TcpClientExtensions.MessageLoopAsync: NotifyDataAvailable remoteEndPoint: 127.0.0.1:54998 localEndPoint: 127.0.0.1:54997
TpTrace Verbose: 0 : 13400, 13, 2026/07/20, 16:55:32.083, 347209576068, vstest.console.dll, TestRequestSender.OnExecutionMessageReceived: Received message: {"Version":7,"MessageType":"TestSession.Message","Payload":{"MessageLevel":0,"Message":"[xUnit.net 00:00:01.69]   Discovered:  SharpMind.Tests"}}
TpTrace Verbose: 0 : 13400, 13, 2026/07/20, 16:55:32.083, 347209579564, vstest.console.dll, TestRunRequest:SendTestRunMessage: Starting.
TpTrace Verbose: 0 : 13400, 13, 2026/07/20, 16:55:32.083, 347209580954, vstest.console.dll, MulticastDelegateUtilities.SafeInvoke: TestRun.LogMessages: Invoking callback 1/1 for Microsoft.VisualStudio.TestPlatform.CommandLine.TestRunResultAggregator., took 0 ms.
TpTrace Verbose: 0 : 13400, 4, 2026/07/20, 16:55:32.083, 347209581193, vstest.console.dll, MulticastDelegateUtilities.SafeInvoke: InternalTestLoggerEvents.SendTestRunMessage: Invoking callback 1/1 for Microsoft.VisualStudio.TestPlatform.CommandLine.Internal.ConsoleLogger., took 0 ms.
TpTrace Information: 0 : 13400, 13, 2026/07/20, 16:55:32.083, 347209582449, vstest.console.dll, TestRunRequest:SendTestRunMessage: Completed.
TpTrace Verbose: 0 : 13400, 13, 2026/07/20, 16:55:32.083, 347209583166, vstest.console.dll, MulticastDelegateUtilities.SafeInvoke: LengthPrefixCommunicationChannel: MessageReceived: Invoking callback 1/1 for Microsoft.VisualStudio.TestPlatform.CommunicationUtilities.TestRequestSender+<>c__DisplayClass34_0., took 0 ms.
TpTrace Verbose: 0 : 13400, 13, 2026/07/20, 16:55:32.083, 347209583741, vstest.console.dll, TcpClientExtensions.MessageLoopAsync: Polling on remoteEndPoint: 127.0.0.1:54998 localEndPoint: 127.0.0.1:54997 after 363 ms
TpTrace Verbose: 0 : 13400, 13, 2026/07/20, 16:55:32.279, 347211536529, vstest.console.dll, TcpClientExtensions.MessageLoopAsync: NotifyDataAvailable remoteEndPoint: 127.0.0.1:54998 localEndPoint: 127.0.0.1:54997
TpTrace Verbose: 0 : 13400, 13, 2026/07/20, 16:55:32.279, 347211538619, vstest.console.dll, TestRequestSender.OnExecutionMessageReceived: Received message: {"Version":7,"MessageType":"TestSession.Message","Payload":{"MessageLevel":0,"Message":"[xUnit.net 00:00:01.89]   Starting:    SharpMind.Tests"}}
TpTrace Verbose: 0 : 13400, 13, 2026/07/20, 16:55:32.279, 347211540454, vstest.console.dll, TestRunRequest:SendTestRunMessage: Starting.
TpTrace Verbose: 0 : 13400, 13, 2026/07/20, 16:55:32.279, 347211541572, vstest.console.dll, MulticastDelegateUtilities.SafeInvoke: TestRun.LogMessages: Invoking callback 1/1 for Microsoft.VisualStudio.TestPlatform.CommandLine.TestRunResultAggregator., took 0 ms.
TpTrace Verbose: 0 : 13400, 4, 2026/07/20, 16:55:32.279, 347211541877, vstest.console.dll, MulticastDelegateUtilities.SafeInvoke: InternalTestLoggerEvents.SendTestRunMessage: Invoking callback 1/1 for Microsoft.VisualStudio.TestPlatform.CommandLine.Internal.ConsoleLogger., took 0 ms.
TpTrace Information: 0 : 13400, 13, 2026/07/20, 16:55:32.279, 347211542499, vstest.console.dll, TestRunRequest:SendTestRunMessage: Completed.
TpTrace Verbose: 0 : 13400, 13, 2026/07/20, 16:55:32.280, 347211544199, vstest.console.dll, MulticastDelegateUtilities.SafeInvoke: LengthPrefixCommunicationChannel: MessageReceived: Invoking callback 1/1 for Microsoft.VisualStudio.TestPlatform.CommunicationUtilities.TestRequestSender+<>c__DisplayClass34_0., took 0 ms.
TpTrace Verbose: 0 : 13400, 13, 2026/07/20, 16:55:32.280, 347211544901, vstest.console.dll, TcpClientExtensions.MessageLoopAsync: Polling on remoteEndPoint: 127.0.0.1:54998 localEndPoint: 127.0.0.1:54997 after 195 ms
TpTrace Verbose: 0 : 13400, 13, 2026/07/20, 16:55:32.456, 347213307346, vstest.console.dll, TcpClientExtensions.MessageLoopAsync: NotifyDataAvailable remoteEndPoint: 127.0.0.1:54998 localEndPoint: 127.0.0.1:54997
TpTrace Verbose: 0 : 13400, 13, 2026/07/20, 16:55:32.456, 347213310072, vstest.console.dll, TestRequestSender.OnExecutionMessageReceived: Received message: {"Version":7,"MessageType":"TestExecution.StatsChange","Payload":{"NewTestResults":[],"TestRunStatistics":{"ExecutedTests":0,"Stats":{}},"ActiveTests":[{"Id":"e84ed3e5-148a-7a74-60be-532aa85e8f24","FullyQualifiedName":"SharpMind.Tests.ModelFormat.DtypeOpsTests.ElementSize_INT4_Returns1","DisplayName":"SharpMind.Tests.ModelFormat.DtypeOpsTests.ElementSize_INT4_Returns1","ExecutorUri":"executor://xunit/VsTestRunner3/netcore/","Source":"C:\\Integral2u\\source\\repos\\SharpMind\\SharpMind.Tests\\bin\\Debug\\net10.0\\SharpMind.Tests.dll","CodeFilePath":null,"LineNumber":0,"Properties":[{"Key":{"Id":"TestCase.ManagedMethod","Label":"ManagedMethod","Category":"","Description":"","Attributes":1,"ValueType":"System.String"},"Value":"ElementSize_INT4_Returns1"},{"Key":{"Id":"TestCase.ManagedType","Label":"ManagedType","Category":"","Description":"","Attributes":1,"ValueType":"System.String"},"Value":"SharpMind.Tests.ModelFormat.DtypeOpsTests"},{"Key":{"Id":"XunitTestCaseExplicit","Label":"xUnit.net Test Case Explicit Flag","Category":"","Description":"","Attributes":0,"ValueType":"System.Boolean"},"Value":false},{"Key":{"Id":"XunitTestCaseUniqueID","Label":"xUnit.net Test Case Unique ID","Category":"","Description":"","Attributes":0,"ValueType":"System.String"},"Value":"07e6a516947f0d53344ee918e44334793ea81652"}]}]}}
TpTrace Verbose: 0 : 13400, 13, 2026/07/20, 16:55:32.511, 347213863251, vstest.console.dll, TestRunRequest:SendTestRunStatsChange: Starting.
TpTrace Verbose: 0 : 13400, 13, 2026/07/20, 16:55:32.512, 347213866923, vstest.console.dll, InProgress is SharpMind.Tests.ModelFormat.DtypeOpsTests.ElementSize_INT4_Returns1
TpTrace Verbose: 0 : 13400, 13, 2026/07/20, 16:55:32.512, 347213869173, vstest.console.dll, MulticastDelegateUtilities.SafeInvoke: TestRun.RunStatsChanged: Invoking callbacks was skipped because there are no subscribers.
TpTrace Information: 0 : 13400, 13, 2026/07/20, 16:55:32.512, 347213869826, vstest.console.dll, TestRunRequest:SendTestRunStatsChange: Completed.
TpTrace Verbose: 0 : 13400, 13, 2026/07/20, 16:55:32.512, 347213870368, vstest.console.dll, MulticastDelegateUtilities.SafeInvoke: LengthPrefixCommunicationChannel: MessageReceived: Invoking callback 1/1 for Microsoft.VisualStudio.TestPlatform.CommunicationUtilities.TestRequestSender+<>c__DisplayClass34_0., took 56 ms.
TpTrace Verbose: 0 : 13400, 13, 2026/07/20, 16:55:32.512, 347213871729, vstest.console.dll, TcpClientExtensions.MessageLoopAsync: Polling on remoteEndPoint: 127.0.0.1:54998 localEndPoint: 127.0.0.1:54997 after 232 ms
TpTrace Verbose: 0 : 13400, 13, 2026/07/20, 16:55:32.983, 347218576678, vstest.console.dll, TcpClientExtensions.MessageLoopAsync: NotifyDataAvailable remoteEndPoint: 127.0.0.1:54998 localEndPoint: 127.0.0.1:54997
TpTrace Verbose: 0 : 13400, 13, 2026/07/20, 16:55:32.991, 347218656770, vstest.console.dll, TestRequestSender.OnExecutionMessageReceived: Received message: {"Version":7,"MessageType":"TestExecution.StatsChange","Payload":{"NewTestResults":[{"TestCase":{"Id":"e84ed3e5-148a-7a74-60be-532aa85e8f24","FullyQualifiedName":"SharpMind.Tests.ModelFormat.DtypeOpsTests.ElementSize_INT4_Returns1","DisplayName":"SharpMind.Tests.ModelFormat.DtypeOpsTests.ElementSize_INT4_Returns1","ExecutorUri":"executor://xunit/VsTestRunner3/netcore/","Source":"C:\\Integral2u\\source\\repos\\SharpMind\\SharpMind.Tests\\bin\\Debug\\net10.0\\SharpMind.Tests.dll","CodeFilePath":null,"LineNumber":0,"Properties":[{"Key":{"Id":"TestCase.ManagedMethod","Label":"ManagedMethod","Category":"","Description":"","Attributes":1,"ValueType":"System.String"},"Value":"ElementSize_INT4_Returns1"},{"Key":{"Id":"TestCase.ManagedType","Label":"ManagedType","Category":"","Description":"","Attributes":1,"ValueType":"System.String"},"Value":"SharpMind.Tests.ModelFormat.DtypeOpsTests"},{"Key":{"Id":"XunitTestCaseExplicit","Label":"xUnit.net Test Case Explicit Flag","Category":"","Description":"","Attributes":0,"ValueType":"System.Boolean"},"Value":false},{"Key":{"Id":"XunitTestCaseUniqueID","Label":"xUnit.net Test Case Unique ID","Category":"","Description":"","Attributes":0,"ValueType":"System.String"},"Value":"07e6a516947f0d53344ee918e44334793ea81652"}]},"Attachments":[],"Outcome":1,"ErrorMessage":null,"ErrorStackTrace":null,"DisplayName":"SharpMind.Tests.ModelFormat.DtypeOpsTests.ElementSize_INT4_Returns1","Messages":[],"ComputerName":"LAPTOP-MKMTSO1B","Duration":"00:00:00.5008804","StartTime":"2026-07-20T04:55:32.4642414+00:00","EndTime":"2026-07-20T04:55:32.8915945+00:00","Properties":[]},{"TestCase":{"Id":"4d73bffc-0aa8-507a-5c01-9306a0900c1b","FullyQualifiedName":"SharpMind.Tests.ModelFormat.DtypeOpsTests.ElementSize_F16_Returns2","DisplayName":"SharpMind.Tests.ModelFormat.DtypeOpsTests.ElementSize_F16_Returns2","ExecutorUri":"executor://xunit/VsTestRunner3/netcore/","Source":"C:\\Integral2u\\source\\repos\\SharpMind\\SharpMind.Tests\\bin\\Debug\\net10.0\\SharpMind.Tests.dll","CodeFilePath":null,"LineNumber":0,"Properties":[{"Key":{"Id":"TestCase.ManagedMethod","Label":"ManagedMethod","Category":"","Description":"","Attributes":1,"ValueType":"System.String"},"Value":"ElementSize_F16_Returns2"},{"Key":{"Id":"TestCase.ManagedType","Label":"ManagedType","Category":"","Description":"","Attributes":1,"ValueType":"System.String"},"Value":"SharpMind.Tests.ModelFormat.DtypeOpsTests"},{"Key":{"Id":"XunitTestCaseExplicit","Label":"xUnit.net Test Case Explicit Flag","Category":"","Description":"","Attributes":0,"ValueType":"System.Boolean"},"Value":false},{"Key":{"Id":"XunitTestCaseUniqueID","Label":"xUnit.net Test Case Unique ID","Category":"","Description":"","Attributes":0,"ValueType":"System.String"},"Value":"177564b89759684b8197683c282cec1af1b5c978"}]},"Attachments":[],"Outcome":1,"ErrorMessage":null,"ErrorStackTrace":null,"DisplayName":"SharpMind.Tests.ModelFormat.DtypeOpsTests.ElementSize_F16_Returns2","Messages":[],"ComputerName":"LAPTOP-MKMTSO1B","Duration":"00:00:00.0002676","StartTime":"2026-07-20T04:55:32.948531+00:00","EndTime":"2026-07-20T04:55:32.9488014+00:00","Properties":[]},{"TestCase":{"Id":"1a8cbbb3-b171-5892-99ab-81e2dc146d77","FullyQualifiedName":"SharpMind.Tests.ModelFormat.DtypeOpsTests.ElementSize_F32_Returns4","DisplayName":"SharpMind.Tests.ModelFormat.DtypeOpsTests.ElementSize_F32_Returns4","ExecutorUri":"executor://xunit/VsTestRunner3/netcore/","Source":"C:\\Integral2u\\source\\repos\\SharpMind\\SharpMind.Tests\\bin\\Debug\\net10.0\\SharpMind.Tests.dll","CodeFilePath":null,"LineNumber":0,"Properties":[{"Key":{"Id":"TestCase.ManagedMethod","Label":"ManagedMethod","Category":"","Description":"","Attributes":1,"ValueType":"System.String"},"Value":"ElementSize_F32_Returns4"},{"Key":{"Id":"TestCase.ManagedType","Label":"ManagedType","Category":"","Description":"","Attributes":1,"ValueType":"System.String"},"Value":"SharpMind.Tests.ModelFormat.DtypeOpsTests"},{"Key":{"Id":"XunitTestCaseExplicit","Label":"xUnit.net Test Case Explicit Flag","Category":"","Description":"","Attributes":0,"ValueType":"System.Boolean"},"Value":false},{"Key":{"Id":"XunitTestCaseUniqueID","Label":"xUnit.net Test Case Unique ID","Category":"","Description":"","Attributes":0,"ValueType":"System.String"},"Value":"537fc19bfd2f5ece8f79627b42bd1203ae7062a4"}]},"Attachments":[],"Outcome":1,"ErrorMessage":null,"ErrorStackTrace":null,"DisplayName":"SharpMind.Tests.ModelFormat.DtypeOpsTests.ElementSize_F32_Returns4","Messages":[],"ComputerName":"LAPTOP-MKMTSO1B","Duration":"00:00:00.0001870","StartTime":"2026-07-20T04:55:32.9543159+00:00","EndTime":"2026-07-20T04:55:32.9545333+00:00","Properties":[]},{"TestCase":{"Id":"adc27607-1708-efec-aa0d-8fba6b1b833a","FullyQualifiedName":"SharpMind.Tests.ModelFormat.DtypeOpsTests.ConvertToFloat_INT8_Deiquantize","DisplayName":"SharpMind.Tests.ModelFormat.DtypeOpsTests.ConvertToFloat_INT8_Deiquantize","ExecutorUri":"executor://xunit/VsTestRunner3/netcore/","Source":"C:\\Integral2u\\source\\repos\\SharpMind\\SharpMind.Tests\\bin\\Debug\\net10.0\\SharpMind.Tests.dll","CodeFilePath":null,"LineNumber":0,"Properties":[{"Key":{"Id":"TestCase.ManagedMethod","Label":"ManagedMethod","Category":"","Description":"","Attributes":1,"ValueType":"System.String"},"Value":"ConvertToFloat_INT8_Deiquantize"},{"Key":{"Id":"TestCase.ManagedType","Label":"ManagedType","Category":"","Description":"","Attributes":1,"ValueType":"System.String"},"Value":"SharpMind.Tests.ModelFormat.DtypeOpsTests"},{"Key":{"Id":"XunitTestCaseExplicit","Label":"xUnit.net Test Case Explicit Flag","Category":"","Description":"","Attributes":0,"ValueType":"System.Boolean"},"Value":false},{"Key":{"Id":"XunitTestCaseUniqueID","Label":"xUnit.net Test Case Unique ID","Category":"","Description":"","Attributes":0,"ValueType":"System.String"},"Value":"677de638ad5b30661a41f50d85e14af201d13bb1"}]},"Attachments":[],"Outcome":1,"ErrorMessage":null,"ErrorStackTrace":null,"DisplayName":"SharpMind.Tests.ModelFormat.DtypeOpsTests.ConvertToFloat_INT8_Deiquantize","Messages":[],"ComputerName":"LAPTOP-MKMTSO1B","Duration":"00:00:00.0145056","StartTime":"2026-07-20T04:55:32.9571225+00:00","EndTime":"2026-07-20T04:55:32.9572782+00:00","Properties":[]},{"TestCase":{"Id":"9404167a-e4e6-7408-18bf-52f50b5ca937","FullyQualifiedName":"SharpMind.Tests.ModelFormat.DtypeOpsTests.ConvertToFloat_F16_Roundtrip_Close","DisplayName":"SharpMind.Tests.ModelFormat.DtypeOpsTests.ConvertToFloat_F16_Roundtrip_Close","ExecutorUri":"executor://xunit/VsTestRunner3/netcore/","Source":"C:\\Integral2u\\source\\repos\\SharpMind\\SharpMind.Tests\\bin\\Debug\\net10.0\\SharpMind.Tests.dll","CodeFilePath":null,"LineNumber":0,"Properties":[{"Key":{"Id":"TestCase.ManagedMethod","Label":"ManagedMethod","Category":"","Description":"","Attributes":1,"ValueType":"System.String"},"Value":"ConvertToFloat_F16_Roundtrip_Close"},{"Key":{"Id":"TestCase.ManagedType","Label":"ManagedType","Category":"","Description":"","Attributes":1,"ValueType":"System.String"},"Value":"SharpMind.Tests.ModelFormat.DtypeOpsTests"},{"Key":{"Id":"XunitTestCaseExplicit","Label":"xUnit.net Test Case Explicit Flag","Category":"","Description":"","Attributes":0,"ValueType":"System.Boolean"},"Value":false},{"Key":{"Id":"XunitTestCaseUniqueID","Label":"xUnit.net Test Case Unique ID","Category":"","Description":"","Attributes":0,"ValueType":"System.String"},"Value":"786dd8063a006aa02da48f1203fc92b0baa9acd0"}]},"Attachments":[],"Outcome":1,"ErrorMessage":null,"ErrorStackTrace":null,"DisplayName":"SharpMind.Tests.ModelFormat.DtypeOpsTests.ConvertToFloat_F16_Roundtrip_Close","Messages":[],"ComputerName":"LAPTOP-MKMTSO1B","Duration":"00:00:00.0189679","StartTime":"2026-07-20T04:55:32.9579882+00:00","EndTime":"2026-07-20T04:55:32.9581192+00:00","Properties":[]},{"TestCase":{"Id":"921c9c3e-061a-8ef9-b1e1-43ab058540cd","FullyQualifiedName":"SharpMind.Tests.ModelFormat.DtypeOpsTests.ConvertToFloat_InvalidDtype_Throws","DisplayName":"SharpMind.Tests.ModelFormat.DtypeOpsTests.ConvertToFloat_InvalidDtype_Throws","ExecutorUri":"executor://xunit/VsTestRunner3/netcore/","Source":"C:\\Integral2u\\source\\repos\\SharpMind\\SharpMind.Tests\\bin\\Debug\\net10.0\\SharpMind.Tests.dll","CodeFilePath":null,"LineNumber":0,"Properties":[{"Key":{"Id":"TestCase.ManagedMethod","Label":"ManagedMethod","Category":"","Description":"","Attributes":1,"ValueType":"System.String"},"Value":"ConvertToFloat_InvalidDtype_Throws"},{"Key":{"Id":"TestCase.ManagedType","Label":"ManagedType","Category":"","Description":"","Attributes":1,"ValueType":"System.String"},"Value":"SharpMind.Tests.ModelFormat.DtypeOpsTests"},{"Key":{"Id":"XunitTestCaseExplicit","Label":"xUnit.net Test Case Explicit Flag","Category":"","Description":"","Attributes":0,"ValueType":"System.Boolean"},"Value":false},{"Key":{"Id":"XunitTestCaseUniqueID","Label":"xUnit.net Test Case Unique ID","Category":"","Description":"","Attributes":0,"ValueType":"System.String"},"Value":"97c958a4b85fcf2f2ca2be71eef5264624cbd387"}]},"Attachments":[],"Outcome":1,"ErrorMessage":null,"ErrorStackTrace":null,"DisplayName":"SharpMind.Tests.ModelFormat.DtypeOpsTests.ConvertToFloat_InvalidDtype_Throws","Messages":[],"ComputerName":"LAPTOP-MKMTSO1B","Duration":"00:00:00.0049603","StartTime":"2026-07-20T04:55:32.9588579+00:00","EndTime":"2026-07-20T04:55:32.959005+00:00","Properties":[]},{"TestCase":{"Id":"9ba9a8a8-1ea0-2d80-ee35-34f416520cbf","FullyQualifiedName":"SharpMind.Tests.ModelFormat.DtypeOpsTests.ElementSize_INT8_Returns1","DisplayName":"SharpMind.Tests.ModelFormat.DtypeOpsTests.ElementSize_INT8_Returns1","ExecutorUri":"executor://xunit/VsTestRunner3/netcore/","Source":"C:\\Integral2u\\source\\repos\\SharpMind\\SharpMind.Tests\\bin\\Debug\\net10.0\\SharpMind.Tests.dll","CodeFilePath":null,"LineNumber":0,"Properties":[{"Key":{"Id":"TestCase.ManagedMethod","Label":"ManagedMethod","Category":"","Description":"","Attributes":1,"ValueType":"System.String"},"Value":"ElementSize_INT8_Returns1"},{"Key":{"Id":"TestCase.ManagedType","Label":"ManagedType","Category":"","Description":"","Attributes":1,"ValueType":"System.String"},"Value":"SharpMind.Tests.ModelFormat.DtypeOpsTests"},{"Key":{"Id":"XunitTestCaseExplicit","Label":"xUnit.net Test Case Explicit Flag","Category":"","Description":"","Attributes":0,"ValueType":"System.Boolean"},"Value":false},{"Key":{"Id":"XunitTestCaseUniqueID","Label":"xUnit.net Test Case Unique ID","Category":"","Description":"","Attributes":0,"ValueType":"System.String"},"Value":"a4e783cfe961a4469b014743a0e7f347d6489eab"}]},"Attachments":[],"Outcome":1,"ErrorMessage":null,"ErrorStackTrace":null,"DisplayName":"SharpMind.Tests.ModelFormat.DtypeOpsTests.ElementSize_INT8_Returns1","Messages":[],"ComputerName":"LAPTOP-MKMTSO1B","Duration":"00:00:00.0002400","StartTime":"2026-07-20T04:55:32.9600226+00:00","EndTime":"2026-07-20T04:55:32.9602081+00:00","Properties":[]},{"TestCase":{"Id":"382d0745-e55b-df6a-520e-ba56457d7de6","FullyQualifiedName":"SharpMind.Tests.ModelFormat.DtypeOpsTests.ConvertToFloat_INT4_Unpack","DisplayName":"SharpMind.Tests.ModelFormat.DtypeOpsTests.ConvertToFloat_INT4_Unpack","ExecutorUri":"executor://xunit/VsTestRunner3/netcore/","Source":"C:\\Integral2u\\source\\repos\\SharpMind\\SharpMind.Tests\\bin\\Debug\\net10.0\\SharpMind.Tests.dll","CodeFilePath":null,"LineNumber":0,"Properties":[{"Key":{"Id":"TestCase.ManagedMethod","Label":"ManagedMethod","Category":"","Description":"","Attributes":1,"ValueType":"System.String"},"Value":"ConvertToFloat_INT4_Unpack"},{"Key":{"Id":"TestCase.ManagedType","Label":"ManagedType","Category":"","Description":"","Attributes":1,"ValueType":"System.String"},"Value":"SharpMind.Tests.ModelFormat.DtypeOpsTests"},{"Key":{"Id":"XunitTestCaseExplicit","Label":"xUnit.net Test Case Explicit Flag","Category":"","Description":"","Attributes":0,"ValueType":"System.Boolean"},"Value":false},{"Key":{"Id":"XunitTestCaseUniqueID","Label":"xUnit.net Test Case Unique ID","Category":"","Description":"","Attributes":0,"ValueType":"System.String"},"Value":"ae8ca9dd91348cd1953df4e1e3bc136cd11de06d"}]},"Attachments":[],"Outcome":1,"ErrorMessage":null,"ErrorStackTrace":null,"DisplayName":"SharpMind.Tests.ModelFormat.DtypeOpsTests.ConvertToFloat_INT4_Unpack","Messages":[],"ComputerName":"LAPTOP-MKMTSO1B","Duration":"00:00:00.0012656","StartTime":"2026-07-20T04:55:32.9611049+00:00","EndTime":"2026-07-20T04:55:32.9612804+00:00","Properties":[]}],"TestRunStatistics":{"ExecutedTests":8,"Stats":{"Passed":8}},"ActiveTests":[{"Id":"10de384e-2881-685d-ab12-f01563337f06","FullyQualifiedName":"SharpMind.Tests.Data.CompositeSourceTests.RoundRobin_InterleavesSources","DisplayName":"SharpMind.Tests.Data.CompositeSourceTests.RoundRobin_InterleavesSources","ExecutorUri":"executor://xunit/VsTestRunner3/netcore/","Source":"C:\\Integral2u\\source\\repos\\SharpMind\\SharpMind.Tests\\bin\\Debug\\net10.0\\SharpMind.Tests.dll","CodeFilePath":null,"LineNumber":0,"Properties":[{"Key":{"Id":"TestCase.ManagedMethod","Label":"ManagedMethod","Category":"","Description":"","Attributes":1,"ValueType":"System.String"},"Value":"RoundRobin_InterleavesSources"},{"Key":{"Id":"TestCase.ManagedType","Label":"ManagedType","Category":"","Description":"","Attributes":1,"ValueType":"System.String"},"Value":"SharpMind.Tests.Data.CompositeSourceTests"},{"Key":{"Id":"XunitTestCaseExplicit","Label":"xUnit.net Test Case Explicit Flag","Category":"","Description":"","Attributes":0,"ValueType":"System.Boolean"},"Value":false},{"Key":{"Id":"XunitTestCaseUniqueID","Label":"xUnit.net Test Case Unique ID","Category":"","Description":"","Attributes":0,"ValueType":"System.String"},"Value":"154bd5fa18bc40df6ebfee35e84dd8600acf6d6b"}]},{"Id":"5bccd1c2-8e00-7406-e53f-cc9a142a4e70","FullyQualifiedName":"SharpMind.Tests.ModelFormat.DtypeOpsTests.ConvertToFloat_F32_Roundtrip_Exact","DisplayName":"SharpMind.Tests.ModelFormat.DtypeOpsTests.ConvertToFloat_F32_Roundtrip_Exact","ExecutorUri":"executor://xunit/VsTestRunner3/netcore/","Source":"C:\\Integral2u\\source\\repos\\SharpMind\\SharpMind.Tests\\bin\\Debug\\net10.0\\SharpMind.Tests.dll","CodeFilePath":null,"LineNumber":0,"Properties":[{"Key":{"Id":"TestCase.ManagedMethod","Label":"ManagedMethod","Category":"","Description":"","Attributes":1,"ValueType":"System.String"},"Value":"ConvertToFloat_F32_Roundtrip_Exact"},{"Key":{"Id":"TestCase.ManagedType","Label":"ManagedType","Category":"","Description":"","Attributes":1,"ValueType":"System.String"},"Value":"SharpMind.Tests.ModelFormat.DtypeOpsTests"},{"Key":{"Id":"XunitTestCaseExplicit","Label":"xUnit.net Test Case Explicit Flag","Category":"","Description":"","Attributes":0,"ValueType":"System.Boolean"},"Value":false},{"Key":{"Id":"XunitTestCaseUniqueID","Label":"xUnit.net Test Case Unique ID","Category":"","Description":"","Attributes":0,"ValueType":"System.String"},"Value":"c87bad3aa1b280c13cb2bdfa9f28e8be65d8cae3"}]}]}}
TpTrace Verbose: 0 : 13400, 13, 2026/07/20, 16:55:33.012, 347218864532, vstest.console.dll, TestRunRequest:SendTestRunStatsChange: Starting.
TpTrace Verbose: 0 : 13400, 13, 2026/07/20, 16:55:33.012, 347218866317, vstest.console.dll, InProgress is SharpMind.Tests.Data.CompositeSourceTests.RoundRobin_InterleavesSources
TpTrace Verbose: 0 : 13400, 13, 2026/07/20, 16:55:33.012, 347218867063, vstest.console.dll, InProgress is SharpMind.Tests.ModelFormat.DtypeOpsTests.ConvertToFloat_F32_Roundtrip_Exact
TpTrace Verbose: 0 : 13400, 13, 2026/07/20, 16:55:33.012, 347218871277, vstest.console.dll, MulticastDelegateUtilities.SafeInvoke: TestRun.RunStatsChanged: Invoking callbacks was skipped because there are no subscribers.
TpTrace Information: 0 : 13400, 13, 2026/07/20, 16:55:33.012, 347218872246, vstest.console.dll, TestRunRequest:SendTestRunStatsChange: Completed.
TpTrace Verbose: 0 : 13400, 13, 2026/07/20, 16:55:33.012, 347218872944, vstest.console.dll, MulticastDelegateUtilities.SafeInvoke: LengthPrefixCommunicationChannel: MessageReceived: Invoking callback 1/1 for Microsoft.VisualStudio.TestPlatform.CommunicationUtilities.TestRequestSender+<>c__DisplayClass34_0., took 21 ms.
TpTrace Verbose: 0 : 13400, 13, 2026/07/20, 16:55:33.012, 347218873649, vstest.console.dll, TcpClientExtensions.MessageLoopAsync: Polling on remoteEndPoint: 127.0.0.1:54998 localEndPoint: 127.0.0.1:54997 after 500 ms
TpTrace Verbose: 0 : 13400, 4, 2026/07/20, 16:55:33.016, 347218905376, vstest.console.dll, MulticastDelegateUtilities.SafeInvoke: InternalTestLoggerEvents.SendTestResult: Invoking callback 1/1 for Microsoft.VisualStudio.TestPlatform.CommandLine.Internal.ConsoleLogger., took 3 ms.
TpTrace Verbose: 0 : 13400, 4, 2026/07/20, 16:55:33.017, 347218915216, vstest.console.dll, MulticastDelegateUtilities.SafeInvoke: InternalTestLoggerEvents.SendTestResult: Invoking callback 1/1 for Microsoft.VisualStudio.TestPlatform.CommandLine.Internal.ConsoleLogger., took 0 ms.
TpTrace Verbose: 0 : 13400, 4, 2026/07/20, 16:55:33.017, 347218917156, vstest.console.dll, MulticastDelegateUtilities.SafeInvoke: InternalTestLoggerEvents.SendTestResult: Invoking callback 1/1 for Microsoft.VisualStudio.TestPlatform.CommandLine.Internal.ConsoleLogger., took 0 ms.
TpTrace Verbose: 0 : 13400, 4, 2026/07/20, 16:55:33.017, 347218918413, vstest.console.dll, MulticastDelegateUtilities.SafeInvoke: InternalTestLoggerEvents.SendTestResult: Invoking callback 1/1 for Microsoft.VisualStudio.TestPlatform.CommandLine.Internal.ConsoleLogger., took 0 ms.
TpTrace Verbose: 0 : 13400, 4, 2026/07/20, 16:55:33.017, 347218919252, vstest.console.dll, MulticastDelegateUtilities.SafeInvoke: InternalTestLoggerEvents.SendTestResult: Invoking callback 1/1 for Microsoft.VisualStudio.TestPlatform.CommandLine.Internal.ConsoleLogger., took 0 ms.
TpTrace Verbose: 0 : 13400, 4, 2026/07/20, 16:55:33.017, 347218920956, vstest.console.dll, MulticastDelegateUtilities.SafeInvoke: InternalTestLoggerEvents.SendTestResult: Invoking callback 1/1 for Microsoft.VisualStudio.TestPlatform.CommandLine.Internal.ConsoleLogger., took 0 ms.
TpTrace Verbose: 0 : 13400, 4, 2026/07/20, 16:55:33.017, 347218922135, vstest.console.dll, MulticastDelegateUtilities.SafeInvoke: InternalTestLoggerEvents.SendTestResult: Invoking callback 1/1 for Microsoft.VisualStudio.TestPlatform.CommandLine.Internal.ConsoleLogger., took 0 ms.
TpTrace Verbose: 0 : 13400, 4, 2026/07/20, 16:55:33.017, 347218923548, vstest.console.dll, MulticastDelegateUtilities.SafeInvoke: InternalTestLoggerEvents.SendTestResult: Invoking callback 1/1 for Microsoft.VisualStudio.TestPlatform.CommandLine.Internal.ConsoleLogger., took 0 ms.
TpTrace Verbose: 0 : 13400, 13, 2026/07/20, 16:55:33.096, 347219711532, vstest.console.dll, TcpClientExtensions.MessageLoopAsync: NotifyDataAvailable remoteEndPoint: 127.0.0.1:54998 localEndPoint: 127.0.0.1:54997
TpTrace Verbose: 0 : 13400, 13, 2026/07/20, 16:55:33.097, 347219717967, vstest.console.dll, TestRequestSender.OnExecutionMessageReceived: Received message: {"Version":7,"MessageType":"TestExecution.StatsChange","Payload":{"NewTestResults":[{"TestCase":{"Id":"5bccd1c2-8e00-7406-e53f-cc9a142a4e70","FullyQualifiedName":"SharpMind.Tests.ModelFormat.DtypeOpsTests.ConvertToFloat_F32_Roundtrip_Exact","DisplayName":"SharpMind.Tests.ModelFormat.DtypeOpsTests.ConvertToFloat_F32_Roundtrip_Exact","ExecutorUri":"executor://xunit/VsTestRunner3/netcore/","Source":"C:\\Integral2u\\source\\repos\\SharpMind\\SharpMind.Tests\\bin\\Debug\\net10.0\\SharpMind.Tests.dll","CodeFilePath":null,"LineNumber":0,"Properties":[{"Key":{"Id":"TestCase.ManagedMethod","Label":"ManagedMethod","Category":"","Description":"","Attributes":1,"ValueType":"System.String"},"Value":"ConvertToFloat_F32_Roundtrip_Exact"},{"Key":{"Id":"TestCase.ManagedType","Label":"ManagedType","Category":"","Description":"","Attributes":1,"ValueType":"System.String"},"Value":"SharpMind.Tests.ModelFormat.DtypeOpsTests"},{"Key":{"Id":"XunitTestCaseExplicit","Label":"xUnit.net Test Case Explicit Flag","Category":"","Description":"","Attributes":0,"ValueType":"System.Boolean"},"Value":false},{"Key":{"Id":"XunitTestCaseUniqueID","Label":"xUnit.net Test Case Unique ID","Category":"","Description":"","Attributes":0,"ValueType":"System.String"},"Value":"c87bad3aa1b280c13cb2bdfa9f28e8be65d8cae3"}]},"Attachments":[],"Outcome":1,"ErrorMessage":null,"ErrorStackTrace":null,"DisplayName":"SharpMind.Tests.ModelFormat.DtypeOpsTests.ConvertToFloat_F32_Roundtrip_Exact","Messages":[],"ComputerName":"LAPTOP-MKMTSO1B","Duration":"00:00:00.0050989","StartTime":"2026-07-20T04:55:32.9835457+00:00","EndTime":"2026-07-20T04:55:32.9837223+00:00","Properties":[]},{"TestCase":{"Id":"83fb304b-dd97-1bc6-ace5-48262e223165","FullyQualifiedName":"SharpMind.Tests.Core.RoPETests.Apply_PreservesShape","DisplayName":"SharpMind.Tests.Core.RoPETests.Apply_PreservesShape","ExecutorUri":"executor://xunit/VsTestRunner3/netcore/","Source":"C:\\Integral2u\\source\\repos\\SharpMind\\SharpMind.Tests\\bin\\Debug\\net10.0\\SharpMind.Tests.dll","CodeFilePath":null,"LineNumber":0,"Properties":[{"Key":{"Id":"TestCase.ManagedMethod","Label":"ManagedMethod","Category":"","Description":"","Attributes":1,"ValueType":"System.String"},"Value":"Apply_PreservesShape"},{"Key":{"Id":"TestCase.ManagedType","Label":"ManagedType","Category":"","Description":"","Attributes":1,"ValueType":"System.String"},"Value":"SharpMind.Tests.Core.RoPETests"},{"Key":{"Id":"XunitTestCaseExplicit","Label":"xUnit.net Test Case Explicit Flag","Category":"","Description":"","Attributes":0,"ValueType":"System.Boolean"},"Value":false},{"Key":{"Id":"XunitTestCaseUniqueID","Label":"xUnit.net Test Case Unique ID","Category":"","Description":"","Attributes":0,"ValueType":"System.String"},"Value":"28b7a1d677baa634025f8197d28954736c0289b4"}]},"Attachments":[],"Outcome":1,"ErrorMessage":null,"ErrorStackTrace":null,"DisplayName":"SharpMind.Tests.Core.RoPETests.Apply_PreservesShape","Messages":[],"ComputerName":"LAPTOP-MKMTSO1B","Duration":"00:00:00.0209059","StartTime":"2026-07-20T04:55:33.0558095+00:00","EndTime":"2026-07-20T04:55:33.0764781+00:00","Properties":[]},{"TestCase":{"Id":"f01a1c81-c671-76d2-3e96-1018c5c4b33b","FullyQualifiedName":"SharpMind.Tests.Core.RoPETests.Apply_ZeroPosition_CosSin0","DisplayName":"SharpMind.Tests.Core.RoPETests.Apply_ZeroPosition_CosSin0","ExecutorUri":"executor://xunit/VsTestRunner3/netcore/","Source":"C:\\Integral2u\\source\\repos\\SharpMind\\SharpMind.Tests\\bin\\Debug\\net10.0\\SharpMind.Tests.dll","CodeFilePath":null,"LineNumber":0,"Properties":[{"Key":{"Id":"TestCase.ManagedMethod","Label":"ManagedMethod","Category":"","Description":"","Attributes":1,"ValueType":"System.String"},"Value":"Apply_ZeroPosition_CosSin0"},{"Key":{"Id":"TestCase.ManagedType","Label":"ManagedType","Category":"","Description":"","Attributes":1,"ValueType":"System.String"},"Value":"SharpMind.Tests.Core.RoPETests"},{"Key":{"Id":"XunitTestCaseExplicit","Label":"xUnit.net Test Case Explicit Flag","Category":"","Description":"","Attributes":0,"ValueType":"System.Boolean"},"Value":false},{"Key":{"Id":"XunitTestCaseUniqueID","Label":"xUnit.net Test Case Unique ID","Category":"","Description":"","Attributes":0,"ValueType":"System.String"},"Value":"69a298ab059c631898b0db15e33206feaca4877c"}]},"Attachments":[],"Outcome":1,"ErrorMessage":null,"ErrorStackTrace":null,"DisplayName":"SharpMind.Tests.Core.RoPETests.Apply_ZeroPosition_CosSin0","Messages":[],"ComputerName":"LAPTOP-MKMTSO1B","Duration":"00:00:00.0031809","StartTime":"2026-07-20T04:55:33.0774316+00:00","EndTime":"2026-07-20T04:55:33.0797785+00:00","Properties":[]},{"TestCase":{"Id":"796379f0-7f17-479e-d5aa-19e5786d4f92","FullyQualifiedName":"SharpMind.Tests.Core.RoPETests.Apply_WrongHeadDim_Throws","DisplayName":"SharpMind.Tests.Core.RoPETests.Apply_WrongHeadDim_Throws","ExecutorUri":"executor://xunit/VsTestRunner3/netcore/","Source":"C:\\Integral2u\\source\\repos\\SharpMind\\SharpMind.Tests\\bin\\Debug\\net10.0\\SharpMind.Tests.dll","CodeFilePath":null,"LineNumber":0,"Properties":[{"Key":{"Id":"TestCase.ManagedMethod","Label":"ManagedMethod","Category":"","Description":"","Attributes":1,"ValueType":"System.String"},"Value":"Apply_WrongHeadDim_Throws"},{"Key":{"Id":"TestCase.ManagedType","Label":"ManagedType","Category":"","Description":"","Attributes":1,"ValueType":"System.String"},"Value":"SharpMind.Tests.Core.RoPETests"},{"Key":{"Id":"XunitTestCaseExplicit","Label":"xUnit.net Test Case Explicit Flag","Category":"","Description":"","Attributes":0,"ValueType":"System.Boolean"},"Value":false},{"Key":{"Id":"XunitTestCaseUniqueID","Label":"xUnit.net Test Case Unique ID","Category":"","Description":"","Attributes":0,"ValueType":"System.String"},"Value":"a6055aabffcda6ffc3dc24626678c793a41793fb"}]},"Attachments":[],"Outcome":1,"ErrorMessage":null,"ErrorStackTrace":null,"DisplayName":"SharpMind.Tests.Core.RoPETests.Apply_WrongHeadDim_Throws","Messages":[],"ComputerName":"LAPTOP-MKMTSO1B","Duration":"00:00:00.0016653","StartTime":"2026-07-20T04:55:33.0807941+00:00","EndTime":"2026-07-20T04:55:33.0819177+00:00","Properties":[]},{"TestCase":{"Id":"6c79de35-46d3-e965-923c-ebc496aac112","FullyQualifiedName":"SharpMind.Tests.Data.PseudoLanguageGeneratorTests.Generator_GeneratePatterns_ReturnsValidSequences","DisplayName":"SharpMind.Tests.Data.PseudoLanguageGeneratorTests.Generator_GeneratePatterns_ReturnsValidSequences","ExecutorUri":"executor://xunit/VsTestRunner3/netcore/","Source":"C:\\Integral2u\\source\\repos\\SharpMind\\SharpMind.Tests\\bin\\Debug\\net10.0\\SharpMind.Tests.dll","CodeFilePath":null,"LineNumber":0,"Properties":[{"Key":{"Id":"TestCase.ManagedMethod","Label":"ManagedMethod","Category":"","Description":"","Attributes":1,"ValueType":"System.String"},"Value":"Generator_GeneratePatterns_ReturnsValidSequences"},{"Key":{"Id":"TestCase.ManagedType","Label":"ManagedType","Category":"","Description":"","Attributes":1,"ValueType":"System.String"},"Value":"SharpMind.Tests.Data.PseudoLanguageGeneratorTests"},{"Key":{"Id":"XunitTestCaseExplicit","Label":"xUnit.net Test Case Explicit Flag","Category":"","Description":"","Attributes":0,"ValueType":"System.Boolean"},"Value":false},{"Key":{"Id":"XunitTestCaseUniqueID","Label":"xUnit.net Test Case Unique ID","Category":"","Description":"","Attributes":0,"ValueType":"System.String"},"Value":"12f9eff7587a03a02e6a537d5021b2da094a662f"}]},"Attachments":[],"Outcome":1,"ErrorMessage":null,"ErrorStackTrace":null,"DisplayName":"SharpMind.Tests.Data.PseudoLanguageGeneratorTests.Generator_GeneratePatterns_ReturnsValidSequences","Messages":[],"ComputerName":"LAPTOP-MKMTSO1B","Duration":"00:00:00.0891314","StartTime":"2026-07-20T04:55:33.0306296+00:00","EndTime":"2026-07-20T04:55:33.0828925+00:00","Properties":[]},{"TestCase":{"Id":"8c673be4-2faa-12b4-d630-bf12db78c1e1","FullyQualifiedName":"SharpMind.Tests.Core.RoPETests.Apply_OutputNotAllSame","DisplayName":"SharpMind.Tests.Core.RoPETests.Apply_OutputNotAllSame","ExecutorUri":"executor://xunit/VsTestRunner3/netcore/","Source":"C:\\Integral2u\\source\\repos\\SharpMind\\SharpMind.Tests\\bin\\Debug\\net10.0\\SharpMind.Tests.dll","CodeFilePath":null,"LineNumber":0,"Properties":[{"Key":{"Id":"TestCase.ManagedMethod","Label":"ManagedMethod","Category":"","Description":"","Attributes":1,"ValueType":"System.String"},"Value":"Apply_OutputNotAllSame"},{"Key":{"Id":"TestCase.ManagedType","Label":"ManagedType","Category":"","Description":"","Attributes":1,"ValueType":"System.String"},"Value":"SharpMind.Tests.Core.RoPETests"},{"Key":{"Id":"XunitTestCaseExplicit","Label":"xUnit.net Test Case Explicit Flag","Category":"","Description":"","Attributes":0,"ValueType":"System.Boolean"},"Value":false},{"Key":{"Id":"XunitTestCaseUniqueID","Label":"xUnit.net Test Case Unique ID","Category":"","Description":"","Attributes":0,"ValueType":"System.String"},"Value":"d98e98d39644f071e039f16fe548999f497ca027"}]},"Attachments":[],"Outcome":1,"ErrorMessage":null,"ErrorStackTrace":null,"DisplayName":"SharpMind.Tests.Core.RoPETests.Apply_OutputNotAllSame","Messages":[],"ComputerName":"LAPTOP-MKMTSO1B","Duration":"00:00:00.0010391","StartTime":"2026-07-20T04:55:33.0827646+00:00","EndTime":"2026-07-20T04:55:33.0837391+00:00","Properties":[]},{"TestCase":{"Id":"e794a3c9-7ffd-ecb2-35b6-6456136c112b","FullyQualifiedName":"SharpMind.Tests.Core.RoPETests.Apply_ExceedsMaxSeqLen_Throws","DisplayName":"SharpMind.Tests.Core.RoPETests.Apply_ExceedsMaxSeqLen_Throws","ExecutorUri":"executor://xunit/VsTestRunner3/netcore/","Source":"C:\\Integral2u\\source\\repos\\SharpMind\\SharpMind.Tests\\bin\\Debug\\net10.0\\SharpMind.Tests.dll","CodeFilePath":null,"LineNumber":0,"Properties":[{"Key":{"Id":"TestCase.ManagedMethod","Label":"ManagedMethod","Category":"","Description":"","Attributes":1,"ValueType":"System.String"},"Value":"Apply_ExceedsMaxSeqLen_Throws"},{"Key":{"Id":"TestCase.ManagedType","Label":"ManagedType","Category":"","Description":"","Attributes":1,"ValueType":"System.String"},"Value":"SharpMind.Tests.Core.RoPETests"},{"Key":{"Id":"XunitTestCaseExplicit","Label":"xUnit.net Test Case Explicit Flag","Category":"","Description":"","Attributes":0,"ValueType":"System.Boolean"},"Value":false},{"Key":{"Id":"XunitTestCaseUniqueID","Label":"xUnit.net Test Case Unique ID","Category":"","Description":"","Attributes":0,"ValueType":"System.String"},"Value":"ecdc356f580a34ce49ba1c573be06595f3dadc97"}]},"Attachments":[],"Outcome":1,"ErrorMessage":null,"ErrorStackTrace":null,"DisplayName":"SharpMind.Tests.Core.RoPETests.Apply_ExceedsMaxSeqLen_Throws","Messages":[],"ComputerName":"LAPTOP-MKMTSO1B","Duration":"00:00:00.0008952","StartTime":"2026-07-20T04:55:33.0888609+00:00","EndTime":"2026-07-20T04:55:33.0889928+00:00","Properties":[]},{"TestCase":{"Id":"c70561fa-f61c-d081-25e2-423e4dedc33f","FullyQualifiedName":"SharpMind.Tests.Data.PseudoLanguageGeneratorTests.Generator_ContainsDerivedWords","DisplayName":"SharpMind.Tests.Data.PseudoLanguageGeneratorTests.Generator_ContainsDerivedWords","ExecutorUri":"executor://xunit/VsTestRunner3/netcore/","Source":"C:\\Integral2u\\source\\repos\\SharpMind\\SharpMind.Tests\\bin\\Debug\\net10.0\\SharpMind.Tests.dll","CodeFilePath":null,"LineNumber":0,"Properties":[{"Key":{"Id":"TestCase.ManagedMethod","Label":"ManagedMethod","Category":"","Description":"","Attributes":1,"ValueType":"System.String"},"Value":"Generator_ContainsDerivedWords"},{"Key":{"Id":"TestCase.ManagedType","Label":"ManagedType","Category":"","Description":"","Attributes":1,"ValueType":"System.String"},"Value":"SharpMind.Tests.Data.PseudoLanguageGeneratorTests"},{"Key":{"Id":"XunitTestCaseExplicit","Label":"xUnit.net Test Case Explicit Flag","Category":"","Description":"","Attributes":0,"ValueType":"System.Boolean"},"Value":false},{"Key":{"Id":"XunitTestCaseUniqueID","Label":"xUnit.net Test Case Unique ID","Category":"","Description":"","Attributes":0,"ValueType":"System.String"},"Value":"2ee3809629d9776023fe86880a4e109bd29f3ae6"}]},"Attachments":[],"Outcome":1,"ErrorMessage":null,"ErrorStackTrace":null,"DisplayName":"SharpMind.Tests.Data.PseudoLanguageGeneratorTests.Generator_ContainsDerivedWords","Messages":[],"ComputerName":"LAPTOP-MKMTSO1B","Duration":"00:00:00.0081997","StartTime":"2026-07-20T04:55:33.083604+00:00","EndTime":"2026-07-20T04:55:33.0905984+00:00","Properties":[]}],"TestRunStatistics":{"ExecutedTests":16,"Stats":{"Passed":16}},"ActiveTests":[{"Id":"ca0032fc-56ba-64c4-5759-ec6b063d70c7","FullyQualifiedName":"SharpMind.Tests.Data.JsonlSourceTests.ExtractsTextField","DisplayName":"SharpMind.Tests.Data.JsonlSourceTests.ExtractsTextField","ExecutorUri":"executor://xunit/VsTestRunner3/netcore/","Source":"C:\\Integral2u\\source\\repos\\SharpMind\\SharpMind.Tests\\bin\\Debug\\net10.0\\SharpMind.Tests.dll","CodeFilePath":null,"LineNumber":0,"Properties":[{"Key":{"Id":"TestCase.ManagedMethod","Label":"ManagedMethod","Category":"","Description":"","Attributes":1,"ValueType":"System.String"},"Value":"ExtractsTextField"},{"Key":{"Id":"TestCase.ManagedType","Label":"ManagedType","Category":"","Description":"","Attributes":1,"ValueType":"System.String"},"Value":"SharpMind.Tests.Data.JsonlSourceTests"},{"Key":{"Id":"XunitTestCaseExplicit","Label":"xUnit.net Test Case Explicit Flag","Category":"","Description":"","Attributes":0,"ValueType":"System.Boolean"},"Value":false},{"Key":{"Id":"XunitTestCaseUniqueID","Label":"xUnit.net Test Case Unique ID","Category":"","Description":"","Attributes":0,"ValueType":"System.String"},"Value":"081c3f6c864daca7d28db3aeacf88c9c0ea421b4"}]},{"Id":"012d398e-d422-ecf6-4193-7fae80f4523d","FullyQualifiedName":"SharpMind.Tests.Data.PseudoLanguageGeneratorTests.Generator_ContainsNegations","DisplayName":"SharpMind.Tests.Data.PseudoLanguageGeneratorTests.Generator_ContainsNegations","ExecutorUri":"executor://xunit/VsTestRunner3/netcore/","Source":"C:\\Integral2u\\source\\repos\\SharpMind\\SharpMind.Tests\\bin\\Debug\\net10.0\\SharpMind.Tests.dll","CodeFilePath":null,"LineNumber":0,"Properties":[{"Key":{"Id":"TestCase.ManagedMethod","Label":"ManagedMethod","Category":"","Description":"","Attributes":1,"ValueType":"System.String"},"Value":"Generator_ContainsNegations"},{"Key":{"Id":"TestCase.ManagedType","Label":"ManagedType","Category":"","Description":"","Attributes":1,"ValueType":"System.String"},"Value":"SharpMind.Tests.Data.PseudoLanguageGeneratorTests"},{"Key":{"Id":"XunitTestCaseExplicit","Label":"xUnit.net Test Case Explicit Flag","Category":"","Description":"","Attributes":0,"ValueType":"System.Boolean"},"Value":false},{"Key":{"Id":"XunitTestCaseUniqueID","Label":"xUnit.net Test Case Unique ID","Category":"","Description":"","Attributes":0,"ValueType":"System.String"},"Value":"3602363a4c1b7b8234ca603113d6606e4bf153d3"}]}]}}
TpTrace Verbose: 0 : 13400, 13, 2026/07/20, 16:55:33.105, 347219799646, vstest.console.dll, TestRunRequest:SendTestRunStatsChange: Starting.
TpTrace Verbose: 0 : 13400, 13, 2026/07/20, 16:55:33.105, 347219802076, vstest.console.dll, InProgress is SharpMind.Tests.Data.JsonlSourceTests.ExtractsTextField
TpTrace Verbose: 0 : 13400, 13, 2026/07/20, 16:55:33.105, 347219802597, vstest.console.dll, InProgress is SharpMind.Tests.Data.PseudoLanguageGeneratorTests.Generator_ContainsNegations
TpTrace Verbose: 0 : 13400, 13, 2026/07/20, 16:55:33.105, 347219803427, vstest.console.dll, MulticastDelegateUtilities.SafeInvoke: TestRun.RunStatsChanged: Invoking callbacks was skipped because there are no subscribers.
TpTrace Information: 0 : 13400, 13, 2026/07/20, 16:55:33.105, 347219804077, vstest.console.dll, TestRunRequest:SendTestRunStatsChange: Completed.
TpTrace Verbose: 0 : 13400, 4, 2026/07/20, 16:55:33.106, 347219804248, vstest.console.dll, MulticastDelegateUtilities.SafeInvoke: InternalTestLoggerEvents.SendTestResult: Invoking callback 1/1 for Microsoft.VisualStudio.TestPlatform.CommandLine.Internal.ConsoleLogger., took 0 ms.
TpTrace Verbose: 0 : 13400, 13, 2026/07/20, 16:55:33.106, 347219804850, vstest.console.dll, MulticastDelegateUtilities.SafeInvoke: LengthPrefixCommunicationChannel: MessageReceived: Invoking callback 1/1 for Microsoft.VisualStudio.TestPlatform.CommunicationUtilities.TestRequestSender+<>c__DisplayClass34_0., took 8 ms.
TpTrace Verbose: 0 : 13400, 4, 2026/07/20, 16:55:33.106, 347219806198, vstest.console.dll, MulticastDelegateUtilities.SafeInvoke: InternalTestLoggerEvents.SendTestResult: Invoking callback 1/1 for Microsoft.VisualStudio.TestPlatform.CommandLine.Internal.ConsoleLogger., took 0 ms.
TpTrace Verbose: 0 : 13400, 13, 2026/07/20, 16:55:33.106, 347219806436, vstest.console.dll, TcpClientExtensions.MessageLoopAsync: Polling on remoteEndPoint: 127.0.0.1:54998 localEndPoint: 127.0.0.1:54997 after 93 ms
TpTrace Verbose: 0 : 13400, 4, 2026/07/20, 16:55:33.106, 347219807176, vstest.console.dll, MulticastDelegateUtilities.SafeInvoke: InternalTestLoggerEvents.SendTestResult: Invoking callback 1/1 for Microsoft.VisualStudio.TestPlatform.CommandLine.Internal.ConsoleLogger., took 0 ms.
TpTrace Verbose: 0 : 13400, 4, 2026/07/20, 16:55:33.106, 347219809056, vstest.console.dll, MulticastDelegateUtilities.SafeInvoke: InternalTestLoggerEvents.SendTestResult: Invoking callback 1/1 for Microsoft.VisualStudio.TestPlatform.CommandLine.Internal.ConsoleLogger., took 0 ms.
TpTrace Verbose: 0 : 13400, 4, 2026/07/20, 16:55:33.106, 347219809891, vstest.console.dll, MulticastDelegateUtilities.SafeInvoke: InternalTestLoggerEvents.SendTestResult: Invoking callback 1/1 for Microsoft.VisualStudio.TestPlatform.CommandLine.Internal.ConsoleLogger., took 0 ms.
TpTrace Verbose: 0 : 13400, 4, 2026/07/20, 16:55:33.106, 347219810558, vstest.console.dll, MulticastDelegateUtilities.SafeInvoke: InternalTestLoggerEvents.SendTestResult: Invoking callback 1/1 for Microsoft.VisualStudio.TestPlatform.CommandLine.Internal.ConsoleLogger., took 0 ms.
TpTrace Verbose: 0 : 13400, 4, 2026/07/20, 16:55:33.106, 347219811196, vstest.console.dll, MulticastDelegateUtilities.SafeInvoke: InternalTestLoggerEvents.SendTestResult: Invoking callback 1/1 for Microsoft.VisualStudio.TestPlatform.CommandLine.Internal.ConsoleLogger., took 0 ms.
TpTrace Verbose: 0 : 13400, 4, 2026/07/20, 16:55:33.106, 347219811869, vstest.console.dll, MulticastDelegateUtilities.SafeInvoke: InternalTestLoggerEvents.SendTestResult: Invoking callback 1/1 for Microsoft.VisualStudio.TestPlatform.CommandLine.Internal.ConsoleLogger., took 0 ms.
TpTrace Verbose: 0 : 13400, 13, 2026/07/20, 16:55:33.448, 347223224697, vstest.console.dll, TcpClientExtensions.MessageLoopAsync: NotifyDataAvailable remoteEndPoint: 127.0.0.1:54998 localEndPoint: 127.0.0.1:54997
TpTrace Verbose: 0 : 13400, 13, 2026/07/20, 16:55:33.448, 347223229357, vstest.console.dll, TestRequestSender.OnExecutionMessageReceived: Received message: {"Version":7,"MessageType":"TestExecution.StatsChange","Payload":{"NewTestResults":[{"TestCase":{"Id":"17fee511-8364-a0ba-0462-21067592d629","FullyQualifiedName":"SharpMind.Tests.Data.TextFileSourceTests.SkipsEmptyLines","DisplayName":"SharpMind.Tests.Data.TextFileSourceTests.SkipsEmptyLines","ExecutorUri":"executor://xunit/VsTestRunner3/netcore/","Source":"C:\\Integral2u\\source\\repos\\SharpMind\\SharpMind.Tests\\bin\\Debug\\net10.0\\SharpMind.Tests.dll","CodeFilePath":null,"LineNumber":0,"Properties":[{"Key":{"Id":"TestCase.ManagedMethod","Label":"ManagedMethod","Category":"","Description":"","Attributes":1,"ValueType":"System.String"},"Value":"SkipsEmptyLines"},{"Key":{"Id":"TestCase.ManagedType","Label":"ManagedType","Category":"","Description":"","Attributes":1,"ValueType":"System.String"},"Value":"SharpMind.Tests.Data.TextFileSourceTests"},{"Key":{"Id":"XunitTestCaseExplicit","Label":"xUnit.net Test Case Explicit Flag","Category":"","Description":"","Attributes":0,"ValueType":"System.Boolean"},"Value":false},{"Key":{"Id":"XunitTestCaseUniqueID","Label":"xUnit.net Test Case Unique ID","Category":"","Description":"","Attributes":0,"ValueType":"System.String"},"Value":"09b511849c321e141dbb502dffe12cdac80be26b"}]},"Attachments":[],"Outcome":1,"ErrorMessage":null,"ErrorStackTrace":null,"DisplayName":"SharpMind.Tests.Data.TextFileSourceTests.SkipsEmptyLines","Messages":[],"ComputerName":"LAPTOP-MKMTSO1B","Duration":"00:00:00.0387329","StartTime":"2026-07-20T04:55:33.0979622+00:00","EndTime":"2026-07-20T04:55:33.1317565+00:00","Properties":[]},{"TestCase":{"Id":"10de384e-2881-685d-ab12-f01563337f06","FullyQualifiedName":"SharpMind.Tests.Data.CompositeSourceTests.RoundRobin_InterleavesSources","DisplayName":"SharpMind.Tests.Data.CompositeSourceTests.RoundRobin_InterleavesSources","ExecutorUri":"executor://xunit/VsTestRunner3/netcore/","Source":"C:\\Integral2u\\source\\repos\\SharpMind\\SharpMind.Tests\\bin\\Debug\\net10.0\\SharpMind.Tests.dll","CodeFilePath":null,"LineNumber":0,"Properties":[{"Key":{"Id":"TestCase.ManagedMethod","Label":"ManagedMethod","Category":"","Description":"","Attributes":1,"ValueType":"System.String"},"Value":"RoundRobin_InterleavesSources"},{"Key":{"Id":"TestCase.ManagedType","Label":"ManagedType","Category":"","Description":"","Attributes":1,"ValueType":"System.String"},"Value":"SharpMind.Tests.Data.CompositeSourceTests"},{"Key":{"Id":"XunitTestCaseExplicit","Label":"xUnit.net Test Case Explicit Flag","Category":"","Description":"","Attributes":0,"ValueType":"System.Boolean"},"Value":false},{"Key":{"Id":"XunitTestCaseUniqueID","Label":"xUnit.net Test Case Unique ID","Category":"","Description":"","Attributes":0,"ValueType":"System.String"},"Value":"154bd5fa18bc40df6ebfee35e84dd8600acf6d6b"}]},"Attachments":[],"Outcome":1,"ErrorMessage":null,"ErrorStackTrace":null,"DisplayName":"SharpMind.Tests.Data.CompositeSourceTests.RoundRobin_InterleavesSources","Messages":[],"ComputerName":"LAPTOP-MKMTSO1B","Duration":"00:00:00.7601163","StartTime":"2026-07-20T04:55:32.4780594+00:00","EndTime":"2026-07-20T04:55:33.1815144+00:00","Properties":[]},{"TestCase":{"Id":"dd484f9d-eac6-54be-76a0-b148e81983bf","FullyQualifiedName":"SharpMind.Tests.Data.CompositeSourceTests.EstimatedCount_SumsWhenAllKnown","DisplayName":"SharpMind.Tests.Data.CompositeSourceTests.EstimatedCount_SumsWhenAllKnown","ExecutorUri":"executor://xunit/VsTestRunner3/netcore/","Source":"C:\\Integral2u\\source\\repos\\SharpMind\\SharpMind.Tests\\bin\\Debug\\net10.0\\SharpMind.Tests.dll","CodeFilePath":null,"LineNumber":0,"Properties":[{"Key":{"Id":"TestCase.ManagedMethod","Label":"ManagedMethod","Category":"","Description":"","Attributes":1,"ValueType":"System.String"},"Value":"EstimatedCount_SumsWhenAllKnown"},{"Key":{"Id":"TestCase.ManagedType","Label":"ManagedType","Category":"","Description":"","Attributes":1,"ValueType":"System.String"},"Value":"SharpMind.Tests.Data.CompositeSourceTests"},{"Key":{"Id":"XunitTestCaseExplicit","Label":"xUnit.net Test Case Explicit Flag","Category":"","Description":"","Attributes":0,"ValueType":"System.Boolean"},"Value":false},{"Key":{"Id":"XunitTestCaseUniqueID","Label":"xUnit.net Test Case Unique ID","Category":"","Description":"","Attributes":0,"ValueType":"System.String"},"Value":"53f04d38c37c40ddb4328930d2b6378d4f7c8fc5"}]},"Attachments":[],"Outcome":1,"ErrorMessage":null,"ErrorStackTrace":null,"DisplayName":"SharpMind.Tests.Data.CompositeSourceTests.EstimatedCount_SumsWhenAllKnown","Messages":[],"ComputerName":"LAPTOP-MKMTSO1B","Duration":"00:00:00.0227944","StartTime":"2026-07-20T04:55:33.1988505+00:00","EndTime":"2026-07-20T04:55:33.2225066+00:00","Properties":[]},{"TestCase":{"Id":"88fe4606-426c-f6d6-6986-2ea58ae7540a","FullyQualifiedName":"SharpMind.Tests.Data.CompositeSourceTests.RequiresAtLeastOneSource","DisplayName":"SharpMind.Tests.Data.CompositeSourceTests.RequiresAtLeastOneSource","ExecutorUri":"executor://xunit/VsTestRunner3/netcore/","Source":"C:\\Integral2u\\source\\repos\\SharpMind\\SharpMind.Tests\\bin\\Debug\\net10.0\\SharpMind.Tests.dll","CodeFilePath":null,"LineNumber":0,"Properties":[{"Key":{"Id":"TestCase.ManagedMethod","Label":"ManagedMethod","Category":"","Description":"","Attributes":1,"ValueType":"System.String"},"Value":"RequiresAtLeastOneSource"},{"Key":{"Id":"TestCase.ManagedType","Label":"ManagedType","Category":"","Description":"","Attributes":1,"ValueType":"System.String"},"Value":"SharpMind.Tests.Data.CompositeSourceTests"},{"Key":{"Id":"XunitTestCaseExplicit","Label":"xUnit.net Test Case Explicit Flag","Category":"","Description":"","Attributes":0,"ValueType":"System.Boolean"},"Value":false},{"Key":{"Id":"XunitTestCaseUniqueID","Label":"xUnit.net Test Case Unique ID","Category":"","Description":"","Attributes":0,"ValueType":"System.String"},"Value":"91afe0d638fb3db515fdc05a0ba7168d387f9f8e"}]},"Attachments":[],"Outcome":1,"ErrorMessage":null,"ErrorStackTrace":null,"DisplayName":"SharpMind.Tests.Data.CompositeSourceTests.RequiresAtLeastOneSource","Messages":[],"ComputerName":"LAPTOP-MKMTSO1B","Duration":"00:00:00.0524891","StartTime":"2026-07-20T04:55:33.2234583+00:00","EndTime":"2026-07-20T04:55:33.2754006+00:00","Properties":[]},{"TestCase":{"Id":"b6a3a6cf-8c13-f238-3f3d-59a9cc59e0f7","FullyQualifiedName":"SharpMind.Tests.Data.CompositeSourceTests.EstimatedCount_NullWhenAnyUnknown","DisplayName":"SharpMind.Tests.Data.CompositeSourceTests.EstimatedCount_NullWhenAnyUnknown","ExecutorUri":"executor://xunit/VsTestRunner3/netcore/","Source":"C:\\Integral2u\\source\\repos\\SharpMind\\SharpMind.Tests\\bin\\Debug\\net10.0\\SharpMind.Tests.dll","CodeFilePath":null,"LineNumber":0,"Properties":[{"Key":{"Id":"TestCase.ManagedMethod","Label":"ManagedMethod","Category":"","Description":"","Attributes":1,"ValueType":"System.String"},"Value":"EstimatedCount_NullWhenAnyUnknown"},{"Key":{"Id":"TestCase.ManagedType","Label":"ManagedType","Category":"","Description":"","Attributes":1,"ValueType":"System.String"},"Value":"SharpMind.Tests.Data.CompositeSourceTests"},{"Key":{"Id":"XunitTestCaseExplicit","Label":"xUnit.net Test Case Explicit Flag","Category":"","Description":"","Attributes":0,"ValueType":"System.Boolean"},"Value":false},{"Key":{"Id":"XunitTestCaseUniqueID","Label":"xUnit.net Test Case Unique ID","Category":"","Description":"","Attributes":0,"ValueType":"System.String"},"Value":"9486aad1bb645361c07e2d4316e60a9b30587fbd"}]},"Attachments":[],"Outcome":1,"ErrorMessage":null,"ErrorStackTrace":null,"DisplayName":"SharpMind.Tests.Data.CompositeSourceTests.EstimatedCount_NullWhenAnyUnknown","Messages":[],"ComputerName":"LAPTOP-MKMTSO1B","Duration":"00:00:00.0070188","StartTime":"2026-07-20T04:55:33.2766613+00:00","EndTime":"2026-07-20T04:55:33.282741+00:00","Properties":[]},{"TestCase":{"Id":"012d398e-d422-ecf6-4193-7fae80f4523d","FullyQualifiedName":"SharpMind.Tests.Data.PseudoLanguageGeneratorTests.Generator_ContainsNegations","DisplayName":"SharpMind.Tests.Data.PseudoLanguageGeneratorTests.Generator_ContainsNegations","ExecutorUri":"executor://xunit/VsTestRunner3/netcore/","Source":"C:\\Integral2u\\source\\repos\\SharpMind\\SharpMind.Tests\\bin\\Debug\\net10.0\\SharpMind.Tests.dll","CodeFilePath":null,"LineNumber":0,"Properties":[{"Key":{"Id":"TestCase.ManagedMethod","Label":"ManagedMethod","Category":"","Description":"","Attributes":1,"ValueType":"System.String"},"Value":"Generator_ContainsNegations"},{"Key":{"Id":"TestCase.ManagedType","Label":"ManagedType","Category":"","Description":"","Attributes":1,"ValueType":"System.String"},"Value":"SharpMind.Tests.Data.PseudoLanguageGeneratorTests"},{"Key":{"Id":"XunitTestCaseExplicit","Label":"xUnit.net Test Case Explicit Flag","Category":"","Description":"","Attributes":0,"ValueType":"System.Boolean"},"Value":false},{"Key":{"Id":"XunitTestCaseUniqueID","Label":"xUnit.net Test Case Unique ID","Category":"","Description":"","Attributes":0,"ValueType":"System.String"},"Value":"3602363a4c1b7b8234ca603113d6606e4bf153d3"}]},"Attachments":[],"Outcome":1,"ErrorMessage":null,"ErrorStackTrace":null,"DisplayName":"SharpMind.Tests.Data.PseudoLanguageGeneratorTests.Generator_ContainsNegations","Messages":[],"ComputerName":"LAPTOP-MKMTSO1B","Duration":"00:00:00.3142453","StartTime":"2026-07-20T04:55:33.0971701+00:00","EndTime":"2026-07-20T04:55:33.4052655+00:00","Properties":[]},{"TestCase":{"Id":"3418fe64-8e5f-2978-4227-ca5c252a64f6","FullyQualifiedName":"SharpMind.Tests.Data.PseudoLanguageGeneratorTests.Generator_GenerateOptions_ReturnsValidSequences","DisplayName":"SharpMind.Tests.Data.PseudoLanguageGeneratorTests.Generator_GenerateOptions_ReturnsValidSequences","ExecutorUri":"executor://xunit/VsTestRunner3/netcore/","Source":"C:\\Integral2u\\source\\repos\\SharpMind\\SharpMind.Tests\\bin\\Debug\\net10.0\\SharpMind.Tests.dll","CodeFilePath":null,"LineNumber":0,"Properties":[{"Key":{"Id":"TestCase.ManagedMethod","Label":"ManagedMethod","Category":"","Description":"","Attributes":1,"ValueType":"System.String"},"Value":"Generator_GenerateOptions_ReturnsValidSequences"},{"Key":{"Id":"TestCase.ManagedType","Label":"ManagedType","Category":"","Description":"","Attributes":1,"ValueType":"System.String"},"Value":"SharpMind.Tests.Data.PseudoLanguageGeneratorTests"},{"Key":{"Id":"XunitTestCaseExplicit","Label":"xUnit.net Test Case Explicit Flag","Category":"","Description":"","Attributes":0,"ValueType":"System.Boolean"},"Value":false},{"Key":{"Id":"XunitTestCaseUniqueID","Label":"xUnit.net Test Case Unique ID","Category":"","Description":"","Attributes":0,"ValueType":"System.String"},"Value":"37a399fa4ba01976cef25ef4709f33a271c98d72"}]},"Attachments":[],"Outcome":1,"ErrorMessage":null,"ErrorStackTrace":null,"DisplayName":"SharpMind.Tests.Data.PseudoLanguageGeneratorTests.Generator_GenerateOptions_ReturnsValidSequences","Messages":[],"ComputerName":"LAPTOP-MKMTSO1B","Duration":"00:00:00.0363180","StartTime":"2026-07-20T04:55:33.4074153+00:00","EndTime":"2026-07-20T04:55:33.4440838+00:00","Properties":[]}],"TestRunStatistics":{"ExecutedTests":23,"Stats":{"Passed":23}},"ActiveTests":[{"Id":"fc44f0fd-4ae2-32bd-8deb-e593dfc8f7e0","FullyQualifiedName":"SharpMind.Tests.Data.TextFileSourceTests.FileMode_YieldsWholeFileAsOneDocument","DisplayName":"SharpMind.Tests.Data.TextFileSourceTests.FileMode_YieldsWholeFileAsOneDocument","ExecutorUri":"executor://xunit/VsTestRunner3/netcore/","Source":"C:\\Integral2u\\source\\repos\\SharpMind\\SharpMind.Tests\\bin\\Debug\\net10.0\\SharpMind.Tests.dll","CodeFilePath":null,"LineNumber":0,"Properties":[{"Key":{"Id":"TestCase.ManagedMethod","Label":"ManagedMethod","Category":"","Description":"","Attributes":1,"ValueType":"System.String"},"Value":"FileMode_YieldsWholeFileAsOneDocument"},{"Key":{"Id":"TestCase.ManagedType","Label":"ManagedType","Category":"","Description":"","Attributes":1,"ValueType":"System.String"},"Value":"SharpMind.Tests.Data.TextFileSourceTests"},{"Key":{"Id":"XunitTestCaseExplicit","Label":"xUnit.net Test Case Explicit Flag","Category":"","Description":"","Attributes":0,"ValueType":"System.Boolean"},"Value":false},{"Key":{"Id":"XunitTestCaseUniqueID","Label":"xUnit.net Test Case Unique ID","Category":"","Description":"","Attributes":0,"ValueType":"System.String"},"Value":"116816727fd784a4d7c883499ac9a61fed9d7f4b"}]},{"Id":"80258c54-96d9-3232-ec10-edf92b9bc23a","FullyQualifiedName":"SharpMind.Tests.Data.CompositeSourceTests.Concatenate_YieldsAllSourcesInOrder","DisplayName":"SharpMind.Tests.Data.CompositeSourceTests.Concatenate_YieldsAllSourcesInOrder","ExecutorUri":"executor://xunit/VsTestRunner3/netcore/","Source":"C:\\Integral2u\\source\\repos\\SharpMind\\SharpMind.Tests\\bin\\Debug\\net10.0\\SharpMind.Tests.dll","CodeFilePath":null,"LineNumber":0,"Properties":[{"Key":{"Id":"TestCase.ManagedMethod","Label":"ManagedMethod","Category":"","Description":"","Attributes":1,"ValueType":"System.String"},"Value":"Concatenate_YieldsAllSourcesInOrder"},{"Key":{"Id":"TestCase.ManagedType","Label":"ManagedType","Category":"","Description":"","Attributes":1,"ValueType":"System.String"},"Value":"SharpMind.Tests.Data.CompositeSourceTests"},{"Key":{"Id":"XunitTestCaseExplicit","Label":"xUnit.net Test Case Explicit Flag","Category":"","Description":"","Attributes":0,"ValueType":"System.Boolean"},"Value":false},{"Key":{"Id":"XunitTestCaseUniqueID","Label":"xUnit.net Test Case Unique ID","Category":"","Description":"","Attributes":0,"ValueType":"System.String"},"Value":"a8faed9a4aa0bd31b62fd00136b9125362103b91"}]},{"Id":"0973e0a8-58c4-5895-8e22-8ac76e56d751","FullyQualifiedName":"SharpMind.Tests.Data.PseudoLanguageGeneratorTests.VocabConfig_Tiny_HasExpectedDefaults","DisplayName":"SharpMind.Tests.Data.PseudoLanguageGeneratorTests.VocabConfig_Tiny_HasExpectedDefaults","ExecutorUri":"executor://xunit/VsTestRunner3/netcore/","Source":"C:\\Integral2u\\source\\repos\\SharpMind\\SharpMind.Tests\\bin\\Debug\\net10.0\\SharpMind.Tests.dll","CodeFilePath":null,"LineNumber":0,"Properties":[{"Key":{"Id":"TestCase.ManagedMethod","Label":"ManagedMethod","Category":"","Description":"","Attributes":1,"ValueType":"System.String"},"Value":"VocabConfig_Tiny_HasExpectedDefaults"},{"Key":{"Id":"TestCase.ManagedType","Label":"ManagedType","Category":"","Description":"","Attributes":1,"ValueType":"System.String"},"Value":"SharpMind.Tests.Data.PseudoLanguageGeneratorTests"},{"Key":{"Id":"XunitTestCaseExplicit","Label":"xUnit.net Test Case Explicit Flag","Category":"","Description":"","Attributes":0,"ValueType":"System.Boolean"},"Value":false},{"Key":{"Id":"XunitTestCaseUniqueID","Label":"xUnit.net Test Case Unique ID","Category":"","Description":"","Attributes":0,"ValueType":"System.String"},"Value":"4034b411c895d7be90ea1bd60102f1ca2599423e"}]}]}}
TpTrace Verbose: 0 : 13400, 13, 2026/07/20, 16:55:33.453, 347223276779, vstest.console.dll, TestRunRequest:SendTestRunStatsChange: Starting.
TpTrace Verbose: 0 : 13400, 13, 2026/07/20, 16:55:33.453, 347223282850, vstest.console.dll, InProgress is SharpMind.Tests.Data.TextFileSourceTests.FileMode_YieldsWholeFileAsOneDocument
TpTrace Verbose: 0 : 13400, 13, 2026/07/20, 16:55:33.453, 347223283604, vstest.console.dll, InProgress is SharpMind.Tests.Data.CompositeSourceTests.Concatenate_YieldsAllSourcesInOrder
TpTrace Verbose: 0 : 13400, 13, 2026/07/20, 16:55:33.454, 347223284153, vstest.console.dll, InProgress is SharpMind.Tests.Data.PseudoLanguageGeneratorTests.VocabConfig_Tiny_HasExpectedDefaults
TpTrace Verbose: 0 : 13400, 13, 2026/07/20, 16:55:33.454, 347223285093, vstest.console.dll, MulticastDelegateUtilities.SafeInvoke: TestRun.RunStatsChanged: Invoking callbacks was skipped because there are no subscribers.
TpTrace Information: 0 : 13400, 13, 2026/07/20, 16:55:33.454, 347223286648, vstest.console.dll, TestRunRequest:SendTestRunStatsChange: Completed.
TpTrace Verbose: 0 : 13400, 13, 2026/07/20, 16:55:33.454, 347223287414, vstest.console.dll, MulticastDelegateUtilities.SafeInvoke: LengthPrefixCommunicationChannel: MessageReceived: Invoking callback 1/1 for Microsoft.VisualStudio.TestPlatform.CommunicationUtilities.TestRequestSender+<>c__DisplayClass34_0., took 5 ms.
TpTrace Verbose: 0 : 13400, 13, 2026/07/20, 16:55:33.454, 347223288063, vstest.console.dll, TcpClientExtensions.MessageLoopAsync: Polling on remoteEndPoint: 127.0.0.1:54998 localEndPoint: 127.0.0.1:54997 after 348 ms
TpTrace Verbose: 0 : 13400, 4, 2026/07/20, 16:55:33.454, 347223288178, vstest.console.dll, MulticastDelegateUtilities.SafeInvoke: InternalTestLoggerEvents.SendTestResult: Invoking callback 1/1 for Microsoft.VisualStudio.TestPlatform.CommandLine.Internal.ConsoleLogger., took 0 ms.
TpTrace Verbose: 0 : 13400, 4, 2026/07/20, 16:55:33.454, 347223289651, vstest.console.dll, MulticastDelegateUtilities.SafeInvoke: InternalTestLoggerEvents.SendTestResult: Invoking callback 1/1 for Microsoft.VisualStudio.TestPlatform.CommandLine.Internal.ConsoleLogger., took 0 ms.
TpTrace Verbose: 0 : 13400, 4, 2026/07/20, 16:55:33.454, 347223290492, vstest.console.dll, MulticastDelegateUtilities.SafeInvoke: InternalTestLoggerEvents.SendTestResult: Invoking callback 1/1 for Microsoft.VisualStudio.TestPlatform.CommandLine.Internal.ConsoleLogger., took 0 ms.
TpTrace Verbose: 0 : 13400, 4, 2026/07/20, 16:55:33.454, 347223291720, vstest.console.dll, MulticastDelegateUtilities.SafeInvoke: InternalTestLoggerEvents.SendTestResult: Invoking callback 1/1 for Microsoft.VisualStudio.TestPlatform.CommandLine.Internal.ConsoleLogger., took 0 ms.
TpTrace Verbose: 0 : 13400, 4, 2026/07/20, 16:55:33.454, 347223292693, vstest.console.dll, MulticastDelegateUtilities.SafeInvoke: InternalTestLoggerEvents.SendTestResult: Invoking callback 1/1 for Microsoft.VisualStudio.TestPlatform.CommandLine.Internal.ConsoleLogger., took 0 ms.
TpTrace Verbose: 0 : 13400, 4, 2026/07/20, 16:55:33.454, 347223293628, vstest.console.dll, MulticastDelegateUtilities.SafeInvoke: InternalTestLoggerEvents.SendTestResult: Invoking callback 1/1 for Microsoft.VisualStudio.TestPlatform.CommandLine.Internal.ConsoleLogger., took 0 ms.
TpTrace Verbose: 0 : 13400, 4, 2026/07/20, 16:55:33.455, 347223294552, vstest.console.dll, MulticastDelegateUtilities.SafeInvoke: InternalTestLoggerEvents.SendTestResult: Invoking callback 1/1 for Microsoft.VisualStudio.TestPlatform.CommandLine.Internal.ConsoleLogger., took 0 ms.
TpTrace Verbose: 0 : 13400, 13, 2026/07/20, 16:55:33.521, 347223962554, vstest.console.dll, TcpClientExtensions.MessageLoopAsync: NotifyDataAvailable remoteEndPoint: 127.0.0.1:54998 localEndPoint: 127.0.0.1:54997
TpTrace Verbose: 0 : 13400, 13, 2026/07/20, 16:55:33.522, 347223968066, vstest.console.dll, TestRequestSender.OnExecutionMessageReceived: Received message: {"Version":7,"MessageType":"TestExecution.StatsChange","Payload":{"NewTestResults":[{"TestCase":{"Id":"0973e0a8-58c4-5895-8e22-8ac76e56d751","FullyQualifiedName":"SharpMind.Tests.Data.PseudoLanguageGeneratorTests.VocabConfig_Tiny_HasExpectedDefaults","DisplayName":"SharpMind.Tests.Data.PseudoLanguageGeneratorTests.VocabConfig_Tiny_HasExpectedDefaults","ExecutorUri":"executor://xunit/VsTestRunner3/netcore/","Source":"C:\\Integral2u\\source\\repos\\SharpMind\\SharpMind.Tests\\bin\\Debug\\net10.0\\SharpMind.Tests.dll","CodeFilePath":null,"LineNumber":0,"Properties":[{"Key":{"Id":"TestCase.ManagedMethod","Label":"ManagedMethod","Category":"","Description":"","Attributes":1,"ValueType":"System.String"},"Value":"VocabConfig_Tiny_HasExpectedDefaults"},{"Key":{"Id":"TestCase.ManagedType","Label":"ManagedType","Category":"","Description":"","Attributes":1,"ValueType":"System.String"},"Value":"SharpMind.Tests.Data.PseudoLanguageGeneratorTests"},{"Key":{"Id":"XunitTestCaseExplicit","Label":"xUnit.net Test Case Explicit Flag","Category":"","Description":"","Attributes":0,"ValueType":"System.Boolean"},"Value":false},{"Key":{"Id":"XunitTestCaseUniqueID","Label":"xUnit.net Test Case Unique ID","Category":"","Description":"","Attributes":0,"ValueType":"System.String"},"Value":"4034b411c895d7be90ea1bd60102f1ca2599423e"}]},"Attachments":[],"Outcome":1,"ErrorMessage":null,"ErrorStackTrace":null,"DisplayName":"SharpMind.Tests.Data.PseudoLanguageGeneratorTests.VocabConfig_Tiny_HasExpectedDefaults","Messages":[],"ComputerName":"LAPTOP-MKMTSO1B","Duration":"00:00:00.0004806","StartTime":"2026-07-20T04:55:33.4483952+00:00","EndTime":"2026-07-20T04:55:33.448631+00:00","Properties":[]},{"TestCase":{"Id":"0dae4950-7998-7caa-587f-5a4dbea8343a","FullyQualifiedName":"SharpMind.Tests.Data.PseudoLanguageGeneratorTests.Generator_IdToText_ReturnsCorrectWord","DisplayName":"SharpMind.Tests.Data.PseudoLanguageGeneratorTests.Generator_IdToText_ReturnsCorrectWord","ExecutorUri":"executor://xunit/VsTestRunner3/netcore/","Source":"C:\\Integral2u\\source\\repos\\SharpMind\\SharpMind.Tests\\bin\\Debug\\net10.0\\SharpMind.Tests.dll","CodeFilePath":null,"LineNumber":0,"Properties":[{"Key":{"Id":"TestCase.ManagedMethod","Label":"ManagedMethod","Category":"","Description":"","Attributes":1,"ValueType":"System.String"},"Value":"Generator_IdToText_ReturnsCorrectWord"},{"Key":{"Id":"TestCase.ManagedType","Label":"ManagedType","Category":"","Description":"","Attributes":1,"ValueType":"System.String"},"Value":"SharpMind.Tests.Data.PseudoLanguageGeneratorTests"},{"Key":{"Id":"XunitTestCaseExplicit","Label":"xUnit.net Test Case Explicit Flag","Category":"","Description":"","Attributes":0,"ValueType":"System.Boolean"},"Value":false},{"Key":{"Id":"XunitTestCaseUniqueID","Label":"xUnit.net Test Case Unique ID","Category":"","Description":"","Attributes":0,"ValueType":"System.String"},"Value":"877e432fee05ca384e3b306d0a90a47e92b43862"}]},"Attachments":[],"Outcome":1,"ErrorMessage":null,"ErrorStackTrace":null,"DisplayName":"SharpMind.Tests.Data.PseudoLanguageGeneratorTests.Generator_IdToText_ReturnsCorrectWord","Messages":[],"ComputerName":"LAPTOP-MKMTSO1B","Duration":"00:00:00.0128731","StartTime":"2026-07-20T04:55:33.4497749+00:00","EndTime":"2026-07-20T04:55:33.4599172+00:00","Properties":[]},{"TestCase":{"Id":"7c0e7e82-0504-aa0e-9fb7-92fd07a76e50","FullyQualifiedName":"SharpMind.Tests.Data.PseudoLanguageGeneratorTests.ModelSizeRecommendation_ProvidesReasonableValues","DisplayName":"SharpMind.Tests.Data.PseudoLanguageGeneratorTests.ModelSizeRecommendation_ProvidesReasonableValues","ExecutorUri":"executor://xunit/VsTestRunner3/netcore/","Source":"C:\\Integral2u\\source\\repos\\SharpMind\\SharpMind.Tests\\bin\\Debug\\net10.0\\SharpMind.Tests.dll","CodeFilePath":null,"LineNumber":0,"Properties":[{"Key":{"Id":"TestCase.ManagedMethod","Label":"ManagedMethod","Category":"","Description":"","Attributes":1,"ValueType":"System.String"},"Value":"ModelSizeRecommendation_ProvidesReasonableValues"},{"Key":{"Id":"TestCase.ManagedType","Label":"ManagedType","Category":"","Description":"","Attributes":1,"ValueType":"System.String"},"Value":"SharpMind.Tests.Data.PseudoLanguageGeneratorTests"},{"Key":{"Id":"XunitTestCaseExplicit","Label":"xUnit.net Test Case Explicit Flag","Category":"","Description":"","Attributes":0,"ValueType":"System.Boolean"},"Value":false},{"Key":{"Id":"XunitTestCaseUniqueID","Label":"xUnit.net Test Case Unique ID","Category":"","Description":"","Attributes":0,"ValueType":"System.String"},"Value":"8f92dbf488577108f32930d465c31a62a5b1f9ea"}]},"Attachments":[],"Outcome":1,"ErrorMessage":null,"ErrorStackTrace":null,"DisplayName":"SharpMind.Tests.Data.PseudoLanguageGeneratorTests.ModelSizeRecommendation_ProvidesReasonableValues","Messages":[],"ComputerName":"LAPTOP-MKMTSO1B","Duration":"00:00:00.0056574","StartTime":"2026-07-20T04:55:33.4617608+00:00","EndTime":"2026-07-20T04:55:33.4671544+00:00","Properties":[]},{"TestCase":{"Id":"bd6b2295-04c6-9493-8a20-9be82054cbf0","FullyQualifiedName":"SharpMind.Tests.Data.PseudoLanguageGeneratorTests.PseudoWord_HasCorrectBase","DisplayName":"SharpMind.Tests.Data.PseudoLanguageGeneratorTests.PseudoWord_HasCorrectBase","ExecutorUri":"executor://xunit/VsTestRunner3/netcore/","Source":"C:\\Integral2u\\source\\repos\\SharpMind\\SharpMind.Tests\\bin\\Debug\\net10.0\\SharpMind.Tests.dll","CodeFilePath":null,"LineNumber":0,"Properties":[{"Key":{"Id":"TestCase.ManagedMethod","Label":"ManagedMethod","Category":"","Description":"","Attributes":1,"ValueType":"System.String"},"Value":"PseudoWord_HasCorrectBase"},{"Key":{"Id":"TestCase.ManagedType","Label":"ManagedType","Category":"","Description":"","Attributes":1,"ValueType":"System.String"},"Value":"SharpMind.Tests.Data.PseudoLanguageGeneratorTests"},{"Key":{"Id":"XunitTestCaseExplicit","Label":"xUnit.net Test Case Explicit Flag","Category":"","Description":"","Attributes":0,"ValueType":"System.Boolean"},"Value":false},{"Key":{"Id":"XunitTestCaseUniqueID","Label":"xUnit.net Test Case Unique ID","Category":"","Description":"","Attributes":0,"ValueType":"System.String"},"Value":"958bb0f1eb0c2466b839a1b2e5e0296901cb5b66"}]},"Attachments":[],"Outcome":1,"ErrorMessage":null,"ErrorStackTrace":null,"DisplayName":"SharpMind.Tests.Data.PseudoLanguageGeneratorTests.PseudoWord_HasCorrectBase","Messages":[],"ComputerName":"LAPTOP-MKMTSO1B","Duration":"00:00:00.0110073","StartTime":"2026-07-20T04:55:33.4719592+00:00","EndTime":"2026-07-20T04:55:33.4788426+00:00","Properties":[]},{"TestCase":{"Id":"0cd3cbe7-2ab0-752d-46e8-3fa54abfb49a","FullyQualifiedName":"SharpMind.Tests.Data.PseudoLanguageGeneratorTests.Generator_TextToId_ReturnsNegativeForUnknown","DisplayName":"SharpMind.Tests.Data.PseudoLanguageGeneratorTests.Generator_TextToId_ReturnsNegativeForUnknown","ExecutorUri":"executor://xunit/VsTestRunner3/netcore/","Source":"C:\\Integral2u\\source\\repos\\SharpMind\\SharpMind.Tests\\bin\\Debug\\net10.0\\SharpMind.Tests.dll","CodeFilePath":null,"LineNumber":0,"Properties":[{"Key":{"Id":"TestCase.ManagedMethod","Label":"ManagedMethod","Category":"","Description":"","Attributes":1,"ValueType":"System.String"},"Value":"Generator_TextToId_ReturnsNegativeForUnknown"},{"Key":{"Id":"TestCase.ManagedType","Label":"ManagedType","Category":"","Description":"","Attributes":1,"ValueType":"System.String"},"Value":"SharpMind.Tests.Data.PseudoLanguageGeneratorTests"},{"Key":{"Id":"XunitTestCaseExplicit","Label":"xUnit.net Test Case Explicit Flag","Category":"","Description":"","Attributes":0,"ValueType":"System.Boolean"},"Value":false},{"Key":{"Id":"XunitTestCaseUniqueID","Label":"xUnit.net Test Case Unique ID","Category":"","Description":"","Attributes":0,"ValueType":"System.String"},"Value":"97c3f1a177034aeeeb4e989b21e188363ad6d2e2"}]},"Attachments":[],"Outcome":1,"ErrorMessage":null,"ErrorStackTrace":null,"DisplayName":"SharpMind.Tests.Data.PseudoLanguageGeneratorTests.Generator_TextToId_ReturnsNegativeForUnknown","Messages":[],"ComputerName":"LAPTOP-MKMTSO1B","Duration":"00:00:00.0041868","StartTime":"2026-07-20T04:55:33.4800025+00:00","EndTime":"2026-07-20T04:55:33.4834485+00:00","Properties":[]},{"TestCase":{"Id":"fc44f0fd-4ae2-32bd-8deb-e593dfc8f7e0","FullyQualifiedName":"SharpMind.Tests.Data.TextFileSourceTests.FileMode_YieldsWholeFileAsOneDocument","DisplayName":"SharpMind.Tests.Data.TextFileSourceTests.FileMode_YieldsWholeFileAsOneDocument","ExecutorUri":"executor://xunit/VsTestRunner3/netcore/","Source":"C:\\Integral2u\\source\\repos\\SharpMind\\SharpMind.Tests\\bin\\Debug\\net10.0\\SharpMind.Tests.dll","CodeFilePath":null,"LineNumber":0,"Properties":[{"Key":{"Id":"TestCase.ManagedMethod","Label":"ManagedMethod","Category":"","Description":"","Attributes":1,"ValueType":"System.String"},"Value":"FileMode_YieldsWholeFileAsOneDocument"},{"Key":{"Id":"TestCase.ManagedType","Label":"ManagedType","Category":"","Description":"","Attributes":1,"ValueType":"System.String"},"Value":"SharpMind.Tests.Data.TextFileSourceTests"},{"Key":{"Id":"XunitTestCaseExplicit","Label":"xUnit.net Test Case Explicit Flag","Category":"","Description":"","Attributes":0,"ValueType":"System.Boolean"},"Value":false},{"Key":{"Id":"XunitTestCaseUniqueID","Label":"xUnit.net Test Case Unique ID","Category":"","Description":"","Attributes":0,"ValueType":"System.String"},"Value":"116816727fd784a4d7c883499ac9a61fed9d7f4b"}]},"Attachments":[],"Outcome":1,"ErrorMessage":null,"ErrorStackTrace":null,"DisplayName":"SharpMind.Tests.Data.TextFileSourceTests.FileMode_YieldsWholeFileAsOneDocument","Messages":[],"ComputerName":"LAPTOP-MKMTSO1B","Duration":"00:00:00.3322651","StartTime":"2026-07-20T04:55:33.1325153+00:00","EndTime":"2026-07-20T04:55:33.5071661+00:00","Properties":[]},{"TestCase":{"Id":"625124a9-8ed0-af0a-a2f3-aa38033b1ae0","FullyQualifiedName":"SharpMind.Tests.Data.TextFileSourceTests.MissingFile_Throws","DisplayName":"SharpMind.Tests.Data.TextFileSourceTests.MissingFile_Throws","ExecutorUri":"executor://xunit/VsTestRunner3/netcore/","Source":"C:\\Integral2u\\source\\repos\\SharpMind\\SharpMind.Tests\\bin\\Debug\\net10.0\\SharpMind.Tests.dll","CodeFilePath":null,"LineNumber":0,"Properties":[{"Key":{"Id":"TestCase.ManagedMethod","Label":"ManagedMethod","Category":"","Description":"","Attributes":1,"ValueType":"System.String"},"Value":"MissingFile_Throws"},{"Key":{"Id":"TestCase.ManagedType","Label":"ManagedType","Category":"","Description":"","Attributes":1,"ValueType":"System.String"},"Value":"SharpMind.Tests.Data.TextFileSourceTests"},{"Key":{"Id":"XunitTestCaseExplicit","Label":"xUnit.net Test Case Explicit Flag","Category":"","Description":"","Attributes":0,"ValueType":"System.Boolean"},"Value":false},{"Key":{"Id":"XunitTestCaseUniqueID","Label":"xUnit.net Test Case Unique ID","Category":"","Description":"","Attributes":0,"ValueType":"System.String"},"Value":"245211b5899e8cd6f6879c16cedd506a1701a2c1"}]},"Attachments":[],"Outcome":1,"ErrorMessage":null,"ErrorStackTrace":null,"DisplayName":"SharpMind.Tests.Data.TextFileSourceTests.MissingFile_Throws","Messages":[],"ComputerName":"LAPTOP-MKMTSO1B","Duration":"00:00:00.0026484","StartTime":"2026-07-20T04:55:33.5080927+00:00","EndTime":"2026-07-20T04:55:33.5102424+00:00","Properties":[]},{"TestCase":{"Id":"4a8d2912-78ef-bc93-1205-f7c256ac9771","FullyQualifiedName":"SharpMind.Tests.Data.TextFileSourceTests.EstimatedCount_LineMode_ReturnsNull","DisplayName":"SharpMind.Tests.Data.TextFileSourceTests.EstimatedCount_LineMode_ReturnsNull","ExecutorUri":"executor://xunit/VsTestRunner3/netcore/","Source":"C:\\Integral2u\\source\\repos\\SharpMind\\SharpMind.Tests\\bin\\Debug\\net10.0\\SharpMind.Tests.dll","CodeFilePath":null,"LineNumber":0,"Properties":[{"Key":{"Id":"TestCase.ManagedMethod","Label":"ManagedMethod","Category":"","Description":"","Attributes":1,"ValueType":"System.String"},"Value":"EstimatedCount_LineMode_ReturnsNull"},{"Key":{"Id":"TestCase.ManagedType","Label":"ManagedType","Category":"","Description":"","Attributes":1,"ValueType":"System.String"},"Value":"SharpMind.Tests.Data.TextFileSourceTests"},{"Key":{"Id":"XunitTestCaseExplicit","Label":"xUnit.net Test Case Explicit Flag","Category":"","Description":"","Attributes":0,"ValueType":"System.Boolean"},"Value":false},{"Key":{"Id":"XunitTestCaseUniqueID","Label":"xUnit.net Test Case Unique ID","Category":"","Description":"","Attributes":0,"ValueType":"System.String"},"Value":"2e902ba4a9f5a1c8baa4b0473809e8863d2b8fa3"}]},"Attachments":[],"Outcome":1,"ErrorMessage":null,"ErrorStackTrace":null,"DisplayName":"SharpMind.Tests.Data.TextFileSourceTests.EstimatedCount_LineMode_ReturnsNull","Messages":[],"ComputerName":"LAPTOP-MKMTSO1B","Duration":"00:00:00.0046156","StartTime":"2026-07-20T04:55:33.5112776+00:00","EndTime":"2026-07-20T04:55:33.5151751+00:00","Properties":[]}],"TestRunStatistics":{"ExecutedTests":31,"Stats":{"Passed":31}},"ActiveTests":[{"Id":"c5f124aa-f7df-1e24-fdb1-0992f64b600b","FullyQualifiedName":"SharpMind.Tests.Data.PseudoLanguageGeneratorTests.ModelSizeRecommendation_ScalesWithVocabSize","DisplayName":"SharpMind.Tests.Data.PseudoLanguageGeneratorTests.ModelSizeRecommendation_ScalesWithVocabSize","ExecutorUri":"executor://xunit/VsTestRunner3/netcore/","Source":"C:\\Integral2u\\source\\repos\\SharpMind\\SharpMind.Tests\\bin\\Debug\\net10.0\\SharpMind.Tests.dll","CodeFilePath":null,"LineNumber":0,"Properties":[{"Key":{"Id":"TestCase.ManagedMethod","Label":"ManagedMethod","Category":"","Description":"","Attributes":1,"ValueType":"System.String"},"Value":"ModelSizeRecommendation_ScalesWithVocabSize"},{"Key":{"Id":"TestCase.ManagedType","Label":"ManagedType","Category":"","Description":"","Attributes":1,"ValueType":"System.String"},"Value":"SharpMind.Tests.Data.PseudoLanguageGeneratorTests"},{"Key":{"Id":"XunitTestCaseExplicit","Label":"xUnit.net Test Case Explicit Flag","Category":"","Description":"","Attributes":0,"ValueType":"System.Boolean"},"Value":false},{"Key":{"Id":"XunitTestCaseUniqueID","Label":"xUnit.net Test Case Unique ID","Category":"","Description":"","Attributes":0,"ValueType":"System.String"},"Value":"a53fca8d77d1c6d63f271062a2da8888cffdfc64"}]},{"Id":"85f6dbee-27ad-fd77-6a2e-501d9d592650","FullyQualifiedName":"SharpMind.Tests.Data.TextFileSourceTests.EstimatedCount_FileMode_ReturnsFileCount","DisplayName":"SharpMind.Tests.Data.TextFileSourceTests.EstimatedCount_FileMode_ReturnsFileCount","ExecutorUri":"executor://xunit/VsTestRunner3/netcore/","Source":"C:\\Integral2u\\source\\repos\\SharpMind\\SharpMind.Tests\\bin\\Debug\\net10.0\\SharpMind.Tests.dll","CodeFilePath":null,"LineNumber":0,"Properties":[{"Key":{"Id":"TestCase.ManagedMethod","Label":"ManagedMethod","Category":"","Description":"","Attributes":1,"ValueType":"System.String"},"Value":"EstimatedCount_FileMode_ReturnsFileCount"},{"Key":{"Id":"TestCase.ManagedType","Label":"ManagedType","Category":"","Description":"","Attributes":1,"ValueType":"System.String"},"Value":"SharpMind.Tests.Data.TextFileSourceTests"},{"Key":{"Id":"XunitTestCaseExplicit","Label":"xUnit.net Test Case Explicit Flag","Category":"","Description":"","Attributes":0,"ValueType":"System.Boolean"},"Value":false},{"Key":{"Id":"XunitTestCaseUniqueID","Label":"xUnit.net Test Case Unique ID","Category":"","Description":"","Attributes":0,"ValueType":"System.String"},"Value":"3962c137545af61f2e5d28e16551e1cfe33f3bca"}]}]}}
TpTrace Verbose: 0 : 13400, 13, 2026/07/20, 16:55:33.525, 347224001485, vstest.console.dll, TestRunRequest:SendTestRunStatsChange: Starting.
TpTrace Verbose: 0 : 13400, 13, 2026/07/20, 16:55:33.525, 347224002817, vstest.console.dll, InProgress is SharpMind.Tests.Data.PseudoLanguageGeneratorTests.ModelSizeRecommendation_ScalesWithVocabSize
TpTrace Verbose: 0 : 13400, 13, 2026/07/20, 16:55:33.525, 347224003351, vstest.console.dll, InProgress is SharpMind.Tests.Data.TextFileSourceTests.EstimatedCount_FileMode_ReturnsFileCount
TpTrace Verbose: 0 : 13400, 13, 2026/07/20, 16:55:33.526, 347224004449, vstest.console.dll, MulticastDelegateUtilities.SafeInvoke: TestRun.RunStatsChanged: Invoking callbacks was skipped because there are no subscribers.
TpTrace Information: 0 : 13400, 13, 2026/07/20, 16:55:33.526, 347224004994, vstest.console.dll, TestRunRequest:SendTestRunStatsChange: Completed.
TpTrace Verbose: 0 : 13400, 4, 2026/07/20, 16:55:33.526, 347224004974, vstest.console.dll, MulticastDelegateUtilities.SafeInvoke: InternalTestLoggerEvents.SendTestResult: Invoking callback 1/1 for Microsoft.VisualStudio.TestPlatform.CommandLine.Internal.ConsoleLogger., took 0 ms.
TpTrace Verbose: 0 : 13400, 13, 2026/07/20, 16:55:33.526, 347224005652, vstest.console.dll, MulticastDelegateUtilities.SafeInvoke: LengthPrefixCommunicationChannel: MessageReceived: Invoking callback 1/1 for Microsoft.VisualStudio.TestPlatform.CommunicationUtilities.TestRequestSender+<>c__DisplayClass34_0., took 3 ms.
TpTrace Verbose: 0 : 13400, 4, 2026/07/20, 16:55:33.526, 347224006845, vstest.console.dll, MulticastDelegateUtilities.SafeInvoke: InternalTestLoggerEvents.SendTestResult: Invoking callback 1/1 for Microsoft.VisualStudio.TestPlatform.CommandLine.Internal.ConsoleLogger., took 0 ms.
TpTrace Verbose: 0 : 13400, 13, 2026/07/20, 16:55:33.526, 347224006998, vstest.console.dll, TcpClientExtensions.MessageLoopAsync: Polling on remoteEndPoint: 127.0.0.1:54998 localEndPoint: 127.0.0.1:54997 after 71 ms
TpTrace Verbose: 0 : 13400, 4, 2026/07/20, 16:55:33.526, 347224007778, vstest.console.dll, MulticastDelegateUtilities.SafeInvoke: InternalTestLoggerEvents.SendTestResult: Invoking callback 1/1 for Microsoft.VisualStudio.TestPlatform.CommandLine.Internal.ConsoleLogger., took 0 ms.
TpTrace Verbose: 0 : 13400, 4, 2026/07/20, 16:55:33.526, 347224009038, vstest.console.dll, MulticastDelegateUtilities.SafeInvoke: InternalTestLoggerEvents.SendTestResult: Invoking callback 1/1 for Microsoft.VisualStudio.TestPlatform.CommandLine.Internal.ConsoleLogger., took 0 ms.
TpTrace Verbose: 0 : 13400, 4, 2026/07/20, 16:55:33.526, 347224009957, vstest.console.dll, MulticastDelegateUtilities.SafeInvoke: InternalTestLoggerEvents.SendTestResult: Invoking callback 1/1 for Microsoft.VisualStudio.TestPlatform.CommandLine.Internal.ConsoleLogger., took 0 ms.
TpTrace Verbose: 0 : 13400, 4, 2026/07/20, 16:55:33.526, 347224010856, vstest.console.dll, MulticastDelegateUtilities.SafeInvoke: InternalTestLoggerEvents.SendTestResult: Invoking callback 1/1 for Microsoft.VisualStudio.TestPlatform.CommandLine.Internal.ConsoleLogger., took 0 ms.
TpTrace Verbose: 0 : 13400, 4, 2026/07/20, 16:55:33.528, 347224034056, vstest.console.dll, MulticastDelegateUtilities.SafeInvoke: InternalTestLoggerEvents.SendTestResult: Invoking callback 1/1 for Microsoft.VisualStudio.TestPlatform.CommandLine.Internal.ConsoleLogger., took 2 ms.
TpTrace Verbose: 0 : 13400, 4, 2026/07/20, 16:55:33.529, 347224036451, vstest.console.dll, MulticastDelegateUtilities.SafeInvoke: InternalTestLoggerEvents.SendTestResult: Invoking callback 1/1 for Microsoft.VisualStudio.TestPlatform.CommandLine.Internal.ConsoleLogger., took 0 ms.
TpTrace Verbose: 0 : 13400, 13, 2026/07/20, 16:55:34.538, 347234125636, vstest.console.dll, TcpClientExtensions.MessageLoopAsync: Polling on remoteEndPoint: 127.0.0.1:54998 localEndPoint: 127.0.0.1:54997 after 1011 ms
TpTrace Verbose: 0 : 13400, 13, 2026/07/20, 16:55:35.553, 347244281446, vstest.console.dll, TcpClientExtensions.MessageLoopAsync: Polling on remoteEndPoint: 127.0.0.1:54998 localEndPoint: 127.0.0.1:54997 after 1015 ms
TpTrace Verbose: 0 : 13400, 13, 2026/07/20, 16:55:36.566, 347254412151, vstest.console.dll, TcpClientExtensions.MessageLoopAsync: Polling on remoteEndPoint: 127.0.0.1:54998 localEndPoint: 127.0.0.1:54997 after 1012 ms
TpTrace Verbose: 0 : 13400, 13, 2026/07/20, 16:55:37.410, 347262844524, vstest.console.dll, TcpClientExtensions.MessageLoopAsync: NotifyDataAvailable remoteEndPoint: 127.0.0.1:54998 localEndPoint: 127.0.0.1:54997
TpTrace Verbose: 0 : 13400, 13, 2026/07/20, 16:55:37.411, 347262855615, vstest.console.dll, TestRequestSender.OnExecutionMessageReceived: Received message: {"Version":7,"MessageType":"TestExecution.StatsChange","Payload":{"NewTestResults":[{"TestCase":{"Id":"85f6dbee-27ad-fd77-6a2e-501d9d592650","FullyQualifiedName":"SharpMind.Tests.Data.TextFileSourceTests.EstimatedCount_FileMode_ReturnsFileCount","DisplayName":"SharpMind.Tests.Data.TextFileSourceTests.EstimatedCount_FileMode_ReturnsFileCount","ExecutorUri":"executor://xunit/VsTestRunner3/netcore/","Source":"C:\\Integral2u\\source\\repos\\SharpMind\\SharpMind.Tests\\bin\\Debug\\net10.0\\SharpMind.Tests.dll","CodeFilePath":null,"LineNumber":0,"Properties":[{"Key":{"Id":"TestCase.ManagedMethod","Label":"ManagedMethod","Category":"","Description":"","Attributes":1,"ValueType":"System.String"},"Value":"EstimatedCount_FileMode_ReturnsFileCount"},{"Key":{"Id":"TestCase.ManagedType","Label":"ManagedType","Category":"","Description":"","Attributes":1,"ValueType":"System.String"},"Value":"SharpMind.Tests.Data.TextFileSourceTests"},{"Key":{"Id":"XunitTestCaseExplicit","Label":"xUnit.net Test Case Explicit Flag","Category":"","Description":"","Attributes":0,"ValueType":"System.Boolean"},"Value":false},{"Key":{"Id":"XunitTestCaseUniqueID","Label":"xUnit.net Test Case Unique ID","Category":"","Description":"","Attributes":0,"ValueType":"System.String"},"Value":"3962c137545af61f2e5d28e16551e1cfe33f3bca"}]},"Attachments":[],"Outcome":1,"ErrorMessage":null,"ErrorStackTrace":null,"DisplayName":"SharpMind.Tests.Data.TextFileSourceTests.EstimatedCount_FileMode_ReturnsFileCount","Messages":[],"ComputerName":"LAPTOP-MKMTSO1B","Duration":"00:00:00.0113643","StartTime":"2026-07-20T04:55:33.5221223+00:00","EndTime":"2026-07-20T04:55:33.5267858+00:00","Properties":[]},{"TestCase":{"Id":"621c0932-6aa9-033b-e6ba-2ea8982d665f","FullyQualifiedName":"SharpMind.Tests.Data.TextFileSourceTests.Cancellation_StopsStream","DisplayName":"SharpMind.Tests.Data.TextFileSourceTests.Cancellation_StopsStream","ExecutorUri":"executor://xunit/VsTestRunner3/netcore/","Source":"C:\\Integral2u\\source\\repos\\SharpMind\\SharpMind.Tests\\bin\\Debug\\net10.0\\SharpMind.Tests.dll","CodeFilePath":null,"LineNumber":0,"Properties":[{"Key":{"Id":"TestCase.ManagedMethod","Label":"ManagedMethod","Category":"","Description":"","Attributes":1,"ValueType":"System.String"},"Value":"Cancellation_StopsStream"},{"Key":{"Id":"TestCase.ManagedType","Label":"ManagedType","Category":"","Description":"","Attributes":1,"ValueType":"System.String"},"Value":"SharpMind.Tests.Data.TextFileSourceTests"},{"Key":{"Id":"XunitTestCaseExplicit","Label":"xUnit.net Test Case Explicit Flag","Category":"","Description":"","Attributes":0,"ValueType":"System.Boolean"},"Value":false},{"Key":{"Id":"XunitTestCaseUniqueID","Label":"xUnit.net Test Case Unique ID","Category":"","Description":"","Attributes":0,"ValueType":"System.String"},"Value":"4f4441929ff37614c6231b26df50e669bd874820"}]},"Attachments":[],"Outcome":1,"ErrorMessage":null,"ErrorStackTrace":null,"DisplayName":"SharpMind.Tests.Data.TextFileSourceTests.Cancellation_StopsStream","Messages":[],"ComputerName":"LAPTOP-MKMTSO1B","Duration":"00:00:00.0612135","StartTime":"2026-07-20T04:55:33.5278976+00:00","EndTime":"2026-07-20T04:55:33.5886041+00:00","Properties":[]},{"TestCase":{"Id":"80258c54-96d9-3232-ec10-edf92b9bc23a","FullyQualifiedName":"SharpMind.Tests.Data.CompositeSourceTests.Concatenate_YieldsAllSourcesInOrder","DisplayName":"SharpMind.Tests.Data.CompositeSourceTests.Concatenate_YieldsAllSourcesInOrder","ExecutorUri":"executor://xunit/VsTestRunner3/netcore/","Source":"C:\\Integral2u\\source\\repos\\SharpMind\\SharpMind.Tests\\bin\\Debug\\net10.0\\SharpMind.Tests.dll","CodeFilePath":null,"LineNumber":0,"Properties":[{"Key":{"Id":"TestCase.ManagedMethod","Label":"ManagedMethod","Category":"","Description":"","Attributes":1,"ValueType":"System.String"},"Value":"Concatenate_YieldsAllSourcesInOrder"},{"Key":{"Id":"TestCase.ManagedType","Label":"ManagedType","Category":"","Description":"","Attributes":1,"ValueType":"System.String"},"Value":"SharpMind.Tests.Data.CompositeSourceTests"},{"Key":{"Id":"XunitTestCaseExplicit","Label":"xUnit.net Test Case Explicit Flag","Category":"","Description":"","Attributes":0,"ValueType":"System.Boolean"},"Value":false},{"Key":{"Id":"XunitTestCaseUniqueID","Label":"xUnit.net Test Case Unique ID","Category":"","Description":"","Attributes":0,"ValueType":"System.String"},"Value":"a8faed9a4aa0bd31b62fd00136b9125362103b91"}]},"Attachments":[],"Outcome":1,"ErrorMessage":null,"ErrorStackTrace":null,"DisplayName":"SharpMind.Tests.Data.CompositeSourceTests.Concatenate_YieldsAllSourcesInOrder","Messages":[],"ComputerName":"LAPTOP-MKMTSO1B","Duration":"00:00:00.3008236","StartTime":"2026-07-20T04:55:33.2837286+00:00","EndTime":"2026-07-20T04:55:33.6314265+00:00","Properties":[]}],"TestRunStatistics":{"ExecutedTests":34,"Stats":{"Passed":34}},"ActiveTests":[{"Id":"ee3efff8-fbc7-824a-5cde-b4fd4b6e67ea","FullyQualifiedName":"SharpMind.Tests.Data.TextFileSourceTests.LineMode_YieldsEachNonEmptyLine","DisplayName":"SharpMind.Tests.Data.TextFileSourceTests.LineMode_YieldsEachNonEmptyLine","ExecutorUri":"executor://xunit/VsTestRunner3/netcore/","Source":"C:\\Integral2u\\source\\repos\\SharpMind\\SharpMind.Tests\\bin\\Debug\\net10.0\\SharpMind.Tests.dll","CodeFilePath":null,"LineNumber":0,"Properties":[{"Key":{"Id":"TestCase.ManagedMethod","Label":"ManagedMethod","Category":"","Description":"","Attributes":1,"ValueType":"System.String"},"Value":"LineMode_YieldsEachNonEmptyLine"},{"Key":{"Id":"TestCase.ManagedType","Label":"ManagedType","Category":"","Description":"","Attributes":1,"ValueType":"System.String"},"Value":"SharpMind.Tests.Data.TextFileSourceTests"},{"Key":{"Id":"XunitTestCaseExplicit","Label":"xUnit.net Test Case Explicit Flag","Category":"","Description":"","Attributes":0,"ValueType":"System.Boolean"},"Value":false},{"Key":{"Id":"XunitTestCaseUniqueID","Label":"xUnit.net Test Case Unique ID","Category":"","Description":"","Attributes":0,"ValueType":"System.String"},"Value":"53654e480dbd7895a8290afa40f3ded723949ccf"}]}]}}
TpTrace Verbose: 0 : 13400, 13, 2026/07/20, 16:55:37.413, 347262878401, vstest.console.dll, TestRunRequest:SendTestRunStatsChange: Starting.
TpTrace Verbose: 0 : 13400, 13, 2026/07/20, 16:55:37.413, 347262879408, vstest.console.dll, InProgress is SharpMind.Tests.Data.TextFileSourceTests.LineMode_YieldsEachNonEmptyLine
TpTrace Verbose: 0 : 13400, 13, 2026/07/20, 16:55:37.413, 347262880310, vstest.console.dll, MulticastDelegateUtilities.SafeInvoke: TestRun.RunStatsChanged: Invoking callbacks was skipped because there are no subscribers.
TpTrace Information: 0 : 13400, 13, 2026/07/20, 16:55:37.413, 347262880981, vstest.console.dll, TestRunRequest:SendTestRunStatsChange: Completed.
TpTrace Verbose: 0 : 13400, 13, 2026/07/20, 16:55:37.413, 347262881539, vstest.console.dll, MulticastDelegateUtilities.SafeInvoke: LengthPrefixCommunicationChannel: MessageReceived: Invoking callback 1/1 for Microsoft.VisualStudio.TestPlatform.CommunicationUtilities.TestRequestSender+<>c__DisplayClass34_0., took 2 ms.
TpTrace Verbose: 0 : 13400, 13, 2026/07/20, 16:55:37.413, 347262882120, vstest.console.dll, TcpClientExtensions.MessageLoopAsync: Polling on remoteEndPoint: 127.0.0.1:54998 localEndPoint: 127.0.0.1:54997 after 846 ms
TpTrace Verbose: 0 : 13400, 4, 2026/07/20, 16:55:37.413, 347262881865, vstest.console.dll, MulticastDelegateUtilities.SafeInvoke: InternalTestLoggerEvents.SendTestResult: Invoking callback 1/1 for Microsoft.VisualStudio.TestPlatform.CommandLine.Internal.ConsoleLogger., took 0 ms.
TpTrace Verbose: 0 : 13400, 4, 2026/07/20, 16:55:37.413, 347262883802, vstest.console.dll, MulticastDelegateUtilities.SafeInvoke: InternalTestLoggerEvents.SendTestResult: Invoking callback 1/1 for Microsoft.VisualStudio.TestPlatform.CommandLine.Internal.ConsoleLogger., took 0 ms.
TpTrace Verbose: 0 : 13400, 4, 2026/07/20, 16:55:37.414, 347262884565, vstest.console.dll, MulticastDelegateUtilities.SafeInvoke: InternalTestLoggerEvents.SendTestResult: Invoking callback 1/1 for Microsoft.VisualStudio.TestPlatform.CommandLine.Internal.ConsoleLogger., took 0 ms.
TpTrace Verbose: 0 : 13400, 13, 2026/07/20, 16:55:37.443, 347263175322, vstest.console.dll, TcpClientExtensions.MessageLoopAsync: NotifyDataAvailable remoteEndPoint: 127.0.0.1:54998 localEndPoint: 127.0.0.1:54997
TpTrace Verbose: 0 : 13400, 13, 2026/07/20, 16:55:37.443, 347263180375, vstest.console.dll, TestRequestSender.OnExecutionMessageReceived: Received message: {"Version":7,"MessageType":"TestExecution.StatsChange","Payload":{"NewTestResults":[{"TestCase":{"Id":"321a26d8-1cc0-f59d-2e77-60dfbd269fdf","FullyQualifiedName":"SharpMind.Tests.Core.TensorShapeTests.AssertMatMulCompatible_ThrowsOnInnerDimMismatch","DisplayName":"SharpMind.Tests.Core.TensorShapeTests.AssertMatMulCompatible_ThrowsOnInnerDimMismatch","ExecutorUri":"executor://xunit/VsTestRunner3/netcore/","Source":"C:\\Integral2u\\source\\repos\\SharpMind\\SharpMind.Tests\\bin\\Debug\\net10.0\\SharpMind.Tests.dll","CodeFilePath":null,"LineNumber":0,"Properties":[{"Key":{"Id":"TestCase.ManagedMethod","Label":"ManagedMethod","Category":"","Description":"","Attributes":1,"ValueType":"System.String"},"Value":"AssertMatMulCompatible_ThrowsOnInnerDimMismatch"},{"Key":{"Id":"TestCase.ManagedType","Label":"ManagedType","Category":"","Description":"","Attributes":1,"ValueType":"System.String"},"Value":"SharpMind.Tests.Core.TensorShapeTests"},{"Key":{"Id":"XunitTestCaseExplicit","Label":"xUnit.net Test Case Explicit Flag","Category":"","Description":"","Attributes":0,"ValueType":"System.Boolean"},"Value":false},{"Key":{"Id":"XunitTestCaseUniqueID","Label":"xUnit.net Test Case Unique ID","Category":"","Description":"","Attributes":0,"ValueType":"System.String"},"Value":"08d3ca008ea58e5f6a7a35057dc34ef295bda045"}]},"Attachments":[],"Outcome":1,"ErrorMessage":null,"ErrorStackTrace":null,"DisplayName":"SharpMind.Tests.Core.TensorShapeTests.AssertMatMulCompatible_ThrowsOnInnerDimMismatch","Messages":[],"ComputerName":"LAPTOP-MKMTSO1B","Duration":"00:00:00.0037261","StartTime":"2026-07-20T04:55:37.4120259+00:00","EndTime":"2026-07-20T04:55:37.4122355+00:00","Properties":[]},{"TestCase":{"Id":"2b4af5c8-87ee-9260-68c1-8f61c8ac2c1f","FullyQualifiedName":"SharpMind.Tests.Core.TensorShapeTests.Reshape_PreservesElementCount","DisplayName":"SharpMind.Tests.Core.TensorShapeTests.Reshape_PreservesElementCount(from: [2, 3], to: [3, 2])","ExecutorUri":"executor://xunit/VsTestRunner3/netcore/","Source":"C:\\Integral2u\\source\\repos\\SharpMind\\SharpMind.Tests\\bin\\Debug\\net10.0\\SharpMind.Tests.dll","CodeFilePath":null,"LineNumber":0,"Properties":[{"Key":{"Id":"TestCase.ManagedMethod","Label":"ManagedMethod","Category":"","Description":"","Attributes":1,"ValueType":"System.String"},"Value":"Reshape_PreservesElementCount"},{"Key":{"Id":"TestCase.ManagedType","Label":"ManagedType","Category":"","Description":"","Attributes":1,"ValueType":"System.String"},"Value":"SharpMind.Tests.Core.TensorShapeTests"},{"Key":{"Id":"XunitTestCaseExplicit","Label":"xUnit.net Test Case Explicit Flag","Category":"","Description":"","Attributes":0,"ValueType":"System.Boolean"},"Value":false},{"Key":{"Id":"XunitTestCaseUniqueID","Label":"xUnit.net Test Case Unique ID","Category":"","Description":"","Attributes":0,"ValueType":"System.String"},"Value":"3b98922fa27040dcdd681b2317794e3ffeaf59a7"}]},"Attachments":[],"Outcome":1,"ErrorMessage":null,"ErrorStackTrace":null,"DisplayName":"SharpMind.Tests.Core.TensorShapeTests.Reshape_PreservesElementCount(from: [2, 3], to: [3, 2])","Messages":[],"ComputerName":"LAPTOP-MKMTSO1B","Duration":"00:00:00.0048388","StartTime":"2026-07-20T04:55:37.4130978+00:00","EndTime":"2026-07-20T04:55:37.4139219+00:00","Properties":[]},{"TestCase":{"Id":"c06ef7cb-8a2c-7158-d5b2-8fc1d2d191b4","FullyQualifiedName":"SharpMind.Tests.Core.TensorShapeTests.Reshape_PreservesElementCount","DisplayName":"SharpMind.Tests.Core.TensorShapeTests.Reshape_PreservesElementCount(from: [6], to: [2, 3])","ExecutorUri":"executor://xunit/VsTestRunner3/netcore/","Source":"C:\\Integral2u\\source\\repos\\SharpMind\\SharpMind.Tests\\bin\\Debug\\net10.0\\SharpMind.Tests.dll","CodeFilePath":null,"LineNumber":0,"Properties":[{"Key":{"Id":"TestCase.ManagedMethod","Label":"ManagedMethod","Category":"","Description":"","Attributes":1,"ValueType":"System.String"},"Value":"Reshape_PreservesElementCount"},{"Key":{"Id":"TestCase.ManagedType","Label":"ManagedType","Category":"","Description":"","Attributes":1,"ValueType":"System.String"},"Value":"SharpMind.Tests.Core.TensorShapeTests"},{"Key":{"Id":"XunitTestCaseExplicit","Label":"xUnit.net Test Case Explicit Flag","Category":"","Description":"","Attributes":0,"ValueType":"System.Boolean"},"Value":false},{"Key":{"Id":"XunitTestCaseUniqueID","Label":"xUnit.net Test Case Unique ID","Category":"","Description":"","Attributes":0,"ValueType":"System.String"},"Value":"c22855e1766231af1577095adf7a4428d14eb681"}]},"Attachments":[],"Outcome":1,"ErrorMessage":null,"ErrorStackTrace":null,"DisplayName":"SharpMind.Tests.Core.TensorShapeTests.Reshape_PreservesElementCount(from: [6], to: [2, 3])","Messages":[],"ComputerName":"LAPTOP-MKMTSO1B","Duration":"00:00:00.0005063","StartTime":"2026-07-20T04:55:37.4149071+00:00","EndTime":"2026-07-20T04:55:37.4151045+00:00","Properties":[]},{"TestCase":{"Id":"3e0a4849-dce8-9c9b-d597-b132c98f1400","FullyQualifiedName":"SharpMind.Tests.Core.TensorShapeTests.Reshape_PreservesElementCount","DisplayName":"SharpMind.Tests.Core.TensorShapeTests.Reshape_PreservesElementCount(from: [2, 3], to: [6])","ExecutorUri":"executor://xunit/VsTestRunner3/netcore/","Source":"C:\\Integral2u\\source\\repos\\SharpMind\\SharpMind.Tests\\bin\\Debug\\net10.0\\SharpMind.Tests.dll","CodeFilePath":null,"LineNumber":0,"Properties":[{"Key":{"Id":"TestCase.ManagedMethod","Label":"ManagedMethod","Category":"","Description":"","Attributes":1,"ValueType":"System.String"},"Value":"Reshape_PreservesElementCount"},{"Key":{"Id":"TestCase.ManagedType","Label":"ManagedType","Category":"","Description":"","Attributes":1,"ValueType":"System.String"},"Value":"SharpMind.Tests.Core.TensorShapeTests"},{"Key":{"Id":"XunitTestCaseExplicit","Label":"xUnit.net Test Case Explicit Flag","Category":"","Description":"","Attributes":0,"ValueType":"System.Boolean"},"Value":false},{"Key":{"Id":"XunitTestCaseUniqueID","Label":"xUnit.net Test Case Unique ID","Category":"","Description":"","Attributes":0,"ValueType":"System.String"},"Value":"f32bdc9765aa7068e6470a1979d1fd95d2a94224"}]},"Attachments":[],"Outcome":1,"ErrorMessage":null,"ErrorStackTrace":null,"DisplayName":"SharpMind.Tests.Core.TensorShapeTests.Reshape_PreservesElementCount(from: [2, 3], to: [6])","Messages":[],"ComputerName":"LAPTOP-MKMTSO1B","Duration":"00:00:00.0000164","StartTime":"2026-07-20T04:55:37.4157817+00:00","EndTime":"2026-07-20T04:55:37.4159623+00:00","Properties":[]},{"TestCase":{"Id":"22b72329-3aef-df1f-0057-d125a1a7491e","FullyQualifiedName":"SharpMind.Tests.Core.TensorShapeTests.NegativeIndex_LastDim","DisplayName":"SharpMind.Tests.Core.TensorShapeTests.NegativeIndex_LastDim","ExecutorUri":"executor://xunit/VsTestRunner3/netcore/","Source":"C:\\Integral2u\\source\\repos\\SharpMind\\SharpMind.Tests\\bin\\Debug\\net10.0\\SharpMind.Tests.dll","CodeFilePath":null,"LineNumber":0,"Properties":[{"Key":{"Id":"TestCase.ManagedMethod","Label":"ManagedMethod","Category":"","Description":"","Attributes":1,"ValueType":"System.String"},"Value":"NegativeIndex_LastDim"},{"Key":{"Id":"TestCase.ManagedType","Label":"ManagedType","Category":"","Description":"","Attributes":1,"ValueType":"System.String"},"Value":"SharpMind.Tests.Core.TensorShapeTests"},{"Key":{"Id":"XunitTestCaseExplicit","Label":"xUnit.net Test Case Explicit Flag","Category":"","Description":"","Attributes":0,"ValueType":"System.Boolean"},"Value":false},{"Key":{"Id":"XunitTestCaseUniqueID","Label":"xUnit.net Test Case Unique ID","Category":"","Description":"","Attributes":0,"ValueType":"System.String"},"Value":"3fa2ca893f6b61f64f2378c3f92a89ed76bc9145"}]},"Attachments":[],"Outcome":1,"ErrorMessage":null,"ErrorStackTrace":null,"DisplayName":"SharpMind.Tests.Core.TensorShapeTests.NegativeIndex_LastDim","Messages":[],"ComputerName":"LAPTOP-MKMTSO1B","Duration":"00:00:00.0008018","StartTime":"2026-07-20T04:55:37.416676+00:00","EndTime":"2026-07-20T04:55:37.4168152+00:00","Properties":[]},{"TestCase":{"Id":"d7dbb9e3-8882-e956-266c-41e41c590be7","FullyQualifiedName":"SharpMind.Tests.Core.TensorShapeTests.Reshape_IncompatibleCount_Throws","DisplayName":"SharpMind.Tests.Core.TensorShapeTests.Reshape_IncompatibleCount_Throws","ExecutorUri":"executor://xunit/VsTestRunner3/netcore/","Source":"C:\\Integral2u\\source\\repos\\SharpMind\\SharpMind.Tests\\bin\\Debug\\net10.0\\SharpMind.Tests.dll","CodeFilePath":null,"LineNumber":0,"Properties":[{"Key":{"Id":"TestCase.ManagedMethod","Label":"ManagedMethod","Category":"","Description":"","Attributes":1,"ValueType":"System.String"},"Value":"Reshape_IncompatibleCount_Throws"},{"Key":{"Id":"TestCase.ManagedType","Label":"ManagedType","Category":"","Description":"","Attributes":1,"ValueType":"System.String"},"Value":"SharpMind.Tests.Core.TensorShapeTests"},{"Key":{"Id":"XunitTestCaseExplicit","Label":"xUnit.net Test Case Explicit Flag","Category":"","Description":"","Attributes":0,"ValueType":"System.Boolean"},"Value":false},{"Key":{"Id":"XunitTestCaseUniqueID","Label":"xUnit.net Test Case Unique ID","Category":"","Description":"","Attributes":0,"ValueType":"System.String"},"Value":"55076b8b615ed0c0089feb454587c7b1b40a03d2"}]},"Attachments":[],"Outcome":1,"ErrorMessage":null,"ErrorStackTrace":null,"DisplayName":"SharpMind.Tests.Core.TensorShapeTests.Reshape_IncompatibleCount_Throws","Messages":[],"ComputerName":"LAPTOP-MKMTSO1B","Duration":"00:00:00.0009182","StartTime":"2026-07-20T04:55:37.4217248+00:00","EndTime":"2026-07-20T04:55:37.4218983+00:00","Properties":[]},{"TestCase":{"Id":"52b157a5-08c1-1854-ebcf-53b540a284ee","FullyQualifiedName":"SharpMind.Tests.Core.TensorShapeTests.Reshape_InferredDim","DisplayName":"SharpMind.Tests.Core.TensorShapeTests.Reshape_InferredDim","ExecutorUri":"executor://xunit/VsTestRunner3/netcore/","Source":"C:\\Integral2u\\source\\repos\\SharpMind\\SharpMind.Tests\\bin\\Debug\\net10.0\\SharpMind.Tests.dll","CodeFilePath":null,"LineNumber":0,"Properties":[{"Key":{"Id":"TestCase.ManagedMethod","Label":"ManagedMethod","Category":"","Description":"","Attributes":1,"ValueType":"System.String"},"Value":"Reshape_InferredDim"},{"Key":{"Id":"TestCase.ManagedType","Label":"ManagedType","Category":"","Description":"","Attributes":1,"ValueType":"System.String"},"Value":"SharpMind.Tests.Core.TensorShapeTests"},{"Key":{"Id":"XunitTestCaseExplicit","Label":"xUnit.net Test Case Explicit Flag","Category":"","Description":"","Attributes":0,"ValueType":"System.Boolean"},"Value":false},{"Key":{"Id":"XunitTestCaseUniqueID","Label":"xUnit.net Test Case Unique ID","Category":"","Description":"","Attributes":0,"ValueType":"System.String"},"Value":"65bf2d574a05977085a61e19418466f5a3b8f853"}]},"Attachments":[],"Outcome":1,"ErrorMessage":null,"ErrorStackTrace":null,"DisplayName":"SharpMind.Tests.Core.TensorShapeTests.Reshape_InferredDim","Messages":[],"ComputerName":"LAPTOP-MKMTSO1B","Duration":"00:00:00.0037469","StartTime":"2026-07-20T04:55:37.4227777+00:00","EndTime":"2026-07-20T04:55:37.4229458+00:00","Properties":[]},{"TestCase":{"Id":"865c0a62-a57a-92b1-6d2c-7919bb5464cb","FullyQualifiedName":"SharpMind.Tests.Core.TensorShapeTests.AssertSameShape_ThrowsOnMismatch","DisplayName":"SharpMind.Tests.Core.TensorShapeTests.AssertSameShape_ThrowsOnMismatch","ExecutorUri":"executor://xunit/VsTestRunner3/netcore/","Source":"C:\\Integral2u\\source\\repos\\SharpMind\\SharpMind.Tests\\bin\\Debug\\net10.0\\SharpMind.Tests.dll","CodeFilePath":null,"LineNumber":0,"Properties":[{"Key":{"Id":"TestCase.ManagedMethod","Label":"ManagedMethod","Category":"","Description":"","Attributes":1,"ValueType":"System.String"},"Value":"AssertSameShape_ThrowsOnMismatch"},{"Key":{"Id":"TestCase.ManagedType","Label":"ManagedType","Category":"","Description":"","Attributes":1,"ValueType":"System.String"},"Value":"SharpMind.Tests.Core.TensorShapeTests"},{"Key":{"Id":"XunitTestCaseExplicit","Label":"xUnit.net Test Case Explicit Flag","Category":"","Description":"","Attributes":0,"ValueType":"System.Boolean"},"Value":false},{"Key":{"Id":"XunitTestCaseUniqueID","Label":"xUnit.net Test Case Unique ID","Category":"","Description":"","Attributes":0,"ValueType":"System.String"},"Value":"72774f7004481d03ebb94c469afc9def974f9b8c"}]},"Attachments":[],"Outcome":1,"ErrorMessage":null,"ErrorStackTrace":null,"DisplayName":"SharpMind.Tests.Core.TensorShapeTests.AssertSameShape_ThrowsOnMismatch","Messages":[],"ComputerName":"LAPTOP-MKMTSO1B","Duration":"00:00:00.0061014","StartTime":"2026-07-20T04:55:37.4237032+00:00","EndTime":"2026-07-20T04:55:37.4269747+00:00","Properties":[]},{"TestCase":{"Id":"6cc7b29e-3593-48a3-bee1-859bf795d995","FullyQualifiedName":"SharpMind.Tests.Core.TensorShapeTests.Squeeze_RemovesUnitDim","DisplayName":"SharpMind.Tests.Core.TensorShapeTests.Squeeze_RemovesUnitDim","ExecutorUri":"executor://xunit/VsTestRunner3/netcore/","Source":"C:\\Integral2u\\source\\repos\\SharpMind\\SharpMind.Tests\\bin\\Debug\\net10.0\\SharpMind.Tests.dll","CodeFilePath":null,"LineNumber":0,"Properties":[{"Key":{"Id":"TestCase.ManagedMethod","Label":"ManagedMethod","Category":"","Description":"","Attributes":1,"ValueType":"System.String"},"Value":"Squeeze_RemovesUnitDim"},{"Key":{"Id":"TestCase.ManagedType","Label":"ManagedType","Category":"","Description":"","Attributes":1,"ValueType":"System.String"},"Value":"SharpMind.Tests.Core.TensorShapeTests"},{"Key":{"Id":"XunitTestCaseExplicit","Label":"xUnit.net Test Case Explicit Flag","Category":"","Description":"","Attributes":0,"ValueType":"System.Boolean"},"Value":false},{"Key":{"Id":"XunitTestCaseUniqueID","Label":"xUnit.net Test Case Unique ID","Category":"","Description":"","Attributes":0,"ValueType":"System.String"},"Value":"964acd0327bf8d33e41b435395c623d76f756ef6"}]},"Attachments":[],"Outcome":1,"ErrorMessage":null,"ErrorStackTrace":null,"DisplayName":"SharpMind.Tests.Core.TensorShapeTests.Squeeze_RemovesUnitDim","Messages":[],"ComputerName":"LAPTOP-MKMTSO1B","Duration":"00:00:00.0126136","StartTime":"2026-07-20T04:55:37.4280909+00:00","EndTime":"2026-07-20T04:55:37.4397353+00:00","Properties":[]}],"TestRunStatistics":{"ExecutedTests":43,"Stats":{"Passed":43}},"ActiveTests":[{"Id":"e1ba7f6f-8c92-4bee-9a40-fb6cb8c7b499","FullyQualifiedName":"SharpMind.Tests.Core.TensorShapeTests.ElementCount_CorrectForAllRanks","DisplayName":"SharpMind.Tests.Core.TensorShapeTests.ElementCount_CorrectForAllRanks","ExecutorUri":"executor://xunit/VsTestRunner3/netcore/","Source":"C:\\Integral2u\\source\\repos\\SharpMind\\SharpMind.Tests\\bin\\Debug\\net10.0\\SharpMind.Tests.dll","CodeFilePath":null,"LineNumber":0,"Properties":[{"Key":{"Id":"TestCase.ManagedMethod","Label":"ManagedMethod","Category":"","Description":"","Attributes":1,"ValueType":"System.String"},"Value":"ElementCount_CorrectForAllRanks"},{"Key":{"Id":"TestCase.ManagedType","Label":"ManagedType","Category":"","Description":"","Attributes":1,"ValueType":"System.String"},"Value":"SharpMind.Tests.Core.TensorShapeTests"},{"Key":{"Id":"XunitTestCaseExplicit","Label":"xUnit.net Test Case Explicit Flag","Category":"","Description":"","Attributes":0,"ValueType":"System.Boolean"},"Value":false},{"Key":{"Id":"XunitTestCaseUniqueID","Label":"xUnit.net Test Case Unique ID","Category":"","Description":"","Attributes":0,"ValueType":"System.String"},"Value":"bf13d7056cd52e9b4c340776ae0381977f7c0746"}]}]}}
TpTrace Verbose: 0 : 13400, 13, 2026/07/20, 16:55:37.447, 347263219378, vstest.console.dll, TestRunRequest:SendTestRunStatsChange: Starting.
TpTrace Verbose: 0 : 13400, 13, 2026/07/20, 16:55:37.447, 347263220876, vstest.console.dll, InProgress is SharpMind.Tests.Core.TensorShapeTests.ElementCount_CorrectForAllRanks
TpTrace Verbose: 0 : 13400, 13, 2026/07/20, 16:55:37.447, 347263221818, vstest.console.dll, MulticastDelegateUtilities.SafeInvoke: TestRun.RunStatsChanged: Invoking callbacks was skipped because there are no subscribers.
TpTrace Information: 0 : 13400, 13, 2026/07/20, 16:55:37.447, 347263222275, vstest.console.dll, TestRunRequest:SendTestRunStatsChange: Completed.
TpTrace Verbose: 0 : 13400, 4, 2026/07/20, 16:55:37.447, 347263222534, vstest.console.dll, MulticastDelegateUtilities.SafeInvoke: InternalTestLoggerEvents.SendTestResult: Invoking callback 1/1 for Microsoft.VisualStudio.TestPlatform.CommandLine.Internal.ConsoleLogger., took 0 ms.
TpTrace Verbose: 0 : 13400, 13, 2026/07/20, 16:55:37.447, 347263222691, vstest.console.dll, MulticastDelegateUtilities.SafeInvoke: LengthPrefixCommunicationChannel: MessageReceived: Invoking callback 1/1 for Microsoft.VisualStudio.TestPlatform.CommunicationUtilities.TestRequestSender+<>c__DisplayClass34_0., took 4 ms.
TpTrace Verbose: 0 : 13400, 4, 2026/07/20, 16:55:37.447, 347263223501, vstest.console.dll, MulticastDelegateUtilities.SafeInvoke: InternalTestLoggerEvents.SendTestResult: Invoking callback 1/1 for Microsoft.VisualStudio.TestPlatform.CommandLine.Internal.ConsoleLogger., took 0 ms.
TpTrace Verbose: 0 : 13400, 13, 2026/07/20, 16:55:37.447, 347263223924, vstest.console.dll, TcpClientExtensions.MessageLoopAsync: Polling on remoteEndPoint: 127.0.0.1:54998 localEndPoint: 127.0.0.1:54997 after 34 ms
TpTrace Verbose: 0 : 13400, 4, 2026/07/20, 16:55:37.448, 347263224560, vstest.console.dll, MulticastDelegateUtilities.SafeInvoke: InternalTestLoggerEvents.SendTestResult: Invoking callback 1/1 for Microsoft.VisualStudio.TestPlatform.CommandLine.Internal.ConsoleLogger., took 0 ms.
TpTrace Verbose: 0 : 13400, 4, 2026/07/20, 16:55:37.448, 347263225512, vstest.console.dll, MulticastDelegateUtilities.SafeInvoke: InternalTestLoggerEvents.SendTestResult: Invoking callback 1/1 for Microsoft.VisualStudio.TestPlatform.CommandLine.Internal.ConsoleLogger., took 0 ms.
TpTrace Verbose: 0 : 13400, 4, 2026/07/20, 16:55:37.448, 347263226331, vstest.console.dll, MulticastDelegateUtilities.SafeInvoke: InternalTestLoggerEvents.SendTestResult: Invoking callback 1/1 for Microsoft.VisualStudio.TestPlatform.CommandLine.Internal.ConsoleLogger., took 0 ms.
TpTrace Verbose: 0 : 13400, 4, 2026/07/20, 16:55:37.448, 347263226914, vstest.console.dll, MulticastDelegateUtilities.SafeInvoke: InternalTestLoggerEvents.SendTestResult: Invoking callback 1/1 for Microsoft.VisualStudio.TestPlatform.CommandLine.Internal.ConsoleLogger., took 0 ms.
TpTrace Verbose: 0 : 13400, 4, 2026/07/20, 16:55:37.448, 347263230116, vstest.console.dll, MulticastDelegateUtilities.SafeInvoke: InternalTestLoggerEvents.SendTestResult: Invoking callback 1/1 for Microsoft.VisualStudio.TestPlatform.CommandLine.Internal.ConsoleLogger., took 0 ms.
TpTrace Verbose: 0 : 13400, 4, 2026/07/20, 16:55:37.448, 347263233115, vstest.console.dll, MulticastDelegateUtilities.SafeInvoke: InternalTestLoggerEvents.SendTestResult: Invoking callback 1/1 for Microsoft.VisualStudio.TestPlatform.CommandLine.Internal.ConsoleLogger., took 0 ms.
TpTrace Verbose: 0 : 13400, 4, 2026/07/20, 16:55:37.448, 347263233960, vstest.console.dll, MulticastDelegateUtilities.SafeInvoke: InternalTestLoggerEvents.SendTestResult: Invoking callback 1/1 for Microsoft.VisualStudio.TestPlatform.CommandLine.Internal.ConsoleLogger., took 0 ms.
TpTrace Verbose: 0 : 13400, 13, 2026/07/20, 16:55:37.480, 347263552442, vstest.console.dll, TcpClientExtensions.MessageLoopAsync: NotifyDataAvailable remoteEndPoint: 127.0.0.1:54998 localEndPoint: 127.0.0.1:54997
TpTrace Warning: 0 : 13400, 11, 2026/07/20, 16:55:37.481, 347263562864, vstest.console.dll, TestHostManagerCallbacks.ErrorReceivedCallback Test host standard error line: 
TpTrace Verbose: 0 : 13400, 12, 2026/07/20, 16:55:37.481, 347263562817, vstest.console.dll, TestHostManagerCallbacks.StandardOutputReceivedCallback Test host standard output line: 
TpTrace Error: 0 : 13400, 13, 2026/07/20, 16:55:37.483, 347263574315, vstest.console.dll, Socket: Message loop: failed to receive message due to socket error System.IO.IOException: Unable to read data from the transport connection: An existing connection was forcibly closed by the remote host..
 ---> System.Net.Sockets.SocketException (10054): An existing connection was forcibly closed by the remote host.
   at System.Net.Sockets.Socket.Receive(Span`1 buffer, SocketFlags socketFlags)
   at System.Net.Sockets.NetworkStream.Read(Span`1 buffer)
   --- End of inner exception stack trace ---
   at System.Net.Sockets.NetworkStream.Read(Span`1 buffer)
   at System.Net.Sockets.NetworkStream.ReadByte()
   at System.IO.BinaryReader.Read7BitEncodedInt()
   at System.IO.BinaryReader.ReadString()
   at Microsoft.VisualStudio.TestPlatform.CommunicationUtilities.LengthPrefixCommunicationChannel.NotifyDataAvailable(CancellationToken cancellationToken) in /_/src/vstest/src/Microsoft.TestPlatform.CommunicationUtilities/LengthPrefixCommunicationChannel.cs:line 90
   at Microsoft.VisualStudio.TestPlatform.CommunicationUtilities.TcpClientExtensions.MessageLoopAsync(TcpClient client, ICommunicationChannel channel, Action`1 errorHandler, CancellationToken cancellationToken) in /_/src/vstest/src/Microsoft.TestPlatform.CommunicationUtilities/TcpClientExtensions.cs:line 67, remoteEndPoint: 127.0.0.1:54998 localEndPoint: 127.0.0.1:54997
TpTrace Information: 0 : 13400, 13, 2026/07/20, 16:55:37.483, 347263576605, vstest.console.dll, SocketServer.PrivateStop: Stopping server endPoint: 127.0.0.1:54997 error: 
TpTrace Verbose: 0 : 13400, 13, 2026/07/20, 16:55:37.483, 347263582278, vstest.console.dll, LengthPrefixCommunicationChannel.Dispose: Dispose reader and writer.
TpTrace Information: 0 : 13400, 13, 2026/07/20, 16:55:37.484, 347263589164, vstest.console.dll, SocketServer.Stop: Raise disconnected event endPoint: 127.0.0.1:54997 error: 
TpTrace Verbose: 0 : 13400, 13, 2026/07/20, 16:55:37.484, 347263591588, vstest.console.dll, TestRequestSender: OnTestRunAbort: Set operation complete.
TpTrace Verbose: 0 : 13400, 13, 2026/07/20, 16:55:37.485, 347263601329, vstest.console.dll, TestRequestSender.SetOperationComplete: Setting operation complete.
TpTrace Information: 0 : 13400, 13, 2026/07/20, 16:55:37.485, 347263603024, vstest.console.dll, SocketServer.Stop: Stop server endPoint: 127.0.0.1:54997
TpTrace Verbose: 0 : 13400, 13, 2026/07/20, 16:55:37.486, 347263604906, vstest.console.dll, TestRequestSender.GetAbortErrorMessage: Exception: 
TpTrace Verbose: 0 : 13400, 13, 2026/07/20, 16:55:37.486, 347263606142, vstest.console.dll, TestRequestSender.GetAbortErrorMessage: Client has disconnected. Wait for standard error.
TpTrace Verbose: 0 : 13400, 11, 2026/07/20, 16:55:37.510, 347263846971, vstest.console.dll, TestHostProvider.ExitCallBack: Host exited starting callback.
TpTrace Error: 0 : 13400, 11, 2026/07/20, 16:55:37.510, 347263849075, vstest.console.dll, TestHostManagerCallbacks.ExitCallBack: Testhost processId: 10480 exited with exitcode: -1073740940 error: ''
TpTrace Verbose: 0 : 13400, 11, 2026/07/20, 16:55:37.510, 347263849725, vstest.console.dll, DotnetTestHostManager.OnHostExited: invoking OnHostExited callback
TpTrace Verbose: 0 : 13400, 11, 2026/07/20, 16:55:37.510, 347263850600, vstest.console.dll, CrossPlatEngine.TestHostManagerHostExited: calling on client process exit callback.
TpTrace Information: 0 : 13400, 11, 2026/07/20, 16:55:37.510, 347263851800, vstest.console.dll, TestRequestSender.OnClientProcessExit: Test host process exited. Standard error: 
TpTrace Information: 0 : 13400, 13, 2026/07/20, 16:55:37.510, 347263852772, vstest.console.dll, TestRequestSender.GetAbortErrorMessage: Received test host error message.
TpTrace Information: 0 : 13400, 11, 2026/07/20, 16:55:37.510, 347263852849, vstest.console.dll, SocketServer.Stop: Stop server endPoint: 127.0.0.1:54997
TpTrace Verbose: 0 : 13400, 11, 2026/07/20, 16:55:37.511, 347263854538, vstest.console.dll, MulticastDelegateUtilities.SafeInvoke: HostProviderEvents.OnHostExited: Invoking callback 1/1 for Microsoft.VisualStudio.TestPlatform.CrossPlatEngine.Client.ProxyOperationManager., took 0 ms.
TpTrace Error: 0 : 13400, 13, 2026/07/20, 16:55:37.511, 347263856821, vstest.console.dll, TestRequestSender: Aborting test run because Test host process crashed
TpTrace Verbose: 0 : 13400, 13, 2026/07/20, 16:55:37.511, 347263858004, vstest.console.dll, TestRunRequest:SendTestRunMessage: Starting.
TpTrace Verbose: 0 : 13400, 13, 2026/07/20, 16:55:37.511, 347263858738, vstest.console.dll, MulticastDelegateUtilities.SafeInvoke: TestRun.LogMessages: Invoking callback 1/1 for Microsoft.VisualStudio.TestPlatform.CommandLine.TestRunResultAggregator., took 0 ms.
TpTrace Information: 0 : 13400, 13, 2026/07/20, 16:55:37.511, 347263859088, vstest.console.dll, TestRunRequest:SendTestRunMessage: Completed.
TpTrace Verbose: 0 : 13400, 4, 2026/07/20, 16:55:37.511, 347263860658, vstest.console.dll, MulticastDelegateUtilities.SafeInvoke: InternalTestLoggerEvents.SendTestRunMessage: Invoking callback 1/1 for Microsoft.VisualStudio.TestPlatform.CommandLine.Internal.ConsoleLogger., took 0 ms.
TpTrace Verbose: 0 : 13400, 13, 2026/07/20, 16:55:37.533, 347264076864, vstest.console.dll, ProxyOperationManager.Close: waiting for test host to exit for 100 ms
TpTrace Information: 0 : 13400, 13, 2026/07/20, 16:55:37.533, 347264078570, vstest.console.dll, SocketServer.Stop: Stop server endPoint: 127.0.0.1:54997
TpTrace Information: 0 : 13400, 13, 2026/07/20, 16:55:37.533, 347264079135, vstest.console.dll, Closing the connection
TpTrace Verbose: 0 : 13400, 13, 2026/07/20, 16:55:37.533, 347264084133, vstest.console.dll, ParallelRunEventsHandler.HandleTestRunComplete: Handling a run completion, this can be either one part of parallel run completing, or the whole parallel run completing.
TpTrace Verbose: 0 : 13400, 13, 2026/07/20, 16:55:37.536, 347264106233, vstest.console.dll, ParallelProxyExecutionManager: HandlePartialRunComplete: Total workloads = 1, Total started clients = 1 Total completed clients = 1, Run complete = True, Run canceled: False.
TpTrace Verbose: 0 : 13400, 13, 2026/07/20, 16:55:37.536, 347264111433, vstest.console.dll, ParallelProxyExecutionManager: HandlePartialRunComplete: All runs completed stopping all managers.
TpTrace Verbose: 0 : 13400, 13, 2026/07/20, 16:55:37.536, 347264112706, vstest.console.dll, ParallelOperationManager.StopAllManagers: Stopping all managers.
TpTrace Verbose: 0 : 13400, 13, 2026/07/20, 16:55:37.536, 347264113281, vstest.console.dll, ParallelOperationManager.ClearSlots: Clearing all slots. Slots should accept more work: False
TpTrace Verbose: 0 : 13400, 13, 2026/07/20, 16:55:37.538, 347264124299, vstest.console.dll, ParallelOperationManager.SetOccupiedSlotCount: Setting slot counts AvailableSlotCount = 1, OccupiedSlotCount = 0.
TpTrace Verbose: 0 : 13400, 13, 2026/07/20, 16:55:37.538, 347264126559, vstest.console.dll, Occupied slots:

TpTrace Verbose: 0 : 13400, 13, 2026/07/20, 16:55:37.538, 347264127114, vstest.console.dll, ParallelRunEventsHandler.HandleTestRunComplete: Whole parallel run completed.
TpTrace Verbose: 0 : 13400, 4, 2026/07/20, 16:55:37.581, 347264555357, vstest.console.dll, MulticastDelegateUtilities.SafeInvoke: InternalTestLoggerEvents.SendTestRunComplete: Invoking callback 1/1 for Microsoft.VisualStudio.TestPlatform.CommandLine.Internal.ConsoleLogger., took 14 ms.
TpTrace Verbose: 0 : 13400, 13, 2026/07/20, 16:55:37.582, 347264564403, vstest.console.dll, TestRunRequest:TestRunComplete: Starting. IsAborted:True IsCanceled:False.
TpTrace Verbose: 0 : 13400, 13, 2026/07/20, 16:55:37.582, 347264567730, vstest.console.dll, ParallelOperationManager.DoActionOnAllManagers: Calling an action on all managers.
TpTrace Verbose: 0 : 13400, 13, 2026/07/20, 16:55:37.583, 347264583234, vstest.console.dll, TestLoggerManager.HandleTestRunComplete: Ignoring as the object is disposed.
TpTrace Verbose: 0 : 13400, 13, 2026/07/20, 16:55:37.586, 347264611422, vstest.console.dll, MulticastDelegateUtilities.SafeInvoke: TestRun.TestRunComplete: Invoking callback 1/2 for Microsoft.VisualStudio.TestPlatform.CommandLine.TestRunResultAggregator., took 2 ms.
TpTrace Verbose: 0 : 13400, 13, 2026/07/20, 16:55:37.587, 347264618390, vstest.console.dll, MulticastDelegateUtilities.SafeInvoke: TestRun.TestRunComplete: Invoking callback 2/2 for Microsoft.VisualStudio.TestPlatform.CommandLine.Processors.RunTestsArgumentExecutor+TestRunRequestEventsRegistrar., took 0 ms.
TpTrace Information: 0 : 13400, 13, 2026/07/20, 16:55:37.588, 347264628998, vstest.console.dll, TestRunRequest:TestRunComplete: Completed.
TpTrace Verbose: 0 : 13400, 13, 2026/07/20, 16:55:37.588, 347264630324, vstest.console.dll, MulticastDelegateUtilities.SafeInvoke: SocketServer: ClientDisconnected: Invoking callback 1/1 for Microsoft.VisualStudio.TestPlatform.CommunicationUtilities.TestRequestSender., took 103 ms.
TpTrace Verbose: 0 : 13400, 13, 2026/07/20, 16:55:37.588, 347264630803, vstest.console.dll, TcpClientExtensions.MessageLoopAsync: exiting MessageLoopAsync remoteEndPoint: 127.0.0.1:54998 localEndPoint: 127.0.0.1:54997
TpTrace Verbose: 0 : 13400, 2, 2026/07/20, 16:55:37.588, 347264633716, vstest.console.dll, TestRunRequest.Dispose: Starting.
TpTrace Information: 0 : 13400, 2, 2026/07/20, 16:55:37.589, 347264634613, vstest.console.dll, TestRunRequest.Dispose: Completed.
TpTrace Information: 0 : 13400, 2, 2026/07/20, 16:55:37.589, 347264635386, vstest.console.dll, TestRequestManager.RunTests: run tests completed.
TpTrace Information: 0 : 13400, 2, 2026/07/20, 16:55:37.589, 347264636720, vstest.console.dll, RunTestsArgumentProcessor:Execute: Test run is completed.
TpTrace Verbose: 0 : 13400, 2, 2026/07/20, 16:55:37.589, 347264640673, vstest.console.dll, Executor.Execute: Exiting with exit code of 1
TpTrace Verbose: 0 : 2820, 2, 2026/07/20, 17:24:20.008, 364488826869, vstest.console.dll, Version: 18.7.0-release-26322-102 Current process architecture: X64
TpTrace Verbose: 0 : 2820, 2, 2026/07/20, 17:24:20.021, 364488959190, vstest.console.dll, Runtime location: C:\Program Files\dotnet\shared\Microsoft.NETCore.App\10.0.9
TpTrace Information: 0 : 2820, 2, 2026/07/20, 17:24:20.038, 364489133824, vstest.console.dll, Using .Net Framework version:.NETCoreApp,Version=v10.0
TpTrace Verbose: 0 : 2820, 2, 2026/07/20, 17:24:20.039, 364489136662, vstest.console.dll, ArtifactProcessingPostProcessModeProcessorExecutor.Initialize: ArtifactProcessingMode.Collect
TpTrace Verbose: 0 : 2820, 2, 2026/07/20, 17:24:20.039, 364489138444, vstest.console.dll, TestSessionCorrelationIdProcessorModeProcessorExecutor.Initialize: TestSessionCorrelationId '5876_7c5e088d-cd32-4100-aeba-ac53fb38c87d'
TpTrace Information: 0 : 2820, 2, 2026/07/20, 17:24:20.062, 364489370274, vstest.console.dll, FilePatternParser: The given file C:\Integral2u\source\repos\SharpMind\SharpMind.Tests\bin\Debug\net10.0\SharpMind.Tests.dll is a full path.
TpTrace Verbose: 0 : 2820, 2, 2026/07/20, 17:24:20.079, 364489542162, vstest.console.dll, TestPluginCache.DiscoverTestExtensions: finding test extensions in assemblies ends with: RuntimeProvider.dll TPluginInfo: Microsoft.VisualStudio.TestPlatform.Common.ExtensionFramework.Utilities.TestRuntimePluginInformation TExtension: Microsoft.VisualStudio.TestPlatform.ObjectModel.Host.ITestRuntimeProvider
TpTrace Verbose: 0 : 2820, 2, 2026/07/20, 17:24:20.080, 364489548161, vstest.console.dll, TestPluginCache.GetExtensionPaths: Filtered extension paths: 
TpTrace Verbose: 0 : 2820, 2, 2026/07/20, 17:24:20.080, 364489549552, vstest.console.dll, TestPluginCache.GetExtensionPaths: Added default extension paths: C:\Program Files\dotnet\sdk\10.0.400-preview.0.26322.102\Extensions\Microsoft.Diagnostics.NETCore.Client.dll
C:\Program Files\dotnet\sdk\10.0.400-preview.0.26322.102\Extensions\Microsoft.TestPlatform.Extensions.BlameDataCollector.dll
C:\Program Files\dotnet\sdk\10.0.400-preview.0.26322.102\Extensions\Microsoft.TestPlatform.Extensions.EventLogCollector.dll
C:\Program Files\dotnet\sdk\10.0.400-preview.0.26322.102\Extensions\Microsoft.TestPlatform.TestHostRuntimeProvider.dll
C:\Program Files\dotnet\sdk\10.0.400-preview.0.26322.102\Extensions\Microsoft.VisualStudio.TestPlatform.Extensions.Html.TestLogger.dll
C:\Program Files\dotnet\sdk\10.0.400-preview.0.26322.102\Extensions\Microsoft.VisualStudio.TestPlatform.Extensions.Trx.TestLogger.dll
TpTrace Verbose: 0 : 2820, 2, 2026/07/20, 17:24:20.080, 364489551155, vstest.console.dll, TestPluginCache.GetExtensionPaths: Added unfilterableExtensionPaths: 
TpTrace Information: 0 : 2820, 2, 2026/07/20, 17:24:20.081, 364489563333, vstest.console.dll, AssemblyResolver.ctor: Creating AssemblyResolver with searchDirectories C:\Program Files\dotnet\sdk\10.0.400-preview.0.26322.102\Extensions,C:\Program Files\dotnet\sdk\10.0.400-preview.0.26322.102
TpTrace Verbose: 0 : 2820, 2, 2026/07/20, 17:24:20.084, 364489592236, vstest.console.dll, TestPluginCache.DiscoverTestExtensions: Discovering the extensions using extension path.
TpTrace Verbose: 0 : 2820, 2, 2026/07/20, 17:24:20.086, 364489609156, vstest.console.dll, TestPluginCache.GetExtensionPaths: Filtered extension paths: 
TpTrace Verbose: 0 : 2820, 2, 2026/07/20, 17:24:20.086, 364489611163, vstest.console.dll, TestPluginCache.GetExtensionPaths: Added default extension paths: C:\Program Files\dotnet\sdk\10.0.400-preview.0.26322.102\Extensions\Microsoft.Diagnostics.NETCore.Client.dll
C:\Program Files\dotnet\sdk\10.0.400-preview.0.26322.102\Extensions\Microsoft.TestPlatform.Extensions.BlameDataCollector.dll
C:\Program Files\dotnet\sdk\10.0.400-preview.0.26322.102\Extensions\Microsoft.TestPlatform.Extensions.EventLogCollector.dll
C:\Program Files\dotnet\sdk\10.0.400-preview.0.26322.102\Extensions\Microsoft.TestPlatform.TestHostRuntimeProvider.dll
C:\Program Files\dotnet\sdk\10.0.400-preview.0.26322.102\Extensions\Microsoft.VisualStudio.TestPlatform.Extensions.Html.TestLogger.dll
C:\Program Files\dotnet\sdk\10.0.400-preview.0.26322.102\Extensions\Microsoft.VisualStudio.TestPlatform.Extensions.Trx.TestLogger.dll
TpTrace Verbose: 0 : 2820, 2, 2026/07/20, 17:24:20.086, 364489612202, vstest.console.dll, TestPluginCache.GetExtensionPaths: Added unfilterableExtensionPaths: 
TpTrace Verbose: 0 : 2820, 2, 2026/07/20, 17:24:20.086, 364489613948, vstest.console.dll, TestPluginCache.DiscoverTestExtensions: Discovering the extensions using allExtensionPaths: C:\Program Files\dotnet\sdk\10.0.400-preview.0.26322.102\Extensions\Microsoft.Diagnostics.NETCore.Client.dll
C:\Program Files\dotnet\sdk\10.0.400-preview.0.26322.102\Extensions\Microsoft.TestPlatform.Extensions.BlameDataCollector.dll
C:\Program Files\dotnet\sdk\10.0.400-preview.0.26322.102\Extensions\Microsoft.TestPlatform.Extensions.EventLogCollector.dll
C:\Program Files\dotnet\sdk\10.0.400-preview.0.26322.102\Extensions\Microsoft.TestPlatform.TestHostRuntimeProvider.dll
C:\Program Files\dotnet\sdk\10.0.400-preview.0.26322.102\Extensions\Microsoft.VisualStudio.TestPlatform.Extensions.Html.TestLogger.dll
C:\Program Files\dotnet\sdk\10.0.400-preview.0.26322.102\Extensions\Microsoft.VisualStudio.TestPlatform.Extensions.Trx.TestLogger.dll
TpTrace Information: 0 : 2820, 2, 2026/07/20, 17:24:20.087, 364489617562, vstest.console.dll, AssemblyResolver.AddSearchDirectories: Adding more searchDirectories C:\Program Files\dotnet\sdk\10.0.400-preview.0.26322.102\Extensions,C:\Program Files\dotnet\sdk\10.0.400-preview.0.26322.102
TpTrace Information: 0 : 2820, 2, 2026/07/20, 17:24:20.087, 364489621290, vstest.console.dll, AssemblyResolver.AddSearchDirectories: Adding more searchDirectories C:\Program Files\dotnet\sdk\10.0.400-preview.0.26322.102\Extensions,C:\Program Files\dotnet\sdk\10.0.400-preview.0.26322.102
TpTrace Information: 0 : 2820, 2, 2026/07/20, 17:24:20.088, 364489628380, vstest.console.dll, AssemblyResolver.AddSearchDirectories: Adding more searchDirectories C:\Program Files\dotnet\sdk\10.0.400-preview.0.26322.102\Extensions,C:\Program Files\dotnet\sdk\10.0.400-preview.0.26322.102
TpTrace Information: 0 : 2820, 2, 2026/07/20, 17:24:20.088, 364489630174, vstest.console.dll, AssemblyResolver.AddSearchDirectories: Adding more searchDirectories C:\Program Files\dotnet\sdk\10.0.400-preview.0.26322.102\Extensions,C:\Program Files\dotnet\sdk\10.0.400-preview.0.26322.102
TpTrace Information: 0 : 2820, 2, 2026/07/20, 17:24:20.088, 364489631081, vstest.console.dll, AssemblyResolver.AddSearchDirectories: Adding more searchDirectories C:\Program Files\dotnet\sdk\10.0.400-preview.0.26322.102\Extensions,C:\Program Files\dotnet\sdk\10.0.400-preview.0.26322.102
TpTrace Information: 0 : 2820, 2, 2026/07/20, 17:24:20.088, 364489632056, vstest.console.dll, AssemblyResolver.AddSearchDirectories: Adding more searchDirectories C:\Program Files\dotnet\sdk\10.0.400-preview.0.26322.102\Extensions,C:\Program Files\dotnet\sdk\10.0.400-preview.0.26322.102
TpTrace Information: 0 : 2820, 2, 2026/07/20, 17:24:20.091, 364489663138, vstest.console.dll, AssemblyResolver.OnResolve: Microsoft.Diagnostics.NETCore.Client: Resolving assembly.
TpTrace Information: 0 : 2820, 2, 2026/07/20, 17:24:20.092, 364489665905, vstest.console.dll, AssemblyResolver.OnResolve: Microsoft.Diagnostics.NETCore.Client: Searching in: 'C:\Program Files\dotnet\sdk\10.0.400-preview.0.26322.102\Extensions'.
TpTrace Information: 0 : 2820, 2, 2026/07/20, 17:24:20.119, 364489935507, vstest.console.dll, AssemblyResolver.OnResolve: Microsoft.Diagnostics.NETCore.Client: Loading assembly 'C:\Program Files\dotnet\sdk\10.0.400-preview.0.26322.102\Extensions\Microsoft.Diagnostics.NETCore.Client.dll'.
TpTrace Information: 0 : 2820, 2, 2026/07/20, 17:24:20.125, 364489996908, vstest.console.dll, AssemblyResolver.TrackProvidedDependency: Resolved 'Microsoft.Diagnostics.NETCore.Client' from 'C:\Program Files\dotnet\sdk\10.0.400-preview.0.26322.102\Extensions' for 'unknown'.
TpTrace Information: 0 : 2820, 2, 2026/07/20, 17:24:20.125, 364489998640, vstest.console.dll, AssemblyResolver.OnResolve: Resolved assembly: Microsoft.Diagnostics.NETCore.Client, from path: C:\Program Files\dotnet\sdk\10.0.400-preview.0.26322.102\Extensions\Microsoft.Diagnostics.NETCore.Client.dll
TpTrace Verbose: 0 : 2820, 2, 2026/07/20, 17:24:20.127, 364490020044, vstest.console.dll, MetadataReaderExtensionsHelper: Discovering extensions inside assembly 'Microsoft.Diagnostics.NETCore.Client, Version=0.2.14.32302, Culture=neutral, PublicKeyToken=31bf3856ad364e35' file path 'C:\Program Files\dotnet\sdk\10.0.400-preview.0.26322.102\Extensions\Microsoft.Diagnostics.NETCore.Client.dll'
TpTrace Information: 0 : 2820, 2, 2026/07/20, 17:24:20.133, 364490076188, vstest.console.dll, AssemblyResolver.OnResolve: Microsoft.Bcl.AsyncInterfaces: Resolving assembly.
TpTrace Information: 0 : 2820, 2, 2026/07/20, 17:24:20.133, 364490078125, vstest.console.dll, AssemblyResolver.OnResolve: Microsoft.Bcl.AsyncInterfaces: Searching in: 'C:\Program Files\dotnet\sdk\10.0.400-preview.0.26322.102\Extensions'.
TpTrace Information: 0 : 2820, 2, 2026/07/20, 17:24:20.133, 364490080006, vstest.console.dll, AssemblyResolver.OnResolve: Microsoft.Bcl.AsyncInterfaces: Assembly path does not exist: 'C:\Program Files\dotnet\sdk\10.0.400-preview.0.26322.102\Extensions\Microsoft.Bcl.AsyncInterfaces.dll', returning.
TpTrace Information: 0 : 2820, 2, 2026/07/20, 17:24:20.133, 364490081131, vstest.console.dll, AssemblyResolver.OnResolve: Microsoft.Bcl.AsyncInterfaces: Assembly path does not exist: 'C:\Program Files\dotnet\sdk\10.0.400-preview.0.26322.102\Extensions\Microsoft.Bcl.AsyncInterfaces.exe', returning.
TpTrace Information: 0 : 2820, 2, 2026/07/20, 17:24:20.133, 364490081678, vstest.console.dll, AssemblyResolver.OnResolve: Microsoft.Bcl.AsyncInterfaces: Searching in: 'C:\Program Files\dotnet\sdk\10.0.400-preview.0.26322.102'.
TpTrace Information: 0 : 2820, 2, 2026/07/20, 17:24:20.133, 364490082782, vstest.console.dll, AssemblyResolver.OnResolve: Microsoft.Bcl.AsyncInterfaces: Assembly path does not exist: 'C:\Program Files\dotnet\sdk\10.0.400-preview.0.26322.102\Microsoft.Bcl.AsyncInterfaces.dll', returning.
TpTrace Information: 0 : 2820, 2, 2026/07/20, 17:24:20.133, 364490083766, vstest.console.dll, AssemblyResolver.OnResolve: Microsoft.Bcl.AsyncInterfaces: Assembly path does not exist: 'C:\Program Files\dotnet\sdk\10.0.400-preview.0.26322.102\Microsoft.Bcl.AsyncInterfaces.exe', returning.
TpTrace Information: 0 : 2820, 2, 2026/07/20, 17:24:20.134, 364490084213, vstest.console.dll, AssemblyResolver.OnResolve: Microsoft.Bcl.AsyncInterfaces: Failed to load assembly.
TpTrace Verbose: 0 : 2820, 2, 2026/07/20, 17:24:20.134, 364490084814, vstest.console.dll, CurrentDomainAssemblyResolve: Resolving assembly 'Microsoft.Bcl.AsyncInterfaces'.
TpTrace Information: 0 : 2820, 2, 2026/07/20, 17:24:20.134, 364490085825, vstest.console.dll, AssemblyResolver.OnResolve: Microsoft.Bcl.AsyncInterfaces: Resolving assembly.
TpTrace Information: 0 : 2820, 2, 2026/07/20, 17:24:20.134, 364490086412, vstest.console.dll, AssemblyResolver.OnResolve: Microsoft.Bcl.AsyncInterfaces: Resolved from cache.
TpTrace Verbose: 0 : 2820, 2, 2026/07/20, 17:24:20.134, 364490086805, vstest.console.dll, CurrentDomainAssemblyResolve: Resolving assembly 'Microsoft.Bcl.AsyncInterfaces'.
TpTrace Verbose: 0 : 2820, 2, 2026/07/20, 17:24:20.134, 364490087299, vstest.console.dll, CurrentDomainAssemblyResolve: Failed to resolve assembly 'Microsoft.Bcl.AsyncInterfaces'.
TpTrace Verbose: 0 : 2820, 2, 2026/07/20, 17:24:20.137, 364490121914, vstest.console.dll, CurrentDomainAssemblyResolve: Failed to resolve assembly 'Microsoft.Bcl.AsyncInterfaces'.
TpTrace Information: 0 : 2820, 2, 2026/07/20, 17:24:20.150, 364490249893, vstest.console.dll, AssemblyResolver.OnResolve: Microsoft.Bcl.AsyncInterfaces: Resolving assembly.
TpTrace Information: 0 : 2820, 2, 2026/07/20, 17:24:20.150, 364490251479, vstest.console.dll, AssemblyResolver.OnResolve: Microsoft.Bcl.AsyncInterfaces: Resolved from cache.
TpTrace Verbose: 0 : 2820, 2, 2026/07/20, 17:24:20.150, 364490251971, vstest.console.dll, CurrentDomainAssemblyResolve: Resolving assembly 'Microsoft.Bcl.AsyncInterfaces'.
TpTrace Verbose: 0 : 2820, 2, 2026/07/20, 17:24:20.150, 364490252531, vstest.console.dll, CurrentDomainAssemblyResolve: Failed to resolve assembly 'Microsoft.Bcl.AsyncInterfaces'.
TpTrace Information: 0 : 2820, 2, 2026/07/20, 17:24:20.157, 364490320184, vstest.console.dll, AssemblyResolver.OnResolve: Microsoft.Bcl.AsyncInterfaces: Resolving assembly.
TpTrace Information: 0 : 2820, 2, 2026/07/20, 17:24:20.157, 364490321661, vstest.console.dll, AssemblyResolver.OnResolve: Microsoft.Bcl.AsyncInterfaces: Resolved from cache.
TpTrace Verbose: 0 : 2820, 2, 2026/07/20, 17:24:20.157, 364490322278, vstest.console.dll, CurrentDomainAssemblyResolve: Resolving assembly 'Microsoft.Bcl.AsyncInterfaces'.
TpTrace Verbose: 0 : 2820, 2, 2026/07/20, 17:24:20.157, 364490322832, vstest.console.dll, CurrentDomainAssemblyResolve: Failed to resolve assembly 'Microsoft.Bcl.AsyncInterfaces'.
TpTrace Warning: 0 : 2820, 2, 2026/07/20, 17:24:20.193, 364490682762, vstest.console.dll, TestPluginDiscoverer: Failed to get types from assembly 'Microsoft.Diagnostics.NETCore.Client, Version=0.2.14.32302, Culture=neutral, PublicKeyToken=31bf3856ad364e35'. Error: System.Reflection.ReflectionTypeLoadException: Unable to load one or more of the requested types.
Could not load file or assembly 'Microsoft.Bcl.AsyncInterfaces, Version=9.0.0.8, Culture=neutral, PublicKeyToken=cc7b13ffcd2ddd51'. The system cannot find the file specified.
Could not load file or assembly 'Microsoft.Bcl.AsyncInterfaces, Version=9.0.0.8, Culture=neutral, PublicKeyToken=cc7b13ffcd2ddd51'. The system cannot find the file specified.
Could not load file or assembly 'Microsoft.Bcl.AsyncInterfaces, Version=9.0.0.8, Culture=neutral, PublicKeyToken=cc7b13ffcd2ddd51'. The system cannot find the file specified.
   at System.Reflection.RuntimeModule.GetDefinedTypes()
   at System.Reflection.RuntimeModule.GetTypes()
   at Microsoft.VisualStudio.TestPlatform.Common.ExtensionFramework.TestPluginDiscoverer.GetTestExtensionsFromAssembly[TPluginInfo,TExtension](Assembly assembly, Dictionary`2 pluginInfos, String filePath) in /_/src/vstest/src/Microsoft.TestPlatform.Common/ExtensionFramework/TestPluginDiscoverer.cs:line 159
System.IO.FileNotFoundException: Could not load file or assembly 'Microsoft.Bcl.AsyncInterfaces, Version=9.0.0.8, Culture=neutral, PublicKeyToken=cc7b13ffcd2ddd51'. The system cannot find the file specified.
File name: 'Microsoft.Bcl.AsyncInterfaces, Version=9.0.0.8, Culture=neutral, PublicKeyToken=cc7b13ffcd2ddd51'
 ---> System.IO.FileNotFoundException: Could not load file or assembly 'Microsoft.Bcl.AsyncInterfaces, Culture=neutral, PublicKeyToken=null'. The system cannot find the file specified.
File name: 'Microsoft.Bcl.AsyncInterfaces, Culture=neutral, PublicKeyToken=null'
   at System.Reflection.RuntimeAssembly.InternalLoad(AssemblyName assemblyName, StackCrawlMark& stackMark, AssemblyLoadContext assemblyLoadContext, RuntimeAssembly requestingAssembly, Boolean throwOnFileNotFound)
   at System.Reflection.Assembly.Load(AssemblyName assemblyRef)
   at Microsoft.VisualStudio.TestPlatform.Common.ExtensionFramework.TestPluginCache.CurrentDomainAssemblyResolve(Object sender, AssemblyResolveEventArgs args) in /_/src/vstest/src/Microsoft.TestPlatform.Common/ExtensionFramework/TestPluginCache.cs:line 514
   at System.Runtime.Loader.AssemblyLoadContext.GetFirstResolvedAssemblyFromResolvingEvent(AssemblyName assemblyName)
   at System.Runtime.Loader.AssemblyLoadContext.ResolveUsingEvent(AssemblyName assemblyName)
System.IO.FileNotFoundException: Could not load file or assembly 'Microsoft.Bcl.AsyncInterfaces, Version=9.0.0.8, Culture=neutral, PublicKeyToken=cc7b13ffcd2ddd51'. The system cannot find the file specified.
File name: 'Microsoft.Bcl.AsyncInterfaces, Version=9.0.0.8, Culture=neutral, PublicKeyToken=cc7b13ffcd2ddd51'
System.IO.FileNotFoundException: Could not load file or assembly 'Microsoft.Bcl.AsyncInterfaces, Version=9.0.0.8, Culture=neutral, PublicKeyToken=cc7b13ffcd2ddd51'. The system cannot find the file specified.
File name: 'Microsoft.Bcl.AsyncInterfaces, Version=9.0.0.8, Culture=neutral, PublicKeyToken=cc7b13ffcd2ddd51'
TpTrace Warning: 0 : 2820, 2, 2026/07/20, 17:24:20.195, 364490694298, vstest.console.dll, LoaderExceptions: System.IO.FileNotFoundException: Could not load file or assembly 'Microsoft.Bcl.AsyncInterfaces, Version=9.0.0.8, Culture=neutral, PublicKeyToken=cc7b13ffcd2ddd51'. The system cannot find the file specified.
File name: 'Microsoft.Bcl.AsyncInterfaces, Version=9.0.0.8, Culture=neutral, PublicKeyToken=cc7b13ffcd2ddd51'
 ---> System.IO.FileNotFoundException: Could not load file or assembly 'Microsoft.Bcl.AsyncInterfaces, Culture=neutral, PublicKeyToken=null'. The system cannot find the file specified.
File name: 'Microsoft.Bcl.AsyncInterfaces, Culture=neutral, PublicKeyToken=null'
   at System.Reflection.RuntimeAssembly.InternalLoad(AssemblyName assemblyName, StackCrawlMark& stackMark, AssemblyLoadContext assemblyLoadContext, RuntimeAssembly requestingAssembly, Boolean throwOnFileNotFound)
   at System.Reflection.Assembly.Load(AssemblyName assemblyRef)
   at Microsoft.VisualStudio.TestPlatform.Common.ExtensionFramework.TestPluginCache.CurrentDomainAssemblyResolve(Object sender, AssemblyResolveEventArgs args) in /_/src/vstest/src/Microsoft.TestPlatform.Common/ExtensionFramework/TestPluginCache.cs:line 514
   at System.Runtime.Loader.AssemblyLoadContext.GetFirstResolvedAssemblyFromResolvingEvent(AssemblyName assemblyName)
   at System.Runtime.Loader.AssemblyLoadContext.ResolveUsingEvent(AssemblyName assemblyName)
TpTrace Warning: 0 : 2820, 2, 2026/07/20, 17:24:20.195, 364490696272, vstest.console.dll, LoaderExceptions: System.IO.FileNotFoundException: Could not load file or assembly 'Microsoft.Bcl.AsyncInterfaces, Version=9.0.0.8, Culture=neutral, PublicKeyToken=cc7b13ffcd2ddd51'. The system cannot find the file specified.
File name: 'Microsoft.Bcl.AsyncInterfaces, Version=9.0.0.8, Culture=neutral, PublicKeyToken=cc7b13ffcd2ddd51'
TpTrace Warning: 0 : 2820, 2, 2026/07/20, 17:24:20.195, 364490697051, vstest.console.dll, LoaderExceptions: System.IO.FileNotFoundException: Could not load file or assembly 'Microsoft.Bcl.AsyncInterfaces, Version=9.0.0.8, Culture=neutral, PublicKeyToken=cc7b13ffcd2ddd51'. The system cannot find the file specified.
File name: 'Microsoft.Bcl.AsyncInterfaces, Version=9.0.0.8, Culture=neutral, PublicKeyToken=cc7b13ffcd2ddd51'
TpTrace Information: 0 : 2820, 2, 2026/07/20, 17:24:20.195, 364490699854, vstest.console.dll, AssemblyResolver.OnResolve: Microsoft.TestPlatform.Extensions.BlameDataCollector: Resolving assembly.
TpTrace Information: 0 : 2820, 2, 2026/07/20, 17:24:20.195, 364490700758, vstest.console.dll, AssemblyResolver.OnResolve: Microsoft.TestPlatform.Extensions.BlameDataCollector: Searching in: 'C:\Program Files\dotnet\sdk\10.0.400-preview.0.26322.102\Extensions'.
TpTrace Information: 0 : 2820, 2, 2026/07/20, 17:24:20.196, 364490713488, vstest.console.dll, AssemblyResolver.OnResolve: Microsoft.TestPlatform.Extensions.BlameDataCollector: Loading assembly 'C:\Program Files\dotnet\sdk\10.0.400-preview.0.26322.102\Extensions\Microsoft.TestPlatform.Extensions.BlameDataCollector.dll'.
TpTrace Information: 0 : 2820, 2, 2026/07/20, 17:24:20.198, 364490729141, vstest.console.dll, AssemblyResolver.TrackProvidedDependency: Resolved 'Microsoft.TestPlatform.Extensions.BlameDataCollector' from 'C:\Program Files\dotnet\sdk\10.0.400-preview.0.26322.102\Extensions' for 'unknown'.
TpTrace Information: 0 : 2820, 2, 2026/07/20, 17:24:20.198, 364490730551, vstest.console.dll, AssemblyResolver.OnResolve: Resolved assembly: Microsoft.TestPlatform.Extensions.BlameDataCollector, from path: C:\Program Files\dotnet\sdk\10.0.400-preview.0.26322.102\Extensions\Microsoft.TestPlatform.Extensions.BlameDataCollector.dll
TpTrace Verbose: 0 : 2820, 2, 2026/07/20, 17:24:20.198, 364490731932, vstest.console.dll, MetadataReaderExtensionsHelper: Discovering extensions inside assembly 'Microsoft.TestPlatform.Extensions.BlameDataCollector, Version=15.0.0.0, Culture=neutral, PublicKeyToken=b03f5f7f11d50a3a' file path 'C:\Program Files\dotnet\sdk\10.0.400-preview.0.26322.102\Extensions\Microsoft.TestPlatform.Extensions.BlameDataCollector.dll'
TpTrace Information: 0 : 2820, 2, 2026/07/20, 17:24:20.204, 364490788920, vstest.console.dll, AssemblyResolver.OnResolve: Microsoft.TestPlatform.Extensions.EventLogCollector: Resolving assembly.
TpTrace Information: 0 : 2820, 2, 2026/07/20, 17:24:20.204, 364490790610, vstest.console.dll, AssemblyResolver.OnResolve: Microsoft.TestPlatform.Extensions.EventLogCollector: Searching in: 'C:\Program Files\dotnet\sdk\10.0.400-preview.0.26322.102\Extensions'.
TpTrace Information: 0 : 2820, 2, 2026/07/20, 17:24:20.206, 364490807256, vstest.console.dll, AssemblyResolver.OnResolve: Microsoft.TestPlatform.Extensions.EventLogCollector: Loading assembly 'C:\Program Files\dotnet\sdk\10.0.400-preview.0.26322.102\Extensions\Microsoft.TestPlatform.Extensions.EventLogCollector.dll'.
TpTrace Information: 0 : 2820, 2, 2026/07/20, 17:24:20.207, 364490820976, vstest.console.dll, AssemblyResolver.TrackProvidedDependency: Resolved 'Microsoft.TestPlatform.Extensions.EventLogCollector' from 'C:\Program Files\dotnet\sdk\10.0.400-preview.0.26322.102\Extensions' for 'unknown'.
TpTrace Information: 0 : 2820, 2, 2026/07/20, 17:24:20.207, 364490822313, vstest.console.dll, AssemblyResolver.OnResolve: Resolved assembly: Microsoft.TestPlatform.Extensions.EventLogCollector, from path: C:\Program Files\dotnet\sdk\10.0.400-preview.0.26322.102\Extensions\Microsoft.TestPlatform.Extensions.EventLogCollector.dll
TpTrace Verbose: 0 : 2820, 2, 2026/07/20, 17:24:20.207, 364490823320, vstest.console.dll, MetadataReaderExtensionsHelper: Discovering extensions inside assembly 'Microsoft.TestPlatform.Extensions.EventLogCollector, Version=15.0.0.0, Culture=neutral, PublicKeyToken=b03f5f7f11d50a3a' file path 'C:\Program Files\dotnet\sdk\10.0.400-preview.0.26322.102\Extensions\Microsoft.TestPlatform.Extensions.EventLogCollector.dll'
TpTrace Information: 0 : 2820, 2, 2026/07/20, 17:24:20.215, 364490901720, vstest.console.dll, AssemblyResolver.OnResolve: Microsoft.TestPlatform.TestHostRuntimeProvider: Resolving assembly.
TpTrace Information: 0 : 2820, 2, 2026/07/20, 17:24:20.216, 364490904228, vstest.console.dll, AssemblyResolver.OnResolve: Microsoft.TestPlatform.TestHostRuntimeProvider: Searching in: 'C:\Program Files\dotnet\sdk\10.0.400-preview.0.26322.102\Extensions'.
TpTrace Information: 0 : 2820, 2, 2026/07/20, 17:24:20.217, 364490918221, vstest.console.dll, AssemblyResolver.OnResolve: Microsoft.TestPlatform.TestHostRuntimeProvider: Loading assembly 'C:\Program Files\dotnet\sdk\10.0.400-preview.0.26322.102\Extensions\Microsoft.TestPlatform.TestHostRuntimeProvider.dll'.
TpTrace Information: 0 : 2820, 2, 2026/07/20, 17:24:20.222, 364490966318, vstest.console.dll, AssemblyResolver.TrackProvidedDependency: Resolved 'Microsoft.TestPlatform.TestHostRuntimeProvider' from 'C:\Program Files\dotnet\sdk\10.0.400-preview.0.26322.102\Extensions' for 'unknown'.
TpTrace Information: 0 : 2820, 2, 2026/07/20, 17:24:20.222, 364490968080, vstest.console.dll, AssemblyResolver.OnResolve: Resolved assembly: Microsoft.TestPlatform.TestHostRuntimeProvider, from path: C:\Program Files\dotnet\sdk\10.0.400-preview.0.26322.102\Extensions\Microsoft.TestPlatform.TestHostRuntimeProvider.dll
TpTrace Verbose: 0 : 2820, 2, 2026/07/20, 17:24:20.222, 364490969540, vstest.console.dll, MetadataReaderExtensionsHelper: Discovering extensions inside assembly 'Microsoft.TestPlatform.TestHostRuntimeProvider, Version=15.0.0.0, Culture=neutral, PublicKeyToken=b03f5f7f11d50a3a' file path 'C:\Program Files\dotnet\sdk\10.0.400-preview.0.26322.102\Extensions\Microsoft.TestPlatform.TestHostRuntimeProvider.dll'
TpTrace Information: 0 : 2820, 2, 2026/07/20, 17:24:20.226, 364491004210, vstest.console.dll, GetTestExtensionFromType: Register extension with identifier data 'HostProvider://DefaultTestHost' and type 'Microsoft.VisualStudio.TestPlatform.CrossPlatEngine.Hosting.DefaultTestHostManager, Microsoft.TestPlatform.TestHostRuntimeProvider, Version=15.0.0.0, Culture=neutral, PublicKeyToken=b03f5f7f11d50a3a' inside file 'C:\Program Files\dotnet\sdk\10.0.400-preview.0.26322.102\Extensions\Microsoft.TestPlatform.TestHostRuntimeProvider.dll'
TpTrace Information: 0 : 2820, 2, 2026/07/20, 17:24:20.226, 364491011481, vstest.console.dll, GetTestExtensionFromType: Register extension with identifier data 'HostProvider://DotnetTestHost' and type 'Microsoft.VisualStudio.TestPlatform.CrossPlatEngine.Hosting.DotnetTestHostManager, Microsoft.TestPlatform.TestHostRuntimeProvider, Version=15.0.0.0, Culture=neutral, PublicKeyToken=b03f5f7f11d50a3a' inside file 'C:\Program Files\dotnet\sdk\10.0.400-preview.0.26322.102\Extensions\Microsoft.TestPlatform.TestHostRuntimeProvider.dll'
TpTrace Information: 0 : 2820, 2, 2026/07/20, 17:24:20.226, 364491013771, vstest.console.dll, AssemblyResolver.OnResolve: Microsoft.VisualStudio.TestPlatform.Extensions.Html.TestLogger: Resolving assembly.
TpTrace Information: 0 : 2820, 2, 2026/07/20, 17:24:20.227, 364491014613, vstest.console.dll, AssemblyResolver.OnResolve: Microsoft.VisualStudio.TestPlatform.Extensions.Html.TestLogger: Searching in: 'C:\Program Files\dotnet\sdk\10.0.400-preview.0.26322.102\Extensions'.
TpTrace Information: 0 : 2820, 2, 2026/07/20, 17:24:20.228, 364491024344, vstest.console.dll, AssemblyResolver.OnResolve: Microsoft.VisualStudio.TestPlatform.Extensions.Html.TestLogger: Loading assembly 'C:\Program Files\dotnet\sdk\10.0.400-preview.0.26322.102\Extensions\Microsoft.VisualStudio.TestPlatform.Extensions.Html.TestLogger.dll'.
TpTrace Information: 0 : 2820, 2, 2026/07/20, 17:24:20.229, 364491036620, vstest.console.dll, AssemblyResolver.TrackProvidedDependency: Resolved 'Microsoft.VisualStudio.TestPlatform.Extensions.Html.TestLogger' from 'C:\Program Files\dotnet\sdk\10.0.400-preview.0.26322.102\Extensions' for 'unknown'.
TpTrace Information: 0 : 2820, 2, 2026/07/20, 17:24:20.229, 364491037987, vstest.console.dll, AssemblyResolver.OnResolve: Resolved assembly: Microsoft.VisualStudio.TestPlatform.Extensions.Html.TestLogger, from path: C:\Program Files\dotnet\sdk\10.0.400-preview.0.26322.102\Extensions\Microsoft.VisualStudio.TestPlatform.Extensions.Html.TestLogger.dll
TpTrace Verbose: 0 : 2820, 2, 2026/07/20, 17:24:20.229, 364491039153, vstest.console.dll, MetadataReaderExtensionsHelper: Discovering extensions inside assembly 'Microsoft.VisualStudio.TestPlatform.Extensions.Html.TestLogger, Version=15.0.0.0, Culture=neutral, PublicKeyToken=b03f5f7f11d50a3a' file path 'C:\Program Files\dotnet\sdk\10.0.400-preview.0.26322.102\Extensions\Microsoft.VisualStudio.TestPlatform.Extensions.Html.TestLogger.dll'
TpTrace Information: 0 : 2820, 2, 2026/07/20, 17:24:20.231, 364491054272, vstest.console.dll, AssemblyResolver.OnResolve: Microsoft.VisualStudio.TestPlatform.Extensions.Trx.TestLogger: Resolving assembly.
TpTrace Information: 0 : 2820, 2, 2026/07/20, 17:24:20.231, 364491055511, vstest.console.dll, AssemblyResolver.OnResolve: Microsoft.VisualStudio.TestPlatform.Extensions.Trx.TestLogger: Searching in: 'C:\Program Files\dotnet\sdk\10.0.400-preview.0.26322.102\Extensions'.
TpTrace Information: 0 : 2820, 2, 2026/07/20, 17:24:20.232, 364491067758, vstest.console.dll, AssemblyResolver.OnResolve: Microsoft.VisualStudio.TestPlatform.Extensions.Trx.TestLogger: Loading assembly 'C:\Program Files\dotnet\sdk\10.0.400-preview.0.26322.102\Extensions\Microsoft.VisualStudio.TestPlatform.Extensions.Trx.TestLogger.dll'.
TpTrace Information: 0 : 2820, 2, 2026/07/20, 17:24:20.233, 364491084042, vstest.console.dll, AssemblyResolver.TrackProvidedDependency: Resolved 'Microsoft.VisualStudio.TestPlatform.Extensions.Trx.TestLogger' from 'C:\Program Files\dotnet\sdk\10.0.400-preview.0.26322.102\Extensions' for 'unknown'.
TpTrace Information: 0 : 2820, 2, 2026/07/20, 17:24:20.234, 364491085916, vstest.console.dll, AssemblyResolver.OnResolve: Resolved assembly: Microsoft.VisualStudio.TestPlatform.Extensions.Trx.TestLogger, from path: C:\Program Files\dotnet\sdk\10.0.400-preview.0.26322.102\Extensions\Microsoft.VisualStudio.TestPlatform.Extensions.Trx.TestLogger.dll
TpTrace Verbose: 0 : 2820, 2, 2026/07/20, 17:24:20.234, 364491086843, vstest.console.dll, MetadataReaderExtensionsHelper: Discovering extensions inside assembly 'Microsoft.VisualStudio.TestPlatform.Extensions.Trx.TestLogger, Version=15.0.0.0, Culture=neutral, PublicKeyToken=b03f5f7f11d50a3a' file path 'C:\Program Files\dotnet\sdk\10.0.400-preview.0.26322.102\Extensions\Microsoft.VisualStudio.TestPlatform.Extensions.Trx.TestLogger.dll'
TpTrace Verbose: 0 : 2820, 2, 2026/07/20, 17:24:20.239, 364491137853, vstest.console.dll, TestPluginCache: Discovered the extensions using extension path ''.
TpTrace Verbose: 0 : 2820, 2, 2026/07/20, 17:24:20.239, 364491139336, vstest.console.dll, TestPluginCache: Discoverers are ''.
TpTrace Verbose: 0 : 2820, 2, 2026/07/20, 17:24:20.239, 364491139748, vstest.console.dll, TestPluginCache: Executors are ''.
TpTrace Verbose: 0 : 2820, 2, 2026/07/20, 17:24:20.239, 364491140088, vstest.console.dll, TestPluginCache: Executors2 are ''.
TpTrace Verbose: 0 : 2820, 2, 2026/07/20, 17:24:20.239, 364491140421, vstest.console.dll, TestPluginCache: Setting providers are ''.
TpTrace Verbose: 0 : 2820, 2, 2026/07/20, 17:24:20.239, 364491140750, vstest.console.dll, TestPluginCache: Loggers are ''.
TpTrace Verbose: 0 : 2820, 2, 2026/07/20, 17:24:20.239, 364491143949, vstest.console.dll, TestPluginCache: TestHosts are 'HostProvider://DefaultTestHost,HostProvider://DotnetTestHost'.
TpTrace Verbose: 0 : 2820, 2, 2026/07/20, 17:24:20.240, 364491144680, vstest.console.dll, TestPluginCache: DataCollectors are ''.
TpTrace Information: 0 : 2820, 2, 2026/07/20, 17:24:20.275, 364491496153, vstest.console.dll, RunTestsArgumentProcessor:Execute: Test run is starting.
TpTrace Verbose: 0 : 2820, 2, 2026/07/20, 17:24:20.275, 364491497642, vstest.console.dll, RunTestsArgumentProcessor:Execute: Queuing Test run.
TpTrace Information: 0 : 2820, 2, 2026/07/20, 17:24:20.275, 364491502718, vstest.console.dll, TestRequestManager.RunTests: run tests started.
TpTrace Information: 0 : 2820, 2, 2026/07/20, 17:24:20.279, 364491535617, vstest.console.dll, AssemblyMetadataProvider.GetFrameworkName: Determined framework:'.NETCoreApp,Version=v10.0' for source: 'C:\Integral2u\source\repos\SharpMind\SharpMind.Tests\bin\Debug\net10.0\SharpMind.Tests.dll'
TpTrace Information: 0 : 2820, 2, 2026/07/20, 17:24:20.279, 364491538496, vstest.console.dll, Determined framework for all sources: .NETCoreApp,Version=v10.0
TpTrace Verbose: 0 : 2820, 2, 2026/07/20, 17:24:20.283, 364491575112, vstest.console.dll, TestRequestManager.UpdateRunSettingsIfRequired: Default architecture: X64 IsDefaultTargetArchitecture: True, Current process architecture: X64 OperatingSystem: Windows.
TpTrace Information: 0 : 2820, 2, 2026/07/20, 17:24:20.288, 364491629174, vstest.console.dll, AssemblyMetadataProvider.GetArchitecture: Determined architecture:AnyCPU info for assembly: C:\Integral2u\source\repos\SharpMind\SharpMind.Tests\bin\Debug\net10.0\SharpMind.Tests.dll
TpTrace Information: 0 : 2820, 2, 2026/07/20, 17:24:20.288, 364491630867, vstest.console.dll, Determined platform for source 'C:\Integral2u\source\repos\SharpMind\SharpMind.Tests\bin\Debug\net10.0\SharpMind.Tests.dll' was AnyCPU and it will use the default plaform X64.
TpTrace Information: 0 : 2820, 2, 2026/07/20, 17:24:20.288, 364491631637, vstest.console.dll, None of the sources provided any runnable platform, using the default platform: X64
TpTrace Information: 0 : 2820, 2, 2026/07/20, 17:24:20.289, 364491634550, vstest.console.dll, Platform was updated to 'X64'.
TpTrace Information: 0 : 2820, 2, 2026/07/20, 17:24:20.293, 364491677921, vstest.console.dll, Compatible sources list: 
TpTrace Information: 0 : 2820, 2, 2026/07/20, 17:24:20.293, 364491679680, vstest.console.dll, C:\Integral2u\source\repos\SharpMind\SharpMind.Tests\bin\Debug\net10.0\SharpMind.Tests.dll
TpTrace Information: 0 : 2820, 2, 2026/07/20, 17:24:20.301, 364491754969, vstest.console.dll, InferRunSettingsHelper.IsTestSettingsEnabled: Unable to navigate to RunSettings/MSTest. Current node: RunSettings
TpTrace Information: 0 : 2820, 2, 2026/07/20, 17:24:20.305, 364491800741, vstest.console.dll, AssemblyResolver.OnResolve: Microsoft.VisualStudio.TestPlatform.Fakes: Resolving assembly.
TpTrace Information: 0 : 2820, 2, 2026/07/20, 17:24:20.305, 364491802578, vstest.console.dll, AssemblyResolver.OnResolve: Microsoft.VisualStudio.TestPlatform.Fakes: Searching in: 'C:\Program Files\dotnet\sdk\10.0.400-preview.0.26322.102\Extensions'.
TpTrace Information: 0 : 2820, 2, 2026/07/20, 17:24:20.306, 364491804517, vstest.console.dll, AssemblyResolver.OnResolve: Microsoft.VisualStudio.TestPlatform.Fakes: Assembly path does not exist: 'C:\Program Files\dotnet\sdk\10.0.400-preview.0.26322.102\Extensions\Microsoft.VisualStudio.TestPlatform.Fakes.dll', returning.
TpTrace Information: 0 : 2820, 2, 2026/07/20, 17:24:20.306, 364491805580, vstest.console.dll, AssemblyResolver.OnResolve: Microsoft.VisualStudio.TestPlatform.Fakes: Assembly path does not exist: 'C:\Program Files\dotnet\sdk\10.0.400-preview.0.26322.102\Extensions\Microsoft.VisualStudio.TestPlatform.Fakes.exe', returning.
TpTrace Information: 0 : 2820, 2, 2026/07/20, 17:24:20.306, 364491806044, vstest.console.dll, AssemblyResolver.OnResolve: Microsoft.VisualStudio.TestPlatform.Fakes: Searching in: 'C:\Program Files\dotnet\sdk\10.0.400-preview.0.26322.102'.
TpTrace Information: 0 : 2820, 2, 2026/07/20, 17:24:20.306, 364491807132, vstest.console.dll, AssemblyResolver.OnResolve: Microsoft.VisualStudio.TestPlatform.Fakes: Assembly path does not exist: 'C:\Program Files\dotnet\sdk\10.0.400-preview.0.26322.102\Microsoft.VisualStudio.TestPlatform.Fakes.dll', returning.
TpTrace Information: 0 : 2820, 2, 2026/07/20, 17:24:20.306, 364491808442, vstest.console.dll, AssemblyResolver.OnResolve: Microsoft.VisualStudio.TestPlatform.Fakes: Assembly path does not exist: 'C:\Program Files\dotnet\sdk\10.0.400-preview.0.26322.102\Microsoft.VisualStudio.TestPlatform.Fakes.exe', returning.
TpTrace Information: 0 : 2820, 2, 2026/07/20, 17:24:20.306, 364491809067, vstest.console.dll, AssemblyResolver.OnResolve: Microsoft.VisualStudio.TestPlatform.Fakes: Failed to load assembly.
TpTrace Information: 0 : 2820, 2, 2026/07/20, 17:24:20.307, 364491814285, vstest.console.dll, Failed to load assembly Microsoft.VisualStudio.TestPlatform.Fakes, Version=18.0.0.0, Culture=neutral. Reason:System.IO.FileNotFoundException: Could not load file or assembly 'Microsoft.VisualStudio.TestPlatform.Fakes, Version=18.0.0.0, Culture=neutral, PublicKeyToken=null'. The system cannot find the file specified.
File name: 'Microsoft.VisualStudio.TestPlatform.Fakes, Version=18.0.0.0, Culture=neutral, PublicKeyToken=null'
   at System.Reflection.RuntimeAssembly.InternalLoad(AssemblyName assemblyName, StackCrawlMark& stackMark, AssemblyLoadContext assemblyLoadContext, RuntimeAssembly requestingAssembly, Boolean throwOnFileNotFound)
   at System.Reflection.Assembly.Load(AssemblyName assemblyRef)
   at Microsoft.VisualStudio.TestPlatform.Common.Utilities.FakesUtilities.LoadTestPlatformAssembly() in /_/src/vstest/src/Microsoft.TestPlatform.Common/Utilities/FakesUtilities.cs:line 200
TpTrace Verbose: 0 : 2820, 2, 2026/07/20, 17:24:20.310, 364491852239, vstest.console.dll, TestPluginCache: Update extensions started. Skip filter = False
TpTrace Verbose: 0 : 2820, 2, 2026/07/20, 17:24:20.321, 364491954666, vstest.console.dll, TestPluginCache: Using directories for assembly resolution 'C:\Users\tarra\.nuget\packages\coverlet.collector\10.0.0\build\net10.0'.
TpTrace Verbose: 0 : 2820, 2, 2026/07/20, 17:24:20.321, 364491956877, vstest.console.dll, TestPluginCache: Updated the available extensions to 'C:\Users\tarra\.nuget\packages\coverlet.collector\10.0.0\build\net10.0\coverlet.collector.dll'.
TpTrace Verbose: 0 : 2820, 2, 2026/07/20, 17:24:20.346, 364492213517, vstest.console.dll, TestEngine: Initializing Parallel Execution as MaxCpuCount is set to: 1
TpTrace Information: 0 : 2820, 2, 2026/07/20, 17:24:20.348, 364492232984, vstest.console.dll, TestPluginManager.CreateTestExtension: Attempting to load test extension: Microsoft.VisualStudio.TestPlatform.CrossPlatEngine.Hosting.DefaultTestHostManager
TpTrace Information: 0 : 2820, 2, 2026/07/20, 17:24:20.350, 364492245276, vstest.console.dll, TestPluginManager.CreateTestExtension: Attempting to load test extension: Microsoft.VisualStudio.TestPlatform.CrossPlatEngine.Hosting.DotnetTestHostManager
TpTrace Verbose: 0 : 2820, 2, 2026/07/20, 17:24:20.350, 364492249664, vstest.console.dll, TestHostManagerCallbacks.ctor: Forwarding output is enabled.
TpTrace Information: 0 : 2820, 2, 2026/07/20, 17:24:20.353, 364492282533, vstest.console.dll, InferRunSettingsHelper.IsTestSettingsEnabled: Unable to navigate to RunSettings/MSTest. Current node: RunSettings
TpTrace Verbose: 0 : 2820, 2, 2026/07/20, 17:24:20.355, 364492303858, vstest.console.dll, ParallelOperationManager.ClearSlots: Clearing all slots. Slots should accept more work: True
TpTrace Verbose: 0 : 2820, 2, 2026/07/20, 17:24:20.359, 364492337785, vstest.console.dll, ParallelOperationManager.SetOccupiedSlotCount: Setting slot counts AvailableSlotCount = 1, OccupiedSlotCount = 0.
TpTrace Verbose: 0 : 2820, 2, 2026/07/20, 17:24:20.360, 364492348744, vstest.console.dll, Occupied slots:

TpTrace Verbose: 0 : 2820, 2, 2026/07/20, 17:24:20.370, 364492452130, vstest.console.dll, TestEngine.GetExecutionManager: Chosen execution manager 'Microsoft.VisualStudio.TestPlatform.CrossPlatEngine.Client.Parallel.ParallelProxyExecutionManager, Microsoft.TestPlatform.CrossPlatEngine, Version=15.0.0.0, Culture=neutral, PublicKeyToken=b03f5f7f11d50a3a' ParallelLevel '1'.
TpTrace Verbose: 0 : 2820, 2, 2026/07/20, 17:24:20.371, 364492456169, vstest.console.dll, TestPlatform.GetSkipDefaultAdapters: Not skipping default adapters SkipDefaultAdapters was false.
TpTrace Verbose: 0 : 2820, 2, 2026/07/20, 17:24:20.371, 364492460057, vstest.console.dll, TestRunRequest.ExecuteAsync: Creating test run request.
TpTrace Verbose: 0 : 2820, 2, 2026/07/20, 17:24:20.372, 364492473214, vstest.console.dll, TestRunRequest.ExecuteAsync: Starting.
TpTrace Information: 0 : 2820, 2, 2026/07/20, 17:24:20.373, 364492479922, vstest.console.dll, TestRunRequest.ExecuteAsync: Starting run with settings:TestRunCriteria:
   KeepAlive=False,FrequencyOfRunStatsChangeEvent=10,RunStatsChangeEventTimeout=00:00:01.5000000,TestCaseFilter=,TestExecutorLauncher=
   Settingsxml=<RunSettings>
  <RunConfiguration>
    <ResultsDirectory>C:\Integral2u\source\repos\SharpMind\SharpMind.Tests\TestResults</ResultsDirectory>
    <TargetPlatform>X64</TargetPlatform>
    <TargetFrameworkVersion>.NETCoreApp,Version=v10.0</TargetFrameworkVersion>
    <TestAdaptersPaths>C:\Users\tarra\.nuget\packages\coverlet.collector\10.0.0\build\net10.0\</TestAdaptersPaths>
    <DesignMode>False</DesignMode>
    <CollectSourceInformation>False</CollectSourceInformation>
  </RunConfiguration>
  <LoggerRunSettings>
    <Loggers>
      <Logger friendlyName="Console" assemblyQualifiedName="Microsoft.VisualStudio.TestPlatform.CommandLine.Internal.ConsoleLogger, vstest.console, Version=15.0.0.0, Culture=neutral, PublicKeyToken=b03f5f7f11d50a3a" codeBase="C:\Program Files\dotnet\sdk\10.0.400-preview.0.26322.102\vstest.console.dll" enabled="True">
        <Configuration>
          <Verbosity>minimal</Verbosity>
        </Configuration>
      </Logger>
    </Loggers>
  </LoggerRunSettings>
</RunSettings>

TpTrace Verbose: 0 : 2820, 2, 2026/07/20, 17:24:20.373, 364492481187, vstest.console.dll, TestRunRequest.ExecuteAsync: Wait for the first run request is over.
TpTrace Verbose: 0 : 2820, 2, 2026/07/20, 17:24:20.374, 364492485893, vstest.console.dll, MulticastDelegateUtilities.SafeInvoke: TestRun.TestRunStart: Invoking callbacks was skipped because there are no subscribers.
TpTrace Verbose: 0 : 2820, 4, 2026/07/20, 17:24:20.374, 364492492189, vstest.console.dll, MulticastDelegateUtilities.SafeInvoke: InternalTestLoggerEvents.SendTestRunStart: Invoking callback 1/1 for Microsoft.VisualStudio.TestPlatform.CommandLine.Internal.ConsoleLogger., took 0 ms.
TpTrace Verbose: 0 : 2820, 2, 2026/07/20, 17:24:20.376, 364492510927, vstest.console.dll, ParallelProxyExecutionManager: Start execution. Total sources: 1
TpTrace Verbose: 0 : 2820, 2, 2026/07/20, 17:24:20.379, 364492535101, vstest.console.dll, ParallelOperationManager.StartWork: Starting adding 1 workloads.
TpTrace Verbose: 0 : 2820, 2, 2026/07/20, 17:24:20.379, 364492542154, vstest.console.dll, ParallelOperationManager.ClearSlots: Clearing all slots. Slots should accept more work: True
TpTrace Verbose: 0 : 2820, 2, 2026/07/20, 17:24:20.380, 364492544524, vstest.console.dll, ParallelOperationManager.SetOccupiedSlotCount: Setting slot counts AvailableSlotCount = 1, OccupiedSlotCount = 0.
TpTrace Verbose: 0 : 2820, 2, 2026/07/20, 17:24:20.380, 364492545493, vstest.console.dll, Occupied slots:

TpTrace Verbose: 0 : 2820, 2, 2026/07/20, 17:24:20.388, 364492633386, vstest.console.dll, TestHostManagerCallbacks.ctor: Forwarding output is enabled.
TpTrace Verbose: 0 : 2820, 2, 2026/07/20, 17:24:20.389, 364492639666, vstest.console.dll, TestRequestSender is acting as server.
TpTrace Verbose: 0 : 2820, 2, 2026/07/20, 17:24:20.390, 364492646505, vstest.console.dll, ParallelOperationManager.RunWorkInParallel: Adding 1 workload to slot, remaining workloads 0.
TpTrace Verbose: 0 : 2820, 2, 2026/07/20, 17:24:20.390, 364492648221, vstest.console.dll, ParallelOperationManager.SetOccupiedSlotCount: Setting slot counts AvailableSlotCount = 0, OccupiedSlotCount = 1.
TpTrace Verbose: 0 : 2820, 2, 2026/07/20, 17:24:20.390, 364492650279, vstest.console.dll, Occupied slots:
0: C:\Integral2u\source\repos\SharpMind\SharpMind.Tests\bin\Debug\net10.0\SharpMind.Tests.dll
TpTrace Verbose: 0 : 2820, 2, 2026/07/20, 17:24:20.393, 364492679252, vstest.console.dll, ParallelOperationManager.RunWorkInParallel: Started host in slot number 0 for work (source): C:\Integral2u\source\repos\SharpMind\SharpMind.Tests\bin\Debug\net10.0\SharpMind.Tests.dll.
TpTrace Verbose: 0 : 2820, 2, 2026/07/20, 17:24:20.395, 364492699742, vstest.console.dll, ParallelOperationManager.RunWorkInParallel: We started 1 work items, which is the max parallel level. Won't start more work.
TpTrace Verbose: 0 : 2820, 2, 2026/07/20, 17:24:20.395, 364492701508, vstest.console.dll, ParallelOperationManager.RunWorkInParallel: We started 1 work items in here, returning True.
TpTrace Information: 0 : 2820, 2, 2026/07/20, 17:24:20.395, 364492702351, vstest.console.dll, TestRunRequest.ExecuteAsync: Started.
TpTrace Verbose: 0 : 2820, 2, 2026/07/20, 17:24:20.396, 364492704772, vstest.console.dll, TestRunRequest.WaitForCompletion: Waiting with timeout -1.
TpTrace Verbose: 0 : 2820, 5, 2026/07/20, 17:24:20.396, 364492706494, vstest.console.dll, ParallelProxyExecutionManager.StartTestRunOnConcurrentManager: Initializing uninitialized client. Started clients: 0
TpTrace Verbose: 0 : 2820, 5, 2026/07/20, 17:24:20.396, 364492707186, vstest.console.dll, ParallelProxyExecutionManager.StartTestRunOnConcurrentManager: Initializing test run. Started clients: 0
TpTrace Verbose: 0 : 2820, 5, 2026/07/20, 17:24:20.396, 364492708506, vstest.console.dll, ProxyExecutionManager: Test host is always Lazy initialize.
TpTrace Verbose: 0 : 2820, 5, 2026/07/20, 17:24:20.396, 364492712981, vstest.console.dll, TestRequestSender.InitializeCommunication: initialize communication. 
TpTrace Information: 0 : 2820, 5, 2026/07/20, 17:24:20.423, 364492982388, vstest.console.dll, SocketServer.Start: Listening on endpoint : 127.0.0.1:55545
TpTrace Verbose: 0 : 2820, 5, 2026/07/20, 17:24:20.439, 364493142064, vstest.console.dll, DotnetTestHostmanager.GetTestHostProcessStartInfo: Platform environment 'X64' target architecture 'X64' framework '.NETCoreApp,Version=v10.0' OS 'Windows'
TpTrace Verbose: 0 : 2820, 5, 2026/07/20, 17:24:20.440, 364493145129, vstest.console.dll, DotnetTestHostmanager.LaunchTestHostAsync: VSTEST_DOTNET_ROOT_PATH=C:\Program Files\dotnet
TpTrace Verbose: 0 : 2820, 5, 2026/07/20, 17:24:20.440, 364493145994, vstest.console.dll, DotnetTestHostmanager.LaunchTestHostAsync: VSTEST_DOTNET_ROOT_ARCHITECTURE=X64
TpTrace Verbose: 0 : 2820, 5, 2026/07/20, 17:24:20.440, 364493147975, vstest.console.dll, DotnetTestHostManager.SetDotnetRootForArchitecture: Adding DOTNET_ROOT_X64=C:\Program Files\dotnet to testhost start info.
TpTrace Verbose: 0 : 2820, 5, 2026/07/20, 17:24:20.440, 364493151847, vstest.console.dll, DotnetTestHostmanager: Adding  --runtimeconfig "C:\Integral2u\source\repos\SharpMind\SharpMind.Tests\bin\Debug\net10.0\SharpMind.Tests.runtimeconfig.json" in args
TpTrace Verbose: 0 : 2820, 5, 2026/07/20, 17:24:20.440, 364493153503, vstest.console.dll, DotnetTestHostmanager: Adding  --depsfile "C:\Integral2u\source\repos\SharpMind\SharpMind.Tests\bin\Debug\net10.0\SharpMind.Tests.deps.json" in args
TpTrace Verbose: 0 : 2820, 5, 2026/07/20, 17:24:20.441, 364493156827, vstest.console.dll, DotnetTestHostmanager.IsWinOnArm: Current PROCESSOR_ARCHITECTURE from environment variable 'AMD64'
TpTrace Verbose: 0 : 2820, 5, 2026/07/20, 17:24:20.441, 364493157850, vstest.console.dll, DotnetTestHostmanager.IsWinOnArm: Is Windows on ARM 'False'
TpTrace Verbose: 0 : 2820, 5, 2026/07/20, 17:24:20.441, 364493159752, vstest.console.dll, DotnetTestHostManager: testhost.exe found at path: C:\Integral2u\source\repos\SharpMind\SharpMind.Tests\bin\Debug\net10.0\testhost.exe
TpTrace Verbose: 0 : 2820, 5, 2026/07/20, 17:24:20.441, 364493160599, vstest.console.dll, DotnetTestHostmanager: Full path of host exe is C:\Integral2u\source\repos\SharpMind\SharpMind.Tests\bin\Debug\net10.0\testhost.exe
TpTrace Verbose: 0 : 2820, 5, 2026/07/20, 17:24:20.447, 364493218460, vstest.console.dll, DotnetTestHostManager: Starting process '0' with command line '1' and DOTNET environment: DOTNET_ROOT_X64=C:\Program Files\dotnet, DOTNET_ROOT=C:\Program Files\dotnet 
TpTrace Verbose: 0 : 2820, 5, 2026/07/20, 17:24:20.447, 364493219971, vstest.console.dll, DotnetTestHostManager: Launching testhost with CreateNoWindow=True
TpTrace Verbose: 0 : 2820, 5, 2026/07/20, 17:24:20.491, 364493656960, vstest.console.dll, Test Runtime launched
TpTrace Verbose: 0 : 2820, 5, 2026/07/20, 17:24:20.491, 364493658992, vstest.console.dll, MulticastDelegateUtilities.SafeInvoke: HostProviderEvents.OnHostLaunched: Invoking callback 1/1 for Microsoft.VisualStudio.TestPlatform.CrossPlatEngine.Client.ProxyOperationManager., took 0 ms.
TpTrace Verbose: 0 : 2820, 5, 2026/07/20, 17:24:20.492, 364493666290, vstest.console.dll, TestRequestSender.WaitForRequestHandlerConnection: waiting for connection with timeout: 90000.
TpTrace Verbose: 0 : 2820, 5, 2026/07/20, 17:24:20.939, 364498143275, vstest.console.dll, TestRequestSender.WaitForRequestHandlerConnection: waiting took 447 ms, with timeout 90000 ms, and result 0, which is success.
TpTrace Verbose: 0 : 2820, 13, 2026/07/20, 17:24:20.943, 364498178001, vstest.console.dll, MulticastDelegateUtilities.SafeInvoke: SocketServer: ClientConnected: Invoking callback 1/1 for Microsoft.VisualStudio.TestPlatform.CommunicationUtilities.TestRequestSender., took 3 ms.
TpTrace Verbose: 0 : 2820, 13, 2026/07/20, 17:24:20.943, 364498179801, vstest.console.dll, SocketServer.OnClientConnected: Client connected for endPoint: 127.0.0.1:55545, starting MessageLoopAsync:
TpTrace Verbose: 0 : 2820, 13, 2026/07/20, 17:24:20.944, 364498189283, vstest.console.dll, TcpClientExtensions.MessageLoopAsync: Polling on remoteEndPoint: 127.0.0.1:55546 localEndPoint: 127.0.0.1:55545 after 0 ms
TpTrace Verbose: 0 : 2820, 5, 2026/07/20, 17:24:21.050, 364499246492, vstest.console.dll, TestRequestSender.CheckVersionWithTestHost: Sending check version message: {"MessageType":"ProtocolVersion","Payload":7}
TpTrace Verbose: 0 : 2820, 13, 2026/07/20, 17:24:21.442, 364503164744, vstest.console.dll, TcpClientExtensions.MessageLoopAsync: NotifyDataAvailable remoteEndPoint: 127.0.0.1:55546 localEndPoint: 127.0.0.1:55545
TpTrace Verbose: 0 : 2820, 13, 2026/07/20, 17:24:21.442, 364503172854, vstest.console.dll, TestRequestSender.CheckVersionWithTestHost: onMessageReceived received message: (ProtocolVersion) -> {"MessageType":"ProtocolVersion","Payload":7}
TpTrace Verbose: 0 : 2820, 13, 2026/07/20, 17:24:21.453, 364503283139, vstest.console.dll, MulticastDelegateUtilities.SafeInvoke: LengthPrefixCommunicationChannel: MessageReceived: Invoking callback 1/1 for Microsoft.VisualStudio.TestPlatform.CommunicationUtilities.TestRequestSender+<>c__DisplayClass29_0., took 11 ms.
TpTrace Verbose: 0 : 2820, 13, 2026/07/20, 17:24:21.454, 364503285637, vstest.console.dll, TcpClientExtensions.MessageLoopAsync: Polling on remoteEndPoint: 127.0.0.1:55546 localEndPoint: 127.0.0.1:55545 after 509 ms
TpTrace Verbose: 0 : 2820, 5, 2026/07/20, 17:24:21.454, 364503288150, vstest.console.dll, TestPluginCache.GetExtensionPaths: Filtered extension paths: 
TpTrace Verbose: 0 : 2820, 5, 2026/07/20, 17:24:21.454, 364503289272, vstest.console.dll, TestPluginCache.GetExtensionPaths: Added default extension paths: C:\Program Files\dotnet\sdk\10.0.400-preview.0.26322.102\Extensions\Microsoft.Diagnostics.NETCore.Client.dll
C:\Program Files\dotnet\sdk\10.0.400-preview.0.26322.102\Extensions\Microsoft.TestPlatform.Extensions.BlameDataCollector.dll
C:\Program Files\dotnet\sdk\10.0.400-preview.0.26322.102\Extensions\Microsoft.TestPlatform.Extensions.EventLogCollector.dll
C:\Program Files\dotnet\sdk\10.0.400-preview.0.26322.102\Extensions\Microsoft.TestPlatform.TestHostRuntimeProvider.dll
C:\Program Files\dotnet\sdk\10.0.400-preview.0.26322.102\Extensions\Microsoft.VisualStudio.TestPlatform.Extensions.Html.TestLogger.dll
C:\Program Files\dotnet\sdk\10.0.400-preview.0.26322.102\Extensions\Microsoft.VisualStudio.TestPlatform.Extensions.Trx.TestLogger.dll
TpTrace Verbose: 0 : 2820, 5, 2026/07/20, 17:24:21.454, 364503291699, vstest.console.dll, TestPluginCache.GetExtensionPaths: Added unfilterableExtensionPaths: 
TpTrace Verbose: 0 : 2820, 13, 2026/07/20, 17:24:21.460, 364503350836, vstest.console.dll, TcpClientExtensions.MessageLoopAsync: NotifyDataAvailable remoteEndPoint: 127.0.0.1:55546 localEndPoint: 127.0.0.1:55545
TpTrace Verbose: 0 : 2820, 5, 2026/07/20, 17:24:21.465, 364503400810, vstest.console.dll, TestRequestSender.InitializeExecution: Sending initialize execution with message: {"Version":7,"MessageType":"TestExecution.Initialize","Payload":["C:\\Integral2u\\source\\repos\\SharpMind\\SharpMind.Tests\\bin\\Debug\\net10.0\\xunit.runner.visualstudio.testadapter.dll"]}
TpTrace Verbose: 0 : 2820, 5, 2026/07/20, 17:24:21.466, 364503408945, vstest.console.dll, ParallelProxyExecutionManager.StartTestRunOnConcurrentManager: Execution starting. Started clients: 1
TpTrace Warning: 0 : 2820, 5, 2026/07/20, 17:24:21.467, 364503419938, vstest.console.dll, InferRunSettingsHelper.MakeRunsettingsCompatible: Removing the following settings: TargetPlatform from RunSettings file. To use those settings please move to latest version of Microsoft.NET.Test.Sdk
TpTrace Verbose: 0 : 2820, 13, 2026/07/20, 17:24:21.477, 364503524200, vstest.console.dll, TestRequestSender.OnExecutionMessageReceived: Received message: {"Version":7,"MessageType":"TestSession.Message","Payload":{"MessageLevel":0,"Message":"Logging TestHost Diagnostics in file: C:\\Integral2u\\source\\repos\\SharpMind\\test-results.host.26-07-20_17-24-20_43879_5.txt"}}
TpTrace Verbose: 0 : 2820, 13, 2026/07/20, 17:24:21.492, 364503668897, vstest.console.dll, TestRunRequest:SendTestRunMessage: Starting.
TpTrace Verbose: 0 : 2820, 13, 2026/07/20, 17:24:21.493, 364503678443, vstest.console.dll, MulticastDelegateUtilities.SafeInvoke: TestRun.LogMessages: Invoking callback 1/1 for Microsoft.VisualStudio.TestPlatform.CommandLine.TestRunResultAggregator., took 0 ms.
TpTrace Information: 0 : 2820, 13, 2026/07/20, 17:24:21.493, 364503679655, vstest.console.dll, TestRunRequest:SendTestRunMessage: Completed.
TpTrace Verbose: 0 : 2820, 13, 2026/07/20, 17:24:21.493, 364503680465, vstest.console.dll, MulticastDelegateUtilities.SafeInvoke: LengthPrefixCommunicationChannel: MessageReceived: Invoking callback 1/1 for Microsoft.VisualStudio.TestPlatform.CommunicationUtilities.TestRequestSender+<>c__DisplayClass34_0., took 16 ms.
TpTrace Verbose: 0 : 2820, 13, 2026/07/20, 17:24:21.493, 364503681244, vstest.console.dll, TcpClientExtensions.MessageLoopAsync: Polling on remoteEndPoint: 127.0.0.1:55546 localEndPoint: 127.0.0.1:55545 after 39 ms
TpTrace Verbose: 0 : 2820, 4, 2026/07/20, 17:24:21.493, 364503682090, vstest.console.dll, MulticastDelegateUtilities.SafeInvoke: InternalTestLoggerEvents.SendTestRunMessage: Invoking callback 1/1 for Microsoft.VisualStudio.TestPlatform.CommandLine.Internal.ConsoleLogger., took 0 ms.
TpTrace Verbose: 0 : 2820, 5, 2026/07/20, 17:24:21.497, 364503714778, vstest.console.dll, TestRequestSender.StartTestRun: Sending test run with message: {"Version":7,"MessageType":"TestExecution.StartWithSources","Payload":{"AdapterSourceMap":{"_none_":["C:\\Integral2u\\source\\repos\\SharpMind\\SharpMind.Tests\\bin\\Debug\\net10.0\\SharpMind.Tests.dll"]},"RunSettings":"<RunSettings>\r\n  <RunConfiguration>\r\n    <ResultsDirectory>C:\\Integral2u\\source\\repos\\SharpMind\\SharpMind.Tests\\TestResults</ResultsDirectory>\r\n    <TargetFrameworkVersion>.NETCoreApp,Version=v10.0</TargetFrameworkVersion>\r\n    <TestAdaptersPaths>C:\\Users\\tarra\\.nuget\\packages\\coverlet.collector\\10.0.0\\build\\net10.0\\</TestAdaptersPaths>\r\n    <DesignMode>False</DesignMode>\r\n    <CollectSourceInformation>False</CollectSourceInformation>\r\n  </RunConfiguration>\r\n  <LoggerRunSettings>\r\n    <Loggers>\r\n      <Logger friendlyName=\"Console\" assemblyQualifiedName=\"Microsoft.VisualStudio.TestPlatform.CommandLine.Internal.ConsoleLogger, vstest.console, Version=15.0.0.0, Culture=neutral, PublicKeyToken=b03f5f7f11d50a3a\" codeBase=\"C:\\Program Files\\dotnet\\sdk\\10.0.400-preview.0.26322.102\\vstest.console.dll\" enabled=\"True\">\r\n        <Configuration>\r\n          <Verbosity>minimal</Verbosity>\r\n        </Configuration>\r\n      </Logger>\r\n    </Loggers>\r\n  </LoggerRunSettings>\r\n</RunSettings>","TestExecutionContext":{"FrequencyOfRunStatsChangeEvent":10,"RunStatsChangeEventTimeout":"00:00:01.5000000","InIsolation":false,"KeepAlive":false,"AreTestCaseLevelEventsRequired":false,"IsDebug":false,"TestCaseFilter":null,"FilterOptions":null},"Package":null}}
TpTrace Verbose: 0 : 2820, 5, 2026/07/20, 17:24:21.497, 364503718359, vstest.console.dll, ParallelProxyExecutionManager.StartTestRunOnConcurrentManager: Execution started. Started clients: 1
TpTrace Verbose: 0 : 2820, 13, 2026/07/20, 17:24:22.325, 364512002662, vstest.console.dll, TcpClientExtensions.MessageLoopAsync: NotifyDataAvailable remoteEndPoint: 127.0.0.1:55546 localEndPoint: 127.0.0.1:55545
TpTrace Verbose: 0 : 2820, 13, 2026/07/20, 17:24:22.326, 364512004846, vstest.console.dll, TestRequestSender.OnExecutionMessageReceived: Received message: {"Version":7,"MessageType":"TestSession.Message","Payload":{"MessageLevel":0,"Message":"[xUnit.net 00:00:00.01] xUnit.net VSTest Adapter v3.1.5+1b188a7b0a (64-bit .NET 10.0.9)"}}
TpTrace Verbose: 0 : 2820, 13, 2026/07/20, 17:24:22.326, 364512008565, vstest.console.dll, TestRunRequest:SendTestRunMessage: Starting.
TpTrace Verbose: 0 : 2820, 13, 2026/07/20, 17:24:22.326, 364512010042, vstest.console.dll, MulticastDelegateUtilities.SafeInvoke: TestRun.LogMessages: Invoking callback 1/1 for Microsoft.VisualStudio.TestPlatform.CommandLine.TestRunResultAggregator., took 0 ms.
TpTrace Verbose: 0 : 2820, 4, 2026/07/20, 17:24:22.326, 364512010318, vstest.console.dll, MulticastDelegateUtilities.SafeInvoke: InternalTestLoggerEvents.SendTestRunMessage: Invoking callback 1/1 for Microsoft.VisualStudio.TestPlatform.CommandLine.Internal.ConsoleLogger., took 0 ms.
TpTrace Information: 0 : 2820, 13, 2026/07/20, 17:24:22.326, 364512010857, vstest.console.dll, TestRunRequest:SendTestRunMessage: Completed.
TpTrace Verbose: 0 : 2820, 13, 2026/07/20, 17:24:22.326, 364512012550, vstest.console.dll, MulticastDelegateUtilities.SafeInvoke: LengthPrefixCommunicationChannel: MessageReceived: Invoking callback 1/1 for Microsoft.VisualStudio.TestPlatform.CommunicationUtilities.TestRequestSender+<>c__DisplayClass34_0., took 0 ms.
TpTrace Verbose: 0 : 2820, 13, 2026/07/20, 17:24:22.326, 364512013346, vstest.console.dll, TcpClientExtensions.MessageLoopAsync: Polling on remoteEndPoint: 127.0.0.1:55546 localEndPoint: 127.0.0.1:55545 after 833 ms
TpTrace Verbose: 0 : 2820, 13, 2026/07/20, 17:24:23.342, 364522166051, vstest.console.dll, TcpClientExtensions.MessageLoopAsync: Polling on remoteEndPoint: 127.0.0.1:55546 localEndPoint: 127.0.0.1:55545 after 1015 ms
TpTrace Verbose: 0 : 2820, 13, 2026/07/20, 17:24:24.173, 364530479029, vstest.console.dll, TcpClientExtensions.MessageLoopAsync: NotifyDataAvailable remoteEndPoint: 127.0.0.1:55546 localEndPoint: 127.0.0.1:55545
TpTrace Verbose: 0 : 2820, 13, 2026/07/20, 17:24:24.173, 364530481587, vstest.console.dll, TestRequestSender.OnExecutionMessageReceived: Received message: {"Version":7,"MessageType":"TestSession.Message","Payload":{"MessageLevel":0,"Message":"[xUnit.net 00:00:01.86]   Discovering: SharpMind.Tests"}}
TpTrace Verbose: 0 : 2820, 13, 2026/07/20, 17:24:24.173, 364530483400, vstest.console.dll, TestRunRequest:SendTestRunMessage: Starting.
TpTrace Verbose: 0 : 2820, 13, 2026/07/20, 17:24:24.174, 364530484369, vstest.console.dll, MulticastDelegateUtilities.SafeInvoke: TestRun.LogMessages: Invoking callback 1/1 for Microsoft.VisualStudio.TestPlatform.CommandLine.TestRunResultAggregator., took 0 ms.
TpTrace Information: 0 : 2820, 13, 2026/07/20, 17:24:24.174, 364530484942, vstest.console.dll, TestRunRequest:SendTestRunMessage: Completed.
TpTrace Verbose: 0 : 2820, 13, 2026/07/20, 17:24:24.174, 364530485495, vstest.console.dll, MulticastDelegateUtilities.SafeInvoke: LengthPrefixCommunicationChannel: MessageReceived: Invoking callback 1/1 for Microsoft.VisualStudio.TestPlatform.CommunicationUtilities.TestRequestSender+<>c__DisplayClass34_0., took 0 ms.
TpTrace Verbose: 0 : 2820, 13, 2026/07/20, 17:24:24.174, 364530486237, vstest.console.dll, TcpClientExtensions.MessageLoopAsync: Polling on remoteEndPoint: 127.0.0.1:55546 localEndPoint: 127.0.0.1:55545 after 831 ms
TpTrace Verbose: 0 : 2820, 4, 2026/07/20, 17:24:24.174, 364530487385, vstest.console.dll, MulticastDelegateUtilities.SafeInvoke: InternalTestLoggerEvents.SendTestRunMessage: Invoking callback 1/1 for Microsoft.VisualStudio.TestPlatform.CommandLine.Internal.ConsoleLogger., took 0 ms.
TpTrace Verbose: 0 : 2820, 13, 2026/07/20, 17:24:25.178, 364540527736, vstest.console.dll, TcpClientExtensions.MessageLoopAsync: Polling on remoteEndPoint: 127.0.0.1:55546 localEndPoint: 127.0.0.1:55545 after 1004 ms
TpTrace Verbose: 0 : 2820, 13, 2026/07/20, 17:24:26.169, 364550435859, vstest.console.dll, TcpClientExtensions.MessageLoopAsync: NotifyDataAvailable remoteEndPoint: 127.0.0.1:55546 localEndPoint: 127.0.0.1:55545
TpTrace Verbose: 0 : 2820, 13, 2026/07/20, 17:24:26.169, 364550438678, vstest.console.dll, TestRequestSender.OnExecutionMessageReceived: Received message: {"Version":7,"MessageType":"TestSession.Message","Payload":{"MessageLevel":0,"Message":"[xUnit.net 00:00:03.85]   Discovered:  SharpMind.Tests"}}
TpTrace Verbose: 0 : 2820, 13, 2026/07/20, 17:24:26.170, 364550444244, vstest.console.dll, TestRunRequest:SendTestRunMessage: Starting.
TpTrace Verbose: 0 : 2820, 13, 2026/07/20, 17:24:26.170, 364550446920, vstest.console.dll, MulticastDelegateUtilities.SafeInvoke: TestRun.LogMessages: Invoking callback 1/1 for Microsoft.VisualStudio.TestPlatform.CommandLine.TestRunResultAggregator., took 0 ms.
TpTrace Information: 0 : 2820, 13, 2026/07/20, 17:24:26.170, 364550450534, vstest.console.dll, TestRunRequest:SendTestRunMessage: Completed.
TpTrace Verbose: 0 : 2820, 13, 2026/07/20, 17:24:26.170, 364550452338, vstest.console.dll, MulticastDelegateUtilities.SafeInvoke: LengthPrefixCommunicationChannel: MessageReceived: Invoking callback 1/1 for Microsoft.VisualStudio.TestPlatform.CommunicationUtilities.TestRequestSender+<>c__DisplayClass34_0., took 1 ms.
TpTrace Verbose: 0 : 2820, 13, 2026/07/20, 17:24:26.170, 364550453203, vstest.console.dll, TcpClientExtensions.MessageLoopAsync: Polling on remoteEndPoint: 127.0.0.1:55546 localEndPoint: 127.0.0.1:55545 after 992 ms
TpTrace Verbose: 0 : 2820, 4, 2026/07/20, 17:24:26.170, 364550450478, vstest.console.dll, MulticastDelegateUtilities.SafeInvoke: InternalTestLoggerEvents.SendTestRunMessage: Invoking callback 1/1 for Microsoft.VisualStudio.TestPlatform.CommandLine.Internal.ConsoleLogger., took 0 ms.
TpTrace Verbose: 0 : 2820, 13, 2026/07/20, 17:24:26.365, 364552397457, vstest.console.dll, TcpClientExtensions.MessageLoopAsync: NotifyDataAvailable remoteEndPoint: 127.0.0.1:55546 localEndPoint: 127.0.0.1:55545
TpTrace Verbose: 0 : 2820, 13, 2026/07/20, 17:24:26.365, 364552399325, vstest.console.dll, TestRequestSender.OnExecutionMessageReceived: Received message: {"Version":7,"MessageType":"TestSession.Message","Payload":{"MessageLevel":0,"Message":"[xUnit.net 00:00:04.05]   Starting:    SharpMind.Tests"}}
TpTrace Verbose: 0 : 2820, 13, 2026/07/20, 17:24:26.365, 364552400918, vstest.console.dll, TestRunRequest:SendTestRunMessage: Starting.
TpTrace Verbose: 0 : 2820, 13, 2026/07/20, 17:24:26.365, 364552401909, vstest.console.dll, MulticastDelegateUtilities.SafeInvoke: TestRun.LogMessages: Invoking callback 1/1 for Microsoft.VisualStudio.TestPlatform.CommandLine.TestRunResultAggregator., took 0 ms.
TpTrace Verbose: 0 : 2820, 4, 2026/07/20, 17:24:26.365, 364552402128, vstest.console.dll, MulticastDelegateUtilities.SafeInvoke: InternalTestLoggerEvents.SendTestRunMessage: Invoking callback 1/1 for Microsoft.VisualStudio.TestPlatform.CommandLine.Internal.ConsoleLogger., took 0 ms.
TpTrace Information: 0 : 2820, 13, 2026/07/20, 17:24:26.365, 364552402586, vstest.console.dll, TestRunRequest:SendTestRunMessage: Completed.
TpTrace Verbose: 0 : 2820, 13, 2026/07/20, 17:24:26.365, 364552403757, vstest.console.dll, MulticastDelegateUtilities.SafeInvoke: LengthPrefixCommunicationChannel: MessageReceived: Invoking callback 1/1 for Microsoft.VisualStudio.TestPlatform.CommunicationUtilities.TestRequestSender+<>c__DisplayClass34_0., took 0 ms.
TpTrace Verbose: 0 : 2820, 13, 2026/07/20, 17:24:26.366, 364552404423, vstest.console.dll, TcpClientExtensions.MessageLoopAsync: Polling on remoteEndPoint: 127.0.0.1:55546 localEndPoint: 127.0.0.1:55545 after 195 ms
TpTrace Verbose: 0 : 2820, 13, 2026/07/20, 17:24:26.541, 364554163945, vstest.console.dll, TcpClientExtensions.MessageLoopAsync: NotifyDataAvailable remoteEndPoint: 127.0.0.1:55546 localEndPoint: 127.0.0.1:55545
TpTrace Verbose: 0 : 2820, 13, 2026/07/20, 17:24:26.542, 364554166371, vstest.console.dll, TestRequestSender.OnExecutionMessageReceived: Received message: {"Version":7,"MessageType":"TestExecution.StatsChange","Payload":{"NewTestResults":[],"TestRunStatistics":{"ExecutedTests":0,"Stats":{}},"ActiveTests":[{"Id":"ca0032fc-56ba-64c4-5759-ec6b063d70c7","FullyQualifiedName":"SharpMind.Tests.Data.JsonlSourceTests.ExtractsTextField","DisplayName":"SharpMind.Tests.Data.JsonlSourceTests.ExtractsTextField","ExecutorUri":"executor://xunit/VsTestRunner3/netcore/","Source":"C:\\Integral2u\\source\\repos\\SharpMind\\SharpMind.Tests\\bin\\Debug\\net10.0\\SharpMind.Tests.dll","CodeFilePath":null,"LineNumber":0,"Properties":[{"Key":{"Id":"TestCase.ManagedMethod","Label":"ManagedMethod","Category":"","Description":"","Attributes":1,"ValueType":"System.String"},"Value":"ExtractsTextField"},{"Key":{"Id":"XunitTestCaseUniqueID","Label":"xUnit.net Test Case Unique ID","Category":"","Description":"","Attributes":0,"ValueType":"System.String"},"Value":"081c3f6c864daca7d28db3aeacf88c9c0ea421b4"},{"Key":{"Id":"XunitTestCaseExplicit","Label":"xUnit.net Test Case Explicit Flag","Category":"","Description":"","Attributes":0,"ValueType":"System.Boolean"},"Value":false},{"Key":{"Id":"TestCase.ManagedType","Label":"ManagedType","Category":"","Description":"","Attributes":1,"ValueType":"System.String"},"Value":"SharpMind.Tests.Data.JsonlSourceTests"}]}]}}
TpTrace Verbose: 0 : 2820, 13, 2026/07/20, 17:24:26.599, 364554737042, vstest.console.dll, TestRunRequest:SendTestRunStatsChange: Starting.
TpTrace Verbose: 0 : 2820, 13, 2026/07/20, 17:24:26.599, 364554739835, vstest.console.dll, InProgress is SharpMind.Tests.Data.JsonlSourceTests.ExtractsTextField
TpTrace Verbose: 0 : 2820, 13, 2026/07/20, 17:24:26.599, 364554742169, vstest.console.dll, MulticastDelegateUtilities.SafeInvoke: TestRun.RunStatsChanged: Invoking callbacks was skipped because there are no subscribers.
TpTrace Information: 0 : 2820, 13, 2026/07/20, 17:24:26.599, 364554743388, vstest.console.dll, TestRunRequest:SendTestRunStatsChange: Completed.
TpTrace Verbose: 0 : 2820, 13, 2026/07/20, 17:24:26.599, 364554744135, vstest.console.dll, MulticastDelegateUtilities.SafeInvoke: LengthPrefixCommunicationChannel: MessageReceived: Invoking callback 1/1 for Microsoft.VisualStudio.TestPlatform.CommunicationUtilities.TestRequestSender+<>c__DisplayClass34_0., took 57 ms.
TpTrace Verbose: 0 : 2820, 13, 2026/07/20, 17:24:26.600, 364554744871, vstest.console.dll, TcpClientExtensions.MessageLoopAsync: Polling on remoteEndPoint: 127.0.0.1:55546 localEndPoint: 127.0.0.1:55545 after 233 ms
TpTrace Verbose: 0 : 2820, 13, 2026/07/20, 17:24:27.135, 364560100198, vstest.console.dll, TcpClientExtensions.MessageLoopAsync: NotifyDataAvailable remoteEndPoint: 127.0.0.1:55546 localEndPoint: 127.0.0.1:55545
TpTrace Verbose: 0 : 2820, 13, 2026/07/20, 17:24:27.136, 364560106530, vstest.console.dll, TestRequestSender.OnExecutionMessageReceived: Received message: {"Version":7,"MessageType":"TestExecution.StatsChange","Payload":{"NewTestResults":[{"TestCase":{"Id":"e84ed3e5-148a-7a74-60be-532aa85e8f24","FullyQualifiedName":"SharpMind.Tests.ModelFormat.DtypeOpsTests.ElementSize_INT4_Returns1","DisplayName":"SharpMind.Tests.ModelFormat.DtypeOpsTests.ElementSize_INT4_Returns1","ExecutorUri":"executor://xunit/VsTestRunner3/netcore/","Source":"C:\\Integral2u\\source\\repos\\SharpMind\\SharpMind.Tests\\bin\\Debug\\net10.0\\SharpMind.Tests.dll","CodeFilePath":null,"LineNumber":0,"Properties":[{"Key":{"Id":"TestCase.ManagedMethod","Label":"ManagedMethod","Category":"","Description":"","Attributes":1,"ValueType":"System.String"},"Value":"ElementSize_INT4_Returns1"},{"Key":{"Id":"XunitTestCaseUniqueID","Label":"xUnit.net Test Case Unique ID","Category":"","Description":"","Attributes":0,"ValueType":"System.String"},"Value":"07e6a516947f0d53344ee918e44334793ea81652"},{"Key":{"Id":"XunitTestCaseExplicit","Label":"xUnit.net Test Case Explicit Flag","Category":"","Description":"","Attributes":0,"ValueType":"System.Boolean"},"Value":false},{"Key":{"Id":"TestCase.ManagedType","Label":"ManagedType","Category":"","Description":"","Attributes":1,"ValueType":"System.String"},"Value":"SharpMind.Tests.ModelFormat.DtypeOpsTests"}]},"Attachments":[],"Outcome":1,"ErrorMessage":null,"ErrorStackTrace":null,"DisplayName":"SharpMind.Tests.ModelFormat.DtypeOpsTests.ElementSize_INT4_Returns1","Messages":[],"ComputerName":"LAPTOP-MKMTSO1B","Duration":"00:00:00.5136904","StartTime":"2026-07-20T05:24:26.5488374+00:00","EndTime":"2026-07-20T05:24:26.9950929+00:00","Properties":[]},{"TestCase":{"Id":"4d73bffc-0aa8-507a-5c01-9306a0900c1b","FullyQualifiedName":"SharpMind.Tests.ModelFormat.DtypeOpsTests.ElementSize_F16_Returns2","DisplayName":"SharpMind.Tests.ModelFormat.DtypeOpsTests.ElementSize_F16_Returns2","ExecutorUri":"executor://xunit/VsTestRunner3/netcore/","Source":"C:\\Integral2u\\source\\repos\\SharpMind\\SharpMind.Tests\\bin\\Debug\\net10.0\\SharpMind.Tests.dll","CodeFilePath":null,"LineNumber":0,"Properties":[{"Key":{"Id":"TestCase.ManagedMethod","Label":"ManagedMethod","Category":"","Description":"","Attributes":1,"ValueType":"System.String"},"Value":"ElementSize_F16_Returns2"},{"Key":{"Id":"XunitTestCaseUniqueID","Label":"xUnit.net Test Case Unique ID","Category":"","Description":"","Attributes":0,"ValueType":"System.String"},"Value":"177564b89759684b8197683c282cec1af1b5c978"},{"Key":{"Id":"XunitTestCaseExplicit","Label":"xUnit.net Test Case Explicit Flag","Category":"","Description":"","Attributes":0,"ValueType":"System.Boolean"},"Value":false},{"Key":{"Id":"TestCase.ManagedType","Label":"ManagedType","Category":"","Description":"","Attributes":1,"ValueType":"System.String"},"Value":"SharpMind.Tests.ModelFormat.DtypeOpsTests"}]},"Attachments":[],"Outcome":1,"ErrorMessage":null,"ErrorStackTrace":null,"DisplayName":"SharpMind.Tests.ModelFormat.DtypeOpsTests.ElementSize_F16_Returns2","Messages":[],"ComputerName":"LAPTOP-MKMTSO1B","Duration":"00:00:00.0002785","StartTime":"2026-07-20T05:24:27.0547328+00:00","EndTime":"2026-07-20T05:24:27.0549959+00:00","Properties":[]},{"TestCase":{"Id":"1a8cbbb3-b171-5892-99ab-81e2dc146d77","FullyQualifiedName":"SharpMind.Tests.ModelFormat.DtypeOpsTests.ElementSize_F32_Returns4","DisplayName":"SharpMind.Tests.ModelFormat.DtypeOpsTests.ElementSize_F32_Returns4","ExecutorUri":"executor://xunit/VsTestRunner3/netcore/","Source":"C:\\Integral2u\\source\\repos\\SharpMind\\SharpMind.Tests\\bin\\Debug\\net10.0\\SharpMind.Tests.dll","CodeFilePath":null,"LineNumber":0,"Properties":[{"Key":{"Id":"TestCase.ManagedMethod","Label":"ManagedMethod","Category":"","Description":"","Attributes":1,"ValueType":"System.String"},"Value":"ElementSize_F32_Returns4"},{"Key":{"Id":"XunitTestCaseUniqueID","Label":"xUnit.net Test Case Unique ID","Category":"","Description":"","Attributes":0,"ValueType":"System.String"},"Value":"537fc19bfd2f5ece8f79627b42bd1203ae7062a4"},{"Key":{"Id":"XunitTestCaseExplicit","Label":"xUnit.net Test Case Explicit Flag","Category":"","Description":"","Attributes":0,"ValueType":"System.Boolean"},"Value":false},{"Key":{"Id":"TestCase.ManagedType","Label":"ManagedType","Category":"","Description":"","Attributes":1,"ValueType":"System.String"},"Value":"SharpMind.Tests.ModelFormat.DtypeOpsTests"}]},"Attachments":[],"Outcome":1,"ErrorMessage":null,"ErrorStackTrace":null,"DisplayName":"SharpMind.Tests.ModelFormat.DtypeOpsTests.ElementSize_F32_Returns4","Messages":[],"ComputerName":"LAPTOP-MKMTSO1B","Duration":"00:00:00.0001979","StartTime":"2026-07-20T05:24:27.0579036+00:00","EndTime":"2026-07-20T05:24:27.0580798+00:00","Properties":[]},{"TestCase":{"Id":"adc27607-1708-efec-aa0d-8fba6b1b833a","FullyQualifiedName":"SharpMind.Tests.ModelFormat.DtypeOpsTests.ConvertToFloat_INT8_Deiquantize","DisplayName":"SharpMind.Tests.ModelFormat.DtypeOpsTests.ConvertToFloat_INT8_Deiquantize","ExecutorUri":"executor://xunit/VsTestRunner3/netcore/","Source":"C:\\Integral2u\\source\\repos\\SharpMind\\SharpMind.Tests\\bin\\Debug\\net10.0\\SharpMind.Tests.dll","CodeFilePath":null,"LineNumber":0,"Properties":[{"Key":{"Id":"TestCase.ManagedMethod","Label":"ManagedMethod","Category":"","Description":"","Attributes":1,"ValueType":"System.String"},"Value":"ConvertToFloat_INT8_Deiquantize"},{"Key":{"Id":"XunitTestCaseUniqueID","Label":"xUnit.net Test Case Unique ID","Category":"","Description":"","Attributes":0,"ValueType":"System.String"},"Value":"677de638ad5b30661a41f50d85e14af201d13bb1"},{"Key":{"Id":"XunitTestCaseExplicit","Label":"xUnit.net Test Case Explicit Flag","Category":"","Description":"","Attributes":0,"ValueType":"System.Boolean"},"Value":false},{"Key":{"Id":"TestCase.ManagedType","Label":"ManagedType","Category":"","Description":"","Attributes":1,"ValueType":"System.String"},"Value":"SharpMind.Tests.ModelFormat.DtypeOpsTests"}]},"Attachments":[],"Outcome":1,"ErrorMessage":null,"ErrorStackTrace":null,"DisplayName":"SharpMind.Tests.ModelFormat.DtypeOpsTests.ConvertToFloat_INT8_Deiquantize","Messages":[],"ComputerName":"LAPTOP-MKMTSO1B","Duration":"00:00:00.0519976","StartTime":"2026-07-20T05:24:27.0601068+00:00","EndTime":"2026-07-20T05:24:27.060553+00:00","Properties":[]},{"TestCase":{"Id":"9404167a-e4e6-7408-18bf-52f50b5ca937","FullyQualifiedName":"SharpMind.Tests.ModelFormat.DtypeOpsTests.ConvertToFloat_F16_Roundtrip_Close","DisplayName":"SharpMind.Tests.ModelFormat.DtypeOpsTests.ConvertToFloat_F16_Roundtrip_Close","ExecutorUri":"executor://xunit/VsTestRunner3/netcore/","Source":"C:\\Integral2u\\source\\repos\\SharpMind\\SharpMind.Tests\\bin\\Debug\\net10.0\\SharpMind.Tests.dll","CodeFilePath":null,"LineNumber":0,"Properties":[{"Key":{"Id":"TestCase.ManagedMethod","Label":"ManagedMethod","Category":"","Description":"","Attributes":1,"ValueType":"System.String"},"Value":"ConvertToFloat_F16_Roundtrip_Close"},{"Key":{"Id":"XunitTestCaseUniqueID","Label":"xUnit.net Test Case Unique ID","Category":"","Description":"","Attributes":0,"ValueType":"System.String"},"Value":"786dd8063a006aa02da48f1203fc92b0baa9acd0"},{"Key":{"Id":"XunitTestCaseExplicit","Label":"xUnit.net Test Case Explicit Flag","Category":"","Description":"","Attributes":0,"ValueType":"System.Boolean"},"Value":false},{"Key":{"Id":"TestCase.ManagedType","Label":"ManagedType","Category":"","Description":"","Attributes":1,"ValueType":"System.String"},"Value":"SharpMind.Tests.ModelFormat.DtypeOpsTests"}]},"Attachments":[],"Outcome":1,"ErrorMessage":null,"ErrorStackTrace":null,"DisplayName":"SharpMind.Tests.ModelFormat.DtypeOpsTests.ConvertToFloat_F16_Roundtrip_Close","Messages":[],"ComputerName":"LAPTOP-MKMTSO1B","Duration":"00:00:00.0029617","StartTime":"2026-07-20T05:24:27.0615123+00:00","EndTime":"2026-07-20T05:24:27.0616621+00:00","Properties":[]},{"TestCase":{"Id":"921c9c3e-061a-8ef9-b1e1-43ab058540cd","FullyQualifiedName":"SharpMind.Tests.ModelFormat.DtypeOpsTests.ConvertToFloat_InvalidDtype_Throws","DisplayName":"SharpMind.Tests.ModelFormat.DtypeOpsTests.ConvertToFloat_InvalidDtype_Throws","ExecutorUri":"executor://xunit/VsTestRunner3/netcore/","Source":"C:\\Integral2u\\source\\repos\\SharpMind\\SharpMind.Tests\\bin\\Debug\\net10.0\\SharpMind.Tests.dll","CodeFilePath":null,"LineNumber":0,"Properties":[{"Key":{"Id":"TestCase.ManagedMethod","Label":"ManagedMethod","Category":"","Description":"","Attributes":1,"ValueType":"System.String"},"Value":"ConvertToFloat_InvalidDtype_Throws"},{"Key":{"Id":"XunitTestCaseUniqueID","Label":"xUnit.net Test Case Unique ID","Category":"","Description":"","Attributes":0,"ValueType":"System.String"},"Value":"97c958a4b85fcf2f2ca2be71eef5264624cbd387"},{"Key":{"Id":"XunitTestCaseExplicit","Label":"xUnit.net Test Case Explicit Flag","Category":"","Description":"","Attributes":0,"ValueType":"System.Boolean"},"Value":false},{"Key":{"Id":"TestCase.ManagedType","Label":"ManagedType","Category":"","Description":"","Attributes":1,"ValueType":"System.String"},"Value":"SharpMind.Tests.ModelFormat.DtypeOpsTests"}]},"Attachments":[],"Outcome":1,"ErrorMessage":null,"ErrorStackTrace":null,"DisplayName":"SharpMind.Tests.ModelFormat.DtypeOpsTests.ConvertToFloat_InvalidDtype_Throws","Messages":[],"ComputerName":"LAPTOP-MKMTSO1B","Duration":"00:00:00.0055938","StartTime":"2026-07-20T05:24:27.0626258+00:00","EndTime":"2026-07-20T05:24:27.0627823+00:00","Properties":[]},{"TestCase":{"Id":"9ba9a8a8-1ea0-2d80-ee35-34f416520cbf","FullyQualifiedName":"SharpMind.Tests.ModelFormat.DtypeOpsTests.ElementSize_INT8_Returns1","DisplayName":"SharpMind.Tests.ModelFormat.DtypeOpsTests.ElementSize_INT8_Returns1","ExecutorUri":"executor://xunit/VsTestRunner3/netcore/","Source":"C:\\Integral2u\\source\\repos\\SharpMind\\SharpMind.Tests\\bin\\Debug\\net10.0\\SharpMind.Tests.dll","CodeFilePath":null,"LineNumber":0,"Properties":[{"Key":{"Id":"TestCase.ManagedMethod","Label":"ManagedMethod","Category":"","Description":"","Attributes":1,"ValueType":"System.String"},"Value":"ElementSize_INT8_Returns1"},{"Key":{"Id":"XunitTestCaseUniqueID","Label":"xUnit.net Test Case Unique ID","Category":"","Description":"","Attributes":0,"ValueType":"System.String"},"Value":"a4e783cfe961a4469b014743a0e7f347d6489eab"},{"Key":{"Id":"XunitTestCaseExplicit","Label":"xUnit.net Test Case Explicit Flag","Category":"","Description":"","Attributes":0,"ValueType":"System.Boolean"},"Value":false},{"Key":{"Id":"TestCase.ManagedType","Label":"ManagedType","Category":"","Description":"","Attributes":1,"ValueType":"System.String"},"Value":"SharpMind.Tests.ModelFormat.DtypeOpsTests"}]},"Attachments":[],"Outcome":1,"ErrorMessage":null,"ErrorStackTrace":null,"DisplayName":"SharpMind.Tests.ModelFormat.DtypeOpsTests.ElementSize_INT8_Returns1","Messages":[],"ComputerName":"LAPTOP-MKMTSO1B","Duration":"00:00:00.0002143","StartTime":"2026-07-20T05:24:27.0644167+00:00","EndTime":"2026-07-20T05:24:27.0645665+00:00","Properties":[]},{"TestCase":{"Id":"382d0745-e55b-df6a-520e-ba56457d7de6","FullyQualifiedName":"SharpMind.Tests.ModelFormat.DtypeOpsTests.ConvertToFloat_INT4_Unpack","DisplayName":"SharpMind.Tests.ModelFormat.DtypeOpsTests.ConvertToFloat_INT4_Unpack","ExecutorUri":"executor://xunit/VsTestRunner3/netcore/","Source":"C:\\Integral2u\\source\\repos\\SharpMind\\SharpMind.Tests\\bin\\Debug\\net10.0\\SharpMind.Tests.dll","CodeFilePath":null,"LineNumber":0,"Properties":[{"Key":{"Id":"TestCase.ManagedMethod","Label":"ManagedMethod","Category":"","Description":"","Attributes":1,"ValueType":"System.String"},"Value":"ConvertToFloat_INT4_Unpack"},{"Key":{"Id":"XunitTestCaseUniqueID","Label":"xUnit.net Test Case Unique ID","Category":"","Description":"","Attributes":0,"ValueType":"System.String"},"Value":"ae8ca9dd91348cd1953df4e1e3bc136cd11de06d"},{"Key":{"Id":"XunitTestCaseExplicit","Label":"xUnit.net Test Case Explicit Flag","Category":"","Description":"","Attributes":0,"ValueType":"System.Boolean"},"Value":false},{"Key":{"Id":"TestCase.ManagedType","Label":"ManagedType","Category":"","Description":"","Attributes":1,"ValueType":"System.String"},"Value":"SharpMind.Tests.ModelFormat.DtypeOpsTests"}]},"Attachments":[],"Outcome":1,"ErrorMessage":null,"ErrorStackTrace":null,"DisplayName":"SharpMind.Tests.ModelFormat.DtypeOpsTests.ConvertToFloat_INT4_Unpack","Messages":[],"ComputerName":"LAPTOP-MKMTSO1B","Duration":"00:00:00.0010861","StartTime":"2026-07-20T05:24:27.0654459+00:00","EndTime":"2026-07-20T05:24:27.0656487+00:00","Properties":[]},{"TestCase":{"Id":"5bccd1c2-8e00-7406-e53f-cc9a142a4e70","FullyQualifiedName":"SharpMind.Tests.ModelFormat.DtypeOpsTests.ConvertToFloat_F32_Roundtrip_Exact","DisplayName":"SharpMind.Tests.ModelFormat.DtypeOpsTests.ConvertToFloat_F32_Roundtrip_Exact","ExecutorUri":"executor://xunit/VsTestRunner3/netcore/","Source":"C:\\Integral2u\\source\\repos\\SharpMind\\SharpMind.Tests\\bin\\Debug\\net10.0\\SharpMind.Tests.dll","CodeFilePath":null,"LineNumber":0,"Properties":[{"Key":{"Id":"TestCase.ManagedMethod","Label":"ManagedMethod","Category":"","Description":"","Attributes":1,"ValueType":"System.String"},"Value":"ConvertToFloat_F32_Roundtrip_Exact"},{"Key":{"Id":"XunitTestCaseUniqueID","Label":"xUnit.net Test Case Unique ID","Category":"","Description":"","Attributes":0,"ValueType":"System.String"},"Value":"c87bad3aa1b280c13cb2bdfa9f28e8be65d8cae3"},{"Key":{"Id":"XunitTestCaseExplicit","Label":"xUnit.net Test Case Explicit Flag","Category":"","Description":"","Attributes":0,"ValueType":"System.Boolean"},"Value":false},{"Key":{"Id":"TestCase.ManagedType","Label":"ManagedType","Category":"","Description":"","Attributes":1,"ValueType":"System.String"},"Value":"SharpMind.Tests.ModelFormat.DtypeOpsTests"}]},"Attachments":[],"Outcome":1,"ErrorMessage":null,"ErrorStackTrace":null,"DisplayName":"SharpMind.Tests.ModelFormat.DtypeOpsTests.ConvertToFloat_F32_Roundtrip_Exact","Messages":[],"ComputerName":"LAPTOP-MKMTSO1B","Duration":"00:00:00.0018783","StartTime":"2026-07-20T05:24:27.0668986+00:00","EndTime":"2026-07-20T05:24:27.0670694+00:00","Properties":[]}],"TestRunStatistics":{"ExecutedTests":9,"Stats":{"Passed":9}},"ActiveTests":[{"Id":"6ed0d9da-8373-bcb9-199a-db261ad02be6","FullyQualifiedName":"SharpMind.Tests.Quantization.VecDotTests.TestVecDotQ4_1_ValidBlock","DisplayName":"SharpMind.Tests.Quantization.VecDotTests.TestVecDotQ4_1_ValidBlock","ExecutorUri":"executor://xunit/VsTestRunner3/netcore/","Source":"C:\\Integral2u\\source\\repos\\SharpMind\\SharpMind.Tests\\bin\\Debug\\net10.0\\SharpMind.Tests.dll","CodeFilePath":null,"LineNumber":0,"Properties":[{"Key":{"Id":"TestCase.ManagedMethod","Label":"ManagedMethod","Category":"","Description":"","Attributes":1,"ValueType":"System.String"},"Value":"TestVecDotQ4_1_ValidBlock"},{"Key":{"Id":"XunitTestCaseUniqueID","Label":"xUnit.net Test Case Unique ID","Category":"","Description":"","Attributes":0,"ValueType":"System.String"},"Value":"217081bbc8143430c868fce650564fe03ec3ad37"},{"Key":{"Id":"XunitTestCaseExplicit","Label":"xUnit.net Test Case Explicit Flag","Category":"","Description":"","Attributes":0,"ValueType":"System.Boolean"},"Value":false},{"Key":{"Id":"TestCase.ManagedType","Label":"ManagedType","Category":"","Description":"","Attributes":1,"ValueType":"System.String"},"Value":"SharpMind.Tests.Quantization.VecDotTests"}]}]}}
TpTrace Verbose: 0 : 2820, 13, 2026/07/20, 17:24:27.158, 364560327773, vstest.console.dll, TestRunRequest:SendTestRunStatsChange: Starting.
TpTrace Verbose: 0 : 2820, 13, 2026/07/20, 17:24:27.158, 364560328996, vstest.console.dll, InProgress is SharpMind.Tests.Quantization.VecDotTests.TestVecDotQ4_1_ValidBlock
TpTrace Verbose: 0 : 2820, 13, 2026/07/20, 17:24:27.159, 364560341311, vstest.console.dll, MulticastDelegateUtilities.SafeInvoke: TestRun.RunStatsChanged: Invoking callbacks was skipped because there are no subscribers.
TpTrace Information: 0 : 2820, 13, 2026/07/20, 17:24:27.159, 364560343147, vstest.console.dll, TestRunRequest:SendTestRunStatsChange: Completed.
TpTrace Verbose: 0 : 2820, 13, 2026/07/20, 17:24:27.159, 364560344080, vstest.console.dll, MulticastDelegateUtilities.SafeInvoke: LengthPrefixCommunicationChannel: MessageReceived: Invoking callback 1/1 for Microsoft.VisualStudio.TestPlatform.CommunicationUtilities.TestRequestSender+<>c__DisplayClass34_0., took 23 ms.
TpTrace Verbose: 0 : 2820, 13, 2026/07/20, 17:24:27.160, 364560344838, vstest.console.dll, TcpClientExtensions.MessageLoopAsync: Polling on remoteEndPoint: 127.0.0.1:55546 localEndPoint: 127.0.0.1:55545 after 559 ms
TpTrace Verbose: 0 : 2820, 4, 2026/07/20, 17:24:27.164, 364560387713, vstest.console.dll, MulticastDelegateUtilities.SafeInvoke: InternalTestLoggerEvents.SendTestResult: Invoking callback 1/1 for Microsoft.VisualStudio.TestPlatform.CommandLine.Internal.ConsoleLogger., took 3 ms.
TpTrace Verbose: 0 : 2820, 4, 2026/07/20, 17:24:27.165, 364560394264, vstest.console.dll, MulticastDelegateUtilities.SafeInvoke: InternalTestLoggerEvents.SendTestResult: Invoking callback 1/1 for Microsoft.VisualStudio.TestPlatform.CommandLine.Internal.ConsoleLogger., took 0 ms.
TpTrace Verbose: 0 : 2820, 4, 2026/07/20, 17:24:27.165, 364560395752, vstest.console.dll, MulticastDelegateUtilities.SafeInvoke: InternalTestLoggerEvents.SendTestResult: Invoking callback 1/1 for Microsoft.VisualStudio.TestPlatform.CommandLine.Internal.ConsoleLogger., took 0 ms.
TpTrace Verbose: 0 : 2820, 4, 2026/07/20, 17:24:27.165, 364560396728, vstest.console.dll, MulticastDelegateUtilities.SafeInvoke: InternalTestLoggerEvents.SendTestResult: Invoking callback 1/1 for Microsoft.VisualStudio.TestPlatform.CommandLine.Internal.ConsoleLogger., took 0 ms.
TpTrace Verbose: 0 : 2820, 4, 2026/07/20, 17:24:27.165, 364560397594, vstest.console.dll, MulticastDelegateUtilities.SafeInvoke: InternalTestLoggerEvents.SendTestResult: Invoking callback 1/1 for Microsoft.VisualStudio.TestPlatform.CommandLine.Internal.ConsoleLogger., took 0 ms.
TpTrace Verbose: 0 : 2820, 4, 2026/07/20, 17:24:27.165, 364560398422, vstest.console.dll, MulticastDelegateUtilities.SafeInvoke: InternalTestLoggerEvents.SendTestResult: Invoking callback 1/1 for Microsoft.VisualStudio.TestPlatform.CommandLine.Internal.ConsoleLogger., took 0 ms.
TpTrace Verbose: 0 : 2820, 4, 2026/07/20, 17:24:27.165, 364560399205, vstest.console.dll, MulticastDelegateUtilities.SafeInvoke: InternalTestLoggerEvents.SendTestResult: Invoking callback 1/1 for Microsoft.VisualStudio.TestPlatform.CommandLine.Internal.ConsoleLogger., took 0 ms.
TpTrace Verbose: 0 : 2820, 4, 2026/07/20, 17:24:27.165, 364560399954, vstest.console.dll, MulticastDelegateUtilities.SafeInvoke: InternalTestLoggerEvents.SendTestResult: Invoking callback 1/1 for Microsoft.VisualStudio.TestPlatform.CommandLine.Internal.ConsoleLogger., took 0 ms.
TpTrace Verbose: 0 : 2820, 4, 2026/07/20, 17:24:27.165, 364560400722, vstest.console.dll, MulticastDelegateUtilities.SafeInvoke: InternalTestLoggerEvents.SendTestResult: Invoking callback 1/1 for Microsoft.VisualStudio.TestPlatform.CommandLine.Internal.ConsoleLogger., took 0 ms.
TpTrace Verbose: 0 : 2820, 13, 2026/07/20, 17:24:27.190, 364560653686, vstest.console.dll, TcpClientExtensions.MessageLoopAsync: NotifyDataAvailable remoteEndPoint: 127.0.0.1:55546 localEndPoint: 127.0.0.1:55545
TpTrace Verbose: 0 : 2820, 13, 2026/07/20, 17:24:27.191, 364560658445, vstest.console.dll, TestRequestSender.OnExecutionMessageReceived: Received message: {"Version":7,"MessageType":"TestExecution.StatsChange","Payload":{"NewTestResults":[{"TestCase":{"Id":"850010a4-8084-9434-bba1-d244eb7c680e","FullyQualifiedName":"SharpMind.Tests.Core.TensorTests.NegativeIndex_WorksForLastDim","DisplayName":"SharpMind.Tests.Core.TensorTests.NegativeIndex_WorksForLastDim","ExecutorUri":"executor://xunit/VsTestRunner3/netcore/","Source":"C:\\Integral2u\\source\\repos\\SharpMind\\SharpMind.Tests\\bin\\Debug\\net10.0\\SharpMind.Tests.dll","CodeFilePath":null,"LineNumber":0,"Properties":[{"Key":{"Id":"TestCase.ManagedMethod","Label":"ManagedMethod","Category":"","Description":"","Attributes":1,"ValueType":"System.String"},"Value":"NegativeIndex_WorksForLastDim"},{"Key":{"Id":"XunitTestCaseUniqueID","Label":"xUnit.net Test Case Unique ID","Category":"","Description":"","Attributes":0,"ValueType":"System.String"},"Value":"01b8213ff4a2007c8ba293bae71ead61462caa0c"},{"Key":{"Id":"XunitTestCaseExplicit","Label":"xUnit.net Test Case Explicit Flag","Category":"","Description":"","Attributes":0,"ValueType":"System.Boolean"},"Value":false},{"Key":{"Id":"TestCase.ManagedType","Label":"ManagedType","Category":"","Description":"","Attributes":1,"ValueType":"System.String"},"Value":"SharpMind.Tests.Core.TensorTests"}]},"Attachments":[],"Outcome":1,"ErrorMessage":null,"ErrorStackTrace":null,"DisplayName":"SharpMind.Tests.Core.TensorTests.NegativeIndex_WorksForLastDim","Messages":[],"ComputerName":"LAPTOP-MKMTSO1B","Duration":"00:00:00.0098643","StartTime":"2026-07-20T05:24:27.130649+00:00","EndTime":"2026-07-20T05:24:27.1307897+00:00","Properties":[]},{"TestCase":{"Id":"48f4cd25-85dd-1685-c8da-d5b78c9322c1","FullyQualifiedName":"SharpMind.Tests.Core.TensorTests.Ones_AllOne","DisplayName":"SharpMind.Tests.Core.TensorTests.Ones_AllOne","ExecutorUri":"executor://xunit/VsTestRunner3/netcore/","Source":"C:\\Integral2u\\source\\repos\\SharpMind\\SharpMind.Tests\\bin\\Debug\\net10.0\\SharpMind.Tests.dll","CodeFilePath":null,"LineNumber":0,"Properties":[{"Key":{"Id":"TestCase.ManagedMethod","Label":"ManagedMethod","Category":"","Description":"","Attributes":1,"ValueType":"System.String"},"Value":"Ones_AllOne"},{"Key":{"Id":"XunitTestCaseUniqueID","Label":"xUnit.net Test Case Unique ID","Category":"","Description":"","Attributes":0,"ValueType":"System.String"},"Value":"1dd6d4f247320ffbf46809daf9ada891acb9ebb0"},{"Key":{"Id":"XunitTestCaseExplicit","Label":"xUnit.net Test Case Explicit Flag","Category":"","Description":"","Attributes":0,"ValueType":"System.Boolean"},"Value":false},{"Key":{"Id":"TestCase.ManagedType","Label":"ManagedType","Category":"","Description":"","Attributes":1,"ValueType":"System.String"},"Value":"SharpMind.Tests.Core.TensorTests"}]},"Attachments":[],"Outcome":1,"ErrorMessage":null,"ErrorStackTrace":null,"DisplayName":"SharpMind.Tests.Core.TensorTests.Ones_AllOne","Messages":[],"ComputerName":"LAPTOP-MKMTSO1B","Duration":"00:00:00.0178168","StartTime":"2026-07-20T05:24:27.131483+00:00","EndTime":"2026-07-20T05:24:27.1395988+00:00","Properties":[]},{"TestCase":{"Id":"3fa8d4f5-99ad-d22d-501a-f3b6fc45c2fe","FullyQualifiedName":"SharpMind.Tests.Core.TensorTests.Zeros_AllZero","DisplayName":"SharpMind.Tests.Core.TensorTests.Zeros_AllZero","ExecutorUri":"executor://xunit/VsTestRunner3/netcore/","Source":"C:\\Integral2u\\source\\repos\\SharpMind\\SharpMind.Tests\\bin\\Debug\\net10.0\\SharpMind.Tests.dll","CodeFilePath":null,"LineNumber":0,"Properties":[{"Key":{"Id":"TestCase.ManagedMethod","Label":"ManagedMethod","Category":"","Description":"","Attributes":1,"ValueType":"System.String"},"Value":"Zeros_AllZero"},{"Key":{"Id":"XunitTestCaseUniqueID","Label":"xUnit.net Test Case Unique ID","Category":"","Description":"","Attributes":0,"ValueType":"System.String"},"Value":"440022d2a3446eb4afffd807d63c48bc90b8266f"},{"Key":{"Id":"XunitTestCaseExplicit","Label":"xUnit.net Test Case Explicit Flag","Category":"","Description":"","Attributes":0,"ValueType":"System.Boolean"},"Value":false},{"Key":{"Id":"TestCase.ManagedType","Label":"ManagedType","Category":"","Description":"","Attributes":1,"ValueType":"System.String"},"Value":"SharpMind.Tests.Core.TensorTests"}]},"Attachments":[],"Outcome":1,"ErrorMessage":null,"ErrorStackTrace":null,"DisplayName":"SharpMind.Tests.Core.TensorTests.Zeros_AllZero","Messages":[],"ComputerName":"LAPTOP-MKMTSO1B","Duration":"00:00:00.0080589","StartTime":"2026-07-20T05:24:27.1407176+00:00","EndTime":"2026-07-20T05:24:27.1477797+00:00","Properties":[]},{"TestCase":{"Id":"fc79f565-68eb-4271-1f5b-a1eed9e3308f","FullyQualifiedName":"SharpMind.Tests.Core.TensorTests.Reshape_ZeroCopy_SharesBuffer","DisplayName":"SharpMind.Tests.Core.TensorTests.Reshape_ZeroCopy_SharesBuffer","ExecutorUri":"executor://xunit/VsTestRunner3/netcore/","Source":"C:\\Integral2u\\source\\repos\\SharpMind\\SharpMind.Tests\\bin\\Debug\\net10.0\\SharpMind.Tests.dll","CodeFilePath":null,"LineNumber":0,"Properties":[{"Key":{"Id":"TestCase.ManagedMethod","Label":"ManagedMethod","Category":"","Description":"","Attributes":1,"ValueType":"System.String"},"Value":"Reshape_ZeroCopy_SharesBuffer"},{"Key":{"Id":"XunitTestCaseUniqueID","Label":"xUnit.net Test Case Unique ID","Category":"","Description":"","Attributes":0,"ValueType":"System.String"},"Value":"6f472c2d83338f99f6f10a2657019ef3015b6d5b"},{"Key":{"Id":"XunitTestCaseExplicit","Label":"xUnit.net Test Case Explicit Flag","Category":"","Description":"","Attributes":0,"ValueType":"System.Boolean"},"Value":false},{"Key":{"Id":"TestCase.ManagedType","Label":"ManagedType","Category":"","Description":"","Attributes":1,"ValueType":"System.String"},"Value":"SharpMind.Tests.Core.TensorTests"}]},"Attachments":[],"Outcome":1,"ErrorMessage":null,"ErrorStackTrace":null,"DisplayName":"SharpMind.Tests.Core.TensorTests.Reshape_ZeroCopy_SharesBuffer","Messages":[],"ComputerName":"LAPTOP-MKMTSO1B","Duration":"00:00:00.0027732","StartTime":"2026-07-20T05:24:27.1488133+00:00","EndTime":"2026-07-20T05:24:27.1507048+00:00","Properties":[]},{"TestCase":{"Id":"812bf546-50d5-af03-1659-9466f5adbdc4","FullyQualifiedName":"SharpMind.Tests.Core.TensorTests.From_CopiesData","DisplayName":"SharpMind.Tests.Core.TensorTests.From_CopiesData","ExecutorUri":"executor://xunit/VsTestRunner3/netcore/","Source":"C:\\Integral2u\\source\\repos\\SharpMind\\SharpMind.Tests\\bin\\Debug\\net10.0\\SharpMind.Tests.dll","CodeFilePath":null,"LineNumber":0,"Properties":[{"Key":{"Id":"TestCase.ManagedMethod","Label":"ManagedMethod","Category":"","Description":"","Attributes":1,"ValueType":"System.String"},"Value":"From_CopiesData"},{"Key":{"Id":"XunitTestCaseUniqueID","Label":"xUnit.net Test Case Unique ID","Category":"","Description":"","Attributes":0,"ValueType":"System.String"},"Value":"9dc1ad9247ad5da940d8db2efa4c995dcbdd9cdd"},{"Key":{"Id":"XunitTestCaseExplicit","Label":"xUnit.net Test Case Explicit Flag","Category":"","Description":"","Attributes":0,"ValueType":"System.Boolean"},"Value":false},{"Key":{"Id":"TestCase.ManagedType","Label":"ManagedType","Category":"","Description":"","Attributes":1,"ValueType":"System.String"},"Value":"SharpMind.Tests.Core.TensorTests"}]},"Attachments":[],"Outcome":1,"ErrorMessage":null,"ErrorStackTrace":null,"DisplayName":"SharpMind.Tests.Core.TensorTests.From_CopiesData","Messages":[],"ComputerName":"LAPTOP-MKMTSO1B","Duration":"00:00:00.0041623","StartTime":"2026-07-20T05:24:27.1549039+00:00","EndTime":"2026-07-20T05:24:27.1571158+00:00","Properties":[]},{"TestCase":{"Id":"1f76eda1-c214-b2c4-92f8-bc8b0ebd8007","FullyQualifiedName":"SharpMind.Tests.Core.EmbeddingTableTests.Forward_OutOfRangeId_Throws","DisplayName":"SharpMind.Tests.Core.EmbeddingTableTests.Forward_OutOfRangeId_Throws","ExecutorUri":"executor://xunit/VsTestRunner3/netcore/","Source":"C:\\Integral2u\\source\\repos\\SharpMind\\SharpMind.Tests\\bin\\Debug\\net10.0\\SharpMind.Tests.dll","CodeFilePath":null,"LineNumber":0,"Properties":[{"Key":{"Id":"TestCase.ManagedMethod","Label":"ManagedMethod","Category":"","Description":"","Attributes":1,"ValueType":"System.String"},"Value":"Forward_OutOfRangeId_Throws"},{"Key":{"Id":"XunitTestCaseUniqueID","Label":"xUnit.net Test Case Unique ID","Category":"","Description":"","Attributes":0,"ValueType":"System.String"},"Value":"5fe8cedc5cb30edb219a53c64309b65e151d715b"},{"Key":{"Id":"XunitTestCaseExplicit","Label":"xUnit.net Test Case Explicit Flag","Category":"","Description":"","Attributes":0,"ValueType":"System.Boolean"},"Value":false},{"Key":{"Id":"TestCase.ManagedType","Label":"ManagedType","Category":"","Description":"","Attributes":1,"ValueType":"System.String"},"Value":"SharpMind.Tests.Core.EmbeddingTableTests"}]},"Attachments":[],"Outcome":1,"ErrorMessage":null,"ErrorStackTrace":null,"DisplayName":"SharpMind.Tests.Core.EmbeddingTableTests.Forward_OutOfRangeId_Throws","Messages":[],"ComputerName":"LAPTOP-MKMTSO1B","Duration":"00:00:00.0142983","StartTime":"2026-07-20T05:24:27.1602855+00:00","EndTime":"2026-07-20T05:24:27.1718135+00:00","Properties":[]},{"TestCase":{"Id":"bc74f2dc-08e1-c8fc-7e34-f3ade3412f6f","FullyQualifiedName":"SharpMind.Tests.Core.EmbeddingTableTests.Forward_ReturnsCorrectRows","DisplayName":"SharpMind.Tests.Core.EmbeddingTableTests.Forward_ReturnsCorrectRows","ExecutorUri":"executor://xunit/VsTestRunner3/netcore/","Source":"C:\\Integral2u\\source\\repos\\SharpMind\\SharpMind.Tests\\bin\\Debug\\net10.0\\SharpMind.Tests.dll","CodeFilePath":null,"LineNumber":0,"Properties":[{"Key":{"Id":"TestCase.ManagedMethod","Label":"ManagedMethod","Category":"","Description":"","Attributes":1,"ValueType":"System.String"},"Value":"Forward_ReturnsCorrectRows"},{"Key":{"Id":"XunitTestCaseUniqueID","Label":"xUnit.net Test Case Unique ID","Category":"","Description":"","Attributes":0,"ValueType":"System.String"},"Value":"7b8148ccd08de789bf19b11e6b529f4db33c6356"},{"Key":{"Id":"XunitTestCaseExplicit","Label":"xUnit.net Test Case Explicit Flag","Category":"","Description":"","Attributes":0,"ValueType":"System.Boolean"},"Value":false},{"Key":{"Id":"TestCase.ManagedType","Label":"ManagedType","Category":"","Description":"","Attributes":1,"ValueType":"System.String"},"Value":"SharpMind.Tests.Core.EmbeddingTableTests"}]},"Attachments":[],"Outcome":1,"ErrorMessage":null,"ErrorStackTrace":null,"DisplayName":"SharpMind.Tests.Core.EmbeddingTableTests.Forward_ReturnsCorrectRows","Messages":[],"ComputerName":"LAPTOP-MKMTSO1B","Duration":"00:00:00.0072952","StartTime":"2026-07-20T05:24:27.172861+00:00","EndTime":"2026-07-20T05:24:27.1795183+00:00","Properties":[]},{"TestCase":{"Id":"13941500-4cb1-560f-d6a6-8f0473817f13","FullyQualifiedName":"SharpMind.Tests.Core.EmbeddingTableTests.Dispose_Safe","DisplayName":"SharpMind.Tests.Core.EmbeddingTableTests.Dispose_Safe","ExecutorUri":"executor://xunit/VsTestRunner3/netcore/","Source":"C:\\Integral2u\\source\\repos\\SharpMind\\SharpMind.Tests\\bin\\Debug\\net10.0\\SharpMind.Tests.dll","CodeFilePath":null,"LineNumber":0,"Properties":[{"Key":{"Id":"TestCase.ManagedMethod","Label":"ManagedMethod","Category":"","Description":"","Attributes":1,"ValueType":"System.String"},"Value":"Dispose_Safe"},{"Key":{"Id":"XunitTestCaseUniqueID","Label":"xUnit.net Test Case Unique ID","Category":"","Description":"","Attributes":0,"ValueType":"System.String"},"Value":"cf0ca66362d0f8d1e056612bda7fb5468538806f"},{"Key":{"Id":"XunitTestCaseExplicit","Label":"xUnit.net Test Case Explicit Flag","Category":"","Description":"","Attributes":0,"ValueType":"System.Boolean"},"Value":false},{"Key":{"Id":"TestCase.ManagedType","Label":"ManagedType","Category":"","Description":"","Attributes":1,"ValueType":"System.String"},"Value":"SharpMind.Tests.Core.EmbeddingTableTests"}]},"Attachments":[],"Outcome":1,"ErrorMessage":null,"ErrorStackTrace":null,"DisplayName":"SharpMind.Tests.Core.EmbeddingTableTests.Dispose_Safe","Messages":[],"ComputerName":"LAPTOP-MKMTSO1B","Duration":"00:00:00.0011371","StartTime":"2026-07-20T05:24:27.1806315+00:00","EndTime":"2026-07-20T05:24:27.1807817+00:00","Properties":[]},{"TestCase":{"Id":"321a26d8-1cc0-f59d-2e77-60dfbd269fdf","FullyQualifiedName":"SharpMind.Tests.Core.TensorShapeTests.AssertMatMulCompatible_ThrowsOnInnerDimMismatch","DisplayName":"SharpMind.Tests.Core.TensorShapeTests.AssertMatMulCompatible_ThrowsOnInnerDimMismatch","ExecutorUri":"executor://xunit/VsTestRunner3/netcore/","Source":"C:\\Integral2u\\source\\repos\\SharpMind\\SharpMind.Tests\\bin\\Debug\\net10.0\\SharpMind.Tests.dll","CodeFilePath":null,"LineNumber":0,"Properties":[{"Key":{"Id":"TestCase.ManagedMethod","Label":"ManagedMethod","Category":"","Description":"","Attributes":1,"ValueType":"System.String"},"Value":"AssertMatMulCompatible_ThrowsOnInnerDimMismatch"},{"Key":{"Id":"XunitTestCaseUniqueID","Label":"xUnit.net Test Case Unique ID","Category":"","Description":"","Attributes":0,"ValueType":"System.String"},"Value":"08d3ca008ea58e5f6a7a35057dc34ef295bda045"},{"Key":{"Id":"XunitTestCaseExplicit","Label":"xUnit.net Test Case Explicit Flag","Category":"","Description":"","Attributes":0,"ValueType":"System.Boolean"},"Value":false},{"Key":{"Id":"TestCase.ManagedType","Label":"ManagedType","Category":"","Description":"","Attributes":1,"ValueType":"System.String"},"Value":"SharpMind.Tests.Core.TensorShapeTests"}]},"Attachments":[],"Outcome":1,"ErrorMessage":null,"ErrorStackTrace":null,"DisplayName":"SharpMind.Tests.Core.TensorShapeTests.AssertMatMulCompatible_ThrowsOnInnerDimMismatch","Messages":[],"ComputerName":"LAPTOP-MKMTSO1B","Duration":"00:00:00.0027029","StartTime":"2026-07-20T05:24:27.1816963+00:00","EndTime":"2026-07-20T05:24:27.1840979+00:00","Properties":[]}],"TestRunStatistics":{"ExecutedTests":18,"Stats":{"Passed":18}},"ActiveTests":[{"Id":"2b4af5c8-87ee-9260-68c1-8f61c8ac2c1f","FullyQualifiedName":"SharpMind.Tests.Core.TensorShapeTests.Reshape_PreservesElementCount","DisplayName":"SharpMind.Tests.Core.TensorShapeTests.Reshape_PreservesElementCount(from: [2, 3], to: [3, 2])","ExecutorUri":"executor://xunit/VsTestRunner3/netcore/","Source":"C:\\Integral2u\\source\\repos\\SharpMind\\SharpMind.Tests\\bin\\Debug\\net10.0\\SharpMind.Tests.dll","CodeFilePath":null,"LineNumber":0,"Properties":[{"Key":{"Id":"TestCase.ManagedMethod","Label":"ManagedMethod","Category":"","Description":"","Attributes":1,"ValueType":"System.String"},"Value":"Reshape_PreservesElementCount"},{"Key":{"Id":"XunitTestCaseUniqueID","Label":"xUnit.net Test Case Unique ID","Category":"","Description":"","Attributes":0,"ValueType":"System.String"},"Value":"3b98922fa27040dcdd681b2317794e3ffeaf59a7"},{"Key":{"Id":"XunitTestCaseExplicit","Label":"xUnit.net Test Case Explicit Flag","Category":"","Description":"","Attributes":0,"ValueType":"System.Boolean"},"Value":false},{"Key":{"Id":"TestCase.ManagedType","Label":"ManagedType","Category":"","Description":"","Attributes":1,"ValueType":"System.String"},"Value":"SharpMind.Tests.Core.TensorShapeTests"}]}]}}
TpTrace Verbose: 0 : 2820, 13, 2026/07/20, 17:24:27.196, 364560712731, vstest.console.dll, TestRunRequest:SendTestRunStatsChange: Starting.
TpTrace Verbose: 0 : 2820, 13, 2026/07/20, 17:24:27.197, 364560714170, vstest.console.dll, InProgress is SharpMind.Tests.Core.TensorShapeTests.Reshape_PreservesElementCount(from: [2, 3], to: [3, 2])
TpTrace Verbose: 0 : 2820, 13, 2026/07/20, 17:24:27.197, 364560715168, vstest.console.dll, MulticastDelegateUtilities.SafeInvoke: TestRun.RunStatsChanged: Invoking callbacks was skipped because there are no subscribers.
TpTrace Information: 0 : 2820, 13, 2026/07/20, 17:24:27.197, 364560715734, vstest.console.dll, TestRunRequest:SendTestRunStatsChange: Completed.
TpTrace Verbose: 0 : 2820, 4, 2026/07/20, 17:24:27.197, 364560715837, vstest.console.dll, MulticastDelegateUtilities.SafeInvoke: InternalTestLoggerEvents.SendTestResult: Invoking callback 1/1 for Microsoft.VisualStudio.TestPlatform.CommandLine.Internal.ConsoleLogger., took 0 ms.
TpTrace Verbose: 0 : 2820, 13, 2026/07/20, 17:24:27.197, 364560716351, vstest.console.dll, MulticastDelegateUtilities.SafeInvoke: LengthPrefixCommunicationChannel: MessageReceived: Invoking callback 1/1 for Microsoft.VisualStudio.TestPlatform.CommunicationUtilities.TestRequestSender+<>c__DisplayClass34_0., took 5 ms.
TpTrace Verbose: 0 : 2820, 4, 2026/07/20, 17:24:27.197, 364560717201, vstest.console.dll, MulticastDelegateUtilities.SafeInvoke: InternalTestLoggerEvents.SendTestResult: Invoking callback 1/1 for Microsoft.VisualStudio.TestPlatform.CommandLine.Internal.ConsoleLogger., took 0 ms.
TpTrace Verbose: 0 : 2820, 13, 2026/07/20, 17:24:27.197, 364560717401, vstest.console.dll, TcpClientExtensions.MessageLoopAsync: Polling on remoteEndPoint: 127.0.0.1:55546 localEndPoint: 127.0.0.1:55545 after 37 ms
TpTrace Verbose: 0 : 2820, 4, 2026/07/20, 17:24:27.197, 364560718086, vstest.console.dll, MulticastDelegateUtilities.SafeInvoke: InternalTestLoggerEvents.SendTestResult: Invoking callback 1/1 for Microsoft.VisualStudio.TestPlatform.CommandLine.Internal.ConsoleLogger., took 0 ms.
TpTrace Verbose: 0 : 2820, 4, 2026/07/20, 17:24:27.197, 364560719262, vstest.console.dll, MulticastDelegateUtilities.SafeInvoke: InternalTestLoggerEvents.SendTestResult: Invoking callback 1/1 for Microsoft.VisualStudio.TestPlatform.CommandLine.Internal.ConsoleLogger., took 0 ms.
TpTrace Verbose: 0 : 2820, 4, 2026/07/20, 17:24:27.197, 364560720098, vstest.console.dll, MulticastDelegateUtilities.SafeInvoke: InternalTestLoggerEvents.SendTestResult: Invoking callback 1/1 for Microsoft.VisualStudio.TestPlatform.CommandLine.Internal.ConsoleLogger., took 0 ms.
TpTrace Verbose: 0 : 2820, 4, 2026/07/20, 17:24:27.197, 364560721852, vstest.console.dll, MulticastDelegateUtilities.SafeInvoke: InternalTestLoggerEvents.SendTestResult: Invoking callback 1/1 for Microsoft.VisualStudio.TestPlatform.CommandLine.Internal.ConsoleLogger., took 0 ms.
TpTrace Verbose: 0 : 2820, 4, 2026/07/20, 17:24:27.197, 364560722742, vstest.console.dll, MulticastDelegateUtilities.SafeInvoke: InternalTestLoggerEvents.SendTestResult: Invoking callback 1/1 for Microsoft.VisualStudio.TestPlatform.CommandLine.Internal.ConsoleLogger., took 0 ms.
TpTrace Verbose: 0 : 2820, 4, 2026/07/20, 17:24:27.197, 364560723622, vstest.console.dll, MulticastDelegateUtilities.SafeInvoke: InternalTestLoggerEvents.SendTestResult: Invoking callback 1/1 for Microsoft.VisualStudio.TestPlatform.CommandLine.Internal.ConsoleLogger., took 0 ms.
TpTrace Verbose: 0 : 2820, 4, 2026/07/20, 17:24:27.198, 364560724607, vstest.console.dll, MulticastDelegateUtilities.SafeInvoke: InternalTestLoggerEvents.SendTestResult: Invoking callback 1/1 for Microsoft.VisualStudio.TestPlatform.CommandLine.Internal.ConsoleLogger., took 0 ms.
TpTrace Verbose: 0 : 2820, 13, 2026/07/20, 17:24:27.245, 364561198688, vstest.console.dll, TcpClientExtensions.MessageLoopAsync: NotifyDataAvailable remoteEndPoint: 127.0.0.1:55546 localEndPoint: 127.0.0.1:55545
TpTrace Verbose: 0 : 2820, 13, 2026/07/20, 17:24:27.245, 364561203066, vstest.console.dll, TestRequestSender.OnExecutionMessageReceived: Received message: {"Version":7,"MessageType":"TestExecution.StatsChange","Payload":{"NewTestResults":[{"TestCase":{"Id":"2b4af5c8-87ee-9260-68c1-8f61c8ac2c1f","FullyQualifiedName":"SharpMind.Tests.Core.TensorShapeTests.Reshape_PreservesElementCount","DisplayName":"SharpMind.Tests.Core.TensorShapeTests.Reshape_PreservesElementCount(from: [2, 3], to: [3, 2])","ExecutorUri":"executor://xunit/VsTestRunner3/netcore/","Source":"C:\\Integral2u\\source\\repos\\SharpMind\\SharpMind.Tests\\bin\\Debug\\net10.0\\SharpMind.Tests.dll","CodeFilePath":null,"LineNumber":0,"Properties":[{"Key":{"Id":"TestCase.ManagedMethod","Label":"ManagedMethod","Category":"","Description":"","Attributes":1,"ValueType":"System.String"},"Value":"Reshape_PreservesElementCount"},{"Key":{"Id":"XunitTestCaseUniqueID","Label":"xUnit.net Test Case Unique ID","Category":"","Description":"","Attributes":0,"ValueType":"System.String"},"Value":"3b98922fa27040dcdd681b2317794e3ffeaf59a7"},{"Key":{"Id":"XunitTestCaseExplicit","Label":"xUnit.net Test Case Explicit Flag","Category":"","Description":"","Attributes":0,"ValueType":"System.Boolean"},"Value":false},{"Key":{"Id":"TestCase.ManagedType","Label":"ManagedType","Category":"","Description":"","Attributes":1,"ValueType":"System.String"},"Value":"SharpMind.Tests.Core.TensorShapeTests"}]},"Attachments":[],"Outcome":1,"ErrorMessage":null,"ErrorStackTrace":null,"DisplayName":"SharpMind.Tests.Core.TensorShapeTests.Reshape_PreservesElementCount(from: [2, 3], to: [3, 2])","Messages":[],"ComputerName":"LAPTOP-MKMTSO1B","Duration":"00:00:00.0157811","StartTime":"2026-07-20T05:24:27.1931245+00:00","EndTime":"2026-07-20T05:24:27.2000492+00:00","Properties":[]},{"TestCase":{"Id":"c06ef7cb-8a2c-7158-d5b2-8fc1d2d191b4","FullyQualifiedName":"SharpMind.Tests.Core.TensorShapeTests.Reshape_PreservesElementCount","DisplayName":"SharpMind.Tests.Core.TensorShapeTests.Reshape_PreservesElementCount(from: [6], to: [2, 3])","ExecutorUri":"executor://xunit/VsTestRunner3/netcore/","Source":"C:\\Integral2u\\source\\repos\\SharpMind\\SharpMind.Tests\\bin\\Debug\\net10.0\\SharpMind.Tests.dll","CodeFilePath":null,"LineNumber":0,"Properties":[{"Key":{"Id":"TestCase.ManagedMethod","Label":"ManagedMethod","Category":"","Description":"","Attributes":1,"ValueType":"System.String"},"Value":"Reshape_PreservesElementCount"},{"Key":{"Id":"XunitTestCaseUniqueID","Label":"xUnit.net Test Case Unique ID","Category":"","Description":"","Attributes":0,"ValueType":"System.String"},"Value":"c22855e1766231af1577095adf7a4428d14eb681"},{"Key":{"Id":"XunitTestCaseExplicit","Label":"xUnit.net Test Case Explicit Flag","Category":"","Description":"","Attributes":0,"ValueType":"System.Boolean"},"Value":false},{"Key":{"Id":"TestCase.ManagedType","Label":"ManagedType","Category":"","Description":"","Attributes":1,"ValueType":"System.String"},"Value":"SharpMind.Tests.Core.TensorShapeTests"}]},"Attachments":[],"Outcome":1,"ErrorMessage":null,"ErrorStackTrace":null,"DisplayName":"SharpMind.Tests.Core.TensorShapeTests.Reshape_PreservesElementCount(from: [6], to: [2, 3])","Messages":[],"ComputerName":"LAPTOP-MKMTSO1B","Duration":"00:00:00.0005686","StartTime":"2026-07-20T05:24:27.2030603+00:00","EndTime":"2026-07-20T05:24:27.2034508+00:00","Properties":[]},{"TestCase":{"Id":"3e0a4849-dce8-9c9b-d597-b132c98f1400","FullyQualifiedName":"SharpMind.Tests.Core.TensorShapeTests.Reshape_PreservesElementCount","DisplayName":"SharpMind.Tests.Core.TensorShapeTests.Reshape_PreservesElementCount(from: [2, 3], to: [6])","ExecutorUri":"executor://xunit/VsTestRunner3/netcore/","Source":"C:\\Integral2u\\source\\repos\\SharpMind\\SharpMind.Tests\\bin\\Debug\\net10.0\\SharpMind.Tests.dll","CodeFilePath":null,"LineNumber":0,"Properties":[{"Key":{"Id":"TestCase.ManagedMethod","Label":"ManagedMethod","Category":"","Description":"","Attributes":1,"ValueType":"System.String"},"Value":"Reshape_PreservesElementCount"},{"Key":{"Id":"XunitTestCaseUniqueID","Label":"xUnit.net Test Case Unique ID","Category":"","Description":"","Attributes":0,"ValueType":"System.String"},"Value":"f32bdc9765aa7068e6470a1979d1fd95d2a94224"},{"Key":{"Id":"XunitTestCaseExplicit","Label":"xUnit.net Test Case Explicit Flag","Category":"","Description":"","Attributes":0,"ValueType":"System.Boolean"},"Value":false},{"Key":{"Id":"TestCase.ManagedType","Label":"ManagedType","Category":"","Description":"","Attributes":1,"ValueType":"System.String"},"Value":"SharpMind.Tests.Core.TensorShapeTests"}]},"Attachments":[],"Outcome":1,"ErrorMessage":null,"ErrorStackTrace":null,"DisplayName":"SharpMind.Tests.Core.TensorShapeTests.Reshape_PreservesElementCount(from: [2, 3], to: [6])","Messages":[],"ComputerName":"LAPTOP-MKMTSO1B","Duration":"00:00:00.0000172","StartTime":"2026-07-20T05:24:27.2042901+00:00","EndTime":"2026-07-20T05:24:27.2044522+00:00","Properties":[]},{"TestCase":{"Id":"22b72329-3aef-df1f-0057-d125a1a7491e","FullyQualifiedName":"SharpMind.Tests.Core.TensorShapeTests.NegativeIndex_LastDim","DisplayName":"SharpMind.Tests.Core.TensorShapeTests.NegativeIndex_LastDim","ExecutorUri":"executor://xunit/VsTestRunner3/netcore/","Source":"C:\\Integral2u\\source\\repos\\SharpMind\\SharpMind.Tests\\bin\\Debug\\net10.0\\SharpMind.Tests.dll","CodeFilePath":null,"LineNumber":0,"Properties":[{"Key":{"Id":"TestCase.ManagedMethod","Label":"ManagedMethod","Category":"","Description":"","Attributes":1,"ValueType":"System.String"},"Value":"NegativeIndex_LastDim"},{"Key":{"Id":"XunitTestCaseUniqueID","Label":"xUnit.net Test Case Unique ID","Category":"","Description":"","Attributes":0,"ValueType":"System.String"},"Value":"3fa2ca893f6b61f64f2378c3f92a89ed76bc9145"},{"Key":{"Id":"XunitTestCaseExplicit","Label":"xUnit.net Test Case Explicit Flag","Category":"","Description":"","Attributes":0,"ValueType":"System.Boolean"},"Value":false},{"Key":{"Id":"TestCase.ManagedType","Label":"ManagedType","Category":"","Description":"","Attributes":1,"ValueType":"System.String"},"Value":"SharpMind.Tests.Core.TensorShapeTests"}]},"Attachments":[],"Outcome":1,"ErrorMessage":null,"ErrorStackTrace":null,"DisplayName":"SharpMind.Tests.Core.TensorShapeTests.NegativeIndex_LastDim","Messages":[],"ComputerName":"LAPTOP-MKMTSO1B","Duration":"00:00:00.0030937","StartTime":"2026-07-20T05:24:27.2102241+00:00","EndTime":"2026-07-20T05:24:27.2104213+00:00","Properties":[]},{"TestCase":{"Id":"d7dbb9e3-8882-e956-266c-41e41c590be7","FullyQualifiedName":"SharpMind.Tests.Core.TensorShapeTests.Reshape_IncompatibleCount_Throws","DisplayName":"SharpMind.Tests.Core.TensorShapeTests.Reshape_IncompatibleCount_Throws","ExecutorUri":"executor://xunit/VsTestRunner3/netcore/","Source":"C:\\Integral2u\\source\\repos\\SharpMind\\SharpMind.Tests\\bin\\Debug\\net10.0\\SharpMind.Tests.dll","CodeFilePath":null,"LineNumber":0,"Properties":[{"Key":{"Id":"TestCase.ManagedMethod","Label":"ManagedMethod","Category":"","Description":"","Attributes":1,"ValueType":"System.String"},"Value":"Reshape_IncompatibleCount_Throws"},{"Key":{"Id":"XunitTestCaseUniqueID","Label":"xUnit.net Test Case Unique ID","Category":"","Description":"","Attributes":0,"ValueType":"System.String"},"Value":"55076b8b615ed0c0089feb454587c7b1b40a03d2"},{"Key":{"Id":"XunitTestCaseExplicit","Label":"xUnit.net Test Case Explicit Flag","Category":"","Description":"","Attributes":0,"ValueType":"System.Boolean"},"Value":false},{"Key":{"Id":"TestCase.ManagedType","Label":"ManagedType","Category":"","Description":"","Attributes":1,"ValueType":"System.String"},"Value":"SharpMind.Tests.Core.TensorShapeTests"}]},"Attachments":[],"Outcome":1,"ErrorMessage":null,"ErrorStackTrace":null,"DisplayName":"SharpMind.Tests.Core.TensorShapeTests.Reshape_IncompatibleCount_Throws","Messages":[],"ComputerName":"LAPTOP-MKMTSO1B","Duration":"00:00:00.0009350","StartTime":"2026-07-20T05:24:27.2112947+00:00","EndTime":"2026-07-20T05:24:27.2114482+00:00","Properties":[]},{"TestCase":{"Id":"52b157a5-08c1-1854-ebcf-53b540a284ee","FullyQualifiedName":"SharpMind.Tests.Core.TensorShapeTests.Reshape_InferredDim","DisplayName":"SharpMind.Tests.Core.TensorShapeTests.Reshape_InferredDim","ExecutorUri":"executor://xunit/VsTestRunner3/netcore/","Source":"C:\\Integral2u\\source\\repos\\SharpMind\\SharpMind.Tests\\bin\\Debug\\net10.0\\SharpMind.Tests.dll","CodeFilePath":null,"LineNumber":0,"Properties":[{"Key":{"Id":"TestCase.ManagedMethod","Label":"ManagedMethod","Category":"","Description":"","Attributes":1,"ValueType":"System.String"},"Value":"Reshape_InferredDim"},{"Key":{"Id":"XunitTestCaseUniqueID","Label":"xUnit.net Test Case Unique ID","Category":"","Description":"","Attributes":0,"ValueType":"System.String"},"Value":"65bf2d574a05977085a61e19418466f5a3b8f853"},{"Key":{"Id":"XunitTestCaseExplicit","Label":"xUnit.net Test Case Explicit Flag","Category":"","Description":"","Attributes":0,"ValueType":"System.Boolean"},"Value":false},{"Key":{"Id":"TestCase.ManagedType","Label":"ManagedType","Category":"","Description":"","Attributes":1,"ValueType":"System.String"},"Value":"SharpMind.Tests.Core.TensorShapeTests"}]},"Attachments":[],"Outcome":1,"ErrorMessage":null,"ErrorStackTrace":null,"DisplayName":"SharpMind.Tests.Core.TensorShapeTests.Reshape_InferredDim","Messages":[],"ComputerName":"LAPTOP-MKMTSO1B","Duration":"00:00:00.0010231","StartTime":"2026-07-20T05:24:27.2122564+00:00","EndTime":"2026-07-20T05:24:27.2124042+00:00","Properties":[]},{"TestCase":{"Id":"865c0a62-a57a-92b1-6d2c-7919bb5464cb","FullyQualifiedName":"SharpMind.Tests.Core.TensorShapeTests.AssertSameShape_ThrowsOnMismatch","DisplayName":"SharpMind.Tests.Core.TensorShapeTests.AssertSameShape_ThrowsOnMismatch","ExecutorUri":"executor://xunit/VsTestRunner3/netcore/","Source":"C:\\Integral2u\\source\\repos\\SharpMind\\SharpMind.Tests\\bin\\Debug\\net10.0\\SharpMind.Tests.dll","CodeFilePath":null,"LineNumber":0,"Properties":[{"Key":{"Id":"TestCase.ManagedMethod","Label":"ManagedMethod","Category":"","Description":"","Attributes":1,"ValueType":"System.String"},"Value":"AssertSameShape_ThrowsOnMismatch"},{"Key":{"Id":"XunitTestCaseUniqueID","Label":"xUnit.net Test Case Unique ID","Category":"","Description":"","Attributes":0,"ValueType":"System.String"},"Value":"72774f7004481d03ebb94c469afc9def974f9b8c"},{"Key":{"Id":"XunitTestCaseExplicit","Label":"xUnit.net Test Case Explicit Flag","Category":"","Description":"","Attributes":0,"ValueType":"System.Boolean"},"Value":false},{"Key":{"Id":"TestCase.ManagedType","Label":"ManagedType","Category":"","Description":"","Attributes":1,"ValueType":"System.String"},"Value":"SharpMind.Tests.Core.TensorShapeTests"}]},"Attachments":[],"Outcome":1,"ErrorMessage":null,"ErrorStackTrace":null,"DisplayName":"SharpMind.Tests.Core.TensorShapeTests.AssertSameShape_ThrowsOnMismatch","Messages":[],"ComputerName":"LAPTOP-MKMTSO1B","Duration":"00:00:00.0119410","StartTime":"2026-07-20T05:24:27.2131444+00:00","EndTime":"2026-07-20T05:24:27.2192446+00:00","Properties":[]},{"TestCase":{"Id":"6cc7b29e-3593-48a3-bee1-859bf795d995","FullyQualifiedName":"SharpMind.Tests.Core.TensorShapeTests.Squeeze_RemovesUnitDim","DisplayName":"SharpMind.Tests.Core.TensorShapeTests.Squeeze_RemovesUnitDim","ExecutorUri":"executor://xunit/VsTestRunner3/netcore/","Source":"C:\\Integral2u\\source\\repos\\SharpMind\\SharpMind.Tests\\bin\\Debug\\net10.0\\SharpMind.Tests.dll","CodeFilePath":null,"LineNumber":0,"Properties":[{"Key":{"Id":"TestCase.ManagedMethod","Label":"ManagedMethod","Category":"","Description":"","Attributes":1,"ValueType":"System.String"},"Value":"Squeeze_RemovesUnitDim"},{"Key":{"Id":"XunitTestCaseUniqueID","Label":"xUnit.net Test Case Unique ID","Category":"","Description":"","Attributes":0,"ValueType":"System.String"},"Value":"964acd0327bf8d33e41b435395c623d76f756ef6"},{"Key":{"Id":"XunitTestCaseExplicit","Label":"xUnit.net Test Case Explicit Flag","Category":"","Description":"","Attributes":0,"ValueType":"System.Boolean"},"Value":false},{"Key":{"Id":"TestCase.ManagedType","Label":"ManagedType","Category":"","Description":"","Attributes":1,"ValueType":"System.String"},"Value":"SharpMind.Tests.Core.TensorShapeTests"}]},"Attachments":[],"Outcome":1,"ErrorMessage":null,"ErrorStackTrace":null,"DisplayName":"SharpMind.Tests.Core.TensorShapeTests.Squeeze_RemovesUnitDim","Messages":[],"ComputerName":"LAPTOP-MKMTSO1B","Duration":"00:00:00.0169659","StartTime":"2026-07-20T05:24:27.2205662+00:00","EndTime":"2026-07-20T05:24:27.2360629+00:00","Properties":[]},{"TestCase":{"Id":"e1ba7f6f-8c92-4bee-9a40-fb6cb8c7b499","FullyQualifiedName":"SharpMind.Tests.Core.TensorShapeTests.ElementCount_CorrectForAllRanks","DisplayName":"SharpMind.Tests.Core.TensorShapeTests.ElementCount_CorrectForAllRanks","ExecutorUri":"executor://xunit/VsTestRunner3/netcore/","Source":"C:\\Integral2u\\source\\repos\\SharpMind\\SharpMind.Tests\\bin\\Debug\\net10.0\\SharpMind.Tests.dll","CodeFilePath":null,"LineNumber":0,"Properties":[{"Key":{"Id":"TestCase.ManagedMethod","Label":"ManagedMethod","Category":"","Description":"","Attributes":1,"ValueType":"System.String"},"Value":"ElementCount_CorrectForAllRanks"},{"Key":{"Id":"XunitTestCaseUniqueID","Label":"xUnit.net Test Case Unique ID","Category":"","Description":"","Attributes":0,"ValueType":"System.String"},"Value":"bf13d7056cd52e9b4c340776ae0381977f7c0746"},{"Key":{"Id":"XunitTestCaseExplicit","Label":"xUnit.net Test Case Explicit Flag","Category":"","Description":"","Attributes":0,"ValueType":"System.Boolean"},"Value":false},{"Key":{"Id":"TestCase.ManagedType","Label":"ManagedType","Category":"","Description":"","Attributes":1,"ValueType":"System.String"},"Value":"SharpMind.Tests.Core.TensorShapeTests"}]},"Attachments":[],"Outcome":1,"ErrorMessage":null,"ErrorStackTrace":null,"DisplayName":"SharpMind.Tests.Core.TensorShapeTests.ElementCount_CorrectForAllRanks","Messages":[],"ComputerName":"LAPTOP-MKMTSO1B","Duration":"00:00:00.0015584","StartTime":"2026-07-20T05:24:27.2371852+00:00","EndTime":"2026-07-20T05:24:27.237732+00:00","Properties":[]}],"TestRunStatistics":{"ExecutedTests":27,"Stats":{"Passed":27}},"ActiveTests":[{"Id":"bf1fba5e-6244-62c3-2e28-2037b9e3339e","FullyQualifiedName":"SharpMind.Tests.Core.TensorShapeTests.GetOffset_2D_MatchesRowMajor","DisplayName":"SharpMind.Tests.Core.TensorShapeTests.GetOffset_2D_MatchesRowMajor","ExecutorUri":"executor://xunit/VsTestRunner3/netcore/","Source":"C:\\Integral2u\\source\\repos\\SharpMind\\SharpMind.Tests\\bin\\Debug\\net10.0\\SharpMind.Tests.dll","CodeFilePath":null,"LineNumber":0,"Properties":[{"Key":{"Id":"TestCase.ManagedMethod","Label":"ManagedMethod","Category":"","Description":"","Attributes":1,"ValueType":"System.String"},"Value":"GetOffset_2D_MatchesRowMajor"},{"Key":{"Id":"XunitTestCaseUniqueID","Label":"xUnit.net Test Case Unique ID","Category":"","Description":"","Attributes":0,"ValueType":"System.String"},"Value":"e6ca6c4915d5dff05ce90e33f860c4145a72f2b2"},{"Key":{"Id":"XunitTestCaseExplicit","Label":"xUnit.net Test Case Explicit Flag","Category":"","Description":"","Attributes":0,"ValueType":"System.Boolean"},"Value":false},{"Key":{"Id":"TestCase.ManagedType","Label":"ManagedType","Category":"","Description":"","Attributes":1,"ValueType":"System.String"},"Value":"SharpMind.Tests.Core.TensorShapeTests"}]}]}}
TpTrace Verbose: 0 : 2820, 13, 2026/07/20, 17:24:27.249, 364561239890, vstest.console.dll, TestRunRequest:SendTestRunStatsChange: Starting.
TpTrace Verbose: 0 : 2820, 13, 2026/07/20, 17:24:27.249, 364561241467, vstest.console.dll, InProgress is SharpMind.Tests.Core.TensorShapeTests.GetOffset_2D_MatchesRowMajor
TpTrace Verbose: 0 : 2820, 13, 2026/07/20, 17:24:27.249, 364561242485, vstest.console.dll, MulticastDelegateUtilities.SafeInvoke: TestRun.RunStatsChanged: Invoking callbacks was skipped because there are no subscribers.
TpTrace Information: 0 : 2820, 13, 2026/07/20, 17:24:27.249, 364561243100, vstest.console.dll, TestRunRequest:SendTestRunStatsChange: Completed.
TpTrace Verbose: 0 : 2820, 13, 2026/07/20, 17:24:27.249, 364561243668, vstest.console.dll, MulticastDelegateUtilities.SafeInvoke: LengthPrefixCommunicationChannel: MessageReceived: Invoking callback 1/1 for Microsoft.VisualStudio.TestPlatform.CommunicationUtilities.TestRequestSender+<>c__DisplayClass34_0., took 4 ms.
TpTrace Verbose: 0 : 2820, 13, 2026/07/20, 17:24:27.250, 364561244277, vstest.console.dll, TcpClientExtensions.MessageLoopAsync: Polling on remoteEndPoint: 127.0.0.1:55546 localEndPoint: 127.0.0.1:55545 after 52 ms
TpTrace Verbose: 0 : 2820, 4, 2026/07/20, 17:24:27.250, 364561245961, vstest.console.dll, MulticastDelegateUtilities.SafeInvoke: InternalTestLoggerEvents.SendTestResult: Invoking callback 1/1 for Microsoft.VisualStudio.TestPlatform.CommandLine.Internal.ConsoleLogger., took 0 ms.
TpTrace Verbose: 0 : 2820, 4, 2026/07/20, 17:24:27.250, 364561247011, vstest.console.dll, MulticastDelegateUtilities.SafeInvoke: InternalTestLoggerEvents.SendTestResult: Invoking callback 1/1 for Microsoft.VisualStudio.TestPlatform.CommandLine.Internal.ConsoleLogger., took 0 ms.
TpTrace Verbose: 0 : 2820, 4, 2026/07/20, 17:24:27.250, 364561247896, vstest.console.dll, MulticastDelegateUtilities.SafeInvoke: InternalTestLoggerEvents.SendTestResult: Invoking callback 1/1 for Microsoft.VisualStudio.TestPlatform.CommandLine.Internal.ConsoleLogger., took 0 ms.
TpTrace Verbose: 0 : 2820, 4, 2026/07/20, 17:24:27.254, 364561289114, vstest.console.dll, MulticastDelegateUtilities.SafeInvoke: InternalTestLoggerEvents.SendTestResult: Invoking callback 1/1 for Microsoft.VisualStudio.TestPlatform.CommandLine.Internal.ConsoleLogger., took 0 ms.
TpTrace Verbose: 0 : 2820, 4, 2026/07/20, 17:24:27.254, 364561290325, vstest.console.dll, MulticastDelegateUtilities.SafeInvoke: InternalTestLoggerEvents.SendTestResult: Invoking callback 1/1 for Microsoft.VisualStudio.TestPlatform.CommandLine.Internal.ConsoleLogger., took 0 ms.
TpTrace Verbose: 0 : 2820, 4, 2026/07/20, 17:24:27.254, 364561291256, vstest.console.dll, MulticastDelegateUtilities.SafeInvoke: InternalTestLoggerEvents.SendTestResult: Invoking callback 1/1 for Microsoft.VisualStudio.TestPlatform.CommandLine.Internal.ConsoleLogger., took 0 ms.
TpTrace Verbose: 0 : 2820, 4, 2026/07/20, 17:24:27.254, 364561292154, vstest.console.dll, MulticastDelegateUtilities.SafeInvoke: InternalTestLoggerEvents.SendTestResult: Invoking callback 1/1 for Microsoft.VisualStudio.TestPlatform.CommandLine.Internal.ConsoleLogger., took 0 ms.
TpTrace Verbose: 0 : 2820, 4, 2026/07/20, 17:24:27.254, 364561292965, vstest.console.dll, MulticastDelegateUtilities.SafeInvoke: InternalTestLoggerEvents.SendTestResult: Invoking callback 1/1 for Microsoft.VisualStudio.TestPlatform.CommandLine.Internal.ConsoleLogger., took 0 ms.
TpTrace Verbose: 0 : 2820, 4, 2026/07/20, 17:24:27.254, 364561293767, vstest.console.dll, MulticastDelegateUtilities.SafeInvoke: InternalTestLoggerEvents.SendTestResult: Invoking callback 1/1 for Microsoft.VisualStudio.TestPlatform.CommandLine.Internal.ConsoleLogger., took 0 ms.
TpTrace Verbose: 0 : 2820, 13, 2026/07/20, 17:24:27.462, 364563365317, vstest.console.dll, TcpClientExtensions.MessageLoopAsync: NotifyDataAvailable remoteEndPoint: 127.0.0.1:55546 localEndPoint: 127.0.0.1:55545
TpTrace Verbose: 0 : 2820, 13, 2026/07/20, 17:24:27.462, 364563369995, vstest.console.dll, TestRequestSender.OnExecutionMessageReceived: Received message: {"Version":7,"MessageType":"TestExecution.StatsChange","Payload":{"NewTestResults":[{"TestCase":{"Id":"bf1fba5e-6244-62c3-2e28-2037b9e3339e","FullyQualifiedName":"SharpMind.Tests.Core.TensorShapeTests.GetOffset_2D_MatchesRowMajor","DisplayName":"SharpMind.Tests.Core.TensorShapeTests.GetOffset_2D_MatchesRowMajor","ExecutorUri":"executor://xunit/VsTestRunner3/netcore/","Source":"C:\\Integral2u\\source\\repos\\SharpMind\\SharpMind.Tests\\bin\\Debug\\net10.0\\SharpMind.Tests.dll","CodeFilePath":null,"LineNumber":0,"Properties":[{"Key":{"Id":"TestCase.ManagedMethod","Label":"ManagedMethod","Category":"","Description":"","Attributes":1,"ValueType":"System.String"},"Value":"GetOffset_2D_MatchesRowMajor"},{"Key":{"Id":"XunitTestCaseUniqueID","Label":"xUnit.net Test Case Unique ID","Category":"","Description":"","Attributes":0,"ValueType":"System.String"},"Value":"e6ca6c4915d5dff05ce90e33f860c4145a72f2b2"},{"Key":{"Id":"XunitTestCaseExplicit","Label":"xUnit.net Test Case Explicit Flag","Category":"","Description":"","Attributes":0,"ValueType":"System.Boolean"},"Value":false},{"Key":{"Id":"TestCase.ManagedType","Label":"ManagedType","Category":"","Description":"","Attributes":1,"ValueType":"System.String"},"Value":"SharpMind.Tests.Core.TensorShapeTests"}]},"Attachments":[],"Outcome":1,"ErrorMessage":null,"ErrorStackTrace":null,"DisplayName":"SharpMind.Tests.Core.TensorShapeTests.GetOffset_2D_MatchesRowMajor","Messages":[],"ComputerName":"LAPTOP-MKMTSO1B","Duration":"00:00:00.0003268","StartTime":"2026-07-20T05:24:27.2457938+00:00","EndTime":"2026-07-20T05:24:27.2459661+00:00","Properties":[]},{"TestCase":{"Id":"5731a32e-e87c-bf32-8b07-365da484680a","FullyQualifiedName":"SharpMind.Tests.Core.TensorShapeTests.Strides_RowMajor","DisplayName":"SharpMind.Tests.Core.TensorShapeTests.Strides_RowMajor","ExecutorUri":"executor://xunit/VsTestRunner3/netcore/","Source":"C:\\Integral2u\\source\\repos\\SharpMind\\SharpMind.Tests\\bin\\Debug\\net10.0\\SharpMind.Tests.dll","CodeFilePath":null,"LineNumber":0,"Properties":[{"Key":{"Id":"TestCase.ManagedMethod","Label":"ManagedMethod","Category":"","Description":"","Attributes":1,"ValueType":"System.String"},"Value":"Strides_RowMajor"},{"Key":{"Id":"XunitTestCaseUniqueID","Label":"xUnit.net Test Case Unique ID","Category":"","Description":"","Attributes":0,"ValueType":"System.String"},"Value":"ea0ed17f69a9a62b6553fe93039c38857da4033d"},{"Key":{"Id":"XunitTestCaseExplicit","Label":"xUnit.net Test Case Explicit Flag","Category":"","Description":"","Attributes":0,"ValueType":"System.Boolean"},"Value":false},{"Key":{"Id":"TestCase.ManagedType","Label":"ManagedType","Category":"","Description":"","Attributes":1,"ValueType":"System.String"},"Value":"SharpMind.Tests.Core.TensorShapeTests"}]},"Attachments":[],"Outcome":1,"ErrorMessage":null,"ErrorStackTrace":null,"DisplayName":"SharpMind.Tests.Core.TensorShapeTests.Strides_RowMajor","Messages":[],"ComputerName":"LAPTOP-MKMTSO1B","Duration":"00:00:00.0008732","StartTime":"2026-07-20T05:24:27.2468863+00:00","EndTime":"2026-07-20T05:24:27.2470543+00:00","Properties":[]},{"TestCase":{"Id":"6f5caec4-29ed-f466-b1b7-9a583fbc5dd1","FullyQualifiedName":"SharpMind.Tests.Core.TensorShapeTests.Unsqueeze_InsertsUnitDim","DisplayName":"SharpMind.Tests.Core.TensorShapeTests.Unsqueeze_InsertsUnitDim","ExecutorUri":"executor://xunit/VsTestRunner3/netcore/","Source":"C:\\Integral2u\\source\\repos\\SharpMind\\SharpMind.Tests\\bin\\Debug\\net10.0\\SharpMind.Tests.dll","CodeFilePath":null,"LineNumber":0,"Properties":[{"Key":{"Id":"TestCase.ManagedMethod","Label":"ManagedMethod","Category":"","Description":"","Attributes":1,"ValueType":"System.String"},"Value":"Unsqueeze_InsertsUnitDim"},{"Key":{"Id":"XunitTestCaseUniqueID","Label":"xUnit.net Test Case Unique ID","Category":"","Description":"","Attributes":0,"ValueType":"System.String"},"Value":"f255db66047bc96000e97b8c17a63e5b65986eb9"},{"Key":{"Id":"XunitTestCaseExplicit","Label":"xUnit.net Test Case Explicit Flag","Category":"","Description":"","Attributes":0,"ValueType":"System.Boolean"},"Value":false},{"Key":{"Id":"TestCase.ManagedType","Label":"ManagedType","Category":"","Description":"","Attributes":1,"ValueType":"System.String"},"Value":"SharpMind.Tests.Core.TensorShapeTests"}]},"Attachments":[],"Outcome":1,"ErrorMessage":null,"ErrorStackTrace":null,"DisplayName":"SharpMind.Tests.Core.TensorShapeTests.Unsqueeze_InsertsUnitDim","Messages":[],"ComputerName":"LAPTOP-MKMTSO1B","Duration":"00:00:00.0058373","StartTime":"2026-07-20T05:24:27.2479109+00:00","EndTime":"2026-07-20T05:24:27.2480811+00:00","Properties":[]},{"TestCase":{"Id":"ca0032fc-56ba-64c4-5759-ec6b063d70c7","FullyQualifiedName":"SharpMind.Tests.Data.JsonlSourceTests.ExtractsTextField","DisplayName":"SharpMind.Tests.Data.JsonlSourceTests.ExtractsTextField","ExecutorUri":"executor://xunit/VsTestRunner3/netcore/","Source":"C:\\Integral2u\\source\\repos\\SharpMind\\SharpMind.Tests\\bin\\Debug\\net10.0\\SharpMind.Tests.dll","CodeFilePath":null,"LineNumber":0,"Properties":[{"Key":{"Id":"TestCase.ManagedMethod","Label":"ManagedMethod","Category":"","Description":"","Attributes":1,"ValueType":"System.String"},"Value":"ExtractsTextField"},{"Key":{"Id":"XunitTestCaseUniqueID","Label":"xUnit.net Test Case Unique ID","Category":"","Description":"","Attributes":0,"ValueType":"System.String"},"Value":"081c3f6c864daca7d28db3aeacf88c9c0ea421b4"},{"Key":{"Id":"XunitTestCaseExplicit","Label":"xUnit.net Test Case Explicit Flag","Category":"","Description":"","Attributes":0,"ValueType":"System.Boolean"},"Value":false},{"Key":{"Id":"TestCase.ManagedType","Label":"ManagedType","Category":"","Description":"","Attributes":1,"ValueType":"System.String"},"Value":"SharpMind.Tests.Data.JsonlSourceTests"}]},"Attachments":[],"Outcome":1,"ErrorMessage":null,"ErrorStackTrace":null,"DisplayName":"SharpMind.Tests.Data.JsonlSourceTests.ExtractsTextField","Messages":[],"ComputerName":"LAPTOP-MKMTSO1B","Duration":"00:00:00.7625323","StartTime":"2026-07-20T05:24:26.5662666+00:00","EndTime":"2026-07-20T05:24:27.2661143+00:00","Properties":[]},{"TestCase":{"Id":"69792e4c-a410-0233-6e8b-2095d2348f56","FullyQualifiedName":"SharpMind.Tests.Data.JsonlSourceTests.MalformedLine_Skipped_CountTracked","DisplayName":"SharpMind.Tests.Data.JsonlSourceTests.MalformedLine_Skipped_CountTracked","ExecutorUri":"executor://xunit/VsTestRunner3/netcore/","Source":"C:\\Integral2u\\source\\repos\\SharpMind\\SharpMind.Tests\\bin\\Debug\\net10.0\\SharpMind.Tests.dll","CodeFilePath":null,"LineNumber":0,"Properties":[{"Key":{"Id":"TestCase.ManagedMethod","Label":"ManagedMethod","Category":"","Description":"","Attributes":1,"ValueType":"System.String"},"Value":"MalformedLine_Skipped_CountTracked"},{"Key":{"Id":"XunitTestCaseUniqueID","Label":"xUnit.net Test Case Unique ID","Category":"","Description":"","Attributes":0,"ValueType":"System.String"},"Value":"1b8800a37eb281a8085f4e740cc5614cf935dfac"},{"Key":{"Id":"XunitTestCaseExplicit","Label":"xUnit.net Test Case Explicit Flag","Category":"","Description":"","Attributes":0,"ValueType":"System.Boolean"},"Value":false},{"Key":{"Id":"TestCase.ManagedType","Label":"ManagedType","Category":"","Description":"","Attributes":1,"ValueType":"System.String"},"Value":"SharpMind.Tests.Data.JsonlSourceTests"}]},"Attachments":[],"Outcome":1,"ErrorMessage":null,"ErrorStackTrace":null,"DisplayName":"SharpMind.Tests.Data.JsonlSourceTests.MalformedLine_Skipped_CountTracked","Messages":[],"ComputerName":"LAPTOP-MKMTSO1B","Duration":"00:00:00.1056797","StartTime":"2026-07-20T05:24:27.2684013+00:00","EndTime":"2026-07-20T05:24:27.3738238+00:00","Properties":[]},{"TestCase":{"Id":"10de384e-2881-685d-ab12-f01563337f06","FullyQualifiedName":"SharpMind.Tests.Data.CompositeSourceTests.RoundRobin_InterleavesSources","DisplayName":"SharpMind.Tests.Data.CompositeSourceTests.RoundRobin_InterleavesSources","ExecutorUri":"executor://xunit/VsTestRunner3/netcore/","Source":"C:\\Integral2u\\source\\repos\\SharpMind\\SharpMind.Tests\\bin\\Debug\\net10.0\\SharpMind.Tests.dll","CodeFilePath":null,"LineNumber":0,"Properties":[{"Key":{"Id":"TestCase.ManagedMethod","Label":"ManagedMethod","Category":"","Description":"","Attributes":1,"ValueType":"System.String"},"Value":"RoundRobin_InterleavesSources"},{"Key":{"Id":"XunitTestCaseUniqueID","Label":"xUnit.net Test Case Unique ID","Category":"","Description":"","Attributes":0,"ValueType":"System.String"},"Value":"154bd5fa18bc40df6ebfee35e84dd8600acf6d6b"},{"Key":{"Id":"XunitTestCaseExplicit","Label":"xUnit.net Test Case Explicit Flag","Category":"","Description":"","Attributes":0,"ValueType":"System.Boolean"},"Value":false},{"Key":{"Id":"TestCase.ManagedType","Label":"ManagedType","Category":"","Description":"","Attributes":1,"ValueType":"System.String"},"Value":"SharpMind.Tests.Data.CompositeSourceTests"}]},"Attachments":[],"Outcome":1,"ErrorMessage":null,"ErrorStackTrace":null,"DisplayName":"SharpMind.Tests.Data.CompositeSourceTests.RoundRobin_InterleavesSources","Messages":[],"ComputerName":"LAPTOP-MKMTSO1B","Duration":"00:00:00.1246148","StartTime":"2026-07-20T05:24:27.2538054+00:00","EndTime":"2026-07-20T05:24:27.4246458+00:00","Properties":[]},{"TestCase":{"Id":"dd484f9d-eac6-54be-76a0-b148e81983bf","FullyQualifiedName":"SharpMind.Tests.Data.CompositeSourceTests.EstimatedCount_SumsWhenAllKnown","DisplayName":"SharpMind.Tests.Data.CompositeSourceTests.EstimatedCount_SumsWhenAllKnown","ExecutorUri":"executor://xunit/VsTestRunner3/netcore/","Source":"C:\\Integral2u\\source\\repos\\SharpMind\\SharpMind.Tests\\bin\\Debug\\net10.0\\SharpMind.Tests.dll","CodeFilePath":null,"LineNumber":0,"Properties":[{"Key":{"Id":"TestCase.ManagedMethod","Label":"ManagedMethod","Category":"","Description":"","Attributes":1,"ValueType":"System.String"},"Value":"EstimatedCount_SumsWhenAllKnown"},{"Key":{"Id":"XunitTestCaseUniqueID","Label":"xUnit.net Test Case Unique ID","Category":"","Description":"","Attributes":0,"ValueType":"System.String"},"Value":"53f04d38c37c40ddb4328930d2b6378d4f7c8fc5"},{"Key":{"Id":"XunitTestCaseExplicit","Label":"xUnit.net Test Case Explicit Flag","Category":"","Description":"","Attributes":0,"ValueType":"System.Boolean"},"Value":false},{"Key":{"Id":"TestCase.ManagedType","Label":"ManagedType","Category":"","Description":"","Attributes":1,"ValueType":"System.String"},"Value":"SharpMind.Tests.Data.CompositeSourceTests"}]},"Attachments":[],"Outcome":1,"ErrorMessage":null,"ErrorStackTrace":null,"DisplayName":"SharpMind.Tests.Data.CompositeSourceTests.EstimatedCount_SumsWhenAllKnown","Messages":[],"ComputerName":"LAPTOP-MKMTSO1B","Duration":"00:00:00.0339371","StartTime":"2026-07-20T05:24:27.4255448+00:00","EndTime":"2026-07-20T05:24:27.4592795+00:00","Properties":[]}],"TestRunStatistics":{"ExecutedTests":34,"Stats":{"Passed":34}},"ActiveTests":[{"Id":"0312b0d6-e32d-1c99-13e7-e6b14d1f8249","FullyQualifiedName":"SharpMind.Tests.Quantization.QuantizationAgreementTests.VecDot_AllTiers_Agree","DisplayName":"SharpMind.Tests.Quantization.QuantizationAgreementTests.VecDot_AllTiers_Agree(dtype: Q5_0)","ExecutorUri":"executor://xunit/VsTestRunner3/netcore/","Source":"C:\\Integral2u\\source\\repos\\SharpMind\\SharpMind.Tests\\bin\\Debug\\net10.0\\SharpMind.Tests.dll","CodeFilePath":null,"LineNumber":0,"Properties":[{"Key":{"Id":"TestCase.ManagedMethod","Label":"ManagedMethod","Category":"","Description":"","Attributes":1,"ValueType":"System.String"},"Value":"VecDot_AllTiers_Agree"},{"Key":{"Id":"XunitTestCaseUniqueID","Label":"xUnit.net Test Case Unique ID","Category":"","Description":"","Attributes":0,"ValueType":"System.String"},"Value":"04de0139596832bd9c0051597f40f8b5744bfb02"},{"Key":{"Id":"XunitTestCaseExplicit","Label":"xUnit.net Test Case Explicit Flag","Category":"","Description":"","Attributes":0,"ValueType":"System.Boolean"},"Value":false},{"Key":{"Id":"TestCase.ManagedType","Label":"ManagedType","Category":"","Description":"","Attributes":1,"ValueType":"System.String"},"Value":"SharpMind.Tests.Quantization.QuantizationAgreementTests"}]},{"Id":"51e53add-a2ef-d5d1-8c90-1def6fcb4159","FullyQualifiedName":"SharpMind.Tests.Data.JsonlSourceTests.MissingField_Skipped","DisplayName":"SharpMind.Tests.Data.JsonlSourceTests.MissingField_Skipped","ExecutorUri":"executor://xunit/VsTestRunner3/netcore/","Source":"C:\\Integral2u\\source\\repos\\SharpMind\\SharpMind.Tests\\bin\\Debug\\net10.0\\SharpMind.Tests.dll","CodeFilePath":null,"LineNumber":0,"Properties":[{"Key":{"Id":"TestCase.ManagedMethod","Label":"ManagedMethod","Category":"","Description":"","Attributes":1,"ValueType":"System.String"},"Value":"MissingField_Skipped"},{"Key":{"Id":"XunitTestCaseUniqueID","Label":"xUnit.net Test Case Unique ID","Category":"","Description":"","Attributes":0,"ValueType":"System.String"},"Value":"1ca545ba5f92383276a21bcaba49279dc1626d7f"},{"Key":{"Id":"XunitTestCaseExplicit","Label":"xUnit.net Test Case Explicit Flag","Category":"","Description":"","Attributes":0,"ValueType":"System.Boolean"},"Value":false},{"Key":{"Id":"TestCase.ManagedType","Label":"ManagedType","Category":"","Description":"","Attributes":1,"ValueType":"System.String"},"Value":"SharpMind.Tests.Data.JsonlSourceTests"}]},{"Id":"88fe4606-426c-f6d6-6986-2ea58ae7540a","FullyQualifiedName":"SharpMind.Tests.Data.CompositeSourceTests.RequiresAtLeastOneSource","DisplayName":"SharpMind.Tests.Data.CompositeSourceTests.RequiresAtLeastOneSource","ExecutorUri":"executor://xunit/VsTestRunner3/netcore/","Source":"C:\\Integral2u\\source\\repos\\SharpMind\\SharpMind.Tests\\bin\\Debug\\net10.0\\SharpMind.Tests.dll","CodeFilePath":null,"LineNumber":0,"Properties":[{"Key":{"Id":"TestCase.ManagedMethod","Label":"ManagedMethod","Category":"","Description":"","Attributes":1,"ValueType":"System.String"},"Value":"RequiresAtLeastOneSource"},{"Key":{"Id":"XunitTestCaseUniqueID","Label":"xUnit.net Test Case Unique ID","Category":"","Description":"","Attributes":0,"ValueType":"System.String"},"Value":"91afe0d638fb3db515fdc05a0ba7168d387f9f8e"},{"Key":{"Id":"XunitTestCaseExplicit","Label":"xUnit.net Test Case Explicit Flag","Category":"","Description":"","Attributes":0,"ValueType":"System.Boolean"},"Value":false},{"Key":{"Id":"TestCase.ManagedType","Label":"ManagedType","Category":"","Description":"","Attributes":1,"ValueType":"System.String"},"Value":"SharpMind.Tests.Data.CompositeSourceTests"}]}]}}
TpTrace Verbose: 0 : 2820, 13, 2026/07/20, 17:24:27.465, 364563401859, vstest.console.dll, TestRunRequest:SendTestRunStatsChange: Starting.
TpTrace Verbose: 0 : 2820, 13, 2026/07/20, 17:24:27.465, 364563403076, vstest.console.dll, InProgress is SharpMind.Tests.Quantization.QuantizationAgreementTests.VecDot_AllTiers_Agree(dtype: Q5_0)
TpTrace Verbose: 0 : 2820, 13, 2026/07/20, 17:24:27.465, 364563403718, vstest.console.dll, InProgress is SharpMind.Tests.Data.JsonlSourceTests.MissingField_Skipped
TpTrace Verbose: 0 : 2820, 13, 2026/07/20, 17:24:27.466, 364563404205, vstest.console.dll, InProgress is SharpMind.Tests.Data.CompositeSourceTests.RequiresAtLeastOneSource
TpTrace Verbose: 0 : 2820, 13, 2026/07/20, 17:24:27.466, 364563405008, vstest.console.dll, MulticastDelegateUtilities.SafeInvoke: TestRun.RunStatsChanged: Invoking callbacks was skipped because there are no subscribers.
TpTrace Information: 0 : 2820, 13, 2026/07/20, 17:24:27.466, 364563405504, vstest.console.dll, TestRunRequest:SendTestRunStatsChange: Completed.
TpTrace Verbose: 0 : 2820, 4, 2026/07/20, 17:24:27.466, 364563405940, vstest.console.dll, MulticastDelegateUtilities.SafeInvoke: InternalTestLoggerEvents.SendTestResult: Invoking callback 1/1 for Microsoft.VisualStudio.TestPlatform.CommandLine.Internal.ConsoleLogger., took 0 ms.
TpTrace Verbose: 0 : 2820, 13, 2026/07/20, 17:24:27.466, 364563405991, vstest.console.dll, MulticastDelegateUtilities.SafeInvoke: LengthPrefixCommunicationChannel: MessageReceived: Invoking callback 1/1 for Microsoft.VisualStudio.TestPlatform.CommunicationUtilities.TestRequestSender+<>c__DisplayClass34_0., took 3 ms.
TpTrace Verbose: 0 : 2820, 4, 2026/07/20, 17:24:27.466, 364563406762, vstest.console.dll, MulticastDelegateUtilities.SafeInvoke: InternalTestLoggerEvents.SendTestResult: Invoking callback 1/1 for Microsoft.VisualStudio.TestPlatform.CommandLine.Internal.ConsoleLogger., took 0 ms.
TpTrace Verbose: 0 : 2820, 13, 2026/07/20, 17:24:27.466, 364563406956, vstest.console.dll, TcpClientExtensions.MessageLoopAsync: Polling on remoteEndPoint: 127.0.0.1:55546 localEndPoint: 127.0.0.1:55545 after 216 ms
TpTrace Verbose: 0 : 2820, 4, 2026/07/20, 17:24:27.466, 364563407793, vstest.console.dll, MulticastDelegateUtilities.SafeInvoke: InternalTestLoggerEvents.SendTestResult: Invoking callback 1/1 for Microsoft.VisualStudio.TestPlatform.CommandLine.Internal.ConsoleLogger., took 0 ms.
TpTrace Verbose: 0 : 2820, 4, 2026/07/20, 17:24:27.472, 364563473201, vstest.console.dll, MulticastDelegateUtilities.SafeInvoke: InternalTestLoggerEvents.SendTestResult: Invoking callback 1/1 for Microsoft.VisualStudio.TestPlatform.CommandLine.Internal.ConsoleLogger., took 6 ms.
TpTrace Verbose: 0 : 2820, 4, 2026/07/20, 17:24:27.473, 364563475793, vstest.console.dll, MulticastDelegateUtilities.SafeInvoke: InternalTestLoggerEvents.SendTestResult: Invoking callback 1/1 for Microsoft.VisualStudio.TestPlatform.CommandLine.Internal.ConsoleLogger., took 0 ms.
TpTrace Verbose: 0 : 2820, 4, 2026/07/20, 17:24:27.473, 364563476851, vstest.console.dll, MulticastDelegateUtilities.SafeInvoke: InternalTestLoggerEvents.SendTestResult: Invoking callback 1/1 for Microsoft.VisualStudio.TestPlatform.CommandLine.Internal.ConsoleLogger., took 0 ms.
TpTrace Verbose: 0 : 2820, 4, 2026/07/20, 17:24:27.473, 364563477925, vstest.console.dll, MulticastDelegateUtilities.SafeInvoke: InternalTestLoggerEvents.SendTestResult: Invoking callback 1/1 for Microsoft.VisualStudio.TestPlatform.CommandLine.Internal.ConsoleLogger., took 0 ms.
TpTrace Verbose: 0 : 2820, 13, 2026/07/20, 17:24:28.468, 364573427075, vstest.console.dll, TcpClientExtensions.MessageLoopAsync: Polling on remoteEndPoint: 127.0.0.1:55546 localEndPoint: 127.0.0.1:55545 after 1001 ms
TpTrace Verbose: 0 : 2820, 13, 2026/07/20, 17:24:29.480, 364583545568, vstest.console.dll, TcpClientExtensions.MessageLoopAsync: Polling on remoteEndPoint: 127.0.0.1:55546 localEndPoint: 127.0.0.1:55545 after 1010 ms
TpTrace Verbose: 0 : 2820, 13, 2026/07/20, 17:24:30.492, 364593674035, vstest.console.dll, TcpClientExtensions.MessageLoopAsync: Polling on remoteEndPoint: 127.0.0.1:55546 localEndPoint: 127.0.0.1:55545 after 1012 ms
TpTrace Verbose: 0 : 2820, 13, 2026/07/20, 17:24:31.495, 364603695103, vstest.console.dll, TcpClientExtensions.MessageLoopAsync: Polling on remoteEndPoint: 127.0.0.1:55546 localEndPoint: 127.0.0.1:55545 after 1001 ms
TpTrace Verbose: 0 : 2820, 13, 2026/07/20, 17:24:31.628, 364605032746, vstest.console.dll, TcpClientExtensions.MessageLoopAsync: NotifyDataAvailable remoteEndPoint: 127.0.0.1:55546 localEndPoint: 127.0.0.1:55545
TpTrace Verbose: 0 : 2820, 13, 2026/07/20, 17:24:31.629, 364605036256, vstest.console.dll, TestRequestSender.OnExecutionMessageReceived: Received message: {"Version":7,"MessageType":"TestExecution.StatsChange","Payload":{"NewTestResults":[{"TestCase":{"Id":"88fe4606-426c-f6d6-6986-2ea58ae7540a","FullyQualifiedName":"SharpMind.Tests.Data.CompositeSourceTests.RequiresAtLeastOneSource","DisplayName":"SharpMind.Tests.Data.CompositeSourceTests.RequiresAtLeastOneSource","ExecutorUri":"executor://xunit/VsTestRunner3/netcore/","Source":"C:\\Integral2u\\source\\repos\\SharpMind\\SharpMind.Tests\\bin\\Debug\\net10.0\\SharpMind.Tests.dll","CodeFilePath":null,"LineNumber":0,"Properties":[{"Key":{"Id":"TestCase.ManagedMethod","Label":"ManagedMethod","Category":"","Description":"","Attributes":1,"ValueType":"System.String"},"Value":"RequiresAtLeastOneSource"},{"Key":{"Id":"XunitTestCaseUniqueID","Label":"xUnit.net Test Case Unique ID","Category":"","Description":"","Attributes":0,"ValueType":"System.String"},"Value":"91afe0d638fb3db515fdc05a0ba7168d387f9f8e"},{"Key":{"Id":"XunitTestCaseExplicit","Label":"xUnit.net Test Case Explicit Flag","Category":"","Description":"","Attributes":0,"ValueType":"System.Boolean"},"Value":false},{"Key":{"Id":"TestCase.ManagedType","Label":"ManagedType","Category":"","Description":"","Attributes":1,"ValueType":"System.String"},"Value":"SharpMind.Tests.Data.CompositeSourceTests"}]},"Attachments":[],"Outcome":1,"ErrorMessage":null,"ErrorStackTrace":null,"DisplayName":"SharpMind.Tests.Data.CompositeSourceTests.RequiresAtLeastOneSource","Messages":[],"ComputerName":"LAPTOP-MKMTSO1B","Duration":"00:00:00.0029251","StartTime":"2026-07-20T05:24:27.4628141+00:00","EndTime":"2026-07-20T05:24:27.4630905+00:00","Properties":[]},{"TestCase":{"Id":"b6a3a6cf-8c13-f238-3f3d-59a9cc59e0f7","FullyQualifiedName":"SharpMind.Tests.Data.CompositeSourceTests.EstimatedCount_NullWhenAnyUnknown","DisplayName":"SharpMind.Tests.Data.CompositeSourceTests.EstimatedCount_NullWhenAnyUnknown","ExecutorUri":"executor://xunit/VsTestRunner3/netcore/","Source":"C:\\Integral2u\\source\\repos\\SharpMind\\SharpMind.Tests\\bin\\Debug\\net10.0\\SharpMind.Tests.dll","CodeFilePath":null,"LineNumber":0,"Properties":[{"Key":{"Id":"TestCase.ManagedMethod","Label":"ManagedMethod","Category":"","Description":"","Attributes":1,"ValueType":"System.String"},"Value":"EstimatedCount_NullWhenAnyUnknown"},{"Key":{"Id":"XunitTestCaseUniqueID","Label":"xUnit.net Test Case Unique ID","Category":"","Description":"","Attributes":0,"ValueType":"System.String"},"Value":"9486aad1bb645361c07e2d4316e60a9b30587fbd"},{"Key":{"Id":"XunitTestCaseExplicit","Label":"xUnit.net Test Case Explicit Flag","Category":"","Description":"","Attributes":0,"ValueType":"System.Boolean"},"Value":false},{"Key":{"Id":"TestCase.ManagedType","Label":"ManagedType","Category":"","Description":"","Attributes":1,"ValueType":"System.String"},"Value":"SharpMind.Tests.Data.CompositeSourceTests"}]},"Attachments":[],"Outcome":1,"ErrorMessage":null,"ErrorStackTrace":null,"DisplayName":"SharpMind.Tests.Data.CompositeSourceTests.EstimatedCount_NullWhenAnyUnknown","Messages":[],"ComputerName":"LAPTOP-MKMTSO1B","Duration":"00:00:00.0133790","StartTime":"2026-07-20T05:24:27.464157+00:00","EndTime":"2026-07-20T05:24:27.4765337+00:00","Properties":[]},{"TestCase":{"Id":"6ed0d9da-8373-bcb9-199a-db261ad02be6","FullyQualifiedName":"SharpMind.Tests.Quantization.VecDotTests.TestVecDotQ4_1_ValidBlock","DisplayName":"SharpMind.Tests.Quantization.VecDotTests.TestVecDotQ4_1_ValidBlock","ExecutorUri":"executor://xunit/VsTestRunner3/netcore/","Source":"C:\\Integral2u\\source\\repos\\SharpMind\\SharpMind.Tests\\bin\\Debug\\net10.0\\SharpMind.Tests.dll","CodeFilePath":null,"LineNumber":0,"Properties":[{"Key":{"Id":"TestCase.ManagedMethod","Label":"ManagedMethod","Category":"","Description":"","Attributes":1,"ValueType":"System.String"},"Value":"TestVecDotQ4_1_ValidBlock"},{"Key":{"Id":"XunitTestCaseUniqueID","Label":"xUnit.net Test Case Unique ID","Category":"","Description":"","Attributes":0,"ValueType":"System.String"},"Value":"217081bbc8143430c868fce650564fe03ec3ad37"},{"Key":{"Id":"XunitTestCaseExplicit","Label":"xUnit.net Test Case Explicit Flag","Category":"","Description":"","Attributes":0,"ValueType":"System.Boolean"},"Value":false},{"Key":{"Id":"TestCase.ManagedType","Label":"ManagedType","Category":"","Description":"","Attributes":1,"ValueType":"System.String"},"Value":"SharpMind.Tests.Quantization.VecDotTests"}]},"Attachments":[],"Outcome":1,"ErrorMessage":null,"ErrorStackTrace":null,"DisplayName":"SharpMind.Tests.Quantization.VecDotTests.TestVecDotQ4_1_ValidBlock(qOps: QuantizationOps41153804 { })","Messages":[],"ComputerName":"LAPTOP-MKMTSO1B","Duration":"00:00:00.0011382","StartTime":"2026-07-20T05:24:31.6261184+00:00","EndTime":"2026-07-20T05:24:31.6271859+00:00","Properties":[]}],"TestRunStatistics":{"ExecutedTests":37,"Stats":{"Passed":37}},"ActiveTests":[{"Id":"80258c54-96d9-3232-ec10-edf92b9bc23a","FullyQualifiedName":"SharpMind.Tests.Data.CompositeSourceTests.Concatenate_YieldsAllSourcesInOrder","DisplayName":"SharpMind.Tests.Data.CompositeSourceTests.Concatenate_YieldsAllSourcesInOrder","ExecutorUri":"executor://xunit/VsTestRunner3/netcore/","Source":"C:\\Integral2u\\source\\repos\\SharpMind\\SharpMind.Tests\\bin\\Debug\\net10.0\\SharpMind.Tests.dll","CodeFilePath":null,"LineNumber":0,"Properties":[{"Key":{"Id":"TestCase.ManagedMethod","Label":"ManagedMethod","Category":"","Description":"","Attributes":1,"ValueType":"System.String"},"Value":"Concatenate_YieldsAllSourcesInOrder"},{"Key":{"Id":"XunitTestCaseUniqueID","Label":"xUnit.net Test Case Unique ID","Category":"","Description":"","Attributes":0,"ValueType":"System.String"},"Value":"a8faed9a4aa0bd31b62fd00136b9125362103b91"},{"Key":{"Id":"XunitTestCaseExplicit","Label":"xUnit.net Test Case Explicit Flag","Category":"","Description":"","Attributes":0,"ValueType":"System.Boolean"},"Value":false},{"Key":{"Id":"TestCase.ManagedType","Label":"ManagedType","Category":"","Description":"","Attributes":1,"ValueType":"System.String"},"Value":"SharpMind.Tests.Data.CompositeSourceTests"}]}]}}
TpTrace Verbose: 0 : 2820, 13, 2026/07/20, 17:24:31.631, 364605059749, vstest.console.dll, TestRunRequest:SendTestRunStatsChange: Starting.
TpTrace Verbose: 0 : 2820, 13, 2026/07/20, 17:24:31.631, 364605061191, vstest.console.dll, InProgress is SharpMind.Tests.Data.CompositeSourceTests.Concatenate_YieldsAllSourcesInOrder
TpTrace Verbose: 0 : 2820, 13, 2026/07/20, 17:24:31.631, 364605062069, vstest.console.dll, MulticastDelegateUtilities.SafeInvoke: TestRun.RunStatsChanged: Invoking callbacks was skipped because there are no subscribers.
TpTrace Information: 0 : 2820, 13, 2026/07/20, 17:24:31.631, 364605062561, vstest.console.dll, TestRunRequest:SendTestRunStatsChange: Completed.
TpTrace Verbose: 0 : 2820, 13, 2026/07/20, 17:24:31.631, 364605063101, vstest.console.dll, MulticastDelegateUtilities.SafeInvoke: LengthPrefixCommunicationChannel: MessageReceived: Invoking callback 1/1 for Microsoft.VisualStudio.TestPlatform.CommunicationUtilities.TestRequestSender+<>c__DisplayClass34_0., took 2 ms.
TpTrace Verbose: 0 : 2820, 4, 2026/07/20, 17:24:31.631, 364605063324, vstest.console.dll, MulticastDelegateUtilities.SafeInvoke: InternalTestLoggerEvents.SendTestResult: Invoking callback 1/1 for Microsoft.VisualStudio.TestPlatform.CommandLine.Internal.ConsoleLogger., took 0 ms.
TpTrace Verbose: 0 : 2820, 13, 2026/07/20, 17:24:31.631, 364605063690, vstest.console.dll, TcpClientExtensions.MessageLoopAsync: Polling on remoteEndPoint: 127.0.0.1:55546 localEndPoint: 127.0.0.1:55545 after 136 ms
TpTrace Verbose: 0 : 2820, 4, 2026/07/20, 17:24:31.632, 364605065396, vstest.console.dll, MulticastDelegateUtilities.SafeInvoke: InternalTestLoggerEvents.SendTestResult: Invoking callback 1/1 for Microsoft.VisualStudio.TestPlatform.CommandLine.Internal.ConsoleLogger., took 0 ms.
TpTrace Verbose: 0 : 2820, 4, 2026/07/20, 17:24:31.632, 364605066314, vstest.console.dll, MulticastDelegateUtilities.SafeInvoke: InternalTestLoggerEvents.SendTestResult: Invoking callback 1/1 for Microsoft.VisualStudio.TestPlatform.CommandLine.Internal.ConsoleLogger., took 0 ms.
TpTrace Verbose: 0 : 2820, 13, 2026/07/20, 17:24:31.673, 364605481351, vstest.console.dll, TcpClientExtensions.MessageLoopAsync: NotifyDataAvailable remoteEndPoint: 127.0.0.1:55546 localEndPoint: 127.0.0.1:55545
TpTrace Verbose: 0 : 2820, 13, 2026/07/20, 17:24:31.674, 364605486165, vstest.console.dll, TestRequestSender.OnExecutionMessageReceived: Received message: {"Version":7,"MessageType":"TestExecution.StatsChange","Payload":{"NewTestResults":[{"TestCase":{"Id":"6ed0d9da-8373-bcb9-199a-db261ad02be6","FullyQualifiedName":"SharpMind.Tests.Quantization.VecDotTests.TestVecDotQ4_1_ValidBlock","DisplayName":"SharpMind.Tests.Quantization.VecDotTests.TestVecDotQ4_1_ValidBlock","ExecutorUri":"executor://xunit/VsTestRunner3/netcore/","Source":"C:\\Integral2u\\source\\repos\\SharpMind\\SharpMind.Tests\\bin\\Debug\\net10.0\\SharpMind.Tests.dll","CodeFilePath":null,"LineNumber":0,"Properties":[{"Key":{"Id":"TestCase.ManagedMethod","Label":"ManagedMethod","Category":"","Description":"","Attributes":1,"ValueType":"System.String"},"Value":"TestVecDotQ4_1_ValidBlock"},{"Key":{"Id":"XunitTestCaseUniqueID","Label":"xUnit.net Test Case Unique ID","Category":"","Description":"","Attributes":0,"ValueType":"System.String"},"Value":"217081bbc8143430c868fce650564fe03ec3ad37"},{"Key":{"Id":"XunitTestCaseExplicit","Label":"xUnit.net Test Case Explicit Flag","Category":"","Description":"","Attributes":0,"ValueType":"System.Boolean"},"Value":false},{"Key":{"Id":"TestCase.ManagedType","Label":"ManagedType","Category":"","Description":"","Attributes":1,"ValueType":"System.String"},"Value":"SharpMind.Tests.Quantization.VecDotTests"}]},"Attachments":[],"Outcome":1,"ErrorMessage":null,"ErrorStackTrace":null,"DisplayName":"SharpMind.Tests.Quantization.VecDotTests.TestVecDotQ4_1_ValidBlock(qOps: QuantizationOps65849037 { })","Messages":[],"ComputerName":"LAPTOP-MKMTSO1B","Duration":"00:00:00.0017254","StartTime":"2026-07-20T05:24:31.6291839+00:00","EndTime":"2026-07-20T05:24:31.6294218+00:00","Properties":[]},{"TestCase":{"Id":"6ed0d9da-8373-bcb9-199a-db261ad02be6","FullyQualifiedName":"SharpMind.Tests.Quantization.VecDotTests.TestVecDotQ4_1_ValidBlock","DisplayName":"SharpMind.Tests.Quantization.VecDotTests.TestVecDotQ4_1_ValidBlock","ExecutorUri":"executor://xunit/VsTestRunner3/netcore/","Source":"C:\\Integral2u\\source\\repos\\SharpMind\\SharpMind.Tests\\bin\\Debug\\net10.0\\SharpMind.Tests.dll","CodeFilePath":null,"LineNumber":0,"Properties":[{"Key":{"Id":"TestCase.ManagedMethod","Label":"ManagedMethod","Category":"","Description":"","Attributes":1,"ValueType":"System.String"},"Value":"TestVecDotQ4_1_ValidBlock"},{"Key":{"Id":"XunitTestCaseUniqueID","Label":"xUnit.net Test Case Unique ID","Category":"","Description":"","Attributes":0,"ValueType":"System.String"},"Value":"217081bbc8143430c868fce650564fe03ec3ad37"},{"Key":{"Id":"XunitTestCaseExplicit","Label":"xUnit.net Test Case Explicit Flag","Category":"","Description":"","Attributes":0,"ValueType":"System.Boolean"},"Value":false},{"Key":{"Id":"TestCase.ManagedType","Label":"ManagedType","Category":"","Description":"","Attributes":1,"ValueType":"System.String"},"Value":"SharpMind.Tests.Quantization.VecDotTests"}]},"Attachments":[],"Outcome":1,"ErrorMessage":null,"ErrorStackTrace":null,"DisplayName":"SharpMind.Tests.Quantization.VecDotTests.TestVecDotQ4_1_ValidBlock(qOps: QuantizationOps463695 { })","Messages":[],"ComputerName":"LAPTOP-MKMTSO1B","Duration":"00:00:00.0023095","StartTime":"2026-07-20T05:24:31.6301575+00:00","EndTime":"2026-07-20T05:24:31.6313765+00:00","Properties":[]},{"TestCase":{"Id":"6ed0d9da-8373-bcb9-199a-db261ad02be6","FullyQualifiedName":"SharpMind.Tests.Quantization.VecDotTests.TestVecDotQ4_1_ValidBlock","DisplayName":"SharpMind.Tests.Quantization.VecDotTests.TestVecDotQ4_1_ValidBlock","ExecutorUri":"executor://xunit/VsTestRunner3/netcore/","Source":"C:\\Integral2u\\source\\repos\\SharpMind\\SharpMind.Tests\\bin\\Debug\\net10.0\\SharpMind.Tests.dll","CodeFilePath":null,"LineNumber":0,"Properties":[{"Key":{"Id":"TestCase.ManagedMethod","Label":"ManagedMethod","Category":"","Description":"","Attributes":1,"ValueType":"System.String"},"Value":"TestVecDotQ4_1_ValidBlock"},{"Key":{"Id":"XunitTestCaseUniqueID","Label":"xUnit.net Test Case Unique ID","Category":"","Description":"","Attributes":0,"ValueType":"System.String"},"Value":"217081bbc8143430c868fce650564fe03ec3ad37"},{"Key":{"Id":"XunitTestCaseExplicit","Label":"xUnit.net Test Case Explicit Flag","Category":"","Description":"","Attributes":0,"ValueType":"System.Boolean"},"Value":false},{"Key":{"Id":"TestCase.ManagedType","Label":"ManagedType","Category":"","Description":"","Attributes":1,"ValueType":"System.String"},"Value":"SharpMind.Tests.Quantization.VecDotTests"}]},"Attachments":[],"Outcome":1,"ErrorMessage":null,"ErrorStackTrace":null,"DisplayName":"SharpMind.Tests.Quantization.VecDotTests.TestVecDotQ4_1_ValidBlock(qOps: QuantizationOps26430654 { })","Messages":[],"ComputerName":"LAPTOP-MKMTSO1B","Duration":"00:00:00.0001695","StartTime":"2026-07-20T05:24:31.6319273+00:00","EndTime":"2026-07-20T05:24:31.6323035+00:00","Properties":[]},{"TestCase":{"Id":"9a17a11e-5c09-2e36-d6c0-46c1c13f6cc4","FullyQualifiedName":"SharpMind.Tests.Quantization.VecDotTests.TestVecDotQ5K_ValidBlock","DisplayName":"SharpMind.Tests.Quantization.VecDotTests.TestVecDotQ5K_ValidBlock","ExecutorUri":"executor://xunit/VsTestRunner3/netcore/","Source":"C:\\Integral2u\\source\\repos\\SharpMind\\SharpMind.Tests\\bin\\Debug\\net10.0\\SharpMind.Tests.dll","CodeFilePath":null,"LineNumber":0,"Properties":[{"Key":{"Id":"TestCase.ManagedMethod","Label":"ManagedMethod","Category":"","Description":"","Attributes":1,"ValueType":"System.String"},"Value":"TestVecDotQ5K_ValidBlock"},{"Key":{"Id":"XunitTestCaseUniqueID","Label":"xUnit.net Test Case Unique ID","Category":"","Description":"","Attributes":0,"ValueType":"System.String"},"Value":"25cbdd12206bac007224041d2a7c9f4fcf0b171c"},{"Key":{"Id":"XunitTestCaseExplicit","Label":"xUnit.net Test Case Explicit Flag","Category":"","Description":"","Attributes":0,"ValueType":"System.Boolean"},"Value":false},{"Key":{"Id":"TestCase.ManagedType","Label":"ManagedType","Category":"","Description":"","Attributes":1,"ValueType":"System.String"},"Value":"SharpMind.Tests.Quantization.VecDotTests"}]},"Attachments":[],"Outcome":1,"ErrorMessage":null,"ErrorStackTrace":null,"DisplayName":"SharpMind.Tests.Quantization.VecDotTests.TestVecDotQ5K_ValidBlock(qOps: QuantizationOps41153804 { })","Messages":[],"ComputerName":"LAPTOP-MKMTSO1B","Duration":"00:00:00.0016427","StartTime":"2026-07-20T05:24:31.6333058+00:00","EndTime":"2026-07-20T05:24:31.6367249+00:00","Properties":[]},{"TestCase":{"Id":"9a17a11e-5c09-2e36-d6c0-46c1c13f6cc4","FullyQualifiedName":"SharpMind.Tests.Quantization.VecDotTests.TestVecDotQ5K_ValidBlock","DisplayName":"SharpMind.Tests.Quantization.VecDotTests.TestVecDotQ5K_ValidBlock","ExecutorUri":"executor://xunit/VsTestRunner3/netcore/","Source":"C:\\Integral2u\\source\\repos\\SharpMind\\SharpMind.Tests\\bin\\Debug\\net10.0\\SharpMind.Tests.dll","CodeFilePath":null,"LineNumber":0,"Properties":[{"Key":{"Id":"TestCase.ManagedMethod","Label":"ManagedMethod","Category":"","Description":"","Attributes":1,"ValueType":"System.String"},"Value":"TestVecDotQ5K_ValidBlock"},{"Key":{"Id":"XunitTestCaseUniqueID","Label":"xUnit.net Test Case Unique ID","Category":"","Description":"","Attributes":0,"ValueType":"System.String"},"Value":"25cbdd12206bac007224041d2a7c9f4fcf0b171c"},{"Key":{"Id":"XunitTestCaseExplicit","Label":"xUnit.net Test Case Explicit Flag","Category":"","Description":"","Attributes":0,"ValueType":"System.Boolean"},"Value":false},{"Key":{"Id":"TestCase.ManagedType","Label":"ManagedType","Category":"","Description":"","Attributes":1,"ValueType":"System.String"},"Value":"SharpMind.Tests.Quantization.VecDotTests"}]},"Attachments":[],"Outcome":1,"ErrorMessage":null,"ErrorStackTrace":null,"DisplayName":"SharpMind.Tests.Quantization.VecDotTests.TestVecDotQ5K_ValidBlock(qOps: QuantizationOps65849037 { })","Messages":[],"ComputerName":"LAPTOP-MKMTSO1B","Duration":"00:00:00.0028193","StartTime":"2026-07-20T05:24:31.6373185+00:00","EndTime":"2026-07-20T05:24:31.6374895+00:00","Properties":[]},{"TestCase":{"Id":"9a17a11e-5c09-2e36-d6c0-46c1c13f6cc4","FullyQualifiedName":"SharpMind.Tests.Quantization.VecDotTests.TestVecDotQ5K_ValidBlock","DisplayName":"SharpMind.Tests.Quantization.VecDotTests.TestVecDotQ5K_ValidBlock","ExecutorUri":"executor://xunit/VsTestRunner3/netcore/","Source":"C:\\Integral2u\\source\\repos\\SharpMind\\SharpMind.Tests\\bin\\Debug\\net10.0\\SharpMind.Tests.dll","CodeFilePath":null,"LineNumber":0,"Properties":[{"Key":{"Id":"TestCase.ManagedMethod","Label":"ManagedMethod","Category":"","Description":"","Attributes":1,"ValueType":"System.String"},"Value":"TestVecDotQ5K_ValidBlock"},{"Key":{"Id":"XunitTestCaseUniqueID","Label":"xUnit.net Test Case Unique ID","Category":"","Description":"","Attributes":0,"ValueType":"System.String"},"Value":"25cbdd12206bac007224041d2a7c9f4fcf0b171c"},{"Key":{"Id":"XunitTestCaseExplicit","Label":"xUnit.net Test Case Explicit Flag","Category":"","Description":"","Attributes":0,"ValueType":"System.Boolean"},"Value":false},{"Key":{"Id":"TestCase.ManagedType","Label":"ManagedType","Category":"","Description":"","Attributes":1,"ValueType":"System.String"},"Value":"SharpMind.Tests.Quantization.VecDotTests"}]},"Attachments":[],"Outcome":1,"ErrorMessage":null,"ErrorStackTrace":null,"DisplayName":"SharpMind.Tests.Quantization.VecDotTests.TestVecDotQ5K_ValidBlock(qOps: QuantizationOps463695 { })","Messages":[],"ComputerName":"LAPTOP-MKMTSO1B","Duration":"00:00:00.0053378","StartTime":"2026-07-20T05:24:31.6379996+00:00","EndTime":"2026-07-20T05:24:31.6429468+00:00","Properties":[]},{"TestCase":{"Id":"9a17a11e-5c09-2e36-d6c0-46c1c13f6cc4","FullyQualifiedName":"SharpMind.Tests.Quantization.VecDotTests.TestVecDotQ5K_ValidBlock","DisplayName":"SharpMind.Tests.Quantization.VecDotTests.TestVecDotQ5K_ValidBlock","ExecutorUri":"executor://xunit/VsTestRunner3/netcore/","Source":"C:\\Integral2u\\source\\repos\\SharpMind\\SharpMind.Tests\\bin\\Debug\\net10.0\\SharpMind.Tests.dll","CodeFilePath":null,"LineNumber":0,"Properties":[{"Key":{"Id":"TestCase.ManagedMethod","Label":"ManagedMethod","Category":"","Description":"","Attributes":1,"ValueType":"System.String"},"Value":"TestVecDotQ5K_ValidBlock"},{"Key":{"Id":"XunitTestCaseUniqueID","Label":"xUnit.net Test Case Unique ID","Category":"","Description":"","Attributes":0,"ValueType":"System.String"},"Value":"25cbdd12206bac007224041d2a7c9f4fcf0b171c"},{"Key":{"Id":"XunitTestCaseExplicit","Label":"xUnit.net Test Case Explicit Flag","Category":"","Description":"","Attributes":0,"ValueType":"System.Boolean"},"Value":false},{"Key":{"Id":"TestCase.ManagedType","Label":"ManagedType","Category":"","Description":"","Attributes":1,"ValueType":"System.String"},"Value":"SharpMind.Tests.Quantization.VecDotTests"}]},"Attachments":[],"Outcome":1,"ErrorMessage":null,"ErrorStackTrace":null,"DisplayName":"SharpMind.Tests.Quantization.VecDotTests.TestVecDotQ5K_ValidBlock(qOps: QuantizationOps26430654 { })","Messages":[],"ComputerName":"LAPTOP-MKMTSO1B","Duration":"00:00:00.0122346","StartTime":"2026-07-20T05:24:31.6434882+00:00","EndTime":"2026-07-20T05:24:31.6553458+00:00","Properties":[]},{"TestCase":{"Id":"f78cdc33-d283-abf0-874e-088ac2b32eb1","FullyQualifiedName":"SharpMind.Tests.Quantization.VecDotTests.TestVecDotQ4_0_AgreesAcrossTiers","DisplayName":"SharpMind.Tests.Quantization.VecDotTests.TestVecDotQ4_0_AgreesAcrossTiers","ExecutorUri":"executor://xunit/VsTestRunner3/netcore/","Source":"C:\\Integral2u\\source\\repos\\SharpMind\\SharpMind.Tests\\bin\\Debug\\net10.0\\SharpMind.Tests.dll","CodeFilePath":null,"LineNumber":0,"Properties":[{"Key":{"Id":"TestCase.ManagedMethod","Label":"ManagedMethod","Category":"","Description":"","Attributes":1,"ValueType":"System.String"},"Value":"TestVecDotQ4_0_AgreesAcrossTiers"},{"Key":{"Id":"XunitTestCaseUniqueID","Label":"xUnit.net Test Case Unique ID","Category":"","Description":"","Attributes":0,"ValueType":"System.String"},"Value":"2cb54a2cde0889813b70c7f02251fc1bc364a6e3"},{"Key":{"Id":"XunitTestCaseExplicit","Label":"xUnit.net Test Case Explicit Flag","Category":"","Description":"","Attributes":0,"ValueType":"System.Boolean"},"Value":false},{"Key":{"Id":"TestCase.ManagedType","Label":"ManagedType","Category":"","Description":"","Attributes":1,"ValueType":"System.String"},"Value":"SharpMind.Tests.Quantization.VecDotTests"}]},"Attachments":[],"Outcome":1,"ErrorMessage":null,"ErrorStackTrace":null,"DisplayName":"SharpMind.Tests.Quantization.VecDotTests.TestVecDotQ4_0_AgreesAcrossTiers","Messages":[],"ComputerName":"LAPTOP-MKMTSO1B","Duration":"00:00:00.0090671","StartTime":"2026-07-20T05:24:31.6564967+00:00","EndTime":"2026-07-20T05:24:31.6645552+00:00","Properties":[]},{"TestCase":{"Id":"1da1947e-73c3-9459-4693-b998858a3ce1","FullyQualifiedName":"SharpMind.Tests.Quantization.VecDotTests.TestVecDotQ6K_ValidBlock","DisplayName":"SharpMind.Tests.Quantization.VecDotTests.TestVecDotQ6K_ValidBlock","ExecutorUri":"executor://xunit/VsTestRunner3/netcore/","Source":"C:\\Integral2u\\source\\repos\\SharpMind\\SharpMind.Tests\\bin\\Debug\\net10.0\\SharpMind.Tests.dll","CodeFilePath":null,"LineNumber":0,"Properties":[{"Key":{"Id":"TestCase.ManagedMethod","Label":"ManagedMethod","Category":"","Description":"","Attributes":1,"ValueType":"System.String"},"Value":"TestVecDotQ6K_ValidBlock"},{"Key":{"Id":"XunitTestCaseUniqueID","Label":"xUnit.net Test Case Unique ID","Category":"","Description":"","Attributes":0,"ValueType":"System.String"},"Value":"31786081f9ac485e98bdf49a71fecaf8645bfae4"},{"Key":{"Id":"XunitTestCaseExplicit","Label":"xUnit.net Test Case Explicit Flag","Category":"","Description":"","Attributes":0,"ValueType":"System.Boolean"},"Value":false},{"Key":{"Id":"TestCase.ManagedType","Label":"ManagedType","Category":"","Description":"","Attributes":1,"ValueType":"System.String"},"Value":"SharpMind.Tests.Quantization.VecDotTests"}]},"Attachments":[],"Outcome":1,"ErrorMessage":null,"ErrorStackTrace":null,"DisplayName":"SharpMind.Tests.Quantization.VecDotTests.TestVecDotQ6K_ValidBlock(qOps: QuantizationOps41153804 { })","Messages":[],"ComputerName":"LAPTOP-MKMTSO1B","Duration":"00:00:00.0016375","StartTime":"2026-07-20T05:24:31.6655498+00:00","EndTime":"2026-07-20T05:24:31.6672668+00:00","Properties":[]},{"TestCase":{"Id":"1da1947e-73c3-9459-4693-b998858a3ce1","FullyQualifiedName":"SharpMind.Tests.Quantization.VecDotTests.TestVecDotQ6K_ValidBlock","DisplayName":"SharpMind.Tests.Quantization.VecDotTests.TestVecDotQ6K_ValidBlock","ExecutorUri":"executor://xunit/VsTestRunner3/netcore/","Source":"C:\\Integral2u\\source\\repos\\SharpMind\\SharpMind.Tests\\bin\\Debug\\net10.0\\SharpMind.Tests.dll","CodeFilePath":null,"LineNumber":0,"Properties":[{"Key":{"Id":"TestCase.ManagedMethod","Label":"ManagedMethod","Category":"","Description":"","Attributes":1,"ValueType":"System.String"},"Value":"TestVecDotQ6K_ValidBlock"},{"Key":{"Id":"XunitTestCaseUniqueID","Label":"xUnit.net Test Case Unique ID","Category":"","Description":"","Attributes":0,"ValueType":"System.String"},"Value":"31786081f9ac485e98bdf49a71fecaf8645bfae4"},{"Key":{"Id":"XunitTestCaseExplicit","Label":"xUnit.net Test Case Explicit Flag","Category":"","Description":"","Attributes":0,"ValueType":"System.Boolean"},"Value":false},{"Key":{"Id":"TestCase.ManagedType","Label":"ManagedType","Category":"","Description":"","Attributes":1,"ValueType":"System.String"},"Value":"SharpMind.Tests.Quantization.VecDotTests"}]},"Attachments":[],"Outcome":1,"ErrorMessage":null,"ErrorStackTrace":null,"DisplayName":"SharpMind.Tests.Quantization.VecDotTests.TestVecDotQ6K_ValidBlock(qOps: QuantizationOps65849037 { })","Messages":[],"ComputerName":"LAPTOP-MKMTSO1B","Duration":"00:00:00.0006914","StartTime":"2026-07-20T05:24:31.6677007+00:00","EndTime":"2026-07-20T05:24:31.6704686+00:00","Properties":[]}],"TestRunStatistics":{"ExecutedTests":47,"Stats":{"Passed":47}},"ActiveTests":[]}}
TpTrace Verbose: 0 : 2820, 13, 2026/07/20, 17:24:31.678, 364605526625, vstest.console.dll, TestRunRequest:SendTestRunStatsChange: Starting.
TpTrace Verbose: 0 : 2820, 13, 2026/07/20, 17:24:31.678, 364605528971, vstest.console.dll, MulticastDelegateUtilities.SafeInvoke: TestRun.RunStatsChanged: Invoking callbacks was skipped because there are no subscribers.
TpTrace Information: 0 : 2820, 13, 2026/07/20, 17:24:31.678, 364605529540, vstest.console.dll, TestRunRequest:SendTestRunStatsChange: Completed.
TpTrace Verbose: 0 : 2820, 13, 2026/07/20, 17:24:31.678, 364605530116, vstest.console.dll, MulticastDelegateUtilities.SafeInvoke: LengthPrefixCommunicationChannel: MessageReceived: Invoking callback 1/1 for Microsoft.VisualStudio.TestPlatform.CommunicationUtilities.TestRequestSender+<>c__DisplayClass34_0., took 4 ms.
TpTrace Verbose: 0 : 2820, 13, 2026/07/20, 17:24:31.678, 364605530631, vstest.console.dll, TcpClientExtensions.MessageLoopAsync: Polling on remoteEndPoint: 127.0.0.1:55546 localEndPoint: 127.0.0.1:55545 after 46 ms
TpTrace Verbose: 0 : 2820, 4, 2026/07/20, 17:24:31.678, 364605531530, vstest.console.dll, MulticastDelegateUtilities.SafeInvoke: InternalTestLoggerEvents.SendTestResult: Invoking callback 1/1 for Microsoft.VisualStudio.TestPlatform.CommandLine.Internal.ConsoleLogger., took 0 ms.
TpTrace Verbose: 0 : 2820, 4, 2026/07/20, 17:24:31.678, 364605532663, vstest.console.dll, MulticastDelegateUtilities.SafeInvoke: InternalTestLoggerEvents.SendTestResult: Invoking callback 1/1 for Microsoft.VisualStudio.TestPlatform.CommandLine.Internal.ConsoleLogger., took 0 ms.
TpTrace Verbose: 0 : 2820, 4, 2026/07/20, 17:24:31.678, 364605533309, vstest.console.dll, MulticastDelegateUtilities.SafeInvoke: InternalTestLoggerEvents.SendTestResult: Invoking callback 1/1 for Microsoft.VisualStudio.TestPlatform.CommandLine.Internal.ConsoleLogger., took 0 ms.
TpTrace Verbose: 0 : 2820, 4, 2026/07/20, 17:24:31.679, 364605534218, vstest.console.dll, MulticastDelegateUtilities.SafeInvoke: InternalTestLoggerEvents.SendTestResult: Invoking callback 1/1 for Microsoft.VisualStudio.TestPlatform.CommandLine.Internal.ConsoleLogger., took 0 ms.
TpTrace Verbose: 0 : 2820, 4, 2026/07/20, 17:24:31.679, 364605535397, vstest.console.dll, MulticastDelegateUtilities.SafeInvoke: InternalTestLoggerEvents.SendTestResult: Invoking callback 1/1 for Microsoft.VisualStudio.TestPlatform.CommandLine.Internal.ConsoleLogger., took 0 ms.
TpTrace Verbose: 0 : 2820, 4, 2026/07/20, 17:24:31.679, 364605536186, vstest.console.dll, MulticastDelegateUtilities.SafeInvoke: InternalTestLoggerEvents.SendTestResult: Invoking callback 1/1 for Microsoft.VisualStudio.TestPlatform.CommandLine.Internal.ConsoleLogger., took 0 ms.
TpTrace Verbose: 0 : 2820, 4, 2026/07/20, 17:24:31.679, 364605536988, vstest.console.dll, MulticastDelegateUtilities.SafeInvoke: InternalTestLoggerEvents.SendTestResult: Invoking callback 1/1 for Microsoft.VisualStudio.TestPlatform.CommandLine.Internal.ConsoleLogger., took 0 ms.
TpTrace Verbose: 0 : 2820, 4, 2026/07/20, 17:24:31.679, 364605538270, vstest.console.dll, MulticastDelegateUtilities.SafeInvoke: InternalTestLoggerEvents.SendTestResult: Invoking callback 1/1 for Microsoft.VisualStudio.TestPlatform.CommandLine.Internal.ConsoleLogger., took 0 ms.
TpTrace Verbose: 0 : 2820, 4, 2026/07/20, 17:24:31.679, 364605539239, vstest.console.dll, MulticastDelegateUtilities.SafeInvoke: InternalTestLoggerEvents.SendTestResult: Invoking callback 1/1 for Microsoft.VisualStudio.TestPlatform.CommandLine.Internal.ConsoleLogger., took 0 ms.
TpTrace Verbose: 0 : 2820, 4, 2026/07/20, 17:24:31.679, 364605539993, vstest.console.dll, MulticastDelegateUtilities.SafeInvoke: InternalTestLoggerEvents.SendTestResult: Invoking callback 1/1 for Microsoft.VisualStudio.TestPlatform.CommandLine.Internal.ConsoleLogger., took 0 ms.
TpTrace Verbose: 0 : 2820, 13, 2026/07/20, 17:24:31.688, 364605628089, vstest.console.dll, TcpClientExtensions.MessageLoopAsync: NotifyDataAvailable remoteEndPoint: 127.0.0.1:55546 localEndPoint: 127.0.0.1:55545
TpTrace Verbose: 0 : 2820, 13, 2026/07/20, 17:24:31.689, 364605635293, vstest.console.dll, TestRequestSender.OnExecutionMessageReceived: Received message: {"Version":7,"MessageType":"TestExecution.StatsChange","Payload":{"NewTestResults":[{"TestCase":{"Id":"1da1947e-73c3-9459-4693-b998858a3ce1","FullyQualifiedName":"SharpMind.Tests.Quantization.VecDotTests.TestVecDotQ6K_ValidBlock","DisplayName":"SharpMind.Tests.Quantization.VecDotTests.TestVecDotQ6K_ValidBlock","ExecutorUri":"executor://xunit/VsTestRunner3/netcore/","Source":"C:\\Integral2u\\source\\repos\\SharpMind\\SharpMind.Tests\\bin\\Debug\\net10.0\\SharpMind.Tests.dll","CodeFilePath":null,"LineNumber":0,"Properties":[{"Key":{"Id":"TestCase.ManagedMethod","Label":"ManagedMethod","Category":"","Description":"","Attributes":1,"ValueType":"System.String"},"Value":"TestVecDotQ6K_ValidBlock"},{"Key":{"Id":"XunitTestCaseUniqueID","Label":"xUnit.net Test Case Unique ID","Category":"","Description":"","Attributes":0,"ValueType":"System.String"},"Value":"31786081f9ac485e98bdf49a71fecaf8645bfae4"},{"Key":{"Id":"XunitTestCaseExplicit","Label":"xUnit.net Test Case Explicit Flag","Category":"","Description":"","Attributes":0,"ValueType":"System.Boolean"},"Value":false},{"Key":{"Id":"TestCase.ManagedType","Label":"ManagedType","Category":"","Description":"","Attributes":1,"ValueType":"System.String"},"Value":"SharpMind.Tests.Quantization.VecDotTests"}]},"Attachments":[],"Outcome":1,"ErrorMessage":null,"ErrorStackTrace":null,"DisplayName":"SharpMind.Tests.Quantization.VecDotTests.TestVecDotQ6K_ValidBlock(qOps: QuantizationOps463695 { })","Messages":[],"ComputerName":"LAPTOP-MKMTSO1B","Duration":"00:00:00.0031195","StartTime":"2026-07-20T05:24:31.6739643+00:00","EndTime":"2026-07-20T05:24:31.6741558+00:00","Properties":[]},{"TestCase":{"Id":"1da1947e-73c3-9459-4693-b998858a3ce1","FullyQualifiedName":"SharpMind.Tests.Quantization.VecDotTests.TestVecDotQ6K_ValidBlock","DisplayName":"SharpMind.Tests.Quantization.VecDotTests.TestVecDotQ6K_ValidBlock","ExecutorUri":"executor://xunit/VsTestRunner3/netcore/","Source":"C:\\Integral2u\\source\\repos\\SharpMind\\SharpMind.Tests\\bin\\Debug\\net10.0\\SharpMind.Tests.dll","CodeFilePath":null,"LineNumber":0,"Properties":[{"Key":{"Id":"TestCase.ManagedMethod","Label":"ManagedMethod","Category":"","Description":"","Attributes":1,"ValueType":"System.String"},"Value":"TestVecDotQ6K_ValidBlock"},{"Key":{"Id":"XunitTestCaseUniqueID","Label":"xUnit.net Test Case Unique ID","Category":"","Description":"","Attributes":0,"ValueType":"System.String"},"Value":"31786081f9ac485e98bdf49a71fecaf8645bfae4"},{"Key":{"Id":"XunitTestCaseExplicit","Label":"xUnit.net Test Case Explicit Flag","Category":"","Description":"","Attributes":0,"ValueType":"System.Boolean"},"Value":false},{"Key":{"Id":"TestCase.ManagedType","Label":"ManagedType","Category":"","Description":"","Attributes":1,"ValueType":"System.String"},"Value":"SharpMind.Tests.Quantization.VecDotTests"}]},"Attachments":[],"Outcome":1,"ErrorMessage":null,"ErrorStackTrace":null,"DisplayName":"SharpMind.Tests.Quantization.VecDotTests.TestVecDotQ6K_ValidBlock(qOps: QuantizationOps26430654 { })","Messages":[],"ComputerName":"LAPTOP-MKMTSO1B","Duration":"00:00:00.0013017","StartTime":"2026-07-20T05:24:31.6745902+00:00","EndTime":"2026-07-20T05:24:31.6747541+00:00","Properties":[]},{"TestCase":{"Id":"ece575c4-cc00-a31d-f3e1-30069d350e99","FullyQualifiedName":"SharpMind.Tests.Quantization.VecDotTests.TestVecDotQ4_0_MultiBlock64_Elements","DisplayName":"SharpMind.Tests.Quantization.VecDotTests.TestVecDotQ4_0_MultiBlock64_Elements","ExecutorUri":"executor://xunit/VsTestRunner3/netcore/","Source":"C:\\Integral2u\\source\\repos\\SharpMind\\SharpMind.Tests\\bin\\Debug\\net10.0\\SharpMind.Tests.dll","CodeFilePath":null,"LineNumber":0,"Properties":[{"Key":{"Id":"TestCase.ManagedMethod","Label":"ManagedMethod","Category":"","Description":"","Attributes":1,"ValueType":"System.String"},"Value":"TestVecDotQ4_0_MultiBlock64_Elements"},{"Key":{"Id":"XunitTestCaseUniqueID","Label":"xUnit.net Test Case Unique ID","Category":"","Description":"","Attributes":0,"ValueType":"System.String"},"Value":"55da6061f8686d8d7de3b11df4de2e03b52863d9"},{"Key":{"Id":"XunitTestCaseExplicit","Label":"xUnit.net Test Case Explicit Flag","Category":"","Description":"","Attributes":0,"ValueType":"System.Boolean"},"Value":false},{"Key":{"Id":"TestCase.ManagedType","Label":"ManagedType","Category":"","Description":"","Attributes":1,"ValueType":"System.String"},"Value":"SharpMind.Tests.Quantization.VecDotTests"}]},"Attachments":[],"Outcome":1,"ErrorMessage":null,"ErrorStackTrace":null,"DisplayName":"SharpMind.Tests.Quantization.VecDotTests.TestVecDotQ4_0_MultiBlock64_Elements(qOps: QuantizationOps41153804 { })","Messages":[],"ComputerName":"LAPTOP-MKMTSO1B","Duration":"00:00:00.0016475","StartTime":"2026-07-20T05:24:31.675673+00:00","EndTime":"2026-07-20T05:24:31.6758262+00:00","Properties":[]},{"TestCase":{"Id":"ece575c4-cc00-a31d-f3e1-30069d350e99","FullyQualifiedName":"SharpMind.Tests.Quantization.VecDotTests.TestVecDotQ4_0_MultiBlock64_Elements","DisplayName":"SharpMind.Tests.Quantization.VecDotTests.TestVecDotQ4_0_MultiBlock64_Elements","ExecutorUri":"executor://xunit/VsTestRunner3/netcore/","Source":"C:\\Integral2u\\source\\repos\\SharpMind\\SharpMind.Tests\\bin\\Debug\\net10.0\\SharpMind.Tests.dll","CodeFilePath":null,"LineNumber":0,"Properties":[{"Key":{"Id":"TestCase.ManagedMethod","Label":"ManagedMethod","Category":"","Description":"","Attributes":1,"ValueType":"System.String"},"Value":"TestVecDotQ4_0_MultiBlock64_Elements"},{"Key":{"Id":"XunitTestCaseUniqueID","Label":"xUnit.net Test Case Unique ID","Category":"","Description":"","Attributes":0,"ValueType":"System.String"},"Value":"55da6061f8686d8d7de3b11df4de2e03b52863d9"},{"Key":{"Id":"XunitTestCaseExplicit","Label":"xUnit.net Test Case Explicit Flag","Category":"","Description":"","Attributes":0,"ValueType":"System.Boolean"},"Value":false},{"Key":{"Id":"TestCase.ManagedType","Label":"ManagedType","Category":"","Description":"","Attributes":1,"ValueType":"System.String"},"Value":"SharpMind.Tests.Quantization.VecDotTests"}]},"Attachments":[],"Outcome":1,"ErrorMessage":null,"ErrorStackTrace":null,"DisplayName":"SharpMind.Tests.Quantization.VecDotTests.TestVecDotQ4_0_MultiBlock64_Elements(qOps: QuantizationOps65849037 { })","Messages":[],"ComputerName":"LAPTOP-MKMTSO1B","Duration":"00:00:00.0004146","StartTime":"2026-07-20T05:24:31.6761311+00:00","EndTime":"2026-07-20T05:24:31.6762697+00:00","Properties":[]},{"TestCase":{"Id":"ece575c4-cc00-a31d-f3e1-30069d350e99","FullyQualifiedName":"SharpMind.Tests.Quantization.VecDotTests.TestVecDotQ4_0_MultiBlock64_Elements","DisplayName":"SharpMind.Tests.Quantization.VecDotTests.TestVecDotQ4_0_MultiBlock64_Elements","ExecutorUri":"executor://xunit/VsTestRunner3/netcore/","Source":"C:\\Integral2u\\source\\repos\\SharpMind\\SharpMind.Tests\\bin\\Debug\\net10.0\\SharpMind.Tests.dll","CodeFilePath":null,"LineNumber":0,"Properties":[{"Key":{"Id":"TestCase.ManagedMethod","Label":"ManagedMethod","Category":"","Description":"","Attributes":1,"ValueType":"System.String"},"Value":"TestVecDotQ4_0_MultiBlock64_Elements"},{"Key":{"Id":"XunitTestCaseUniqueID","Label":"xUnit.net Test Case Unique ID","Category":"","Description":"","Attributes":0,"ValueType":"System.String"},"Value":"55da6061f8686d8d7de3b11df4de2e03b52863d9"},{"Key":{"Id":"XunitTestCaseExplicit","Label":"xUnit.net Test Case Explicit Flag","Category":"","Description":"","Attributes":0,"ValueType":"System.Boolean"},"Value":false},{"Key":{"Id":"TestCase.ManagedType","Label":"ManagedType","Category":"","Description":"","Attributes":1,"ValueType":"System.String"},"Value":"SharpMind.Tests.Quantization.VecDotTests"}]},"Attachments":[],"Outcome":1,"ErrorMessage":null,"ErrorStackTrace":null,"DisplayName":"SharpMind.Tests.Quantization.VecDotTests.TestVecDotQ4_0_MultiBlock64_Elements(qOps: QuantizationOps463695 { })","Messages":[],"ComputerName":"LAPTOP-MKMTSO1B","Duration":"00:00:00.0000231","StartTime":"2026-07-20T05:24:31.6767086+00:00","EndTime":"2026-07-20T05:24:31.6768555+00:00","Properties":[]},{"TestCase":{"Id":"ece575c4-cc00-a31d-f3e1-30069d350e99","FullyQualifiedName":"SharpMind.Tests.Quantization.VecDotTests.TestVecDotQ4_0_MultiBlock64_Elements","DisplayName":"SharpMind.Tests.Quantization.VecDotTests.TestVecDotQ4_0_MultiBlock64_Elements","ExecutorUri":"executor://xunit/VsTestRunner3/netcore/","Source":"C:\\Integral2u\\source\\repos\\SharpMind\\SharpMind.Tests\\bin\\Debug\\net10.0\\SharpMind.Tests.dll","CodeFilePath":null,"LineNumber":0,"Properties":[{"Key":{"Id":"TestCase.ManagedMethod","Label":"ManagedMethod","Category":"","Description":"","Attributes":1,"ValueType":"System.String"},"Value":"TestVecDotQ4_0_MultiBlock64_Elements"},{"Key":{"Id":"XunitTestCaseUniqueID","Label":"xUnit.net Test Case Unique ID","Category":"","Description":"","Attributes":0,"ValueType":"System.String"},"Value":"55da6061f8686d8d7de3b11df4de2e03b52863d9"},{"Key":{"Id":"XunitTestCaseExplicit","Label":"xUnit.net Test Case Explicit Flag","Category":"","Description":"","Attributes":0,"ValueType":"System.Boolean"},"Value":false},{"Key":{"Id":"TestCase.ManagedType","Label":"ManagedType","Category":"","Description":"","Attributes":1,"ValueType":"System.String"},"Value":"SharpMind.Tests.Quantization.VecDotTests"}]},"Attachments":[],"Outcome":1,"ErrorMessage":null,"ErrorStackTrace":null,"DisplayName":"SharpMind.Tests.Quantization.VecDotTests.TestVecDotQ4_0_MultiBlock64_Elements(qOps: QuantizationOps26430654 { })","Messages":[],"ComputerName":"LAPTOP-MKMTSO1B","Duration":"00:00:00.0000147","StartTime":"2026-07-20T05:24:31.6773276+00:00","EndTime":"2026-07-20T05:24:31.677479+00:00","Properties":[]},{"TestCase":{"Id":"f6d1b21a-6779-fd7f-9cd5-3d7a35a4ab09","FullyQualifiedName":"SharpMind.Tests.Quantization.VecDotTests.TestVecDotQ4_0_ValidBlock","DisplayName":"SharpMind.Tests.Quantization.VecDotTests.TestVecDotQ4_0_ValidBlock","ExecutorUri":"executor://xunit/VsTestRunner3/netcore/","Source":"C:\\Integral2u\\source\\repos\\SharpMind\\SharpMind.Tests\\bin\\Debug\\net10.0\\SharpMind.Tests.dll","CodeFilePath":null,"LineNumber":0,"Properties":[{"Key":{"Id":"TestCase.ManagedMethod","Label":"ManagedMethod","Category":"","Description":"","Attributes":1,"ValueType":"System.String"},"Value":"TestVecDotQ4_0_ValidBlock"},{"Key":{"Id":"XunitTestCaseUniqueID","Label":"xUnit.net Test Case Unique ID","Category":"","Description":"","Attributes":0,"ValueType":"System.String"},"Value":"5f6b58d168507f9f9b10153e8caf274c6399ad29"},{"Key":{"Id":"XunitTestCaseExplicit","Label":"xUnit.net Test Case Explicit Flag","Category":"","Description":"","Attributes":0,"ValueType":"System.Boolean"},"Value":false},{"Key":{"Id":"TestCase.ManagedType","Label":"ManagedType","Category":"","Description":"","Attributes":1,"ValueType":"System.String"},"Value":"SharpMind.Tests.Quantization.VecDotTests"}]},"Attachments":[],"Outcome":1,"ErrorMessage":null,"ErrorStackTrace":null,"DisplayName":"SharpMind.Tests.Quantization.VecDotTests.TestVecDotQ4_0_ValidBlock(qOps: QuantizationOps41153804 { })","Messages":[],"ComputerName":"LAPTOP-MKMTSO1B","Duration":"00:00:00.0004768","StartTime":"2026-07-20T05:24:31.6784618+00:00","EndTime":"2026-07-20T05:24:31.6786437+00:00","Properties":[]},{"TestCase":{"Id":"f6d1b21a-6779-fd7f-9cd5-3d7a35a4ab09","FullyQualifiedName":"SharpMind.Tests.Quantization.VecDotTests.TestVecDotQ4_0_ValidBlock","DisplayName":"SharpMind.Tests.Quantization.VecDotTests.TestVecDotQ4_0_ValidBlock","ExecutorUri":"executor://xunit/VsTestRunner3/netcore/","Source":"C:\\Integral2u\\source\\repos\\SharpMind\\SharpMind.Tests\\bin\\Debug\\net10.0\\SharpMind.Tests.dll","CodeFilePath":null,"LineNumber":0,"Properties":[{"Key":{"Id":"TestCase.ManagedMethod","Label":"ManagedMethod","Category":"","Description":"","Attributes":1,"ValueType":"System.String"},"Value":"TestVecDotQ4_0_ValidBlock"},{"Key":{"Id":"XunitTestCaseUniqueID","Label":"xUnit.net Test Case Unique ID","Category":"","Description":"","Attributes":0,"ValueType":"System.String"},"Value":"5f6b58d168507f9f9b10153e8caf274c6399ad29"},{"Key":{"Id":"XunitTestCaseExplicit","Label":"xUnit.net Test Case Explicit Flag","Category":"","Description":"","Attributes":0,"ValueType":"System.Boolean"},"Value":false},{"Key":{"Id":"TestCase.ManagedType","Label":"ManagedType","Category":"","Description":"","Attributes":1,"ValueType":"System.String"},"Value":"SharpMind.Tests.Quantization.VecDotTests"}]},"Attachments":[],"Outcome":1,"ErrorMessage":null,"ErrorStackTrace":null,"DisplayName":"SharpMind.Tests.Quantization.VecDotTests.TestVecDotQ4_0_ValidBlock(qOps: QuantizationOps65849037 { })","Messages":[],"ComputerName":"LAPTOP-MKMTSO1B","Duration":"00:00:00.0004181","StartTime":"2026-07-20T05:24:31.6789656+00:00","EndTime":"2026-07-20T05:24:31.6791451+00:00","Properties":[]},{"TestCase":{"Id":"f6d1b21a-6779-fd7f-9cd5-3d7a35a4ab09","FullyQualifiedName":"SharpMind.Tests.Quantization.VecDotTests.TestVecDotQ4_0_ValidBlock","DisplayName":"SharpMind.Tests.Quantization.VecDotTests.TestVecDotQ4_0_ValidBlock","ExecutorUri":"executor://xunit/VsTestRunner3/netcore/","Source":"C:\\Integral2u\\source\\repos\\SharpMind\\SharpMind.Tests\\bin\\Debug\\net10.0\\SharpMind.Tests.dll","CodeFilePath":null,"LineNumber":0,"Properties":[{"Key":{"Id":"TestCase.ManagedMethod","Label":"ManagedMethod","Category":"","Description":"","Attributes":1,"ValueType":"System.String"},"Value":"TestVecDotQ4_0_ValidBlock"},{"Key":{"Id":"XunitTestCaseUniqueID","Label":"xUnit.net Test Case Unique ID","Category":"","Description":"","Attributes":0,"ValueType":"System.String"},"Value":"5f6b58d168507f9f9b10153e8caf274c6399ad29"},{"Key":{"Id":"XunitTestCaseExplicit","Label":"xUnit.net Test Case Explicit Flag","Category":"","Description":"","Attributes":0,"ValueType":"System.Boolean"},"Value":false},{"Key":{"Id":"TestCase.ManagedType","Label":"ManagedType","Category":"","Description":"","Attributes":1,"ValueType":"System.String"},"Value":"SharpMind.Tests.Quantization.VecDotTests"}]},"Attachments":[],"Outcome":1,"ErrorMessage":null,"ErrorStackTrace":null,"DisplayName":"SharpMind.Tests.Quantization.VecDotTests.TestVecDotQ4_0_ValidBlock(qOps: QuantizationOps463695 { })","Messages":[],"ComputerName":"LAPTOP-MKMTSO1B","Duration":"00:00:00.0000145","StartTime":"2026-07-20T05:24:31.6796527+00:00","EndTime":"2026-07-20T05:24:31.6798317+00:00","Properties":[]},{"TestCase":{"Id":"f6d1b21a-6779-fd7f-9cd5-3d7a35a4ab09","FullyQualifiedName":"SharpMind.Tests.Quantization.VecDotTests.TestVecDotQ4_0_ValidBlock","DisplayName":"SharpMind.Tests.Quantization.VecDotTests.TestVecDotQ4_0_ValidBlock","ExecutorUri":"executor://xunit/VsTestRunner3/netcore/","Source":"C:\\Integral2u\\source\\repos\\SharpMind\\SharpMind.Tests\\bin\\Debug\\net10.0\\SharpMind.Tests.dll","CodeFilePath":null,"LineNumber":0,"Properties":[{"Key":{"Id":"TestCase.ManagedMethod","Label":"ManagedMethod","Category":"","Description":"","Attributes":1,"ValueType":"System.String"},"Value":"TestVecDotQ4_0_ValidBlock"},{"Key":{"Id":"XunitTestCaseUniqueID","Label":"xUnit.net Test Case Unique ID","Category":"","Description":"","Attributes":0,"ValueType":"System.String"},"Value":"5f6b58d168507f9f9b10153e8caf274c6399ad29"},{"Key":{"Id":"XunitTestCaseExplicit","Label":"xUnit.net Test Case Explicit Flag","Category":"","Description":"","Attributes":0,"ValueType":"System.Boolean"},"Value":false},{"Key":{"Id":"TestCase.ManagedType","Label":"ManagedType","Category":"","Description":"","Attributes":1,"ValueType":"System.String"},"Value":"SharpMind.Tests.Quantization.VecDotTests"}]},"Attachments":[],"Outcome":1,"ErrorMessage":null,"ErrorStackTrace":null,"DisplayName":"SharpMind.Tests.Quantization.VecDotTests.TestVecDotQ4_0_ValidBlock(qOps: QuantizationOps26430654 { })","Messages":[],"ComputerName":"LAPTOP-MKMTSO1B","Duration":"00:00:00.0000059","StartTime":"2026-07-20T05:24:31.682657+00:00","EndTime":"2026-07-20T05:24:31.6829309+00:00","Properties":[]}],"TestRunStatistics":{"ExecutedTests":57,"Stats":{"Passed":57}},"ActiveTests":[]}}
TpTrace Verbose: 0 : 2820, 13, 2026/07/20, 17:24:31.693, 364605676717, vstest.console.dll, TestRunRequest:SendTestRunStatsChange: Starting.
TpTrace Verbose: 0 : 2820, 13, 2026/07/20, 17:24:31.693, 364605678512, vstest.console.dll, MulticastDelegateUtilities.SafeInvoke: TestRun.RunStatsChanged: Invoking callbacks was skipped because there are no subscribers.
TpTrace Information: 0 : 2820, 13, 2026/07/20, 17:24:31.693, 364605679013, vstest.console.dll, TestRunRequest:SendTestRunStatsChange: Completed.
TpTrace Verbose: 0 : 2820, 13, 2026/07/20, 17:24:31.693, 364605679485, vstest.console.dll, MulticastDelegateUtilities.SafeInvoke: LengthPrefixCommunicationChannel: MessageReceived: Invoking callback 1/1 for Microsoft.VisualStudio.TestPlatform.CommunicationUtilities.TestRequestSender+<>c__DisplayClass34_0., took 4 ms.
TpTrace Verbose: 0 : 2820, 13, 2026/07/20, 17:24:31.693, 364605680079, vstest.console.dll, TcpClientExtensions.MessageLoopAsync: Polling on remoteEndPoint: 127.0.0.1:55546 localEndPoint: 127.0.0.1:55545 after 14 ms
TpTrace Verbose: 0 : 2820, 4, 2026/07/20, 17:24:31.693, 364605681453, vstest.console.dll, MulticastDelegateUtilities.SafeInvoke: InternalTestLoggerEvents.SendTestResult: Invoking callback 1/1 for Microsoft.VisualStudio.TestPlatform.CommandLine.Internal.ConsoleLogger., took 0 ms.
TpTrace Verbose: 0 : 2820, 4, 2026/07/20, 17:24:31.693, 364605682400, vstest.console.dll, MulticastDelegateUtilities.SafeInvoke: InternalTestLoggerEvents.SendTestResult: Invoking callback 1/1 for Microsoft.VisualStudio.TestPlatform.CommandLine.Internal.ConsoleLogger., took 0 ms.
TpTrace Verbose: 0 : 2820, 4, 2026/07/20, 17:24:31.693, 364605683144, vstest.console.dll, MulticastDelegateUtilities.SafeInvoke: InternalTestLoggerEvents.SendTestResult: Invoking callback 1/1 for Microsoft.VisualStudio.TestPlatform.CommandLine.Internal.ConsoleLogger., took 0 ms.
TpTrace Verbose: 0 : 2820, 4, 2026/07/20, 17:24:31.694, 364605684288, vstest.console.dll, MulticastDelegateUtilities.SafeInvoke: InternalTestLoggerEvents.SendTestResult: Invoking callback 1/1 for Microsoft.VisualStudio.TestPlatform.CommandLine.Internal.ConsoleLogger., took 0 ms.
TpTrace Verbose: 0 : 2820, 4, 2026/07/20, 17:24:31.694, 364605685469, vstest.console.dll, MulticastDelegateUtilities.SafeInvoke: InternalTestLoggerEvents.SendTestResult: Invoking callback 1/1 for Microsoft.VisualStudio.TestPlatform.CommandLine.Internal.ConsoleLogger., took 0 ms.
TpTrace Verbose: 0 : 2820, 4, 2026/07/20, 17:24:31.694, 364605686397, vstest.console.dll, MulticastDelegateUtilities.SafeInvoke: InternalTestLoggerEvents.SendTestResult: Invoking callback 1/1 for Microsoft.VisualStudio.TestPlatform.CommandLine.Internal.ConsoleLogger., took 0 ms.
TpTrace Verbose: 0 : 2820, 4, 2026/07/20, 17:24:31.694, 364605687159, vstest.console.dll, MulticastDelegateUtilities.SafeInvoke: InternalTestLoggerEvents.SendTestResult: Invoking callback 1/1 for Microsoft.VisualStudio.TestPlatform.CommandLine.Internal.ConsoleLogger., took 0 ms.
TpTrace Verbose: 0 : 2820, 4, 2026/07/20, 17:24:31.694, 364605688054, vstest.console.dll, MulticastDelegateUtilities.SafeInvoke: InternalTestLoggerEvents.SendTestResult: Invoking callback 1/1 for Microsoft.VisualStudio.TestPlatform.CommandLine.Internal.ConsoleLogger., took 0 ms.
TpTrace Verbose: 0 : 2820, 4, 2026/07/20, 17:24:31.694, 364605688775, vstest.console.dll, MulticastDelegateUtilities.SafeInvoke: InternalTestLoggerEvents.SendTestResult: Invoking callback 1/1 for Microsoft.VisualStudio.TestPlatform.CommandLine.Internal.ConsoleLogger., took 0 ms.
TpTrace Verbose: 0 : 2820, 4, 2026/07/20, 17:24:31.694, 364605689638, vstest.console.dll, MulticastDelegateUtilities.SafeInvoke: InternalTestLoggerEvents.SendTestResult: Invoking callback 1/1 for Microsoft.VisualStudio.TestPlatform.CommandLine.Internal.ConsoleLogger., took 0 ms.
TpTrace Verbose: 0 : 2820, 13, 2026/07/20, 17:24:31.714, 364605893460, vstest.console.dll, TcpClientExtensions.MessageLoopAsync: NotifyDataAvailable remoteEndPoint: 127.0.0.1:55546 localEndPoint: 127.0.0.1:55545
TpTrace Verbose: 0 : 2820, 13, 2026/07/20, 17:24:31.715, 364605898307, vstest.console.dll, TestRequestSender.OnExecutionMessageReceived: Received message: {"Version":7,"MessageType":"TestExecution.StatsChange","Payload":{"NewTestResults":[{"TestCase":{"Id":"08c11999-3937-5f34-db60-f4dbec29cee9","FullyQualifiedName":"SharpMind.Tests.Quantization.VecDotTests.TestVecDotQ5_0_ValidBlock","DisplayName":"SharpMind.Tests.Quantization.VecDotTests.TestVecDotQ5_0_ValidBlock","ExecutorUri":"executor://xunit/VsTestRunner3/netcore/","Source":"C:\\Integral2u\\source\\repos\\SharpMind\\SharpMind.Tests\\bin\\Debug\\net10.0\\SharpMind.Tests.dll","CodeFilePath":null,"LineNumber":0,"Properties":[{"Key":{"Id":"TestCase.ManagedMethod","Label":"ManagedMethod","Category":"","Description":"","Attributes":1,"ValueType":"System.String"},"Value":"TestVecDotQ5_0_ValidBlock"},{"Key":{"Id":"XunitTestCaseUniqueID","Label":"xUnit.net Test Case Unique ID","Category":"","Description":"","Attributes":0,"ValueType":"System.String"},"Value":"620e4b0150d12643d4760b65e0f6f556f4cb7ef1"},{"Key":{"Id":"XunitTestCaseExplicit","Label":"xUnit.net Test Case Explicit Flag","Category":"","Description":"","Attributes":0,"ValueType":"System.Boolean"},"Value":false},{"Key":{"Id":"TestCase.ManagedType","Label":"ManagedType","Category":"","Description":"","Attributes":1,"ValueType":"System.String"},"Value":"SharpMind.Tests.Quantization.VecDotTests"}]},"Attachments":[],"Outcome":1,"ErrorMessage":null,"ErrorStackTrace":null,"DisplayName":"SharpMind.Tests.Quantization.VecDotTests.TestVecDotQ5_0_ValidBlock(qOps: QuantizationOps41153804 { })","Messages":[],"ComputerName":"LAPTOP-MKMTSO1B","Duration":"00:00:00.0010348","StartTime":"2026-07-20T05:24:31.6900258+00:00","EndTime":"2026-07-20T05:24:31.6902006+00:00","Properties":[]},{"TestCase":{"Id":"08c11999-3937-5f34-db60-f4dbec29cee9","FullyQualifiedName":"SharpMind.Tests.Quantization.VecDotTests.TestVecDotQ5_0_ValidBlock","DisplayName":"SharpMind.Tests.Quantization.VecDotTests.TestVecDotQ5_0_ValidBlock","ExecutorUri":"executor://xunit/VsTestRunner3/netcore/","Source":"C:\\Integral2u\\source\\repos\\SharpMind\\SharpMind.Tests\\bin\\Debug\\net10.0\\SharpMind.Tests.dll","CodeFilePath":null,"LineNumber":0,"Properties":[{"Key":{"Id":"TestCase.ManagedMethod","Label":"ManagedMethod","Category":"","Description":"","Attributes":1,"ValueType":"System.String"},"Value":"TestVecDotQ5_0_ValidBlock"},{"Key":{"Id":"XunitTestCaseUniqueID","Label":"xUnit.net Test Case Unique ID","Category":"","Description":"","Attributes":0,"ValueType":"System.String"},"Value":"620e4b0150d12643d4760b65e0f6f556f4cb7ef1"},{"Key":{"Id":"XunitTestCaseExplicit","Label":"xUnit.net Test Case Explicit Flag","Category":"","Description":"","Attributes":0,"ValueType":"System.Boolean"},"Value":false},{"Key":{"Id":"TestCase.ManagedType","Label":"ManagedType","Category":"","Description":"","Attributes":1,"ValueType":"System.String"},"Value":"SharpMind.Tests.Quantization.VecDotTests"}]},"Attachments":[],"Outcome":1,"ErrorMessage":null,"ErrorStackTrace":null,"DisplayName":"SharpMind.Tests.Quantization.VecDotTests.TestVecDotQ5_0_ValidBlock(qOps: QuantizationOps65849037 { })","Messages":[],"ComputerName":"LAPTOP-MKMTSO1B","Duration":"00:00:00.0006793","StartTime":"2026-07-20T05:24:31.6905151+00:00","EndTime":"2026-07-20T05:24:31.6906535+00:00","Properties":[]},{"TestCase":{"Id":"08c11999-3937-5f34-db60-f4dbec29cee9","FullyQualifiedName":"SharpMind.Tests.Quantization.VecDotTests.TestVecDotQ5_0_ValidBlock","DisplayName":"SharpMind.Tests.Quantization.VecDotTests.TestVecDotQ5_0_ValidBlock","ExecutorUri":"executor://xunit/VsTestRunner3/netcore/","Source":"C:\\Integral2u\\source\\repos\\SharpMind\\SharpMind.Tests\\bin\\Debug\\net10.0\\SharpMind.Tests.dll","CodeFilePath":null,"LineNumber":0,"Properties":[{"Key":{"Id":"TestCase.ManagedMethod","Label":"ManagedMethod","Category":"","Description":"","Attributes":1,"ValueType":"System.String"},"Value":"TestVecDotQ5_0_ValidBlock"},{"Key":{"Id":"XunitTestCaseUniqueID","Label":"xUnit.net Test Case Unique ID","Category":"","Description":"","Attributes":0,"ValueType":"System.String"},"Value":"620e4b0150d12643d4760b65e0f6f556f4cb7ef1"},{"Key":{"Id":"XunitTestCaseExplicit","Label":"xUnit.net Test Case Explicit Flag","Category":"","Description":"","Attributes":0,"ValueType":"System.Boolean"},"Value":false},{"Key":{"Id":"TestCase.ManagedType","Label":"ManagedType","Category":"","Description":"","Attributes":1,"ValueType":"System.String"},"Value":"SharpMind.Tests.Quantization.VecDotTests"}]},"Attachments":[],"Outcome":1,"ErrorMessage":null,"ErrorStackTrace":null,"DisplayName":"SharpMind.Tests.Quantization.VecDotTests.TestVecDotQ5_0_ValidBlock(qOps: QuantizationOps463695 { })","Messages":[],"ComputerName":"LAPTOP-MKMTSO1B","Duration":"00:00:00.0113947","StartTime":"2026-07-20T05:24:31.6911004+00:00","EndTime":"2026-07-20T05:24:31.6912564+00:00","Properties":[]},{"TestCase":{"Id":"08c11999-3937-5f34-db60-f4dbec29cee9","FullyQualifiedName":"SharpMind.Tests.Quantization.VecDotTests.TestVecDotQ5_0_ValidBlock","DisplayName":"SharpMind.Tests.Quantization.VecDotTests.TestVecDotQ5_0_ValidBlock","ExecutorUri":"executor://xunit/VsTestRunner3/netcore/","Source":"C:\\Integral2u\\source\\repos\\SharpMind\\SharpMind.Tests\\bin\\Debug\\net10.0\\SharpMind.Tests.dll","CodeFilePath":null,"LineNumber":0,"Properties":[{"Key":{"Id":"TestCase.ManagedMethod","Label":"ManagedMethod","Category":"","Description":"","Attributes":1,"ValueType":"System.String"},"Value":"TestVecDotQ5_0_ValidBlock"},{"Key":{"Id":"XunitTestCaseUniqueID","Label":"xUnit.net Test Case Unique ID","Category":"","Description":"","Attributes":0,"ValueType":"System.String"},"Value":"620e4b0150d12643d4760b65e0f6f556f4cb7ef1"},{"Key":{"Id":"XunitTestCaseExplicit","Label":"xUnit.net Test Case Explicit Flag","Category":"","Description":"","Attributes":0,"ValueType":"System.Boolean"},"Value":false},{"Key":{"Id":"TestCase.ManagedType","Label":"ManagedType","Category":"","Description":"","Attributes":1,"ValueType":"System.String"},"Value":"SharpMind.Tests.Quantization.VecDotTests"}]},"Attachments":[],"Outcome":1,"ErrorMessage":null,"ErrorStackTrace":null,"DisplayName":"SharpMind.Tests.Quantization.VecDotTests.TestVecDotQ5_0_ValidBlock(qOps: QuantizationOps26430654 { })","Messages":[],"ComputerName":"LAPTOP-MKMTSO1B","Duration":"00:00:00.0029863","StartTime":"2026-07-20T05:24:31.6916909+00:00","EndTime":"2026-07-20T05:24:31.6942301+00:00","Properties":[]},{"TestCase":{"Id":"7ffb84c6-da41-fccb-f77b-87880f806c1c","FullyQualifiedName":"SharpMind.Tests.Quantization.VecDotTests.TestVecDotQ8_1_ValidBlock","DisplayName":"SharpMind.Tests.Quantization.VecDotTests.TestVecDotQ8_1_ValidBlock","ExecutorUri":"executor://xunit/VsTestRunner3/netcore/","Source":"C:\\Integral2u\\source\\repos\\SharpMind\\SharpMind.Tests\\bin\\Debug\\net10.0\\SharpMind.Tests.dll","CodeFilePath":null,"LineNumber":0,"Properties":[{"Key":{"Id":"TestCase.ManagedMethod","Label":"ManagedMethod","Category":"","Description":"","Attributes":1,"ValueType":"System.String"},"Value":"TestVecDotQ8_1_ValidBlock"},{"Key":{"Id":"XunitTestCaseUniqueID","Label":"xUnit.net Test Case Unique ID","Category":"","Description":"","Attributes":0,"ValueType":"System.String"},"Value":"7071477a717f760c3683edfa410dca270db8c640"},{"Key":{"Id":"XunitTestCaseExplicit","Label":"xUnit.net Test Case Explicit Flag","Category":"","Description":"","Attributes":0,"ValueType":"System.Boolean"},"Value":false},{"Key":{"Id":"TestCase.ManagedType","Label":"ManagedType","Category":"","Description":"","Attributes":1,"ValueType":"System.String"},"Value":"SharpMind.Tests.Quantization.VecDotTests"}]},"Attachments":[],"Outcome":1,"ErrorMessage":null,"ErrorStackTrace":null,"DisplayName":"SharpMind.Tests.Quantization.VecDotTests.TestVecDotQ8_1_ValidBlock(qOps: QuantizationOps41153804 { })","Messages":[],"ComputerName":"LAPTOP-MKMTSO1B","Duration":"00:00:00.0019112","StartTime":"2026-07-20T05:24:31.6952524+00:00","EndTime":"2026-07-20T05:24:31.6972525+00:00","Properties":[]},{"TestCase":{"Id":"7ffb84c6-da41-fccb-f77b-87880f806c1c","FullyQualifiedName":"SharpMind.Tests.Quantization.VecDotTests.TestVecDotQ8_1_ValidBlock","DisplayName":"SharpMind.Tests.Quantization.VecDotTests.TestVecDotQ8_1_ValidBlock","ExecutorUri":"executor://xunit/VsTestRunner3/netcore/","Source":"C:\\Integral2u\\source\\repos\\SharpMind\\SharpMind.Tests\\bin\\Debug\\net10.0\\SharpMind.Tests.dll","CodeFilePath":null,"LineNumber":0,"Properties":[{"Key":{"Id":"TestCase.ManagedMethod","Label":"ManagedMethod","Category":"","Description":"","Attributes":1,"ValueType":"System.String"},"Value":"TestVecDotQ8_1_ValidBlock"},{"Key":{"Id":"XunitTestCaseUniqueID","Label":"xUnit.net Test Case Unique ID","Category":"","Description":"","Attributes":0,"ValueType":"System.String"},"Value":"7071477a717f760c3683edfa410dca270db8c640"},{"Key":{"Id":"XunitTestCaseExplicit","Label":"xUnit.net Test Case Explicit Flag","Category":"","Description":"","Attributes":0,"ValueType":"System.Boolean"},"Value":false},{"Key":{"Id":"TestCase.ManagedType","Label":"ManagedType","Category":"","Description":"","Attributes":1,"ValueType":"System.String"},"Value":"SharpMind.Tests.Quantization.VecDotTests"}]},"Attachments":[],"Outcome":1,"ErrorMessage":null,"ErrorStackTrace":null,"DisplayName":"SharpMind.Tests.Quantization.VecDotTests.TestVecDotQ8_1_ValidBlock(qOps: QuantizationOps65849037 { })","Messages":[],"ComputerName":"LAPTOP-MKMTSO1B","Duration":"00:00:00.0012366","StartTime":"2026-07-20T05:24:31.6976779+00:00","EndTime":"2026-07-20T05:24:31.6984986+00:00","Properties":[]},{"TestCase":{"Id":"7ffb84c6-da41-fccb-f77b-87880f806c1c","FullyQualifiedName":"SharpMind.Tests.Quantization.VecDotTests.TestVecDotQ8_1_ValidBlock","DisplayName":"SharpMind.Tests.Quantization.VecDotTests.TestVecDotQ8_1_ValidBlock","ExecutorUri":"executor://xunit/VsTestRunner3/netcore/","Source":"C:\\Integral2u\\source\\repos\\SharpMind\\SharpMind.Tests\\bin\\Debug\\net10.0\\SharpMind.Tests.dll","CodeFilePath":null,"LineNumber":0,"Properties":[{"Key":{"Id":"TestCase.ManagedMethod","Label":"ManagedMethod","Category":"","Description":"","Attributes":1,"ValueType":"System.String"},"Value":"TestVecDotQ8_1_ValidBlock"},{"Key":{"Id":"XunitTestCaseUniqueID","Label":"xUnit.net Test Case Unique ID","Category":"","Description":"","Attributes":0,"ValueType":"System.String"},"Value":"7071477a717f760c3683edfa410dca270db8c640"},{"Key":{"Id":"XunitTestCaseExplicit","Label":"xUnit.net Test Case Explicit Flag","Category":"","Description":"","Attributes":0,"ValueType":"System.Boolean"},"Value":false},{"Key":{"Id":"TestCase.ManagedType","Label":"ManagedType","Category":"","Description":"","Attributes":1,"ValueType":"System.String"},"Value":"SharpMind.Tests.Quantization.VecDotTests"}]},"Attachments":[],"Outcome":1,"ErrorMessage":null,"ErrorStackTrace":null,"DisplayName":"SharpMind.Tests.Quantization.VecDotTests.TestVecDotQ8_1_ValidBlock(qOps: QuantizationOps463695 { })","Messages":[],"ComputerName":"LAPTOP-MKMTSO1B","Duration":"00:00:00.0010816","StartTime":"2026-07-20T05:24:31.6990688+00:00","EndTime":"2026-07-20T05:24:31.6996312+00:00","Properties":[]},{"TestCase":{"Id":"7ffb84c6-da41-fccb-f77b-87880f806c1c","FullyQualifiedName":"SharpMind.Tests.Quantization.VecDotTests.TestVecDotQ8_1_ValidBlock","DisplayName":"SharpMind.Tests.Quantization.VecDotTests.TestVecDotQ8_1_ValidBlock","ExecutorUri":"executor://xunit/VsTestRunner3/netcore/","Source":"C:\\Integral2u\\source\\repos\\SharpMind\\SharpMind.Tests\\bin\\Debug\\net10.0\\SharpMind.Tests.dll","CodeFilePath":null,"LineNumber":0,"Properties":[{"Key":{"Id":"TestCase.ManagedMethod","Label":"ManagedMethod","Category":"","Description":"","Attributes":1,"ValueType":"System.String"},"Value":"TestVecDotQ8_1_ValidBlock"},{"Key":{"Id":"XunitTestCaseUniqueID","Label":"xUnit.net Test Case Unique ID","Category":"","Description":"","Attributes":0,"ValueType":"System.String"},"Value":"7071477a717f760c3683edfa410dca270db8c640"},{"Key":{"Id":"XunitTestCaseExplicit","Label":"xUnit.net Test Case Explicit Flag","Category":"","Description":"","Attributes":0,"ValueType":"System.Boolean"},"Value":false},{"Key":{"Id":"TestCase.ManagedType","Label":"ManagedType","Category":"","Description":"","Attributes":1,"ValueType":"System.String"},"Value":"SharpMind.Tests.Quantization.VecDotTests"}]},"Attachments":[],"Outcome":1,"ErrorMessage":null,"ErrorStackTrace":null,"DisplayName":"SharpMind.Tests.Quantization.VecDotTests.TestVecDotQ8_1_ValidBlock(qOps: QuantizationOps26430654 { })","Messages":[],"ComputerName":"LAPTOP-MKMTSO1B","Duration":"00:00:00.0009303","StartTime":"2026-07-20T05:24:31.7001552+00:00","EndTime":"2026-07-20T05:24:31.7006095+00:00","Properties":[]},{"TestCase":{"Id":"0181f6f3-6efe-e093-e6c8-9e8a71514ac6","FullyQualifiedName":"SharpMind.Tests.Quantization.VecDotTests.TestVecDotQ3K_ValidBlock","DisplayName":"SharpMind.Tests.Quantization.VecDotTests.TestVecDotQ3K_ValidBlock","ExecutorUri":"executor://xunit/VsTestRunner3/netcore/","Source":"C:\\Integral2u\\source\\repos\\SharpMind\\SharpMind.Tests\\bin\\Debug\\net10.0\\SharpMind.Tests.dll","CodeFilePath":null,"LineNumber":0,"Properties":[{"Key":{"Id":"TestCase.ManagedMethod","Label":"ManagedMethod","Category":"","Description":"","Attributes":1,"ValueType":"System.String"},"Value":"TestVecDotQ3K_ValidBlock"},{"Key":{"Id":"XunitTestCaseUniqueID","Label":"xUnit.net Test Case Unique ID","Category":"","Description":"","Attributes":0,"ValueType":"System.String"},"Value":"7a760a2f2b25da0fb19d982b59df01d2c059e4f0"},{"Key":{"Id":"XunitTestCaseExplicit","Label":"xUnit.net Test Case Explicit Flag","Category":"","Description":"","Attributes":0,"ValueType":"System.Boolean"},"Value":false},{"Key":{"Id":"TestCase.ManagedType","Label":"ManagedType","Category":"","Description":"","Attributes":1,"ValueType":"System.String"},"Value":"SharpMind.Tests.Quantization.VecDotTests"}]},"Attachments":[],"Outcome":1,"ErrorMessage":null,"ErrorStackTrace":null,"DisplayName":"SharpMind.Tests.Quantization.VecDotTests.TestVecDotQ3K_ValidBlock(qOps: QuantizationOps41153804 { })","Messages":[],"ComputerName":"LAPTOP-MKMTSO1B","Duration":"00:00:00.0033544","StartTime":"2026-07-20T05:24:31.7117356+00:00","EndTime":"2026-07-20T05:24:31.7119154+00:00","Properties":[]},{"TestCase":{"Id":"0181f6f3-6efe-e093-e6c8-9e8a71514ac6","FullyQualifiedName":"SharpMind.Tests.Quantization.VecDotTests.TestVecDotQ3K_ValidBlock","DisplayName":"SharpMind.Tests.Quantization.VecDotTests.TestVecDotQ3K_ValidBlock","ExecutorUri":"executor://xunit/VsTestRunner3/netcore/","Source":"C:\\Integral2u\\source\\repos\\SharpMind\\SharpMind.Tests\\bin\\Debug\\net10.0\\SharpMind.Tests.dll","CodeFilePath":null,"LineNumber":0,"Properties":[{"Key":{"Id":"TestCase.ManagedMethod","Label":"ManagedMethod","Category":"","Description":"","Attributes":1,"ValueType":"System.String"},"Value":"TestVecDotQ3K_ValidBlock"},{"Key":{"Id":"XunitTestCaseUniqueID","Label":"xUnit.net Test Case Unique ID","Category":"","Description":"","Attributes":0,"ValueType":"System.String"},"Value":"7a760a2f2b25da0fb19d982b59df01d2c059e4f0"},{"Key":{"Id":"XunitTestCaseExplicit","Label":"xUnit.net Test Case Explicit Flag","Category":"","Description":"","Attributes":0,"ValueType":"System.Boolean"},"Value":false},{"Key":{"Id":"TestCase.ManagedType","Label":"ManagedType","Category":"","Description":"","Attributes":1,"ValueType":"System.String"},"Value":"SharpMind.Tests.Quantization.VecDotTests"}]},"Attachments":[],"Outcome":1,"ErrorMessage":null,"ErrorStackTrace":null,"DisplayName":"SharpMind.Tests.Quantization.VecDotTests.TestVecDotQ3K_ValidBlock(qOps: QuantizationOps65849037 { })","Messages":[],"ComputerName":"LAPTOP-MKMTSO1B","Duration":"00:00:00.0028841","StartTime":"2026-07-20T05:24:31.712359+00:00","EndTime":"2026-07-20T05:24:31.7125417+00:00","Properties":[]}],"TestRunStatistics":{"ExecutedTests":67,"Stats":{"Passed":67}},"ActiveTests":[]}}
TpTrace Verbose: 0 : 2820, 13, 2026/07/20, 17:24:31.721, 364605954410, vstest.console.dll, TestRunRequest:SendTestRunStatsChange: Starting.
TpTrace Verbose: 0 : 2820, 13, 2026/07/20, 17:24:31.721, 364605956829, vstest.console.dll, MulticastDelegateUtilities.SafeInvoke: TestRun.RunStatsChanged: Invoking callbacks was skipped because there are no subscribers.
TpTrace Information: 0 : 2820, 13, 2026/07/20, 17:24:31.721, 364605957427, vstest.console.dll, TestRunRequest:SendTestRunStatsChange: Completed.
TpTrace Verbose: 0 : 2820, 13, 2026/07/20, 17:24:31.721, 364605957937, vstest.console.dll, MulticastDelegateUtilities.SafeInvoke: LengthPrefixCommunicationChannel: MessageReceived: Invoking callback 1/1 for Microsoft.VisualStudio.TestPlatform.CommunicationUtilities.TestRequestSender+<>c__DisplayClass34_0., took 6 ms.
TpTrace Verbose: 0 : 2820, 13, 2026/07/20, 17:24:31.721, 364605958459, vstest.console.dll, TcpClientExtensions.MessageLoopAsync: Polling on remoteEndPoint: 127.0.0.1:55546 localEndPoint: 127.0.0.1:55545 after 27 ms
TpTrace Verbose: 0 : 2820, 4, 2026/07/20, 17:24:31.725, 364605996855, vstest.console.dll, MulticastDelegateUtilities.SafeInvoke: InternalTestLoggerEvents.SendTestResult: Invoking callback 1/1 for Microsoft.VisualStudio.TestPlatform.CommandLine.Internal.ConsoleLogger., took 0 ms.
TpTrace Verbose: 0 : 2820, 4, 2026/07/20, 17:24:31.725, 364605998108, vstest.console.dll, MulticastDelegateUtilities.SafeInvoke: InternalTestLoggerEvents.SendTestResult: Invoking callback 1/1 for Microsoft.VisualStudio.TestPlatform.CommandLine.Internal.ConsoleLogger., took 0 ms.
TpTrace Verbose: 0 : 2820, 4, 2026/07/20, 17:24:31.725, 364605998833, vstest.console.dll, MulticastDelegateUtilities.SafeInvoke: InternalTestLoggerEvents.SendTestResult: Invoking callback 1/1 for Microsoft.VisualStudio.TestPlatform.CommandLine.Internal.ConsoleLogger., took 0 ms.
TpTrace Verbose: 0 : 2820, 4, 2026/07/20, 17:24:31.725, 364605999533, vstest.console.dll, MulticastDelegateUtilities.SafeInvoke: InternalTestLoggerEvents.SendTestResult: Invoking callback 1/1 for Microsoft.VisualStudio.TestPlatform.CommandLine.Internal.ConsoleLogger., took 0 ms.
TpTrace Verbose: 0 : 2820, 4, 2026/07/20, 17:24:31.725, 364606000132, vstest.console.dll, MulticastDelegateUtilities.SafeInvoke: InternalTestLoggerEvents.SendTestResult: Invoking callback 1/1 for Microsoft.VisualStudio.TestPlatform.CommandLine.Internal.ConsoleLogger., took 0 ms.
TpTrace Verbose: 0 : 2820, 4, 2026/07/20, 17:24:31.725, 364606000724, vstest.console.dll, MulticastDelegateUtilities.SafeInvoke: InternalTestLoggerEvents.SendTestResult: Invoking callback 1/1 for Microsoft.VisualStudio.TestPlatform.CommandLine.Internal.ConsoleLogger., took 0 ms.
TpTrace Verbose: 0 : 2820, 4, 2026/07/20, 17:24:31.725, 364606001507, vstest.console.dll, MulticastDelegateUtilities.SafeInvoke: InternalTestLoggerEvents.SendTestResult: Invoking callback 1/1 for Microsoft.VisualStudio.TestPlatform.CommandLine.Internal.ConsoleLogger., took 0 ms.
TpTrace Verbose: 0 : 2820, 4, 2026/07/20, 17:24:31.725, 364606002163, vstest.console.dll, MulticastDelegateUtilities.SafeInvoke: InternalTestLoggerEvents.SendTestResult: Invoking callback 1/1 for Microsoft.VisualStudio.TestPlatform.CommandLine.Internal.ConsoleLogger., took 0 ms.
TpTrace Verbose: 0 : 2820, 4, 2026/07/20, 17:24:31.725, 364606002798, vstest.console.dll, MulticastDelegateUtilities.SafeInvoke: InternalTestLoggerEvents.SendTestResult: Invoking callback 1/1 for Microsoft.VisualStudio.TestPlatform.CommandLine.Internal.ConsoleLogger., took 0 ms.
TpTrace Verbose: 0 : 2820, 4, 2026/07/20, 17:24:31.725, 364606003540, vstest.console.dll, MulticastDelegateUtilities.SafeInvoke: InternalTestLoggerEvents.SendTestResult: Invoking callback 1/1 for Microsoft.VisualStudio.TestPlatform.CommandLine.Internal.ConsoleLogger., took 0 ms.
TpTrace Verbose: 0 : 2820, 13, 2026/07/20, 17:24:31.744, 364606190645, vstest.console.dll, TcpClientExtensions.MessageLoopAsync: NotifyDataAvailable remoteEndPoint: 127.0.0.1:55546 localEndPoint: 127.0.0.1:55545
TpTrace Verbose: 0 : 2820, 13, 2026/07/20, 17:24:31.745, 364606195611, vstest.console.dll, TestRequestSender.OnExecutionMessageReceived: Received message: {"Version":7,"MessageType":"TestExecution.StatsChange","Payload":{"NewTestResults":[{"TestCase":{"Id":"0181f6f3-6efe-e093-e6c8-9e8a71514ac6","FullyQualifiedName":"SharpMind.Tests.Quantization.VecDotTests.TestVecDotQ3K_ValidBlock","DisplayName":"SharpMind.Tests.Quantization.VecDotTests.TestVecDotQ3K_ValidBlock","ExecutorUri":"executor://xunit/VsTestRunner3/netcore/","Source":"C:\\Integral2u\\source\\repos\\SharpMind\\SharpMind.Tests\\bin\\Debug\\net10.0\\SharpMind.Tests.dll","CodeFilePath":null,"LineNumber":0,"Properties":[{"Key":{"Id":"TestCase.ManagedMethod","Label":"ManagedMethod","Category":"","Description":"","Attributes":1,"ValueType":"System.String"},"Value":"TestVecDotQ3K_ValidBlock"},{"Key":{"Id":"XunitTestCaseUniqueID","Label":"xUnit.net Test Case Unique ID","Category":"","Description":"","Attributes":0,"ValueType":"System.String"},"Value":"7a760a2f2b25da0fb19d982b59df01d2c059e4f0"},{"Key":{"Id":"XunitTestCaseExplicit","Label":"xUnit.net Test Case Explicit Flag","Category":"","Description":"","Attributes":0,"ValueType":"System.Boolean"},"Value":false},{"Key":{"Id":"TestCase.ManagedType","Label":"ManagedType","Category":"","Description":"","Attributes":1,"ValueType":"System.String"},"Value":"SharpMind.Tests.Quantization.VecDotTests"}]},"Attachments":[],"Outcome":1,"ErrorMessage":null,"ErrorStackTrace":null,"DisplayName":"SharpMind.Tests.Quantization.VecDotTests.TestVecDotQ3K_ValidBlock(qOps: QuantizationOps463695 { })","Messages":[],"ComputerName":"LAPTOP-MKMTSO1B","Duration":"00:00:00.0027261","StartTime":"2026-07-20T05:24:31.7152057+00:00","EndTime":"2026-07-20T05:24:31.7153767+00:00","Properties":[]},{"TestCase":{"Id":"0181f6f3-6efe-e093-e6c8-9e8a71514ac6","FullyQualifiedName":"SharpMind.Tests.Quantization.VecDotTests.TestVecDotQ3K_ValidBlock","DisplayName":"SharpMind.Tests.Quantization.VecDotTests.TestVecDotQ3K_ValidBlock","ExecutorUri":"executor://xunit/VsTestRunner3/netcore/","Source":"C:\\Integral2u\\source\\repos\\SharpMind\\SharpMind.Tests\\bin\\Debug\\net10.0\\SharpMind.Tests.dll","CodeFilePath":null,"LineNumber":0,"Properties":[{"Key":{"Id":"TestCase.ManagedMethod","Label":"ManagedMethod","Category":"","Description":"","Attributes":1,"ValueType":"System.String"},"Value":"TestVecDotQ3K_ValidBlock"},{"Key":{"Id":"XunitTestCaseUniqueID","Label":"xUnit.net Test Case Unique ID","Category":"","Description":"","Attributes":0,"ValueType":"System.String"},"Value":"7a760a2f2b25da0fb19d982b59df01d2c059e4f0"},{"Key":{"Id":"XunitTestCaseExplicit","Label":"xUnit.net Test Case Explicit Flag","Category":"","Description":"","Attributes":0,"ValueType":"System.Boolean"},"Value":false},{"Key":{"Id":"TestCase.ManagedType","Label":"ManagedType","Category":"","Description":"","Attributes":1,"ValueType":"System.String"},"Value":"SharpMind.Tests.Quantization.VecDotTests"}]},"Attachments":[],"Outcome":1,"ErrorMessage":null,"ErrorStackTrace":null,"DisplayName":"SharpMind.Tests.Quantization.VecDotTests.TestVecDotQ3K_ValidBlock(qOps: QuantizationOps26430654 { })","Messages":[],"ComputerName":"LAPTOP-MKMTSO1B","Duration":"00:00:00.0025090","StartTime":"2026-07-20T05:24:31.7157863+00:00","EndTime":"2026-07-20T05:24:31.7169582+00:00","Properties":[]},{"TestCase":{"Id":"f4ab4241-eb40-baee-a729-d9be6efe3ecf","FullyQualifiedName":"SharpMind.Tests.Quantization.VecDotTests.TestVecDotQ8K_ValidBlock","DisplayName":"SharpMind.Tests.Quantization.VecDotTests.TestVecDotQ8K_ValidBlock","ExecutorUri":"executor://xunit/VsTestRunner3/netcore/","Source":"C:\\Integral2u\\source\\repos\\SharpMind\\SharpMind.Tests\\bin\\Debug\\net10.0\\SharpMind.Tests.dll","CodeFilePath":null,"LineNumber":0,"Properties":[{"Key":{"Id":"TestCase.ManagedMethod","Label":"ManagedMethod","Category":"","Description":"","Attributes":1,"ValueType":"System.String"},"Value":"TestVecDotQ8K_ValidBlock"},{"Key":{"Id":"XunitTestCaseUniqueID","Label":"xUnit.net Test Case Unique ID","Category":"","Description":"","Attributes":0,"ValueType":"System.String"},"Value":"7e01393425befef9e6de0fe14a0d0aa6152d2fb7"},{"Key":{"Id":"XunitTestCaseExplicit","Label":"xUnit.net Test Case Explicit Flag","Category":"","Description":"","Attributes":0,"ValueType":"System.Boolean"},"Value":false},{"Key":{"Id":"TestCase.ManagedType","Label":"ManagedType","Category":"","Description":"","Attributes":1,"ValueType":"System.String"},"Value":"SharpMind.Tests.Quantization.VecDotTests"}]},"Attachments":[],"Outcome":1,"ErrorMessage":null,"ErrorStackTrace":null,"DisplayName":"SharpMind.Tests.Quantization.VecDotTests.TestVecDotQ8K_ValidBlock(qOps: QuantizationOps41153804 { })","Messages":[],"ComputerName":"LAPTOP-MKMTSO1B","Duration":"00:00:00.0017304","StartTime":"2026-07-20T05:24:31.7243536+00:00","EndTime":"2026-07-20T05:24:31.7245552+00:00","Properties":[]},{"TestCase":{"Id":"f4ab4241-eb40-baee-a729-d9be6efe3ecf","FullyQualifiedName":"SharpMind.Tests.Quantization.VecDotTests.TestVecDotQ8K_ValidBlock","DisplayName":"SharpMind.Tests.Quantization.VecDotTests.TestVecDotQ8K_ValidBlock","ExecutorUri":"executor://xunit/VsTestRunner3/netcore/","Source":"C:\\Integral2u\\source\\repos\\SharpMind\\SharpMind.Tests\\bin\\Debug\\net10.0\\SharpMind.Tests.dll","CodeFilePath":null,"LineNumber":0,"Properties":[{"Key":{"Id":"TestCase.ManagedMethod","Label":"ManagedMethod","Category":"","Description":"","Attributes":1,"ValueType":"System.String"},"Value":"TestVecDotQ8K_ValidBlock"},{"Key":{"Id":"XunitTestCaseUniqueID","Label":"xUnit.net Test Case Unique ID","Category":"","Description":"","Attributes":0,"ValueType":"System.String"},"Value":"7e01393425befef9e6de0fe14a0d0aa6152d2fb7"},{"Key":{"Id":"XunitTestCaseExplicit","Label":"xUnit.net Test Case Explicit Flag","Category":"","Description":"","Attributes":0,"ValueType":"System.Boolean"},"Value":false},{"Key":{"Id":"TestCase.ManagedType","Label":"ManagedType","Category":"","Description":"","Attributes":1,"ValueType":"System.String"},"Value":"SharpMind.Tests.Quantization.VecDotTests"}]},"Attachments":[],"Outcome":1,"ErrorMessage":null,"ErrorStackTrace":null,"DisplayName":"SharpMind.Tests.Quantization.VecDotTests.TestVecDotQ8K_ValidBlock(qOps: QuantizationOps65849037 { })","Messages":[],"ComputerName":"LAPTOP-MKMTSO1B","Duration":"00:00:00.0015502","StartTime":"2026-07-20T05:24:31.7248943+00:00","EndTime":"2026-07-20T05:24:31.7264714+00:00","Properties":[]},{"TestCase":{"Id":"f4ab4241-eb40-baee-a729-d9be6efe3ecf","FullyQualifiedName":"SharpMind.Tests.Quantization.VecDotTests.TestVecDotQ8K_ValidBlock","DisplayName":"SharpMind.Tests.Quantization.VecDotTests.TestVecDotQ8K_ValidBlock","ExecutorUri":"executor://xunit/VsTestRunner3/netcore/","Source":"C:\\Integral2u\\source\\repos\\SharpMind\\SharpMind.Tests\\bin\\Debug\\net10.0\\SharpMind.Tests.dll","CodeFilePath":null,"LineNumber":0,"Properties":[{"Key":{"Id":"TestCase.ManagedMethod","Label":"ManagedMethod","Category":"","Description":"","Attributes":1,"ValueType":"System.String"},"Value":"TestVecDotQ8K_ValidBlock"},{"Key":{"Id":"XunitTestCaseUniqueID","Label":"xUnit.net Test Case Unique ID","Category":"","Description":"","Attributes":0,"ValueType":"System.String"},"Value":"7e01393425befef9e6de0fe14a0d0aa6152d2fb7"},{"Key":{"Id":"XunitTestCaseExplicit","Label":"xUnit.net Test Case Explicit Flag","Category":"","Description":"","Attributes":0,"ValueType":"System.Boolean"},"Value":false},{"Key":{"Id":"TestCase.ManagedType","Label":"ManagedType","Category":"","Description":"","Attributes":1,"ValueType":"System.String"},"Value":"SharpMind.Tests.Quantization.VecDotTests"}]},"Attachments":[],"Outcome":1,"ErrorMessage":null,"ErrorStackTrace":null,"DisplayName":"SharpMind.Tests.Quantization.VecDotTests.TestVecDotQ8K_ValidBlock(qOps: QuantizationOps463695 { })","Messages":[],"ComputerName":"LAPTOP-MKMTSO1B","Duration":"00:00:00.0013551","StartTime":"2026-07-20T05:24:31.7271572+00:00","EndTime":"2026-07-20T05:24:31.7273345+00:00","Properties":[]},{"TestCase":{"Id":"f4ab4241-eb40-baee-a729-d9be6efe3ecf","FullyQualifiedName":"SharpMind.Tests.Quantization.VecDotTests.TestVecDotQ8K_ValidBlock","DisplayName":"SharpMind.Tests.Quantization.VecDotTests.TestVecDotQ8K_ValidBlock","ExecutorUri":"executor://xunit/VsTestRunner3/netcore/","Source":"C:\\Integral2u\\source\\repos\\SharpMind\\SharpMind.Tests\\bin\\Debug\\net10.0\\SharpMind.Tests.dll","CodeFilePath":null,"LineNumber":0,"Properties":[{"Key":{"Id":"TestCase.ManagedMethod","Label":"ManagedMethod","Category":"","Description":"","Attributes":1,"ValueType":"System.String"},"Value":"TestVecDotQ8K_ValidBlock"},{"Key":{"Id":"XunitTestCaseUniqueID","Label":"xUnit.net Test Case Unique ID","Category":"","Description":"","Attributes":0,"ValueType":"System.String"},"Value":"7e01393425befef9e6de0fe14a0d0aa6152d2fb7"},{"Key":{"Id":"XunitTestCaseExplicit","Label":"xUnit.net Test Case Explicit Flag","Category":"","Description":"","Attributes":0,"ValueType":"System.Boolean"},"Value":false},{"Key":{"Id":"TestCase.ManagedType","Label":"ManagedType","Category":"","Description":"","Attributes":1,"ValueType":"System.String"},"Value":"SharpMind.Tests.Quantization.VecDotTests"}]},"Attachments":[],"Outcome":1,"ErrorMessage":null,"ErrorStackTrace":null,"DisplayName":"SharpMind.Tests.Quantization.VecDotTests.TestVecDotQ8K_ValidBlock(qOps: QuantizationOps26430654 { })","Messages":[],"ComputerName":"LAPTOP-MKMTSO1B","Duration":"00:00:00.0013217","StartTime":"2026-07-20T05:24:31.7277945+00:00","EndTime":"2026-07-20T05:24:31.7297336+00:00","Properties":[]},{"TestCase":{"Id":"2675a5f4-baab-93fb-7c48-2ba015597b40","FullyQualifiedName":"SharpMind.Tests.Quantization.VecDotTests.TestVecDotQ4_0_FullBlock32_Elements","DisplayName":"SharpMind.Tests.Quantization.VecDotTests.TestVecDotQ4_0_FullBlock32_Elements","ExecutorUri":"executor://xunit/VsTestRunner3/netcore/","Source":"C:\\Integral2u\\source\\repos\\SharpMind\\SharpMind.Tests\\bin\\Debug\\net10.0\\SharpMind.Tests.dll","CodeFilePath":null,"LineNumber":0,"Properties":[{"Key":{"Id":"TestCase.ManagedMethod","Label":"ManagedMethod","Category":"","Description":"","Attributes":1,"ValueType":"System.String"},"Value":"TestVecDotQ4_0_FullBlock32_Elements"},{"Key":{"Id":"XunitTestCaseUniqueID","Label":"xUnit.net Test Case Unique ID","Category":"","Description":"","Attributes":0,"ValueType":"System.String"},"Value":"8b50d01ca4f609a20f7fa5dcbf15dd7bf4a5b84e"},{"Key":{"Id":"XunitTestCaseExplicit","Label":"xUnit.net Test Case Explicit Flag","Category":"","Description":"","Attributes":0,"ValueType":"System.Boolean"},"Value":false},{"Key":{"Id":"TestCase.ManagedType","Label":"ManagedType","Category":"","Description":"","Attributes":1,"ValueType":"System.String"},"Value":"SharpMind.Tests.Quantization.VecDotTests"}]},"Attachments":[],"Outcome":1,"ErrorMessage":null,"ErrorStackTrace":null,"DisplayName":"SharpMind.Tests.Quantization.VecDotTests.TestVecDotQ4_0_FullBlock32_Elements(qOps: QuantizationOps41153804 { })","Messages":[],"ComputerName":"LAPTOP-MKMTSO1B","Duration":"00:00:00.0009961","StartTime":"2026-07-20T05:24:31.7310637+00:00","EndTime":"2026-07-20T05:24:31.7315702+00:00","Properties":[]},{"TestCase":{"Id":"2675a5f4-baab-93fb-7c48-2ba015597b40","FullyQualifiedName":"SharpMind.Tests.Quantization.VecDotTests.TestVecDotQ4_0_FullBlock32_Elements","DisplayName":"SharpMind.Tests.Quantization.VecDotTests.TestVecDotQ4_0_FullBlock32_Elements","ExecutorUri":"executor://xunit/VsTestRunner3/netcore/","Source":"C:\\Integral2u\\source\\repos\\SharpMind\\SharpMind.Tests\\bin\\Debug\\net10.0\\SharpMind.Tests.dll","CodeFilePath":null,"LineNumber":0,"Properties":[{"Key":{"Id":"TestCase.ManagedMethod","Label":"ManagedMethod","Category":"","Description":"","Attributes":1,"ValueType":"System.String"},"Value":"TestVecDotQ4_0_FullBlock32_Elements"},{"Key":{"Id":"XunitTestCaseUniqueID","Label":"xUnit.net Test Case Unique ID","Category":"","Description":"","Attributes":0,"ValueType":"System.String"},"Value":"8b50d01ca4f609a20f7fa5dcbf15dd7bf4a5b84e"},{"Key":{"Id":"XunitTestCaseExplicit","Label":"xUnit.net Test Case Explicit Flag","Category":"","Description":"","Attributes":0,"ValueType":"System.Boolean"},"Value":false},{"Key":{"Id":"TestCase.ManagedType","Label":"ManagedType","Category":"","Description":"","Attributes":1,"ValueType":"System.String"},"Value":"SharpMind.Tests.Quantization.VecDotTests"}]},"Attachments":[],"Outcome":1,"ErrorMessage":null,"ErrorStackTrace":null,"DisplayName":"SharpMind.Tests.Quantization.VecDotTests.TestVecDotQ4_0_FullBlock32_Elements(qOps: QuantizationOps65849037 { })","Messages":[],"ComputerName":"LAPTOP-MKMTSO1B","Duration":"00:00:00.0004497","StartTime":"2026-07-20T05:24:31.7320024+00:00","EndTime":"2026-07-20T05:24:31.7322497+00:00","Properties":[]},{"TestCase":{"Id":"2675a5f4-baab-93fb-7c48-2ba015597b40","FullyQualifiedName":"SharpMind.Tests.Quantization.VecDotTests.TestVecDotQ4_0_FullBlock32_Elements","DisplayName":"SharpMind.Tests.Quantization.VecDotTests.TestVecDotQ4_0_FullBlock32_Elements","ExecutorUri":"executor://xunit/VsTestRunner3/netcore/","Source":"C:\\Integral2u\\source\\repos\\SharpMind\\SharpMind.Tests\\bin\\Debug\\net10.0\\SharpMind.Tests.dll","CodeFilePath":null,"LineNumber":0,"Properties":[{"Key":{"Id":"TestCase.ManagedMethod","Label":"ManagedMethod","Category":"","Description":"","Attributes":1,"ValueType":"System.String"},"Value":"TestVecDotQ4_0_FullBlock32_Elements"},{"Key":{"Id":"XunitTestCaseUniqueID","Label":"xUnit.net Test Case Unique ID","Category":"","Description":"","Attributes":0,"ValueType":"System.String"},"Value":"8b50d01ca4f609a20f7fa5dcbf15dd7bf4a5b84e"},{"Key":{"Id":"XunitTestCaseExplicit","Label":"xUnit.net Test Case Explicit Flag","Category":"","Description":"","Attributes":0,"ValueType":"System.Boolean"},"Value":false},{"Key":{"Id":"TestCase.ManagedType","Label":"ManagedType","Category":"","Description":"","Attributes":1,"ValueType":"System.String"},"Value":"SharpMind.Tests.Quantization.VecDotTests"}]},"Attachments":[],"Outcome":1,"ErrorMessage":null,"ErrorStackTrace":null,"DisplayName":"SharpMind.Tests.Quantization.VecDotTests.TestVecDotQ4_0_FullBlock32_Elements(qOps: QuantizationOps463695 { })","Messages":[],"ComputerName":"LAPTOP-MKMTSO1B","Duration":"00:00:00.0000212","StartTime":"2026-07-20T05:24:31.7327565+00:00","EndTime":"2026-07-20T05:24:31.7329087+00:00","Properties":[]},{"TestCase":{"Id":"2675a5f4-baab-93fb-7c48-2ba015597b40","FullyQualifiedName":"SharpMind.Tests.Quantization.VecDotTests.TestVecDotQ4_0_FullBlock32_Elements","DisplayName":"SharpMind.Tests.Quantization.VecDotTests.TestVecDotQ4_0_FullBlock32_Elements","ExecutorUri":"executor://xunit/VsTestRunner3/netcore/","Source":"C:\\Integral2u\\source\\repos\\SharpMind\\SharpMind.Tests\\bin\\Debug\\net10.0\\SharpMind.Tests.dll","CodeFilePath":null,"LineNumber":0,"Properties":[{"Key":{"Id":"TestCase.ManagedMethod","Label":"ManagedMethod","Category":"","Description":"","Attributes":1,"ValueType":"System.String"},"Value":"TestVecDotQ4_0_FullBlock32_Elements"},{"Key":{"Id":"XunitTestCaseUniqueID","Label":"xUnit.net Test Case Unique ID","Category":"","Description":"","Attributes":0,"ValueType":"System.String"},"Value":"8b50d01ca4f609a20f7fa5dcbf15dd7bf4a5b84e"},{"Key":{"Id":"XunitTestCaseExplicit","Label":"xUnit.net Test Case Explicit Flag","Category":"","Description":"","Attributes":0,"ValueType":"System.Boolean"},"Value":false},{"Key":{"Id":"TestCase.ManagedType","Label":"ManagedType","Category":"","Description":"","Attributes":1,"ValueType":"System.String"},"Value":"SharpMind.Tests.Quantization.VecDotTests"}]},"Attachments":[],"Outcome":1,"ErrorMessage":null,"ErrorStackTrace":null,"DisplayName":"SharpMind.Tests.Quantization.VecDotTests.TestVecDotQ4_0_FullBlock32_Elements(qOps: QuantizationOps26430654 { })","Messages":[],"ComputerName":"LAPTOP-MKMTSO1B","Duration":"00:00:00.0000125","StartTime":"2026-07-20T05:24:31.7333931+00:00","EndTime":"2026-07-20T05:24:31.7335359+00:00","Properties":[]}],"TestRunStatistics":{"ExecutedTests":77,"Stats":{"Passed":77}},"ActiveTests":[]}}
TpTrace Verbose: 0 : 2820, 13, 2026/07/20, 17:24:31.755, 364606298057, vstest.console.dll, TestRunRequest:SendTestRunStatsChange: Starting.
TpTrace Verbose: 0 : 2820, 13, 2026/07/20, 17:24:31.755, 364606300071, vstest.console.dll, MulticastDelegateUtilities.SafeInvoke: TestRun.RunStatsChanged: Invoking callbacks was skipped because there are no subscribers.
TpTrace Information: 0 : 2820, 13, 2026/07/20, 17:24:31.755, 364606300736, vstest.console.dll, TestRunRequest:SendTestRunStatsChange: Completed.
TpTrace Verbose: 0 : 2820, 13, 2026/07/20, 17:24:31.755, 364606301403, vstest.console.dll, MulticastDelegateUtilities.SafeInvoke: LengthPrefixCommunicationChannel: MessageReceived: Invoking callback 1/1 for Microsoft.VisualStudio.TestPlatform.CommunicationUtilities.TestRequestSender+<>c__DisplayClass34_0., took 10 ms.
TpTrace Verbose: 0 : 2820, 13, 2026/07/20, 17:24:31.755, 364606302018, vstest.console.dll, TcpClientExtensions.MessageLoopAsync: Polling on remoteEndPoint: 127.0.0.1:55546 localEndPoint: 127.0.0.1:55545 after 34 ms
TpTrace Verbose: 0 : 2820, 4, 2026/07/20, 17:24:31.755, 364606303073, vstest.console.dll, MulticastDelegateUtilities.SafeInvoke: InternalTestLoggerEvents.SendTestResult: Invoking callback 1/1 for Microsoft.VisualStudio.TestPlatform.CommandLine.Internal.ConsoleLogger., took 0 ms.
TpTrace Verbose: 0 : 2820, 4, 2026/07/20, 17:24:31.756, 364606304251, vstest.console.dll, MulticastDelegateUtilities.SafeInvoke: InternalTestLoggerEvents.SendTestResult: Invoking callback 1/1 for Microsoft.VisualStudio.TestPlatform.CommandLine.Internal.ConsoleLogger., took 0 ms.
TpTrace Verbose: 0 : 2820, 4, 2026/07/20, 17:24:31.756, 364606305069, vstest.console.dll, MulticastDelegateUtilities.SafeInvoke: InternalTestLoggerEvents.SendTestResult: Invoking callback 1/1 for Microsoft.VisualStudio.TestPlatform.CommandLine.Internal.ConsoleLogger., took 0 ms.
TpTrace Verbose: 0 : 2820, 4, 2026/07/20, 17:24:31.756, 364606306249, vstest.console.dll, MulticastDelegateUtilities.SafeInvoke: InternalTestLoggerEvents.SendTestResult: Invoking callback 1/1 for Microsoft.VisualStudio.TestPlatform.CommandLine.Internal.ConsoleLogger., took 0 ms.
TpTrace Verbose: 0 : 2820, 4, 2026/07/20, 17:24:31.756, 364606306972, vstest.console.dll, MulticastDelegateUtilities.SafeInvoke: InternalTestLoggerEvents.SendTestResult: Invoking callback 1/1 for Microsoft.VisualStudio.TestPlatform.CommandLine.Internal.ConsoleLogger., took 0 ms.
TpTrace Verbose: 0 : 2820, 4, 2026/07/20, 17:24:31.756, 364606307723, vstest.console.dll, MulticastDelegateUtilities.SafeInvoke: InternalTestLoggerEvents.SendTestResult: Invoking callback 1/1 for Microsoft.VisualStudio.TestPlatform.CommandLine.Internal.ConsoleLogger., took 0 ms.
TpTrace Verbose: 0 : 2820, 4, 2026/07/20, 17:24:31.756, 364606308463, vstest.console.dll, MulticastDelegateUtilities.SafeInvoke: InternalTestLoggerEvents.SendTestResult: Invoking callback 1/1 for Microsoft.VisualStudio.TestPlatform.CommandLine.Internal.ConsoleLogger., took 0 ms.
TpTrace Verbose: 0 : 2820, 4, 2026/07/20, 17:24:31.756, 364606309228, vstest.console.dll, MulticastDelegateUtilities.SafeInvoke: InternalTestLoggerEvents.SendTestResult: Invoking callback 1/1 for Microsoft.VisualStudio.TestPlatform.CommandLine.Internal.ConsoleLogger., took 0 ms.
TpTrace Verbose: 0 : 2820, 4, 2026/07/20, 17:24:31.756, 364606310262, vstest.console.dll, MulticastDelegateUtilities.SafeInvoke: InternalTestLoggerEvents.SendTestResult: Invoking callback 1/1 for Microsoft.VisualStudio.TestPlatform.CommandLine.Internal.ConsoleLogger., took 0 ms.
TpTrace Verbose: 0 : 2820, 4, 2026/07/20, 17:24:31.756, 364606311087, vstest.console.dll, MulticastDelegateUtilities.SafeInvoke: InternalTestLoggerEvents.SendTestResult: Invoking callback 1/1 for Microsoft.VisualStudio.TestPlatform.CommandLine.Internal.ConsoleLogger., took 0 ms.
TpTrace Verbose: 0 : 2820, 13, 2026/07/20, 17:24:31.776, 364606510416, vstest.console.dll, TcpClientExtensions.MessageLoopAsync: NotifyDataAvailable remoteEndPoint: 127.0.0.1:55546 localEndPoint: 127.0.0.1:55545
TpTrace Verbose: 0 : 2820, 13, 2026/07/20, 17:24:31.777, 364606514346, vstest.console.dll, TestRequestSender.OnExecutionMessageReceived: Received message: {"Version":7,"MessageType":"TestExecution.StatsChange","Payload":{"NewTestResults":[{"TestCase":{"Id":"f48b34c9-1874-9e67-02f3-bf10ef13b774","FullyQualifiedName":"SharpMind.Tests.Quantization.VecDotTests.TestVecDotQ5_1_ValidBlock","DisplayName":"SharpMind.Tests.Quantization.VecDotTests.TestVecDotQ5_1_ValidBlock","ExecutorUri":"executor://xunit/VsTestRunner3/netcore/","Source":"C:\\Integral2u\\source\\repos\\SharpMind\\SharpMind.Tests\\bin\\Debug\\net10.0\\SharpMind.Tests.dll","CodeFilePath":null,"LineNumber":0,"Properties":[{"Key":{"Id":"TestCase.ManagedMethod","Label":"ManagedMethod","Category":"","Description":"","Attributes":1,"ValueType":"System.String"},"Value":"TestVecDotQ5_1_ValidBlock"},{"Key":{"Id":"XunitTestCaseUniqueID","Label":"xUnit.net Test Case Unique ID","Category":"","Description":"","Attributes":0,"ValueType":"System.String"},"Value":"a5a52bb8ebbdbb1a6265b12986cd82ebc4124c68"},{"Key":{"Id":"XunitTestCaseExplicit","Label":"xUnit.net Test Case Explicit Flag","Category":"","Description":"","Attributes":0,"ValueType":"System.Boolean"},"Value":false},{"Key":{"Id":"TestCase.ManagedType","Label":"ManagedType","Category":"","Description":"","Attributes":1,"ValueType":"System.String"},"Value":"SharpMind.Tests.Quantization.VecDotTests"}]},"Attachments":[],"Outcome":1,"ErrorMessage":null,"ErrorStackTrace":null,"DisplayName":"SharpMind.Tests.Quantization.VecDotTests.TestVecDotQ5_1_ValidBlock(qOps: QuantizationOps41153804 { })","Messages":[],"ComputerName":"LAPTOP-MKMTSO1B","Duration":"00:00:00.0011978","StartTime":"2026-07-20T05:24:31.7462964+00:00","EndTime":"2026-07-20T05:24:31.7464598+00:00","Properties":[]},{"TestCase":{"Id":"f48b34c9-1874-9e67-02f3-bf10ef13b774","FullyQualifiedName":"SharpMind.Tests.Quantization.VecDotTests.TestVecDotQ5_1_ValidBlock","DisplayName":"SharpMind.Tests.Quantization.VecDotTests.TestVecDotQ5_1_ValidBlock","ExecutorUri":"executor://xunit/VsTestRunner3/netcore/","Source":"C:\\Integral2u\\source\\repos\\SharpMind\\SharpMind.Tests\\bin\\Debug\\net10.0\\SharpMind.Tests.dll","CodeFilePath":null,"LineNumber":0,"Properties":[{"Key":{"Id":"TestCase.ManagedMethod","Label":"ManagedMethod","Category":"","Description":"","Attributes":1,"ValueType":"System.String"},"Value":"TestVecDotQ5_1_ValidBlock"},{"Key":{"Id":"XunitTestCaseUniqueID","Label":"xUnit.net Test Case Unique ID","Category":"","Description":"","Attributes":0,"ValueType":"System.String"},"Value":"a5a52bb8ebbdbb1a6265b12986cd82ebc4124c68"},{"Key":{"Id":"XunitTestCaseExplicit","Label":"xUnit.net Test Case Explicit Flag","Category":"","Description":"","Attributes":0,"ValueType":"System.Boolean"},"Value":false},{"Key":{"Id":"TestCase.ManagedType","Label":"ManagedType","Category":"","Description":"","Attributes":1,"ValueType":"System.String"},"Value":"SharpMind.Tests.Quantization.VecDotTests"}]},"Attachments":[],"Outcome":1,"ErrorMessage":null,"ErrorStackTrace":null,"DisplayName":"SharpMind.Tests.Quantization.VecDotTests.TestVecDotQ5_1_ValidBlock(qOps: QuantizationOps65849037 { })","Messages":[],"ComputerName":"LAPTOP-MKMTSO1B","Duration":"00:00:00.0005016","StartTime":"2026-07-20T05:24:31.746908+00:00","EndTime":"2026-07-20T05:24:31.7471051+00:00","Properties":[]},{"TestCase":{"Id":"f48b34c9-1874-9e67-02f3-bf10ef13b774","FullyQualifiedName":"SharpMind.Tests.Quantization.VecDotTests.TestVecDotQ5_1_ValidBlock","DisplayName":"SharpMind.Tests.Quantization.VecDotTests.TestVecDotQ5_1_ValidBlock","ExecutorUri":"executor://xunit/VsTestRunner3/netcore/","Source":"C:\\Integral2u\\source\\repos\\SharpMind\\SharpMind.Tests\\bin\\Debug\\net10.0\\SharpMind.Tests.dll","CodeFilePath":null,"LineNumber":0,"Properties":[{"Key":{"Id":"TestCase.ManagedMethod","Label":"ManagedMethod","Category":"","Description":"","Attributes":1,"ValueType":"System.String"},"Value":"TestVecDotQ5_1_ValidBlock"},{"Key":{"Id":"XunitTestCaseUniqueID","Label":"xUnit.net Test Case Unique ID","Category":"","Description":"","Attributes":0,"ValueType":"System.String"},"Value":"a5a52bb8ebbdbb1a6265b12986cd82ebc4124c68"},{"Key":{"Id":"XunitTestCaseExplicit","Label":"xUnit.net Test Case Explicit Flag","Category":"","Description":"","Attributes":0,"ValueType":"System.Boolean"},"Value":false},{"Key":{"Id":"TestCase.ManagedType","Label":"ManagedType","Category":"","Description":"","Attributes":1,"ValueType":"System.String"},"Value":"SharpMind.Tests.Quantization.VecDotTests"}]},"Attachments":[],"Outcome":1,"ErrorMessage":null,"ErrorStackTrace":null,"DisplayName":"SharpMind.Tests.Quantization.VecDotTests.TestVecDotQ5_1_ValidBlock(qOps: QuantizationOps463695 { })","Messages":[],"ComputerName":"LAPTOP-MKMTSO1B","Duration":"00:00:00.0137139","StartTime":"2026-07-20T05:24:31.7476006+00:00","EndTime":"2026-07-20T05:24:31.7478316+00:00","Properties":[]},{"TestCase":{"Id":"f48b34c9-1874-9e67-02f3-bf10ef13b774","FullyQualifiedName":"SharpMind.Tests.Quantization.VecDotTests.TestVecDotQ5_1_ValidBlock","DisplayName":"SharpMind.Tests.Quantization.VecDotTests.TestVecDotQ5_1_ValidBlock","ExecutorUri":"executor://xunit/VsTestRunner3/netcore/","Source":"C:\\Integral2u\\source\\repos\\SharpMind\\SharpMind.Tests\\bin\\Debug\\net10.0\\SharpMind.Tests.dll","CodeFilePath":null,"LineNumber":0,"Properties":[{"Key":{"Id":"TestCase.ManagedMethod","Label":"ManagedMethod","Category":"","Description":"","Attributes":1,"ValueType":"System.String"},"Value":"TestVecDotQ5_1_ValidBlock"},{"Key":{"Id":"XunitTestCaseUniqueID","Label":"xUnit.net Test Case Unique ID","Category":"","Description":"","Attributes":0,"ValueType":"System.String"},"Value":"a5a52bb8ebbdbb1a6265b12986cd82ebc4124c68"},{"Key":{"Id":"XunitTestCaseExplicit","Label":"xUnit.net Test Case Explicit Flag","Category":"","Description":"","Attributes":0,"ValueType":"System.Boolean"},"Value":false},{"Key":{"Id":"TestCase.ManagedType","Label":"ManagedType","Category":"","Description":"","Attributes":1,"ValueType":"System.String"},"Value":"SharpMind.Tests.Quantization.VecDotTests"}]},"Attachments":[],"Outcome":1,"ErrorMessage":null,"ErrorStackTrace":null,"DisplayName":"SharpMind.Tests.Quantization.VecDotTests.TestVecDotQ5_1_ValidBlock(qOps: QuantizationOps26430654 { })","Messages":[],"ComputerName":"LAPTOP-MKMTSO1B","Duration":"00:00:00.0063526","StartTime":"2026-07-20T05:24:31.7482481+00:00","EndTime":"2026-07-20T05:24:31.7549271+00:00","Properties":[]},{"TestCase":{"Id":"2917080a-bed3-743f-bc55-502b0257b2c6","FullyQualifiedName":"SharpMind.Tests.Quantization.VecDotTests.TestVecDotQ4K_ValidBlock","DisplayName":"SharpMind.Tests.Quantization.VecDotTests.TestVecDotQ4K_ValidBlock","ExecutorUri":"executor://xunit/VsTestRunner3/netcore/","Source":"C:\\Integral2u\\source\\repos\\SharpMind\\SharpMind.Tests\\bin\\Debug\\net10.0\\SharpMind.Tests.dll","CodeFilePath":null,"LineNumber":0,"Properties":[{"Key":{"Id":"TestCase.ManagedMethod","Label":"ManagedMethod","Category":"","Description":"","Attributes":1,"ValueType":"System.String"},"Value":"TestVecDotQ4K_ValidBlock"},{"Key":{"Id":"XunitTestCaseUniqueID","Label":"xUnit.net Test Case Unique ID","Category":"","Description":"","Attributes":0,"ValueType":"System.String"},"Value":"a6516cf8865654557b61671126c7df15d3af813e"},{"Key":{"Id":"XunitTestCaseExplicit","Label":"xUnit.net Test Case Explicit Flag","Category":"","Description":"","Attributes":0,"ValueType":"System.Boolean"},"Value":false},{"Key":{"Id":"TestCase.ManagedType","Label":"ManagedType","Category":"","Description":"","Attributes":1,"ValueType":"System.String"},"Value":"SharpMind.Tests.Quantization.VecDotTests"}]},"Attachments":[],"Outcome":1,"ErrorMessage":null,"ErrorStackTrace":null,"DisplayName":"SharpMind.Tests.Quantization.VecDotTests.TestVecDotQ4K_ValidBlock(qOps: QuantizationOps41153804 { })","Messages":[],"ComputerName":"LAPTOP-MKMTSO1B","Duration":"00:00:00.0013358","StartTime":"2026-07-20T05:24:31.757583+00:00","EndTime":"2026-07-20T05:24:31.7589311+00:00","Properties":[]},{"TestCase":{"Id":"2917080a-bed3-743f-bc55-502b0257b2c6","FullyQualifiedName":"SharpMind.Tests.Quantization.VecDotTests.TestVecDotQ4K_ValidBlock","DisplayName":"SharpMind.Tests.Quantization.VecDotTests.TestVecDotQ4K_ValidBlock","ExecutorUri":"executor://xunit/VsTestRunner3/netcore/","Source":"C:\\Integral2u\\source\\repos\\SharpMind\\SharpMind.Tests\\bin\\Debug\\net10.0\\SharpMind.Tests.dll","CodeFilePath":null,"LineNumber":0,"Properties":[{"Key":{"Id":"TestCase.ManagedMethod","Label":"ManagedMethod","Category":"","Description":"","Attributes":1,"ValueType":"System.String"},"Value":"TestVecDotQ4K_ValidBlock"},{"Key":{"Id":"XunitTestCaseUniqueID","Label":"xUnit.net Test Case Unique ID","Category":"","Description":"","Attributes":0,"ValueType":"System.String"},"Value":"a6516cf8865654557b61671126c7df15d3af813e"},{"Key":{"Id":"XunitTestCaseExplicit","Label":"xUnit.net Test Case Explicit Flag","Category":"","Description":"","Attributes":0,"ValueType":"System.Boolean"},"Value":false},{"Key":{"Id":"TestCase.ManagedType","Label":"ManagedType","Category":"","Description":"","Attributes":1,"ValueType":"System.String"},"Value":"SharpMind.Tests.Quantization.VecDotTests"}]},"Attachments":[],"Outcome":1,"ErrorMessage":null,"ErrorStackTrace":null,"DisplayName":"SharpMind.Tests.Quantization.VecDotTests.TestVecDotQ4K_ValidBlock(qOps: QuantizationOps65849037 { })","Messages":[],"ComputerName":"LAPTOP-MKMTSO1B","Duration":"00:00:00.0004893","StartTime":"2026-07-20T05:24:31.7593577+00:00","EndTime":"2026-07-20T05:24:31.7595208+00:00","Properties":[]},{"TestCase":{"Id":"2917080a-bed3-743f-bc55-502b0257b2c6","FullyQualifiedName":"SharpMind.Tests.Quantization.VecDotTests.TestVecDotQ4K_ValidBlock","DisplayName":"SharpMind.Tests.Quantization.VecDotTests.TestVecDotQ4K_ValidBlock","ExecutorUri":"executor://xunit/VsTestRunner3/netcore/","Source":"C:\\Integral2u\\source\\repos\\SharpMind\\SharpMind.Tests\\bin\\Debug\\net10.0\\SharpMind.Tests.dll","CodeFilePath":null,"LineNumber":0,"Properties":[{"Key":{"Id":"TestCase.ManagedMethod","Label":"ManagedMethod","Category":"","Description":"","Attributes":1,"ValueType":"System.String"},"Value":"TestVecDotQ4K_ValidBlock"},{"Key":{"Id":"XunitTestCaseUniqueID","Label":"xUnit.net Test Case Unique ID","Category":"","Description":"","Attributes":0,"ValueType":"System.String"},"Value":"a6516cf8865654557b61671126c7df15d3af813e"},{"Key":{"Id":"XunitTestCaseExplicit","Label":"xUnit.net Test Case Explicit Flag","Category":"","Description":"","Attributes":0,"ValueType":"System.Boolean"},"Value":false},{"Key":{"Id":"TestCase.ManagedType","Label":"ManagedType","Category":"","Description":"","Attributes":1,"ValueType":"System.String"},"Value":"SharpMind.Tests.Quantization.VecDotTests"}]},"Attachments":[],"Outcome":1,"ErrorMessage":null,"ErrorStackTrace":null,"DisplayName":"SharpMind.Tests.Quantization.VecDotTests.TestVecDotQ4K_ValidBlock(qOps: QuantizationOps463695 { })","Messages":[],"ComputerName":"LAPTOP-MKMTSO1B","Duration":"00:00:00.0032409","StartTime":"2026-07-20T05:24:31.7599727+00:00","EndTime":"2026-07-20T05:24:31.7627951+00:00","Properties":[]},{"TestCase":{"Id":"2917080a-bed3-743f-bc55-502b0257b2c6","FullyQualifiedName":"SharpMind.Tests.Quantization.VecDotTests.TestVecDotQ4K_ValidBlock","DisplayName":"SharpMind.Tests.Quantization.VecDotTests.TestVecDotQ4K_ValidBlock","ExecutorUri":"executor://xunit/VsTestRunner3/netcore/","Source":"C:\\Integral2u\\source\\repos\\SharpMind\\SharpMind.Tests\\bin\\Debug\\net10.0\\SharpMind.Tests.dll","CodeFilePath":null,"LineNumber":0,"Properties":[{"Key":{"Id":"TestCase.ManagedMethod","Label":"ManagedMethod","Category":"","Description":"","Attributes":1,"ValueType":"System.String"},"Value":"TestVecDotQ4K_ValidBlock"},{"Key":{"Id":"XunitTestCaseUniqueID","Label":"xUnit.net Test Case Unique ID","Category":"","Description":"","Attributes":0,"ValueType":"System.String"},"Value":"a6516cf8865654557b61671126c7df15d3af813e"},{"Key":{"Id":"XunitTestCaseExplicit","Label":"xUnit.net Test Case Explicit Flag","Category":"","Description":"","Attributes":0,"ValueType":"System.Boolean"},"Value":false},{"Key":{"Id":"TestCase.ManagedType","Label":"ManagedType","Category":"","Description":"","Attributes":1,"ValueType":"System.String"},"Value":"SharpMind.Tests.Quantization.VecDotTests"}]},"Attachments":[],"Outcome":1,"ErrorMessage":null,"ErrorStackTrace":null,"DisplayName":"SharpMind.Tests.Quantization.VecDotTests.TestVecDotQ4K_ValidBlock(qOps: QuantizationOps26430654 { })","Messages":[],"ComputerName":"LAPTOP-MKMTSO1B","Duration":"00:00:00.0038908","StartTime":"2026-07-20T05:24:31.7633675+00:00","EndTime":"2026-07-20T05:24:31.7669059+00:00","Properties":[]},{"TestCase":{"Id":"3ebf83f5-ddf8-b672-1927-3a5167ae71fa","FullyQualifiedName":"SharpMind.Tests.Quantization.VecDotTests.VecDotQ3K_MultiBlockAgrees","DisplayName":"SharpMind.Tests.Quantization.VecDotTests.VecDotQ3K_MultiBlockAgrees","ExecutorUri":"executor://xunit/VsTestRunner3/netcore/","Source":"C:\\Integral2u\\source\\repos\\SharpMind\\SharpMind.Tests\\bin\\Debug\\net10.0\\SharpMind.Tests.dll","CodeFilePath":null,"LineNumber":0,"Properties":[{"Key":{"Id":"TestCase.ManagedMethod","Label":"ManagedMethod","Category":"","Description":"","Attributes":1,"ValueType":"System.String"},"Value":"VecDotQ3K_MultiBlockAgrees"},{"Key":{"Id":"XunitTestCaseUniqueID","Label":"xUnit.net Test Case Unique ID","Category":"","Description":"","Attributes":0,"ValueType":"System.String"},"Value":"df8a189f9cd8bcabf58d290b6c713f780e022e0c"},{"Key":{"Id":"XunitTestCaseExplicit","Label":"xUnit.net Test Case Explicit Flag","Category":"","Description":"","Attributes":0,"ValueType":"System.Boolean"},"Value":false},{"Key":{"Id":"TestCase.ManagedType","Label":"ManagedType","Category":"","Description":"","Attributes":1,"ValueType":"System.String"},"Value":"SharpMind.Tests.Quantization.VecDotTests"}]},"Attachments":[],"Outcome":1,"ErrorMessage":null,"ErrorStackTrace":null,"DisplayName":"SharpMind.Tests.Quantization.VecDotTests.VecDotQ3K_MultiBlockAgrees","Messages":[],"ComputerName":"LAPTOP-MKMTSO1B","Duration":"00:00:00.0069546","StartTime":"2026-07-20T05:24:31.7712767+00:00","EndTime":"2026-07-20T05:24:31.7739759+00:00","Properties":[]}],"TestRunStatistics":{"ExecutedTests":86,"Stats":{"Passed":86}},"ActiveTests":[{"Id":"5631dea2-8a06-234c-cea7-9d282cd787ce","FullyQualifiedName":"SharpMind.Tests.Quantization.VecDotTests.TestVecDotQ2K_ValidBlock","DisplayName":"SharpMind.Tests.Quantization.VecDotTests.TestVecDotQ2K_ValidBlock","ExecutorUri":"executor://xunit/VsTestRunner3/netcore/","Source":"C:\\Integral2u\\source\\repos\\SharpMind\\SharpMind.Tests\\bin\\Debug\\net10.0\\SharpMind.Tests.dll","CodeFilePath":null,"LineNumber":0,"Properties":[{"Key":{"Id":"TestCase.ManagedMethod","Label":"ManagedMethod","Category":"","Description":"","Attributes":1,"ValueType":"System.String"},"Value":"TestVecDotQ2K_ValidBlock"},{"Key":{"Id":"XunitTestCaseUniqueID","Label":"xUnit.net Test Case Unique ID","Category":"","Description":"","Attributes":0,"ValueType":"System.String"},"Value":"f749b80647e297989988d5ac4115c668e667a332"},{"Key":{"Id":"XunitTestCaseExplicit","Label":"xUnit.net Test Case Explicit Flag","Category":"","Description":"","Attributes":0,"ValueType":"System.Boolean"},"Value":false},{"Key":{"Id":"TestCase.ManagedType","Label":"ManagedType","Category":"","Description":"","Attributes":1,"ValueType":"System.String"},"Value":"SharpMind.Tests.Quantization.VecDotTests"}]}]}}
TpTrace Verbose: 0 : 2820, 13, 2026/07/20, 17:24:31.780, 364606547561, vstest.console.dll, TestRunRequest:SendTestRunStatsChange: Starting.
TpTrace Verbose: 0 : 2820, 13, 2026/07/20, 17:24:31.780, 364606548929, vstest.console.dll, InProgress is SharpMind.Tests.Quantization.VecDotTests.TestVecDotQ2K_ValidBlock
TpTrace Verbose: 0 : 2820, 13, 2026/07/20, 17:24:31.780, 364606549867, vstest.console.dll, MulticastDelegateUtilities.SafeInvoke: TestRun.RunStatsChanged: Invoking callbacks was skipped because there are no subscribers.
TpTrace Information: 0 : 2820, 13, 2026/07/20, 17:24:31.780, 364606550481, vstest.console.dll, TestRunRequest:SendTestRunStatsChange: Completed.
TpTrace Verbose: 0 : 2820, 4, 2026/07/20, 17:24:31.780, 364606550864, vstest.console.dll, MulticastDelegateUtilities.SafeInvoke: InternalTestLoggerEvents.SendTestResult: Invoking callback 1/1 for Microsoft.VisualStudio.TestPlatform.CommandLine.Internal.ConsoleLogger., took 0 ms.
TpTrace Verbose: 0 : 2820, 13, 2026/07/20, 17:24:31.780, 364606551028, vstest.console.dll, MulticastDelegateUtilities.SafeInvoke: LengthPrefixCommunicationChannel: MessageReceived: Invoking callback 1/1 for Microsoft.VisualStudio.TestPlatform.CommunicationUtilities.TestRequestSender+<>c__DisplayClass34_0., took 3 ms.
TpTrace Verbose: 0 : 2820, 4, 2026/07/20, 17:24:31.780, 364606551937, vstest.console.dll, MulticastDelegateUtilities.SafeInvoke: InternalTestLoggerEvents.SendTestResult: Invoking callback 1/1 for Microsoft.VisualStudio.TestPlatform.CommandLine.Internal.ConsoleLogger., took 0 ms.
TpTrace Verbose: 0 : 2820, 13, 2026/07/20, 17:24:31.780, 364606552445, vstest.console.dll, TcpClientExtensions.MessageLoopAsync: Polling on remoteEndPoint: 127.0.0.1:55546 localEndPoint: 127.0.0.1:55545 after 24 ms
TpTrace Verbose: 0 : 2820, 4, 2026/07/20, 17:24:31.780, 364606553343, vstest.console.dll, MulticastDelegateUtilities.SafeInvoke: InternalTestLoggerEvents.SendTestResult: Invoking callback 1/1 for Microsoft.VisualStudio.TestPlatform.CommandLine.Internal.ConsoleLogger., took 0 ms.
TpTrace Verbose: 0 : 2820, 4, 2026/07/20, 17:24:31.780, 364606554109, vstest.console.dll, MulticastDelegateUtilities.SafeInvoke: InternalTestLoggerEvents.SendTestResult: Invoking callback 1/1 for Microsoft.VisualStudio.TestPlatform.CommandLine.Internal.ConsoleLogger., took 0 ms.
TpTrace Verbose: 0 : 2820, 4, 2026/07/20, 17:24:31.781, 364606554717, vstest.console.dll, MulticastDelegateUtilities.SafeInvoke: InternalTestLoggerEvents.SendTestResult: Invoking callback 1/1 for Microsoft.VisualStudio.TestPlatform.CommandLine.Internal.ConsoleLogger., took 0 ms.
TpTrace Verbose: 0 : 2820, 4, 2026/07/20, 17:24:31.781, 364606555251, vstest.console.dll, MulticastDelegateUtilities.SafeInvoke: InternalTestLoggerEvents.SendTestResult: Invoking callback 1/1 for Microsoft.VisualStudio.TestPlatform.CommandLine.Internal.ConsoleLogger., took 0 ms.
TpTrace Verbose: 0 : 2820, 4, 2026/07/20, 17:24:31.781, 364606556022, vstest.console.dll, MulticastDelegateUtilities.SafeInvoke: InternalTestLoggerEvents.SendTestResult: Invoking callback 1/1 for Microsoft.VisualStudio.TestPlatform.CommandLine.Internal.ConsoleLogger., took 0 ms.
TpTrace Verbose: 0 : 2820, 4, 2026/07/20, 17:24:31.781, 364606556635, vstest.console.dll, MulticastDelegateUtilities.SafeInvoke: InternalTestLoggerEvents.SendTestResult: Invoking callback 1/1 for Microsoft.VisualStudio.TestPlatform.CommandLine.Internal.ConsoleLogger., took 0 ms.
TpTrace Verbose: 0 : 2820, 4, 2026/07/20, 17:24:31.781, 364606557166, vstest.console.dll, MulticastDelegateUtilities.SafeInvoke: InternalTestLoggerEvents.SendTestResult: Invoking callback 1/1 for Microsoft.VisualStudio.TestPlatform.CommandLine.Internal.ConsoleLogger., took 0 ms.
TpTrace Verbose: 0 : 2820, 13, 2026/07/20, 17:24:31.908, 364607827132, vstest.console.dll, TcpClientExtensions.MessageLoopAsync: NotifyDataAvailable remoteEndPoint: 127.0.0.1:55546 localEndPoint: 127.0.0.1:55545
TpTrace Verbose: 0 : 2820, 13, 2026/07/20, 17:24:31.908, 364607831285, vstest.console.dll, TestRequestSender.OnExecutionMessageReceived: Received message: {"Version":7,"MessageType":"TestExecution.StatsChange","Payload":{"NewTestResults":[{"TestCase":{"Id":"5631dea2-8a06-234c-cea7-9d282cd787ce","FullyQualifiedName":"SharpMind.Tests.Quantization.VecDotTests.TestVecDotQ2K_ValidBlock","DisplayName":"SharpMind.Tests.Quantization.VecDotTests.TestVecDotQ2K_ValidBlock","ExecutorUri":"executor://xunit/VsTestRunner3/netcore/","Source":"C:\\Integral2u\\source\\repos\\SharpMind\\SharpMind.Tests\\bin\\Debug\\net10.0\\SharpMind.Tests.dll","CodeFilePath":null,"LineNumber":0,"Properties":[{"Key":{"Id":"TestCase.ManagedMethod","Label":"ManagedMethod","Category":"","Description":"","Attributes":1,"ValueType":"System.String"},"Value":"TestVecDotQ2K_ValidBlock"},{"Key":{"Id":"XunitTestCaseUniqueID","Label":"xUnit.net Test Case Unique ID","Category":"","Description":"","Attributes":0,"ValueType":"System.String"},"Value":"f749b80647e297989988d5ac4115c668e667a332"},{"Key":{"Id":"XunitTestCaseExplicit","Label":"xUnit.net Test Case Explicit Flag","Category":"","Description":"","Attributes":0,"ValueType":"System.Boolean"},"Value":false},{"Key":{"Id":"TestCase.ManagedType","Label":"ManagedType","Category":"","Description":"","Attributes":1,"ValueType":"System.String"},"Value":"SharpMind.Tests.Quantization.VecDotTests"}]},"Attachments":[],"Outcome":1,"ErrorMessage":null,"ErrorStackTrace":null,"DisplayName":"SharpMind.Tests.Quantization.VecDotTests.TestVecDotQ2K_ValidBlock(qOps: QuantizationOps41153804 { })","Messages":[],"ComputerName":"LAPTOP-MKMTSO1B","Duration":"00:00:00.0015066","StartTime":"2026-07-20T05:24:31.7768586+00:00","EndTime":"2026-07-20T05:24:31.7770309+00:00","Properties":[]},{"TestCase":{"Id":"5631dea2-8a06-234c-cea7-9d282cd787ce","FullyQualifiedName":"SharpMind.Tests.Quantization.VecDotTests.TestVecDotQ2K_ValidBlock","DisplayName":"SharpMind.Tests.Quantization.VecDotTests.TestVecDotQ2K_ValidBlock","ExecutorUri":"executor://xunit/VsTestRunner3/netcore/","Source":"C:\\Integral2u\\source\\repos\\SharpMind\\SharpMind.Tests\\bin\\Debug\\net10.0\\SharpMind.Tests.dll","CodeFilePath":null,"LineNumber":0,"Properties":[{"Key":{"Id":"TestCase.ManagedMethod","Label":"ManagedMethod","Category":"","Description":"","Attributes":1,"ValueType":"System.String"},"Value":"TestVecDotQ2K_ValidBlock"},{"Key":{"Id":"XunitTestCaseUniqueID","Label":"xUnit.net Test Case Unique ID","Category":"","Description":"","Attributes":0,"ValueType":"System.String"},"Value":"f749b80647e297989988d5ac4115c668e667a332"},{"Key":{"Id":"XunitTestCaseExplicit","Label":"xUnit.net Test Case Explicit Flag","Category":"","Description":"","Attributes":0,"ValueType":"System.Boolean"},"Value":false},{"Key":{"Id":"TestCase.ManagedType","Label":"ManagedType","Category":"","Description":"","Attributes":1,"ValueType":"System.String"},"Value":"SharpMind.Tests.Quantization.VecDotTests"}]},"Attachments":[],"Outcome":1,"ErrorMessage":null,"ErrorStackTrace":null,"DisplayName":"SharpMind.Tests.Quantization.VecDotTests.TestVecDotQ2K_ValidBlock(qOps: QuantizationOps65849037 { })","Messages":[],"ComputerName":"LAPTOP-MKMTSO1B","Duration":"00:00:00.0005042","StartTime":"2026-07-20T05:24:31.7774675+00:00","EndTime":"2026-07-20T05:24:31.7776321+00:00","Properties":[]},{"TestCase":{"Id":"5631dea2-8a06-234c-cea7-9d282cd787ce","FullyQualifiedName":"SharpMind.Tests.Quantization.VecDotTests.TestVecDotQ2K_ValidBlock","DisplayName":"SharpMind.Tests.Quantization.VecDotTests.TestVecDotQ2K_ValidBlock","ExecutorUri":"executor://xunit/VsTestRunner3/netcore/","Source":"C:\\Integral2u\\source\\repos\\SharpMind\\SharpMind.Tests\\bin\\Debug\\net10.0\\SharpMind.Tests.dll","CodeFilePath":null,"LineNumber":0,"Properties":[{"Key":{"Id":"TestCase.ManagedMethod","Label":"ManagedMethod","Category":"","Description":"","Attributes":1,"ValueType":"System.String"},"Value":"TestVecDotQ2K_ValidBlock"},{"Key":{"Id":"XunitTestCaseUniqueID","Label":"xUnit.net Test Case Unique ID","Category":"","Description":"","Attributes":0,"ValueType":"System.String"},"Value":"f749b80647e297989988d5ac4115c668e667a332"},{"Key":{"Id":"XunitTestCaseExplicit","Label":"xUnit.net Test Case Explicit Flag","Category":"","Description":"","Attributes":0,"ValueType":"System.Boolean"},"Value":false},{"Key":{"Id":"TestCase.ManagedType","Label":"ManagedType","Category":"","Description":"","Attributes":1,"ValueType":"System.String"},"Value":"SharpMind.Tests.Quantization.VecDotTests"}]},"Attachments":[],"Outcome":1,"ErrorMessage":null,"ErrorStackTrace":null,"DisplayName":"SharpMind.Tests.Quantization.VecDotTests.TestVecDotQ2K_ValidBlock(qOps: QuantizationOps463695 { })","Messages":[],"ComputerName":"LAPTOP-MKMTSO1B","Duration":"00:00:00.0150307","StartTime":"2026-07-20T05:24:31.7780633+00:00","EndTime":"2026-07-20T05:24:31.7927062+00:00","Properties":[]},{"TestCase":{"Id":"5631dea2-8a06-234c-cea7-9d282cd787ce","FullyQualifiedName":"SharpMind.Tests.Quantization.VecDotTests.TestVecDotQ2K_ValidBlock","DisplayName":"SharpMind.Tests.Quantization.VecDotTests.TestVecDotQ2K_ValidBlock","ExecutorUri":"executor://xunit/VsTestRunner3/netcore/","Source":"C:\\Integral2u\\source\\repos\\SharpMind\\SharpMind.Tests\\bin\\Debug\\net10.0\\SharpMind.Tests.dll","CodeFilePath":null,"LineNumber":0,"Properties":[{"Key":{"Id":"TestCase.ManagedMethod","Label":"ManagedMethod","Category":"","Description":"","Attributes":1,"ValueType":"System.String"},"Value":"TestVecDotQ2K_ValidBlock"},{"Key":{"Id":"XunitTestCaseUniqueID","Label":"xUnit.net Test Case Unique ID","Category":"","Description":"","Attributes":0,"ValueType":"System.String"},"Value":"f749b80647e297989988d5ac4115c668e667a332"},{"Key":{"Id":"XunitTestCaseExplicit","Label":"xUnit.net Test Case Explicit Flag","Category":"","Description":"","Attributes":0,"ValueType":"System.Boolean"},"Value":false},{"Key":{"Id":"TestCase.ManagedType","Label":"ManagedType","Category":"","Description":"","Attributes":1,"ValueType":"System.String"},"Value":"SharpMind.Tests.Quantization.VecDotTests"}]},"Attachments":[],"Outcome":1,"ErrorMessage":null,"ErrorStackTrace":null,"DisplayName":"SharpMind.Tests.Quantization.VecDotTests.TestVecDotQ2K_ValidBlock(qOps: QuantizationOps26430654 { })","Messages":[],"ComputerName":"LAPTOP-MKMTSO1B","Duration":"00:00:00.0042081","StartTime":"2026-07-20T05:24:31.7932726+00:00","EndTime":"2026-07-20T05:24:31.7960959+00:00","Properties":[]},{"TestCase":{"Id":"f628b142-91a0-15a9-5266-2aeaadaa4bdd","FullyQualifiedName":"SharpMind.Tests.Quantization.VecDotTests.TestVecDotQ8_0_ValidBlock","DisplayName":"SharpMind.Tests.Quantization.VecDotTests.TestVecDotQ8_0_ValidBlock","ExecutorUri":"executor://xunit/VsTestRunner3/netcore/","Source":"C:\\Integral2u\\source\\repos\\SharpMind\\SharpMind.Tests\\bin\\Debug\\net10.0\\SharpMind.Tests.dll","CodeFilePath":null,"LineNumber":0,"Properties":[{"Key":{"Id":"TestCase.ManagedMethod","Label":"ManagedMethod","Category":"","Description":"","Attributes":1,"ValueType":"System.String"},"Value":"TestVecDotQ8_0_ValidBlock"},{"Key":{"Id":"XunitTestCaseUniqueID","Label":"xUnit.net Test Case Unique ID","Category":"","Description":"","Attributes":0,"ValueType":"System.String"},"Value":"f86559e47e45e3fc826b4335c5a71be3338bd70c"},{"Key":{"Id":"XunitTestCaseExplicit","Label":"xUnit.net Test Case Explicit Flag","Category":"","Description":"","Attributes":0,"ValueType":"System.Boolean"},"Value":false},{"Key":{"Id":"TestCase.ManagedType","Label":"ManagedType","Category":"","Description":"","Attributes":1,"ValueType":"System.String"},"Value":"SharpMind.Tests.Quantization.VecDotTests"}]},"Attachments":[],"Outcome":1,"ErrorMessage":null,"ErrorStackTrace":null,"DisplayName":"SharpMind.Tests.Quantization.VecDotTests.TestVecDotQ8_0_ValidBlock(qOps: QuantizationOps41153804 { })","Messages":[],"ComputerName":"LAPTOP-MKMTSO1B","Duration":"00:00:00.0010644","StartTime":"2026-07-20T05:24:31.7971315+00:00","EndTime":"2026-07-20T05:24:31.7982467+00:00","Properties":[]},{"TestCase":{"Id":"f628b142-91a0-15a9-5266-2aeaadaa4bdd","FullyQualifiedName":"SharpMind.Tests.Quantization.VecDotTests.TestVecDotQ8_0_ValidBlock","DisplayName":"SharpMind.Tests.Quantization.VecDotTests.TestVecDotQ8_0_ValidBlock","ExecutorUri":"executor://xunit/VsTestRunner3/netcore/","Source":"C:\\Integral2u\\source\\repos\\SharpMind\\SharpMind.Tests\\bin\\Debug\\net10.0\\SharpMind.Tests.dll","CodeFilePath":null,"LineNumber":0,"Properties":[{"Key":{"Id":"TestCase.ManagedMethod","Label":"ManagedMethod","Category":"","Description":"","Attributes":1,"ValueType":"System.String"},"Value":"TestVecDotQ8_0_ValidBlock"},{"Key":{"Id":"XunitTestCaseUniqueID","Label":"xUnit.net Test Case Unique ID","Category":"","Description":"","Attributes":0,"ValueType":"System.String"},"Value":"f86559e47e45e3fc826b4335c5a71be3338bd70c"},{"Key":{"Id":"XunitTestCaseExplicit","Label":"xUnit.net Test Case Explicit Flag","Category":"","Description":"","Attributes":0,"ValueType":"System.Boolean"},"Value":false},{"Key":{"Id":"TestCase.ManagedType","Label":"ManagedType","Category":"","Description":"","Attributes":1,"ValueType":"System.String"},"Value":"SharpMind.Tests.Quantization.VecDotTests"}]},"Attachments":[],"Outcome":1,"ErrorMessage":null,"ErrorStackTrace":null,"DisplayName":"SharpMind.Tests.Quantization.VecDotTests.TestVecDotQ8_0_ValidBlock(qOps: QuantizationOps65849037 { })","Messages":[],"ComputerName":"LAPTOP-MKMTSO1B","Duration":"00:00:00.0012048","StartTime":"2026-07-20T05:24:31.7986701+00:00","EndTime":"2026-07-20T05:24:31.799516+00:00","Properties":[]},{"TestCase":{"Id":"f628b142-91a0-15a9-5266-2aeaadaa4bdd","FullyQualifiedName":"SharpMind.Tests.Quantization.VecDotTests.TestVecDotQ8_0_ValidBlock","DisplayName":"SharpMind.Tests.Quantization.VecDotTests.TestVecDotQ8_0_ValidBlock","ExecutorUri":"executor://xunit/VsTestRunner3/netcore/","Source":"C:\\Integral2u\\source\\repos\\SharpMind\\SharpMind.Tests\\bin\\Debug\\net10.0\\SharpMind.Tests.dll","CodeFilePath":null,"LineNumber":0,"Properties":[{"Key":{"Id":"TestCase.ManagedMethod","Label":"ManagedMethod","Category":"","Description":"","Attributes":1,"ValueType":"System.String"},"Value":"TestVecDotQ8_0_ValidBlock"},{"Key":{"Id":"XunitTestCaseUniqueID","Label":"xUnit.net Test Case Unique ID","Category":"","Description":"","Attributes":0,"ValueType":"System.String"},"Value":"f86559e47e45e3fc826b4335c5a71be3338bd70c"},{"Key":{"Id":"XunitTestCaseExplicit","Label":"xUnit.net Test Case Explicit Flag","Category":"","Description":"","Attributes":0,"ValueType":"System.Boolean"},"Value":false},{"Key":{"Id":"TestCase.ManagedType","Label":"ManagedType","Category":"","Description":"","Attributes":1,"ValueType":"System.String"},"Value":"SharpMind.Tests.Quantization.VecDotTests"}]},"Attachments":[],"Outcome":1,"ErrorMessage":null,"ErrorStackTrace":null,"DisplayName":"SharpMind.Tests.Quantization.VecDotTests.TestVecDotQ8_0_ValidBlock(qOps: QuantizationOps463695 { })","Messages":[],"ComputerName":"LAPTOP-MKMTSO1B","Duration":"00:00:00.0061861","StartTime":"2026-07-20T05:24:31.8000595+00:00","EndTime":"2026-07-20T05:24:31.805845+00:00","Properties":[]},{"TestCase":{"Id":"f628b142-91a0-15a9-5266-2aeaadaa4bdd","FullyQualifiedName":"SharpMind.Tests.Quantization.VecDotTests.TestVecDotQ8_0_ValidBlock","DisplayName":"SharpMind.Tests.Quantization.VecDotTests.TestVecDotQ8_0_ValidBlock","ExecutorUri":"executor://xunit/VsTestRunner3/netcore/","Source":"C:\\Integral2u\\source\\repos\\SharpMind\\SharpMind.Tests\\bin\\Debug\\net10.0\\SharpMind.Tests.dll","CodeFilePath":null,"LineNumber":0,"Properties":[{"Key":{"Id":"TestCase.ManagedMethod","Label":"ManagedMethod","Category":"","Description":"","Attributes":1,"ValueType":"System.String"},"Value":"TestVecDotQ8_0_ValidBlock"},{"Key":{"Id":"XunitTestCaseUniqueID","Label":"xUnit.net Test Case Unique ID","Category":"","Description":"","Attributes":0,"ValueType":"System.String"},"Value":"f86559e47e45e3fc826b4335c5a71be3338bd70c"},{"Key":{"Id":"XunitTestCaseExplicit","Label":"xUnit.net Test Case Explicit Flag","Category":"","Description":"","Attributes":0,"ValueType":"System.Boolean"},"Value":false},{"Key":{"Id":"TestCase.ManagedType","Label":"ManagedType","Category":"","Description":"","Attributes":1,"ValueType":"System.String"},"Value":"SharpMind.Tests.Quantization.VecDotTests"}]},"Attachments":[],"Outcome":1,"ErrorMessage":null,"ErrorStackTrace":null,"DisplayName":"SharpMind.Tests.Quantization.VecDotTests.TestVecDotQ8_0_ValidBlock(qOps: QuantizationOps26430654 { })","Messages":[],"ComputerName":"LAPTOP-MKMTSO1B","Duration":"00:00:00.0011983","StartTime":"2026-07-20T05:24:31.8064539+00:00","EndTime":"2026-07-20T05:24:31.8070062+00:00","Properties":[]},{"TestCase":{"Id":"51e53add-a2ef-d5d1-8c90-1def6fcb4159","FullyQualifiedName":"SharpMind.Tests.Data.JsonlSourceTests.MissingField_Skipped","DisplayName":"SharpMind.Tests.Data.JsonlSourceTests.MissingField_Skipped","ExecutorUri":"executor://xunit/VsTestRunner3/netcore/","Source":"C:\\Integral2u\\source\\repos\\SharpMind\\SharpMind.Tests\\bin\\Debug\\net10.0\\SharpMind.Tests.dll","CodeFilePath":null,"LineNumber":0,"Properties":[{"Key":{"Id":"TestCase.ManagedMethod","Label":"ManagedMethod","Category":"","Description":"","Attributes":1,"ValueType":"System.String"},"Value":"MissingField_Skipped"},{"Key":{"Id":"XunitTestCaseUniqueID","Label":"xUnit.net Test Case Unique ID","Category":"","Description":"","Attributes":0,"ValueType":"System.String"},"Value":"1ca545ba5f92383276a21bcaba49279dc1626d7f"},{"Key":{"Id":"XunitTestCaseExplicit","Label":"xUnit.net Test Case Explicit Flag","Category":"","Description":"","Attributes":0,"ValueType":"System.Boolean"},"Value":false},{"Key":{"Id":"TestCase.ManagedType","Label":"ManagedType","Category":"","Description":"","Attributes":1,"ValueType":"System.String"},"Value":"SharpMind.Tests.Data.JsonlSourceTests"}]},"Attachments":[],"Outcome":1,"ErrorMessage":null,"ErrorStackTrace":null,"DisplayName":"SharpMind.Tests.Data.JsonlSourceTests.MissingField_Skipped","Messages":[],"ComputerName":"LAPTOP-MKMTSO1B","Duration":"00:00:04.4778455","StartTime":"2026-07-20T05:24:27.3756034+00:00","EndTime":"2026-07-20T05:24:31.8982822+00:00","Properties":[]}],"TestRunStatistics":{"ExecutedTests":95,"Stats":{"Passed":95}},"ActiveTests":[{"Id":"79ee7a83-e994-0a4e-e94a-a8894d5de997","FullyQualifiedName":"SharpMind.Tests.Data.BuiltInStageTests.StripHtml_DecodesEntities","DisplayName":"SharpMind.Tests.Data.BuiltInStageTests.StripHtml_DecodesEntities(entity: \"&gt;\", expected: \">\")","ExecutorUri":"executor://xunit/VsTestRunner3/netcore/","Source":"C:\\Integral2u\\source\\repos\\SharpMind\\SharpMind.Tests\\bin\\Debug\\net10.0\\SharpMind.Tests.dll","CodeFilePath":null,"LineNumber":0,"Properties":[{"Key":{"Id":"TestCase.ManagedMethod","Label":"ManagedMethod","Category":"","Description":"","Attributes":1,"ValueType":"System.String"},"Value":"StripHtml_DecodesEntities"},{"Key":{"Id":"XunitTestCaseUniqueID","Label":"xUnit.net Test Case Unique ID","Category":"","Description":"","Attributes":0,"ValueType":"System.String"},"Value":"3596b17c18160fa676ea4a4b040a6f4b0a26b6ac"},{"Key":{"Id":"XunitTestCaseExplicit","Label":"xUnit.net Test Case Explicit Flag","Category":"","Description":"","Attributes":0,"ValueType":"System.Boolean"},"Value":false},{"Key":{"Id":"TestCase.ManagedType","Label":"ManagedType","Category":"","Description":"","Attributes":1,"ValueType":"System.String"},"Value":"SharpMind.Tests.Data.BuiltInStageTests"}]}]}}
TpTrace Verbose: 0 : 2820, 13, 2026/07/20, 17:24:31.911, 364607863545, vstest.console.dll, TestRunRequest:SendTestRunStatsChange: Starting.
TpTrace Verbose: 0 : 2820, 13, 2026/07/20, 17:24:31.912, 364607864672, vstest.console.dll, InProgress is SharpMind.Tests.Data.BuiltInStageTests.StripHtml_DecodesEntities(entity: "&gt;", expected: ">")
TpTrace Verbose: 0 : 2820, 13, 2026/07/20, 17:24:31.912, 364607865884, vstest.console.dll, MulticastDelegateUtilities.SafeInvoke: TestRun.RunStatsChanged: Invoking callbacks was skipped because there are no subscribers.
TpTrace Information: 0 : 2820, 13, 2026/07/20, 17:24:31.912, 364607866360, vstest.console.dll, TestRunRequest:SendTestRunStatsChange: Completed.
TpTrace Verbose: 0 : 2820, 13, 2026/07/20, 17:24:31.912, 364607866808, vstest.console.dll, MulticastDelegateUtilities.SafeInvoke: LengthPrefixCommunicationChannel: MessageReceived: Invoking callback 1/1 for Microsoft.VisualStudio.TestPlatform.CommunicationUtilities.TestRequestSender+<>c__DisplayClass34_0., took 3 ms.
TpTrace Verbose: 0 : 2820, 13, 2026/07/20, 17:24:31.912, 364607869294, vstest.console.dll, TcpClientExtensions.MessageLoopAsync: Polling on remoteEndPoint: 127.0.0.1:55546 localEndPoint: 127.0.0.1:55545 after 131 ms
TpTrace Verbose: 0 : 2820, 4, 2026/07/20, 17:24:31.913, 364607883886, vstest.console.dll, MulticastDelegateUtilities.SafeInvoke: InternalTestLoggerEvents.SendTestResult: Invoking callback 1/1 for Microsoft.VisualStudio.TestPlatform.CommandLine.Internal.ConsoleLogger., took 0 ms.
TpTrace Verbose: 0 : 2820, 4, 2026/07/20, 17:24:31.914, 364607885041, vstest.console.dll, MulticastDelegateUtilities.SafeInvoke: InternalTestLoggerEvents.SendTestResult: Invoking callback 1/1 for Microsoft.VisualStudio.TestPlatform.CommandLine.Internal.ConsoleLogger., took 0 ms.
TpTrace Verbose: 0 : 2820, 4, 2026/07/20, 17:24:31.914, 364607885813, vstest.console.dll, MulticastDelegateUtilities.SafeInvoke: InternalTestLoggerEvents.SendTestResult: Invoking callback 1/1 for Microsoft.VisualStudio.TestPlatform.CommandLine.Internal.ConsoleLogger., took 0 ms.
TpTrace Verbose: 0 : 2820, 4, 2026/07/20, 17:24:31.914, 364607886581, vstest.console.dll, MulticastDelegateUtilities.SafeInvoke: InternalTestLoggerEvents.SendTestResult: Invoking callback 1/1 for Microsoft.VisualStudio.TestPlatform.CommandLine.Internal.ConsoleLogger., took 0 ms.
TpTrace Verbose: 0 : 2820, 4, 2026/07/20, 17:24:31.914, 364607887689, vstest.console.dll, MulticastDelegateUtilities.SafeInvoke: InternalTestLoggerEvents.SendTestResult: Invoking callback 1/1 for Microsoft.VisualStudio.TestPlatform.CommandLine.Internal.ConsoleLogger., took 0 ms.
TpTrace Verbose: 0 : 2820, 4, 2026/07/20, 17:24:31.914, 364607888468, vstest.console.dll, MulticastDelegateUtilities.SafeInvoke: InternalTestLoggerEvents.SendTestResult: Invoking callback 1/1 for Microsoft.VisualStudio.TestPlatform.CommandLine.Internal.ConsoleLogger., took 0 ms.
TpTrace Verbose: 0 : 2820, 4, 2026/07/20, 17:24:31.914, 364607889207, vstest.console.dll, MulticastDelegateUtilities.SafeInvoke: InternalTestLoggerEvents.SendTestResult: Invoking callback 1/1 for Microsoft.VisualStudio.TestPlatform.CommandLine.Internal.ConsoleLogger., took 0 ms.
TpTrace Verbose: 0 : 2820, 4, 2026/07/20, 17:24:31.914, 364607889973, vstest.console.dll, MulticastDelegateUtilities.SafeInvoke: InternalTestLoggerEvents.SendTestResult: Invoking callback 1/1 for Microsoft.VisualStudio.TestPlatform.CommandLine.Internal.ConsoleLogger., took 0 ms.
TpTrace Verbose: 0 : 2820, 4, 2026/07/20, 17:24:31.914, 364607890721, vstest.console.dll, MulticastDelegateUtilities.SafeInvoke: InternalTestLoggerEvents.SendTestResult: Invoking callback 1/1 for Microsoft.VisualStudio.TestPlatform.CommandLine.Internal.ConsoleLogger., took 0 ms.
TpTrace Verbose: 0 : 2820, 13, 2026/07/20, 17:24:31.917, 364607922629, vstest.console.dll, TcpClientExtensions.MessageLoopAsync: NotifyDataAvailable remoteEndPoint: 127.0.0.1:55546 localEndPoint: 127.0.0.1:55545
TpTrace Verbose: 0 : 2820, 13, 2026/07/20, 17:24:31.918, 364607926603, vstest.console.dll, TestRequestSender.OnExecutionMessageReceived: Received message: {"Version":7,"MessageType":"TestExecution.StatsChange","Payload":{"NewTestResults":[{"TestCase":{"Id":"79ee7a83-e994-0a4e-e94a-a8894d5de997","FullyQualifiedName":"SharpMind.Tests.Data.BuiltInStageTests.StripHtml_DecodesEntities","DisplayName":"SharpMind.Tests.Data.BuiltInStageTests.StripHtml_DecodesEntities(entity: \"&gt;\", expected: \">\")","ExecutorUri":"executor://xunit/VsTestRunner3/netcore/","Source":"C:\\Integral2u\\source\\repos\\SharpMind\\SharpMind.Tests\\bin\\Debug\\net10.0\\SharpMind.Tests.dll","CodeFilePath":null,"LineNumber":0,"Properties":[{"Key":{"Id":"TestCase.ManagedMethod","Label":"ManagedMethod","Category":"","Description":"","Attributes":1,"ValueType":"System.String"},"Value":"StripHtml_DecodesEntities"},{"Key":{"Id":"XunitTestCaseUniqueID","Label":"xUnit.net Test Case Unique ID","Category":"","Description":"","Attributes":0,"ValueType":"System.String"},"Value":"3596b17c18160fa676ea4a4b040a6f4b0a26b6ac"},{"Key":{"Id":"XunitTestCaseExplicit","Label":"xUnit.net Test Case Explicit Flag","Category":"","Description":"","Attributes":0,"ValueType":"System.Boolean"},"Value":false},{"Key":{"Id":"TestCase.ManagedType","Label":"ManagedType","Category":"","Description":"","Attributes":1,"ValueType":"System.String"},"Value":"SharpMind.Tests.Data.BuiltInStageTests"}]},"Attachments":[],"Outcome":1,"ErrorMessage":null,"ErrorStackTrace":null,"DisplayName":"SharpMind.Tests.Data.BuiltInStageTests.StripHtml_DecodesEntities(entity: \"&gt;\", expected: \">\")","Messages":[],"ComputerName":"LAPTOP-MKMTSO1B","Duration":"00:00:00.0802459","StartTime":"2026-07-20T05:24:31.8283397+00:00","EndTime":"2026-07-20T05:24:31.9093534+00:00","Properties":[]},{"TestCase":{"Id":"c4a86f5a-4b3b-b5a7-8c86-9bdceaadb764","FullyQualifiedName":"SharpMind.Tests.Data.BuiltInStageTests.StripHtml_DecodesEntities","DisplayName":"SharpMind.Tests.Data.BuiltInStageTests.StripHtml_DecodesEntities(entity: \"&#65;\", expected: \"A\")","ExecutorUri":"executor://xunit/VsTestRunner3/netcore/","Source":"C:\\Integral2u\\source\\repos\\SharpMind\\SharpMind.Tests\\bin\\Debug\\net10.0\\SharpMind.Tests.dll","CodeFilePath":null,"LineNumber":0,"Properties":[{"Key":{"Id":"TestCase.ManagedMethod","Label":"ManagedMethod","Category":"","Description":"","Attributes":1,"ValueType":"System.String"},"Value":"StripHtml_DecodesEntities"},{"Key":{"Id":"XunitTestCaseUniqueID","Label":"xUnit.net Test Case Unique ID","Category":"","Description":"","Attributes":0,"ValueType":"System.String"},"Value":"b60e3c0b79142db6d3c9f0273d65f250cfd18892"},{"Key":{"Id":"XunitTestCaseExplicit","Label":"xUnit.net Test Case Explicit Flag","Category":"","Description":"","Attributes":0,"ValueType":"System.Boolean"},"Value":false},{"Key":{"Id":"TestCase.ManagedType","Label":"ManagedType","Category":"","Description":"","Attributes":1,"ValueType":"System.String"},"Value":"SharpMind.Tests.Data.BuiltInStageTests"}]},"Attachments":[],"Outcome":1,"ErrorMessage":null,"ErrorStackTrace":null,"DisplayName":"SharpMind.Tests.Data.BuiltInStageTests.StripHtml_DecodesEntities(entity: \"&#65;\", expected: \"A\")","Messages":[],"ComputerName":"LAPTOP-MKMTSO1B","Duration":"00:00:00.0007785","StartTime":"2026-07-20T05:24:31.9100496+00:00","EndTime":"2026-07-20T05:24:31.9102113+00:00","Properties":[]},{"TestCase":{"Id":"6bdab635-d883-b67c-03fa-3045f8dac0af","FullyQualifiedName":"SharpMind.Tests.Data.BuiltInStageTests.StripHtml_DecodesEntities","DisplayName":"SharpMind.Tests.Data.BuiltInStageTests.StripHtml_DecodesEntities(entity: \"&quot;\", expected: \"\\\"\")","ExecutorUri":"executor://xunit/VsTestRunner3/netcore/","Source":"C:\\Integral2u\\source\\repos\\SharpMind\\SharpMind.Tests\\bin\\Debug\\net10.0\\SharpMind.Tests.dll","CodeFilePath":null,"LineNumber":0,"Properties":[{"Key":{"Id":"TestCase.ManagedMethod","Label":"ManagedMethod","Category":"","Description":"","Attributes":1,"ValueType":"System.String"},"Value":"StripHtml_DecodesEntities"},{"Key":{"Id":"XunitTestCaseUniqueID","Label":"xUnit.net Test Case Unique ID","Category":"","Description":"","Attributes":0,"ValueType":"System.String"},"Value":"d0119ec071ca72b4024c2319375cc354e4230539"},{"Key":{"Id":"XunitTestCaseExplicit","Label":"xUnit.net Test Case Explicit Flag","Category":"","Description":"","Attributes":0,"ValueType":"System.Boolean"},"Value":false},{"Key":{"Id":"TestCase.ManagedType","Label":"ManagedType","Category":"","Description":"","Attributes":1,"ValueType":"System.String"},"Value":"SharpMind.Tests.Data.BuiltInStageTests"}]},"Attachments":[],"Outcome":1,"ErrorMessage":null,"ErrorStackTrace":null,"DisplayName":"SharpMind.Tests.Data.BuiltInStageTests.StripHtml_DecodesEntities(entity: \"&quot;\", expected: \"\\\"\")","Messages":[],"ComputerName":"LAPTOP-MKMTSO1B","Duration":"00:00:00.0000655","StartTime":"2026-07-20T05:24:31.9108142+00:00","EndTime":"2026-07-20T05:24:31.9109707+00:00","Properties":[]},{"TestCase":{"Id":"1a67229e-220b-441c-10ac-525c5adbbbd4","FullyQualifiedName":"SharpMind.Tests.Data.BuiltInStageTests.StripHtml_DecodesEntities","DisplayName":"SharpMind.Tests.Data.BuiltInStageTests.StripHtml_DecodesEntities(entity: \"&lt;\", expected: \"<\")","ExecutorUri":"executor://xunit/VsTestRunner3/netcore/","Source":"C:\\Integral2u\\source\\repos\\SharpMind\\SharpMind.Tests\\bin\\Debug\\net10.0\\SharpMind.Tests.dll","CodeFilePath":null,"LineNumber":0,"Properties":[{"Key":{"Id":"TestCase.ManagedMethod","Label":"ManagedMethod","Category":"","Description":"","Attributes":1,"ValueType":"System.String"},"Value":"StripHtml_DecodesEntities"},{"Key":{"Id":"XunitTestCaseUniqueID","Label":"xUnit.net Test Case Unique ID","Category":"","Description":"","Attributes":0,"ValueType":"System.String"},"Value":"f36e79c7df60b166391ed83fe3ce7468bcd5eb2a"},{"Key":{"Id":"XunitTestCaseExplicit","Label":"xUnit.net Test Case Explicit Flag","Category":"","Description":"","Attributes":0,"ValueType":"System.Boolean"},"Value":false},{"Key":{"Id":"TestCase.ManagedType","Label":"ManagedType","Category":"","Description":"","Attributes":1,"ValueType":"System.String"},"Value":"SharpMind.Tests.Data.BuiltInStageTests"}]},"Attachments":[],"Outcome":1,"ErrorMessage":null,"ErrorStackTrace":null,"DisplayName":"SharpMind.Tests.Data.BuiltInStageTests.StripHtml_DecodesEntities(entity: \"&lt;\", expected: \"<\")","Messages":[],"ComputerName":"LAPTOP-MKMTSO1B","Duration":"00:00:00.0000177","StartTime":"2026-07-20T05:24:31.9115735+00:00","EndTime":"2026-07-20T05:24:31.9117204+00:00","Properties":[]},{"TestCase":{"Id":"cc41c509-2953-4c90-41f0-5939318c8f38","FullyQualifiedName":"SharpMind.Tests.Data.BuiltInStageTests.StripHtml_DecodesEntities","DisplayName":"SharpMind.Tests.Data.BuiltInStageTests.StripHtml_DecodesEntities(entity: \"&amp;\", expected: \"&\")","ExecutorUri":"executor://xunit/VsTestRunner3/netcore/","Source":"C:\\Integral2u\\source\\repos\\SharpMind\\SharpMind.Tests\\bin\\Debug\\net10.0\\SharpMind.Tests.dll","CodeFilePath":null,"LineNumber":0,"Properties":[{"Key":{"Id":"TestCase.ManagedMethod","Label":"ManagedMethod","Category":"","Description":"","Attributes":1,"ValueType":"System.String"},"Value":"StripHtml_DecodesEntities"},{"Key":{"Id":"XunitTestCaseUniqueID","Label":"xUnit.net Test Case Unique ID","Category":"","Description":"","Attributes":0,"ValueType":"System.String"},"Value":"f7639a19d3c80858d511a03f547ec2c6b7081684"},{"Key":{"Id":"XunitTestCaseExplicit","Label":"xUnit.net Test Case Explicit Flag","Category":"","Description":"","Attributes":0,"ValueType":"System.Boolean"},"Value":false},{"Key":{"Id":"TestCase.ManagedType","Label":"ManagedType","Category":"","Description":"","Attributes":1,"ValueType":"System.String"},"Value":"SharpMind.Tests.Data.BuiltInStageTests"}]},"Attachments":[],"Outcome":1,"ErrorMessage":null,"ErrorStackTrace":null,"DisplayName":"SharpMind.Tests.Data.BuiltInStageTests.StripHtml_DecodesEntities(entity: \"&amp;\", expected: \"&\")","Messages":[],"ComputerName":"LAPTOP-MKMTSO1B","Duration":"00:00:00.0000124","StartTime":"2026-07-20T05:24:31.9124209+00:00","EndTime":"2026-07-20T05:24:31.9125805+00:00","Properties":[]},{"TestCase":{"Id":"5614bb67-3f7e-7560-7e4a-42912ee37d18","FullyQualifiedName":"SharpMind.Tests.Data.BuiltInStageTests.MaxLengthFilter_PassesShortEnough","DisplayName":"SharpMind.Tests.Data.BuiltInStageTests.MaxLengthFilter_PassesShortEnough","ExecutorUri":"executor://xunit/VsTestRunner3/netcore/","Source":"C:\\Integral2u\\source\\repos\\SharpMind\\SharpMind.Tests\\bin\\Debug\\net10.0\\SharpMind.Tests.dll","CodeFilePath":null,"LineNumber":0,"Properties":[{"Key":{"Id":"TestCase.ManagedMethod","Label":"ManagedMethod","Category":"","Description":"","Attributes":1,"ValueType":"System.String"},"Value":"MaxLengthFilter_PassesShortEnough"},{"Key":{"Id":"XunitTestCaseUniqueID","Label":"xUnit.net Test Case Unique ID","Category":"","Description":"","Attributes":0,"ValueType":"System.String"},"Value":"35b25f28fe8732d220a06c74f7c42f0d784f472c"},{"Key":{"Id":"XunitTestCaseExplicit","Label":"xUnit.net Test Case Explicit Flag","Category":"","Description":"","Attributes":0,"ValueType":"System.Boolean"},"Value":false},{"Key":{"Id":"TestCase.ManagedType","Label":"ManagedType","Category":"","Description":"","Attributes":1,"ValueType":"System.String"},"Value":"SharpMind.Tests.Data.BuiltInStageTests"}]},"Attachments":[],"Outcome":1,"ErrorMessage":null,"ErrorStackTrace":null,"DisplayName":"SharpMind.Tests.Data.BuiltInStageTests.MaxLengthFilter_PassesShortEnough","Messages":[],"ComputerName":"LAPTOP-MKMTSO1B","Duration":"00:00:00.0007099","StartTime":"2026-07-20T05:24:31.9133563+00:00","EndTime":"2026-07-20T05:24:31.9135073+00:00","Properties":[]},{"TestCase":{"Id":"dec045c0-dc2b-b6f5-2723-5ddca9b8f354","FullyQualifiedName":"SharpMind.Tests.Data.BuiltInStageTests.NormaliseWhitespace_AllWhitespace_ReturnsNull","DisplayName":"SharpMind.Tests.Data.BuiltInStageTests.NormaliseWhitespace_AllWhitespace_ReturnsNull","ExecutorUri":"executor://xunit/VsTestRunner3/netcore/","Source":"C:\\Integral2u\\source\\repos\\SharpMind\\SharpMind.Tests\\bin\\Debug\\net10.0\\SharpMind.Tests.dll","CodeFilePath":null,"LineNumber":0,"Properties":[{"Key":{"Id":"TestCase.ManagedMethod","Label":"ManagedMethod","Category":"","Description":"","Attributes":1,"ValueType":"System.String"},"Value":"NormaliseWhitespace_AllWhitespace_ReturnsNull"},{"Key":{"Id":"XunitTestCaseUniqueID","Label":"xUnit.net Test Case Unique ID","Category":"","Description":"","Attributes":0,"ValueType":"System.String"},"Value":"3a4943e26ba3dc32e86caa82ebbea3b9efa55484"},{"Key":{"Id":"XunitTestCaseExplicit","Label":"xUnit.net Test Case Explicit Flag","Category":"","Description":"","Attributes":0,"ValueType":"System.Boolean"},"Value":false},{"Key":{"Id":"TestCase.ManagedType","Label":"ManagedType","Category":"","Description":"","Attributes":1,"ValueType":"System.String"},"Value":"SharpMind.Tests.Data.BuiltInStageTests"}]},"Attachments":[],"Outcome":1,"ErrorMessage":null,"ErrorStackTrace":null,"DisplayName":"SharpMind.Tests.Data.BuiltInStageTests.NormaliseWhitespace_AllWhitespace_ReturnsNull","Messages":[],"ComputerName":"LAPTOP-MKMTSO1B","Duration":"00:00:00.0040305","StartTime":"2026-07-20T05:24:31.9142414+00:00","EndTime":"2026-07-20T05:24:31.9144053+00:00","Properties":[]},{"TestCase":{"Id":"4ed07dcd-d2f7-128a-84d0-7b678e88bcea","FullyQualifiedName":"SharpMind.Tests.Data.BuiltInStageTests.LowerCase_LowercasesAll","DisplayName":"SharpMind.Tests.Data.BuiltInStageTests.LowerCase_LowercasesAll","ExecutorUri":"executor://xunit/VsTestRunner3/netcore/","Source":"C:\\Integral2u\\source\\repos\\SharpMind\\SharpMind.Tests\\bin\\Debug\\net10.0\\SharpMind.Tests.dll","CodeFilePath":null,"LineNumber":0,"Properties":[{"Key":{"Id":"TestCase.ManagedMethod","Label":"ManagedMethod","Category":"","Description":"","Attributes":1,"ValueType":"System.String"},"Value":"LowerCase_LowercasesAll"},{"Key":{"Id":"XunitTestCaseUniqueID","Label":"xUnit.net Test Case Unique ID","Category":"","Description":"","Attributes":0,"ValueType":"System.String"},"Value":"4aac6f5d95eb648badc0844a32042280a3e5e621"},{"Key":{"Id":"XunitTestCaseExplicit","Label":"xUnit.net Test Case Explicit Flag","Category":"","Description":"","Attributes":0,"ValueType":"System.Boolean"},"Value":false},{"Key":{"Id":"TestCase.ManagedType","Label":"ManagedType","Category":"","Description":"","Attributes":1,"ValueType":"System.String"},"Value":"SharpMind.Tests.Data.BuiltInStageTests"}]},"Attachments":[],"Outcome":1,"ErrorMessage":null,"ErrorStackTrace":null,"DisplayName":"SharpMind.Tests.Data.BuiltInStageTests.LowerCase_LowercasesAll","Messages":[],"ComputerName":"LAPTOP-MKMTSO1B","Duration":"00:00:00.0005012","StartTime":"2026-07-20T05:24:31.9151556+00:00","EndTime":"2026-07-20T05:24:31.9153274+00:00","Properties":[]}],"TestRunStatistics":{"ExecutedTests":103,"Stats":{"Passed":103}},"ActiveTests":[{"Id":"b24d5f25-c5aa-56f0-c4f0-859ab9553697","FullyQualifiedName":"SharpMind.Tests.Data.JsonlSourceTests.NestedFieldPath_DotNotation","DisplayName":"SharpMind.Tests.Data.JsonlSourceTests.NestedFieldPath_DotNotation","ExecutorUri":"executor://xunit/VsTestRunner3/netcore/","Source":"C:\\Integral2u\\source\\repos\\SharpMind\\SharpMind.Tests\\bin\\Debug\\net10.0\\SharpMind.Tests.dll","CodeFilePath":null,"LineNumber":0,"Properties":[{"Key":{"Id":"TestCase.ManagedMethod","Label":"ManagedMethod","Category":"","Description":"","Attributes":1,"ValueType":"System.String"},"Value":"NestedFieldPath_DotNotation"},{"Key":{"Id":"XunitTestCaseUniqueID","Label":"xUnit.net Test Case Unique ID","Category":"","Description":"","Attributes":0,"ValueType":"System.String"},"Value":"a022e0fc566bb212af499a511571b93dfe1fe1be"},{"Key":{"Id":"XunitTestCaseExplicit","Label":"xUnit.net Test Case Explicit Flag","Category":"","Description":"","Attributes":0,"ValueType":"System.Boolean"},"Value":false},{"Key":{"Id":"TestCase.ManagedType","Label":"ManagedType","Category":"","Description":"","Attributes":1,"ValueType":"System.String"},"Value":"SharpMind.Tests.Data.JsonlSourceTests"}]},{"Id":"84808440-86f5-60e4-cb94-6572195458c8","FullyQualifiedName":"SharpMind.Tests.Data.BuiltInStageTests.DeduplicateFilter_WindowEvicts_AllowsRepeatAfterWindow","DisplayName":"SharpMind.Tests.Data.BuiltInStageTests.DeduplicateFilter_WindowEvicts_AllowsRepeatAfterWindow","ExecutorUri":"executor://xunit/VsTestRunner3/netcore/","Source":"C:\\Integral2u\\source\\repos\\SharpMind\\SharpMind.Tests\\bin\\Debug\\net10.0\\SharpMind.Tests.dll","CodeFilePath":null,"LineNumber":0,"Properties":[{"Key":{"Id":"TestCase.ManagedMethod","Label":"ManagedMethod","Category":"","Description":"","Attributes":1,"ValueType":"System.String"},"Value":"DeduplicateFilter_WindowEvicts_AllowsRepeatAfterWindow"},{"Key":{"Id":"XunitTestCaseUniqueID","Label":"xUnit.net Test Case Unique ID","Category":"","Description":"","Attributes":0,"ValueType":"System.String"},"Value":"4ab995d43b35792f96ffe2a4e224a99a3f5bb3bd"},{"Key":{"Id":"XunitTestCaseExplicit","Label":"xUnit.net Test Case Explicit Flag","Category":"","Description":"","Attributes":0,"ValueType":"System.Boolean"},"Value":false},{"Key":{"Id":"TestCase.ManagedType","Label":"ManagedType","Category":"","Description":"","Attributes":1,"ValueType":"System.String"},"Value":"SharpMind.Tests.Data.BuiltInStageTests"}]}]}}
TpTrace Verbose: 0 : 2820, 13, 2026/07/20, 17:24:31.923, 364607977663, vstest.console.dll, TestRunRequest:SendTestRunStatsChange: Starting.
TpTrace Verbose: 0 : 2820, 13, 2026/07/20, 17:24:31.923, 364607979039, vstest.console.dll, InProgress is SharpMind.Tests.Data.JsonlSourceTests.NestedFieldPath_DotNotation
TpTrace Verbose: 0 : 2820, 13, 2026/07/20, 17:24:31.923, 364607979578, vstest.console.dll, InProgress is SharpMind.Tests.Data.BuiltInStageTests.DeduplicateFilter_WindowEvicts_AllowsRepeatAfterWindow
TpTrace Verbose: 0 : 2820, 13, 2026/07/20, 17:24:31.923, 364607980420, vstest.console.dll, MulticastDelegateUtilities.SafeInvoke: TestRun.RunStatsChanged: Invoking callbacks was skipped because there are no subscribers.
TpTrace Information: 0 : 2820, 13, 2026/07/20, 17:24:31.923, 364607980968, vstest.console.dll, TestRunRequest:SendTestRunStatsChange: Completed.
TpTrace Verbose: 0 : 2820, 13, 2026/07/20, 17:24:31.923, 364607981456, vstest.console.dll, MulticastDelegateUtilities.SafeInvoke: LengthPrefixCommunicationChannel: MessageReceived: Invoking callback 1/1 for Microsoft.VisualStudio.TestPlatform.CommunicationUtilities.TestRequestSender+<>c__DisplayClass34_0., took 5 ms.
TpTrace Verbose: 0 : 2820, 13, 2026/07/20, 17:24:31.923, 364607981997, vstest.console.dll, TcpClientExtensions.MessageLoopAsync: Polling on remoteEndPoint: 127.0.0.1:55546 localEndPoint: 127.0.0.1:55545 after 11 ms
TpTrace Verbose: 0 : 2820, 4, 2026/07/20, 17:24:31.923, 364607983485, vstest.console.dll, MulticastDelegateUtilities.SafeInvoke: InternalTestLoggerEvents.SendTestResult: Invoking callback 1/1 for Microsoft.VisualStudio.TestPlatform.CommandLine.Internal.ConsoleLogger., took 0 ms.
TpTrace Verbose: 0 : 2820, 4, 2026/07/20, 17:24:31.924, 364607984676, vstest.console.dll, MulticastDelegateUtilities.SafeInvoke: InternalTestLoggerEvents.SendTestResult: Invoking callback 1/1 for Microsoft.VisualStudio.TestPlatform.CommandLine.Internal.ConsoleLogger., took 0 ms.
TpTrace Verbose: 0 : 2820, 4, 2026/07/20, 17:24:31.924, 364607985393, vstest.console.dll, MulticastDelegateUtilities.SafeInvoke: InternalTestLoggerEvents.SendTestResult: Invoking callback 1/1 for Microsoft.VisualStudio.TestPlatform.CommandLine.Internal.ConsoleLogger., took 0 ms.
TpTrace Verbose: 0 : 2820, 4, 2026/07/20, 17:24:31.924, 364607986154, vstest.console.dll, MulticastDelegateUtilities.SafeInvoke: InternalTestLoggerEvents.SendTestResult: Invoking callback 1/1 for Microsoft.VisualStudio.TestPlatform.CommandLine.Internal.ConsoleLogger., took 0 ms.
TpTrace Verbose: 0 : 2820, 4, 2026/07/20, 17:24:31.924, 364607986865, vstest.console.dll, MulticastDelegateUtilities.SafeInvoke: InternalTestLoggerEvents.SendTestResult: Invoking callback 1/1 for Microsoft.VisualStudio.TestPlatform.CommandLine.Internal.ConsoleLogger., took 0 ms.
TpTrace Verbose: 0 : 2820, 4, 2026/07/20, 17:24:31.924, 364607987460, vstest.console.dll, MulticastDelegateUtilities.SafeInvoke: InternalTestLoggerEvents.SendTestResult: Invoking callback 1/1 for Microsoft.VisualStudio.TestPlatform.CommandLine.Internal.ConsoleLogger., took 0 ms.
TpTrace Verbose: 0 : 2820, 4, 2026/07/20, 17:24:31.924, 364607988034, vstest.console.dll, MulticastDelegateUtilities.SafeInvoke: InternalTestLoggerEvents.SendTestResult: Invoking callback 1/1 for Microsoft.VisualStudio.TestPlatform.CommandLine.Internal.ConsoleLogger., took 0 ms.
TpTrace Verbose: 0 : 2820, 4, 2026/07/20, 17:24:31.924, 364607988637, vstest.console.dll, MulticastDelegateUtilities.SafeInvoke: InternalTestLoggerEvents.SendTestResult: Invoking callback 1/1 for Microsoft.VisualStudio.TestPlatform.CommandLine.Internal.ConsoleLogger., took 0 ms.
TpTrace Verbose: 0 : 2820, 13, 2026/07/20, 17:24:31.984, 364608588234, vstest.console.dll, TcpClientExtensions.MessageLoopAsync: NotifyDataAvailable remoteEndPoint: 127.0.0.1:55546 localEndPoint: 127.0.0.1:55545
TpTrace Verbose: 0 : 2820, 13, 2026/07/20, 17:24:31.984, 364608593034, vstest.console.dll, TestRequestSender.OnExecutionMessageReceived: Received message: {"Version":7,"MessageType":"TestExecution.StatsChange","Payload":{"NewTestResults":[{"TestCase":{"Id":"84808440-86f5-60e4-cb94-6572195458c8","FullyQualifiedName":"SharpMind.Tests.Data.BuiltInStageTests.DeduplicateFilter_WindowEvicts_AllowsRepeatAfterWindow","DisplayName":"SharpMind.Tests.Data.BuiltInStageTests.DeduplicateFilter_WindowEvicts_AllowsRepeatAfterWindow","ExecutorUri":"executor://xunit/VsTestRunner3/netcore/","Source":"C:\\Integral2u\\source\\repos\\SharpMind\\SharpMind.Tests\\bin\\Debug\\net10.0\\SharpMind.Tests.dll","CodeFilePath":null,"LineNumber":0,"Properties":[{"Key":{"Id":"TestCase.ManagedMethod","Label":"ManagedMethod","Category":"","Description":"","Attributes":1,"ValueType":"System.String"},"Value":"DeduplicateFilter_WindowEvicts_AllowsRepeatAfterWindow"},{"Key":{"Id":"XunitTestCaseUniqueID","Label":"xUnit.net Test Case Unique ID","Category":"","Description":"","Attributes":0,"ValueType":"System.String"},"Value":"4ab995d43b35792f96ffe2a4e224a99a3f5bb3bd"},{"Key":{"Id":"XunitTestCaseExplicit","Label":"xUnit.net Test Case Explicit Flag","Category":"","Description":"","Attributes":0,"ValueType":"System.Boolean"},"Value":false},{"Key":{"Id":"TestCase.ManagedType","Label":"ManagedType","Category":"","Description":"","Attributes":1,"ValueType":"System.String"},"Value":"SharpMind.Tests.Data.BuiltInStageTests"}]},"Attachments":[],"Outcome":1,"ErrorMessage":null,"ErrorStackTrace":null,"DisplayName":"SharpMind.Tests.Data.BuiltInStageTests.DeduplicateFilter_WindowEvicts_AllowsRepeatAfterWindow","Messages":[],"ComputerName":"LAPTOP-MKMTSO1B","Duration":"00:00:00.0018094","StartTime":"2026-07-20T05:24:31.9207306+00:00","EndTime":"2026-07-20T05:24:31.9210154+00:00","Properties":[]},{"TestCase":{"Id":"69dbae44-0389-d8a3-4280-21dc1708c10c","FullyQualifiedName":"SharpMind.Tests.Data.BuiltInStageTests.NormaliseWhitespace_NormalisesNewlinesAndTabs","DisplayName":"SharpMind.Tests.Data.BuiltInStageTests.NormaliseWhitespace_NormalisesNewlinesAndTabs","ExecutorUri":"executor://xunit/VsTestRunner3/netcore/","Source":"C:\\Integral2u\\source\\repos\\SharpMind\\SharpMind.Tests\\bin\\Debug\\net10.0\\SharpMind.Tests.dll","CodeFilePath":null,"LineNumber":0,"Properties":[{"Key":{"Id":"TestCase.ManagedMethod","Label":"ManagedMethod","Category":"","Description":"","Attributes":1,"ValueType":"System.String"},"Value":"NormaliseWhitespace_NormalisesNewlinesAndTabs"},{"Key":{"Id":"XunitTestCaseUniqueID","Label":"xUnit.net Test Case Unique ID","Category":"","Description":"","Attributes":0,"ValueType":"System.String"},"Value":"72d460163d41d22852f33d4610ea90ca53741a11"},{"Key":{"Id":"XunitTestCaseExplicit","Label":"xUnit.net Test Case Explicit Flag","Category":"","Description":"","Attributes":0,"ValueType":"System.Boolean"},"Value":false},{"Key":{"Id":"TestCase.ManagedType","Label":"ManagedType","Category":"","Description":"","Attributes":1,"ValueType":"System.String"},"Value":"SharpMind.Tests.Data.BuiltInStageTests"}]},"Attachments":[],"Outcome":1,"ErrorMessage":null,"ErrorStackTrace":null,"DisplayName":"SharpMind.Tests.Data.BuiltInStageTests.NormaliseWhitespace_NormalisesNewlinesAndTabs","Messages":[],"ComputerName":"LAPTOP-MKMTSO1B","Duration":"00:00:00.0084395","StartTime":"2026-07-20T05:24:31.9226703+00:00","EndTime":"2026-07-20T05:24:31.9250489+00:00","Properties":[]},{"TestCase":{"Id":"20f2f444-eef0-0bcd-54dd-0e4dff758eb2","FullyQualifiedName":"SharpMind.Tests.Data.BuiltInStageTests.RegexFilter_DiscardsMatching","DisplayName":"SharpMind.Tests.Data.BuiltInStageTests.RegexFilter_DiscardsMatching","ExecutorUri":"executor://xunit/VsTestRunner3/netcore/","Source":"C:\\Integral2u\\source\\repos\\SharpMind\\SharpMind.Tests\\bin\\Debug\\net10.0\\SharpMind.Tests.dll","CodeFilePath":null,"LineNumber":0,"Properties":[{"Key":{"Id":"TestCase.ManagedMethod","Label":"ManagedMethod","Category":"","Description":"","Attributes":1,"ValueType":"System.String"},"Value":"RegexFilter_DiscardsMatching"},{"Key":{"Id":"XunitTestCaseUniqueID","Label":"xUnit.net Test Case Unique ID","Category":"","Description":"","Attributes":0,"ValueType":"System.String"},"Value":"731f8aed26004c6d722ca842ac5c3b2b74c62c7e"},{"Key":{"Id":"XunitTestCaseExplicit","Label":"xUnit.net Test Case Explicit Flag","Category":"","Description":"","Attributes":0,"ValueType":"System.Boolean"},"Value":false},{"Key":{"Id":"TestCase.ManagedType","Label":"ManagedType","Category":"","Description":"","Attributes":1,"ValueType":"System.String"},"Value":"SharpMind.Tests.Data.BuiltInStageTests"}]},"Attachments":[],"Outcome":1,"ErrorMessage":null,"ErrorStackTrace":null,"DisplayName":"SharpMind.Tests.Data.BuiltInStageTests.RegexFilter_DiscardsMatching","Messages":[],"ComputerName":"LAPTOP-MKMTSO1B","Duration":"00:00:00.0083762","StartTime":"2026-07-20T05:24:31.9259188+00:00","EndTime":"2026-07-20T05:24:31.9336271+00:00","Properties":[]},{"TestCase":{"Id":"73bbc73c-17ee-9c0b-0e4d-bca037824d1c","FullyQualifiedName":"SharpMind.Tests.Data.BuiltInStageTests.RegexKeepFilter_KeepsOnlyMatching","DisplayName":"SharpMind.Tests.Data.BuiltInStageTests.RegexKeepFilter_KeepsOnlyMatching","ExecutorUri":"executor://xunit/VsTestRunner3/netcore/","Source":"C:\\Integral2u\\source\\repos\\SharpMind\\SharpMind.Tests\\bin\\Debug\\net10.0\\SharpMind.Tests.dll","CodeFilePath":null,"LineNumber":0,"Properties":[{"Key":{"Id":"TestCase.ManagedMethod","Label":"ManagedMethod","Category":"","Description":"","Attributes":1,"ValueType":"System.String"},"Value":"RegexKeepFilter_KeepsOnlyMatching"},{"Key":{"Id":"XunitTestCaseUniqueID","Label":"xUnit.net Test Case Unique ID","Category":"","Description":"","Attributes":0,"ValueType":"System.String"},"Value":"8a3af269e653afde02e26d7cbecfa26e149a59cd"},{"Key":{"Id":"XunitTestCaseExplicit","Label":"xUnit.net Test Case Explicit Flag","Category":"","Description":"","Attributes":0,"ValueType":"System.Boolean"},"Value":false},{"Key":{"Id":"TestCase.ManagedType","Label":"ManagedType","Category":"","Description":"","Attributes":1,"ValueType":"System.String"},"Value":"SharpMind.Tests.Data.BuiltInStageTests"}]},"Attachments":[],"Outcome":1,"ErrorMessage":null,"ErrorStackTrace":null,"DisplayName":"SharpMind.Tests.Data.BuiltInStageTests.RegexKeepFilter_KeepsOnlyMatching","Messages":[],"ComputerName":"LAPTOP-MKMTSO1B","Duration":"00:00:00.0075319","StartTime":"2026-07-20T05:24:31.9398795+00:00","EndTime":"2026-07-20T05:24:31.9412719+00:00","Properties":[]},{"TestCase":{"Id":"95b19260-c097-7761-8459-8862d9c68255","FullyQualifiedName":"SharpMind.Tests.Data.BuiltInStageTests.NormaliseWhitespace_CollapsesRuns","DisplayName":"SharpMind.Tests.Data.BuiltInStageTests.NormaliseWhitespace_CollapsesRuns","ExecutorUri":"executor://xunit/VsTestRunner3/netcore/","Source":"C:\\Integral2u\\source\\repos\\SharpMind\\SharpMind.Tests\\bin\\Debug\\net10.0\\SharpMind.Tests.dll","CodeFilePath":null,"LineNumber":0,"Properties":[{"Key":{"Id":"TestCase.ManagedMethod","Label":"ManagedMethod","Category":"","Description":"","Attributes":1,"ValueType":"System.String"},"Value":"NormaliseWhitespace_CollapsesRuns"},{"Key":{"Id":"XunitTestCaseUniqueID","Label":"xUnit.net Test Case Unique ID","Category":"","Description":"","Attributes":0,"ValueType":"System.String"},"Value":"9cf01496017f65b6c9ea7f615fcf951cdfbc6328"},{"Key":{"Id":"XunitTestCaseExplicit","Label":"xUnit.net Test Case Explicit Flag","Category":"","Description":"","Attributes":0,"ValueType":"System.Boolean"},"Value":false},{"Key":{"Id":"TestCase.ManagedType","Label":"ManagedType","Category":"","Description":"","Attributes":1,"ValueType":"System.String"},"Value":"SharpMind.Tests.Data.BuiltInStageTests"}]},"Attachments":[],"Outcome":1,"ErrorMessage":null,"ErrorStackTrace":null,"DisplayName":"SharpMind.Tests.Data.BuiltInStageTests.NormaliseWhitespace_CollapsesRuns","Messages":[],"ComputerName":"LAPTOP-MKMTSO1B","Duration":"00:00:00.0004334","StartTime":"2026-07-20T05:24:31.9421816+00:00","EndTime":"2026-07-20T05:24:31.9423375+00:00","Properties":[]},{"TestCase":{"Id":"0c880b39-4192-0e65-b65a-a3f181eeab9f","FullyQualifiedName":"SharpMind.Tests.Data.BuiltInStageTests.MinLengthFilter_PassesLongEnough","DisplayName":"SharpMind.Tests.Data.BuiltInStageTests.MinLengthFilter_PassesLongEnough","ExecutorUri":"executor://xunit/VsTestRunner3/netcore/","Source":"C:\\Integral2u\\source\\repos\\SharpMind\\SharpMind.Tests\\bin\\Debug\\net10.0\\SharpMind.Tests.dll","CodeFilePath":null,"LineNumber":0,"Properties":[{"Key":{"Id":"TestCase.ManagedMethod","Label":"ManagedMethod","Category":"","Description":"","Attributes":1,"ValueType":"System.String"},"Value":"MinLengthFilter_PassesLongEnough"},{"Key":{"Id":"XunitTestCaseUniqueID","Label":"xUnit.net Test Case Unique ID","Category":"","Description":"","Attributes":0,"ValueType":"System.String"},"Value":"9d3efa79f814ae2492eb32c572648c96f50b65fa"},{"Key":{"Id":"XunitTestCaseExplicit","Label":"xUnit.net Test Case Explicit Flag","Category":"","Description":"","Attributes":0,"ValueType":"System.Boolean"},"Value":false},{"Key":{"Id":"TestCase.ManagedType","Label":"ManagedType","Category":"","Description":"","Attributes":1,"ValueType":"System.String"},"Value":"SharpMind.Tests.Data.BuiltInStageTests"}]},"Attachments":[],"Outcome":1,"ErrorMessage":null,"ErrorStackTrace":null,"DisplayName":"SharpMind.Tests.Data.BuiltInStageTests.MinLengthFilter_PassesLongEnough","Messages":[],"ComputerName":"LAPTOP-MKMTSO1B","Duration":"00:00:00.0005803","StartTime":"2026-07-20T05:24:31.9651191+00:00","EndTime":"2026-07-20T05:24:31.9653118+00:00","Properties":[]},{"TestCase":{"Id":"9e4d64f6-d9cd-7c8d-a65e-3404b1d18e65","FullyQualifiedName":"SharpMind.Tests.Data.BuiltInStageTests.MaxLengthFilter_DiscardsLong","DisplayName":"SharpMind.Tests.Data.BuiltInStageTests.MaxLengthFilter_DiscardsLong","ExecutorUri":"executor://xunit/VsTestRunner3/netcore/","Source":"C:\\Integral2u\\source\\repos\\SharpMind\\SharpMind.Tests\\bin\\Debug\\net10.0\\SharpMind.Tests.dll","CodeFilePath":null,"LineNumber":0,"Properties":[{"Key":{"Id":"TestCase.ManagedMethod","Label":"ManagedMethod","Category":"","Description":"","Attributes":1,"ValueType":"System.String"},"Value":"MaxLengthFilter_DiscardsLong"},{"Key":{"Id":"XunitTestCaseUniqueID","Label":"xUnit.net Test Case Unique ID","Category":"","Description":"","Attributes":0,"ValueType":"System.String"},"Value":"a2e2deedea8aff3efb96725200b6e470baecc64d"},{"Key":{"Id":"XunitTestCaseExplicit","Label":"xUnit.net Test Case Explicit Flag","Category":"","Description":"","Attributes":0,"ValueType":"System.Boolean"},"Value":false},{"Key":{"Id":"TestCase.ManagedType","Label":"ManagedType","Category":"","Description":"","Attributes":1,"ValueType":"System.String"},"Value":"SharpMind.Tests.Data.BuiltInStageTests"}]},"Attachments":[],"Outcome":1,"ErrorMessage":null,"ErrorStackTrace":null,"DisplayName":"SharpMind.Tests.Data.BuiltInStageTests.MaxLengthFilter_DiscardsLong","Messages":[],"ComputerName":"LAPTOP-MKMTSO1B","Duration":"00:00:00.0001831","StartTime":"2026-07-20T05:24:31.9662779+00:00","EndTime":"2026-07-20T05:24:31.9664822+00:00","Properties":[]},{"TestCase":{"Id":"4fdd8bce-90cb-78a1-3f81-81dfa53b490f","FullyQualifiedName":"SharpMind.Tests.Data.BuiltInStageTests.DeduplicateFilter_DropsDuplicates","DisplayName":"SharpMind.Tests.Data.BuiltInStageTests.DeduplicateFilter_DropsDuplicates","ExecutorUri":"executor://xunit/VsTestRunner3/netcore/","Source":"C:\\Integral2u\\source\\repos\\SharpMind\\SharpMind.Tests\\bin\\Debug\\net10.0\\SharpMind.Tests.dll","CodeFilePath":null,"LineNumber":0,"Properties":[{"Key":{"Id":"TestCase.ManagedMethod","Label":"ManagedMethod","Category":"","Description":"","Attributes":1,"ValueType":"System.String"},"Value":"DeduplicateFilter_DropsDuplicates"},{"Key":{"Id":"XunitTestCaseUniqueID","Label":"xUnit.net Test Case Unique ID","Category":"","Description":"","Attributes":0,"ValueType":"System.String"},"Value":"b61e820814451afa3902887ab0809bf33075c2e4"},{"Key":{"Id":"XunitTestCaseExplicit","Label":"xUnit.net Test Case Explicit Flag","Category":"","Description":"","Attributes":0,"ValueType":"System.Boolean"},"Value":false},{"Key":{"Id":"TestCase.ManagedType","Label":"ManagedType","Category":"","Description":"","Attributes":1,"ValueType":"System.String"},"Value":"SharpMind.Tests.Data.BuiltInStageTests"}]},"Attachments":[],"Outcome":1,"ErrorMessage":null,"ErrorStackTrace":null,"DisplayName":"SharpMind.Tests.Data.BuiltInStageTests.DeduplicateFilter_DropsDuplicates","Messages":[],"ComputerName":"LAPTOP-MKMTSO1B","Duration":"00:00:00.0138162","StartTime":"2026-07-20T05:24:31.97204+00:00","EndTime":"2026-07-20T05:24:31.9722642+00:00","Properties":[]},{"TestCase":{"Id":"cf8e7f1a-757a-5394-2373-283f782a32dd","FullyQualifiedName":"SharpMind.Tests.Data.BuiltInStageTests.MinLengthFilter_DiscardsShort","DisplayName":"SharpMind.Tests.Data.BuiltInStageTests.MinLengthFilter_DiscardsShort","ExecutorUri":"executor://xunit/VsTestRunner3/netcore/","Source":"C:\\Integral2u\\source\\repos\\SharpMind\\SharpMind.Tests\\bin\\Debug\\net10.0\\SharpMind.Tests.dll","CodeFilePath":null,"LineNumber":0,"Properties":[{"Key":{"Id":"TestCase.ManagedMethod","Label":"ManagedMethod","Category":"","Description":"","Attributes":1,"ValueType":"System.String"},"Value":"MinLengthFilter_DiscardsShort"},{"Key":{"Id":"XunitTestCaseUniqueID","Label":"xUnit.net Test Case Unique ID","Category":"","Description":"","Attributes":0,"ValueType":"System.String"},"Value":"dc78b4c16c708732f2c5bc91918f68aae848e767"},{"Key":{"Id":"XunitTestCaseExplicit","Label":"xUnit.net Test Case Explicit Flag","Category":"","Description":"","Attributes":0,"ValueType":"System.Boolean"},"Value":false},{"Key":{"Id":"TestCase.ManagedType","Label":"ManagedType","Category":"","Description":"","Attributes":1,"ValueType":"System.String"},"Value":"SharpMind.Tests.Data.BuiltInStageTests"}]},"Attachments":[],"Outcome":1,"ErrorMessage":null,"ErrorStackTrace":null,"DisplayName":"SharpMind.Tests.Data.BuiltInStageTests.MinLengthFilter_DiscardsShort","Messages":[],"ComputerName":"LAPTOP-MKMTSO1B","Duration":"00:00:00.0002936","StartTime":"2026-07-20T05:24:31.9741129+00:00","EndTime":"2026-07-20T05:24:31.9742993+00:00","Properties":[]}],"TestRunStatistics":{"ExecutedTests":112,"Stats":{"Passed":112}},"ActiveTests":[{"Id":"d354bda7-095c-dc41-e6c0-6b79b54f0560","FullyQualifiedName":"SharpMind.Tests.Data.BuiltInStageTests.StripHtml_RemovesTags","DisplayName":"SharpMind.Tests.Data.BuiltInStageTests.StripHtml_RemovesTags","ExecutorUri":"executor://xunit/VsTestRunner3/netcore/","Source":"C:\\Integral2u\\source\\repos\\SharpMind\\SharpMind.Tests\\bin\\Debug\\net10.0\\SharpMind.Tests.dll","CodeFilePath":null,"LineNumber":0,"Properties":[{"Key":{"Id":"TestCase.ManagedMethod","Label":"ManagedMethod","Category":"","Description":"","Attributes":1,"ValueType":"System.String"},"Value":"StripHtml_RemovesTags"},{"Key":{"Id":"XunitTestCaseUniqueID","Label":"xUnit.net Test Case Unique ID","Category":"","Description":"","Attributes":0,"ValueType":"System.String"},"Value":"f03e616fc4a71d3e170796cef245f41d995da31c"},{"Key":{"Id":"XunitTestCaseExplicit","Label":"xUnit.net Test Case Explicit Flag","Category":"","Description":"","Attributes":0,"ValueType":"System.Boolean"},"Value":false},{"Key":{"Id":"TestCase.ManagedType","Label":"ManagedType","Category":"","Description":"","Attributes":1,"ValueType":"System.String"},"Value":"SharpMind.Tests.Data.BuiltInStageTests"}]}]}}
TpTrace Verbose: 0 : 2820, 13, 2026/07/20, 17:24:31.990, 364608645132, vstest.console.dll, TestRunRequest:SendTestRunStatsChange: Starting.
TpTrace Verbose: 0 : 2820, 13, 2026/07/20, 17:24:31.990, 364608646114, vstest.console.dll, InProgress is SharpMind.Tests.Data.BuiltInStageTests.StripHtml_RemovesTags
TpTrace Verbose: 0 : 2820, 13, 2026/07/20, 17:24:31.990, 364608647253, vstest.console.dll, MulticastDelegateUtilities.SafeInvoke: TestRun.RunStatsChanged: Invoking callbacks was skipped because there are no subscribers.
TpTrace Information: 0 : 2820, 13, 2026/07/20, 17:24:31.990, 364608649484, vstest.console.dll, TestRunRequest:SendTestRunStatsChange: Completed.
TpTrace Verbose: 0 : 2820, 13, 2026/07/20, 17:24:31.990, 364608650172, vstest.console.dll, MulticastDelegateUtilities.SafeInvoke: LengthPrefixCommunicationChannel: MessageReceived: Invoking callback 1/1 for Microsoft.VisualStudio.TestPlatform.CommunicationUtilities.TestRequestSender+<>c__DisplayClass34_0., took 5 ms.
TpTrace Verbose: 0 : 2820, 13, 2026/07/20, 17:24:31.990, 364608650763, vstest.console.dll, TcpClientExtensions.MessageLoopAsync: Polling on remoteEndPoint: 127.0.0.1:55546 localEndPoint: 127.0.0.1:55545 after 66 ms
TpTrace Verbose: 0 : 2820, 4, 2026/07/20, 17:24:31.990, 364608652301, vstest.console.dll, MulticastDelegateUtilities.SafeInvoke: InternalTestLoggerEvents.SendTestResult: Invoking callback 1/1 for Microsoft.VisualStudio.TestPlatform.CommandLine.Internal.ConsoleLogger., took 0 ms.
TpTrace Verbose: 0 : 2820, 4, 2026/07/20, 17:24:31.990, 364608653218, vstest.console.dll, MulticastDelegateUtilities.SafeInvoke: InternalTestLoggerEvents.SendTestResult: Invoking callback 1/1 for Microsoft.VisualStudio.TestPlatform.CommandLine.Internal.ConsoleLogger., took 0 ms.
TpTrace Verbose: 0 : 2820, 4, 2026/07/20, 17:24:31.990, 364608654110, vstest.console.dll, MulticastDelegateUtilities.SafeInvoke: InternalTestLoggerEvents.SendTestResult: Invoking callback 1/1 for Microsoft.VisualStudio.TestPlatform.CommandLine.Internal.ConsoleLogger., took 0 ms.
TpTrace Verbose: 0 : 2820, 4, 2026/07/20, 17:24:31.991, 364608654926, vstest.console.dll, MulticastDelegateUtilities.SafeInvoke: InternalTestLoggerEvents.SendTestResult: Invoking callback 1/1 for Microsoft.VisualStudio.TestPlatform.CommandLine.Internal.ConsoleLogger., took 0 ms.
TpTrace Verbose: 0 : 2820, 4, 2026/07/20, 17:24:31.991, 364608655663, vstest.console.dll, MulticastDelegateUtilities.SafeInvoke: InternalTestLoggerEvents.SendTestResult: Invoking callback 1/1 for Microsoft.VisualStudio.TestPlatform.CommandLine.Internal.ConsoleLogger., took 0 ms.
TpTrace Verbose: 0 : 2820, 4, 2026/07/20, 17:24:31.991, 364608656357, vstest.console.dll, MulticastDelegateUtilities.SafeInvoke: InternalTestLoggerEvents.SendTestResult: Invoking callback 1/1 for Microsoft.VisualStudio.TestPlatform.CommandLine.Internal.ConsoleLogger., took 0 ms.
TpTrace Verbose: 0 : 2820, 4, 2026/07/20, 17:24:31.991, 364608656961, vstest.console.dll, MulticastDelegateUtilities.SafeInvoke: InternalTestLoggerEvents.SendTestResult: Invoking callback 1/1 for Microsoft.VisualStudio.TestPlatform.CommandLine.Internal.ConsoleLogger., took 0 ms.
TpTrace Verbose: 0 : 2820, 4, 2026/07/20, 17:24:31.991, 364608657673, vstest.console.dll, MulticastDelegateUtilities.SafeInvoke: InternalTestLoggerEvents.SendTestResult: Invoking callback 1/1 for Microsoft.VisualStudio.TestPlatform.CommandLine.Internal.ConsoleLogger., took 0 ms.
TpTrace Verbose: 0 : 2820, 4, 2026/07/20, 17:24:31.991, 364608658408, vstest.console.dll, MulticastDelegateUtilities.SafeInvoke: InternalTestLoggerEvents.SendTestResult: Invoking callback 1/1 for Microsoft.VisualStudio.TestPlatform.CommandLine.Internal.ConsoleLogger., took 0 ms.
TpTrace Verbose: 0 : 2820, 13, 2026/07/20, 17:24:32.145, 364610194169, vstest.console.dll, TcpClientExtensions.MessageLoopAsync: NotifyDataAvailable remoteEndPoint: 127.0.0.1:55546 localEndPoint: 127.0.0.1:55545
TpTrace Verbose: 0 : 2820, 13, 2026/07/20, 17:24:32.145, 364610198326, vstest.console.dll, TestRequestSender.OnExecutionMessageReceived: Received message: {"Version":7,"MessageType":"TestExecution.StatsChange","Payload":{"NewTestResults":[{"TestCase":{"Id":"d354bda7-095c-dc41-e6c0-6b79b54f0560","FullyQualifiedName":"SharpMind.Tests.Data.BuiltInStageTests.StripHtml_RemovesTags","DisplayName":"SharpMind.Tests.Data.BuiltInStageTests.StripHtml_RemovesTags","ExecutorUri":"executor://xunit/VsTestRunner3/netcore/","Source":"C:\\Integral2u\\source\\repos\\SharpMind\\SharpMind.Tests\\bin\\Debug\\net10.0\\SharpMind.Tests.dll","CodeFilePath":null,"LineNumber":0,"Properties":[{"Key":{"Id":"TestCase.ManagedMethod","Label":"ManagedMethod","Category":"","Description":"","Attributes":1,"ValueType":"System.String"},"Value":"StripHtml_RemovesTags"},{"Key":{"Id":"XunitTestCaseUniqueID","Label":"xUnit.net Test Case Unique ID","Category":"","Description":"","Attributes":0,"ValueType":"System.String"},"Value":"f03e616fc4a71d3e170796cef245f41d995da31c"},{"Key":{"Id":"XunitTestCaseExplicit","Label":"xUnit.net Test Case Explicit Flag","Category":"","Description":"","Attributes":0,"ValueType":"System.Boolean"},"Value":false},{"Key":{"Id":"TestCase.ManagedType","Label":"ManagedType","Category":"","Description":"","Attributes":1,"ValueType":"System.String"},"Value":"SharpMind.Tests.Data.BuiltInStageTests"}]},"Attachments":[],"Outcome":1,"ErrorMessage":null,"ErrorStackTrace":null,"DisplayName":"SharpMind.Tests.Data.BuiltInStageTests.StripHtml_RemovesTags","Messages":[],"ComputerName":"LAPTOP-MKMTSO1B","Duration":"00:00:00.0028078","StartTime":"2026-07-20T05:24:31.9879776+00:00","EndTime":"2026-07-20T05:24:31.9882725+00:00","Properties":[]},{"TestCase":{"Id":"80258c54-96d9-3232-ec10-edf92b9bc23a","FullyQualifiedName":"SharpMind.Tests.Data.CompositeSourceTests.Concatenate_YieldsAllSourcesInOrder","DisplayName":"SharpMind.Tests.Data.CompositeSourceTests.Concatenate_YieldsAllSourcesInOrder","ExecutorUri":"executor://xunit/VsTestRunner3/netcore/","Source":"C:\\Integral2u\\source\\repos\\SharpMind\\SharpMind.Tests\\bin\\Debug\\net10.0\\SharpMind.Tests.dll","CodeFilePath":null,"LineNumber":0,"Properties":[{"Key":{"Id":"TestCase.ManagedMethod","Label":"ManagedMethod","Category":"","Description":"","Attributes":1,"ValueType":"System.String"},"Value":"Concatenate_YieldsAllSourcesInOrder"},{"Key":{"Id":"XunitTestCaseUniqueID","Label":"xUnit.net Test Case Unique ID","Category":"","Description":"","Attributes":0,"ValueType":"System.String"},"Value":"a8faed9a4aa0bd31b62fd00136b9125362103b91"},{"Key":{"Id":"XunitTestCaseExplicit","Label":"xUnit.net Test Case Explicit Flag","Category":"","Description":"","Attributes":0,"ValueType":"System.Boolean"},"Value":false},{"Key":{"Id":"TestCase.ManagedType","Label":"ManagedType","Category":"","Description":"","Attributes":1,"ValueType":"System.String"},"Value":"SharpMind.Tests.Data.CompositeSourceTests"}]},"Attachments":[],"Outcome":1,"ErrorMessage":null,"ErrorStackTrace":null,"DisplayName":"SharpMind.Tests.Data.CompositeSourceTests.Concatenate_YieldsAllSourcesInOrder","Messages":[],"ComputerName":"LAPTOP-MKMTSO1B","Duration":"00:00:04.4108513","StartTime":"2026-07-20T05:24:27.4774061+00:00","EndTime":"2026-07-20T05:24:31.9896783+00:00","Properties":[]},{"TestCase":{"Id":"043e7edd-3441-689a-572c-cb0d06b7cb51","FullyQualifiedName":"SharpMind.Tests.Data.PackingBatcherTests.DocumentLongerThanSeqLen_Truncated","DisplayName":"SharpMind.Tests.Data.PackingBatcherTests.DocumentLongerThanSeqLen_Truncated","ExecutorUri":"executor://xunit/VsTestRunner3/netcore/","Source":"C:\\Integral2u\\source\\repos\\SharpMind\\SharpMind.Tests\\bin\\Debug\\net10.0\\SharpMind.Tests.dll","CodeFilePath":null,"LineNumber":0,"Properties":[{"Key":{"Id":"TestCase.ManagedMethod","Label":"ManagedMethod","Category":"","Description":"","Attributes":1,"ValueType":"System.String"},"Value":"DocumentLongerThanSeqLen_Truncated"},{"Key":{"Id":"XunitTestCaseUniqueID","Label":"xUnit.net Test Case Unique ID","Category":"","Description":"","Attributes":0,"ValueType":"System.String"},"Value":"00a9d72adcbcce02bea0582129ab57966fa37041"},{"Key":{"Id":"XunitTestCaseExplicit","Label":"xUnit.net Test Case Explicit Flag","Category":"","Description":"","Attributes":0,"ValueType":"System.Boolean"},"Value":false},{"Key":{"Id":"TestCase.ManagedType","Label":"ManagedType","Category":"","Description":"","Attributes":1,"ValueType":"System.String"},"Value":"SharpMind.Tests.Data.PackingBatcherTests"}]},"Attachments":[],"Outcome":1,"ErrorMessage":null,"ErrorStackTrace":null,"DisplayName":"SharpMind.Tests.Data.PackingBatcherTests.DocumentLongerThanSeqLen_Truncated","Messages":[],"ComputerName":"LAPTOP-MKMTSO1B","Duration":"00:00:00.0844946","StartTime":"2026-07-20T05:24:32.0079928+00:00","EndTime":"2026-07-20T05:24:32.0923105+00:00","Properties":[]},{"TestCase":{"Id":"5ab34d3b-7a4d-4cd2-df75-5e8909b9b5b5","FullyQualifiedName":"SharpMind.Tests.Data.PackingBatcherTests.Labels_ShiftedByOne_PaddingIsMinusOneHundred","DisplayName":"SharpMind.Tests.Data.PackingBatcherTests.Labels_ShiftedByOne_PaddingIsMinusOneHundred","ExecutorUri":"executor://xunit/VsTestRunner3/netcore/","Source":"C:\\Integral2u\\source\\repos\\SharpMind\\SharpMind.Tests\\bin\\Debug\\net10.0\\SharpMind.Tests.dll","CodeFilePath":null,"LineNumber":0,"Properties":[{"Key":{"Id":"TestCase.ManagedMethod","Label":"ManagedMethod","Category":"","Description":"","Attributes":1,"ValueType":"System.String"},"Value":"Labels_ShiftedByOne_PaddingIsMinusOneHundred"},{"Key":{"Id":"XunitTestCaseUniqueID","Label":"xUnit.net Test Case Unique ID","Category":"","Description":"","Attributes":0,"ValueType":"System.String"},"Value":"104561f1ae84ef63afd2721d1f38c66e4299c37e"},{"Key":{"Id":"XunitTestCaseExplicit","Label":"xUnit.net Test Case Explicit Flag","Category":"","Description":"","Attributes":0,"ValueType":"System.Boolean"},"Value":false},{"Key":{"Id":"TestCase.ManagedType","Label":"ManagedType","Category":"","Description":"","Attributes":1,"ValueType":"System.String"},"Value":"SharpMind.Tests.Data.PackingBatcherTests"}]},"Attachments":[],"Outcome":1,"ErrorMessage":null,"ErrorStackTrace":null,"DisplayName":"SharpMind.Tests.Data.PackingBatcherTests.Labels_ShiftedByOne_PaddingIsMinusOneHundred","Messages":[],"ComputerName":"LAPTOP-MKMTSO1B","Duration":"00:00:00.0160362","StartTime":"2026-07-20T05:24:32.093172+00:00","EndTime":"2026-07-20T05:24:32.1084941+00:00","Properties":[]},{"TestCase":{"Id":"b62234ab-b3a3-09c0-e851-8a3d63af75c5","FullyQualifiedName":"SharpMind.Tests.Data.PackingBatcherTests.RealTokenCount_ExcludesPadding","DisplayName":"SharpMind.Tests.Data.PackingBatcherTests.RealTokenCount_ExcludesPadding","ExecutorUri":"executor://xunit/VsTestRunner3/netcore/","Source":"C:\\Integral2u\\source\\repos\\SharpMind\\SharpMind.Tests\\bin\\Debug\\net10.0\\SharpMind.Tests.dll","CodeFilePath":null,"LineNumber":0,"Properties":[{"Key":{"Id":"TestCase.ManagedMethod","Label":"ManagedMethod","Category":"","Description":"","Attributes":1,"ValueType":"System.String"},"Value":"RealTokenCount_ExcludesPadding"},{"Key":{"Id":"XunitTestCaseUniqueID","Label":"xUnit.net Test Case Unique ID","Category":"","Description":"","Attributes":0,"ValueType":"System.String"},"Value":"20746a097db515bd0f30073ab80b9d3634e0ffdc"},{"Key":{"Id":"XunitTestCaseExplicit","Label":"xUnit.net Test Case Explicit Flag","Category":"","Description":"","Attributes":0,"ValueType":"System.Boolean"},"Value":false},{"Key":{"Id":"TestCase.ManagedType","Label":"ManagedType","Category":"","Description":"","Attributes":1,"ValueType":"System.String"},"Value":"SharpMind.Tests.Data.PackingBatcherTests"}]},"Attachments":[],"Outcome":1,"ErrorMessage":null,"ErrorStackTrace":null,"DisplayName":"SharpMind.Tests.Data.PackingBatcherTests.RealTokenCount_ExcludesPadding","Messages":[],"ComputerName":"LAPTOP-MKMTSO1B","Duration":"00:00:00.0012834","StartTime":"2026-07-20T05:24:32.1094225+00:00","EndTime":"2026-07-20T05:24:32.1098191+00:00","Properties":[]},{"TestCase":{"Id":"f223733e-60fb-742b-d2e2-2a0fad0aff2a","FullyQualifiedName":"SharpMind.Tests.Data.PackingBatcherTests.PartialLastBatch_StillEmitted","DisplayName":"SharpMind.Tests.Data.PackingBatcherTests.PartialLastBatch_StillEmitted","ExecutorUri":"executor://xunit/VsTestRunner3/netcore/","Source":"C:\\Integral2u\\source\\repos\\SharpMind\\SharpMind.Tests\\bin\\Debug\\net10.0\\SharpMind.Tests.dll","CodeFilePath":null,"LineNumber":0,"Properties":[{"Key":{"Id":"TestCase.ManagedMethod","Label":"ManagedMethod","Category":"","Description":"","Attributes":1,"ValueType":"System.String"},"Value":"PartialLastBatch_StillEmitted"},{"Key":{"Id":"XunitTestCaseUniqueID","Label":"xUnit.net Test Case Unique ID","Category":"","Description":"","Attributes":0,"ValueType":"System.String"},"Value":"29efa4e65a5c149e228bde1ce0f7621bb9f8437b"},{"Key":{"Id":"XunitTestCaseExplicit","Label":"xUnit.net Test Case Explicit Flag","Category":"","Description":"","Attributes":0,"ValueType":"System.Boolean"},"Value":false},{"Key":{"Id":"TestCase.ManagedType","Label":"ManagedType","Category":"","Description":"","Attributes":1,"ValueType":"System.String"},"Value":"SharpMind.Tests.Data.PackingBatcherTests"}]},"Attachments":[],"Outcome":1,"ErrorMessage":null,"ErrorStackTrace":null,"DisplayName":"SharpMind.Tests.Data.PackingBatcherTests.PartialLastBatch_StillEmitted","Messages":[],"ComputerName":"LAPTOP-MKMTSO1B","Duration":"00:00:00.0031522","StartTime":"2026-07-20T05:24:32.1106379+00:00","EndTime":"2026-07-20T05:24:32.1131631+00:00","Properties":[]},{"TestCase":{"Id":"705474b3-facf-db19-e480-cc4a6ff4c214","FullyQualifiedName":"SharpMind.Tests.Data.PackingBatcherTests.EmptyDocumentStream_YieldsNoBatches","DisplayName":"SharpMind.Tests.Data.PackingBatcherTests.EmptyDocumentStream_YieldsNoBatches","ExecutorUri":"executor://xunit/VsTestRunner3/netcore/","Source":"C:\\Integral2u\\source\\repos\\SharpMind\\SharpMind.Tests\\bin\\Debug\\net10.0\\SharpMind.Tests.dll","CodeFilePath":null,"LineNumber":0,"Properties":[{"Key":{"Id":"TestCase.ManagedMethod","Label":"ManagedMethod","Category":"","Description":"","Attributes":1,"ValueType":"System.String"},"Value":"EmptyDocumentStream_YieldsNoBatches"},{"Key":{"Id":"XunitTestCaseUniqueID","Label":"xUnit.net Test Case Unique ID","Category":"","Description":"","Attributes":0,"ValueType":"System.String"},"Value":"317adb6767b24e676ec218325f9ae37358c3644a"},{"Key":{"Id":"XunitTestCaseExplicit","Label":"xUnit.net Test Case Explicit Flag","Category":"","Description":"","Attributes":0,"ValueType":"System.Boolean"},"Value":false},{"Key":{"Id":"TestCase.ManagedType","Label":"ManagedType","Category":"","Description":"","Attributes":1,"ValueType":"System.String"},"Value":"SharpMind.Tests.Data.PackingBatcherTests"}]},"Attachments":[],"Outcome":1,"ErrorMessage":null,"ErrorStackTrace":null,"DisplayName":"SharpMind.Tests.Data.PackingBatcherTests.EmptyDocumentStream_YieldsNoBatches","Messages":[],"ComputerName":"LAPTOP-MKMTSO1B","Duration":"00:00:00.0018355","StartTime":"2026-07-20T05:24:32.1142871+00:00","EndTime":"2026-07-20T05:24:32.1155005+00:00","Properties":[]},{"TestCase":{"Id":"0f13b574-6fad-957a-bf2d-5670b2ffe5a3","FullyQualifiedName":"SharpMind.Tests.Data.PackingBatcherTests.AttentionMask_OneForRealTokens_ZeroForPadding","DisplayName":"SharpMind.Tests.Data.PackingBatcherTests.AttentionMask_OneForRealTokens_ZeroForPadding","ExecutorUri":"executor://xunit/VsTestRunner3/netcore/","Source":"C:\\Integral2u\\source\\repos\\SharpMind\\SharpMind.Tests\\bin\\Debug\\net10.0\\SharpMind.Tests.dll","CodeFilePath":null,"LineNumber":0,"Properties":[{"Key":{"Id":"TestCase.ManagedMethod","Label":"ManagedMethod","Category":"","Description":"","Attributes":1,"ValueType":"System.String"},"Value":"AttentionMask_OneForRealTokens_ZeroForPadding"},{"Key":{"Id":"XunitTestCaseUniqueID","Label":"xUnit.net Test Case Unique ID","Category":"","Description":"","Attributes":0,"ValueType":"System.String"},"Value":"5a495e6e78b042721b1e2362e05efdae71e3feda"},{"Key":{"Id":"XunitTestCaseExplicit","Label":"xUnit.net Test Case Explicit Flag","Category":"","Description":"","Attributes":0,"ValueType":"System.Boolean"},"Value":false},{"Key":{"Id":"TestCase.ManagedType","Label":"ManagedType","Category":"","Description":"","Attributes":1,"ValueType":"System.String"},"Value":"SharpMind.Tests.Data.PackingBatcherTests"}]},"Attachments":[],"Outcome":1,"ErrorMessage":null,"ErrorStackTrace":null,"DisplayName":"SharpMind.Tests.Data.PackingBatcherTests.AttentionMask_OneForRealTokens_ZeroForPadding","Messages":[],"ComputerName":"LAPTOP-MKMTSO1B","Duration":"00:00:00.0260117","StartTime":"2026-07-20T05:24:32.116431+00:00","EndTime":"2026-07-20T05:24:32.1417828+00:00","Properties":[]}],"TestRunStatistics":{"ExecutedTests":120,"Stats":{"Passed":120}},"ActiveTests":[{"Id":"6c79de35-46d3-e965-923c-ebc496aac112","FullyQualifiedName":"SharpMind.Tests.Data.PseudoLanguageGeneratorTests.Generator_GeneratePatterns_ReturnsValidSequences","DisplayName":"SharpMind.Tests.Data.PseudoLanguageGeneratorTests.Generator_GeneratePatterns_ReturnsValidSequences","ExecutorUri":"executor://xunit/VsTestRunner3/netcore/","Source":"C:\\Integral2u\\source\\repos\\SharpMind\\SharpMind.Tests\\bin\\Debug\\net10.0\\SharpMind.Tests.dll","CodeFilePath":null,"LineNumber":0,"Properties":[{"Key":{"Id":"TestCase.ManagedMethod","Label":"ManagedMethod","Category":"","Description":"","Attributes":1,"ValueType":"System.String"},"Value":"Generator_GeneratePatterns_ReturnsValidSequences"},{"Key":{"Id":"XunitTestCaseUniqueID","Label":"xUnit.net Test Case Unique ID","Category":"","Description":"","Attributes":0,"ValueType":"System.String"},"Value":"12f9eff7587a03a02e6a537d5021b2da094a662f"},{"Key":{"Id":"XunitTestCaseExplicit","Label":"xUnit.net Test Case Explicit Flag","Category":"","Description":"","Attributes":0,"ValueType":"System.Boolean"},"Value":false},{"Key":{"Id":"TestCase.ManagedType","Label":"ManagedType","Category":"","Description":"","Attributes":1,"ValueType":"System.String"},"Value":"SharpMind.Tests.Data.PseudoLanguageGeneratorTests"}]},{"Id":"92bbc193-396f-70d3-fae7-68ab082d1913","FullyQualifiedName":"SharpMind.Tests.Data.PackingBatcherTests.Dispose_ReleasesAllTensors","DisplayName":"SharpMind.Tests.Data.PackingBatcherTests.Dispose_ReleasesAllTensors","ExecutorUri":"executor://xunit/VsTestRunner3/netcore/","Source":"C:\\Integral2u\\source\\repos\\SharpMind\\SharpMind.Tests\\bin\\Debug\\net10.0\\SharpMind.Tests.dll","CodeFilePath":null,"LineNumber":0,"Properties":[{"Key":{"Id":"TestCase.ManagedMethod","Label":"ManagedMethod","Category":"","Description":"","Attributes":1,"ValueType":"System.String"},"Value":"Dispose_ReleasesAllTensors"},{"Key":{"Id":"XunitTestCaseUniqueID","Label":"xUnit.net Test Case Unique ID","Category":"","Description":"","Attributes":0,"ValueType":"System.String"},"Value":"b21fa2314331a0f8372b56a97cb08b044c6da1e2"},{"Key":{"Id":"XunitTestCaseExplicit","Label":"xUnit.net Test Case Explicit Flag","Category":"","Description":"","Attributes":0,"ValueType":"System.Boolean"},"Value":false},{"Key":{"Id":"TestCase.ManagedType","Label":"ManagedType","Category":"","Description":"","Attributes":1,"ValueType":"System.String"},"Value":"SharpMind.Tests.Data.PackingBatcherTests"}]}]}}
TpTrace Verbose: 0 : 2820, 13, 2026/07/20, 17:24:32.148, 364610231369, vstest.console.dll, TestRunRequest:SendTestRunStatsChange: Starting.
TpTrace Verbose: 0 : 2820, 13, 2026/07/20, 17:24:32.148, 364610232811, vstest.console.dll, InProgress is SharpMind.Tests.Data.PseudoLanguageGeneratorTests.Generator_GeneratePatterns_ReturnsValidSequences
TpTrace Verbose: 0 : 2820, 13, 2026/07/20, 17:24:32.148, 364610233445, vstest.console.dll, InProgress is SharpMind.Tests.Data.PackingBatcherTests.Dispose_ReleasesAllTensors
TpTrace Verbose: 0 : 2820, 13, 2026/07/20, 17:24:32.149, 364610234327, vstest.console.dll, MulticastDelegateUtilities.SafeInvoke: TestRun.RunStatsChanged: Invoking callbacks was skipped because there are no subscribers.
TpTrace Information: 0 : 2820, 13, 2026/07/20, 17:24:32.149, 364610234946, vstest.console.dll, TestRunRequest:SendTestRunStatsChange: Completed.
TpTrace Verbose: 0 : 2820, 13, 2026/07/20, 17:24:32.149, 364610235388, vstest.console.dll, MulticastDelegateUtilities.SafeInvoke: LengthPrefixCommunicationChannel: MessageReceived: Invoking callback 1/1 for Microsoft.VisualStudio.TestPlatform.CommunicationUtilities.TestRequestSender+<>c__DisplayClass34_0., took 3 ms.
TpTrace Verbose: 0 : 2820, 13, 2026/07/20, 17:24:32.149, 364610235900, vstest.console.dll, TcpClientExtensions.MessageLoopAsync: Polling on remoteEndPoint: 127.0.0.1:55546 localEndPoint: 127.0.0.1:55545 after 158 ms
TpTrace Verbose: 0 : 2820, 4, 2026/07/20, 17:24:32.149, 364610236491, vstest.console.dll, MulticastDelegateUtilities.SafeInvoke: InternalTestLoggerEvents.SendTestResult: Invoking callback 1/1 for Microsoft.VisualStudio.TestPlatform.CommandLine.Internal.ConsoleLogger., took 0 ms.
TpTrace Verbose: 0 : 2820, 4, 2026/07/20, 17:24:32.149, 364610237446, vstest.console.dll, MulticastDelegateUtilities.SafeInvoke: InternalTestLoggerEvents.SendTestResult: Invoking callback 1/1 for Microsoft.VisualStudio.TestPlatform.CommandLine.Internal.ConsoleLogger., took 0 ms.
TpTrace Verbose: 0 : 2820, 4, 2026/07/20, 17:24:32.149, 364610238217, vstest.console.dll, MulticastDelegateUtilities.SafeInvoke: InternalTestLoggerEvents.SendTestResult: Invoking callback 1/1 for Microsoft.VisualStudio.TestPlatform.CommandLine.Internal.ConsoleLogger., took 0 ms.
TpTrace Verbose: 0 : 2820, 4, 2026/07/20, 17:24:32.149, 364610238887, vstest.console.dll, MulticastDelegateUtilities.SafeInvoke: InternalTestLoggerEvents.SendTestResult: Invoking callback 1/1 for Microsoft.VisualStudio.TestPlatform.CommandLine.Internal.ConsoleLogger., took 0 ms.
TpTrace Verbose: 0 : 2820, 4, 2026/07/20, 17:24:32.149, 364610239536, vstest.console.dll, MulticastDelegateUtilities.SafeInvoke: InternalTestLoggerEvents.SendTestResult: Invoking callback 1/1 for Microsoft.VisualStudio.TestPlatform.CommandLine.Internal.ConsoleLogger., took 0 ms.
TpTrace Verbose: 0 : 2820, 4, 2026/07/20, 17:24:32.149, 364610241703, vstest.console.dll, MulticastDelegateUtilities.SafeInvoke: InternalTestLoggerEvents.SendTestResult: Invoking callback 1/1 for Microsoft.VisualStudio.TestPlatform.CommandLine.Internal.ConsoleLogger., took 0 ms.
TpTrace Verbose: 0 : 2820, 4, 2026/07/20, 17:24:32.150, 364610245748, vstest.console.dll, MulticastDelegateUtilities.SafeInvoke: InternalTestLoggerEvents.SendTestResult: Invoking callback 1/1 for Microsoft.VisualStudio.TestPlatform.CommandLine.Internal.ConsoleLogger., took 0 ms.
TpTrace Verbose: 0 : 2820, 4, 2026/07/20, 17:24:32.150, 364610246454, vstest.console.dll, MulticastDelegateUtilities.SafeInvoke: InternalTestLoggerEvents.SendTestResult: Invoking callback 1/1 for Microsoft.VisualStudio.TestPlatform.CommandLine.Internal.ConsoleLogger., took 0 ms.
TpTrace Verbose: 0 : 2820, 13, 2026/07/20, 17:24:32.198, 364610733427, vstest.console.dll, TcpClientExtensions.MessageLoopAsync: NotifyDataAvailable remoteEndPoint: 127.0.0.1:55546 localEndPoint: 127.0.0.1:55545
TpTrace Verbose: 0 : 2820, 13, 2026/07/20, 17:24:32.199, 364610737583, vstest.console.dll, TestRequestSender.OnExecutionMessageReceived: Received message: {"Version":7,"MessageType":"TestExecution.StatsChange","Payload":{"NewTestResults":[{"TestCase":{"Id":"92bbc193-396f-70d3-fae7-68ab082d1913","FullyQualifiedName":"SharpMind.Tests.Data.PackingBatcherTests.Dispose_ReleasesAllTensors","DisplayName":"SharpMind.Tests.Data.PackingBatcherTests.Dispose_ReleasesAllTensors","ExecutorUri":"executor://xunit/VsTestRunner3/netcore/","Source":"C:\\Integral2u\\source\\repos\\SharpMind\\SharpMind.Tests\\bin\\Debug\\net10.0\\SharpMind.Tests.dll","CodeFilePath":null,"LineNumber":0,"Properties":[{"Key":{"Id":"TestCase.ManagedMethod","Label":"ManagedMethod","Category":"","Description":"","Attributes":1,"ValueType":"System.String"},"Value":"Dispose_ReleasesAllTensors"},{"Key":{"Id":"XunitTestCaseUniqueID","Label":"xUnit.net Test Case Unique ID","Category":"","Description":"","Attributes":0,"ValueType":"System.String"},"Value":"b21fa2314331a0f8372b56a97cb08b044c6da1e2"},{"Key":{"Id":"XunitTestCaseExplicit","Label":"xUnit.net Test Case Explicit Flag","Category":"","Description":"","Attributes":0,"ValueType":"System.Boolean"},"Value":false},{"Key":{"Id":"TestCase.ManagedType","Label":"ManagedType","Category":"","Description":"","Attributes":1,"ValueType":"System.String"},"Value":"SharpMind.Tests.Data.PackingBatcherTests"}]},"Attachments":[],"Outcome":1,"ErrorMessage":null,"ErrorStackTrace":null,"DisplayName":"SharpMind.Tests.Data.PackingBatcherTests.Dispose_ReleasesAllTensors","Messages":[],"ComputerName":"LAPTOP-MKMTSO1B","Duration":"00:00:00.0023041","StartTime":"2026-07-20T05:24:32.1453019+00:00","EndTime":"2026-07-20T05:24:32.1454841+00:00","Properties":[]},{"TestCase":{"Id":"efda5545-30d1-bd46-7e12-50ba8bd9bcb2","FullyQualifiedName":"SharpMind.Tests.Data.PackingBatcherTests.PacksMultipleDocumentsPerRow","DisplayName":"SharpMind.Tests.Data.PackingBatcherTests.PacksMultipleDocumentsPerRow","ExecutorUri":"executor://xunit/VsTestRunner3/netcore/","Source":"C:\\Integral2u\\source\\repos\\SharpMind\\SharpMind.Tests\\bin\\Debug\\net10.0\\SharpMind.Tests.dll","CodeFilePath":null,"LineNumber":0,"Properties":[{"Key":{"Id":"TestCase.ManagedMethod","Label":"ManagedMethod","Category":"","Description":"","Attributes":1,"ValueType":"System.String"},"Value":"PacksMultipleDocumentsPerRow"},{"Key":{"Id":"XunitTestCaseUniqueID","Label":"xUnit.net Test Case Unique ID","Category":"","Description":"","Attributes":0,"ValueType":"System.String"},"Value":"d49a468ed1b5ce169cd1f4763910be83f6422c3d"},{"Key":{"Id":"XunitTestCaseExplicit","Label":"xUnit.net Test Case Explicit Flag","Category":"","Description":"","Attributes":0,"ValueType":"System.Boolean"},"Value":false},{"Key":{"Id":"TestCase.ManagedType","Label":"ManagedType","Category":"","Description":"","Attributes":1,"ValueType":"System.String"},"Value":"SharpMind.Tests.Data.PackingBatcherTests"}]},"Attachments":[],"Outcome":1,"ErrorMessage":null,"ErrorStackTrace":null,"DisplayName":"SharpMind.Tests.Data.PackingBatcherTests.PacksMultipleDocumentsPerRow","Messages":[],"ComputerName":"LAPTOP-MKMTSO1B","Duration":"00:00:00.0026633","StartTime":"2026-07-20T05:24:32.1464988+00:00","EndTime":"2026-07-20T05:24:32.1469177+00:00","Properties":[]},{"TestCase":{"Id":"94ae36c9-94b2-256c-72be-ef812892528f","FullyQualifiedName":"SharpMind.Tests.Data.PackingBatcherTests.BatchShape_IsCorrect","DisplayName":"SharpMind.Tests.Data.PackingBatcherTests.BatchShape_IsCorrect","ExecutorUri":"executor://xunit/VsTestRunner3/netcore/","Source":"C:\\Integral2u\\source\\repos\\SharpMind\\SharpMind.Tests\\bin\\Debug\\net10.0\\SharpMind.Tests.dll","CodeFilePath":null,"LineNumber":0,"Properties":[{"Key":{"Id":"TestCase.ManagedMethod","Label":"ManagedMethod","Category":"","Description":"","Attributes":1,"ValueType":"System.String"},"Value":"BatchShape_IsCorrect"},{"Key":{"Id":"XunitTestCaseUniqueID","Label":"xUnit.net Test Case Unique ID","Category":"","Description":"","Attributes":0,"ValueType":"System.String"},"Value":"e72e208a2ddb91efc64caefd554f65ade4072cf6"},{"Key":{"Id":"XunitTestCaseExplicit","Label":"xUnit.net Test Case Explicit Flag","Category":"","Description":"","Attributes":0,"ValueType":"System.Boolean"},"Value":false},{"Key":{"Id":"TestCase.ManagedType","Label":"ManagedType","Category":"","Description":"","Attributes":1,"ValueType":"System.String"},"Value":"SharpMind.Tests.Data.PackingBatcherTests"}]},"Attachments":[],"Outcome":1,"ErrorMessage":null,"ErrorStackTrace":null,"DisplayName":"SharpMind.Tests.Data.PackingBatcherTests.BatchShape_IsCorrect","Messages":[],"ComputerName":"LAPTOP-MKMTSO1B","Duration":"00:00:00.0148610","StartTime":"2026-07-20T05:24:32.1478481+00:00","EndTime":"2026-07-20T05:24:32.1622922+00:00","Properties":[]},{"TestCase":{"Id":"206a3014-8d6e-5c94-272c-3d32c34e6a75","FullyQualifiedName":"SharpMind.Tests.ModelFormat.SharpMindConfigTests.ToModelConfig_Roundtrip","DisplayName":"SharpMind.Tests.ModelFormat.SharpMindConfigTests.ToModelConfig_Roundtrip","ExecutorUri":"executor://xunit/VsTestRunner3/netcore/","Source":"C:\\Integral2u\\source\\repos\\SharpMind\\SharpMind.Tests\\bin\\Debug\\net10.0\\SharpMind.Tests.dll","CodeFilePath":null,"LineNumber":0,"Properties":[{"Key":{"Id":"TestCase.ManagedMethod","Label":"ManagedMethod","Category":"","Description":"","Attributes":1,"ValueType":"System.String"},"Value":"ToModelConfig_Roundtrip"},{"Key":{"Id":"XunitTestCaseUniqueID","Label":"xUnit.net Test Case Unique ID","Category":"","Description":"","Attributes":0,"ValueType":"System.String"},"Value":"50e90007272ca1631cf5af60241da31aeffd8d79"},{"Key":{"Id":"XunitTestCaseExplicit","Label":"xUnit.net Test Case Explicit Flag","Category":"","Description":"","Attributes":0,"ValueType":"System.Boolean"},"Value":false},{"Key":{"Id":"TestCase.ManagedType","Label":"ManagedType","Category":"","Description":"","Attributes":1,"ValueType":"System.String"},"Value":"SharpMind.Tests.ModelFormat.SharpMindConfigTests"}]},"Attachments":[],"Outcome":1,"ErrorMessage":null,"ErrorStackTrace":null,"DisplayName":"SharpMind.Tests.ModelFormat.SharpMindConfigTests.ToModelConfig_Roundtrip","Messages":[],"ComputerName":"LAPTOP-MKMTSO1B","Duration":"00:00:00.0105303","StartTime":"2026-07-20T05:24:32.1635161+00:00","EndTime":"2026-07-20T05:24:32.1734091+00:00","Properties":[]},{"TestCase":{"Id":"b24d5f25-c5aa-56f0-c4f0-859ab9553697","FullyQualifiedName":"SharpMind.Tests.Data.JsonlSourceTests.NestedFieldPath_DotNotation","DisplayName":"SharpMind.Tests.Data.JsonlSourceTests.NestedFieldPath_DotNotation","ExecutorUri":"executor://xunit/VsTestRunner3/netcore/","Source":"C:\\Integral2u\\source\\repos\\SharpMind\\SharpMind.Tests\\bin\\Debug\\net10.0\\SharpMind.Tests.dll","CodeFilePath":null,"LineNumber":0,"Properties":[{"Key":{"Id":"TestCase.ManagedMethod","Label":"ManagedMethod","Category":"","Description":"","Attributes":1,"ValueType":"System.String"},"Value":"NestedFieldPath_DotNotation"},{"Key":{"Id":"XunitTestCaseUniqueID","Label":"xUnit.net Test Case Unique ID","Category":"","Description":"","Attributes":0,"ValueType":"System.String"},"Value":"a022e0fc566bb212af499a511571b93dfe1fe1be"},{"Key":{"Id":"XunitTestCaseExplicit","Label":"xUnit.net Test Case Explicit Flag","Category":"","Description":"","Attributes":0,"ValueType":"System.Boolean"},"Value":false},{"Key":{"Id":"TestCase.ManagedType","Label":"ManagedType","Category":"","Description":"","Attributes":1,"ValueType":"System.String"},"Value":"SharpMind.Tests.Data.JsonlSourceTests"}]},"Attachments":[],"Outcome":1,"ErrorMessage":null,"ErrorStackTrace":null,"DisplayName":"SharpMind.Tests.Data.JsonlSourceTests.NestedFieldPath_DotNotation","Messages":[],"ComputerName":"LAPTOP-MKMTSO1B","Duration":"00:00:00.2036791","StartTime":"2026-07-20T05:24:31.9091725+00:00","EndTime":"2026-07-20T05:24:32.1806824+00:00","Properties":[]},{"TestCase":{"Id":"c439d3e5-e528-fb08-85c7-a3ddf5242e26","FullyQualifiedName":"SharpMind.Tests.ModelFormat.SharpMindConfigTests.FromModelConfig_Mapper_Configuration","DisplayName":"SharpMind.Tests.ModelFormat.SharpMindConfigTests.FromModelConfig_Mapper_Configuration","ExecutorUri":"executor://xunit/VsTestRunner3/netcore/","Source":"C:\\Integral2u\\source\\repos\\SharpMind\\SharpMind.Tests\\bin\\Debug\\net10.0\\SharpMind.Tests.dll","CodeFilePath":null,"LineNumber":0,"Properties":[{"Key":{"Id":"TestCase.ManagedMethod","Label":"ManagedMethod","Category":"","Description":"","Attributes":1,"ValueType":"System.String"},"Value":"FromModelConfig_Mapper_Configuration"},{"Key":{"Id":"XunitTestCaseUniqueID","Label":"xUnit.net Test Case Unique ID","Category":"","Description":"","Attributes":0,"ValueType":"System.String"},"Value":"5cd5a928309f560715123b01e8c222e918874263"},{"Key":{"Id":"XunitTestCaseExplicit","Label":"xUnit.net Test Case Explicit Flag","Category":"","Description":"","Attributes":0,"ValueType":"System.Boolean"},"Value":false},{"Key":{"Id":"TestCase.ManagedType","Label":"ManagedType","Category":"","Description":"","Attributes":1,"ValueType":"System.String"},"Value":"SharpMind.Tests.ModelFormat.SharpMindConfigTests"}]},"Attachments":[],"Outcome":1,"ErrorMessage":null,"ErrorStackTrace":null,"DisplayName":"SharpMind.Tests.ModelFormat.SharpMindConfigTests.FromModelConfig_Mapper_Configuration","Messages":[],"ComputerName":"LAPTOP-MKMTSO1B","Duration":"00:00:00.0067448","StartTime":"2026-07-20T05:24:32.1779354+00:00","EndTime":"2026-07-20T05:24:32.1811592+00:00","Properties":[]},{"TestCase":{"Id":"6c79de35-46d3-e965-923c-ebc496aac112","FullyQualifiedName":"SharpMind.Tests.Data.PseudoLanguageGeneratorTests.Generator_GeneratePatterns_ReturnsValidSequences","DisplayName":"SharpMind.Tests.Data.PseudoLanguageGeneratorTests.Generator_GeneratePatterns_ReturnsValidSequences","ExecutorUri":"executor://xunit/VsTestRunner3/netcore/","Source":"C:\\Integral2u\\source\\repos\\SharpMind\\SharpMind.Tests\\bin\\Debug\\net10.0\\SharpMind.Tests.dll","CodeFilePath":null,"LineNumber":0,"Properties":[{"Key":{"Id":"TestCase.ManagedMethod","Label":"ManagedMethod","Category":"","Description":"","Attributes":1,"ValueType":"System.String"},"Value":"Generator_GeneratePatterns_ReturnsValidSequences"},{"Key":{"Id":"XunitTestCaseUniqueID","Label":"xUnit.net Test Case Unique ID","Category":"","Description":"","Attributes":0,"ValueType":"System.String"},"Value":"12f9eff7587a03a02e6a537d5021b2da094a662f"},{"Key":{"Id":"XunitTestCaseExplicit","Label":"xUnit.net Test Case Explicit Flag","Category":"","Description":"","Attributes":0,"ValueType":"System.Boolean"},"Value":false},{"Key":{"Id":"TestCase.ManagedType","Label":"ManagedType","Category":"","Description":"","Attributes":1,"ValueType":"System.String"},"Value":"SharpMind.Tests.Data.PseudoLanguageGeneratorTests"}]},"Attachments":[],"Outcome":1,"ErrorMessage":null,"ErrorStackTrace":null,"DisplayName":"SharpMind.Tests.Data.PseudoLanguageGeneratorTests.Generator_GeneratePatterns_ReturnsValidSequences","Messages":[],"ComputerName":"LAPTOP-MKMTSO1B","Duration":"00:00:00.1940060","StartTime":"2026-07-20T05:24:31.9938464+00:00","EndTime":"2026-07-20T05:24:32.1926649+00:00","Properties":[]}],"TestRunStatistics":{"ExecutedTests":127,"Stats":{"Passed":127}},"ActiveTests":[{"Id":"28925895-894a-ee85-0593-943d1946f7d3","FullyQualifiedName":"SharpMind.Tests.ModelFormat.SharpMindConfigTests.SaveAndLoad_Roundtrip","DisplayName":"SharpMind.Tests.ModelFormat.SharpMindConfigTests.SaveAndLoad_Roundtrip","ExecutorUri":"executor://xunit/VsTestRunner3/netcore/","Source":"C:\\Integral2u\\source\\repos\\SharpMind\\SharpMind.Tests\\bin\\Debug\\net10.0\\SharpMind.Tests.dll","CodeFilePath":null,"LineNumber":0,"Properties":[{"Key":{"Id":"TestCase.ManagedMethod","Label":"ManagedMethod","Category":"","Description":"","Attributes":1,"ValueType":"System.String"},"Value":"SaveAndLoad_Roundtrip"},{"Key":{"Id":"XunitTestCaseUniqueID","Label":"xUnit.net Test Case Unique ID","Category":"","Description":"","Attributes":0,"ValueType":"System.String"},"Value":"b6b2806f9a49a1f725b86a40efcee4fb152e5016"},{"Key":{"Id":"XunitTestCaseExplicit","Label":"xUnit.net Test Case Explicit Flag","Category":"","Description":"","Attributes":0,"ValueType":"System.Boolean"},"Value":false},{"Key":{"Id":"TestCase.ManagedType","Label":"ManagedType","Category":"","Description":"","Attributes":1,"ValueType":"System.String"},"Value":"SharpMind.Tests.ModelFormat.SharpMindConfigTests"}]},{"Id":"a4c58ab7-ff2f-94a9-df67-0a79702e0f4c","FullyQualifiedName":"SharpMind.Tests.Data.JsonlSourceTests.EmptyTextValue_Skipped","DisplayName":"SharpMind.Tests.Data.JsonlSourceTests.EmptyTextValue_Skipped","ExecutorUri":"executor://xunit/VsTestRunner3/netcore/","Source":"C:\\Integral2u\\source\\repos\\SharpMind\\SharpMind.Tests\\bin\\Debug\\net10.0\\SharpMind.Tests.dll","CodeFilePath":null,"LineNumber":0,"Properties":[{"Key":{"Id":"TestCase.ManagedMethod","Label":"ManagedMethod","Category":"","Description":"","Attributes":1,"ValueType":"System.String"},"Value":"EmptyTextValue_Skipped"},{"Key":{"Id":"XunitTestCaseUniqueID","Label":"xUnit.net Test Case Unique ID","Category":"","Description":"","Attributes":0,"ValueType":"System.String"},"Value":"f15fbd3f5c18a0fadc2fe98b343aeb628e3c7a62"},{"Key":{"Id":"XunitTestCaseExplicit","Label":"xUnit.net Test Case Explicit Flag","Category":"","Description":"","Attributes":0,"ValueType":"System.Boolean"},"Value":false},{"Key":{"Id":"TestCase.ManagedType","Label":"ManagedType","Category":"","Description":"","Attributes":1,"ValueType":"System.String"},"Value":"SharpMind.Tests.Data.JsonlSourceTests"}]},{"Id":"c70561fa-f61c-d081-25e2-423e4dedc33f","FullyQualifiedName":"SharpMind.Tests.Data.PseudoLanguageGeneratorTests.Generator_ContainsDerivedWords","DisplayName":"SharpMind.Tests.Data.PseudoLanguageGeneratorTests.Generator_ContainsDerivedWords","ExecutorUri":"executor://xunit/VsTestRunner3/netcore/","Source":"C:\\Integral2u\\source\\repos\\SharpMind\\SharpMind.Tests\\bin\\Debug\\net10.0\\SharpMind.Tests.dll","CodeFilePath":null,"LineNumber":0,"Properties":[{"Key":{"Id":"TestCase.ManagedMethod","Label":"ManagedMethod","Category":"","Description":"","Attributes":1,"ValueType":"System.String"},"Value":"Generator_ContainsDerivedWords"},{"Key":{"Id":"XunitTestCaseUniqueID","Label":"xUnit.net Test Case Unique ID","Category":"","Description":"","Attributes":0,"ValueType":"System.String"},"Value":"2ee3809629d9776023fe86880a4e109bd29f3ae6"},{"Key":{"Id":"XunitTestCaseExplicit","Label":"xUnit.net Test Case Explicit Flag","Category":"","Description":"","Attributes":0,"ValueType":"System.Boolean"},"Value":false},{"Key":{"Id":"TestCase.ManagedType","Label":"ManagedType","Category":"","Description":"","Attributes":1,"ValueType":"System.String"},"Value":"SharpMind.Tests.Data.PseudoLanguageGeneratorTests"}]}]}}
TpTrace Verbose: 0 : 2820, 13, 2026/07/20, 17:24:32.204, 364610791807, vstest.console.dll, TestRunRequest:SendTestRunStatsChange: Starting.
TpTrace Verbose: 0 : 2820, 13, 2026/07/20, 17:24:32.204, 364610793204, vstest.console.dll, InProgress is SharpMind.Tests.ModelFormat.SharpMindConfigTests.SaveAndLoad_Roundtrip
TpTrace Verbose: 0 : 2820, 13, 2026/07/20, 17:24:32.204, 364610793701, vstest.console.dll, InProgress is SharpMind.Tests.Data.JsonlSourceTests.EmptyTextValue_Skipped
TpTrace Verbose: 0 : 2820, 13, 2026/07/20, 17:24:32.204, 364610794127, vstest.console.dll, InProgress is SharpMind.Tests.Data.PseudoLanguageGeneratorTests.Generator_ContainsDerivedWords
TpTrace Verbose: 0 : 2820, 13, 2026/07/20, 17:24:32.205, 364610795098, vstest.console.dll, MulticastDelegateUtilities.SafeInvoke: TestRun.RunStatsChanged: Invoking callbacks was skipped because there are no subscribers.
TpTrace Information: 0 : 2820, 13, 2026/07/20, 17:24:32.205, 364610795567, vstest.console.dll, TestRunRequest:SendTestRunStatsChange: Completed.
TpTrace Verbose: 0 : 2820, 13, 2026/07/20, 17:24:32.205, 364610796097, vstest.console.dll, MulticastDelegateUtilities.SafeInvoke: LengthPrefixCommunicationChannel: MessageReceived: Invoking callback 1/1 for Microsoft.VisualStudio.TestPlatform.CommunicationUtilities.TestRequestSender+<>c__DisplayClass34_0., took 5 ms.
TpTrace Verbose: 0 : 2820, 13, 2026/07/20, 17:24:32.205, 364610796733, vstest.console.dll, TcpClientExtensions.MessageLoopAsync: Polling on remoteEndPoint: 127.0.0.1:55546 localEndPoint: 127.0.0.1:55545 after 56 ms
TpTrace Verbose: 0 : 2820, 4, 2026/07/20, 17:24:32.205, 364610798710, vstest.console.dll, MulticastDelegateUtilities.SafeInvoke: InternalTestLoggerEvents.SendTestResult: Invoking callback 1/1 for Microsoft.VisualStudio.TestPlatform.CommandLine.Internal.ConsoleLogger., took 0 ms.
TpTrace Verbose: 0 : 2820, 4, 2026/07/20, 17:24:32.205, 364610799493, vstest.console.dll, MulticastDelegateUtilities.SafeInvoke: InternalTestLoggerEvents.SendTestResult: Invoking callback 1/1 for Microsoft.VisualStudio.TestPlatform.CommandLine.Internal.ConsoleLogger., took 0 ms.
TpTrace Verbose: 0 : 2820, 4, 2026/07/20, 17:24:32.205, 364610800156, vstest.console.dll, MulticastDelegateUtilities.SafeInvoke: InternalTestLoggerEvents.SendTestResult: Invoking callback 1/1 for Microsoft.VisualStudio.TestPlatform.CommandLine.Internal.ConsoleLogger., took 0 ms.
TpTrace Verbose: 0 : 2820, 4, 2026/07/20, 17:24:32.205, 364610800915, vstest.console.dll, MulticastDelegateUtilities.SafeInvoke: InternalTestLoggerEvents.SendTestResult: Invoking callback 1/1 for Microsoft.VisualStudio.TestPlatform.CommandLine.Internal.ConsoleLogger., took 0 ms.
TpTrace Verbose: 0 : 2820, 4, 2026/07/20, 17:24:32.205, 364610801647, vstest.console.dll, MulticastDelegateUtilities.SafeInvoke: InternalTestLoggerEvents.SendTestResult: Invoking callback 1/1 for Microsoft.VisualStudio.TestPlatform.CommandLine.Internal.ConsoleLogger., took 0 ms.
TpTrace Verbose: 0 : 2820, 4, 2026/07/20, 17:24:32.205, 364610802349, vstest.console.dll, MulticastDelegateUtilities.SafeInvoke: InternalTestLoggerEvents.SendTestResult: Invoking callback 1/1 for Microsoft.VisualStudio.TestPlatform.CommandLine.Internal.ConsoleLogger., took 0 ms.
TpTrace Verbose: 0 : 2820, 4, 2026/07/20, 17:24:32.205, 364610803040, vstest.console.dll, MulticastDelegateUtilities.SafeInvoke: InternalTestLoggerEvents.SendTestResult: Invoking callback 1/1 for Microsoft.VisualStudio.TestPlatform.CommandLine.Internal.ConsoleLogger., took 0 ms.
TpTrace Verbose: 0 : 2820, 13, 2026/07/20, 17:24:32.963, 364618375124, vstest.console.dll, TcpClientExtensions.MessageLoopAsync: NotifyDataAvailable remoteEndPoint: 127.0.0.1:55546 localEndPoint: 127.0.0.1:55545
TpTrace Verbose: 0 : 2820, 13, 2026/07/20, 17:24:32.963, 364618378824, vstest.console.dll, TestRequestSender.OnExecutionMessageReceived: Received message: {"Version":7,"MessageType":"TestExecution.StatsChange","Payload":{"NewTestResults":[{"TestCase":{"Id":"c70561fa-f61c-d081-25e2-423e4dedc33f","FullyQualifiedName":"SharpMind.Tests.Data.PseudoLanguageGeneratorTests.Generator_ContainsDerivedWords","DisplayName":"SharpMind.Tests.Data.PseudoLanguageGeneratorTests.Generator_ContainsDerivedWords","ExecutorUri":"executor://xunit/VsTestRunner3/netcore/","Source":"C:\\Integral2u\\source\\repos\\SharpMind\\SharpMind.Tests\\bin\\Debug\\net10.0\\SharpMind.Tests.dll","CodeFilePath":null,"LineNumber":0,"Properties":[{"Key":{"Id":"TestCase.ManagedMethod","Label":"ManagedMethod","Category":"","Description":"","Attributes":1,"ValueType":"System.String"},"Value":"Generator_ContainsDerivedWords"},{"Key":{"Id":"XunitTestCaseUniqueID","Label":"xUnit.net Test Case Unique ID","Category":"","Description":"","Attributes":0,"ValueType":"System.String"},"Value":"2ee3809629d9776023fe86880a4e109bd29f3ae6"},{"Key":{"Id":"XunitTestCaseExplicit","Label":"xUnit.net Test Case Explicit Flag","Category":"","Description":"","Attributes":0,"ValueType":"System.Boolean"},"Value":false},{"Key":{"Id":"TestCase.ManagedType","Label":"ManagedType","Category":"","Description":"","Attributes":1,"ValueType":"System.String"},"Value":"SharpMind.Tests.Data.PseudoLanguageGeneratorTests"}]},"Attachments":[],"Outcome":1,"ErrorMessage":null,"ErrorStackTrace":null,"DisplayName":"SharpMind.Tests.Data.PseudoLanguageGeneratorTests.Generator_ContainsDerivedWords","Messages":[],"ComputerName":"LAPTOP-MKMTSO1B","Duration":"00:00:00.0221482","StartTime":"2026-07-20T05:24:32.1991574+00:00","EndTime":"2026-07-20T05:24:32.2107595+00:00","Properties":[]},{"TestCase":{"Id":"28925895-894a-ee85-0593-943d1946f7d3","FullyQualifiedName":"SharpMind.Tests.ModelFormat.SharpMindConfigTests.SaveAndLoad_Roundtrip","DisplayName":"SharpMind.Tests.ModelFormat.SharpMindConfigTests.SaveAndLoad_Roundtrip","ExecutorUri":"executor://xunit/VsTestRunner3/netcore/","Source":"C:\\Integral2u\\source\\repos\\SharpMind\\SharpMind.Tests\\bin\\Debug\\net10.0\\SharpMind.Tests.dll","CodeFilePath":null,"LineNumber":0,"Properties":[{"Key":{"Id":"TestCase.ManagedMethod","Label":"ManagedMethod","Category":"","Description":"","Attributes":1,"ValueType":"System.String"},"Value":"SaveAndLoad_Roundtrip"},{"Key":{"Id":"XunitTestCaseUniqueID","Label":"xUnit.net Test Case Unique ID","Category":"","Description":"","Attributes":0,"ValueType":"System.String"},"Value":"b6b2806f9a49a1f725b86a40efcee4fb152e5016"},{"Key":{"Id":"XunitTestCaseExplicit","Label":"xUnit.net Test Case Explicit Flag","Category":"","Description":"","Attributes":0,"ValueType":"System.Boolean"},"Value":false},{"Key":{"Id":"TestCase.ManagedType","Label":"ManagedType","Category":"","Description":"","Attributes":1,"ValueType":"System.String"},"Value":"SharpMind.Tests.ModelFormat.SharpMindConfigTests"}]},"Attachments":[],"Outcome":1,"ErrorMessage":null,"ErrorStackTrace":null,"DisplayName":"SharpMind.Tests.ModelFormat.SharpMindConfigTests.SaveAndLoad_Roundtrip","Messages":[],"ComputerName":"LAPTOP-MKMTSO1B","Duration":"00:00:00.3262903","StartTime":"2026-07-20T05:24:32.1825123+00:00","EndTime":"2026-07-20T05:24:32.50715+00:00","Properties":[]},{"TestCase":{"Id":"64fac0f6-4f23-6286-0746-97daba366bff","FullyQualifiedName":"SharpMind.Tests.ModelFormat.SharpMindConfigTests.Save_WithOptionalFields","DisplayName":"SharpMind.Tests.ModelFormat.SharpMindConfigTests.Save_WithOptionalFields(includeQuantization: False)","ExecutorUri":"executor://xunit/VsTestRunner3/netcore/","Source":"C:\\Integral2u\\source\\repos\\SharpMind\\SharpMind.Tests\\bin\\Debug\\net10.0\\SharpMind.Tests.dll","CodeFilePath":null,"LineNumber":0,"Properties":[{"Key":{"Id":"TestCase.ManagedMethod","Label":"ManagedMethod","Category":"","Description":"","Attributes":1,"ValueType":"System.String"},"Value":"Save_WithOptionalFields"},{"Key":{"Id":"XunitTestCaseUniqueID","Label":"xUnit.net Test Case Unique ID","Category":"","Description":"","Attributes":0,"ValueType":"System.String"},"Value":"e55addc1741fa97c9fe35f4ce091cd092d608394"},{"Key":{"Id":"XunitTestCaseExplicit","Label":"xUnit.net Test Case Explicit Flag","Category":"","Description":"","Attributes":0,"ValueType":"System.Boolean"},"Value":false},{"Key":{"Id":"TestCase.ManagedType","Label":"ManagedType","Category":"","Description":"","Attributes":1,"ValueType":"System.String"},"Value":"SharpMind.Tests.ModelFormat.SharpMindConfigTests"}]},"Attachments":[],"Outcome":1,"ErrorMessage":null,"ErrorStackTrace":null,"DisplayName":"SharpMind.Tests.ModelFormat.SharpMindConfigTests.Save_WithOptionalFields(includeQuantization: False)","Messages":[],"ComputerName":"LAPTOP-MKMTSO1B","Duration":"00:00:00.0398873","StartTime":"2026-07-20T05:24:32.5079586+00:00","EndTime":"2026-07-20T05:24:32.5468104+00:00","Properties":[]},{"TestCase":{"Id":"5737d235-e21d-c318-ad29-40a9731da8dd","FullyQualifiedName":"SharpMind.Tests.ModelFormat.SharpMindConfigTests.Save_WithOptionalFields","DisplayName":"SharpMind.Tests.ModelFormat.SharpMindConfigTests.Save_WithOptionalFields(includeQuantization: True)","ExecutorUri":"executor://xunit/VsTestRunner3/netcore/","Source":"C:\\Integral2u\\source\\repos\\SharpMind\\SharpMind.Tests\\bin\\Debug\\net10.0\\SharpMind.Tests.dll","CodeFilePath":null,"LineNumber":0,"Properties":[{"Key":{"Id":"TestCase.ManagedMethod","Label":"ManagedMethod","Category":"","Description":"","Attributes":1,"ValueType":"System.String"},"Value":"Save_WithOptionalFields"},{"Key":{"Id":"XunitTestCaseUniqueID","Label":"xUnit.net Test Case Unique ID","Category":"","Description":"","Attributes":0,"ValueType":"System.String"},"Value":"f1ec4e1706fcd6df28ea00e6c37e14b8dbc45385"},{"Key":{"Id":"XunitTestCaseExplicit","Label":"xUnit.net Test Case Explicit Flag","Category":"","Description":"","Attributes":0,"ValueType":"System.Boolean"},"Value":false},{"Key":{"Id":"TestCase.ManagedType","Label":"ManagedType","Category":"","Description":"","Attributes":1,"ValueType":"System.String"},"Value":"SharpMind.Tests.ModelFormat.SharpMindConfigTests"}]},"Attachments":[],"Outcome":1,"ErrorMessage":null,"ErrorStackTrace":null,"DisplayName":"SharpMind.Tests.ModelFormat.SharpMindConfigTests.Save_WithOptionalFields(includeQuantization: True)","Messages":[],"ComputerName":"LAPTOP-MKMTSO1B","Duration":"00:00:00.0497953","StartTime":"2026-07-20T05:24:32.5475662+00:00","EndTime":"2026-07-20T05:24:32.5967453+00:00","Properties":[]},{"TestCase":{"Id":"a4c58ab7-ff2f-94a9-df67-0a79702e0f4c","FullyQualifiedName":"SharpMind.Tests.Data.JsonlSourceTests.EmptyTextValue_Skipped","DisplayName":"SharpMind.Tests.Data.JsonlSourceTests.EmptyTextValue_Skipped","ExecutorUri":"executor://xunit/VsTestRunner3/netcore/","Source":"C:\\Integral2u\\source\\repos\\SharpMind\\SharpMind.Tests\\bin\\Debug\\net10.0\\SharpMind.Tests.dll","CodeFilePath":null,"LineNumber":0,"Properties":[{"Key":{"Id":"TestCase.ManagedMethod","Label":"ManagedMethod","Category":"","Description":"","Attributes":1,"ValueType":"System.String"},"Value":"EmptyTextValue_Skipped"},{"Key":{"Id":"XunitTestCaseUniqueID","Label":"xUnit.net Test Case Unique ID","Category":"","Description":"","Attributes":0,"ValueType":"System.String"},"Value":"f15fbd3f5c18a0fadc2fe98b343aeb628e3c7a62"},{"Key":{"Id":"XunitTestCaseExplicit","Label":"xUnit.net Test Case Explicit Flag","Category":"","Description":"","Attributes":0,"ValueType":"System.Boolean"},"Value":false},{"Key":{"Id":"TestCase.ManagedType","Label":"ManagedType","Category":"","Description":"","Attributes":1,"ValueType":"System.String"},"Value":"SharpMind.Tests.Data.JsonlSourceTests"}]},"Attachments":[],"Outcome":1,"ErrorMessage":null,"ErrorStackTrace":null,"DisplayName":"SharpMind.Tests.Data.JsonlSourceTests.EmptyTextValue_Skipped","Messages":[],"ComputerName":"LAPTOP-MKMTSO1B","Duration":"00:00:00.5782916","StartTime":"2026-07-20T05:24:32.1824364+00:00","EndTime":"2026-07-20T05:24:32.7975606+00:00","Properties":[]},{"TestCase":{"Id":"3a733a7c-1d3d-084b-d207-a323c2811581","FullyQualifiedName":"SharpMind.Tests.Data.CleaningPipelineTests.ChainedStages_ApplyInOrder","DisplayName":"SharpMind.Tests.Data.CleaningPipelineTests.ChainedStages_ApplyInOrder","ExecutorUri":"executor://xunit/VsTestRunner3/netcore/","Source":"C:\\Integral2u\\source\\repos\\SharpMind\\SharpMind.Tests\\bin\\Debug\\net10.0\\SharpMind.Tests.dll","CodeFilePath":null,"LineNumber":0,"Properties":[{"Key":{"Id":"TestCase.ManagedMethod","Label":"ManagedMethod","Category":"","Description":"","Attributes":1,"ValueType":"System.String"},"Value":"ChainedStages_ApplyInOrder"},{"Key":{"Id":"XunitTestCaseUniqueID","Label":"xUnit.net Test Case Unique ID","Category":"","Description":"","Attributes":0,"ValueType":"System.String"},"Value":"042e069108db28735d951ae8abdbd60c6101a54d"},{"Key":{"Id":"XunitTestCaseExplicit","Label":"xUnit.net Test Case Explicit Flag","Category":"","Description":"","Attributes":0,"ValueType":"System.Boolean"},"Value":false},{"Key":{"Id":"TestCase.ManagedType","Label":"ManagedType","Category":"","Description":"","Attributes":1,"ValueType":"System.String"},"Value":"SharpMind.Tests.Data.CleaningPipelineTests"}]},"Attachments":[],"Outcome":1,"ErrorMessage":null,"ErrorStackTrace":null,"DisplayName":"SharpMind.Tests.Data.CleaningPipelineTests.ChainedStages_ApplyInOrder","Messages":[],"ComputerName":"LAPTOP-MKMTSO1B","Duration":"00:00:00.1864486","StartTime":"2026-07-20T05:24:32.5977869+00:00","EndTime":"2026-07-20T05:24:32.8336527+00:00","Properties":[]},{"TestCase":{"Id":"012d398e-d422-ecf6-4193-7fae80f4523d","FullyQualifiedName":"SharpMind.Tests.Data.PseudoLanguageGeneratorTests.Generator_ContainsNegations","DisplayName":"SharpMind.Tests.Data.PseudoLanguageGeneratorTests.Generator_ContainsNegations","ExecutorUri":"executor://xunit/VsTestRunner3/netcore/","Source":"C:\\Integral2u\\source\\repos\\SharpMind\\SharpMind.Tests\\bin\\Debug\\net10.0\\SharpMind.Tests.dll","CodeFilePath":null,"LineNumber":0,"Properties":[{"Key":{"Id":"TestCase.ManagedMethod","Label":"ManagedMethod","Category":"","Description":"","Attributes":1,"ValueType":"System.String"},"Value":"Generator_ContainsNegations"},{"Key":{"Id":"XunitTestCaseUniqueID","Label":"xUnit.net Test Case Unique ID","Category":"","Description":"","Attributes":0,"ValueType":"System.String"},"Value":"3602363a4c1b7b8234ca603113d6606e4bf153d3"},{"Key":{"Id":"XunitTestCaseExplicit","Label":"xUnit.net Test Case Explicit Flag","Category":"","Description":"","Attributes":0,"ValueType":"System.Boolean"},"Value":false},{"Key":{"Id":"TestCase.ManagedType","Label":"ManagedType","Category":"","Description":"","Attributes":1,"ValueType":"System.String"},"Value":"SharpMind.Tests.Data.PseudoLanguageGeneratorTests"}]},"Attachments":[],"Outcome":1,"ErrorMessage":null,"ErrorStackTrace":null,"DisplayName":"SharpMind.Tests.Data.PseudoLanguageGeneratorTests.Generator_ContainsNegations","Messages":[],"ComputerName":"LAPTOP-MKMTSO1B","Duration":"00:00:00.7396957","StartTime":"2026-07-20T05:24:32.2117769+00:00","EndTime":"2026-07-20T05:24:32.9602444+00:00","Properties":[]}],"TestRunStatistics":{"ExecutedTests":134,"Stats":{"Passed":134}},"ActiveTests":[{"Id":"3fe2b258-0513-cce0-5f84-a5aad7c75f35","FullyQualifiedName":"SharpMind.Tests.GPU.ActivationComparisonTests.ReLU_CPUAndGPU_ProduceSameResults","DisplayName":"SharpMind.Tests.GPU.ActivationComparisonTests.ReLU_CPUAndGPU_ProduceSameResults","ExecutorUri":"executor://xunit/VsTestRunner3/netcore/","Source":"C:\\Integral2u\\source\\repos\\SharpMind\\SharpMind.Tests\\bin\\Debug\\net10.0\\SharpMind.Tests.dll","CodeFilePath":null,"LineNumber":0,"Properties":[{"Key":{"Id":"TestCase.ManagedMethod","Label":"ManagedMethod","Category":"","Description":"","Attributes":1,"ValueType":"System.String"},"Value":"ReLU_CPUAndGPU_ProduceSameResults"},{"Key":{"Id":"XunitTestCaseUniqueID","Label":"xUnit.net Test Case Unique ID","Category":"","Description":"","Attributes":0,"ValueType":"System.String"},"Value":"17c4c11d12357b65c20e68677a22afa0b17ebdc4"},{"Key":{"Id":"XunitTestCaseExplicit","Label":"xUnit.net Test Case Explicit Flag","Category":"","Description":"","Attributes":0,"ValueType":"System.Boolean"},"Value":false},{"Key":{"Id":"TestCase.ManagedType","Label":"ManagedType","Category":"","Description":"","Attributes":1,"ValueType":"System.String"},"Value":"SharpMind.Tests.GPU.ActivationComparisonTests"}]},{"Id":"2db0f4cb-6169-e7ae-be0e-b9c430f587b8","FullyQualifiedName":"SharpMind.Tests.Data.CleaningPipelineTests.StageReturningNull_DiscardsDocument","DisplayName":"SharpMind.Tests.Data.CleaningPipelineTests.StageReturningNull_DiscardsDocument","ExecutorUri":"executor://xunit/VsTestRunner3/netcore/","Source":"C:\\Integral2u\\source\\repos\\SharpMind\\SharpMind.Tests\\bin\\Debug\\net10.0\\SharpMind.Tests.dll","CodeFilePath":null,"LineNumber":0,"Properties":[{"Key":{"Id":"TestCase.ManagedMethod","Label":"ManagedMethod","Category":"","Description":"","Attributes":1,"ValueType":"System.String"},"Value":"StageReturningNull_DiscardsDocument"},{"Key":{"Id":"XunitTestCaseUniqueID","Label":"xUnit.net Test Case Unique ID","Category":"","Description":"","Attributes":0,"ValueType":"System.String"},"Value":"10ec47a2769a297963f473a288a1581a3b44ca80"},{"Key":{"Id":"XunitTestCaseExplicit","Label":"xUnit.net Test Case Explicit Flag","Category":"","Description":"","Attributes":0,"ValueType":"System.Boolean"},"Value":false},{"Key":{"Id":"TestCase.ManagedType","Label":"ManagedType","Category":"","Description":"","Attributes":1,"ValueType":"System.String"},"Value":"SharpMind.Tests.Data.CleaningPipelineTests"}]},{"Id":"3418fe64-8e5f-2978-4227-ca5c252a64f6","FullyQualifiedName":"SharpMind.Tests.Data.PseudoLanguageGeneratorTests.Generator_GenerateOptions_ReturnsValidSequences","DisplayName":"SharpMind.Tests.Data.PseudoLanguageGeneratorTests.Generator_GenerateOptions_ReturnsValidSequences","ExecutorUri":"executor://xunit/VsTestRunner3/netcore/","Source":"C:\\Integral2u\\source\\repos\\SharpMind\\SharpMind.Tests\\bin\\Debug\\net10.0\\SharpMind.Tests.dll","CodeFilePath":null,"LineNumber":0,"Properties":[{"Key":{"Id":"TestCase.ManagedMethod","Label":"ManagedMethod","Category":"","Description":"","Attributes":1,"ValueType":"System.String"},"Value":"Generator_GenerateOptions_ReturnsValidSequences"},{"Key":{"Id":"XunitTestCaseUniqueID","Label":"xUnit.net Test Case Unique ID","Category":"","Description":"","Attributes":0,"ValueType":"System.String"},"Value":"37a399fa4ba01976cef25ef4709f33a271c98d72"},{"Key":{"Id":"XunitTestCaseExplicit","Label":"xUnit.net Test Case Explicit Flag","Category":"","Description":"","Attributes":0,"ValueType":"System.Boolean"},"Value":false},{"Key":{"Id":"TestCase.ManagedType","Label":"ManagedType","Category":"","Description":"","Attributes":1,"ValueType":"System.String"},"Value":"SharpMind.Tests.Data.PseudoLanguageGeneratorTests"}]}]}}
TpTrace Verbose: 0 : 2820, 13, 2026/07/20, 17:24:32.966, 364618412035, vstest.console.dll, TestRunRequest:SendTestRunStatsChange: Starting.
TpTrace Verbose: 0 : 2820, 13, 2026/07/20, 17:24:32.966, 364618413430, vstest.console.dll, InProgress is SharpMind.Tests.GPU.ActivationComparisonTests.ReLU_CPUAndGPU_ProduceSameResults
TpTrace Verbose: 0 : 2820, 13, 2026/07/20, 17:24:32.966, 364618413957, vstest.console.dll, InProgress is SharpMind.Tests.Data.CleaningPipelineTests.StageReturningNull_DiscardsDocument
TpTrace Verbose: 0 : 2820, 13, 2026/07/20, 17:24:32.967, 364618414863, vstest.console.dll, InProgress is SharpMind.Tests.Data.PseudoLanguageGeneratorTests.Generator_GenerateOptions_ReturnsValidSequences
TpTrace Verbose: 0 : 2820, 13, 2026/07/20, 17:24:32.967, 364618415649, vstest.console.dll, MulticastDelegateUtilities.SafeInvoke: TestRun.RunStatsChanged: Invoking callbacks was skipped because there are no subscribers.
TpTrace Information: 0 : 2820, 13, 2026/07/20, 17:24:32.967, 364618416199, vstest.console.dll, TestRunRequest:SendTestRunStatsChange: Completed.
TpTrace Verbose: 0 : 2820, 4, 2026/07/20, 17:24:32.967, 364618416292, vstest.console.dll, MulticastDelegateUtilities.SafeInvoke: InternalTestLoggerEvents.SendTestResult: Invoking callback 1/1 for Microsoft.VisualStudio.TestPlatform.CommandLine.Internal.ConsoleLogger., took 0 ms.
TpTrace Verbose: 0 : 2820, 13, 2026/07/20, 17:24:32.967, 364618416742, vstest.console.dll, MulticastDelegateUtilities.SafeInvoke: LengthPrefixCommunicationChannel: MessageReceived: Invoking callback 1/1 for Microsoft.VisualStudio.TestPlatform.CommunicationUtilities.TestRequestSender+<>c__DisplayClass34_0., took 3 ms.
TpTrace Verbose: 0 : 2820, 13, 2026/07/20, 17:24:32.980, 364618549543, vstest.console.dll, TcpClientExtensions.MessageLoopAsync: Polling on remoteEndPoint: 127.0.0.1:55546 localEndPoint: 127.0.0.1:55545 after 775 ms
TpTrace Verbose: 0 : 2820, 4, 2026/07/20, 17:24:32.980, 364618549572, vstest.console.dll, MulticastDelegateUtilities.SafeInvoke: InternalTestLoggerEvents.SendTestResult: Invoking callback 1/1 for Microsoft.VisualStudio.TestPlatform.CommandLine.Internal.ConsoleLogger., took 0 ms.
TpTrace Verbose: 0 : 2820, 4, 2026/07/20, 17:24:32.981, 364618559754, vstest.console.dll, MulticastDelegateUtilities.SafeInvoke: InternalTestLoggerEvents.SendTestResult: Invoking callback 1/1 for Microsoft.VisualStudio.TestPlatform.CommandLine.Internal.ConsoleLogger., took 0 ms.
TpTrace Verbose: 0 : 2820, 4, 2026/07/20, 17:24:32.981, 364618560558, vstest.console.dll, MulticastDelegateUtilities.SafeInvoke: InternalTestLoggerEvents.SendTestResult: Invoking callback 1/1 for Microsoft.VisualStudio.TestPlatform.CommandLine.Internal.ConsoleLogger., took 0 ms.
TpTrace Verbose: 0 : 2820, 4, 2026/07/20, 17:24:32.981, 364618561194, vstest.console.dll, MulticastDelegateUtilities.SafeInvoke: InternalTestLoggerEvents.SendTestResult: Invoking callback 1/1 for Microsoft.VisualStudio.TestPlatform.CommandLine.Internal.ConsoleLogger., took 0 ms.
TpTrace Verbose: 0 : 2820, 4, 2026/07/20, 17:24:32.981, 364618561796, vstest.console.dll, MulticastDelegateUtilities.SafeInvoke: InternalTestLoggerEvents.SendTestResult: Invoking callback 1/1 for Microsoft.VisualStudio.TestPlatform.CommandLine.Internal.ConsoleLogger., took 0 ms.
TpTrace Verbose: 0 : 2820, 4, 2026/07/20, 17:24:32.981, 364618562422, vstest.console.dll, MulticastDelegateUtilities.SafeInvoke: InternalTestLoggerEvents.SendTestResult: Invoking callback 1/1 for Microsoft.VisualStudio.TestPlatform.CommandLine.Internal.ConsoleLogger., took 0 ms.
TpTrace Verbose: 0 : 2820, 13, 2026/07/20, 17:24:33.414, 364622885921, vstest.console.dll, TcpClientExtensions.MessageLoopAsync: NotifyDataAvailable remoteEndPoint: 127.0.0.1:55546 localEndPoint: 127.0.0.1:55545
TpTrace Verbose: 0 : 2820, 13, 2026/07/20, 17:24:33.415, 364622895129, vstest.console.dll, TestRequestSender.OnExecutionMessageReceived: Received message: {"Version":7,"MessageType":"TestExecution.StatsChange","Payload":{"NewTestResults":[{"TestCase":{"Id":"3fe2b258-0513-cce0-5f84-a5aad7c75f35","FullyQualifiedName":"SharpMind.Tests.GPU.ActivationComparisonTests.ReLU_CPUAndGPU_ProduceSameResults","DisplayName":"SharpMind.Tests.GPU.ActivationComparisonTests.ReLU_CPUAndGPU_ProduceSameResults","ExecutorUri":"executor://xunit/VsTestRunner3/netcore/","Source":"C:\\Integral2u\\source\\repos\\SharpMind\\SharpMind.Tests\\bin\\Debug\\net10.0\\SharpMind.Tests.dll","CodeFilePath":null,"LineNumber":0,"Properties":[{"Key":{"Id":"TestCase.ManagedMethod","Label":"ManagedMethod","Category":"","Description":"","Attributes":1,"ValueType":"System.String"},"Value":"ReLU_CPUAndGPU_ProduceSameResults"},{"Key":{"Id":"XunitTestCaseUniqueID","Label":"xUnit.net Test Case Unique ID","Category":"","Description":"","Attributes":0,"ValueType":"System.String"},"Value":"17c4c11d12357b65c20e68677a22afa0b17ebdc4"},{"Key":{"Id":"XunitTestCaseExplicit","Label":"xUnit.net Test Case Explicit Flag","Category":"","Description":"","Attributes":0,"ValueType":"System.Boolean"},"Value":false},{"Key":{"Id":"TestCase.ManagedType","Label":"ManagedType","Category":"","Description":"","Attributes":1,"ValueType":"System.String"},"Value":"SharpMind.Tests.GPU.ActivationComparisonTests"}]},"Attachments":[],"Outcome":1,"ErrorMessage":null,"ErrorStackTrace":null,"DisplayName":"SharpMind.Tests.GPU.ActivationComparisonTests.ReLU_CPUAndGPU_ProduceSameResults","Messages":[],"ComputerName":"LAPTOP-MKMTSO1B","Duration":"00:00:00.1523191","StartTime":"2026-07-20T05:24:32.8070107+00:00","EndTime":"2026-07-20T05:24:32.9638363+00:00","Properties":[]},{"TestCase":{"Id":"3418fe64-8e5f-2978-4227-ca5c252a64f6","FullyQualifiedName":"SharpMind.Tests.Data.PseudoLanguageGeneratorTests.Generator_GenerateOptions_ReturnsValidSequences","DisplayName":"SharpMind.Tests.Data.PseudoLanguageGeneratorTests.Generator_GenerateOptions_ReturnsValidSequences","ExecutorUri":"executor://xunit/VsTestRunner3/netcore/","Source":"C:\\Integral2u\\source\\repos\\SharpMind\\SharpMind.Tests\\bin\\Debug\\net10.0\\SharpMind.Tests.dll","CodeFilePath":null,"LineNumber":0,"Properties":[{"Key":{"Id":"TestCase.ManagedMethod","Label":"ManagedMethod","Category":"","Description":"","Attributes":1,"ValueType":"System.String"},"Value":"Generator_GenerateOptions_ReturnsValidSequences"},{"Key":{"Id":"XunitTestCaseUniqueID","Label":"xUnit.net Test Case Unique ID","Category":"","Description":"","Attributes":0,"ValueType":"System.String"},"Value":"37a399fa4ba01976cef25ef4709f33a271c98d72"},{"Key":{"Id":"XunitTestCaseExplicit","Label":"xUnit.net Test Case Explicit Flag","Category":"","Description":"","Attributes":0,"ValueType":"System.Boolean"},"Value":false},{"Key":{"Id":"TestCase.ManagedType","Label":"ManagedType","Category":"","Description":"","Attributes":1,"ValueType":"System.String"},"Value":"SharpMind.Tests.Data.PseudoLanguageGeneratorTests"}]},"Attachments":[],"Outcome":1,"ErrorMessage":null,"ErrorStackTrace":null,"DisplayName":"SharpMind.Tests.Data.PseudoLanguageGeneratorTests.Generator_GenerateOptions_ReturnsValidSequences","Messages":[],"ComputerName":"LAPTOP-MKMTSO1B","Duration":"00:00:00.0243568","StartTime":"2026-07-20T05:24:32.9636618+00:00","EndTime":"2026-07-20T05:24:32.9842389+00:00","Properties":[]},{"TestCase":{"Id":"0973e0a8-58c4-5895-8e22-8ac76e56d751","FullyQualifiedName":"SharpMind.Tests.Data.PseudoLanguageGeneratorTests.VocabConfig_Tiny_HasExpectedDefaults","DisplayName":"SharpMind.Tests.Data.PseudoLanguageGeneratorTests.VocabConfig_Tiny_HasExpectedDefaults","ExecutorUri":"executor://xunit/VsTestRunner3/netcore/","Source":"C:\\Integral2u\\source\\repos\\SharpMind\\SharpMind.Tests\\bin\\Debug\\net10.0\\SharpMind.Tests.dll","CodeFilePath":null,"LineNumber":0,"Properties":[{"Key":{"Id":"TestCase.ManagedMethod","Label":"ManagedMethod","Category":"","Description":"","Attributes":1,"ValueType":"System.String"},"Value":"VocabConfig_Tiny_HasExpectedDefaults"},{"Key":{"Id":"XunitTestCaseUniqueID","Label":"xUnit.net Test Case Unique ID","Category":"","Description":"","Attributes":0,"ValueType":"System.String"},"Value":"4034b411c895d7be90ea1bd60102f1ca2599423e"},{"Key":{"Id":"XunitTestCaseExplicit","Label":"xUnit.net Test Case Explicit Flag","Category":"","Description":"","Attributes":0,"ValueType":"System.Boolean"},"Value":false},{"Key":{"Id":"TestCase.ManagedType","Label":"ManagedType","Category":"","Description":"","Attributes":1,"ValueType":"System.String"},"Value":"SharpMind.Tests.Data.PseudoLanguageGeneratorTests"}]},"Attachments":[],"Outcome":1,"ErrorMessage":null,"ErrorStackTrace":null,"DisplayName":"SharpMind.Tests.Data.PseudoLanguageGeneratorTests.VocabConfig_Tiny_HasExpectedDefaults","Messages":[],"ComputerName":"LAPTOP-MKMTSO1B","Duration":"00:00:00.0072631","StartTime":"2026-07-20T05:24:32.997883+00:00","EndTime":"2026-07-20T05:24:32.9980445+00:00","Properties":[]},{"TestCase":{"Id":"0dae4950-7998-7caa-587f-5a4dbea8343a","FullyQualifiedName":"SharpMind.Tests.Data.PseudoLanguageGeneratorTests.Generator_IdToText_ReturnsCorrectWord","DisplayName":"SharpMind.Tests.Data.PseudoLanguageGeneratorTests.Generator_IdToText_ReturnsCorrectWord","ExecutorUri":"executor://xunit/VsTestRunner3/netcore/","Source":"C:\\Integral2u\\source\\repos\\SharpMind\\SharpMind.Tests\\bin\\Debug\\net10.0\\SharpMind.Tests.dll","CodeFilePath":null,"LineNumber":0,"Properties":[{"Key":{"Id":"TestCase.ManagedMethod","Label":"ManagedMethod","Category":"","Description":"","Attributes":1,"ValueType":"System.String"},"Value":"Generator_IdToText_ReturnsCorrectWord"},{"Key":{"Id":"XunitTestCaseUniqueID","Label":"xUnit.net Test Case Unique ID","Category":"","Description":"","Attributes":0,"ValueType":"System.String"},"Value":"877e432fee05ca384e3b306d0a90a47e92b43862"},{"Key":{"Id":"XunitTestCaseExplicit","Label":"xUnit.net Test Case Explicit Flag","Category":"","Description":"","Attributes":0,"ValueType":"System.Boolean"},"Value":false},{"Key":{"Id":"TestCase.ManagedType","Label":"ManagedType","Category":"","Description":"","Attributes":1,"ValueType":"System.String"},"Value":"SharpMind.Tests.Data.PseudoLanguageGeneratorTests"}]},"Attachments":[],"Outcome":1,"ErrorMessage":null,"ErrorStackTrace":null,"DisplayName":"SharpMind.Tests.Data.PseudoLanguageGeneratorTests.Generator_IdToText_ReturnsCorrectWord","Messages":[],"ComputerName":"LAPTOP-MKMTSO1B","Duration":"00:00:00.0065112","StartTime":"2026-07-20T05:24:32.9987848+00:00","EndTime":"2026-07-20T05:24:32.9989663+00:00","Properties":[]},{"TestCase":{"Id":"7c0e7e82-0504-aa0e-9fb7-92fd07a76e50","FullyQualifiedName":"SharpMind.Tests.Data.PseudoLanguageGeneratorTests.ModelSizeRecommendation_ProvidesReasonableValues","DisplayName":"SharpMind.Tests.Data.PseudoLanguageGeneratorTests.ModelSizeRecommendation_ProvidesReasonableValues","ExecutorUri":"executor://xunit/VsTestRunner3/netcore/","Source":"C:\\Integral2u\\source\\repos\\SharpMind\\SharpMind.Tests\\bin\\Debug\\net10.0\\SharpMind.Tests.dll","CodeFilePath":null,"LineNumber":0,"Properties":[{"Key":{"Id":"TestCase.ManagedMethod","Label":"ManagedMethod","Category":"","Description":"","Attributes":1,"ValueType":"System.String"},"Value":"ModelSizeRecommendation_ProvidesReasonableValues"},{"Key":{"Id":"XunitTestCaseUniqueID","Label":"xUnit.net Test Case Unique ID","Category":"","Description":"","Attributes":0,"ValueType":"System.String"},"Value":"8f92dbf488577108f32930d465c31a62a5b1f9ea"},{"Key":{"Id":"XunitTestCaseExplicit","Label":"xUnit.net Test Case Explicit Flag","Category":"","Description":"","Attributes":0,"ValueType":"System.Boolean"},"Value":false},{"Key":{"Id":"TestCase.ManagedType","Label":"ManagedType","Category":"","Description":"","Attributes":1,"ValueType":"System.String"},"Value":"SharpMind.Tests.Data.PseudoLanguageGeneratorTests"}]},"Attachments":[],"Outcome":1,"ErrorMessage":null,"ErrorStackTrace":null,"DisplayName":"SharpMind.Tests.Data.PseudoLanguageGeneratorTests.ModelSizeRecommendation_ProvidesReasonableValues","Messages":[],"ComputerName":"LAPTOP-MKMTSO1B","Duration":"00:00:00.0302160","StartTime":"2026-07-20T05:24:32.9997001+00:00","EndTime":"2026-07-20T05:24:33.0277865+00:00","Properties":[]},{"TestCase":{"Id":"bd6b2295-04c6-9493-8a20-9be82054cbf0","FullyQualifiedName":"SharpMind.Tests.Data.PseudoLanguageGeneratorTests.PseudoWord_HasCorrectBase","DisplayName":"SharpMind.Tests.Data.PseudoLanguageGeneratorTests.PseudoWord_HasCorrectBase","ExecutorUri":"executor://xunit/VsTestRunner3/netcore/","Source":"C:\\Integral2u\\source\\repos\\SharpMind\\SharpMind.Tests\\bin\\Debug\\net10.0\\SharpMind.Tests.dll","CodeFilePath":null,"LineNumber":0,"Properties":[{"Key":{"Id":"TestCase.ManagedMethod","Label":"ManagedMethod","Category":"","Description":"","Attributes":1,"ValueType":"System.String"},"Value":"PseudoWord_HasCorrectBase"},{"Key":{"Id":"XunitTestCaseUniqueID","Label":"xUnit.net Test Case Unique ID","Category":"","Description":"","Attributes":0,"ValueType":"System.String"},"Value":"958bb0f1eb0c2466b839a1b2e5e0296901cb5b66"},{"Key":{"Id":"XunitTestCaseExplicit","Label":"xUnit.net Test Case Explicit Flag","Category":"","Description":"","Attributes":0,"ValueType":"System.Boolean"},"Value":false},{"Key":{"Id":"TestCase.ManagedType","Label":"ManagedType","Category":"","Description":"","Attributes":1,"ValueType":"System.String"},"Value":"SharpMind.Tests.Data.PseudoLanguageGeneratorTests"}]},"Attachments":[],"Outcome":1,"ErrorMessage":null,"ErrorStackTrace":null,"DisplayName":"SharpMind.Tests.Data.PseudoLanguageGeneratorTests.PseudoWord_HasCorrectBase","Messages":[],"ComputerName":"LAPTOP-MKMTSO1B","Duration":"00:00:00.0102874","StartTime":"2026-07-20T05:24:33.0288103+00:00","EndTime":"2026-07-20T05:24:33.0394336+00:00","Properties":[]},{"TestCase":{"Id":"0cd3cbe7-2ab0-752d-46e8-3fa54abfb49a","FullyQualifiedName":"SharpMind.Tests.Data.PseudoLanguageGeneratorTests.Generator_TextToId_ReturnsNegativeForUnknown","DisplayName":"SharpMind.Tests.Data.PseudoLanguageGeneratorTests.Generator_TextToId_ReturnsNegativeForUnknown","ExecutorUri":"executor://xunit/VsTestRunner3/netcore/","Source":"C:\\Integral2u\\source\\repos\\SharpMind\\SharpMind.Tests\\bin\\Debug\\net10.0\\SharpMind.Tests.dll","CodeFilePath":null,"LineNumber":0,"Properties":[{"Key":{"Id":"TestCase.ManagedMethod","Label":"ManagedMethod","Category":"","Description":"","Attributes":1,"ValueType":"System.String"},"Value":"Generator_TextToId_ReturnsNegativeForUnknown"},{"Key":{"Id":"XunitTestCaseUniqueID","Label":"xUnit.net Test Case Unique ID","Category":"","Description":"","Attributes":0,"ValueType":"System.String"},"Value":"97c3f1a177034aeeeb4e989b21e188363ad6d2e2"},{"Key":{"Id":"XunitTestCaseExplicit","Label":"xUnit.net Test Case Explicit Flag","Category":"","Description":"","Attributes":0,"ValueType":"System.Boolean"},"Value":false},{"Key":{"Id":"TestCase.ManagedType","Label":"ManagedType","Category":"","Description":"","Attributes":1,"ValueType":"System.String"},"Value":"SharpMind.Tests.Data.PseudoLanguageGeneratorTests"}]},"Attachments":[],"Outcome":1,"ErrorMessage":null,"ErrorStackTrace":null,"DisplayName":"SharpMind.Tests.Data.PseudoLanguageGeneratorTests.Generator_TextToId_ReturnsNegativeForUnknown","Messages":[],"ComputerName":"LAPTOP-MKMTSO1B","Duration":"00:00:00.0038822","StartTime":"2026-07-20T05:24:33.0403523+00:00","EndTime":"2026-07-20T05:24:33.0445218+00:00","Properties":[]},{"TestCase":{"Id":"bf797391-ea6f-941e-5996-567911d565cd","FullyQualifiedName":"SharpMind.Tests.GPU.ActivationComparisonTests.GeGLU_CPUAndGPU_ProduceSameResults","DisplayName":"SharpMind.Tests.GPU.ActivationComparisonTests.GeGLU_CPUAndGPU_ProduceSameResults","ExecutorUri":"executor://xunit/VsTestRunner3/netcore/","Source":"C:\\Integral2u\\source\\repos\\SharpMind\\SharpMind.Tests\\bin\\Debug\\net10.0\\SharpMind.Tests.dll","CodeFilePath":null,"LineNumber":0,"Properties":[{"Key":{"Id":"TestCase.ManagedMethod","Label":"ManagedMethod","Category":"","Description":"","Attributes":1,"ValueType":"System.String"},"Value":"GeGLU_CPUAndGPU_ProduceSameResults"},{"Key":{"Id":"XunitTestCaseUniqueID","Label":"xUnit.net Test Case Unique ID","Category":"","Description":"","Attributes":0,"ValueType":"System.String"},"Value":"1d20bb45fc71b2d84faa198831c81f6a2f3d3ec0"},{"Key":{"Id":"XunitTestCaseExplicit","Label":"xUnit.net Test Case Explicit Flag","Category":"","Description":"","Attributes":0,"ValueType":"System.Boolean"},"Value":false},{"Key":{"Id":"TestCase.ManagedType","Label":"ManagedType","Category":"","Description":"","Attributes":1,"ValueType":"System.String"},"Value":"SharpMind.Tests.GPU.ActivationComparisonTests"}]},"Attachments":[],"Outcome":1,"ErrorMessage":null,"ErrorStackTrace":null,"DisplayName":"SharpMind.Tests.GPU.ActivationComparisonTests.GeGLU_CPUAndGPU_ProduceSameResults","Messages":[],"ComputerName":"LAPTOP-MKMTSO1B","Duration":"00:00:00.4209993","StartTime":"2026-07-20T05:24:32.9647204+00:00","EndTime":"2026-07-20T05:24:33.3807334+00:00","Properties":[]}],"TestRunStatistics":{"ExecutedTests":142,"Stats":{"Passed":142}},"ActiveTests":[{"Id":"c5f124aa-f7df-1e24-fdb1-0992f64b600b","FullyQualifiedName":"SharpMind.Tests.Data.PseudoLanguageGeneratorTests.ModelSizeRecommendation_ScalesWithVocabSize","DisplayName":"SharpMind.Tests.Data.PseudoLanguageGeneratorTests.ModelSizeRecommendation_ScalesWithVocabSize","ExecutorUri":"executor://xunit/VsTestRunner3/netcore/","Source":"C:\\Integral2u\\source\\repos\\SharpMind\\SharpMind.Tests\\bin\\Debug\\net10.0\\SharpMind.Tests.dll","CodeFilePath":null,"LineNumber":0,"Properties":[{"Key":{"Id":"TestCase.ManagedMethod","Label":"ManagedMethod","Category":"","Description":"","Attributes":1,"ValueType":"System.String"},"Value":"ModelSizeRecommendation_ScalesWithVocabSize"},{"Key":{"Id":"XunitTestCaseUniqueID","Label":"xUnit.net Test Case Unique ID","Category":"","Description":"","Attributes":0,"ValueType":"System.String"},"Value":"a53fca8d77d1c6d63f271062a2da8888cffdfc64"},{"Key":{"Id":"XunitTestCaseExplicit","Label":"xUnit.net Test Case Explicit Flag","Category":"","Description":"","Attributes":0,"ValueType":"System.Boolean"},"Value":false},{"Key":{"Id":"TestCase.ManagedType","Label":"ManagedType","Category":"","Description":"","Attributes":1,"ValueType":"System.String"},"Value":"SharpMind.Tests.Data.PseudoLanguageGeneratorTests"}]},{"Id":"905c5875-3d00-ef70-b451-6204b194419a","FullyQualifiedName":"SharpMind.Tests.GPU.ActivationComparisonTests.RMSNorm_CPUAndGPU_ProduceSameResults","DisplayName":"SharpMind.Tests.GPU.ActivationComparisonTests.RMSNorm_CPUAndGPU_ProduceSameResults","ExecutorUri":"executor://xunit/VsTestRunner3/netcore/","Source":"C:\\Integral2u\\source\\repos\\SharpMind\\SharpMind.Tests\\bin\\Debug\\net10.0\\SharpMind.Tests.dll","CodeFilePath":null,"LineNumber":0,"Properties":[{"Key":{"Id":"TestCase.ManagedMethod","Label":"ManagedMethod","Category":"","Description":"","Attributes":1,"ValueType":"System.String"},"Value":"RMSNorm_CPUAndGPU_ProduceSameResults"},{"Key":{"Id":"XunitTestCaseUniqueID","Label":"xUnit.net Test Case Unique ID","Category":"","Description":"","Attributes":0,"ValueType":"System.String"},"Value":"645efb86b96c4766c57ef7722c3f0afc0f0d1ddd"},{"Key":{"Id":"XunitTestCaseExplicit","Label":"xUnit.net Test Case Explicit Flag","Category":"","Description":"","Attributes":0,"ValueType":"System.Boolean"},"Value":false},{"Key":{"Id":"TestCase.ManagedType","Label":"ManagedType","Category":"","Description":"","Attributes":1,"ValueType":"System.String"},"Value":"SharpMind.Tests.GPU.ActivationComparisonTests"}]}]}}
TpTrace Verbose: 0 : 2820, 13, 2026/07/20, 17:24:33.417, 364622915376, vstest.console.dll, TestRunRequest:SendTestRunStatsChange: Starting.
TpTrace Verbose: 0 : 2820, 13, 2026/07/20, 17:24:33.417, 364622916379, vstest.console.dll, InProgress is SharpMind.Tests.Data.PseudoLanguageGeneratorTests.ModelSizeRecommendation_ScalesWithVocabSize
TpTrace Verbose: 0 : 2820, 13, 2026/07/20, 17:24:33.417, 364622916784, vstest.console.dll, InProgress is SharpMind.Tests.GPU.ActivationComparisonTests.RMSNorm_CPUAndGPU_ProduceSameResults
TpTrace Verbose: 0 : 2820, 13, 2026/07/20, 17:24:33.417, 364622917405, vstest.console.dll, MulticastDelegateUtilities.SafeInvoke: TestRun.RunStatsChanged: Invoking callbacks was skipped because there are no subscribers.
TpTrace Information: 0 : 2820, 13, 2026/07/20, 17:24:33.417, 364622917803, vstest.console.dll, TestRunRequest:SendTestRunStatsChange: Completed.
TpTrace Verbose: 0 : 2820, 13, 2026/07/20, 17:24:33.417, 364622918366, vstest.console.dll, MulticastDelegateUtilities.SafeInvoke: LengthPrefixCommunicationChannel: MessageReceived: Invoking callback 1/1 for Microsoft.VisualStudio.TestPlatform.CommunicationUtilities.TestRequestSender+<>c__DisplayClass34_0., took 2 ms.
TpTrace Verbose: 0 : 2820, 13, 2026/07/20, 17:24:33.417, 364622918826, vstest.console.dll, TcpClientExtensions.MessageLoopAsync: Polling on remoteEndPoint: 127.0.0.1:55546 localEndPoint: 127.0.0.1:55545 after 436 ms
TpTrace Verbose: 0 : 2820, 4, 2026/07/20, 17:24:33.417, 364622920081, vstest.console.dll, MulticastDelegateUtilities.SafeInvoke: InternalTestLoggerEvents.SendTestResult: Invoking callback 1/1 for Microsoft.VisualStudio.TestPlatform.CommandLine.Internal.ConsoleLogger., took 0 ms.
TpTrace Verbose: 0 : 2820, 4, 2026/07/20, 17:24:33.417, 364622921833, vstest.console.dll, MulticastDelegateUtilities.SafeInvoke: InternalTestLoggerEvents.SendTestResult: Invoking callback 1/1 for Microsoft.VisualStudio.TestPlatform.CommandLine.Internal.ConsoleLogger., took 0 ms.
TpTrace Verbose: 0 : 2820, 4, 2026/07/20, 17:24:33.417, 364622922698, vstest.console.dll, MulticastDelegateUtilities.SafeInvoke: InternalTestLoggerEvents.SendTestResult: Invoking callback 1/1 for Microsoft.VisualStudio.TestPlatform.CommandLine.Internal.ConsoleLogger., took 0 ms.
TpTrace Verbose: 0 : 2820, 4, 2026/07/20, 17:24:33.417, 364622923756, vstest.console.dll, MulticastDelegateUtilities.SafeInvoke: InternalTestLoggerEvents.SendTestResult: Invoking callback 1/1 for Microsoft.VisualStudio.TestPlatform.CommandLine.Internal.ConsoleLogger., took 0 ms.
TpTrace Verbose: 0 : 2820, 4, 2026/07/20, 17:24:33.418, 364622934126, vstest.console.dll, MulticastDelegateUtilities.SafeInvoke: InternalTestLoggerEvents.SendTestResult: Invoking callback 1/1 for Microsoft.VisualStudio.TestPlatform.CommandLine.Internal.ConsoleLogger., took 0 ms.
TpTrace Verbose: 0 : 2820, 4, 2026/07/20, 17:24:33.419, 364622935862, vstest.console.dll, MulticastDelegateUtilities.SafeInvoke: InternalTestLoggerEvents.SendTestResult: Invoking callback 1/1 for Microsoft.VisualStudio.TestPlatform.CommandLine.Internal.ConsoleLogger., took 0 ms.
TpTrace Verbose: 0 : 2820, 4, 2026/07/20, 17:24:33.419, 364622941044, vstest.console.dll, MulticastDelegateUtilities.SafeInvoke: InternalTestLoggerEvents.SendTestResult: Invoking callback 1/1 for Microsoft.VisualStudio.TestPlatform.CommandLine.Internal.ConsoleLogger., took 0 ms.
TpTrace Verbose: 0 : 2820, 4, 2026/07/20, 17:24:33.420, 364622948651, vstest.console.dll, MulticastDelegateUtilities.SafeInvoke: InternalTestLoggerEvents.SendTestResult: Invoking callback 1/1 for Microsoft.VisualStudio.TestPlatform.CommandLine.Internal.ConsoleLogger., took 0 ms.
TpTrace Verbose: 0 : 2820, 13, 2026/07/20, 17:24:33.479, 364623541535, vstest.console.dll, TcpClientExtensions.MessageLoopAsync: NotifyDataAvailable remoteEndPoint: 127.0.0.1:55546 localEndPoint: 127.0.0.1:55545
TpTrace Verbose: 0 : 2820, 13, 2026/07/20, 17:24:33.480, 364623545508, vstest.console.dll, TestRequestSender.OnExecutionMessageReceived: Received message: {"Version":7,"MessageType":"TestExecution.StatsChange","Payload":{"NewTestResults":[{"TestCase":{"Id":"905c5875-3d00-ef70-b451-6204b194419a","FullyQualifiedName":"SharpMind.Tests.GPU.ActivationComparisonTests.RMSNorm_CPUAndGPU_ProduceSameResults","DisplayName":"SharpMind.Tests.GPU.ActivationComparisonTests.RMSNorm_CPUAndGPU_ProduceSameResults","ExecutorUri":"executor://xunit/VsTestRunner3/netcore/","Source":"C:\\Integral2u\\source\\repos\\SharpMind\\SharpMind.Tests\\bin\\Debug\\net10.0\\SharpMind.Tests.dll","CodeFilePath":null,"LineNumber":0,"Properties":[{"Key":{"Id":"TestCase.ManagedMethod","Label":"ManagedMethod","Category":"","Description":"","Attributes":1,"ValueType":"System.String"},"Value":"RMSNorm_CPUAndGPU_ProduceSameResults"},{"Key":{"Id":"XunitTestCaseUniqueID","Label":"xUnit.net Test Case Unique ID","Category":"","Description":"","Attributes":0,"ValueType":"System.String"},"Value":"645efb86b96c4766c57ef7722c3f0afc0f0d1ddd"},{"Key":{"Id":"XunitTestCaseExplicit","Label":"xUnit.net Test Case Explicit Flag","Category":"","Description":"","Attributes":0,"ValueType":"System.Boolean"},"Value":false},{"Key":{"Id":"TestCase.ManagedType","Label":"ManagedType","Category":"","Description":"","Attributes":1,"ValueType":"System.String"},"Value":"SharpMind.Tests.GPU.ActivationComparisonTests"}]},"Attachments":[],"Outcome":1,"ErrorMessage":null,"ErrorStackTrace":null,"DisplayName":"SharpMind.Tests.GPU.ActivationComparisonTests.RMSNorm_CPUAndGPU_ProduceSameResults","Messages":[],"ComputerName":"LAPTOP-MKMTSO1B","Duration":"00:00:00.0068777","StartTime":"2026-07-20T05:24:33.4145387+00:00","EndTime":"2026-07-20T05:24:33.4148279+00:00","Properties":[]},{"TestCase":{"Id":"c5f124aa-f7df-1e24-fdb1-0992f64b600b","FullyQualifiedName":"SharpMind.Tests.Data.PseudoLanguageGeneratorTests.ModelSizeRecommendation_ScalesWithVocabSize","DisplayName":"SharpMind.Tests.Data.PseudoLanguageGeneratorTests.ModelSizeRecommendation_ScalesWithVocabSize","ExecutorUri":"executor://xunit/VsTestRunner3/netcore/","Source":"C:\\Integral2u\\source\\repos\\SharpMind\\SharpMind.Tests\\bin\\Debug\\net10.0\\SharpMind.Tests.dll","CodeFilePath":null,"LineNumber":0,"Properties":[{"Key":{"Id":"TestCase.ManagedMethod","Label":"ManagedMethod","Category":"","Description":"","Attributes":1,"ValueType":"System.String"},"Value":"ModelSizeRecommendation_ScalesWithVocabSize"},{"Key":{"Id":"XunitTestCaseUniqueID","Label":"xUnit.net Test Case Unique ID","Category":"","Description":"","Attributes":0,"ValueType":"System.String"},"Value":"a53fca8d77d1c6d63f271062a2da8888cffdfc64"},{"Key":{"Id":"XunitTestCaseExplicit","Label":"xUnit.net Test Case Explicit Flag","Category":"","Description":"","Attributes":0,"ValueType":"System.Boolean"},"Value":false},{"Key":{"Id":"TestCase.ManagedType","Label":"ManagedType","Category":"","Description":"","Attributes":1,"ValueType":"System.String"},"Value":"SharpMind.Tests.Data.PseudoLanguageGeneratorTests"}]},"Attachments":[],"Outcome":1,"ErrorMessage":null,"ErrorStackTrace":null,"DisplayName":"SharpMind.Tests.Data.PseudoLanguageGeneratorTests.ModelSizeRecommendation_ScalesWithVocabSize","Messages":[],"ComputerName":"LAPTOP-MKMTSO1B","Duration":"00:00:00.3967671","StartTime":"2026-07-20T05:24:33.0454265+00:00","EndTime":"2026-07-20T05:24:33.4414941+00:00","Properties":[]},{"TestCase":{"Id":"09947f50-37ad-090f-844d-97265e99c1ae","FullyQualifiedName":"SharpMind.Tests.Data.PseudoLanguageGeneratorTests.VocabConfig_Medium_HasExpectedDefaults","DisplayName":"SharpMind.Tests.Data.PseudoLanguageGeneratorTests.VocabConfig_Medium_HasExpectedDefaults","ExecutorUri":"executor://xunit/VsTestRunner3/netcore/","Source":"C:\\Integral2u\\source\\repos\\SharpMind\\SharpMind.Tests\\bin\\Debug\\net10.0\\SharpMind.Tests.dll","CodeFilePath":null,"LineNumber":0,"Properties":[{"Key":{"Id":"TestCase.ManagedMethod","Label":"ManagedMethod","Category":"","Description":"","Attributes":1,"ValueType":"System.String"},"Value":"VocabConfig_Medium_HasExpectedDefaults"},{"Key":{"Id":"XunitTestCaseUniqueID","Label":"xUnit.net Test Case Unique ID","Category":"","Description":"","Attributes":0,"ValueType":"System.String"},"Value":"a684a1fab0c3c1e50642a59a8c65ead14ebf018a"},{"Key":{"Id":"XunitTestCaseExplicit","Label":"xUnit.net Test Case Explicit Flag","Category":"","Description":"","Attributes":0,"ValueType":"System.Boolean"},"Value":false},{"Key":{"Id":"TestCase.ManagedType","Label":"ManagedType","Category":"","Description":"","Attributes":1,"ValueType":"System.String"},"Value":"SharpMind.Tests.Data.PseudoLanguageGeneratorTests"}]},"Attachments":[],"Outcome":1,"ErrorMessage":null,"ErrorStackTrace":null,"DisplayName":"SharpMind.Tests.Data.PseudoLanguageGeneratorTests.VocabConfig_Medium_HasExpectedDefaults","Messages":[],"ComputerName":"LAPTOP-MKMTSO1B","Duration":"00:00:00.0003744","StartTime":"2026-07-20T05:24:33.4425382+00:00","EndTime":"2026-07-20T05:24:33.4426583+00:00","Properties":[]},{"TestCase":{"Id":"c16e1d24-4cba-610e-9c9f-9b8463cae6e5","FullyQualifiedName":"SharpMind.Tests.Data.PseudoLanguageGeneratorTests.Generator_CreatesVocabWithSpecifiedSize","DisplayName":"SharpMind.Tests.Data.PseudoLanguageGeneratorTests.Generator_CreatesVocabWithSpecifiedSize","ExecutorUri":"executor://xunit/VsTestRunner3/netcore/","Source":"C:\\Integral2u\\source\\repos\\SharpMind\\SharpMind.Tests\\bin\\Debug\\net10.0\\SharpMind.Tests.dll","CodeFilePath":null,"LineNumber":0,"Properties":[{"Key":{"Id":"TestCase.ManagedMethod","Label":"ManagedMethod","Category":"","Description":"","Attributes":1,"ValueType":"System.String"},"Value":"Generator_CreatesVocabWithSpecifiedSize"},{"Key":{"Id":"XunitTestCaseUniqueID","Label":"xUnit.net Test Case Unique ID","Category":"","Description":"","Attributes":0,"ValueType":"System.String"},"Value":"b308fe2042c8443531ec2a718a4585f8078ad4ce"},{"Key":{"Id":"XunitTestCaseExplicit","Label":"xUnit.net Test Case Explicit Flag","Category":"","Description":"","Attributes":0,"ValueType":"System.Boolean"},"Value":false},{"Key":{"Id":"TestCase.ManagedType","Label":"ManagedType","Category":"","Description":"","Attributes":1,"ValueType":"System.String"},"Value":"SharpMind.Tests.Data.PseudoLanguageGeneratorTests"}]},"Attachments":[],"Outcome":1,"ErrorMessage":null,"ErrorStackTrace":null,"DisplayName":"SharpMind.Tests.Data.PseudoLanguageGeneratorTests.Generator_CreatesVocabWithSpecifiedSize","Messages":[],"ComputerName":"LAPTOP-MKMTSO1B","Duration":"00:00:00.0087403","StartTime":"2026-07-20T05:24:33.4432234+00:00","EndTime":"2026-07-20T05:24:33.4511515+00:00","Properties":[]},{"TestCase":{"Id":"f5fed8fe-18d2-c9b7-c68d-265f92d2beb4","FullyQualifiedName":"SharpMind.Tests.Data.PseudoLanguageGeneratorTests.Generator_TextToId_ReturnsCorrectId","DisplayName":"SharpMind.Tests.Data.PseudoLanguageGeneratorTests.Generator_TextToId_ReturnsCorrectId","ExecutorUri":"executor://xunit/VsTestRunner3/netcore/","Source":"C:\\Integral2u\\source\\repos\\SharpMind\\SharpMind.Tests\\bin\\Debug\\net10.0\\SharpMind.Tests.dll","CodeFilePath":null,"LineNumber":0,"Properties":[{"Key":{"Id":"TestCase.ManagedMethod","Label":"ManagedMethod","Category":"","Description":"","Attributes":1,"ValueType":"System.String"},"Value":"Generator_TextToId_ReturnsCorrectId"},{"Key":{"Id":"XunitTestCaseUniqueID","Label":"xUnit.net Test Case Unique ID","Category":"","Description":"","Attributes":0,"ValueType":"System.String"},"Value":"b9219d5ad36257397268667a1ac2c0260c236cfa"},{"Key":{"Id":"XunitTestCaseExplicit","Label":"xUnit.net Test Case Explicit Flag","Category":"","Description":"","Attributes":0,"ValueType":"System.Boolean"},"Value":false},{"Key":{"Id":"TestCase.ManagedType","Label":"ManagedType","Category":"","Description":"","Attributes":1,"ValueType":"System.String"},"Value":"SharpMind.Tests.Data.PseudoLanguageGeneratorTests"}]},"Attachments":[],"Outcome":1,"ErrorMessage":null,"ErrorStackTrace":null,"DisplayName":"SharpMind.Tests.Data.PseudoLanguageGeneratorTests.Generator_TextToId_ReturnsCorrectId","Messages":[],"ComputerName":"LAPTOP-MKMTSO1B","Duration":"00:00:00.0143856","StartTime":"2026-07-20T05:24:33.4550881+00:00","EndTime":"2026-07-20T05:24:33.4653997+00:00","Properties":[]},{"TestCase":{"Id":"0312b0d6-e32d-1c99-13e7-e6b14d1f8249","FullyQualifiedName":"SharpMind.Tests.Quantization.QuantizationAgreementTests.VecDot_AllTiers_Agree","DisplayName":"SharpMind.Tests.Quantization.QuantizationAgreementTests.VecDot_AllTiers_Agree(dtype: Q5_0)","ExecutorUri":"executor://xunit/VsTestRunner3/netcore/","Source":"C:\\Integral2u\\source\\repos\\SharpMind\\SharpMind.Tests\\bin\\Debug\\net10.0\\SharpMind.Tests.dll","CodeFilePath":null,"LineNumber":0,"Properties":[{"Key":{"Id":"TestCase.ManagedMethod","Label":"ManagedMethod","Category":"","Description":"","Attributes":1,"ValueType":"System.String"},"Value":"VecDot_AllTiers_Agree"},{"Key":{"Id":"XunitTestCaseUniqueID","Label":"xUnit.net Test Case Unique ID","Category":"","Description":"","Attributes":0,"ValueType":"System.String"},"Value":"04de0139596832bd9c0051597f40f8b5744bfb02"},{"Key":{"Id":"XunitTestCaseExplicit","Label":"xUnit.net Test Case Explicit Flag","Category":"","Description":"","Attributes":0,"ValueType":"System.Boolean"},"Value":false},{"Key":{"Id":"TestCase.ManagedType","Label":"ManagedType","Category":"","Description":"","Attributes":1,"ValueType":"System.String"},"Value":"SharpMind.Tests.Quantization.QuantizationAgreementTests"}]},"Attachments":[],"Outcome":1,"ErrorMessage":null,"ErrorStackTrace":null,"DisplayName":"SharpMind.Tests.Quantization.QuantizationAgreementTests.VecDot_AllTiers_Agree(dtype: Q5_0)","Messages":[],"ComputerName":"LAPTOP-MKMTSO1B","Duration":"00:00:06.1342630","StartTime":"2026-07-20T05:24:27.3367686+00:00","EndTime":"2026-07-20T05:24:33.4727773+00:00","Properties":[]},{"TestCase":{"Id":"fe35e254-35eb-fcf4-e436-2ba913f3762d","FullyQualifiedName":"SharpMind.Tests.Data.PseudoLanguageGeneratorTests.Generator_GenerateSyntactic_ReturnsValidSequences","DisplayName":"SharpMind.Tests.Data.PseudoLanguageGeneratorTests.Generator_GenerateSyntactic_ReturnsValidSequences","ExecutorUri":"executor://xunit/VsTestRunner3/netcore/","Source":"C:\\Integral2u\\source\\repos\\SharpMind\\SharpMind.Tests\\bin\\Debug\\net10.0\\SharpMind.Tests.dll","CodeFilePath":null,"LineNumber":0,"Properties":[{"Key":{"Id":"TestCase.ManagedMethod","Label":"ManagedMethod","Category":"","Description":"","Attributes":1,"ValueType":"System.String"},"Value":"Generator_GenerateSyntactic_ReturnsValidSequences"},{"Key":{"Id":"XunitTestCaseUniqueID","Label":"xUnit.net Test Case Unique ID","Category":"","Description":"","Attributes":0,"ValueType":"System.String"},"Value":"bb02e43b2f56473561f768ab149bf8b19c43c56c"},{"Key":{"Id":"XunitTestCaseExplicit","Label":"xUnit.net Test Case Explicit Flag","Category":"","Description":"","Attributes":0,"ValueType":"System.Boolean"},"Value":false},{"Key":{"Id":"TestCase.ManagedType","Label":"ManagedType","Category":"","Description":"","Attributes":1,"ValueType":"System.String"},"Value":"SharpMind.Tests.Data.PseudoLanguageGeneratorTests"}]},"Attachments":[],"Outcome":1,"ErrorMessage":null,"ErrorStackTrace":null,"DisplayName":"SharpMind.Tests.Data.PseudoLanguageGeneratorTests.Generator_GenerateSyntactic_ReturnsValidSequences","Messages":[],"ComputerName":"LAPTOP-MKMTSO1B","Duration":"00:00:00.0111117","StartTime":"2026-07-20T05:24:33.4662766+00:00","EndTime":"2026-07-20T05:24:33.4766524+00:00","Properties":[]}],"TestRunStatistics":{"ExecutedTests":149,"Stats":{"Passed":149}},"ActiveTests":[{"Id":"9bb18cdc-f0bb-b8ef-f19c-2756b6d50427","FullyQualifiedName":"SharpMind.Tests.GPU.ActivationComparisonTests.SiLU_CPUAndGPU_ProduceSameResults","DisplayName":"SharpMind.Tests.GPU.ActivationComparisonTests.SiLU_CPUAndGPU_ProduceSameResults","ExecutorUri":"executor://xunit/VsTestRunner3/netcore/","Source":"C:\\Integral2u\\source\\repos\\SharpMind\\SharpMind.Tests\\bin\\Debug\\net10.0\\SharpMind.Tests.dll","CodeFilePath":null,"LineNumber":0,"Properties":[{"Key":{"Id":"TestCase.ManagedMethod","Label":"ManagedMethod","Category":"","Description":"","Attributes":1,"ValueType":"System.String"},"Value":"SiLU_CPUAndGPU_ProduceSameResults"},{"Key":{"Id":"XunitTestCaseUniqueID","Label":"xUnit.net Test Case Unique ID","Category":"","Description":"","Attributes":0,"ValueType":"System.String"},"Value":"84433e8c3894b668be53431c6127f82607bca566"},{"Key":{"Id":"XunitTestCaseExplicit","Label":"xUnit.net Test Case Explicit Flag","Category":"","Description":"","Attributes":0,"ValueType":"System.Boolean"},"Value":false},{"Key":{"Id":"TestCase.ManagedType","Label":"ManagedType","Category":"","Description":"","Attributes":1,"ValueType":"System.String"},"Value":"SharpMind.Tests.GPU.ActivationComparisonTests"}]},{"Id":"bc808133-b7d1-94ee-7c30-9644ddbf05b3","FullyQualifiedName":"SharpMind.Tests.Quantization.QuantizationAgreementTests.VecDot_AllTiers_Agree","DisplayName":"SharpMind.Tests.Quantization.QuantizationAgreementTests.VecDot_AllTiers_Agree(dtype: IQ4_NL)","ExecutorUri":"executor://xunit/VsTestRunner3/netcore/","Source":"C:\\Integral2u\\source\\repos\\SharpMind\\SharpMind.Tests\\bin\\Debug\\net10.0\\SharpMind.Tests.dll","CodeFilePath":null,"LineNumber":0,"Properties":[{"Key":{"Id":"TestCase.ManagedMethod","Label":"ManagedMethod","Category":"","Description":"","Attributes":1,"ValueType":"System.String"},"Value":"VecDot_AllTiers_Agree"},{"Key":{"Id":"XunitTestCaseUniqueID","Label":"xUnit.net Test Case Unique ID","Category":"","Description":"","Attributes":0,"ValueType":"System.String"},"Value":"068976735c0fbd77b553c1ff763fd76f995f1ca8"},{"Key":{"Id":"XunitTestCaseExplicit","Label":"xUnit.net Test Case Explicit Flag","Category":"","Description":"","Attributes":0,"ValueType":"System.Boolean"},"Value":false},{"Key":{"Id":"TestCase.ManagedType","Label":"ManagedType","Category":"","Description":"","Attributes":1,"ValueType":"System.String"},"Value":"SharpMind.Tests.Quantization.QuantizationAgreementTests"}]},{"Id":"b41956e9-7079-5201-9ef9-bc836323df76","FullyQualifiedName":"SharpMind.Tests.Data.PseudoLanguageGeneratorTests.PseudoWord_WordFamily_ContainsRelatedWords","DisplayName":"SharpMind.Tests.Data.PseudoLanguageGeneratorTests.PseudoWord_WordFamily_ContainsRelatedWords","ExecutorUri":"executor://xunit/VsTestRunner3/netcore/","Source":"C:\\Integral2u\\source\\repos\\SharpMind\\SharpMind.Tests\\bin\\Debug\\net10.0\\SharpMind.Tests.dll","CodeFilePath":null,"LineNumber":0,"Properties":[{"Key":{"Id":"TestCase.ManagedMethod","Label":"ManagedMethod","Category":"","Description":"","Attributes":1,"ValueType":"System.String"},"Value":"PseudoWord_WordFamily_ContainsRelatedWords"},{"Key":{"Id":"XunitTestCaseUniqueID","Label":"xUnit.net Test Case Unique ID","Category":"","Description":"","Attributes":0,"ValueType":"System.String"},"Value":"bcec190d0172d74a5c1ca66fd524d63977be5cbc"},{"Key":{"Id":"XunitTestCaseExplicit","Label":"xUnit.net Test Case Explicit Flag","Category":"","Description":"","Attributes":0,"ValueType":"System.Boolean"},"Value":false},{"Key":{"Id":"TestCase.ManagedType","Label":"ManagedType","Category":"","Description":"","Attributes":1,"ValueType":"System.String"},"Value":"SharpMind.Tests.Data.PseudoLanguageGeneratorTests"}]}]}}
TpTrace Verbose: 0 : 2820, 13, 2026/07/20, 17:24:33.486, 364623610339, vstest.console.dll, TestRunRequest:SendTestRunStatsChange: Starting.
TpTrace Verbose: 0 : 2820, 13, 2026/07/20, 17:24:33.486, 364623612389, vstest.console.dll, InProgress is SharpMind.Tests.GPU.ActivationComparisonTests.SiLU_CPUAndGPU_ProduceSameResults
TpTrace Verbose: 0 : 2820, 13, 2026/07/20, 17:24:33.486, 364623612962, vstest.console.dll, InProgress is SharpMind.Tests.Quantization.QuantizationAgreementTests.VecDot_AllTiers_Agree(dtype: IQ4_NL)
TpTrace Verbose: 0 : 2820, 13, 2026/07/20, 17:24:33.486, 364623613378, vstest.console.dll, InProgress is SharpMind.Tests.Data.PseudoLanguageGeneratorTests.PseudoWord_WordFamily_ContainsRelatedWords
TpTrace Verbose: 0 : 2820, 13, 2026/07/20, 17:24:33.486, 364623614015, vstest.console.dll, MulticastDelegateUtilities.SafeInvoke: TestRun.RunStatsChanged: Invoking callbacks was skipped because there are no subscribers.
TpTrace Information: 0 : 2820, 13, 2026/07/20, 17:24:33.487, 364623614500, vstest.console.dll, TestRunRequest:SendTestRunStatsChange: Completed.
TpTrace Verbose: 0 : 2820, 13, 2026/07/20, 17:24:33.487, 364623615147, vstest.console.dll, MulticastDelegateUtilities.SafeInvoke: LengthPrefixCommunicationChannel: MessageReceived: Invoking callback 1/1 for Microsoft.VisualStudio.TestPlatform.CommunicationUtilities.TestRequestSender+<>c__DisplayClass34_0., took 6 ms.
TpTrace Verbose: 0 : 2820, 13, 2026/07/20, 17:24:33.487, 364623615770, vstest.console.dll, TcpClientExtensions.MessageLoopAsync: Polling on remoteEndPoint: 127.0.0.1:55546 localEndPoint: 127.0.0.1:55545 after 69 ms
TpTrace Verbose: 0 : 2820, 4, 2026/07/20, 17:24:33.488, 364623632782, vstest.console.dll, MulticastDelegateUtilities.SafeInvoke: InternalTestLoggerEvents.SendTestResult: Invoking callback 1/1 for Microsoft.VisualStudio.TestPlatform.CommandLine.Internal.ConsoleLogger., took 0 ms.
TpTrace Verbose: 0 : 2820, 4, 2026/07/20, 17:24:33.488, 364623634086, vstest.console.dll, MulticastDelegateUtilities.SafeInvoke: InternalTestLoggerEvents.SendTestResult: Invoking callback 1/1 for Microsoft.VisualStudio.TestPlatform.CommandLine.Internal.ConsoleLogger., took 0 ms.
TpTrace Verbose: 0 : 2820, 4, 2026/07/20, 17:24:33.489, 364623635007, vstest.console.dll, MulticastDelegateUtilities.SafeInvoke: InternalTestLoggerEvents.SendTestResult: Invoking callback 1/1 for Microsoft.VisualStudio.TestPlatform.CommandLine.Internal.ConsoleLogger., took 0 ms.
TpTrace Verbose: 0 : 2820, 4, 2026/07/20, 17:24:33.489, 364623635888, vstest.console.dll, MulticastDelegateUtilities.SafeInvoke: InternalTestLoggerEvents.SendTestResult: Invoking callback 1/1 for Microsoft.VisualStudio.TestPlatform.CommandLine.Internal.ConsoleLogger., took 0 ms.
TpTrace Verbose: 0 : 2820, 4, 2026/07/20, 17:24:33.489, 364623636585, vstest.console.dll, MulticastDelegateUtilities.SafeInvoke: InternalTestLoggerEvents.SendTestResult: Invoking callback 1/1 for Microsoft.VisualStudio.TestPlatform.CommandLine.Internal.ConsoleLogger., took 0 ms.
TpTrace Verbose: 0 : 2820, 4, 2026/07/20, 17:24:33.489, 364623637280, vstest.console.dll, MulticastDelegateUtilities.SafeInvoke: InternalTestLoggerEvents.SendTestResult: Invoking callback 1/1 for Microsoft.VisualStudio.TestPlatform.CommandLine.Internal.ConsoleLogger., took 0 ms.
TpTrace Verbose: 0 : 2820, 4, 2026/07/20, 17:24:33.489, 364623638037, vstest.console.dll, MulticastDelegateUtilities.SafeInvoke: InternalTestLoggerEvents.SendTestResult: Invoking callback 1/1 for Microsoft.VisualStudio.TestPlatform.CommandLine.Internal.ConsoleLogger., took 0 ms.
TpTrace Verbose: 0 : 2820, 13, 2026/07/20, 17:24:33.532, 364624073170, vstest.console.dll, TcpClientExtensions.MessageLoopAsync: NotifyDataAvailable remoteEndPoint: 127.0.0.1:55546 localEndPoint: 127.0.0.1:55545
TpTrace Verbose: 0 : 2820, 13, 2026/07/20, 17:24:33.533, 364624076861, vstest.console.dll, TestRequestSender.OnExecutionMessageReceived: Received message: {"Version":7,"MessageType":"TestExecution.StatsChange","Payload":{"NewTestResults":[{"TestCase":{"Id":"bc808133-b7d1-94ee-7c30-9644ddbf05b3","FullyQualifiedName":"SharpMind.Tests.Quantization.QuantizationAgreementTests.VecDot_AllTiers_Agree","DisplayName":"SharpMind.Tests.Quantization.QuantizationAgreementTests.VecDot_AllTiers_Agree(dtype: IQ4_NL)","ExecutorUri":"executor://xunit/VsTestRunner3/netcore/","Source":"C:\\Integral2u\\source\\repos\\SharpMind\\SharpMind.Tests\\bin\\Debug\\net10.0\\SharpMind.Tests.dll","CodeFilePath":null,"LineNumber":0,"Properties":[{"Key":{"Id":"TestCase.ManagedMethod","Label":"ManagedMethod","Category":"","Description":"","Attributes":1,"ValueType":"System.String"},"Value":"VecDot_AllTiers_Agree"},{"Key":{"Id":"XunitTestCaseUniqueID","Label":"xUnit.net Test Case Unique ID","Category":"","Description":"","Attributes":0,"ValueType":"System.String"},"Value":"068976735c0fbd77b553c1ff763fd76f995f1ca8"},{"Key":{"Id":"XunitTestCaseExplicit","Label":"xUnit.net Test Case Explicit Flag","Category":"","Description":"","Attributes":0,"ValueType":"System.Boolean"},"Value":false},{"Key":{"Id":"TestCase.ManagedType","Label":"ManagedType","Category":"","Description":"","Attributes":1,"ValueType":"System.String"},"Value":"SharpMind.Tests.Quantization.QuantizationAgreementTests"}]},"Attachments":[],"Outcome":1,"ErrorMessage":null,"ErrorStackTrace":null,"DisplayName":"SharpMind.Tests.Quantization.QuantizationAgreementTests.VecDot_AllTiers_Agree(dtype: IQ4_NL)","Messages":[],"ComputerName":"LAPTOP-MKMTSO1B","Duration":"00:00:00.0066408","StartTime":"2026-07-20T05:24:33.4735016+00:00","EndTime":"2026-07-20T05:24:33.4801619+00:00","Properties":[]},{"TestCase":{"Id":"bbb310c5-6d26-09cb-34d8-2041ea696dcd","FullyQualifiedName":"SharpMind.Tests.Quantization.QuantizationAgreementTests.VecDot_AllTiers_Agree","DisplayName":"SharpMind.Tests.Quantization.QuantizationAgreementTests.VecDot_AllTiers_Agree(dtype: Q8_0)","ExecutorUri":"executor://xunit/VsTestRunner3/netcore/","Source":"C:\\Integral2u\\source\\repos\\SharpMind\\SharpMind.Tests\\bin\\Debug\\net10.0\\SharpMind.Tests.dll","CodeFilePath":null,"LineNumber":0,"Properties":[{"Key":{"Id":"TestCase.ManagedMethod","Label":"ManagedMethod","Category":"","Description":"","Attributes":1,"ValueType":"System.String"},"Value":"VecDot_AllTiers_Agree"},{"Key":{"Id":"XunitTestCaseUniqueID","Label":"xUnit.net Test Case Unique ID","Category":"","Description":"","Attributes":0,"ValueType":"System.String"},"Value":"098f480c382b1d1f327709ba604d87115df90d18"},{"Key":{"Id":"XunitTestCaseExplicit","Label":"xUnit.net Test Case Explicit Flag","Category":"","Description":"","Attributes":0,"ValueType":"System.Boolean"},"Value":false},{"Key":{"Id":"TestCase.ManagedType","Label":"ManagedType","Category":"","Description":"","Attributes":1,"ValueType":"System.String"},"Value":"SharpMind.Tests.Quantization.QuantizationAgreementTests"}]},"Attachments":[],"Outcome":1,"ErrorMessage":null,"ErrorStackTrace":null,"DisplayName":"SharpMind.Tests.Quantization.QuantizationAgreementTests.VecDot_AllTiers_Agree(dtype: Q8_0)","Messages":[],"ComputerName":"LAPTOP-MKMTSO1B","Duration":"00:00:00.0033136","StartTime":"2026-07-20T05:24:33.4809846+00:00","EndTime":"2026-07-20T05:24:33.481239+00:00","Properties":[]},{"TestCase":{"Id":"5c6bde7f-0826-fffd-d81b-b092c44fc7e7","FullyQualifiedName":"SharpMind.Tests.Quantization.QuantizationAgreementTests.VecDot_AllTiers_Agree","DisplayName":"SharpMind.Tests.Quantization.QuantizationAgreementTests.VecDot_AllTiers_Agree(dtype: Q4_0)","ExecutorUri":"executor://xunit/VsTestRunner3/netcore/","Source":"C:\\Integral2u\\source\\repos\\SharpMind\\SharpMind.Tests\\bin\\Debug\\net10.0\\SharpMind.Tests.dll","CodeFilePath":null,"LineNumber":0,"Properties":[{"Key":{"Id":"TestCase.ManagedMethod","Label":"ManagedMethod","Category":"","Description":"","Attributes":1,"ValueType":"System.String"},"Value":"VecDot_AllTiers_Agree"},{"Key":{"Id":"XunitTestCaseUniqueID","Label":"xUnit.net Test Case Unique ID","Category":"","Description":"","Attributes":0,"ValueType":"System.String"},"Value":"36b52e45b3643928a99ce2185ae76b66c55dad26"},{"Key":{"Id":"XunitTestCaseExplicit","Label":"xUnit.net Test Case Explicit Flag","Category":"","Description":"","Attributes":0,"ValueType":"System.Boolean"},"Value":false},{"Key":{"Id":"TestCase.ManagedType","Label":"ManagedType","Category":"","Description":"","Attributes":1,"ValueType":"System.String"},"Value":"SharpMind.Tests.Quantization.QuantizationAgreementTests"}]},"Attachments":[],"Outcome":1,"ErrorMessage":null,"ErrorStackTrace":null,"DisplayName":"SharpMind.Tests.Quantization.QuantizationAgreementTests.VecDot_AllTiers_Agree(dtype: Q4_0)","Messages":[],"ComputerName":"LAPTOP-MKMTSO1B","Duration":"00:00:00.0053618","StartTime":"2026-07-20T05:24:33.4818549+00:00","EndTime":"2026-07-20T05:24:33.488208+00:00","Properties":[]},{"TestCase":{"Id":"b41956e9-7079-5201-9ef9-bc836323df76","FullyQualifiedName":"SharpMind.Tests.Data.PseudoLanguageGeneratorTests.PseudoWord_WordFamily_ContainsRelatedWords","DisplayName":"SharpMind.Tests.Data.PseudoLanguageGeneratorTests.PseudoWord_WordFamily_ContainsRelatedWords","ExecutorUri":"executor://xunit/VsTestRunner3/netcore/","Source":"C:\\Integral2u\\source\\repos\\SharpMind\\SharpMind.Tests\\bin\\Debug\\net10.0\\SharpMind.Tests.dll","CodeFilePath":null,"LineNumber":0,"Properties":[{"Key":{"Id":"TestCase.ManagedMethod","Label":"ManagedMethod","Category":"","Description":"","Attributes":1,"ValueType":"System.String"},"Value":"PseudoWord_WordFamily_ContainsRelatedWords"},{"Key":{"Id":"XunitTestCaseUniqueID","Label":"xUnit.net Test Case Unique ID","Category":"","Description":"","Attributes":0,"ValueType":"System.String"},"Value":"bcec190d0172d74a5c1ca66fd524d63977be5cbc"},{"Key":{"Id":"XunitTestCaseExplicit","Label":"xUnit.net Test Case Explicit Flag","Category":"","Description":"","Attributes":0,"ValueType":"System.Boolean"},"Value":false},{"Key":{"Id":"TestCase.ManagedType","Label":"ManagedType","Category":"","Description":"","Attributes":1,"ValueType":"System.String"},"Value":"SharpMind.Tests.Data.PseudoLanguageGeneratorTests"}]},"Attachments":[],"Outcome":1,"ErrorMessage":null,"ErrorStackTrace":null,"DisplayName":"SharpMind.Tests.Data.PseudoLanguageGeneratorTests.PseudoWord_WordFamily_ContainsRelatedWords","Messages":[],"ComputerName":"LAPTOP-MKMTSO1B","Duration":"00:00:00.0179081","StartTime":"2026-07-20T05:24:33.4800017+00:00","EndTime":"2026-07-20T05:24:33.4946272+00:00","Properties":[]},{"TestCase":{"Id":"ff9111ab-0a8f-65fc-0cb3-560ea1ff8604","FullyQualifiedName":"SharpMind.Tests.Data.PseudoLanguageGeneratorTests.Generator_ContainsRootWords","DisplayName":"SharpMind.Tests.Data.PseudoLanguageGeneratorTests.Generator_ContainsRootWords","ExecutorUri":"executor://xunit/VsTestRunner3/netcore/","Source":"C:\\Integral2u\\source\\repos\\SharpMind\\SharpMind.Tests\\bin\\Debug\\net10.0\\SharpMind.Tests.dll","CodeFilePath":null,"LineNumber":0,"Properties":[{"Key":{"Id":"TestCase.ManagedMethod","Label":"ManagedMethod","Category":"","Description":"","Attributes":1,"ValueType":"System.String"},"Value":"Generator_ContainsRootWords"},{"Key":{"Id":"XunitTestCaseUniqueID","Label":"xUnit.net Test Case Unique ID","Category":"","Description":"","Attributes":0,"ValueType":"System.String"},"Value":"f965baf2534a996d250c7e783a31ab691a77bc44"},{"Key":{"Id":"XunitTestCaseExplicit","Label":"xUnit.net Test Case Explicit Flag","Category":"","Description":"","Attributes":0,"ValueType":"System.Boolean"},"Value":false},{"Key":{"Id":"TestCase.ManagedType","Label":"ManagedType","Category":"","Description":"","Attributes":1,"ValueType":"System.String"},"Value":"SharpMind.Tests.Data.PseudoLanguageGeneratorTests"}]},"Attachments":[],"Outcome":1,"ErrorMessage":null,"ErrorStackTrace":null,"DisplayName":"SharpMind.Tests.Data.PseudoLanguageGeneratorTests.Generator_ContainsRootWords","Messages":[],"ComputerName":"LAPTOP-MKMTSO1B","Duration":"00:00:00.0031622","StartTime":"2026-07-20T05:24:33.4954395+00:00","EndTime":"2026-07-20T05:24:33.497928+00:00","Properties":[]},{"TestCase":{"Id":"9bb18cdc-f0bb-b8ef-f19c-2756b6d50427","FullyQualifiedName":"SharpMind.Tests.GPU.ActivationComparisonTests.SiLU_CPUAndGPU_ProduceSameResults","DisplayName":"SharpMind.Tests.GPU.ActivationComparisonTests.SiLU_CPUAndGPU_ProduceSameResults","ExecutorUri":"executor://xunit/VsTestRunner3/netcore/","Source":"C:\\Integral2u\\source\\repos\\SharpMind\\SharpMind.Tests\\bin\\Debug\\net10.0\\SharpMind.Tests.dll","CodeFilePath":null,"LineNumber":0,"Properties":[{"Key":{"Id":"TestCase.ManagedMethod","Label":"ManagedMethod","Category":"","Description":"","Attributes":1,"ValueType":"System.String"},"Value":"SiLU_CPUAndGPU_ProduceSameResults"},{"Key":{"Id":"XunitTestCaseUniqueID","Label":"xUnit.net Test Case Unique ID","Category":"","Description":"","Attributes":0,"ValueType":"System.String"},"Value":"84433e8c3894b668be53431c6127f82607bca566"},{"Key":{"Id":"XunitTestCaseExplicit","Label":"xUnit.net Test Case Explicit Flag","Category":"","Description":"","Attributes":0,"ValueType":"System.Boolean"},"Value":false},{"Key":{"Id":"TestCase.ManagedType","Label":"ManagedType","Category":"","Description":"","Attributes":1,"ValueType":"System.String"},"Value":"SharpMind.Tests.GPU.ActivationComparisonTests"}]},"Attachments":[],"Outcome":1,"ErrorMessage":null,"ErrorStackTrace":null,"DisplayName":"SharpMind.Tests.GPU.ActivationComparisonTests.SiLU_CPUAndGPU_ProduceSameResults","Messages":[],"ComputerName":"LAPTOP-MKMTSO1B","Duration":"00:00:00.1360694","StartTime":"2026-07-20T05:24:33.4157263+00:00","EndTime":"2026-07-20T05:24:33.5284454+00:00","Properties":[]},{"TestCase":{"Id":"535c1310-48d8-f3da-31f1-0e66c41f0ae2","FullyQualifiedName":"SharpMind.Tests.GPU.ActivationComparisonTests.GELU_CPUAndGPU_ProduceSameResults","DisplayName":"SharpMind.Tests.GPU.ActivationComparisonTests.GELU_CPUAndGPU_ProduceSameResults","ExecutorUri":"executor://xunit/VsTestRunner3/netcore/","Source":"C:\\Integral2u\\source\\repos\\SharpMind\\SharpMind.Tests\\bin\\Debug\\net10.0\\SharpMind.Tests.dll","CodeFilePath":null,"LineNumber":0,"Properties":[{"Key":{"Id":"TestCase.ManagedMethod","Label":"ManagedMethod","Category":"","Description":"","Attributes":1,"ValueType":"System.String"},"Value":"GELU_CPUAndGPU_ProduceSameResults"},{"Key":{"Id":"XunitTestCaseUniqueID","Label":"xUnit.net Test Case Unique ID","Category":"","Description":"","Attributes":0,"ValueType":"System.String"},"Value":"941d5208b2bd60fec0820147dfc253c73a4bac4e"},{"Key":{"Id":"XunitTestCaseExplicit","Label":"xUnit.net Test Case Explicit Flag","Category":"","Description":"","Attributes":0,"ValueType":"System.Boolean"},"Value":false},{"Key":{"Id":"TestCase.ManagedType","Label":"ManagedType","Category":"","Description":"","Attributes":1,"ValueType":"System.String"},"Value":"SharpMind.Tests.GPU.ActivationComparisonTests"}]},"Attachments":[],"Outcome":1,"ErrorMessage":null,"ErrorStackTrace":null,"DisplayName":"SharpMind.Tests.GPU.ActivationComparisonTests.GELU_CPUAndGPU_ProduceSameResults","Messages":[],"ComputerName":"LAPTOP-MKMTSO1B","Duration":"00:00:00.0014901","StartTime":"2026-07-20T05:24:33.5295005+00:00","EndTime":"2026-07-20T05:24:33.5299573+00:00","Properties":[]}],"TestRunStatistics":{"ExecutedTests":156,"Stats":{"Passed":156}},"ActiveTests":[{"Id":"e883a16f-9362-ba37-35a9-0a59217800c0","FullyQualifiedName":"SharpMind.Tests.Quantization.QuantizationAgreementTests.VecDot_AllTiers_Agree","DisplayName":"SharpMind.Tests.Quantization.QuantizationAgreementTests.VecDot_AllTiers_Agree(dtype: Q6_K)","ExecutorUri":"executor://xunit/VsTestRunner3/netcore/","Source":"C:\\Integral2u\\source\\repos\\SharpMind\\SharpMind.Tests\\bin\\Debug\\net10.0\\SharpMind.Tests.dll","CodeFilePath":null,"LineNumber":0,"Properties":[{"Key":{"Id":"TestCase.ManagedMethod","Label":"ManagedMethod","Category":"","Description":"","Attributes":1,"ValueType":"System.String"},"Value":"VecDot_AllTiers_Agree"},{"Key":{"Id":"XunitTestCaseUniqueID","Label":"xUnit.net Test Case Unique ID","Category":"","Description":"","Attributes":0,"ValueType":"System.String"},"Value":"3f4c638af79fe0e61be75c16456724e0e0d770e2"},{"Key":{"Id":"XunitTestCaseExplicit","Label":"xUnit.net Test Case Explicit Flag","Category":"","Description":"","Attributes":0,"ValueType":"System.Boolean"},"Value":false},{"Key":{"Id":"TestCase.ManagedType","Label":"ManagedType","Category":"","Description":"","Attributes":1,"ValueType":"System.String"},"Value":"SharpMind.Tests.Quantization.QuantizationAgreementTests"}]},{"Id":"0c7dd9b8-0e79-6ae2-590a-f6672b19386c","FullyQualifiedName":"SharpMind.Tests.Chat.JinjaTemplateFormatterTests.Eval_Namespace_MutationAcrossScope","DisplayName":"SharpMind.Tests.Chat.JinjaTemplateFormatterTests.Eval_Namespace_MutationAcrossScope","ExecutorUri":"executor://xunit/VsTestRunner3/netcore/","Source":"C:\\Integral2u\\source\\repos\\SharpMind\\SharpMind.Tests\\bin\\Debug\\net10.0\\SharpMind.Tests.dll","CodeFilePath":null,"LineNumber":0,"Properties":[{"Key":{"Id":"TestCase.ManagedMethod","Label":"ManagedMethod","Category":"","Description":"","Attributes":1,"ValueType":"System.String"},"Value":"Eval_Namespace_MutationAcrossScope"},{"Key":{"Id":"XunitTestCaseUniqueID","Label":"xUnit.net Test Case Unique ID","Category":"","Description":"","Attributes":0,"ValueType":"System.String"},"Value":"12dfcc0440b78ddd363951cda0ac2762201c0c49"},{"Key":{"Id":"XunitTestCaseExplicit","Label":"xUnit.net Test Case Explicit Flag","Category":"","Description":"","Attributes":0,"ValueType":"System.Boolean"},"Value":false},{"Key":{"Id":"TestCase.ManagedType","Label":"ManagedType","Category":"","Description":"","Attributes":1,"ValueType":"System.String"},"Value":"SharpMind.Tests.Chat.JinjaTemplateFormatterTests"}]},{"Id":"feb67d10-64ae-c7f9-3544-63d9d665fd5b","FullyQualifiedName":"SharpMind.Tests.GPU.ActivationComparisonTests.SwiGLU_CPUAndGPU_ProduceSameResults","DisplayName":"SharpMind.Tests.GPU.ActivationComparisonTests.SwiGLU_CPUAndGPU_ProduceSameResults","ExecutorUri":"executor://xunit/VsTestRunner3/netcore/","Source":"C:\\Integral2u\\source\\repos\\SharpMind\\SharpMind.Tests\\bin\\Debug\\net10.0\\SharpMind.Tests.dll","CodeFilePath":null,"LineNumber":0,"Properties":[{"Key":{"Id":"TestCase.ManagedMethod","Label":"ManagedMethod","Category":"","Description":"","Attributes":1,"ValueType":"System.String"},"Value":"SwiGLU_CPUAndGPU_ProduceSameResults"},{"Key":{"Id":"XunitTestCaseUniqueID","Label":"xUnit.net Test Case Unique ID","Category":"","Description":"","Attributes":0,"ValueType":"System.String"},"Value":"be909f447257d4d11dea21e7b57fbe55cfd141ad"},{"Key":{"Id":"XunitTestCaseExplicit","Label":"xUnit.net Test Case Explicit Flag","Category":"","Description":"","Attributes":0,"ValueType":"System.Boolean"},"Value":false},{"Key":{"Id":"TestCase.ManagedType","Label":"ManagedType","Category":"","Description":"","Attributes":1,"ValueType":"System.String"},"Value":"SharpMind.Tests.GPU.ActivationComparisonTests"}]}]}}
TpTrace Verbose: 0 : 2820, 13, 2026/07/20, 17:24:33.536, 364624112503, vstest.console.dll, TestRunRequest:SendTestRunStatsChange: Starting.
TpTrace Verbose: 0 : 2820, 13, 2026/07/20, 17:24:33.537, 364624120142, vstest.console.dll, InProgress is SharpMind.Tests.Quantization.QuantizationAgreementTests.VecDot_AllTiers_Agree(dtype: Q6_K)
TpTrace Verbose: 0 : 2820, 13, 2026/07/20, 17:24:33.537, 364624121314, vstest.console.dll, InProgress is SharpMind.Tests.Chat.JinjaTemplateFormatterTests.Eval_Namespace_MutationAcrossScope
TpTrace Verbose: 0 : 2820, 13, 2026/07/20, 17:24:33.537, 364624121857, vstest.console.dll, InProgress is SharpMind.Tests.GPU.ActivationComparisonTests.SwiGLU_CPUAndGPU_ProduceSameResults
TpTrace Verbose: 0 : 2820, 13, 2026/07/20, 17:24:33.537, 364624122598, vstest.console.dll, MulticastDelegateUtilities.SafeInvoke: TestRun.RunStatsChanged: Invoking callbacks was skipped because there are no subscribers.
TpTrace Information: 0 : 2820, 13, 2026/07/20, 17:24:33.537, 364624123101, vstest.console.dll, TestRunRequest:SendTestRunStatsChange: Completed.
TpTrace Verbose: 0 : 2820, 13, 2026/07/20, 17:24:33.537, 364624123657, vstest.console.dll, MulticastDelegateUtilities.SafeInvoke: LengthPrefixCommunicationChannel: MessageReceived: Invoking callback 1/1 for Microsoft.VisualStudio.TestPlatform.CommunicationUtilities.TestRequestSender+<>c__DisplayClass34_0., took 4 ms.
TpTrace Verbose: 0 : 2820, 13, 2026/07/20, 17:24:33.538, 364624124233, vstest.console.dll, TcpClientExtensions.MessageLoopAsync: Polling on remoteEndPoint: 127.0.0.1:55546 localEndPoint: 127.0.0.1:55545 after 50 ms
TpTrace Verbose: 0 : 2820, 4, 2026/07/20, 17:24:33.538, 364624125977, vstest.console.dll, MulticastDelegateUtilities.SafeInvoke: InternalTestLoggerEvents.SendTestResult: Invoking callback 1/1 for Microsoft.VisualStudio.TestPlatform.CommandLine.Internal.ConsoleLogger., took 0 ms.
TpTrace Verbose: 0 : 2820, 4, 2026/07/20, 17:24:33.538, 364624126883, vstest.console.dll, MulticastDelegateUtilities.SafeInvoke: InternalTestLoggerEvents.SendTestResult: Invoking callback 1/1 for Microsoft.VisualStudio.TestPlatform.CommandLine.Internal.ConsoleLogger., took 0 ms.
TpTrace Verbose: 0 : 2820, 4, 2026/07/20, 17:24:33.538, 364624127723, vstest.console.dll, MulticastDelegateUtilities.SafeInvoke: InternalTestLoggerEvents.SendTestResult: Invoking callback 1/1 for Microsoft.VisualStudio.TestPlatform.CommandLine.Internal.ConsoleLogger., took 0 ms.
TpTrace Verbose: 0 : 2820, 4, 2026/07/20, 17:24:33.538, 364624128567, vstest.console.dll, MulticastDelegateUtilities.SafeInvoke: InternalTestLoggerEvents.SendTestResult: Invoking callback 1/1 for Microsoft.VisualStudio.TestPlatform.CommandLine.Internal.ConsoleLogger., took 0 ms.
TpTrace Verbose: 0 : 2820, 4, 2026/07/20, 17:24:33.538, 364624129395, vstest.console.dll, MulticastDelegateUtilities.SafeInvoke: InternalTestLoggerEvents.SendTestResult: Invoking callback 1/1 for Microsoft.VisualStudio.TestPlatform.CommandLine.Internal.ConsoleLogger., took 0 ms.
TpTrace Verbose: 0 : 2820, 4, 2026/07/20, 17:24:33.538, 364624130195, vstest.console.dll, MulticastDelegateUtilities.SafeInvoke: InternalTestLoggerEvents.SendTestResult: Invoking callback 1/1 for Microsoft.VisualStudio.TestPlatform.CommandLine.Internal.ConsoleLogger., took 0 ms.
TpTrace Verbose: 0 : 2820, 4, 2026/07/20, 17:24:33.538, 364624130987, vstest.console.dll, MulticastDelegateUtilities.SafeInvoke: InternalTestLoggerEvents.SendTestResult: Invoking callback 1/1 for Microsoft.VisualStudio.TestPlatform.CommandLine.Internal.ConsoleLogger., took 0 ms.
TpTrace Verbose: 0 : 2820, 13, 2026/07/20, 17:24:34.553, 364634275643, vstest.console.dll, TcpClientExtensions.MessageLoopAsync: Polling on remoteEndPoint: 127.0.0.1:55546 localEndPoint: 127.0.0.1:55545 after 1015 ms
TpTrace Verbose: 0 : 2820, 13, 2026/07/20, 17:24:34.776, 364636505125, vstest.console.dll, TcpClientExtensions.MessageLoopAsync: NotifyDataAvailable remoteEndPoint: 127.0.0.1:55546 localEndPoint: 127.0.0.1:55545
TpTrace Verbose: 0 : 2820, 13, 2026/07/20, 17:24:34.776, 364636508653, vstest.console.dll, TestRequestSender.OnExecutionMessageReceived: Received message: {"Version":7,"MessageType":"TestExecution.StatsChange","Payload":{"NewTestResults":[{"TestCase":{"Id":"feb67d10-64ae-c7f9-3544-63d9d665fd5b","FullyQualifiedName":"SharpMind.Tests.GPU.ActivationComparisonTests.SwiGLU_CPUAndGPU_ProduceSameResults","DisplayName":"SharpMind.Tests.GPU.ActivationComparisonTests.SwiGLU_CPUAndGPU_ProduceSameResults","ExecutorUri":"executor://xunit/VsTestRunner3/netcore/","Source":"C:\\Integral2u\\source\\repos\\SharpMind\\SharpMind.Tests\\bin\\Debug\\net10.0\\SharpMind.Tests.dll","CodeFilePath":null,"LineNumber":0,"Properties":[{"Key":{"Id":"TestCase.ManagedMethod","Label":"ManagedMethod","Category":"","Description":"","Attributes":1,"ValueType":"System.String"},"Value":"SwiGLU_CPUAndGPU_ProduceSameResults"},{"Key":{"Id":"XunitTestCaseUniqueID","Label":"xUnit.net Test Case Unique ID","Category":"","Description":"","Attributes":0,"ValueType":"System.String"},"Value":"be909f447257d4d11dea21e7b57fbe55cfd141ad"},{"Key":{"Id":"XunitTestCaseExplicit","Label":"xUnit.net Test Case Explicit Flag","Category":"","Description":"","Attributes":0,"ValueType":"System.Boolean"},"Value":false},{"Key":{"Id":"TestCase.ManagedType","Label":"ManagedType","Category":"","Description":"","Attributes":1,"ValueType":"System.String"},"Value":"SharpMind.Tests.GPU.ActivationComparisonTests"}]},"Attachments":[],"Outcome":1,"ErrorMessage":null,"ErrorStackTrace":null,"DisplayName":"SharpMind.Tests.GPU.ActivationComparisonTests.SwiGLU_CPUAndGPU_ProduceSameResults","Messages":[],"ComputerName":"LAPTOP-MKMTSO1B","Duration":"00:00:00.1457720","StartTime":"2026-07-20T05:24:33.5331733+00:00","EndTime":"2026-07-20T05:24:33.6759467+00:00","Properties":[]},{"TestCase":{"Id":"e883a16f-9362-ba37-35a9-0a59217800c0","FullyQualifiedName":"SharpMind.Tests.Quantization.QuantizationAgreementTests.VecDot_AllTiers_Agree","DisplayName":"SharpMind.Tests.Quantization.QuantizationAgreementTests.VecDot_AllTiers_Agree(dtype: Q6_K)","ExecutorUri":"executor://xunit/VsTestRunner3/netcore/","Source":"C:\\Integral2u\\source\\repos\\SharpMind\\SharpMind.Tests\\bin\\Debug\\net10.0\\SharpMind.Tests.dll","CodeFilePath":null,"LineNumber":0,"Properties":[{"Key":{"Id":"TestCase.ManagedMethod","Label":"ManagedMethod","Category":"","Description":"","Attributes":1,"ValueType":"System.String"},"Value":"VecDot_AllTiers_Agree"},{"Key":{"Id":"XunitTestCaseUniqueID","Label":"xUnit.net Test Case Unique ID","Category":"","Description":"","Attributes":0,"ValueType":"System.String"},"Value":"3f4c638af79fe0e61be75c16456724e0e0d770e2"},{"Key":{"Id":"XunitTestCaseExplicit","Label":"xUnit.net Test Case Explicit Flag","Category":"","Description":"","Attributes":0,"ValueType":"System.Boolean"},"Value":false},{"Key":{"Id":"TestCase.ManagedType","Label":"ManagedType","Category":"","Description":"","Attributes":1,"ValueType":"System.String"},"Value":"SharpMind.Tests.Quantization.QuantizationAgreementTests"}]},"Attachments":[],"Outcome":1,"ErrorMessage":null,"ErrorStackTrace":null,"DisplayName":"SharpMind.Tests.Quantization.QuantizationAgreementTests.VecDot_AllTiers_Agree(dtype: Q6_K)","Messages":[],"ComputerName":"LAPTOP-MKMTSO1B","Duration":"00:00:00.2567575","StartTime":"2026-07-20T05:24:33.4891818+00:00","EndTime":"2026-07-20T05:24:33.744713+00:00","Properties":[]},{"TestCase":{"Id":"c18c6e47-70b7-5e88-8e4e-6d16636b7e2a","FullyQualifiedName":"SharpMind.Tests.Quantization.QuantizationAgreementTests.VecDot_AllTiers_Agree","DisplayName":"SharpMind.Tests.Quantization.QuantizationAgreementTests.VecDot_AllTiers_Agree(dtype: F16)","ExecutorUri":"executor://xunit/VsTestRunner3/netcore/","Source":"C:\\Integral2u\\source\\repos\\SharpMind\\SharpMind.Tests\\bin\\Debug\\net10.0\\SharpMind.Tests.dll","CodeFilePath":null,"LineNumber":0,"Properties":[{"Key":{"Id":"TestCase.ManagedMethod","Label":"ManagedMethod","Category":"","Description":"","Attributes":1,"ValueType":"System.String"},"Value":"VecDot_AllTiers_Agree"},{"Key":{"Id":"XunitTestCaseUniqueID","Label":"xUnit.net Test Case Unique ID","Category":"","Description":"","Attributes":0,"ValueType":"System.String"},"Value":"43e2e5d3608f02422d406b148966171c5357b319"},{"Key":{"Id":"XunitTestCaseExplicit","Label":"xUnit.net Test Case Explicit Flag","Category":"","Description":"","Attributes":0,"ValueType":"System.Boolean"},"Value":false},{"Key":{"Id":"TestCase.ManagedType","Label":"ManagedType","Category":"","Description":"","Attributes":1,"ValueType":"System.String"},"Value":"SharpMind.Tests.Quantization.QuantizationAgreementTests"}]},"Attachments":[],"Outcome":1,"ErrorMessage":null,"ErrorStackTrace":null,"DisplayName":"SharpMind.Tests.Quantization.QuantizationAgreementTests.VecDot_AllTiers_Agree(dtype: F16)","Messages":[],"ComputerName":"LAPTOP-MKMTSO1B","Duration":"00:00:00.1675907","StartTime":"2026-07-20T05:24:33.7460673+00:00","EndTime":"2026-07-20T05:24:33.9135987+00:00","Properties":[]},{"TestCase":{"Id":"fd4857eb-5748-33c1-7bb2-c42d1f7bb7b0","FullyQualifiedName":"SharpMind.Tests.Quantization.QuantizationAgreementTests.VecDot_AllTiers_Agree","DisplayName":"SharpMind.Tests.Quantization.QuantizationAgreementTests.VecDot_AllTiers_Agree(dtype: F32)","ExecutorUri":"executor://xunit/VsTestRunner3/netcore/","Source":"C:\\Integral2u\\source\\repos\\SharpMind\\SharpMind.Tests\\bin\\Debug\\net10.0\\SharpMind.Tests.dll","CodeFilePath":null,"LineNumber":0,"Properties":[{"Key":{"Id":"TestCase.ManagedMethod","Label":"ManagedMethod","Category":"","Description":"","Attributes":1,"ValueType":"System.String"},"Value":"VecDot_AllTiers_Agree"},{"Key":{"Id":"XunitTestCaseUniqueID","Label":"xUnit.net Test Case Unique ID","Category":"","Description":"","Attributes":0,"ValueType":"System.String"},"Value":"57592fedd0e85db04810e4ed12ddd74073f4c2ba"},{"Key":{"Id":"XunitTestCaseExplicit","Label":"xUnit.net Test Case Explicit Flag","Category":"","Description":"","Attributes":0,"ValueType":"System.Boolean"},"Value":false},{"Key":{"Id":"TestCase.ManagedType","Label":"ManagedType","Category":"","Description":"","Attributes":1,"ValueType":"System.String"},"Value":"SharpMind.Tests.Quantization.QuantizationAgreementTests"}]},"Attachments":[],"Outcome":1,"ErrorMessage":null,"ErrorStackTrace":null,"DisplayName":"SharpMind.Tests.Quantization.QuantizationAgreementTests.VecDot_AllTiers_Agree(dtype: F32)","Messages":[],"ComputerName":"LAPTOP-MKMTSO1B","Duration":"00:00:00.1701282","StartTime":"2026-07-20T05:24:33.9145222+00:00","EndTime":"2026-07-20T05:24:34.0838305+00:00","Properties":[]},{"TestCase":{"Id":"396b6fb3-4c81-50e3-df5c-403f9e6c6873","FullyQualifiedName":"SharpMind.Tests.Quantization.QuantizationAgreementTests.VecDot_AllTiers_Agree","DisplayName":"SharpMind.Tests.Quantization.QuantizationAgreementTests.VecDot_AllTiers_Agree(dtype: Q2_K)","ExecutorUri":"executor://xunit/VsTestRunner3/netcore/","Source":"C:\\Integral2u\\source\\repos\\SharpMind\\SharpMind.Tests\\bin\\Debug\\net10.0\\SharpMind.Tests.dll","CodeFilePath":null,"LineNumber":0,"Properties":[{"Key":{"Id":"TestCase.ManagedMethod","Label":"ManagedMethod","Category":"","Description":"","Attributes":1,"ValueType":"System.String"},"Value":"VecDot_AllTiers_Agree"},{"Key":{"Id":"XunitTestCaseUniqueID","Label":"xUnit.net Test Case Unique ID","Category":"","Description":"","Attributes":0,"ValueType":"System.String"},"Value":"6293ccc9b08019c689b14d2cdbd572d04a8b2bd5"},{"Key":{"Id":"XunitTestCaseExplicit","Label":"xUnit.net Test Case Explicit Flag","Category":"","Description":"","Attributes":0,"ValueType":"System.Boolean"},"Value":false},{"Key":{"Id":"TestCase.ManagedType","Label":"ManagedType","Category":"","Description":"","Attributes":1,"ValueType":"System.String"},"Value":"SharpMind.Tests.Quantization.QuantizationAgreementTests"}]},"Attachments":[],"Outcome":1,"ErrorMessage":null,"ErrorStackTrace":null,"DisplayName":"SharpMind.Tests.Quantization.QuantizationAgreementTests.VecDot_AllTiers_Agree(dtype: Q2_K)","Messages":[],"ComputerName":"LAPTOP-MKMTSO1B","Duration":"00:00:00.2088951","StartTime":"2026-07-20T05:24:34.0856554+00:00","EndTime":"2026-07-20T05:24:34.2929659+00:00","Properties":[]},{"TestCase":{"Id":"14d4f9ae-52a0-af17-6922-1777aead7902","FullyQualifiedName":"SharpMind.Tests.Quantization.QuantizationAgreementTests.VecDot_AllTiers_Agree","DisplayName":"SharpMind.Tests.Quantization.QuantizationAgreementTests.VecDot_AllTiers_Agree(dtype: Q3_K)","ExecutorUri":"executor://xunit/VsTestRunner3/netcore/","Source":"C:\\Integral2u\\source\\repos\\SharpMind\\SharpMind.Tests\\bin\\Debug\\net10.0\\SharpMind.Tests.dll","CodeFilePath":null,"LineNumber":0,"Properties":[{"Key":{"Id":"TestCase.ManagedMethod","Label":"ManagedMethod","Category":"","Description":"","Attributes":1,"ValueType":"System.String"},"Value":"VecDot_AllTiers_Agree"},{"Key":{"Id":"XunitTestCaseUniqueID","Label":"xUnit.net Test Case Unique ID","Category":"","Description":"","Attributes":0,"ValueType":"System.String"},"Value":"632b26492f3c3027902a35591d708becbf75a166"},{"Key":{"Id":"XunitTestCaseExplicit","Label":"xUnit.net Test Case Explicit Flag","Category":"","Description":"","Attributes":0,"ValueType":"System.Boolean"},"Value":false},{"Key":{"Id":"TestCase.ManagedType","Label":"ManagedType","Category":"","Description":"","Attributes":1,"ValueType":"System.String"},"Value":"SharpMind.Tests.Quantization.QuantizationAgreementTests"}]},"Attachments":[],"Outcome":1,"ErrorMessage":null,"ErrorStackTrace":null,"DisplayName":"SharpMind.Tests.Quantization.QuantizationAgreementTests.VecDot_AllTiers_Agree(dtype: Q3_K)","Messages":[],"ComputerName":"LAPTOP-MKMTSO1B","Duration":"00:00:00.2501742","StartTime":"2026-07-20T05:24:34.2936666+00:00","EndTime":"2026-07-20T05:24:34.543227+00:00","Properties":[]},{"TestCase":{"Id":"13437dae-3e37-5ffc-fcb4-2384503fb53e","FullyQualifiedName":"SharpMind.Tests.Quantization.QuantizationAgreementTests.VecDot_AllTiers_Agree","DisplayName":"SharpMind.Tests.Quantization.QuantizationAgreementTests.VecDot_AllTiers_Agree(dtype: Q5_1)","ExecutorUri":"executor://xunit/VsTestRunner3/netcore/","Source":"C:\\Integral2u\\source\\repos\\SharpMind\\SharpMind.Tests\\bin\\Debug\\net10.0\\SharpMind.Tests.dll","CodeFilePath":null,"LineNumber":0,"Properties":[{"Key":{"Id":"TestCase.ManagedMethod","Label":"ManagedMethod","Category":"","Description":"","Attributes":1,"ValueType":"System.String"},"Value":"VecDot_AllTiers_Agree"},{"Key":{"Id":"XunitTestCaseUniqueID","Label":"xUnit.net Test Case Unique ID","Category":"","Description":"","Attributes":0,"ValueType":"System.String"},"Value":"6ffce54fe0da85dfad843a6b24ccc48ecc002b9f"},{"Key":{"Id":"XunitTestCaseExplicit","Label":"xUnit.net Test Case Explicit Flag","Category":"","Description":"","Attributes":0,"ValueType":"System.Boolean"},"Value":false},{"Key":{"Id":"TestCase.ManagedType","Label":"ManagedType","Category":"","Description":"","Attributes":1,"ValueType":"System.String"},"Value":"SharpMind.Tests.Quantization.QuantizationAgreementTests"}]},"Attachments":[],"Outcome":1,"ErrorMessage":null,"ErrorStackTrace":null,"DisplayName":"SharpMind.Tests.Quantization.QuantizationAgreementTests.VecDot_AllTiers_Agree(dtype: Q5_1)","Messages":[],"ComputerName":"LAPTOP-MKMTSO1B","Duration":"00:00:00.0117382","StartTime":"2026-07-20T05:24:34.5445755+00:00","EndTime":"2026-07-20T05:24:34.5566425+00:00","Properties":[]},{"TestCase":{"Id":"5db315f0-62a1-919d-111f-3c37462badef","FullyQualifiedName":"SharpMind.Tests.Quantization.QuantizationAgreementTests.VecDot_AllTiers_Agree","DisplayName":"SharpMind.Tests.Quantization.QuantizationAgreementTests.VecDot_AllTiers_Agree(dtype: Q4_K)","ExecutorUri":"executor://xunit/VsTestRunner3/netcore/","Source":"C:\\Integral2u\\source\\repos\\SharpMind\\SharpMind.Tests\\bin\\Debug\\net10.0\\SharpMind.Tests.dll","CodeFilePath":null,"LineNumber":0,"Properties":[{"Key":{"Id":"TestCase.ManagedMethod","Label":"ManagedMethod","Category":"","Description":"","Attributes":1,"ValueType":"System.String"},"Value":"VecDot_AllTiers_Agree"},{"Key":{"Id":"XunitTestCaseUniqueID","Label":"xUnit.net Test Case Unique ID","Category":"","Description":"","Attributes":0,"ValueType":"System.String"},"Value":"80176f79ae425c4c7a7f2fa6644e0a1a43a2e656"},{"Key":{"Id":"XunitTestCaseExplicit","Label":"xUnit.net Test Case Explicit Flag","Category":"","Description":"","Attributes":0,"ValueType":"System.Boolean"},"Value":false},{"Key":{"Id":"TestCase.ManagedType","Label":"ManagedType","Category":"","Description":"","Attributes":1,"ValueType":"System.String"},"Value":"SharpMind.Tests.Quantization.QuantizationAgreementTests"}]},"Attachments":[],"Outcome":1,"ErrorMessage":null,"ErrorStackTrace":null,"DisplayName":"SharpMind.Tests.Quantization.QuantizationAgreementTests.VecDot_AllTiers_Agree(dtype: Q4_K)","Messages":[],"ComputerName":"LAPTOP-MKMTSO1B","Duration":"00:00:00.2084837","StartTime":"2026-07-20T05:24:34.5576254+00:00","EndTime":"2026-07-20T05:24:34.7664933+00:00","Properties":[]}],"TestRunStatistics":{"ExecutedTests":164,"Stats":{"Passed":164}},"ActiveTests":[{"Id":"81ea134a-c4b6-b233-cee6-351288c85aa9","FullyQualifiedName":"SharpMind.Tests.GPU.ActivationComparisonTests.MatMul_CPUAndGPU_ProduceSameResults","DisplayName":"SharpMind.Tests.GPU.ActivationComparisonTests.MatMul_CPUAndGPU_ProduceSameResults","ExecutorUri":"executor://xunit/VsTestRunner3/netcore/","Source":"C:\\Integral2u\\source\\repos\\SharpMind\\SharpMind.Tests\\bin\\Debug\\net10.0\\SharpMind.Tests.dll","CodeFilePath":null,"LineNumber":0,"Properties":[{"Key":{"Id":"TestCase.ManagedMethod","Label":"ManagedMethod","Category":"","Description":"","Attributes":1,"ValueType":"System.String"},"Value":"MatMul_CPUAndGPU_ProduceSameResults"},{"Key":{"Id":"XunitTestCaseUniqueID","Label":"xUnit.net Test Case Unique ID","Category":"","Description":"","Attributes":0,"ValueType":"System.String"},"Value":"cebfcaad25a422b506365ca5ace2d1d87bd23481"},{"Key":{"Id":"XunitTestCaseExplicit","Label":"xUnit.net Test Case Explicit Flag","Category":"","Description":"","Attributes":0,"ValueType":"System.Boolean"},"Value":false},{"Key":{"Id":"TestCase.ManagedType","Label":"ManagedType","Category":"","Description":"","Attributes":1,"ValueType":"System.String"},"Value":"SharpMind.Tests.GPU.ActivationComparisonTests"}]},{"Id":"f9e3817b-dbbc-83ff-7010-807678cae1af","FullyQualifiedName":"SharpMind.Tests.Quantization.QuantizationAgreementTests.VecDot_AllTiers_Agree","DisplayName":"SharpMind.Tests.Quantization.QuantizationAgreementTests.VecDot_AllTiers_Agree(dtype: Q5_K)","ExecutorUri":"executor://xunit/VsTestRunner3/netcore/","Source":"C:\\Integral2u\\source\\repos\\SharpMind\\SharpMind.Tests\\bin\\Debug\\net10.0\\SharpMind.Tests.dll","CodeFilePath":null,"LineNumber":0,"Properties":[{"Key":{"Id":"TestCase.ManagedMethod","Label":"ManagedMethod","Category":"","Description":"","Attributes":1,"ValueType":"System.String"},"Value":"VecDot_AllTiers_Agree"},{"Key":{"Id":"XunitTestCaseUniqueID","Label":"xUnit.net Test Case Unique ID","Category":"","Description":"","Attributes":0,"ValueType":"System.String"},"Value":"994a7e7b8d5db56567025b9aedc57297df7e5c51"},{"Key":{"Id":"XunitTestCaseExplicit","Label":"xUnit.net Test Case Explicit Flag","Category":"","Description":"","Attributes":0,"ValueType":"System.Boolean"},"Value":false},{"Key":{"Id":"TestCase.ManagedType","Label":"ManagedType","Category":"","Description":"","Attributes":1,"ValueType":"System.String"},"Value":"SharpMind.Tests.Quantization.QuantizationAgreementTests"}]}]}}
TpTrace Verbose: 0 : 2820, 13, 2026/07/20, 17:24:34.778, 364636525851, vstest.console.dll, TestRunRequest:SendTestRunStatsChange: Starting.
TpTrace Verbose: 0 : 2820, 13, 2026/07/20, 17:24:34.778, 364636526852, vstest.console.dll, InProgress is SharpMind.Tests.GPU.ActivationComparisonTests.MatMul_CPUAndGPU_ProduceSameResults
TpTrace Verbose: 0 : 2820, 13, 2026/07/20, 17:24:34.778, 364636527231, vstest.console.dll, InProgress is SharpMind.Tests.Quantization.QuantizationAgreementTests.VecDot_AllTiers_Agree(dtype: Q5_K)
TpTrace Verbose: 0 : 2820, 13, 2026/07/20, 17:24:34.778, 364636527959, vstest.console.dll, MulticastDelegateUtilities.SafeInvoke: TestRun.RunStatsChanged: Invoking callbacks was skipped because there are no subscribers.
TpTrace Information: 0 : 2820, 13, 2026/07/20, 17:24:34.778, 364636528463, vstest.console.dll, TestRunRequest:SendTestRunStatsChange: Completed.
TpTrace Verbose: 0 : 2820, 4, 2026/07/20, 17:24:34.778, 364636528640, vstest.console.dll, MulticastDelegateUtilities.SafeInvoke: InternalTestLoggerEvents.SendTestResult: Invoking callback 1/1 for Microsoft.VisualStudio.TestPlatform.CommandLine.Internal.ConsoleLogger., took 0 ms.
TpTrace Verbose: 0 : 2820, 13, 2026/07/20, 17:24:34.778, 364636529313, vstest.console.dll, MulticastDelegateUtilities.SafeInvoke: LengthPrefixCommunicationChannel: MessageReceived: Invoking callback 1/1 for Microsoft.VisualStudio.TestPlatform.CommunicationUtilities.TestRequestSender+<>c__DisplayClass34_0., took 2 ms.
TpTrace Verbose: 0 : 2820, 4, 2026/07/20, 17:24:34.778, 364636529400, vstest.console.dll, MulticastDelegateUtilities.SafeInvoke: InternalTestLoggerEvents.SendTestResult: Invoking callback 1/1 for Microsoft.VisualStudio.TestPlatform.CommandLine.Internal.ConsoleLogger., took 0 ms.
TpTrace Verbose: 0 : 2820, 13, 2026/07/20, 17:24:34.778, 364636529868, vstest.console.dll, TcpClientExtensions.MessageLoopAsync: Polling on remoteEndPoint: 127.0.0.1:55546 localEndPoint: 127.0.0.1:55545 after 225 ms
TpTrace Verbose: 0 : 2820, 4, 2026/07/20, 17:24:34.778, 364636530393, vstest.console.dll, MulticastDelegateUtilities.SafeInvoke: InternalTestLoggerEvents.SendTestResult: Invoking callback 1/1 for Microsoft.VisualStudio.TestPlatform.CommandLine.Internal.ConsoleLogger., took 0 ms.
TpTrace Verbose: 0 : 2820, 4, 2026/07/20, 17:24:34.778, 364636531313, vstest.console.dll, MulticastDelegateUtilities.SafeInvoke: InternalTestLoggerEvents.SendTestResult: Invoking callback 1/1 for Microsoft.VisualStudio.TestPlatform.CommandLine.Internal.ConsoleLogger., took 0 ms.
TpTrace Verbose: 0 : 2820, 4, 2026/07/20, 17:24:34.778, 364636531844, vstest.console.dll, MulticastDelegateUtilities.SafeInvoke: InternalTestLoggerEvents.SendTestResult: Invoking callback 1/1 for Microsoft.VisualStudio.TestPlatform.CommandLine.Internal.ConsoleLogger., took 0 ms.
TpTrace Verbose: 0 : 2820, 4, 2026/07/20, 17:24:34.778, 364636532421, vstest.console.dll, MulticastDelegateUtilities.SafeInvoke: InternalTestLoggerEvents.SendTestResult: Invoking callback 1/1 for Microsoft.VisualStudio.TestPlatform.CommandLine.Internal.ConsoleLogger., took 0 ms.
TpTrace Verbose: 0 : 2820, 4, 2026/07/20, 17:24:34.778, 364636533024, vstest.console.dll, MulticastDelegateUtilities.SafeInvoke: InternalTestLoggerEvents.SendTestResult: Invoking callback 1/1 for Microsoft.VisualStudio.TestPlatform.CommandLine.Internal.ConsoleLogger., took 0 ms.
TpTrace Verbose: 0 : 2820, 4, 2026/07/20, 17:24:34.778, 364636533758, vstest.console.dll, MulticastDelegateUtilities.SafeInvoke: InternalTestLoggerEvents.SendTestResult: Invoking callback 1/1 for Microsoft.VisualStudio.TestPlatform.CommandLine.Internal.ConsoleLogger., took 0 ms.
TpTrace Verbose: 0 : 2820, 13, 2026/07/20, 17:24:35.021, 364638961956, vstest.console.dll, TcpClientExtensions.MessageLoopAsync: NotifyDataAvailable remoteEndPoint: 127.0.0.1:55546 localEndPoint: 127.0.0.1:55545
TpTrace Verbose: 0 : 2820, 13, 2026/07/20, 17:24:35.022, 364638966818, vstest.console.dll, TestRequestSender.OnExecutionMessageReceived: Received message: {"Version":7,"MessageType":"TestExecution.StatsChange","Payload":{"NewTestResults":[{"TestCase":{"Id":"0c7dd9b8-0e79-6ae2-590a-f6672b19386c","FullyQualifiedName":"SharpMind.Tests.Chat.JinjaTemplateFormatterTests.Eval_Namespace_MutationAcrossScope","DisplayName":"SharpMind.Tests.Chat.JinjaTemplateFormatterTests.Eval_Namespace_MutationAcrossScope","ExecutorUri":"executor://xunit/VsTestRunner3/netcore/","Source":"C:\\Integral2u\\source\\repos\\SharpMind\\SharpMind.Tests\\bin\\Debug\\net10.0\\SharpMind.Tests.dll","CodeFilePath":null,"LineNumber":0,"Properties":[{"Key":{"Id":"TestCase.ManagedMethod","Label":"ManagedMethod","Category":"","Description":"","Attributes":1,"ValueType":"System.String"},"Value":"Eval_Namespace_MutationAcrossScope"},{"Key":{"Id":"XunitTestCaseUniqueID","Label":"xUnit.net Test Case Unique ID","Category":"","Description":"","Attributes":0,"ValueType":"System.String"},"Value":"12dfcc0440b78ddd363951cda0ac2762201c0c49"},{"Key":{"Id":"XunitTestCaseExplicit","Label":"xUnit.net Test Case Explicit Flag","Category":"","Description":"","Attributes":0,"ValueType":"System.Boolean"},"Value":false},{"Key":{"Id":"TestCase.ManagedType","Label":"ManagedType","Category":"","Description":"","Attributes":1,"ValueType":"System.String"},"Value":"SharpMind.Tests.Chat.JinjaTemplateFormatterTests"}]},"Attachments":[],"Outcome":1,"ErrorMessage":null,"ErrorStackTrace":null,"DisplayName":"SharpMind.Tests.Chat.JinjaTemplateFormatterTests.Eval_Namespace_MutationAcrossScope","Messages":[],"ComputerName":"LAPTOP-MKMTSO1B","Duration":"00:00:01.4384610","StartTime":"2026-07-20T05:24:33.4988845+00:00","EndTime":"2026-07-20T05:24:34.9376172+00:00","Properties":[]},{"TestCase":{"Id":"d49924d5-daac-694e-4547-371ca26fee0a","FullyQualifiedName":"SharpMind.Tests.Chat.JinjaTemplateFormatterTests.Llama3_MultiTurn_AllMessagesFormatted","DisplayName":"SharpMind.Tests.Chat.JinjaTemplateFormatterTests.Llama3_MultiTurn_AllMessagesFormatted","ExecutorUri":"executor://xunit/VsTestRunner3/netcore/","Source":"C:\\Integral2u\\source\\repos\\SharpMind\\SharpMind.Tests\\bin\\Debug\\net10.0\\SharpMind.Tests.dll","CodeFilePath":null,"LineNumber":0,"Properties":[{"Key":{"Id":"TestCase.ManagedMethod","Label":"ManagedMethod","Category":"","Description":"","Attributes":1,"ValueType":"System.String"},"Value":"Llama3_MultiTurn_AllMessagesFormatted"},{"Key":{"Id":"XunitTestCaseUniqueID","Label":"xUnit.net Test Case Unique ID","Category":"","Description":"","Attributes":0,"ValueType":"System.String"},"Value":"1752399c054cfd6bc1858c992a93025ffbb04c88"},{"Key":{"Id":"XunitTestCaseExplicit","Label":"xUnit.net Test Case Explicit Flag","Category":"","Description":"","Attributes":0,"ValueType":"System.Boolean"},"Value":false},{"Key":{"Id":"TestCase.ManagedType","Label":"ManagedType","Category":"","Description":"","Attributes":1,"ValueType":"System.String"},"Value":"SharpMind.Tests.Chat.JinjaTemplateFormatterTests"}]},"Attachments":[],"Outcome":1,"ErrorMessage":null,"ErrorStackTrace":null,"DisplayName":"SharpMind.Tests.Chat.JinjaTemplateFormatterTests.Llama3_MultiTurn_AllMessagesFormatted","Messages":[],"ComputerName":"LAPTOP-MKMTSO1B","Duration":"00:00:00.0681501","StartTime":"2026-07-20T05:24:34.9388693+00:00","EndTime":"2026-07-20T05:24:35.0073223+00:00","Properties":[]},{"TestCase":{"Id":"a7c3f275-d2aa-c0ed-c904-5c2b226f6010","FullyQualifiedName":"SharpMind.Tests.Chat.JinjaTemplateFormatterTests.SmolLM2_SingleUserMessage_InjectsDefaultSystemAndAssistantPrompt","DisplayName":"SharpMind.Tests.Chat.JinjaTemplateFormatterTests.SmolLM2_SingleUserMessage_InjectsDefaultSystemAndAssistantPrompt","ExecutorUri":"executor://xunit/VsTestRunner3/netcore/","Source":"C:\\Integral2u\\source\\repos\\SharpMind\\SharpMind.Tests\\bin\\Debug\\net10.0\\SharpMind.Tests.dll","CodeFilePath":null,"LineNumber":0,"Properties":[{"Key":{"Id":"TestCase.ManagedMethod","Label":"ManagedMethod","Category":"","Description":"","Attributes":1,"ValueType":"System.String"},"Value":"SmolLM2_SingleUserMessage_InjectsDefaultSystemAndAssistantPrompt"},{"Key":{"Id":"XunitTestCaseUniqueID","Label":"xUnit.net Test Case Unique ID","Category":"","Description":"","Attributes":0,"ValueType":"System.String"},"Value":"4b146f77fccbe47f88eb3ef39135d4bfcfb930f0"},{"Key":{"Id":"XunitTestCaseExplicit","Label":"xUnit.net Test Case Explicit Flag","Category":"","Description":"","Attributes":0,"ValueType":"System.Boolean"},"Value":false},{"Key":{"Id":"TestCase.ManagedType","Label":"ManagedType","Category":"","Description":"","Attributes":1,"ValueType":"System.String"},"Value":"SharpMind.Tests.Chat.JinjaTemplateFormatterTests"}]},"Attachments":[],"Outcome":1,"ErrorMessage":null,"ErrorStackTrace":null,"DisplayName":"SharpMind.Tests.Chat.JinjaTemplateFormatterTests.SmolLM2_SingleUserMessage_InjectsDefaultSystemAndAssistantPrompt","Messages":[],"ComputerName":"LAPTOP-MKMTSO1B","Duration":"00:00:00.0009840","StartTime":"2026-07-20T05:24:35.008182+00:00","EndTime":"2026-07-20T05:24:35.0083708+00:00","Properties":[]},{"TestCase":{"Id":"610dd9a0-21d8-b994-7f3a-e0abf7b89054","FullyQualifiedName":"SharpMind.Tests.Chat.JinjaTemplateFormatterTests.Eval_SplitLastSegment_Works","DisplayName":"SharpMind.Tests.Chat.JinjaTemplateFormatterTests.Eval_SplitLastSegment_Works","ExecutorUri":"executor://xunit/VsTestRunner3/netcore/","Source":"C:\\Integral2u\\source\\repos\\SharpMind\\SharpMind.Tests\\bin\\Debug\\net10.0\\SharpMind.Tests.dll","CodeFilePath":null,"LineNumber":0,"Properties":[{"Key":{"Id":"TestCase.ManagedMethod","Label":"ManagedMethod","Category":"","Description":"","Attributes":1,"ValueType":"System.String"},"Value":"Eval_SplitLastSegment_Works"},{"Key":{"Id":"XunitTestCaseUniqueID","Label":"xUnit.net Test Case Unique ID","Category":"","Description":"","Attributes":0,"ValueType":"System.String"},"Value":"54f8206cd5c0a4257be6044b4b37cd42595e9f77"},{"Key":{"Id":"XunitTestCaseExplicit","Label":"xUnit.net Test Case Explicit Flag","Category":"","Description":"","Attributes":0,"ValueType":"System.Boolean"},"Value":false},{"Key":{"Id":"TestCase.ManagedType","Label":"ManagedType","Category":"","Description":"","Attributes":1,"ValueType":"System.String"},"Value":"SharpMind.Tests.Chat.JinjaTemplateFormatterTests"}]},"Attachments":[],"Outcome":1,"ErrorMessage":null,"ErrorStackTrace":null,"DisplayName":"SharpMind.Tests.Chat.JinjaTemplateFormatterTests.Eval_SplitLastSegment_Works","Messages":[],"ComputerName":"LAPTOP-MKMTSO1B","Duration":"00:00:00.0004678","StartTime":"2026-07-20T05:24:35.0090983+00:00","EndTime":"2026-07-20T05:24:35.0093185+00:00","Properties":[]},{"TestCase":{"Id":"7fa007ed-86ce-a5d3-e65b-7f89d6ba2f44","FullyQualifiedName":"SharpMind.Tests.Chat.JinjaTemplateFormatterTests.SmolLM2_ExplicitSystemMessage_NoInjectedDefault","DisplayName":"SharpMind.Tests.Chat.JinjaTemplateFormatterTests.SmolLM2_ExplicitSystemMessage_NoInjectedDefault","ExecutorUri":"executor://xunit/VsTestRunner3/netcore/","Source":"C:\\Integral2u\\source\\repos\\SharpMind\\SharpMind.Tests\\bin\\Debug\\net10.0\\SharpMind.Tests.dll","CodeFilePath":null,"LineNumber":0,"Properties":[{"Key":{"Id":"TestCase.ManagedMethod","Label":"ManagedMethod","Category":"","Description":"","Attributes":1,"ValueType":"System.String"},"Value":"SmolLM2_ExplicitSystemMessage_NoInjectedDefault"},{"Key":{"Id":"XunitTestCaseUniqueID","Label":"xUnit.net Test Case Unique ID","Category":"","Description":"","Attributes":0,"ValueType":"System.String"},"Value":"5d084b2a5d85208f47697ca2158e6140fb4c3211"},{"Key":{"Id":"XunitTestCaseExplicit","Label":"xUnit.net Test Case Explicit Flag","Category":"","Description":"","Attributes":0,"ValueType":"System.Boolean"},"Value":false},{"Key":{"Id":"TestCase.ManagedType","Label":"ManagedType","Category":"","Description":"","Attributes":1,"ValueType":"System.String"},"Value":"SharpMind.Tests.Chat.JinjaTemplateFormatterTests"}]},"Attachments":[],"Outcome":1,"ErrorMessage":null,"ErrorStackTrace":null,"DisplayName":"SharpMind.Tests.Chat.JinjaTemplateFormatterTests.SmolLM2_ExplicitSystemMessage_NoInjectedDefault","Messages":[],"ComputerName":"LAPTOP-MKMTSO1B","Duration":"00:00:00.0025450","StartTime":"2026-07-20T05:24:35.0104659+00:00","EndTime":"2026-07-20T05:24:35.0123728+00:00","Properties":[]},{"TestCase":{"Id":"c1aa2d79-a0a5-e9ba-6be5-905259635847","FullyQualifiedName":"SharpMind.Tests.Chat.JinjaTemplateFormatterTests.Llama3_SingleUserMessage_MatchesGolden","DisplayName":"SharpMind.Tests.Chat.JinjaTemplateFormatterTests.Llama3_SingleUserMessage_MatchesGolden","ExecutorUri":"executor://xunit/VsTestRunner3/netcore/","Source":"C:\\Integral2u\\source\\repos\\SharpMind\\SharpMind.Tests\\bin\\Debug\\net10.0\\SharpMind.Tests.dll","CodeFilePath":null,"LineNumber":0,"Properties":[{"Key":{"Id":"TestCase.ManagedMethod","Label":"ManagedMethod","Category":"","Description":"","Attributes":1,"ValueType":"System.String"},"Value":"Llama3_SingleUserMessage_MatchesGolden"},{"Key":{"Id":"XunitTestCaseUniqueID","Label":"xUnit.net Test Case Unique ID","Category":"","Description":"","Attributes":0,"ValueType":"System.String"},"Value":"6318d1ce66ffa19986bfdae028f29fd4a28c6c7c"},{"Key":{"Id":"XunitTestCaseExplicit","Label":"xUnit.net Test Case Explicit Flag","Category":"","Description":"","Attributes":0,"ValueType":"System.Boolean"},"Value":false},{"Key":{"Id":"TestCase.ManagedType","Label":"ManagedType","Category":"","Description":"","Attributes":1,"ValueType":"System.String"},"Value":"SharpMind.Tests.Chat.JinjaTemplateFormatterTests"}]},"Attachments":[],"Outcome":1,"ErrorMessage":null,"ErrorStackTrace":null,"DisplayName":"SharpMind.Tests.Chat.JinjaTemplateFormatterTests.Llama3_SingleUserMessage_MatchesGolden","Messages":[],"ComputerName":"LAPTOP-MKMTSO1B","Duration":"00:00:00.0007756","StartTime":"2026-07-20T05:24:35.0132389+00:00","EndTime":"2026-07-20T05:24:35.013375+00:00","Properties":[]},{"TestCase":{"Id":"c9f5fba1-e702-6633-75f0-8e8bcb64c497","FullyQualifiedName":"SharpMind.Tests.Chat.JinjaTemplateFormatterTests.Eval_InOperator_SubstringFound","DisplayName":"SharpMind.Tests.Chat.JinjaTemplateFormatterTests.Eval_InOperator_SubstringFound","ExecutorUri":"executor://xunit/VsTestRunner3/netcore/","Source":"C:\\Integral2u\\source\\repos\\SharpMind\\SharpMind.Tests\\bin\\Debug\\net10.0\\SharpMind.Tests.dll","CodeFilePath":null,"LineNumber":0,"Properties":[{"Key":{"Id":"TestCase.ManagedMethod","Label":"ManagedMethod","Category":"","Description":"","Attributes":1,"ValueType":"System.String"},"Value":"Eval_InOperator_SubstringFound"},{"Key":{"Id":"XunitTestCaseUniqueID","Label":"xUnit.net Test Case Unique ID","Category":"","Description":"","Attributes":0,"ValueType":"System.String"},"Value":"6d925fb161b5de7985bf30d3e2622c913d23d340"},{"Key":{"Id":"XunitTestCaseExplicit","Label":"xUnit.net Test Case Explicit Flag","Category":"","Description":"","Attributes":0,"ValueType":"System.Boolean"},"Value":false},{"Key":{"Id":"TestCase.ManagedType","Label":"ManagedType","Category":"","Description":"","Attributes":1,"ValueType":"System.String"},"Value":"SharpMind.Tests.Chat.JinjaTemplateFormatterTests"}]},"Attachments":[],"Outcome":1,"ErrorMessage":null,"ErrorStackTrace":null,"DisplayName":"SharpMind.Tests.Chat.JinjaTemplateFormatterTests.Eval_InOperator_SubstringFound","Messages":[],"ComputerName":"LAPTOP-MKMTSO1B","Duration":"00:00:00.0003247","StartTime":"2026-07-20T05:24:35.0141543+00:00","EndTime":"2026-07-20T05:24:35.0143006+00:00","Properties":[]},{"TestCase":{"Id":"f3b2a5e4-427f-2cb9-1650-8170dc1a84d4","FullyQualifiedName":"SharpMind.Tests.Chat.JinjaTemplateFormatterTests.Factory_EmptyTemplate_ReturnsFallback","DisplayName":"SharpMind.Tests.Chat.JinjaTemplateFormatterTests.Factory_EmptyTemplate_ReturnsFallback","ExecutorUri":"executor://xunit/VsTestRunner3/netcore/","Source":"C:\\Integral2u\\source\\repos\\SharpMind\\SharpMind.Tests\\bin\\Debug\\net10.0\\SharpMind.Tests.dll","CodeFilePath":null,"LineNumber":0,"Properties":[{"Key":{"Id":"TestCase.ManagedMethod","Label":"ManagedMethod","Category":"","Description":"","Attributes":1,"ValueType":"System.String"},"Value":"Factory_EmptyTemplate_ReturnsFallback"},{"Key":{"Id":"XunitTestCaseUniqueID","Label":"xUnit.net Test Case Unique ID","Category":"","Description":"","Attributes":0,"ValueType":"System.String"},"Value":"716facb7ca688d40eead4e32b15aca255120f73c"},{"Key":{"Id":"XunitTestCaseExplicit","Label":"xUnit.net Test Case Explicit Flag","Category":"","Description":"","Attributes":0,"ValueType":"System.Boolean"},"Value":false},{"Key":{"Id":"TestCase.ManagedType","Label":"ManagedType","Category":"","Description":"","Attributes":1,"ValueType":"System.String"},"Value":"SharpMind.Tests.Chat.JinjaTemplateFormatterTests"}]},"Attachments":[],"Outcome":1,"ErrorMessage":null,"ErrorStackTrace":null,"DisplayName":"SharpMind.Tests.Chat.JinjaTemplateFormatterTests.Factory_EmptyTemplate_ReturnsFallback","Messages":[],"ComputerName":"LAPTOP-MKMTSO1B","Duration":"00:00:00.0013320","StartTime":"2026-07-20T05:24:35.0150438+00:00","EndTime":"2026-07-20T05:24:35.0151697+00:00","Properties":[]},{"TestCase":{"Id":"234ea69a-398d-3e8a-8e5d-0e8a6526d33c","FullyQualifiedName":"SharpMind.Tests.Chat.JinjaTemplateFormatterTests.Factory_NullTemplate_ReturnsFallback","DisplayName":"SharpMind.Tests.Chat.JinjaTemplateFormatterTests.Factory_NullTemplate_ReturnsFallback","ExecutorUri":"executor://xunit/VsTestRunner3/netcore/","Source":"C:\\Integral2u\\source\\repos\\SharpMind\\SharpMind.Tests\\bin\\Debug\\net10.0\\SharpMind.Tests.dll","CodeFilePath":null,"LineNumber":0,"Properties":[{"Key":{"Id":"TestCase.ManagedMethod","Label":"ManagedMethod","Category":"","Description":"","Attributes":1,"ValueType":"System.String"},"Value":"Factory_NullTemplate_ReturnsFallback"},{"Key":{"Id":"XunitTestCaseUniqueID","Label":"xUnit.net Test Case Unique ID","Category":"","Description":"","Attributes":0,"ValueType":"System.String"},"Value":"726525d77e4048e9f14aaae3c5d0afb247aa80e6"},{"Key":{"Id":"XunitTestCaseExplicit","Label":"xUnit.net Test Case Explicit Flag","Category":"","Description":"","Attributes":0,"ValueType":"System.Boolean"},"Value":false},{"Key":{"Id":"TestCase.ManagedType","Label":"ManagedType","Category":"","Description":"","Attributes":1,"ValueType":"System.String"},"Value":"SharpMind.Tests.Chat.JinjaTemplateFormatterTests"}]},"Attachments":[],"Outcome":1,"ErrorMessage":null,"ErrorStackTrace":null,"DisplayName":"SharpMind.Tests.Chat.JinjaTemplateFormatterTests.Factory_NullTemplate_ReturnsFallback","Messages":[],"ComputerName":"LAPTOP-MKMTSO1B","Duration":"00:00:00.0002271","StartTime":"2026-07-20T05:24:35.0158669+00:00","EndTime":"2026-07-20T05:24:35.0159981+00:00","Properties":[]}],"TestRunStatistics":{"ExecutedTests":173,"Stats":{"Passed":173}},"ActiveTests":[{"Id":"73ef88bb-d319-88bf-7fdc-c4338e5719a0","FullyQualifiedName":"SharpMind.Tests.Chat.JinjaTemplateFormatterTests.Qwen2_MultiTurn_FormatsAllRoles","DisplayName":"SharpMind.Tests.Chat.JinjaTemplateFormatterTests.Qwen2_MultiTurn_FormatsAllRoles","ExecutorUri":"executor://xunit/VsTestRunner3/netcore/","Source":"C:\\Integral2u\\source\\repos\\SharpMind\\SharpMind.Tests\\bin\\Debug\\net10.0\\SharpMind.Tests.dll","CodeFilePath":null,"LineNumber":0,"Properties":[{"Key":{"Id":"TestCase.ManagedMethod","Label":"ManagedMethod","Category":"","Description":"","Attributes":1,"ValueType":"System.String"},"Value":"Qwen2_MultiTurn_FormatsAllRoles"},{"Key":{"Id":"XunitTestCaseUniqueID","Label":"xUnit.net Test Case Unique ID","Category":"","Description":"","Attributes":0,"ValueType":"System.String"},"Value":"73388b694f797a32aa94138a8278cae538ad5157"},{"Key":{"Id":"XunitTestCaseExplicit","Label":"xUnit.net Test Case Explicit Flag","Category":"","Description":"","Attributes":0,"ValueType":"System.Boolean"},"Value":false},{"Key":{"Id":"TestCase.ManagedType","Label":"ManagedType","Category":"","Description":"","Attributes":1,"ValueType":"System.String"},"Value":"SharpMind.Tests.Chat.JinjaTemplateFormatterTests"}]}]}}
TpTrace Verbose: 0 : 2820, 13, 2026/07/20, 17:24:35.024, 364638988212, vstest.console.dll, TestRunRequest:SendTestRunStatsChange: Starting.
TpTrace Verbose: 0 : 2820, 13, 2026/07/20, 17:24:35.024, 364638989601, vstest.console.dll, InProgress is SharpMind.Tests.Chat.JinjaTemplateFormatterTests.Qwen2_MultiTurn_FormatsAllRoles
TpTrace Verbose: 0 : 2820, 13, 2026/07/20, 17:24:35.024, 364638990450, vstest.console.dll, MulticastDelegateUtilities.SafeInvoke: TestRun.RunStatsChanged: Invoking callbacks was skipped because there are no subscribers.
TpTrace Information: 0 : 2820, 13, 2026/07/20, 17:24:35.024, 364638990939, vstest.console.dll, TestRunRequest:SendTestRunStatsChange: Completed.
TpTrace Verbose: 0 : 2820, 4, 2026/07/20, 17:24:35.024, 364638990989, vstest.console.dll, MulticastDelegateUtilities.SafeInvoke: InternalTestLoggerEvents.SendTestResult: Invoking callback 1/1 for Microsoft.VisualStudio.TestPlatform.CommandLine.Internal.ConsoleLogger., took 0 ms.
TpTrace Verbose: 0 : 2820, 13, 2026/07/20, 17:24:35.024, 364638991431, vstest.console.dll, MulticastDelegateUtilities.SafeInvoke: LengthPrefixCommunicationChannel: MessageReceived: Invoking callback 1/1 for Microsoft.VisualStudio.TestPlatform.CommunicationUtilities.TestRequestSender+<>c__DisplayClass34_0., took 2 ms.
TpTrace Verbose: 0 : 2820, 4, 2026/07/20, 17:24:35.024, 364638992130, vstest.console.dll, MulticastDelegateUtilities.SafeInvoke: InternalTestLoggerEvents.SendTestResult: Invoking callback 1/1 for Microsoft.VisualStudio.TestPlatform.CommandLine.Internal.ConsoleLogger., took 0 ms.
TpTrace Verbose: 0 : 2820, 13, 2026/07/20, 17:24:35.024, 364638992567, vstest.console.dll, TcpClientExtensions.MessageLoopAsync: Polling on remoteEndPoint: 127.0.0.1:55546 localEndPoint: 127.0.0.1:55545 after 246 ms
TpTrace Verbose: 0 : 2820, 4, 2026/07/20, 17:24:35.024, 364638993414, vstest.console.dll, MulticastDelegateUtilities.SafeInvoke: InternalTestLoggerEvents.SendTestResult: Invoking callback 1/1 for Microsoft.VisualStudio.TestPlatform.CommandLine.Internal.ConsoleLogger., took 0 ms.
TpTrace Verbose: 0 : 2820, 4, 2026/07/20, 17:24:35.025, 364638994415, vstest.console.dll, MulticastDelegateUtilities.SafeInvoke: InternalTestLoggerEvents.SendTestResult: Invoking callback 1/1 for Microsoft.VisualStudio.TestPlatform.CommandLine.Internal.ConsoleLogger., took 0 ms.
TpTrace Verbose: 0 : 2820, 4, 2026/07/20, 17:24:35.025, 364638995072, vstest.console.dll, MulticastDelegateUtilities.SafeInvoke: InternalTestLoggerEvents.SendTestResult: Invoking callback 1/1 for Microsoft.VisualStudio.TestPlatform.CommandLine.Internal.ConsoleLogger., took 0 ms.
TpTrace Verbose: 0 : 2820, 4, 2026/07/20, 17:24:35.025, 364638995686, vstest.console.dll, MulticastDelegateUtilities.SafeInvoke: InternalTestLoggerEvents.SendTestResult: Invoking callback 1/1 for Microsoft.VisualStudio.TestPlatform.CommandLine.Internal.ConsoleLogger., took 0 ms.
TpTrace Verbose: 0 : 2820, 4, 2026/07/20, 17:24:35.025, 364638996309, vstest.console.dll, MulticastDelegateUtilities.SafeInvoke: InternalTestLoggerEvents.SendTestResult: Invoking callback 1/1 for Microsoft.VisualStudio.TestPlatform.CommandLine.Internal.ConsoleLogger., took 0 ms.
TpTrace Verbose: 0 : 2820, 4, 2026/07/20, 17:24:35.025, 364638996938, vstest.console.dll, MulticastDelegateUtilities.SafeInvoke: InternalTestLoggerEvents.SendTestResult: Invoking callback 1/1 for Microsoft.VisualStudio.TestPlatform.CommandLine.Internal.ConsoleLogger., took 0 ms.
TpTrace Verbose: 0 : 2820, 4, 2026/07/20, 17:24:35.025, 364638997585, vstest.console.dll, MulticastDelegateUtilities.SafeInvoke: InternalTestLoggerEvents.SendTestResult: Invoking callback 1/1 for Microsoft.VisualStudio.TestPlatform.CommandLine.Internal.ConsoleLogger., took 0 ms.
TpTrace Verbose: 0 : 2820, 13, 2026/07/20, 17:24:35.047, 364639218126, vstest.console.dll, TcpClientExtensions.MessageLoopAsync: NotifyDataAvailable remoteEndPoint: 127.0.0.1:55546 localEndPoint: 127.0.0.1:55545
TpTrace Verbose: 0 : 2820, 13, 2026/07/20, 17:24:35.047, 364639221530, vstest.console.dll, TestRequestSender.OnExecutionMessageReceived: Received message: {"Version":7,"MessageType":"TestExecution.StatsChange","Payload":{"NewTestResults":[{"TestCase":{"Id":"73ef88bb-d319-88bf-7fdc-c4338e5719a0","FullyQualifiedName":"SharpMind.Tests.Chat.JinjaTemplateFormatterTests.Qwen2_MultiTurn_FormatsAllRoles","DisplayName":"SharpMind.Tests.Chat.JinjaTemplateFormatterTests.Qwen2_MultiTurn_FormatsAllRoles","ExecutorUri":"executor://xunit/VsTestRunner3/netcore/","Source":"C:\\Integral2u\\source\\repos\\SharpMind\\SharpMind.Tests\\bin\\Debug\\net10.0\\SharpMind.Tests.dll","CodeFilePath":null,"LineNumber":0,"Properties":[{"Key":{"Id":"TestCase.ManagedMethod","Label":"ManagedMethod","Category":"","Description":"","Attributes":1,"ValueType":"System.String"},"Value":"Qwen2_MultiTurn_FormatsAllRoles"},{"Key":{"Id":"XunitTestCaseUniqueID","Label":"xUnit.net Test Case Unique ID","Category":"","Description":"","Attributes":0,"ValueType":"System.String"},"Value":"73388b694f797a32aa94138a8278cae538ad5157"},{"Key":{"Id":"XunitTestCaseExplicit","Label":"xUnit.net Test Case Explicit Flag","Category":"","Description":"","Attributes":0,"ValueType":"System.Boolean"},"Value":false},{"Key":{"Id":"TestCase.ManagedType","Label":"ManagedType","Category":"","Description":"","Attributes":1,"ValueType":"System.String"},"Value":"SharpMind.Tests.Chat.JinjaTemplateFormatterTests"}]},"Attachments":[],"Outcome":1,"ErrorMessage":null,"ErrorStackTrace":null,"DisplayName":"SharpMind.Tests.Chat.JinjaTemplateFormatterTests.Qwen2_MultiTurn_FormatsAllRoles","Messages":[],"ComputerName":"LAPTOP-MKMTSO1B","Duration":"00:00:00.0013644","StartTime":"2026-07-20T05:24:35.0220669+00:00","EndTime":"2026-07-20T05:24:35.0223287+00:00","Properties":[]},{"TestCase":{"Id":"667b99ac-e63b-c238-22ac-7e892f29a720","FullyQualifiedName":"SharpMind.Tests.Chat.JinjaTemplateFormatterTests.TinyLlama_SystemAndUser_BothFormatted","DisplayName":"SharpMind.Tests.Chat.JinjaTemplateFormatterTests.TinyLlama_SystemAndUser_BothFormatted","ExecutorUri":"executor://xunit/VsTestRunner3/netcore/","Source":"C:\\Integral2u\\source\\repos\\SharpMind\\SharpMind.Tests\\bin\\Debug\\net10.0\\SharpMind.Tests.dll","CodeFilePath":null,"LineNumber":0,"Properties":[{"Key":{"Id":"TestCase.ManagedMethod","Label":"ManagedMethod","Category":"","Description":"","Attributes":1,"ValueType":"System.String"},"Value":"TinyLlama_SystemAndUser_BothFormatted"},{"Key":{"Id":"XunitTestCaseUniqueID","Label":"xUnit.net Test Case Unique ID","Category":"","Description":"","Attributes":0,"ValueType":"System.String"},"Value":"96df62ce9b8f1cf27f767cd8af281754f79a8644"},{"Key":{"Id":"XunitTestCaseExplicit","Label":"xUnit.net Test Case Explicit Flag","Category":"","Description":"","Attributes":0,"ValueType":"System.Boolean"},"Value":false},{"Key":{"Id":"TestCase.ManagedType","Label":"ManagedType","Category":"","Description":"","Attributes":1,"ValueType":"System.String"},"Value":"SharpMind.Tests.Chat.JinjaTemplateFormatterTests"}]},"Attachments":[],"Outcome":1,"ErrorMessage":null,"ErrorStackTrace":null,"DisplayName":"SharpMind.Tests.Chat.JinjaTemplateFormatterTests.TinyLlama_SystemAndUser_BothFormatted","Messages":[],"ComputerName":"LAPTOP-MKMTSO1B","Duration":"00:00:00.0105705","StartTime":"2026-07-20T05:24:35.0238898+00:00","EndTime":"2026-07-20T05:24:35.0275276+00:00","Properties":[]},{"TestCase":{"Id":"de778138-572a-7dcb-f85e-2dab1740f4f8","FullyQualifiedName":"SharpMind.Tests.Chat.JinjaTemplateFormatterTests.Eval_StringConcat_Works","DisplayName":"SharpMind.Tests.Chat.JinjaTemplateFormatterTests.Eval_StringConcat_Works","ExecutorUri":"executor://xunit/VsTestRunner3/netcore/","Source":"C:\\Integral2u\\source\\repos\\SharpMind\\SharpMind.Tests\\bin\\Debug\\net10.0\\SharpMind.Tests.dll","CodeFilePath":null,"LineNumber":0,"Properties":[{"Key":{"Id":"TestCase.ManagedMethod","Label":"ManagedMethod","Category":"","Description":"","Attributes":1,"ValueType":"System.String"},"Value":"Eval_StringConcat_Works"},{"Key":{"Id":"XunitTestCaseUniqueID","Label":"xUnit.net Test Case Unique ID","Category":"","Description":"","Attributes":0,"ValueType":"System.String"},"Value":"a9739687d6c1b168e6be8f3982da42f0e9a0796e"},{"Key":{"Id":"XunitTestCaseExplicit","Label":"xUnit.net Test Case Explicit Flag","Category":"","Description":"","Attributes":0,"ValueType":"System.Boolean"},"Value":false},{"Key":{"Id":"TestCase.ManagedType","Label":"ManagedType","Category":"","Description":"","Attributes":1,"ValueType":"System.String"},"Value":"SharpMind.Tests.Chat.JinjaTemplateFormatterTests"}]},"Attachments":[],"Outcome":1,"ErrorMessage":null,"ErrorStackTrace":null,"DisplayName":"SharpMind.Tests.Chat.JinjaTemplateFormatterTests.Eval_StringConcat_Works","Messages":[],"ComputerName":"LAPTOP-MKMTSO1B","Duration":"00:00:00.0004018","StartTime":"2026-07-20T05:24:35.0284346+00:00","EndTime":"2026-07-20T05:24:35.0285751+00:00","Properties":[]},{"TestCase":{"Id":"df7a777c-fc5c-b5a6-2f26-1bcfc8f6e7cc","FullyQualifiedName":"SharpMind.Tests.Chat.JinjaTemplateFormatterTests.Factory_WithTemplate_ReturnsJinjaFormatter","DisplayName":"SharpMind.Tests.Chat.JinjaTemplateFormatterTests.Factory_WithTemplate_ReturnsJinjaFormatter","ExecutorUri":"executor://xunit/VsTestRunner3/netcore/","Source":"C:\\Integral2u\\source\\repos\\SharpMind\\SharpMind.Tests\\bin\\Debug\\net10.0\\SharpMind.Tests.dll","CodeFilePath":null,"LineNumber":0,"Properties":[{"Key":{"Id":"TestCase.ManagedMethod","Label":"ManagedMethod","Category":"","Description":"","Attributes":1,"ValueType":"System.String"},"Value":"Factory_WithTemplate_ReturnsJinjaFormatter"},{"Key":{"Id":"XunitTestCaseUniqueID","Label":"xUnit.net Test Case Unique ID","Category":"","Description":"","Attributes":0,"ValueType":"System.String"},"Value":"bc1ccbeb6dd1db262d89d3bd230f0bbe009bfa86"},{"Key":{"Id":"XunitTestCaseExplicit","Label":"xUnit.net Test Case Explicit Flag","Category":"","Description":"","Attributes":0,"ValueType":"System.Boolean"},"Value":false},{"Key":{"Id":"TestCase.ManagedType","Label":"ManagedType","Category":"","Description":"","Attributes":1,"ValueType":"System.String"},"Value":"SharpMind.Tests.Chat.JinjaTemplateFormatterTests"}]},"Attachments":[],"Outcome":1,"ErrorMessage":null,"ErrorStackTrace":null,"DisplayName":"SharpMind.Tests.Chat.JinjaTemplateFormatterTests.Factory_WithTemplate_ReturnsJinjaFormatter","Messages":[],"ComputerName":"LAPTOP-MKMTSO1B","Duration":"00:00:00.0002033","StartTime":"2026-07-20T05:24:35.032752+00:00","EndTime":"2026-07-20T05:24:35.0329276+00:00","Properties":[]},{"TestCase":{"Id":"ce1f805f-74f4-6bf7-f32f-de1cc7883f6f","FullyQualifiedName":"SharpMind.Tests.Chat.JinjaTemplateFormatterTests.TinyLlama_UserMessage_UsesZephyrTokens","DisplayName":"SharpMind.Tests.Chat.JinjaTemplateFormatterTests.TinyLlama_UserMessage_UsesZephyrTokens","ExecutorUri":"executor://xunit/VsTestRunner3/netcore/","Source":"C:\\Integral2u\\source\\repos\\SharpMind\\SharpMind.Tests\\bin\\Debug\\net10.0\\SharpMind.Tests.dll","CodeFilePath":null,"LineNumber":0,"Properties":[{"Key":{"Id":"TestCase.ManagedMethod","Label":"ManagedMethod","Category":"","Description":"","Attributes":1,"ValueType":"System.String"},"Value":"TinyLlama_UserMessage_UsesZephyrTokens"},{"Key":{"Id":"XunitTestCaseUniqueID","Label":"xUnit.net Test Case Unique ID","Category":"","Description":"","Attributes":0,"ValueType":"System.String"},"Value":"bf21e413301266eddb78dacec86b4bf3bc5b6f86"},{"Key":{"Id":"XunitTestCaseExplicit","Label":"xUnit.net Test Case Explicit Flag","Category":"","Description":"","Attributes":0,"ValueType":"System.Boolean"},"Value":false},{"Key":{"Id":"TestCase.ManagedType","Label":"ManagedType","Category":"","Description":"","Attributes":1,"ValueType":"System.String"},"Value":"SharpMind.Tests.Chat.JinjaTemplateFormatterTests"}]},"Attachments":[],"Outcome":1,"ErrorMessage":null,"ErrorStackTrace":null,"DisplayName":"SharpMind.Tests.Chat.JinjaTemplateFormatterTests.TinyLlama_UserMessage_UsesZephyrTokens","Messages":[],"ComputerName":"LAPTOP-MKMTSO1B","Duration":"00:00:00.0039255","StartTime":"2026-07-20T05:24:35.0336437+00:00","EndTime":"2026-07-20T05:24:35.0338146+00:00","Properties":[]},{"TestCase":{"Id":"86cf6cba-094f-a5bb-ab9c-ba672eceb67f","FullyQualifiedName":"SharpMind.Tests.Chat.JinjaTemplateFormatterTests.Eval_IsNotNone_True","DisplayName":"SharpMind.Tests.Chat.JinjaTemplateFormatterTests.Eval_IsNotNone_True","ExecutorUri":"executor://xunit/VsTestRunner3/netcore/","Source":"C:\\Integral2u\\source\\repos\\SharpMind\\SharpMind.Tests\\bin\\Debug\\net10.0\\SharpMind.Tests.dll","CodeFilePath":null,"LineNumber":0,"Properties":[{"Key":{"Id":"TestCase.ManagedMethod","Label":"ManagedMethod","Category":"","Description":"","Attributes":1,"ValueType":"System.String"},"Value":"Eval_IsNotNone_True"},{"Key":{"Id":"XunitTestCaseUniqueID","Label":"xUnit.net Test Case Unique ID","Category":"","Description":"","Attributes":0,"ValueType":"System.String"},"Value":"c0abad86b0cb2526f033779699aa7455751052a6"},{"Key":{"Id":"XunitTestCaseExplicit","Label":"xUnit.net Test Case Explicit Flag","Category":"","Description":"","Attributes":0,"ValueType":"System.Boolean"},"Value":false},{"Key":{"Id":"TestCase.ManagedType","Label":"ManagedType","Category":"","Description":"","Attributes":1,"ValueType":"System.String"},"Value":"SharpMind.Tests.Chat.JinjaTemplateFormatterTests"}]},"Attachments":[],"Outcome":1,"ErrorMessage":null,"ErrorStackTrace":null,"DisplayName":"SharpMind.Tests.Chat.JinjaTemplateFormatterTests.Eval_IsNotNone_True","Messages":[],"ComputerName":"LAPTOP-MKMTSO1B","Duration":"00:00:00.0012667","StartTime":"2026-07-20T05:24:35.0419086+00:00","EndTime":"2026-07-20T05:24:35.0420774+00:00","Properties":[]},{"TestCase":{"Id":"b8d992da-a466-4f69-1bda-a1bacc5bfee5","FullyQualifiedName":"SharpMind.Tests.Chat.JinjaTemplateFormatterTests.Eval_IsNone_True","DisplayName":"SharpMind.Tests.Chat.JinjaTemplateFormatterTests.Eval_IsNone_True","ExecutorUri":"executor://xunit/VsTestRunner3/netcore/","Source":"C:\\Integral2u\\source\\repos\\SharpMind\\SharpMind.Tests\\bin\\Debug\\net10.0\\SharpMind.Tests.dll","CodeFilePath":null,"LineNumber":0,"Properties":[{"Key":{"Id":"TestCase.ManagedMethod","Label":"ManagedMethod","Category":"","Description":"","Attributes":1,"ValueType":"System.String"},"Value":"Eval_IsNone_True"},{"Key":{"Id":"XunitTestCaseUniqueID","Label":"xUnit.net Test Case Unique ID","Category":"","Description":"","Attributes":0,"ValueType":"System.String"},"Value":"c2a8ed71dca31e030223c766c40d1340e7d35b62"},{"Key":{"Id":"XunitTestCaseExplicit","Label":"xUnit.net Test Case Explicit Flag","Category":"","Description":"","Attributes":0,"ValueType":"System.Boolean"},"Value":false},{"Key":{"Id":"TestCase.ManagedType","Label":"ManagedType","Category":"","Description":"","Attributes":1,"ValueType":"System.String"},"Value":"SharpMind.Tests.Chat.JinjaTemplateFormatterTests"}]},"Attachments":[],"Outcome":1,"ErrorMessage":null,"ErrorStackTrace":null,"DisplayName":"SharpMind.Tests.Chat.JinjaTemplateFormatterTests.Eval_IsNone_True","Messages":[],"ComputerName":"LAPTOP-MKMTSO1B","Duration":"00:00:00.0004138","StartTime":"2026-07-20T05:24:35.0427994+00:00","EndTime":"2026-07-20T05:24:35.0429432+00:00","Properties":[]},{"TestCase":{"Id":"3c30be4e-3742-c9f5-c97c-923629d500b8","FullyQualifiedName":"SharpMind.Tests.Chat.JinjaTemplateFormatterTests.Qwen2_SingleUserMessage_MatchesGolden","DisplayName":"SharpMind.Tests.Chat.JinjaTemplateFormatterTests.Qwen2_SingleUserMessage_MatchesGolden","ExecutorUri":"executor://xunit/VsTestRunner3/netcore/","Source":"C:\\Integral2u\\source\\repos\\SharpMind\\SharpMind.Tests\\bin\\Debug\\net10.0\\SharpMind.Tests.dll","CodeFilePath":null,"LineNumber":0,"Properties":[{"Key":{"Id":"TestCase.ManagedMethod","Label":"ManagedMethod","Category":"","Description":"","Attributes":1,"ValueType":"System.String"},"Value":"Qwen2_SingleUserMessage_MatchesGolden"},{"Key":{"Id":"XunitTestCaseUniqueID","Label":"xUnit.net Test Case Unique ID","Category":"","Description":"","Attributes":0,"ValueType":"System.String"},"Value":"d923a89beef2b23b7ec09d5ea213ab235562c7ac"},{"Key":{"Id":"XunitTestCaseExplicit","Label":"xUnit.net Test Case Explicit Flag","Category":"","Description":"","Attributes":0,"ValueType":"System.Boolean"},"Value":false},{"Key":{"Id":"TestCase.ManagedType","Label":"ManagedType","Category":"","Description":"","Attributes":1,"ValueType":"System.String"},"Value":"SharpMind.Tests.Chat.JinjaTemplateFormatterTests"}]},"Attachments":[],"Outcome":1,"ErrorMessage":null,"ErrorStackTrace":null,"DisplayName":"SharpMind.Tests.Chat.JinjaTemplateFormatterTests.Qwen2_SingleUserMessage_MatchesGolden","Messages":[],"ComputerName":"LAPTOP-MKMTSO1B","Duration":"00:00:00.0007566","StartTime":"2026-07-20T05:24:35.043614+00:00","EndTime":"2026-07-20T05:24:35.0437329+00:00","Properties":[]},{"TestCase":{"Id":"4338c324-cfee-716e-0b2b-960a4359457d","FullyQualifiedName":"SharpMind.Tests.Core.NativeBufferTests.Allocate_ZeroInitialised","DisplayName":"SharpMind.Tests.Core.NativeBufferTests.Allocate_ZeroInitialised","ExecutorUri":"executor://xunit/VsTestRunner3/netcore/","Source":"C:\\Integral2u\\source\\repos\\SharpMind\\SharpMind.Tests\\bin\\Debug\\net10.0\\SharpMind.Tests.dll","CodeFilePath":null,"LineNumber":0,"Properties":[{"Key":{"Id":"TestCase.ManagedMethod","Label":"ManagedMethod","Category":"","Description":"","Attributes":1,"ValueType":"System.String"},"Value":"Allocate_ZeroInitialised"},{"Key":{"Id":"XunitTestCaseUniqueID","Label":"xUnit.net Test Case Unique ID","Category":"","Description":"","Attributes":0,"ValueType":"System.String"},"Value":"3106aabe9c21a98615e3a7e6f29dff62a5c27bcb"},{"Key":{"Id":"XunitTestCaseExplicit","Label":"xUnit.net Test Case Explicit Flag","Category":"","Description":"","Attributes":0,"ValueType":"System.Boolean"},"Value":false},{"Key":{"Id":"TestCase.ManagedType","Label":"ManagedType","Category":"","Description":"","Attributes":1,"ValueType":"System.String"},"Value":"SharpMind.Tests.Core.NativeBufferTests"}]},"Attachments":[],"Outcome":1,"ErrorMessage":null,"ErrorStackTrace":null,"DisplayName":"SharpMind.Tests.Core.NativeBufferTests.Allocate_ZeroInitialised","Messages":[],"ComputerName":"LAPTOP-MKMTSO1B","Duration":"00:00:00.0009396","StartTime":"2026-07-20T05:24:35.0450454+00:00","EndTime":"2026-07-20T05:24:35.0451691+00:00","Properties":[]}],"TestRunStatistics":{"ExecutedTests":182,"Stats":{"Passed":182}},"ActiveTests":[{"Id":"b4db558c-5cec-fc1b-1d1c-c3748cd99ea0","FullyQualifiedName":"SharpMind.Tests.Core.NativeBufferTests.Dispose_AfterFree_DoesNotThrow","DisplayName":"SharpMind.Tests.Core.NativeBufferTests.Dispose_AfterFree_DoesNotThrow","ExecutorUri":"executor://xunit/VsTestRunner3/netcore/","Source":"C:\\Integral2u\\source\\repos\\SharpMind\\SharpMind.Tests\\bin\\Debug\\net10.0\\SharpMind.Tests.dll","CodeFilePath":null,"LineNumber":0,"Properties":[{"Key":{"Id":"TestCase.ManagedMethod","Label":"ManagedMethod","Category":"","Description":"","Attributes":1,"ValueType":"System.String"},"Value":"Dispose_AfterFree_DoesNotThrow"},{"Key":{"Id":"XunitTestCaseUniqueID","Label":"xUnit.net Test Case Unique ID","Category":"","Description":"","Attributes":0,"ValueType":"System.String"},"Value":"619fcf063506866a09c85be8f6b168a43fc6a36b"},{"Key":{"Id":"XunitTestCaseExplicit","Label":"xUnit.net Test Case Explicit Flag","Category":"","Description":"","Attributes":0,"ValueType":"System.Boolean"},"Value":false},{"Key":{"Id":"TestCase.ManagedType","Label":"ManagedType","Category":"","Description":"","Attributes":1,"ValueType":"System.String"},"Value":"SharpMind.Tests.Core.NativeBufferTests"}]}]}}
TpTrace Verbose: 0 : 2820, 13, 2026/07/20, 17:24:35.052, 364639269148, vstest.console.dll, TestRunRequest:SendTestRunStatsChange: Starting.
TpTrace Verbose: 0 : 2820, 13, 2026/07/20, 17:24:35.053, 364639274494, vstest.console.dll, InProgress is SharpMind.Tests.Core.NativeBufferTests.Dispose_AfterFree_DoesNotThrow
TpTrace Verbose: 0 : 2820, 13, 2026/07/20, 17:24:35.053, 364639275449, vstest.console.dll, MulticastDelegateUtilities.SafeInvoke: TestRun.RunStatsChanged: Invoking callbacks was skipped because there are no subscribers.
TpTrace Information: 0 : 2820, 13, 2026/07/20, 17:24:35.053, 364639275924, vstest.console.dll, TestRunRequest:SendTestRunStatsChange: Completed.
TpTrace Verbose: 0 : 2820, 13, 2026/07/20, 17:24:35.053, 364639276641, vstest.console.dll, MulticastDelegateUtilities.SafeInvoke: LengthPrefixCommunicationChannel: MessageReceived: Invoking callback 1/1 for Microsoft.VisualStudio.TestPlatform.CommunicationUtilities.TestRequestSender+<>c__DisplayClass34_0., took 5 ms.
TpTrace Verbose: 0 : 2820, 13, 2026/07/20, 17:24:35.053, 364639277833, vstest.console.dll, TcpClientExtensions.MessageLoopAsync: Polling on remoteEndPoint: 127.0.0.1:55546 localEndPoint: 127.0.0.1:55545 after 28 ms
TpTrace Verbose: 0 : 2820, 4, 2026/07/20, 17:24:35.055, 364639299617, vstest.console.dll, MulticastDelegateUtilities.SafeInvoke: InternalTestLoggerEvents.SendTestResult: Invoking callback 1/1 for Microsoft.VisualStudio.TestPlatform.CommandLine.Internal.ConsoleLogger., took 0 ms.
TpTrace Verbose: 0 : 2820, 4, 2026/07/20, 17:24:35.055, 364639301193, vstest.console.dll, MulticastDelegateUtilities.SafeInvoke: InternalTestLoggerEvents.SendTestResult: Invoking callback 1/1 for Microsoft.VisualStudio.TestPlatform.CommandLine.Internal.ConsoleLogger., took 0 ms.
TpTrace Verbose: 0 : 2820, 4, 2026/07/20, 17:24:35.055, 364639301877, vstest.console.dll, MulticastDelegateUtilities.SafeInvoke: InternalTestLoggerEvents.SendTestResult: Invoking callback 1/1 for Microsoft.VisualStudio.TestPlatform.CommandLine.Internal.ConsoleLogger., took 0 ms.
TpTrace Verbose: 0 : 2820, 4, 2026/07/20, 17:24:35.055, 364639302571, vstest.console.dll, MulticastDelegateUtilities.SafeInvoke: InternalTestLoggerEvents.SendTestResult: Invoking callback 1/1 for Microsoft.VisualStudio.TestPlatform.CommandLine.Internal.ConsoleLogger., took 0 ms.
TpTrace Verbose: 0 : 2820, 4, 2026/07/20, 17:24:35.055, 364639303351, vstest.console.dll, MulticastDelegateUtilities.SafeInvoke: InternalTestLoggerEvents.SendTestResult: Invoking callback 1/1 for Microsoft.VisualStudio.TestPlatform.CommandLine.Internal.ConsoleLogger., took 0 ms.
TpTrace Verbose: 0 : 2820, 4, 2026/07/20, 17:24:35.055, 364639304009, vstest.console.dll, MulticastDelegateUtilities.SafeInvoke: InternalTestLoggerEvents.SendTestResult: Invoking callback 1/1 for Microsoft.VisualStudio.TestPlatform.CommandLine.Internal.ConsoleLogger., took 0 ms.
TpTrace Verbose: 0 : 2820, 4, 2026/07/20, 17:24:35.056, 364639304587, vstest.console.dll, MulticastDelegateUtilities.SafeInvoke: InternalTestLoggerEvents.SendTestResult: Invoking callback 1/1 for Microsoft.VisualStudio.TestPlatform.CommandLine.Internal.ConsoleLogger., took 0 ms.
TpTrace Verbose: 0 : 2820, 4, 2026/07/20, 17:24:35.056, 364639305177, vstest.console.dll, MulticastDelegateUtilities.SafeInvoke: InternalTestLoggerEvents.SendTestResult: Invoking callback 1/1 for Microsoft.VisualStudio.TestPlatform.CommandLine.Internal.ConsoleLogger., took 0 ms.
TpTrace Verbose: 0 : 2820, 4, 2026/07/20, 17:24:35.056, 364639306315, vstest.console.dll, MulticastDelegateUtilities.SafeInvoke: InternalTestLoggerEvents.SendTestResult: Invoking callback 1/1 for Microsoft.VisualStudio.TestPlatform.CommandLine.Internal.ConsoleLogger., took 0 ms.
TpTrace Verbose: 0 : 2820, 13, 2026/07/20, 17:24:35.376, 364642506542, vstest.console.dll, TcpClientExtensions.MessageLoopAsync: NotifyDataAvailable remoteEndPoint: 127.0.0.1:55546 localEndPoint: 127.0.0.1:55545
TpTrace Verbose: 0 : 2820, 13, 2026/07/20, 17:24:35.376, 364642510398, vstest.console.dll, TestRequestSender.OnExecutionMessageReceived: Received message: {"Version":7,"MessageType":"TestExecution.StatsChange","Payload":{"NewTestResults":[{"TestCase":{"Id":"b4db558c-5cec-fc1b-1d1c-c3748cd99ea0","FullyQualifiedName":"SharpMind.Tests.Core.NativeBufferTests.Dispose_AfterFree_DoesNotThrow","DisplayName":"SharpMind.Tests.Core.NativeBufferTests.Dispose_AfterFree_DoesNotThrow","ExecutorUri":"executor://xunit/VsTestRunner3/netcore/","Source":"C:\\Integral2u\\source\\repos\\SharpMind\\SharpMind.Tests\\bin\\Debug\\net10.0\\SharpMind.Tests.dll","CodeFilePath":null,"LineNumber":0,"Properties":[{"Key":{"Id":"TestCase.ManagedMethod","Label":"ManagedMethod","Category":"","Description":"","Attributes":1,"ValueType":"System.String"},"Value":"Dispose_AfterFree_DoesNotThrow"},{"Key":{"Id":"XunitTestCaseUniqueID","Label":"xUnit.net Test Case Unique ID","Category":"","Description":"","Attributes":0,"ValueType":"System.String"},"Value":"619fcf063506866a09c85be8f6b168a43fc6a36b"},{"Key":{"Id":"XunitTestCaseExplicit","Label":"xUnit.net Test Case Explicit Flag","Category":"","Description":"","Attributes":0,"ValueType":"System.Boolean"},"Value":false},{"Key":{"Id":"TestCase.ManagedType","Label":"ManagedType","Category":"","Description":"","Attributes":1,"ValueType":"System.String"},"Value":"SharpMind.Tests.Core.NativeBufferTests"}]},"Attachments":[],"Outcome":1,"ErrorMessage":null,"ErrorStackTrace":null,"DisplayName":"SharpMind.Tests.Core.NativeBufferTests.Dispose_AfterFree_DoesNotThrow","Messages":[],"ComputerName":"LAPTOP-MKMTSO1B","Duration":"00:00:00.0006039","StartTime":"2026-07-20T05:24:35.0475614+00:00","EndTime":"2026-07-20T05:24:35.047716+00:00","Properties":[]},{"TestCase":{"Id":"d983d0f0-5b4b-1e87-40d3-e17b57b218b1","FullyQualifiedName":"SharpMind.Tests.Core.NativeBufferTests.AddRef_PreventsFreeUntilAllDisposed","DisplayName":"SharpMind.Tests.Core.NativeBufferTests.AddRef_PreventsFreeUntilAllDisposed","ExecutorUri":"executor://xunit/VsTestRunner3/netcore/","Source":"C:\\Integral2u\\source\\repos\\SharpMind\\SharpMind.Tests\\bin\\Debug\\net10.0\\SharpMind.Tests.dll","CodeFilePath":null,"LineNumber":0,"Properties":[{"Key":{"Id":"TestCase.ManagedMethod","Label":"ManagedMethod","Category":"","Description":"","Attributes":1,"ValueType":"System.String"},"Value":"AddRef_PreventsFreeUntilAllDisposed"},{"Key":{"Id":"XunitTestCaseUniqueID","Label":"xUnit.net Test Case Unique ID","Category":"","Description":"","Attributes":0,"ValueType":"System.String"},"Value":"e5fef5bdf3ad366d2f2067b9ca565904da01e7bc"},{"Key":{"Id":"XunitTestCaseExplicit","Label":"xUnit.net Test Case Explicit Flag","Category":"","Description":"","Attributes":0,"ValueType":"System.Boolean"},"Value":false},{"Key":{"Id":"TestCase.ManagedType","Label":"ManagedType","Category":"","Description":"","Attributes":1,"ValueType":"System.String"},"Value":"SharpMind.Tests.Core.NativeBufferTests"}]},"Attachments":[],"Outcome":1,"ErrorMessage":null,"ErrorStackTrace":null,"DisplayName":"SharpMind.Tests.Core.NativeBufferTests.AddRef_PreventsFreeUntilAllDisposed","Messages":[],"ComputerName":"LAPTOP-MKMTSO1B","Duration":"00:00:00.0004084","StartTime":"2026-07-20T05:24:35.0486134+00:00","EndTime":"2026-07-20T05:24:35.0487317+00:00","Properties":[]},{"TestCase":{"Id":"fdbbe722-926c-2bb6-4d66-bb962d53e423","FullyQualifiedName":"SharpMind.Tests.Data.DataLoaderIntegrationTests.Describe_ReturnsPipelineSummary","DisplayName":"SharpMind.Tests.Data.DataLoaderIntegrationTests.Describe_ReturnsPipelineSummary","ExecutorUri":"executor://xunit/VsTestRunner3/netcore/","Source":"C:\\Integral2u\\source\\repos\\SharpMind\\SharpMind.Tests\\bin\\Debug\\net10.0\\SharpMind.Tests.dll","CodeFilePath":null,"LineNumber":0,"Properties":[{"Key":{"Id":"TestCase.ManagedMethod","Label":"ManagedMethod","Category":"","Description":"","Attributes":1,"ValueType":"System.String"},"Value":"Describe_ReturnsPipelineSummary"},{"Key":{"Id":"XunitTestCaseUniqueID","Label":"xUnit.net Test Case Unique ID","Category":"","Description":"","Attributes":0,"ValueType":"System.String"},"Value":"44ee66efcce6a93b057f50992e7f4bd6775fab6c"},{"Key":{"Id":"XunitTestCaseExplicit","Label":"xUnit.net Test Case Explicit Flag","Category":"","Description":"","Attributes":0,"ValueType":"System.Boolean"},"Value":false},{"Key":{"Id":"TestCase.ManagedType","Label":"ManagedType","Category":"","Description":"","Attributes":1,"ValueType":"System.String"},"Value":"SharpMind.Tests.Data.DataLoaderIntegrationTests"}]},"Attachments":[],"Outcome":1,"ErrorMessage":null,"ErrorStackTrace":null,"DisplayName":"SharpMind.Tests.Data.DataLoaderIntegrationTests.Describe_ReturnsPipelineSummary","Messages":[],"ComputerName":"LAPTOP-MKMTSO1B","Duration":"00:00:00.0121651","StartTime":"2026-07-20T05:24:35.0494254+00:00","EndTime":"2026-07-20T05:24:35.0564306+00:00","Properties":[]},{"TestCase":{"Id":"2db0f4cb-6169-e7ae-be0e-b9c430f587b8","FullyQualifiedName":"SharpMind.Tests.Data.CleaningPipelineTests.StageReturningNull_DiscardsDocument","DisplayName":"SharpMind.Tests.Data.CleaningPipelineTests.StageReturningNull_DiscardsDocument","ExecutorUri":"executor://xunit/VsTestRunner3/netcore/","Source":"C:\\Integral2u\\source\\repos\\SharpMind\\SharpMind.Tests\\bin\\Debug\\net10.0\\SharpMind.Tests.dll","CodeFilePath":null,"LineNumber":0,"Properties":[{"Key":{"Id":"TestCase.ManagedMethod","Label":"ManagedMethod","Category":"","Description":"","Attributes":1,"ValueType":"System.String"},"Value":"StageReturningNull_DiscardsDocument"},{"Key":{"Id":"XunitTestCaseUniqueID","Label":"xUnit.net Test Case Unique ID","Category":"","Description":"","Attributes":0,"ValueType":"System.String"},"Value":"10ec47a2769a297963f473a288a1581a3b44ca80"},{"Key":{"Id":"XunitTestCaseExplicit","Label":"xUnit.net Test Case Explicit Flag","Category":"","Description":"","Attributes":0,"ValueType":"System.Boolean"},"Value":false},{"Key":{"Id":"TestCase.ManagedType","Label":"ManagedType","Category":"","Description":"","Attributes":1,"ValueType":"System.String"},"Value":"SharpMind.Tests.Data.CleaningPipelineTests"}]},"Attachments":[],"Outcome":1,"ErrorMessage":null,"ErrorStackTrace":null,"DisplayName":"SharpMind.Tests.Data.CleaningPipelineTests.StageReturningNull_DiscardsDocument","Messages":[],"ComputerName":"LAPTOP-MKMTSO1B","Duration":"00:00:02.4129200","StartTime":"2026-07-20T05:24:32.8389494+00:00","EndTime":"2026-07-20T05:24:35.2503832+00:00","Properties":[]},{"TestCase":{"Id":"1aee93b9-fce9-5ded-401b-9f7c8918b609","FullyQualifiedName":"SharpMind.Tests.Data.CleaningPipelineTests.Describe_IncludesAllStageNames","DisplayName":"SharpMind.Tests.Data.CleaningPipelineTests.Describe_IncludesAllStageNames","ExecutorUri":"executor://xunit/VsTestRunner3/netcore/","Source":"C:\\Integral2u\\source\\repos\\SharpMind\\SharpMind.Tests\\bin\\Debug\\net10.0\\SharpMind.Tests.dll","CodeFilePath":null,"LineNumber":0,"Properties":[{"Key":{"Id":"TestCase.ManagedMethod","Label":"ManagedMethod","Category":"","Description":"","Attributes":1,"ValueType":"System.String"},"Value":"Describe_IncludesAllStageNames"},{"Key":{"Id":"XunitTestCaseUniqueID","Label":"xUnit.net Test Case Unique ID","Category":"","Description":"","Attributes":0,"ValueType":"System.String"},"Value":"1d2fabaf0dc6b523d5c2617fec7ddad78f2cc9c1"},{"Key":{"Id":"XunitTestCaseExplicit","Label":"xUnit.net Test Case Explicit Flag","Category":"","Description":"","Attributes":0,"ValueType":"System.Boolean"},"Value":false},{"Key":{"Id":"TestCase.ManagedType","Label":"ManagedType","Category":"","Description":"","Attributes":1,"ValueType":"System.String"},"Value":"SharpMind.Tests.Data.CleaningPipelineTests"}]},"Attachments":[],"Outcome":1,"ErrorMessage":null,"ErrorStackTrace":null,"DisplayName":"SharpMind.Tests.Data.CleaningPipelineTests.Describe_IncludesAllStageNames","Messages":[],"ComputerName":"LAPTOP-MKMTSO1B","Duration":"00:00:00.0064972","StartTime":"2026-07-20T05:24:35.2547086+00:00","EndTime":"2026-07-20T05:24:35.2571631+00:00","Properties":[]},{"TestCase":{"Id":"1b214c5e-22f0-c9c8-7c39-e22fae94a63e","FullyQualifiedName":"SharpMind.Tests.Data.DataLoaderIntegrationTests.EndToEnd_Jsonl_SafetyStages","DisplayName":"SharpMind.Tests.Data.DataLoaderIntegrationTests.EndToEnd_Jsonl_SafetyStages","ExecutorUri":"executor://xunit/VsTestRunner3/netcore/","Source":"C:\\Integral2u\\source\\repos\\SharpMind\\SharpMind.Tests\\bin\\Debug\\net10.0\\SharpMind.Tests.dll","CodeFilePath":null,"LineNumber":0,"Properties":[{"Key":{"Id":"TestCase.ManagedMethod","Label":"ManagedMethod","Category":"","Description":"","Attributes":1,"ValueType":"System.String"},"Value":"EndToEnd_Jsonl_SafetyStages"},{"Key":{"Id":"XunitTestCaseUniqueID","Label":"xUnit.net Test Case Unique ID","Category":"","Description":"","Attributes":0,"ValueType":"System.String"},"Value":"88646102ac73ef7a231b56cf20cccdeb8134c0f8"},{"Key":{"Id":"XunitTestCaseExplicit","Label":"xUnit.net Test Case Explicit Flag","Category":"","Description":"","Attributes":0,"ValueType":"System.Boolean"},"Value":false},{"Key":{"Id":"TestCase.ManagedType","Label":"ManagedType","Category":"","Description":"","Attributes":1,"ValueType":"System.String"},"Value":"SharpMind.Tests.Data.DataLoaderIntegrationTests"}]},"Attachments":[],"Outcome":1,"ErrorMessage":null,"ErrorStackTrace":null,"DisplayName":"SharpMind.Tests.Data.DataLoaderIntegrationTests.EndToEnd_Jsonl_SafetyStages","Messages":[],"ComputerName":"LAPTOP-MKMTSO1B","Duration":"00:00:00.1933794","StartTime":"2026-07-20T05:24:35.0572875+00:00","EndTime":"2026-07-20T05:24:35.2806429+00:00","Properties":[]},{"TestCase":{"Id":"f9e3817b-dbbc-83ff-7010-807678cae1af","FullyQualifiedName":"SharpMind.Tests.Quantization.QuantizationAgreementTests.VecDot_AllTiers_Agree","DisplayName":"SharpMind.Tests.Quantization.QuantizationAgreementTests.VecDot_AllTiers_Agree(dtype: Q5_K)","ExecutorUri":"executor://xunit/VsTestRunner3/netcore/","Source":"C:\\Integral2u\\source\\repos\\SharpMind\\SharpMind.Tests\\bin\\Debug\\net10.0\\SharpMind.Tests.dll","CodeFilePath":null,"LineNumber":0,"Properties":[{"Key":{"Id":"TestCase.ManagedMethod","Label":"ManagedMethod","Category":"","Description":"","Attributes":1,"ValueType":"System.String"},"Value":"VecDot_AllTiers_Agree"},{"Key":{"Id":"XunitTestCaseUniqueID","Label":"xUnit.net Test Case Unique ID","Category":"","Description":"","Attributes":0,"ValueType":"System.String"},"Value":"994a7e7b8d5db56567025b9aedc57297df7e5c51"},{"Key":{"Id":"XunitTestCaseExplicit","Label":"xUnit.net Test Case Explicit Flag","Category":"","Description":"","Attributes":0,"ValueType":"System.Boolean"},"Value":false},{"Key":{"Id":"TestCase.ManagedType","Label":"ManagedType","Category":"","Description":"","Attributes":1,"ValueType":"System.String"},"Value":"SharpMind.Tests.Quantization.QuantizationAgreementTests"}]},"Attachments":[],"Outcome":1,"ErrorMessage":null,"ErrorStackTrace":null,"DisplayName":"SharpMind.Tests.Quantization.QuantizationAgreementTests.VecDot_AllTiers_Agree(dtype: Q5_K)","Messages":[],"ComputerName":"LAPTOP-MKMTSO1B","Duration":"00:00:00.5986383","StartTime":"2026-07-20T05:24:34.7763168+00:00","EndTime":"2026-07-20T05:24:35.3737297+00:00","Properties":[]}],"TestRunStatistics":{"ExecutedTests":189,"Stats":{"Passed":189}},"ActiveTests":[{"Id":"029de822-2ce9-196a-675f-d19aae5cdd48","FullyQualifiedName":"SharpMind.Tests.Data.CleaningPipelineTests.SingleStage_TransformsDocuments","DisplayName":"SharpMind.Tests.Data.CleaningPipelineTests.SingleStage_TransformsDocuments","ExecutorUri":"executor://xunit/VsTestRunner3/netcore/","Source":"C:\\Integral2u\\source\\repos\\SharpMind\\SharpMind.Tests\\bin\\Debug\\net10.0\\SharpMind.Tests.dll","CodeFilePath":null,"LineNumber":0,"Properties":[{"Key":{"Id":"TestCase.ManagedMethod","Label":"ManagedMethod","Category":"","Description":"","Attributes":1,"ValueType":"System.String"},"Value":"SingleStage_TransformsDocuments"},{"Key":{"Id":"XunitTestCaseUniqueID","Label":"xUnit.net Test Case Unique ID","Category":"","Description":"","Attributes":0,"ValueType":"System.String"},"Value":"2a92637fd83d55fbebff8c15a538d0e4e0ce39fb"},{"Key":{"Id":"XunitTestCaseExplicit","Label":"xUnit.net Test Case Explicit Flag","Category":"","Description":"","Attributes":0,"ValueType":"System.Boolean"},"Value":false},{"Key":{"Id":"TestCase.ManagedType","Label":"ManagedType","Category":"","Description":"","Attributes":1,"ValueType":"System.String"},"Value":"SharpMind.Tests.Data.CleaningPipelineTests"}]},{"Id":"8005cce7-1d41-d595-74af-7a8cfd85acd6","FullyQualifiedName":"SharpMind.Tests.Data.DataLoaderIntegrationTests.EndToEnd_TextFile_CleanPipeline_PackedBatches","DisplayName":"SharpMind.Tests.Data.DataLoaderIntegrationTests.EndToEnd_TextFile_CleanPipeline_PackedBatches","ExecutorUri":"executor://xunit/VsTestRunner3/netcore/","Source":"C:\\Integral2u\\source\\repos\\SharpMind\\SharpMind.Tests\\bin\\Debug\\net10.0\\SharpMind.Tests.dll","CodeFilePath":null,"LineNumber":0,"Properties":[{"Key":{"Id":"TestCase.ManagedMethod","Label":"ManagedMethod","Category":"","Description":"","Attributes":1,"ValueType":"System.String"},"Value":"EndToEnd_TextFile_CleanPipeline_PackedBatches"},{"Key":{"Id":"XunitTestCaseUniqueID","Label":"xUnit.net Test Case Unique ID","Category":"","Description":"","Attributes":0,"ValueType":"System.String"},"Value":"9aa188052f93038ecfd345b5482a16e91b0c5a43"},{"Key":{"Id":"XunitTestCaseExplicit","Label":"xUnit.net Test Case Explicit Flag","Category":"","Description":"","Attributes":0,"ValueType":"System.Boolean"},"Value":false},{"Key":{"Id":"TestCase.ManagedType","Label":"ManagedType","Category":"","Description":"","Attributes":1,"ValueType":"System.String"},"Value":"SharpMind.Tests.Data.DataLoaderIntegrationTests"}]},{"Id":"f204cefe-8205-429c-8022-5b46571344c7","FullyQualifiedName":"SharpMind.Tests.Quantization.QuantizationAgreementTests.VecDot_AllTiers_Agree","DisplayName":"SharpMind.Tests.Quantization.QuantizationAgreementTests.VecDot_AllTiers_Agree(dtype: Q8_K)","ExecutorUri":"executor://xunit/VsTestRunner3/netcore/","Source":"C:\\Integral2u\\source\\repos\\SharpMind\\SharpMind.Tests\\bin\\Debug\\net10.0\\SharpMind.Tests.dll","CodeFilePath":null,"LineNumber":0,"Properties":[{"Key":{"Id":"TestCase.ManagedMethod","Label":"ManagedMethod","Category":"","Description":"","Attributes":1,"ValueType":"System.String"},"Value":"VecDot_AllTiers_Agree"},{"Key":{"Id":"XunitTestCaseUniqueID","Label":"xUnit.net Test Case Unique ID","Category":"","Description":"","Attributes":0,"ValueType":"System.String"},"Value":"c55178561582df68d13e54d9887b0966373d6f8a"},{"Key":{"Id":"XunitTestCaseExplicit","Label":"xUnit.net Test Case Explicit Flag","Category":"","Description":"","Attributes":0,"ValueType":"System.Boolean"},"Value":false},{"Key":{"Id":"TestCase.ManagedType","Label":"ManagedType","Category":"","Description":"","Attributes":1,"ValueType":"System.String"},"Value":"SharpMind.Tests.Quantization.QuantizationAgreementTests"}]}]}}
TpTrace Verbose: 0 : 2820, 13, 2026/07/20, 17:24:35.378, 364642524337, vstest.console.dll, TestRunRequest:SendTestRunStatsChange: Starting.
TpTrace Verbose: 0 : 2820, 13, 2026/07/20, 17:24:35.378, 364642525566, vstest.console.dll, InProgress is SharpMind.Tests.Data.CleaningPipelineTests.SingleStage_TransformsDocuments
TpTrace Verbose: 0 : 2820, 13, 2026/07/20, 17:24:35.378, 364642525956, vstest.console.dll, InProgress is SharpMind.Tests.Data.DataLoaderIntegrationTests.EndToEnd_TextFile_CleanPipeline_PackedBatches
TpTrace Verbose: 0 : 2820, 13, 2026/07/20, 17:24:35.378, 364642526304, vstest.console.dll, InProgress is SharpMind.Tests.Quantization.QuantizationAgreementTests.VecDot_AllTiers_Agree(dtype: Q8_K)
TpTrace Verbose: 0 : 2820, 13, 2026/07/20, 17:24:35.378, 364642526932, vstest.console.dll, MulticastDelegateUtilities.SafeInvoke: TestRun.RunStatsChanged: Invoking callbacks was skipped because there are no subscribers.
TpTrace Information: 0 : 2820, 13, 2026/07/20, 17:24:35.378, 364642527369, vstest.console.dll, TestRunRequest:SendTestRunStatsChange: Completed.
TpTrace Verbose: 0 : 2820, 13, 2026/07/20, 17:24:35.378, 364642527918, vstest.console.dll, MulticastDelegateUtilities.SafeInvoke: LengthPrefixCommunicationChannel: MessageReceived: Invoking callback 1/1 for Microsoft.VisualStudio.TestPlatform.CommunicationUtilities.TestRequestSender+<>c__DisplayClass34_0., took 1 ms.
TpTrace Verbose: 0 : 2820, 13, 2026/07/20, 17:24:35.378, 364642528410, vstest.console.dll, TcpClientExtensions.MessageLoopAsync: Polling on remoteEndPoint: 127.0.0.1:55546 localEndPoint: 127.0.0.1:55545 after 324 ms
TpTrace Verbose: 0 : 2820, 4, 2026/07/20, 17:24:35.378, 364642527466, vstest.console.dll, MulticastDelegateUtilities.SafeInvoke: InternalTestLoggerEvents.SendTestResult: Invoking callback 1/1 for Microsoft.VisualStudio.TestPlatform.CommandLine.Internal.ConsoleLogger., took 0 ms.
TpTrace Verbose: 0 : 2820, 4, 2026/07/20, 17:24:35.378, 364642529651, vstest.console.dll, MulticastDelegateUtilities.SafeInvoke: InternalTestLoggerEvents.SendTestResult: Invoking callback 1/1 for Microsoft.VisualStudio.TestPlatform.CommandLine.Internal.ConsoleLogger., took 0 ms.
TpTrace Verbose: 0 : 2820, 4, 2026/07/20, 17:24:35.378, 364642530274, vstest.console.dll, MulticastDelegateUtilities.SafeInvoke: InternalTestLoggerEvents.SendTestResult: Invoking callback 1/1 for Microsoft.VisualStudio.TestPlatform.CommandLine.Internal.ConsoleLogger., took 0 ms.
TpTrace Verbose: 0 : 2820, 4, 2026/07/20, 17:24:35.378, 364642530978, vstest.console.dll, MulticastDelegateUtilities.SafeInvoke: InternalTestLoggerEvents.SendTestResult: Invoking callback 1/1 for Microsoft.VisualStudio.TestPlatform.CommandLine.Internal.ConsoleLogger., took 0 ms.
TpTrace Verbose: 0 : 2820, 4, 2026/07/20, 17:24:35.378, 364642531564, vstest.console.dll, MulticastDelegateUtilities.SafeInvoke: InternalTestLoggerEvents.SendTestResult: Invoking callback 1/1 for Microsoft.VisualStudio.TestPlatform.CommandLine.Internal.ConsoleLogger., took 0 ms.
TpTrace Verbose: 0 : 2820, 4, 2026/07/20, 17:24:35.378, 364642532138, vstest.console.dll, MulticastDelegateUtilities.SafeInvoke: InternalTestLoggerEvents.SendTestResult: Invoking callback 1/1 for Microsoft.VisualStudio.TestPlatform.CommandLine.Internal.ConsoleLogger., took 0 ms.
TpTrace Verbose: 0 : 2820, 4, 2026/07/20, 17:24:35.378, 364642532722, vstest.console.dll, MulticastDelegateUtilities.SafeInvoke: InternalTestLoggerEvents.SendTestResult: Invoking callback 1/1 for Microsoft.VisualStudio.TestPlatform.CommandLine.Internal.ConsoleLogger., took 0 ms.
TpTrace Verbose: 0 : 2820, 13, 2026/07/20, 17:24:35.563, 364644383042, vstest.console.dll, TcpClientExtensions.MessageLoopAsync: NotifyDataAvailable remoteEndPoint: 127.0.0.1:55546 localEndPoint: 127.0.0.1:55545
TpTrace Verbose: 0 : 2820, 13, 2026/07/20, 17:24:35.564, 364644387512, vstest.console.dll, TestRequestSender.OnExecutionMessageReceived: Received message: {"Version":7,"MessageType":"TestExecution.StatsChange","Payload":{"NewTestResults":[{"TestCase":{"Id":"f204cefe-8205-429c-8022-5b46571344c7","FullyQualifiedName":"SharpMind.Tests.Quantization.QuantizationAgreementTests.VecDot_AllTiers_Agree","DisplayName":"SharpMind.Tests.Quantization.QuantizationAgreementTests.VecDot_AllTiers_Agree(dtype: Q8_K)","ExecutorUri":"executor://xunit/VsTestRunner3/netcore/","Source":"C:\\Integral2u\\source\\repos\\SharpMind\\SharpMind.Tests\\bin\\Debug\\net10.0\\SharpMind.Tests.dll","CodeFilePath":null,"LineNumber":0,"Properties":[{"Key":{"Id":"TestCase.ManagedMethod","Label":"ManagedMethod","Category":"","Description":"","Attributes":1,"ValueType":"System.String"},"Value":"VecDot_AllTiers_Agree"},{"Key":{"Id":"XunitTestCaseUniqueID","Label":"xUnit.net Test Case Unique ID","Category":"","Description":"","Attributes":0,"ValueType":"System.String"},"Value":"c55178561582df68d13e54d9887b0966373d6f8a"},{"Key":{"Id":"XunitTestCaseExplicit","Label":"xUnit.net Test Case Explicit Flag","Category":"","Description":"","Attributes":0,"ValueType":"System.Boolean"},"Value":false},{"Key":{"Id":"TestCase.ManagedType","Label":"ManagedType","Category":"","Description":"","Attributes":1,"ValueType":"System.String"},"Value":"SharpMind.Tests.Quantization.QuantizationAgreementTests"}]},"Attachments":[],"Outcome":1,"ErrorMessage":null,"ErrorStackTrace":null,"DisplayName":"SharpMind.Tests.Quantization.QuantizationAgreementTests.VecDot_AllTiers_Agree(dtype: Q8_K)","Messages":[],"ComputerName":"LAPTOP-MKMTSO1B","Duration":"00:00:00.1093299","StartTime":"2026-07-20T05:24:35.3764843+00:00","EndTime":"2026-07-20T05:24:35.4914597+00:00","Properties":[]},{"TestCase":{"Id":"86f7a741-5ab8-08cf-51c5-6ee013a0a090","FullyQualifiedName":"SharpMind.Tests.Quantization.QuantizationAgreementTests.VecDot_AllTiers_Agree","DisplayName":"SharpMind.Tests.Quantization.QuantizationAgreementTests.VecDot_AllTiers_Agree(dtype: Q8_1)","ExecutorUri":"executor://xunit/VsTestRunner3/netcore/","Source":"C:\\Integral2u\\source\\repos\\SharpMind\\SharpMind.Tests\\bin\\Debug\\net10.0\\SharpMind.Tests.dll","CodeFilePath":null,"LineNumber":0,"Properties":[{"Key":{"Id":"TestCase.ManagedMethod","Label":"ManagedMethod","Category":"","Description":"","Attributes":1,"ValueType":"System.String"},"Value":"VecDot_AllTiers_Agree"},{"Key":{"Id":"XunitTestCaseUniqueID","Label":"xUnit.net Test Case Unique ID","Category":"","Description":"","Attributes":0,"ValueType":"System.String"},"Value":"eb2cd4bfddabb7e95bd2015e8c864ede47f9f9b0"},{"Key":{"Id":"XunitTestCaseExplicit","Label":"xUnit.net Test Case Explicit Flag","Category":"","Description":"","Attributes":0,"ValueType":"System.Boolean"},"Value":false},{"Key":{"Id":"TestCase.ManagedType","Label":"ManagedType","Category":"","Description":"","Attributes":1,"ValueType":"System.String"},"Value":"SharpMind.Tests.Quantization.QuantizationAgreementTests"}]},"Attachments":[],"Outcome":1,"ErrorMessage":null,"ErrorStackTrace":null,"DisplayName":"SharpMind.Tests.Quantization.QuantizationAgreementTests.VecDot_AllTiers_Agree(dtype: Q8_1)","Messages":[],"ComputerName":"LAPTOP-MKMTSO1B","Duration":"00:00:00.0109807","StartTime":"2026-07-20T05:24:35.4924512+00:00","EndTime":"2026-07-20T05:24:35.4953542+00:00","Properties":[]},{"TestCase":{"Id":"64d21dac-1a47-e245-5b6d-3fe545cd19b3","FullyQualifiedName":"SharpMind.Tests.Quantization.QuantizationAgreementTests.VecDot_AllTiers_Agree","DisplayName":"SharpMind.Tests.Quantization.QuantizationAgreementTests.VecDot_AllTiers_Agree(dtype: Q4_1)","ExecutorUri":"executor://xunit/VsTestRunner3/netcore/","Source":"C:\\Integral2u\\source\\repos\\SharpMind\\SharpMind.Tests\\bin\\Debug\\net10.0\\SharpMind.Tests.dll","CodeFilePath":null,"LineNumber":0,"Properties":[{"Key":{"Id":"TestCase.ManagedMethod","Label":"ManagedMethod","Category":"","Description":"","Attributes":1,"ValueType":"System.String"},"Value":"VecDot_AllTiers_Agree"},{"Key":{"Id":"XunitTestCaseUniqueID","Label":"xUnit.net Test Case Unique ID","Category":"","Description":"","Attributes":0,"ValueType":"System.String"},"Value":"ff464732597fe389380585fa5f88c1eb12b160d0"},{"Key":{"Id":"XunitTestCaseExplicit","Label":"xUnit.net Test Case Explicit Flag","Category":"","Description":"","Attributes":0,"ValueType":"System.Boolean"},"Value":false},{"Key":{"Id":"TestCase.ManagedType","Label":"ManagedType","Category":"","Description":"","Attributes":1,"ValueType":"System.String"},"Value":"SharpMind.Tests.Quantization.QuantizationAgreementTests"}]},"Attachments":[],"Outcome":1,"ErrorMessage":null,"ErrorStackTrace":null,"DisplayName":"SharpMind.Tests.Quantization.QuantizationAgreementTests.VecDot_AllTiers_Agree(dtype: Q4_1)","Messages":[],"ComputerName":"LAPTOP-MKMTSO1B","Duration":"00:00:00.0042979","StartTime":"2026-07-20T05:24:35.4961301+00:00","EndTime":"2026-07-20T05:24:35.4997364+00:00","Properties":[]},{"TestCase":{"Id":"029de822-2ce9-196a-675f-d19aae5cdd48","FullyQualifiedName":"SharpMind.Tests.Data.CleaningPipelineTests.SingleStage_TransformsDocuments","DisplayName":"SharpMind.Tests.Data.CleaningPipelineTests.SingleStage_TransformsDocuments","ExecutorUri":"executor://xunit/VsTestRunner3/netcore/","Source":"C:\\Integral2u\\source\\repos\\SharpMind\\SharpMind.Tests\\bin\\Debug\\net10.0\\SharpMind.Tests.dll","CodeFilePath":null,"LineNumber":0,"Properties":[{"Key":{"Id":"TestCase.ManagedMethod","Label":"ManagedMethod","Category":"","Description":"","Attributes":1,"ValueType":"System.String"},"Value":"SingleStage_TransformsDocuments"},{"Key":{"Id":"XunitTestCaseUniqueID","Label":"xUnit.net Test Case Unique ID","Category":"","Description":"","Attributes":0,"ValueType":"System.String"},"Value":"2a92637fd83d55fbebff8c15a538d0e4e0ce39fb"},{"Key":{"Id":"XunitTestCaseExplicit","Label":"xUnit.net Test Case Explicit Flag","Category":"","Description":"","Attributes":0,"ValueType":"System.Boolean"},"Value":false},{"Key":{"Id":"TestCase.ManagedType","Label":"ManagedType","Category":"","Description":"","Attributes":1,"ValueType":"System.String"},"Value":"SharpMind.Tests.Data.CleaningPipelineTests"}]},"Attachments":[],"Outcome":1,"ErrorMessage":null,"ErrorStackTrace":null,"DisplayName":"SharpMind.Tests.Data.CleaningPipelineTests.SingleStage_TransformsDocuments","Messages":[],"ComputerName":"LAPTOP-MKMTSO1B","Duration":"00:00:00.2150820","StartTime":"2026-07-20T05:24:35.2579189+00:00","EndTime":"2026-07-20T05:24:35.5223668+00:00","Properties":[]},{"TestCase":{"Id":"8005cce7-1d41-d595-74af-7a8cfd85acd6","FullyQualifiedName":"SharpMind.Tests.Data.DataLoaderIntegrationTests.EndToEnd_TextFile_CleanPipeline_PackedBatches","DisplayName":"SharpMind.Tests.Data.DataLoaderIntegrationTests.EndToEnd_TextFile_CleanPipeline_PackedBatches","ExecutorUri":"executor://xunit/VsTestRunner3/netcore/","Source":"C:\\Integral2u\\source\\repos\\SharpMind\\SharpMind.Tests\\bin\\Debug\\net10.0\\SharpMind.Tests.dll","CodeFilePath":null,"LineNumber":0,"Properties":[{"Key":{"Id":"TestCase.ManagedMethod","Label":"ManagedMethod","Category":"","Description":"","Attributes":1,"ValueType":"System.String"},"Value":"EndToEnd_TextFile_CleanPipeline_PackedBatches"},{"Key":{"Id":"XunitTestCaseUniqueID","Label":"xUnit.net Test Case Unique ID","Category":"","Description":"","Attributes":0,"ValueType":"System.String"},"Value":"9aa188052f93038ecfd345b5482a16e91b0c5a43"},{"Key":{"Id":"XunitTestCaseExplicit","Label":"xUnit.net Test Case Explicit Flag","Category":"","Description":"","Attributes":0,"ValueType":"System.Boolean"},"Value":false},{"Key":{"Id":"TestCase.ManagedType","Label":"ManagedType","Category":"","Description":"","Attributes":1,"ValueType":"System.String"},"Value":"SharpMind.Tests.Data.DataLoaderIntegrationTests"}]},"Attachments":[],"Outcome":1,"ErrorMessage":null,"ErrorStackTrace":null,"DisplayName":"SharpMind.Tests.Data.DataLoaderIntegrationTests.EndToEnd_TextFile_CleanPipeline_PackedBatches","Messages":[],"ComputerName":"LAPTOP-MKMTSO1B","Duration":"00:00:00.2025785","StartTime":"2026-07-20T05:24:35.2814544+00:00","EndTime":"2026-07-20T05:24:35.5322354+00:00","Properties":[]},{"TestCase":{"Id":"0234c310-4ee4-c7eb-a54d-fd2c8e4aedd2","FullyQualifiedName":"SharpMind.Tests.Quantization.HalfToFloatTests.HalfToFloat_Scalar_ReturnsCorrectBits","DisplayName":"SharpMind.Tests.Quantization.HalfToFloatTests.HalfToFloat_Scalar_ReturnsCorrectBits(half: 1024, expectedBits: 947912704, _: \"min normal\")","ExecutorUri":"executor://xunit/VsTestRunner3/netcore/","Source":"C:\\Integral2u\\source\\repos\\SharpMind\\SharpMind.Tests\\bin\\Debug\\net10.0\\SharpMind.Tests.dll","CodeFilePath":null,"LineNumber":0,"Properties":[{"Key":{"Id":"TestCase.ManagedMethod","Label":"ManagedMethod","Category":"","Description":"","Attributes":1,"ValueType":"System.String"},"Value":"HalfToFloat_Scalar_ReturnsCorrectBits"},{"Key":{"Id":"XunitTestCaseUniqueID","Label":"xUnit.net Test Case Unique ID","Category":"","Description":"","Attributes":0,"ValueType":"System.String"},"Value":"106d3079837396d147b40aece941dd31358844f2"},{"Key":{"Id":"XunitTestCaseExplicit","Label":"xUnit.net Test Case Explicit Flag","Category":"","Description":"","Attributes":0,"ValueType":"System.Boolean"},"Value":false},{"Key":{"Id":"TestCase.ManagedType","Label":"ManagedType","Category":"","Description":"","Attributes":1,"ValueType":"System.String"},"Value":"SharpMind.Tests.Quantization.HalfToFloatTests"}]},"Attachments":[],"Outcome":1,"ErrorMessage":null,"ErrorStackTrace":null,"DisplayName":"SharpMind.Tests.Quantization.HalfToFloatTests.HalfToFloat_Scalar_ReturnsCorrectBits(half: 1024, expectedBits: 947912704, _: \"min normal\")","Messages":[],"ComputerName":"LAPTOP-MKMTSO1B","Duration":"00:00:00.0101510","StartTime":"2026-07-20T05:24:35.5480211+00:00","EndTime":"2026-07-20T05:24:35.5585382+00:00","Properties":[]},{"TestCase":{"Id":"a1365717-05be-4b2e-7b75-f4caeb03fbe3","FullyQualifiedName":"SharpMind.Tests.Quantization.HalfToFloatTests.HalfToFloat_Scalar_ReturnsCorrectBits","DisplayName":"SharpMind.Tests.Quantization.HalfToFloatTests.HalfToFloat_Scalar_ReturnsCorrectBits(half: 1, expectedBits: 864026624, _: \"min subnormal\")","ExecutorUri":"executor://xunit/VsTestRunner3/netcore/","Source":"C:\\Integral2u\\source\\repos\\SharpMind\\SharpMind.Tests\\bin\\Debug\\net10.0\\SharpMind.Tests.dll","CodeFilePath":null,"LineNumber":0,"Properties":[{"Key":{"Id":"TestCase.ManagedMethod","Label":"ManagedMethod","Category":"","Description":"","Attributes":1,"ValueType":"System.String"},"Value":"HalfToFloat_Scalar_ReturnsCorrectBits"},{"Key":{"Id":"XunitTestCaseUniqueID","Label":"xUnit.net Test Case Unique ID","Category":"","Description":"","Attributes":0,"ValueType":"System.String"},"Value":"23e1c1dc6ecd77ce55c0a045c5318140e9ca1787"},{"Key":{"Id":"XunitTestCaseExplicit","Label":"xUnit.net Test Case Explicit Flag","Category":"","Description":"","Attributes":0,"ValueType":"System.Boolean"},"Value":false},{"Key":{"Id":"TestCase.ManagedType","Label":"ManagedType","Category":"","Description":"","Attributes":1,"ValueType":"System.String"},"Value":"SharpMind.Tests.Quantization.HalfToFloatTests"}]},"Attachments":[],"Outcome":1,"ErrorMessage":null,"ErrorStackTrace":null,"DisplayName":"SharpMind.Tests.Quantization.HalfToFloatTests.HalfToFloat_Scalar_ReturnsCorrectBits(half: 1, expectedBits: 864026624, _: \"min subnormal\")","Messages":[],"ComputerName":"LAPTOP-MKMTSO1B","Duration":"00:00:00.0010409","StartTime":"2026-07-20T05:24:35.5594562+00:00","EndTime":"2026-07-20T05:24:35.5607825+00:00","Properties":[]}],"TestRunStatistics":{"ExecutedTests":196,"Stats":{"Passed":196}},"ActiveTests":[{"Id":"c296bc0b-35fd-8fb6-24be-d113abb893cf","FullyQualifiedName":"SharpMind.Tests.Quantization.QuantizationAgreementTests.QuantizedMatMul_AllTiers_Agree","DisplayName":"SharpMind.Tests.Quantization.QuantizationAgreementTests.QuantizedMatMul_AllTiers_Agree(dtype: Q8_K)","ExecutorUri":"executor://xunit/VsTestRunner3/netcore/","Source":"C:\\Integral2u\\source\\repos\\SharpMind\\SharpMind.Tests\\bin\\Debug\\net10.0\\SharpMind.Tests.dll","CodeFilePath":null,"LineNumber":0,"Properties":[{"Key":{"Id":"TestCase.ManagedMethod","Label":"ManagedMethod","Category":"","Description":"","Attributes":1,"ValueType":"System.String"},"Value":"QuantizedMatMul_AllTiers_Agree"},{"Key":{"Id":"XunitTestCaseUniqueID","Label":"xUnit.net Test Case Unique ID","Category":"","Description":"","Attributes":0,"ValueType":"System.String"},"Value":"1d1cd0cb5c22b1de92cbecf4b8cae11b70b03ec1"},{"Key":{"Id":"XunitTestCaseExplicit","Label":"xUnit.net Test Case Explicit Flag","Category":"","Description":"","Attributes":0,"ValueType":"System.Boolean"},"Value":false},{"Key":{"Id":"TestCase.ManagedType","Label":"ManagedType","Category":"","Description":"","Attributes":1,"ValueType":"System.String"},"Value":"SharpMind.Tests.Quantization.QuantizationAgreementTests"}]},{"Id":"330cd554-6b4f-537e-73f2-b712d4167359","FullyQualifiedName":"SharpMind.Tests.Data.CleaningPipelineTests.Branch_SplitsStream","DisplayName":"SharpMind.Tests.Data.CleaningPipelineTests.Branch_SplitsStream","ExecutorUri":"executor://xunit/VsTestRunner3/netcore/","Source":"C:\\Integral2u\\source\\repos\\SharpMind\\SharpMind.Tests\\bin\\Debug\\net10.0\\SharpMind.Tests.dll","CodeFilePath":null,"LineNumber":0,"Properties":[{"Key":{"Id":"TestCase.ManagedMethod","Label":"ManagedMethod","Category":"","Description":"","Attributes":1,"ValueType":"System.String"},"Value":"Branch_SplitsStream"},{"Key":{"Id":"XunitTestCaseUniqueID","Label":"xUnit.net Test Case Unique ID","Category":"","Description":"","Attributes":0,"ValueType":"System.String"},"Value":"3d96402a55ece8ccb6635bc10cd99e5e1ac90190"},{"Key":{"Id":"XunitTestCaseExplicit","Label":"xUnit.net Test Case Explicit Flag","Category":"","Description":"","Attributes":0,"ValueType":"System.Boolean"},"Value":false},{"Key":{"Id":"TestCase.ManagedType","Label":"ManagedType","Category":"","Description":"","Attributes":1,"ValueType":"System.String"},"Value":"SharpMind.Tests.Data.CleaningPipelineTests"}]},{"Id":"612f7162-9934-706f-7ab4-d47341d26055","FullyQualifiedName":"SharpMind.Tests.Quantization.HalfToFloatTests.HalfToFloat_Scalar_ReturnsCorrectBits","DisplayName":"SharpMind.Tests.Quantization.HalfToFloatTests.HalfToFloat_Scalar_ReturnsCorrectBits(half: 15360, expectedBits: 1065353216, _: \"1.0\")","ExecutorUri":"executor://xunit/VsTestRunner3/netcore/","Source":"C:\\Integral2u\\source\\repos\\SharpMind\\SharpMind.Tests\\bin\\Debug\\net10.0\\SharpMind.Tests.dll","CodeFilePath":null,"LineNumber":0,"Properties":[{"Key":{"Id":"TestCase.ManagedMethod","Label":"ManagedMethod","Category":"","Description":"","Attributes":1,"ValueType":"System.String"},"Value":"HalfToFloat_Scalar_ReturnsCorrectBits"},{"Key":{"Id":"XunitTestCaseUniqueID","Label":"xUnit.net Test Case Unique ID","Category":"","Description":"","Attributes":0,"ValueType":"System.String"},"Value":"37bd60e6d8dd38bb304618a57e98ca83d29abb3d"},{"Key":{"Id":"XunitTestCaseExplicit","Label":"xUnit.net Test Case Explicit Flag","Category":"","Description":"","Attributes":0,"ValueType":"System.Boolean"},"Value":false},{"Key":{"Id":"TestCase.ManagedType","Label":"ManagedType","Category":"","Description":"","Attributes":1,"ValueType":"System.String"},"Value":"SharpMind.Tests.Quantization.HalfToFloatTests"}]}]}}
TpTrace Verbose: 0 : 2820, 13, 2026/07/20, 17:24:35.565, 364644401371, vstest.console.dll, TestRunRequest:SendTestRunStatsChange: Starting.
TpTrace Verbose: 0 : 2820, 13, 2026/07/20, 17:24:35.565, 364644402250, vstest.console.dll, InProgress is SharpMind.Tests.Quantization.QuantizationAgreementTests.QuantizedMatMul_AllTiers_Agree(dtype: Q8_K)
TpTrace Verbose: 0 : 2820, 13, 2026/07/20, 17:24:35.565, 364644402927, vstest.console.dll, InProgress is SharpMind.Tests.Data.CleaningPipelineTests.Branch_SplitsStream
TpTrace Verbose: 0 : 2820, 13, 2026/07/20, 17:24:35.565, 364644403411, vstest.console.dll, InProgress is SharpMind.Tests.Quantization.HalfToFloatTests.HalfToFloat_Scalar_ReturnsCorrectBits(half: 15360, expectedBits: 1065353216, _: "1.0")
TpTrace Verbose: 0 : 2820, 13, 2026/07/20, 17:24:35.565, 364644404148, vstest.console.dll, MulticastDelegateUtilities.SafeInvoke: TestRun.RunStatsChanged: Invoking callbacks was skipped because there are no subscribers.
TpTrace Verbose: 0 : 2820, 4, 2026/07/20, 17:24:35.566, 364644404614, vstest.console.dll, MulticastDelegateUtilities.SafeInvoke: InternalTestLoggerEvents.SendTestResult: Invoking callback 1/1 for Microsoft.VisualStudio.TestPlatform.CommandLine.Internal.ConsoleLogger., took 0 ms.
TpTrace Information: 0 : 2820, 13, 2026/07/20, 17:24:35.566, 364644404697, vstest.console.dll, TestRunRequest:SendTestRunStatsChange: Completed.
TpTrace Verbose: 0 : 2820, 4, 2026/07/20, 17:24:35.566, 364644405455, vstest.console.dll, MulticastDelegateUtilities.SafeInvoke: InternalTestLoggerEvents.SendTestResult: Invoking callback 1/1 for Microsoft.VisualStudio.TestPlatform.CommandLine.Internal.ConsoleLogger., took 0 ms.
TpTrace Verbose: 0 : 2820, 13, 2026/07/20, 17:24:35.566, 364644405926, vstest.console.dll, MulticastDelegateUtilities.SafeInvoke: LengthPrefixCommunicationChannel: MessageReceived: Invoking callback 1/1 for Microsoft.VisualStudio.TestPlatform.CommunicationUtilities.TestRequestSender+<>c__DisplayClass34_0., took 1 ms.
TpTrace Verbose: 0 : 2820, 4, 2026/07/20, 17:24:35.566, 364644406397, vstest.console.dll, MulticastDelegateUtilities.SafeInvoke: InternalTestLoggerEvents.SendTestResult: Invoking callback 1/1 for Microsoft.VisualStudio.TestPlatform.CommandLine.Internal.ConsoleLogger., took 0 ms.
TpTrace Verbose: 0 : 2820, 13, 2026/07/20, 17:24:35.566, 364644406961, vstest.console.dll, TcpClientExtensions.MessageLoopAsync: Polling on remoteEndPoint: 127.0.0.1:55546 localEndPoint: 127.0.0.1:55545 after 187 ms
TpTrace Verbose: 0 : 2820, 4, 2026/07/20, 17:24:35.566, 364644407491, vstest.console.dll, MulticastDelegateUtilities.SafeInvoke: InternalTestLoggerEvents.SendTestResult: Invoking callback 1/1 for Microsoft.VisualStudio.TestPlatform.CommandLine.Internal.ConsoleLogger., took 0 ms.
TpTrace Verbose: 0 : 2820, 4, 2026/07/20, 17:24:35.566, 364644408348, vstest.console.dll, MulticastDelegateUtilities.SafeInvoke: InternalTestLoggerEvents.SendTestResult: Invoking callback 1/1 for Microsoft.VisualStudio.TestPlatform.CommandLine.Internal.ConsoleLogger., took 0 ms.
TpTrace Verbose: 0 : 2820, 4, 2026/07/20, 17:24:35.566, 364644408811, vstest.console.dll, MulticastDelegateUtilities.SafeInvoke: InternalTestLoggerEvents.SendTestResult: Invoking callback 1/1 for Microsoft.VisualStudio.TestPlatform.CommandLine.Internal.ConsoleLogger., took 0 ms.
TpTrace Verbose: 0 : 2820, 4, 2026/07/20, 17:24:35.566, 364644409295, vstest.console.dll, MulticastDelegateUtilities.SafeInvoke: InternalTestLoggerEvents.SendTestResult: Invoking callback 1/1 for Microsoft.VisualStudio.TestPlatform.CommandLine.Internal.ConsoleLogger., took 0 ms.
TpTrace Verbose: 0 : 2820, 13, 2026/07/20, 17:24:35.576, 364644511138, vstest.console.dll, TcpClientExtensions.MessageLoopAsync: NotifyDataAvailable remoteEndPoint: 127.0.0.1:55546 localEndPoint: 127.0.0.1:55545
TpTrace Verbose: 0 : 2820, 13, 2026/07/20, 17:24:35.577, 364644514968, vstest.console.dll, TestRequestSender.OnExecutionMessageReceived: Received message: {"Version":7,"MessageType":"TestExecution.StatsChange","Payload":{"NewTestResults":[{"TestCase":{"Id":"612f7162-9934-706f-7ab4-d47341d26055","FullyQualifiedName":"SharpMind.Tests.Quantization.HalfToFloatTests.HalfToFloat_Scalar_ReturnsCorrectBits","DisplayName":"SharpMind.Tests.Quantization.HalfToFloatTests.HalfToFloat_Scalar_ReturnsCorrectBits(half: 15360, expectedBits: 1065353216, _: \"1.0\")","ExecutorUri":"executor://xunit/VsTestRunner3/netcore/","Source":"C:\\Integral2u\\source\\repos\\SharpMind\\SharpMind.Tests\\bin\\Debug\\net10.0\\SharpMind.Tests.dll","CodeFilePath":null,"LineNumber":0,"Properties":[{"Key":{"Id":"TestCase.ManagedMethod","Label":"ManagedMethod","Category":"","Description":"","Attributes":1,"ValueType":"System.String"},"Value":"HalfToFloat_Scalar_ReturnsCorrectBits"},{"Key":{"Id":"XunitTestCaseUniqueID","Label":"xUnit.net Test Case Unique ID","Category":"","Description":"","Attributes":0,"ValueType":"System.String"},"Value":"37bd60e6d8dd38bb304618a57e98ca83d29abb3d"},{"Key":{"Id":"XunitTestCaseExplicit","Label":"xUnit.net Test Case Explicit Flag","Category":"","Description":"","Attributes":0,"ValueType":"System.Boolean"},"Value":false},{"Key":{"Id":"TestCase.ManagedType","Label":"ManagedType","Category":"","Description":"","Attributes":1,"ValueType":"System.String"},"Value":"SharpMind.Tests.Quantization.HalfToFloatTests"}]},"Attachments":[],"Outcome":1,"ErrorMessage":null,"ErrorStackTrace":null,"DisplayName":"SharpMind.Tests.Quantization.HalfToFloatTests.HalfToFloat_Scalar_ReturnsCorrectBits(half: 15360, expectedBits: 1065353216, _: \"1.0\")","Messages":[],"ComputerName":"LAPTOP-MKMTSO1B","Duration":"00:00:00.0000289","StartTime":"2026-07-20T05:24:35.5642807+00:00","EndTime":"2026-07-20T05:24:35.5644687+00:00","Properties":[]},{"TestCase":{"Id":"bf81b800-34c2-f423-67b5-34522b50b012","FullyQualifiedName":"SharpMind.Tests.Quantization.HalfToFloatTests.HalfToFloat_Scalar_ReturnsCorrectBits","DisplayName":"SharpMind.Tests.Quantization.HalfToFloatTests.HalfToFloat_Scalar_ReturnsCorrectBits(half: 1023, expectedBits: 947896320, _: \"max subnormal\")","ExecutorUri":"executor://xunit/VsTestRunner3/netcore/","Source":"C:\\Integral2u\\source\\repos\\SharpMind\\SharpMind.Tests\\bin\\Debug\\net10.0\\SharpMind.Tests.dll","CodeFilePath":null,"LineNumber":0,"Properties":[{"Key":{"Id":"TestCase.ManagedMethod","Label":"ManagedMethod","Category":"","Description":"","Attributes":1,"ValueType":"System.String"},"Value":"HalfToFloat_Scalar_ReturnsCorrectBits"},{"Key":{"Id":"XunitTestCaseUniqueID","Label":"xUnit.net Test Case Unique ID","Category":"","Description":"","Attributes":0,"ValueType":"System.String"},"Value":"395efc6a74b39ab746236c457fb5eb75babc758c"},{"Key":{"Id":"XunitTestCaseExplicit","Label":"xUnit.net Test Case Explicit Flag","Category":"","Description":"","Attributes":0,"ValueType":"System.Boolean"},"Value":false},{"Key":{"Id":"TestCase.ManagedType","Label":"ManagedType","Category":"","Description":"","Attributes":1,"ValueType":"System.String"},"Value":"SharpMind.Tests.Quantization.HalfToFloatTests"}]},"Attachments":[],"Outcome":1,"ErrorMessage":null,"ErrorStackTrace":null,"DisplayName":"SharpMind.Tests.Quantization.HalfToFloatTests.HalfToFloat_Scalar_ReturnsCorrectBits(half: 1023, expectedBits: 947896320, _: \"max subnormal\")","Messages":[],"ComputerName":"LAPTOP-MKMTSO1B","Duration":"00:00:00.0000053","StartTime":"2026-07-20T05:24:35.565327+00:00","EndTime":"2026-07-20T05:24:35.5654793+00:00","Properties":[]},{"TestCase":{"Id":"5fb11e75-c2e5-07d8-7f34-4557303014c2","FullyQualifiedName":"SharpMind.Tests.Quantization.HalfToFloatTests.HalfToFloat_Scalar_ReturnsCorrectBits","DisplayName":"SharpMind.Tests.Quantization.HalfToFloatTests.HalfToFloat_Scalar_ReturnsCorrectBits(half: 32768, expectedBits: 2147483648, _: \"-0\")","ExecutorUri":"executor://xunit/VsTestRunner3/netcore/","Source":"C:\\Integral2u\\source\\repos\\SharpMind\\SharpMind.Tests\\bin\\Debug\\net10.0\\SharpMind.Tests.dll","CodeFilePath":null,"LineNumber":0,"Properties":[{"Key":{"Id":"TestCase.ManagedMethod","Label":"ManagedMethod","Category":"","Description":"","Attributes":1,"ValueType":"System.String"},"Value":"HalfToFloat_Scalar_ReturnsCorrectBits"},{"Key":{"Id":"XunitTestCaseUniqueID","Label":"xUnit.net Test Case Unique ID","Category":"","Description":"","Attributes":0,"ValueType":"System.String"},"Value":"8612f6db2b8605865213c93f114a62b8a8d7fb75"},{"Key":{"Id":"XunitTestCaseExplicit","Label":"xUnit.net Test Case Explicit Flag","Category":"","Description":"","Attributes":0,"ValueType":"System.Boolean"},"Value":false},{"Key":{"Id":"TestCase.ManagedType","Label":"ManagedType","Category":"","Description":"","Attributes":1,"ValueType":"System.String"},"Value":"SharpMind.Tests.Quantization.HalfToFloatTests"}]},"Attachments":[],"Outcome":1,"ErrorMessage":null,"ErrorStackTrace":null,"DisplayName":"SharpMind.Tests.Quantization.HalfToFloatTests.HalfToFloat_Scalar_ReturnsCorrectBits(half: 32768, expectedBits: 2147483648, _: \"-0\")","Messages":[],"ComputerName":"LAPTOP-MKMTSO1B","Duration":"00:00:00.0000047","StartTime":"2026-07-20T05:24:35.5660692+00:00","EndTime":"2026-07-20T05:24:35.5661994+00:00","Properties":[]},{"TestCase":{"Id":"39110929-b75b-2b8d-cb10-b1f20c8b1dd2","FullyQualifiedName":"SharpMind.Tests.Quantization.HalfToFloatTests.HalfToFloat_Scalar_ReturnsCorrectBits","DisplayName":"SharpMind.Tests.Quantization.HalfToFloatTests.HalfToFloat_Scalar_ReturnsCorrectBits(half: 31743, expectedBits: 1199562752, _: \"max normal\")","ExecutorUri":"executor://xunit/VsTestRunner3/netcore/","Source":"C:\\Integral2u\\source\\repos\\SharpMind\\SharpMind.Tests\\bin\\Debug\\net10.0\\SharpMind.Tests.dll","CodeFilePath":null,"LineNumber":0,"Properties":[{"Key":{"Id":"TestCase.ManagedMethod","Label":"ManagedMethod","Category":"","Description":"","Attributes":1,"ValueType":"System.String"},"Value":"HalfToFloat_Scalar_ReturnsCorrectBits"},{"Key":{"Id":"XunitTestCaseUniqueID","Label":"xUnit.net Test Case Unique ID","Category":"","Description":"","Attributes":0,"ValueType":"System.String"},"Value":"87a853189516f34ebcdc56c113c9a5896e2a41e2"},{"Key":{"Id":"XunitTestCaseExplicit","Label":"xUnit.net Test Case Explicit Flag","Category":"","Description":"","Attributes":0,"ValueType":"System.Boolean"},"Value":false},{"Key":{"Id":"TestCase.ManagedType","Label":"ManagedType","Category":"","Description":"","Attributes":1,"ValueType":"System.String"},"Value":"SharpMind.Tests.Quantization.HalfToFloatTests"}]},"Attachments":[],"Outcome":1,"ErrorMessage":null,"ErrorStackTrace":null,"DisplayName":"SharpMind.Tests.Quantization.HalfToFloatTests.HalfToFloat_Scalar_ReturnsCorrectBits(half: 31743, expectedBits: 1199562752, _: \"max normal\")","Messages":[],"ComputerName":"LAPTOP-MKMTSO1B","Duration":"00:00:00.0000045","StartTime":"2026-07-20T05:24:35.5667975+00:00","EndTime":"2026-07-20T05:24:35.5669375+00:00","Properties":[]},{"TestCase":{"Id":"9558e300-5cba-aaad-5cb7-84e178fb498a","FullyQualifiedName":"SharpMind.Tests.Quantization.HalfToFloatTests.HalfToFloat_Scalar_ReturnsCorrectBits","DisplayName":"SharpMind.Tests.Quantization.HalfToFloatTests.HalfToFloat_Scalar_ReturnsCorrectBits(half: 14336, expectedBits: 1056964608, _: \"0.5\")","ExecutorUri":"executor://xunit/VsTestRunner3/netcore/","Source":"C:\\Integral2u\\source\\repos\\SharpMind\\SharpMind.Tests\\bin\\Debug\\net10.0\\SharpMind.Tests.dll","CodeFilePath":null,"LineNumber":0,"Properties":[{"Key":{"Id":"TestCase.ManagedMethod","Label":"ManagedMethod","Category":"","Description":"","Attributes":1,"ValueType":"System.String"},"Value":"HalfToFloat_Scalar_ReturnsCorrectBits"},{"Key":{"Id":"XunitTestCaseUniqueID","Label":"xUnit.net Test Case Unique ID","Category":"","Description":"","Attributes":0,"ValueType":"System.String"},"Value":"88faab731b2d63fc9a145af7071e1e1a68258614"},{"Key":{"Id":"XunitTestCaseExplicit","Label":"xUnit.net Test Case Explicit Flag","Category":"","Description":"","Attributes":0,"ValueType":"System.Boolean"},"Value":false},{"Key":{"Id":"TestCase.ManagedType","Label":"ManagedType","Category":"","Description":"","Attributes":1,"ValueType":"System.String"},"Value":"SharpMind.Tests.Quantization.HalfToFloatTests"}]},"Attachments":[],"Outcome":1,"ErrorMessage":null,"ErrorStackTrace":null,"DisplayName":"SharpMind.Tests.Quantization.HalfToFloatTests.HalfToFloat_Scalar_ReturnsCorrectBits(half: 14336, expectedBits: 1056964608, _: \"0.5\")","Messages":[],"ComputerName":"LAPTOP-MKMTSO1B","Duration":"00:00:00.0000043","StartTime":"2026-07-20T05:24:35.5700044+00:00","EndTime":"2026-07-20T05:24:35.5702027+00:00","Properties":[]},{"TestCase":{"Id":"f8a4e0c8-b5bd-ed9d-b3f2-1d186b9c095c","FullyQualifiedName":"SharpMind.Tests.Quantization.HalfToFloatTests.HalfToFloat_Scalar_ReturnsCorrectBits","DisplayName":"SharpMind.Tests.Quantization.HalfToFloatTests.HalfToFloat_Scalar_ReturnsCorrectBits(half: 26623, expectedBits: 1157619712, _: \"large normal\")","ExecutorUri":"executor://xunit/VsTestRunner3/netcore/","Source":"C:\\Integral2u\\source\\repos\\SharpMind\\SharpMind.Tests\\bin\\Debug\\net10.0\\SharpMind.Tests.dll","CodeFilePath":null,"LineNumber":0,"Properties":[{"Key":{"Id":"TestCase.ManagedMethod","Label":"ManagedMethod","Category":"","Description":"","Attributes":1,"ValueType":"System.String"},"Value":"HalfToFloat_Scalar_ReturnsCorrectBits"},{"Key":{"Id":"XunitTestCaseUniqueID","Label":"xUnit.net Test Case Unique ID","Category":"","Description":"","Attributes":0,"ValueType":"System.String"},"Value":"940dd5be74a54a364e7e5faa7b4a4be1c48a4299"},{"Key":{"Id":"XunitTestCaseExplicit","Label":"xUnit.net Test Case Explicit Flag","Category":"","Description":"","Attributes":0,"ValueType":"System.Boolean"},"Value":false},{"Key":{"Id":"TestCase.ManagedType","Label":"ManagedType","Category":"","Description":"","Attributes":1,"ValueType":"System.String"},"Value":"SharpMind.Tests.Quantization.HalfToFloatTests"}]},"Attachments":[],"Outcome":1,"ErrorMessage":null,"ErrorStackTrace":null,"DisplayName":"SharpMind.Tests.Quantization.HalfToFloatTests.HalfToFloat_Scalar_ReturnsCorrectBits(half: 26623, expectedBits: 1157619712, _: \"large normal\")","Messages":[],"ComputerName":"LAPTOP-MKMTSO1B","Duration":"00:00:00.0000038","StartTime":"2026-07-20T05:24:35.5714892+00:00","EndTime":"2026-07-20T05:24:35.571672+00:00","Properties":[]},{"TestCase":{"Id":"8dc7ad9a-1ab5-d626-551e-77bff629aa1a","FullyQualifiedName":"SharpMind.Tests.Quantization.HalfToFloatTests.HalfToFloat_Scalar_ReturnsCorrectBits","DisplayName":"SharpMind.Tests.Quantization.HalfToFloatTests.HalfToFloat_Scalar_ReturnsCorrectBits(half: 16384, expectedBits: 1073741824, _: \"2.0\")","ExecutorUri":"executor://xunit/VsTestRunner3/netcore/","Source":"C:\\Integral2u\\source\\repos\\SharpMind\\SharpMind.Tests\\bin\\Debug\\net10.0\\SharpMind.Tests.dll","CodeFilePath":null,"LineNumber":0,"Properties":[{"Key":{"Id":"TestCase.ManagedMethod","Label":"ManagedMethod","Category":"","Description":"","Attributes":1,"ValueType":"System.String"},"Value":"HalfToFloat_Scalar_ReturnsCorrectBits"},{"Key":{"Id":"XunitTestCaseUniqueID","Label":"xUnit.net Test Case Unique ID","Category":"","Description":"","Attributes":0,"ValueType":"System.String"},"Value":"df84ebe70d56b7e7d4c538e9a69d74e480b0dd80"},{"Key":{"Id":"XunitTestCaseExplicit","Label":"xUnit.net Test Case Explicit Flag","Category":"","Description":"","Attributes":0,"ValueType":"System.Boolean"},"Value":false},{"Key":{"Id":"TestCase.ManagedType","Label":"ManagedType","Category":"","Description":"","Attributes":1,"ValueType":"System.String"},"Value":"SharpMind.Tests.Quantization.HalfToFloatTests"}]},"Attachments":[],"Outcome":1,"ErrorMessage":null,"ErrorStackTrace":null,"DisplayName":"SharpMind.Tests.Quantization.HalfToFloatTests.HalfToFloat_Scalar_ReturnsCorrectBits(half: 16384, expectedBits: 1073741824, _: \"2.0\")","Messages":[],"ComputerName":"LAPTOP-MKMTSO1B","Duration":"00:00:00.0000041","StartTime":"2026-07-20T05:24:35.5723968+00:00","EndTime":"2026-07-20T05:24:35.572568+00:00","Properties":[]},{"TestCase":{"Id":"29c93075-3ec8-9255-2c02-a1497a2f6928","FullyQualifiedName":"SharpMind.Tests.Quantization.HalfToFloatTests.HalfToFloat_Scalar_ReturnsCorrectBits","DisplayName":"SharpMind.Tests.Quantization.HalfToFloatTests.HalfToFloat_Scalar_ReturnsCorrectBits(half: 48128, expectedBits: 3212836864, _: \"-1.0\")","ExecutorUri":"executor://xunit/VsTestRunner3/netcore/","Source":"C:\\Integral2u\\source\\repos\\SharpMind\\SharpMind.Tests\\bin\\Debug\\net10.0\\SharpMind.Tests.dll","CodeFilePath":null,"LineNumber":0,"Properties":[{"Key":{"Id":"TestCase.ManagedMethod","Label":"ManagedMethod","Category":"","Description":"","Attributes":1,"ValueType":"System.String"},"Value":"HalfToFloat_Scalar_ReturnsCorrectBits"},{"Key":{"Id":"XunitTestCaseUniqueID","Label":"xUnit.net Test Case Unique ID","Category":"","Description":"","Attributes":0,"ValueType":"System.String"},"Value":"e07f7f1d3aa1f343156d065463ffe72864488427"},{"Key":{"Id":"XunitTestCaseExplicit","Label":"xUnit.net Test Case Explicit Flag","Category":"","Description":"","Attributes":0,"ValueType":"System.Boolean"},"Value":false},{"Key":{"Id":"TestCase.ManagedType","Label":"ManagedType","Category":"","Description":"","Attributes":1,"ValueType":"System.String"},"Value":"SharpMind.Tests.Quantization.HalfToFloatTests"}]},"Attachments":[],"Outcome":1,"ErrorMessage":null,"ErrorStackTrace":null,"DisplayName":"SharpMind.Tests.Quantization.HalfToFloatTests.HalfToFloat_Scalar_ReturnsCorrectBits(half: 48128, expectedBits: 3212836864, _: \"-1.0\")","Messages":[],"ComputerName":"LAPTOP-MKMTSO1B","Duration":"00:00:00.0000039","StartTime":"2026-07-20T05:24:35.5732424+00:00","EndTime":"2026-07-20T05:24:35.5734075+00:00","Properties":[]},{"TestCase":{"Id":"2056d6db-d4a0-791d-8181-c4c12643a8c6","FullyQualifiedName":"SharpMind.Tests.Quantization.HalfToFloatTests.HalfToFloat_Scalar_ReturnsCorrectBits","DisplayName":"SharpMind.Tests.Quantization.HalfToFloatTests.HalfToFloat_Scalar_ReturnsCorrectBits(half: 6485, expectedBits: 992649216, _: \"arbitrary normal\")","ExecutorUri":"executor://xunit/VsTestRunner3/netcore/","Source":"C:\\Integral2u\\source\\repos\\SharpMind\\SharpMind.Tests\\bin\\Debug\\net10.0\\SharpMind.Tests.dll","CodeFilePath":null,"LineNumber":0,"Properties":[{"Key":{"Id":"TestCase.ManagedMethod","Label":"ManagedMethod","Category":"","Description":"","Attributes":1,"ValueType":"System.String"},"Value":"HalfToFloat_Scalar_ReturnsCorrectBits"},{"Key":{"Id":"XunitTestCaseUniqueID","Label":"xUnit.net Test Case Unique ID","Category":"","Description":"","Attributes":0,"ValueType":"System.String"},"Value":"f48fc543af736d21cdfc5126c7158aa0f59e1b8b"},{"Key":{"Id":"XunitTestCaseExplicit","Label":"xUnit.net Test Case Explicit Flag","Category":"","Description":"","Attributes":0,"ValueType":"System.Boolean"},"Value":false},{"Key":{"Id":"TestCase.ManagedType","Label":"ManagedType","Category":"","Description":"","Attributes":1,"ValueType":"System.String"},"Value":"SharpMind.Tests.Quantization.HalfToFloatTests"}]},"Attachments":[],"Outcome":1,"ErrorMessage":null,"ErrorStackTrace":null,"DisplayName":"SharpMind.Tests.Quantization.HalfToFloatTests.HalfToFloat_Scalar_ReturnsCorrectBits(half: 6485, expectedBits: 992649216, _: \"arbitrary normal\")","Messages":[],"ComputerName":"LAPTOP-MKMTSO1B","Duration":"00:00:00.0000038","StartTime":"2026-07-20T05:24:35.5740443+00:00","EndTime":"2026-07-20T05:24:35.5741837+00:00","Properties":[]}],"TestRunStatistics":{"ExecutedTests":205,"Stats":{"Passed":205}},"ActiveTests":[{"Id":"5d4b66ec-ca45-de57-e643-95add498b0dd","FullyQualifiedName":"SharpMind.Tests.Quantization.HalfToFloatTests.HalfToFloat_Scalar_ReturnsCorrectBits","DisplayName":"SharpMind.Tests.Quantization.HalfToFloatTests.HalfToFloat_Scalar_ReturnsCorrectBits(half: 0, expectedBits: 0, _: \"+0\")","ExecutorUri":"executor://xunit/VsTestRunner3/netcore/","Source":"C:\\Integral2u\\source\\repos\\SharpMind\\SharpMind.Tests\\bin\\Debug\\net10.0\\SharpMind.Tests.dll","CodeFilePath":null,"LineNumber":0,"Properties":[{"Key":{"Id":"TestCase.ManagedMethod","Label":"ManagedMethod","Category":"","Description":"","Attributes":1,"ValueType":"System.String"},"Value":"HalfToFloat_Scalar_ReturnsCorrectBits"},{"Key":{"Id":"XunitTestCaseUniqueID","Label":"xUnit.net Test Case Unique ID","Category":"","Description":"","Attributes":0,"ValueType":"System.String"},"Value":"fe949dac89d455b8aa488ae1bb002b33909d7aed"},{"Key":{"Id":"XunitTestCaseExplicit","Label":"xUnit.net Test Case Explicit Flag","Category":"","Description":"","Attributes":0,"ValueType":"System.Boolean"},"Value":false},{"Key":{"Id":"TestCase.ManagedType","Label":"ManagedType","Category":"","Description":"","Attributes":1,"ValueType":"System.String"},"Value":"SharpMind.Tests.Quantization.HalfToFloatTests"}]}]}}
TpTrace Verbose: 0 : 2820, 13, 2026/07/20, 17:24:35.578, 364644532375, vstest.console.dll, TestRunRequest:SendTestRunStatsChange: Starting.
TpTrace Verbose: 0 : 2820, 13, 2026/07/20, 17:24:35.578, 364644533310, vstest.console.dll, InProgress is SharpMind.Tests.Quantization.HalfToFloatTests.HalfToFloat_Scalar_ReturnsCorrectBits(half: 0, expectedBits: 0, _: "+0")
TpTrace Verbose: 0 : 2820, 13, 2026/07/20, 17:24:35.578, 364644534105, vstest.console.dll, MulticastDelegateUtilities.SafeInvoke: TestRun.RunStatsChanged: Invoking callbacks was skipped because there are no subscribers.
TpTrace Verbose: 0 : 2820, 4, 2026/07/20, 17:24:35.579, 364644534654, vstest.console.dll, MulticastDelegateUtilities.SafeInvoke: InternalTestLoggerEvents.SendTestResult: Invoking callback 1/1 for Microsoft.VisualStudio.TestPlatform.CommandLine.Internal.ConsoleLogger., took 0 ms.
TpTrace Information: 0 : 2820, 13, 2026/07/20, 17:24:35.579, 364644534818, vstest.console.dll, TestRunRequest:SendTestRunStatsChange: Completed.
TpTrace Verbose: 0 : 2820, 4, 2026/07/20, 17:24:35.579, 364644535654, vstest.console.dll, MulticastDelegateUtilities.SafeInvoke: InternalTestLoggerEvents.SendTestResult: Invoking callback 1/1 for Microsoft.VisualStudio.TestPlatform.CommandLine.Internal.ConsoleLogger., took 0 ms.
TpTrace Verbose: 0 : 2820, 13, 2026/07/20, 17:24:35.579, 364644536104, vstest.console.dll, MulticastDelegateUtilities.SafeInvoke: LengthPrefixCommunicationChannel: MessageReceived: Invoking callback 1/1 for Microsoft.VisualStudio.TestPlatform.CommunicationUtilities.TestRequestSender+<>c__DisplayClass34_0., took 2 ms.
TpTrace Verbose: 0 : 2820, 4, 2026/07/20, 17:24:35.579, 364644536765, vstest.console.dll, MulticastDelegateUtilities.SafeInvoke: InternalTestLoggerEvents.SendTestResult: Invoking callback 1/1 for Microsoft.VisualStudio.TestPlatform.CommandLine.Internal.ConsoleLogger., took 0 ms.
TpTrace Verbose: 0 : 2820, 13, 2026/07/20, 17:24:35.579, 364644537165, vstest.console.dll, TcpClientExtensions.MessageLoopAsync: Polling on remoteEndPoint: 127.0.0.1:55546 localEndPoint: 127.0.0.1:55545 after 12 ms
TpTrace Verbose: 0 : 2820, 4, 2026/07/20, 17:24:35.579, 364644537758, vstest.console.dll, MulticastDelegateUtilities.SafeInvoke: InternalTestLoggerEvents.SendTestResult: Invoking callback 1/1 for Microsoft.VisualStudio.TestPlatform.CommandLine.Internal.ConsoleLogger., took 0 ms.
TpTrace Verbose: 0 : 2820, 4, 2026/07/20, 17:24:35.579, 364644538762, vstest.console.dll, MulticastDelegateUtilities.SafeInvoke: InternalTestLoggerEvents.SendTestResult: Invoking callback 1/1 for Microsoft.VisualStudio.TestPlatform.CommandLine.Internal.ConsoleLogger., took 0 ms.
TpTrace Verbose: 0 : 2820, 4, 2026/07/20, 17:24:35.579, 364644539345, vstest.console.dll, MulticastDelegateUtilities.SafeInvoke: InternalTestLoggerEvents.SendTestResult: Invoking callback 1/1 for Microsoft.VisualStudio.TestPlatform.CommandLine.Internal.ConsoleLogger., took 0 ms.
TpTrace Verbose: 0 : 2820, 4, 2026/07/20, 17:24:35.579, 364644539880, vstest.console.dll, MulticastDelegateUtilities.SafeInvoke: InternalTestLoggerEvents.SendTestResult: Invoking callback 1/1 for Microsoft.VisualStudio.TestPlatform.CommandLine.Internal.ConsoleLogger., took 0 ms.
TpTrace Verbose: 0 : 2820, 4, 2026/07/20, 17:24:35.579, 364644540432, vstest.console.dll, MulticastDelegateUtilities.SafeInvoke: InternalTestLoggerEvents.SendTestResult: Invoking callback 1/1 for Microsoft.VisualStudio.TestPlatform.CommandLine.Internal.ConsoleLogger., took 0 ms.
TpTrace Verbose: 0 : 2820, 4, 2026/07/20, 17:24:35.579, 364644540966, vstest.console.dll, MulticastDelegateUtilities.SafeInvoke: InternalTestLoggerEvents.SendTestResult: Invoking callback 1/1 for Microsoft.VisualStudio.TestPlatform.CommandLine.Internal.ConsoleLogger., took 0 ms.
TpTrace Verbose: 0 : 2820, 13, 2026/07/20, 17:24:35.604, 364644789325, vstest.console.dll, TcpClientExtensions.MessageLoopAsync: NotifyDataAvailable remoteEndPoint: 127.0.0.1:55546 localEndPoint: 127.0.0.1:55545
TpTrace Verbose: 0 : 2820, 13, 2026/07/20, 17:24:35.605, 364644794856, vstest.console.dll, TestRequestSender.OnExecutionMessageReceived: Received message: {"Version":7,"MessageType":"TestExecution.StatsChange","Payload":{"NewTestResults":[{"TestCase":{"Id":"5d4b66ec-ca45-de57-e643-95add498b0dd","FullyQualifiedName":"SharpMind.Tests.Quantization.HalfToFloatTests.HalfToFloat_Scalar_ReturnsCorrectBits","DisplayName":"SharpMind.Tests.Quantization.HalfToFloatTests.HalfToFloat_Scalar_ReturnsCorrectBits(half: 0, expectedBits: 0, _: \"+0\")","ExecutorUri":"executor://xunit/VsTestRunner3/netcore/","Source":"C:\\Integral2u\\source\\repos\\SharpMind\\SharpMind.Tests\\bin\\Debug\\net10.0\\SharpMind.Tests.dll","CodeFilePath":null,"LineNumber":0,"Properties":[{"Key":{"Id":"TestCase.ManagedMethod","Label":"ManagedMethod","Category":"","Description":"","Attributes":1,"ValueType":"System.String"},"Value":"HalfToFloat_Scalar_ReturnsCorrectBits"},{"Key":{"Id":"XunitTestCaseUniqueID","Label":"xUnit.net Test Case Unique ID","Category":"","Description":"","Attributes":0,"ValueType":"System.String"},"Value":"fe949dac89d455b8aa488ae1bb002b33909d7aed"},{"Key":{"Id":"XunitTestCaseExplicit","Label":"xUnit.net Test Case Explicit Flag","Category":"","Description":"","Attributes":0,"ValueType":"System.Boolean"},"Value":false},{"Key":{"Id":"TestCase.ManagedType","Label":"ManagedType","Category":"","Description":"","Attributes":1,"ValueType":"System.String"},"Value":"SharpMind.Tests.Quantization.HalfToFloatTests"}]},"Attachments":[],"Outcome":1,"ErrorMessage":null,"ErrorStackTrace":null,"DisplayName":"SharpMind.Tests.Quantization.HalfToFloatTests.HalfToFloat_Scalar_ReturnsCorrectBits(half: 0, expectedBits: 0, _: \"+0\")","Messages":[],"ComputerName":"LAPTOP-MKMTSO1B","Duration":"00:00:00.0000039","StartTime":"2026-07-20T05:24:35.5769191+00:00","EndTime":"2026-07-20T05:24:35.5770706+00:00","Properties":[]},{"TestCase":{"Id":"d3452a15-131b-dc07-4480-48b8564facfd","FullyQualifiedName":"SharpMind.Tests.Quantization.HalfToFloatTests.FloatToHalf_Scalar_ReturnsCorrectBits","DisplayName":"SharpMind.Tests.Quantization.HalfToFloatTests.FloatToHalf_Scalar_ReturnsCorrectBits(floatBits: 1056964608, expectedHalf: 14336, _: \"0.5\")","ExecutorUri":"executor://xunit/VsTestRunner3/netcore/","Source":"C:\\Integral2u\\source\\repos\\SharpMind\\SharpMind.Tests\\bin\\Debug\\net10.0\\SharpMind.Tests.dll","CodeFilePath":null,"LineNumber":0,"Properties":[{"Key":{"Id":"TestCase.ManagedMethod","Label":"ManagedMethod","Category":"","Description":"","Attributes":1,"ValueType":"System.String"},"Value":"FloatToHalf_Scalar_ReturnsCorrectBits"},{"Key":{"Id":"XunitTestCaseUniqueID","Label":"xUnit.net Test Case Unique ID","Category":"","Description":"","Attributes":0,"ValueType":"System.String"},"Value":"109fe35215da26b51c4fe67c2564240b2e256d94"},{"Key":{"Id":"XunitTestCaseExplicit","Label":"xUnit.net Test Case Explicit Flag","Category":"","Description":"","Attributes":0,"ValueType":"System.Boolean"},"Value":false},{"Key":{"Id":"TestCase.ManagedType","Label":"ManagedType","Category":"","Description":"","Attributes":1,"ValueType":"System.String"},"Value":"SharpMind.Tests.Quantization.HalfToFloatTests"}]},"Attachments":[],"Outcome":1,"ErrorMessage":null,"ErrorStackTrace":null,"DisplayName":"SharpMind.Tests.Quantization.HalfToFloatTests.FloatToHalf_Scalar_ReturnsCorrectBits(floatBits: 1056964608, expectedHalf: 14336, _: \"0.5\")","Messages":[],"ComputerName":"LAPTOP-MKMTSO1B","Duration":"00:00:00.0129968","StartTime":"2026-07-20T05:24:35.5779052+00:00","EndTime":"2026-07-20T05:24:35.5780474+00:00","Properties":[]},{"TestCase":{"Id":"597c1f1c-a696-ec9b-be43-21d25285df22","FullyQualifiedName":"SharpMind.Tests.Quantization.HalfToFloatTests.FloatToHalf_Scalar_ReturnsCorrectBits","DisplayName":"SharpMind.Tests.Quantization.HalfToFloatTests.FloatToHalf_Scalar_ReturnsCorrectBits(floatBits: 1199562752, expectedHalf: 31743, _: \"max normal\")","ExecutorUri":"executor://xunit/VsTestRunner3/netcore/","Source":"C:\\Integral2u\\source\\repos\\SharpMind\\SharpMind.Tests\\bin\\Debug\\net10.0\\SharpMind.Tests.dll","CodeFilePath":null,"LineNumber":0,"Properties":[{"Key":{"Id":"TestCase.ManagedMethod","Label":"ManagedMethod","Category":"","Description":"","Attributes":1,"ValueType":"System.String"},"Value":"FloatToHalf_Scalar_ReturnsCorrectBits"},{"Key":{"Id":"XunitTestCaseUniqueID","Label":"xUnit.net Test Case Unique ID","Category":"","Description":"","Attributes":0,"ValueType":"System.String"},"Value":"2976298ea566596402972114d8d788f19ad3955b"},{"Key":{"Id":"XunitTestCaseExplicit","Label":"xUnit.net Test Case Explicit Flag","Category":"","Description":"","Attributes":0,"ValueType":"System.Boolean"},"Value":false},{"Key":{"Id":"TestCase.ManagedType","Label":"ManagedType","Category":"","Description":"","Attributes":1,"ValueType":"System.String"},"Value":"SharpMind.Tests.Quantization.HalfToFloatTests"}]},"Attachments":[],"Outcome":1,"ErrorMessage":null,"ErrorStackTrace":null,"DisplayName":"SharpMind.Tests.Quantization.HalfToFloatTests.FloatToHalf_Scalar_ReturnsCorrectBits(floatBits: 1199562752, expectedHalf: 31743, _: \"max normal\")","Messages":[],"ComputerName":"LAPTOP-MKMTSO1B","Duration":"00:00:00.0006772","StartTime":"2026-07-20T05:24:35.5787178+00:00","EndTime":"2026-07-20T05:24:35.5788639+00:00","Properties":[]},{"TestCase":{"Id":"a9a19ba9-3728-34e4-c824-64df27ec2b02","FullyQualifiedName":"SharpMind.Tests.Quantization.HalfToFloatTests.FloatToHalf_Scalar_ReturnsCorrectBits","DisplayName":"SharpMind.Tests.Quantization.HalfToFloatTests.FloatToHalf_Scalar_ReturnsCorrectBits(floatBits: 2147483648, expectedHalf: 32768, _: \"-0\")","ExecutorUri":"executor://xunit/VsTestRunner3/netcore/","Source":"C:\\Integral2u\\source\\repos\\SharpMind\\SharpMind.Tests\\bin\\Debug\\net10.0\\SharpMind.Tests.dll","CodeFilePath":null,"LineNumber":0,"Properties":[{"Key":{"Id":"TestCase.ManagedMethod","Label":"ManagedMethod","Category":"","Description":"","Attributes":1,"ValueType":"System.String"},"Value":"FloatToHalf_Scalar_ReturnsCorrectBits"},{"Key":{"Id":"XunitTestCaseUniqueID","Label":"xUnit.net Test Case Unique ID","Category":"","Description":"","Attributes":0,"ValueType":"System.String"},"Value":"56c3f9029f0ffcc2477123f08dc7b066c033ac04"},{"Key":{"Id":"XunitTestCaseExplicit","Label":"xUnit.net Test Case Explicit Flag","Category":"","Description":"","Attributes":0,"ValueType":"System.Boolean"},"Value":false},{"Key":{"Id":"TestCase.ManagedType","Label":"ManagedType","Category":"","Description":"","Attributes":1,"ValueType":"System.String"},"Value":"SharpMind.Tests.Quantization.HalfToFloatTests"}]},"Attachments":[],"Outcome":1,"ErrorMessage":null,"ErrorStackTrace":null,"DisplayName":"SharpMind.Tests.Quantization.HalfToFloatTests.FloatToHalf_Scalar_ReturnsCorrectBits(floatBits: 2147483648, expectedHalf: 32768, _: \"-0\")","Messages":[],"ComputerName":"LAPTOP-MKMTSO1B","Duration":"00:00:00.0000088","StartTime":"2026-07-20T05:24:35.5795351+00:00","EndTime":"2026-07-20T05:24:35.579804+00:00","Properties":[]},{"TestCase":{"Id":"feee4a3d-e019-660e-9802-9f87b8b1e5ce","FullyQualifiedName":"SharpMind.Tests.Quantization.HalfToFloatTests.FloatToHalf_Scalar_ReturnsCorrectBits","DisplayName":"SharpMind.Tests.Quantization.HalfToFloatTests.FloatToHalf_Scalar_ReturnsCorrectBits(floatBits: 1073741824, expectedHalf: 16384, _: \"2.0\")","ExecutorUri":"executor://xunit/VsTestRunner3/netcore/","Source":"C:\\Integral2u\\source\\repos\\SharpMind\\SharpMind.Tests\\bin\\Debug\\net10.0\\SharpMind.Tests.dll","CodeFilePath":null,"LineNumber":0,"Properties":[{"Key":{"Id":"TestCase.ManagedMethod","Label":"ManagedMethod","Category":"","Description":"","Attributes":1,"ValueType":"System.String"},"Value":"FloatToHalf_Scalar_ReturnsCorrectBits"},{"Key":{"Id":"XunitTestCaseUniqueID","Label":"xUnit.net Test Case Unique ID","Category":"","Description":"","Attributes":0,"ValueType":"System.String"},"Value":"6b8bad8823a01a2092d79ad40a1adc1906ba2aba"},{"Key":{"Id":"XunitTestCaseExplicit","Label":"xUnit.net Test Case Explicit Flag","Category":"","Description":"","Attributes":0,"ValueType":"System.Boolean"},"Value":false},{"Key":{"Id":"TestCase.ManagedType","Label":"ManagedType","Category":"","Description":"","Attributes":1,"ValueType":"System.String"},"Value":"SharpMind.Tests.Quantization.HalfToFloatTests"}]},"Attachments":[],"Outcome":1,"ErrorMessage":null,"ErrorStackTrace":null,"DisplayName":"SharpMind.Tests.Quantization.HalfToFloatTests.FloatToHalf_Scalar_ReturnsCorrectBits(floatBits: 1073741824, expectedHalf: 16384, _: \"2.0\")","Messages":[],"ComputerName":"LAPTOP-MKMTSO1B","Duration":"00:00:00.0000044","StartTime":"2026-07-20T05:24:35.5804819+00:00","EndTime":"2026-07-20T05:24:35.5806267+00:00","Properties":[]},{"TestCase":{"Id":"0fcc7805-11b5-a008-31f7-9bcf33fa9a55","FullyQualifiedName":"SharpMind.Tests.Quantization.HalfToFloatTests.FloatToHalf_Scalar_ReturnsCorrectBits","DisplayName":"SharpMind.Tests.Quantization.HalfToFloatTests.FloatToHalf_Scalar_ReturnsCorrectBits(floatBits: 3212836864, expectedHalf: 48128, _: \"-1.0\")","ExecutorUri":"executor://xunit/VsTestRunner3/netcore/","Source":"C:\\Integral2u\\source\\repos\\SharpMind\\SharpMind.Tests\\bin\\Debug\\net10.0\\SharpMind.Tests.dll","CodeFilePath":null,"LineNumber":0,"Properties":[{"Key":{"Id":"TestCase.ManagedMethod","Label":"ManagedMethod","Category":"","Description":"","Attributes":1,"ValueType":"System.String"},"Value":"FloatToHalf_Scalar_ReturnsCorrectBits"},{"Key":{"Id":"XunitTestCaseUniqueID","Label":"xUnit.net Test Case Unique ID","Category":"","Description":"","Attributes":0,"ValueType":"System.String"},"Value":"ecdf0961827b76d1a4329fcbcbd36ef140b74920"},{"Key":{"Id":"XunitTestCaseExplicit","Label":"xUnit.net Test Case Explicit Flag","Category":"","Description":"","Attributes":0,"ValueType":"System.Boolean"},"Value":false},{"Key":{"Id":"TestCase.ManagedType","Label":"ManagedType","Category":"","Description":"","Attributes":1,"ValueType":"System.String"},"Value":"SharpMind.Tests.Quantization.HalfToFloatTests"}]},"Attachments":[],"Outcome":1,"ErrorMessage":null,"ErrorStackTrace":null,"DisplayName":"SharpMind.Tests.Quantization.HalfToFloatTests.FloatToHalf_Scalar_ReturnsCorrectBits(floatBits: 3212836864, expectedHalf: 48128, _: \"-1.0\")","Messages":[],"ComputerName":"LAPTOP-MKMTSO1B","Duration":"00:00:00.0000040","StartTime":"2026-07-20T05:24:35.5812857+00:00","EndTime":"2026-07-20T05:24:35.5814345+00:00","Properties":[]},{"TestCase":{"Id":"f1e933d4-3617-8dec-4505-f09d45e7f280","FullyQualifiedName":"SharpMind.Tests.Quantization.HalfToFloatTests.FloatToHalf_Scalar_ReturnsCorrectBits","DisplayName":"SharpMind.Tests.Quantization.HalfToFloatTests.FloatToHalf_Scalar_ReturnsCorrectBits(floatBits: 1065353216, expectedHalf: 15360, _: \"1.0\")","ExecutorUri":"executor://xunit/VsTestRunner3/netcore/","Source":"C:\\Integral2u\\source\\repos\\SharpMind\\SharpMind.Tests\\bin\\Debug\\net10.0\\SharpMind.Tests.dll","CodeFilePath":null,"LineNumber":0,"Properties":[{"Key":{"Id":"TestCase.ManagedMethod","Label":"ManagedMethod","Category":"","Description":"","Attributes":1,"ValueType":"System.String"},"Value":"FloatToHalf_Scalar_ReturnsCorrectBits"},{"Key":{"Id":"XunitTestCaseUniqueID","Label":"xUnit.net Test Case Unique ID","Category":"","Description":"","Attributes":0,"ValueType":"System.String"},"Value":"ed0e068defec269c78b8a929bdc810b3f221e812"},{"Key":{"Id":"XunitTestCaseExplicit","Label":"xUnit.net Test Case Explicit Flag","Category":"","Description":"","Attributes":0,"ValueType":"System.Boolean"},"Value":false},{"Key":{"Id":"TestCase.ManagedType","Label":"ManagedType","Category":"","Description":"","Attributes":1,"ValueType":"System.String"},"Value":"SharpMind.Tests.Quantization.HalfToFloatTests"}]},"Attachments":[],"Outcome":1,"ErrorMessage":null,"ErrorStackTrace":null,"DisplayName":"SharpMind.Tests.Quantization.HalfToFloatTests.FloatToHalf_Scalar_ReturnsCorrectBits(floatBits: 1065353216, expectedHalf: 15360, _: \"1.0\")","Messages":[],"ComputerName":"LAPTOP-MKMTSO1B","Duration":"00:00:00.0000041","StartTime":"2026-07-20T05:24:35.5821212+00:00","EndTime":"2026-07-20T05:24:35.582271+00:00","Properties":[]},{"TestCase":{"Id":"d92bcd04-c599-1ab8-ee6a-4c39e5ec1773","FullyQualifiedName":"SharpMind.Tests.Quantization.HalfToFloatTests.FloatToHalf_Scalar_ReturnsCorrectBits","DisplayName":"SharpMind.Tests.Quantization.HalfToFloatTests.FloatToHalf_Scalar_ReturnsCorrectBits(floatBits: 0, expectedHalf: 0, _: \"+0\")","ExecutorUri":"executor://xunit/VsTestRunner3/netcore/","Source":"C:\\Integral2u\\source\\repos\\SharpMind\\SharpMind.Tests\\bin\\Debug\\net10.0\\SharpMind.Tests.dll","CodeFilePath":null,"LineNumber":0,"Properties":[{"Key":{"Id":"TestCase.ManagedMethod","Label":"ManagedMethod","Category":"","Description":"","Attributes":1,"ValueType":"System.String"},"Value":"FloatToHalf_Scalar_ReturnsCorrectBits"},{"Key":{"Id":"XunitTestCaseUniqueID","Label":"xUnit.net Test Case Unique ID","Category":"","Description":"","Attributes":0,"ValueType":"System.String"},"Value":"f98f8aff0a61c436f9a0012b9c605e267655624b"},{"Key":{"Id":"XunitTestCaseExplicit","Label":"xUnit.net Test Case Explicit Flag","Category":"","Description":"","Attributes":0,"ValueType":"System.Boolean"},"Value":false},{"Key":{"Id":"TestCase.ManagedType","Label":"ManagedType","Category":"","Description":"","Attributes":1,"ValueType":"System.String"},"Value":"SharpMind.Tests.Quantization.HalfToFloatTests"}]},"Attachments":[],"Outcome":1,"ErrorMessage":null,"ErrorStackTrace":null,"DisplayName":"SharpMind.Tests.Quantization.HalfToFloatTests.FloatToHalf_Scalar_ReturnsCorrectBits(floatBits: 0, expectedHalf: 0, _: \"+0\")","Messages":[],"ComputerName":"LAPTOP-MKMTSO1B","Duration":"00:00:00.0000040","StartTime":"2026-07-20T05:24:35.5829719+00:00","EndTime":"2026-07-20T05:24:35.5831248+00:00","Properties":[]},{"TestCase":{"Id":"412fbbb3-99c4-a0a8-8150-cb06a44563c8","FullyQualifiedName":"SharpMind.Tests.Quantization.HalfToFloatTests.HalfToFloat_F16C_SubnormalRoundTripBoundary","DisplayName":"SharpMind.Tests.Quantization.HalfToFloatTests.HalfToFloat_F16C_SubnormalRoundTripBoundary","ExecutorUri":"executor://xunit/VsTestRunner3/netcore/","Source":"C:\\Integral2u\\source\\repos\\SharpMind\\SharpMind.Tests\\bin\\Debug\\net10.0\\SharpMind.Tests.dll","CodeFilePath":null,"LineNumber":0,"Properties":[{"Key":{"Id":"TestCase.ManagedMethod","Label":"ManagedMethod","Category":"","Description":"","Attributes":1,"ValueType":"System.String"},"Value":"HalfToFloat_F16C_SubnormalRoundTripBoundary"},{"Key":{"Id":"XunitTestCaseUniqueID","Label":"xUnit.net Test Case Unique ID","Category":"","Description":"","Attributes":0,"ValueType":"System.String"},"Value":"179a743474cb6f34d7f4ecf1795d62889148985f"},{"Key":{"Id":"XunitTestCaseExplicit","Label":"xUnit.net Test Case Explicit Flag","Category":"","Description":"","Attributes":0,"ValueType":"System.Boolean"},"Value":false},{"Key":{"Id":"TestCase.ManagedType","Label":"ManagedType","Category":"","Description":"","Attributes":1,"ValueType":"System.String"},"Value":"SharpMind.Tests.Quantization.HalfToFloatTests"}]},"Attachments":[],"Outcome":1,"ErrorMessage":null,"ErrorStackTrace":null,"DisplayName":"SharpMind.Tests.Quantization.HalfToFloatTests.HalfToFloat_F16C_SubnormalRoundTripBoundary","Messages":[],"ComputerName":"LAPTOP-MKMTSO1B","Duration":"00:00:00.0003902","StartTime":"2026-07-20T05:24:35.5838315+00:00","EndTime":"2026-07-20T05:24:35.5992158+00:00","Properties":[]}],"TestRunStatistics":{"ExecutedTests":214,"Stats":{"Passed":214}},"ActiveTests":[{"Id":"664536ae-143b-9827-cb7e-d54d694232fd","FullyQualifiedName":"SharpMind.Tests.Quantization.HalfToFloatTests.FloatToHalf_F16C_Zero","DisplayName":"SharpMind.Tests.Quantization.HalfToFloatTests.FloatToHalf_F16C_Zero","ExecutorUri":"executor://xunit/VsTestRunner3/netcore/","Source":"C:\\Integral2u\\source\\repos\\SharpMind\\SharpMind.Tests\\bin\\Debug\\net10.0\\SharpMind.Tests.dll","CodeFilePath":null,"LineNumber":0,"Properties":[{"Key":{"Id":"TestCase.ManagedMethod","Label":"ManagedMethod","Category":"","Description":"","Attributes":1,"ValueType":"System.String"},"Value":"FloatToHalf_F16C_Zero"},{"Key":{"Id":"XunitTestCaseUniqueID","Label":"xUnit.net Test Case Unique ID","Category":"","Description":"","Attributes":0,"ValueType":"System.String"},"Value":"23afe9964b438f061ddb483bcc99ccf1cca0cfd5"},{"Key":{"Id":"XunitTestCaseExplicit","Label":"xUnit.net Test Case Explicit Flag","Category":"","Description":"","Attributes":0,"ValueType":"System.Boolean"},"Value":false},{"Key":{"Id":"TestCase.ManagedType","Label":"ManagedType","Category":"","Description":"","Attributes":1,"ValueType":"System.String"},"Value":"SharpMind.Tests.Quantization.HalfToFloatTests"}]}]}}
TpTrace Verbose: 0 : 2820, 13, 2026/07/20, 17:24:35.606, 364644809952, vstest.console.dll, TestRunRequest:SendTestRunStatsChange: Starting.
TpTrace Verbose: 0 : 2820, 13, 2026/07/20, 17:24:35.606, 364644811197, vstest.console.dll, InProgress is SharpMind.Tests.Quantization.HalfToFloatTests.FloatToHalf_F16C_Zero
TpTrace Verbose: 0 : 2820, 13, 2026/07/20, 17:24:35.606, 364644812054, vstest.console.dll, MulticastDelegateUtilities.SafeInvoke: TestRun.RunStatsChanged: Invoking callbacks was skipped because there are no subscribers.
TpTrace Information: 0 : 2820, 13, 2026/07/20, 17:24:35.606, 364644812462, vstest.console.dll, TestRunRequest:SendTestRunStatsChange: Completed.
TpTrace Verbose: 0 : 2820, 13, 2026/07/20, 17:24:35.606, 364644812860, vstest.console.dll, MulticastDelegateUtilities.SafeInvoke: LengthPrefixCommunicationChannel: MessageReceived: Invoking callback 1/1 for Microsoft.VisualStudio.TestPlatform.CommunicationUtilities.TestRequestSender+<>c__DisplayClass34_0., took 1 ms.
TpTrace Verbose: 0 : 2820, 13, 2026/07/20, 17:24:35.606, 364644813284, vstest.console.dll, TcpClientExtensions.MessageLoopAsync: Polling on remoteEndPoint: 127.0.0.1:55546 localEndPoint: 127.0.0.1:55545 after 27 ms
TpTrace Verbose: 0 : 2820, 4, 2026/07/20, 17:24:35.607, 364644817167, vstest.console.dll, MulticastDelegateUtilities.SafeInvoke: InternalTestLoggerEvents.SendTestResult: Invoking callback 1/1 for Microsoft.VisualStudio.TestPlatform.CommandLine.Internal.ConsoleLogger., took 0 ms.
TpTrace Verbose: 0 : 2820, 4, 2026/07/20, 17:24:35.607, 364644817883, vstest.console.dll, MulticastDelegateUtilities.SafeInvoke: InternalTestLoggerEvents.SendTestResult: Invoking callback 1/1 for Microsoft.VisualStudio.TestPlatform.CommandLine.Internal.ConsoleLogger., took 0 ms.
TpTrace Verbose: 0 : 2820, 4, 2026/07/20, 17:24:35.607, 364644818425, vstest.console.dll, MulticastDelegateUtilities.SafeInvoke: InternalTestLoggerEvents.SendTestResult: Invoking callback 1/1 for Microsoft.VisualStudio.TestPlatform.CommandLine.Internal.ConsoleLogger., took 0 ms.
TpTrace Verbose: 0 : 2820, 4, 2026/07/20, 17:24:35.607, 364644818890, vstest.console.dll, MulticastDelegateUtilities.SafeInvoke: InternalTestLoggerEvents.SendTestResult: Invoking callback 1/1 for Microsoft.VisualStudio.TestPlatform.CommandLine.Internal.ConsoleLogger., took 0 ms.
TpTrace Verbose: 0 : 2820, 4, 2026/07/20, 17:24:35.607, 364644821412, vstest.console.dll, MulticastDelegateUtilities.SafeInvoke: InternalTestLoggerEvents.SendTestResult: Invoking callback 1/1 for Microsoft.VisualStudio.TestPlatform.CommandLine.Internal.ConsoleLogger., took 0 ms.
TpTrace Verbose: 0 : 2820, 4, 2026/07/20, 17:24:35.607, 364644824065, vstest.console.dll, MulticastDelegateUtilities.SafeInvoke: InternalTestLoggerEvents.SendTestResult: Invoking callback 1/1 for Microsoft.VisualStudio.TestPlatform.CommandLine.Internal.ConsoleLogger., took 0 ms.
TpTrace Verbose: 0 : 2820, 4, 2026/07/20, 17:24:35.608, 364644824600, vstest.console.dll, MulticastDelegateUtilities.SafeInvoke: InternalTestLoggerEvents.SendTestResult: Invoking callback 1/1 for Microsoft.VisualStudio.TestPlatform.CommandLine.Internal.ConsoleLogger., took 0 ms.
TpTrace Verbose: 0 : 2820, 4, 2026/07/20, 17:24:35.608, 364644825046, vstest.console.dll, MulticastDelegateUtilities.SafeInvoke: InternalTestLoggerEvents.SendTestResult: Invoking callback 1/1 for Microsoft.VisualStudio.TestPlatform.CommandLine.Internal.ConsoleLogger., took 0 ms.
TpTrace Verbose: 0 : 2820, 4, 2026/07/20, 17:24:35.608, 364644825504, vstest.console.dll, MulticastDelegateUtilities.SafeInvoke: InternalTestLoggerEvents.SendTestResult: Invoking callback 1/1 for Microsoft.VisualStudio.TestPlatform.CommandLine.Internal.ConsoleLogger., took 0 ms.
TpTrace Verbose: 0 : 2820, 13, 2026/07/20, 17:24:35.771, 364646455719, vstest.console.dll, TcpClientExtensions.MessageLoopAsync: NotifyDataAvailable remoteEndPoint: 127.0.0.1:55546 localEndPoint: 127.0.0.1:55545
TpTrace Verbose: 0 : 2820, 13, 2026/07/20, 17:24:35.771, 364646460227, vstest.console.dll, TestRequestSender.OnExecutionMessageReceived: Received message: {"Version":7,"MessageType":"TestExecution.StatsChange","Payload":{"NewTestResults":[{"TestCase":{"Id":"664536ae-143b-9827-cb7e-d54d694232fd","FullyQualifiedName":"SharpMind.Tests.Quantization.HalfToFloatTests.FloatToHalf_F16C_Zero","DisplayName":"SharpMind.Tests.Quantization.HalfToFloatTests.FloatToHalf_F16C_Zero","ExecutorUri":"executor://xunit/VsTestRunner3/netcore/","Source":"C:\\Integral2u\\source\\repos\\SharpMind\\SharpMind.Tests\\bin\\Debug\\net10.0\\SharpMind.Tests.dll","CodeFilePath":null,"LineNumber":0,"Properties":[{"Key":{"Id":"TestCase.ManagedMethod","Label":"ManagedMethod","Category":"","Description":"","Attributes":1,"ValueType":"System.String"},"Value":"FloatToHalf_F16C_Zero"},{"Key":{"Id":"XunitTestCaseUniqueID","Label":"xUnit.net Test Case Unique ID","Category":"","Description":"","Attributes":0,"ValueType":"System.String"},"Value":"23afe9964b438f061ddb483bcc99ccf1cca0cfd5"},{"Key":{"Id":"XunitTestCaseExplicit","Label":"xUnit.net Test Case Explicit Flag","Category":"","Description":"","Attributes":0,"ValueType":"System.Boolean"},"Value":false},{"Key":{"Id":"TestCase.ManagedType","Label":"ManagedType","Category":"","Description":"","Attributes":1,"ValueType":"System.String"},"Value":"SharpMind.Tests.Quantization.HalfToFloatTests"}]},"Attachments":[],"Outcome":1,"ErrorMessage":null,"ErrorStackTrace":null,"DisplayName":"SharpMind.Tests.Quantization.HalfToFloatTests.FloatToHalf_F16C_Zero","Messages":[],"ComputerName":"LAPTOP-MKMTSO1B","Duration":"00:00:00.0003879","StartTime":"2026-07-20T05:24:35.6053402+00:00","EndTime":"2026-07-20T05:24:35.6054925+00:00","Properties":[]},{"TestCase":{"Id":"d12040e6-9ea3-3b28-d042-bd67b674834d","FullyQualifiedName":"SharpMind.Tests.Quantization.HalfToFloatTests.FloatToHalf_F16C_NaN","DisplayName":"SharpMind.Tests.Quantization.HalfToFloatTests.FloatToHalf_F16C_NaN","ExecutorUri":"executor://xunit/VsTestRunner3/netcore/","Source":"C:\\Integral2u\\source\\repos\\SharpMind\\SharpMind.Tests\\bin\\Debug\\net10.0\\SharpMind.Tests.dll","CodeFilePath":null,"LineNumber":0,"Properties":[{"Key":{"Id":"TestCase.ManagedMethod","Label":"ManagedMethod","Category":"","Description":"","Attributes":1,"ValueType":"System.String"},"Value":"FloatToHalf_F16C_NaN"},{"Key":{"Id":"XunitTestCaseUniqueID","Label":"xUnit.net Test Case Unique ID","Category":"","Description":"","Attributes":0,"ValueType":"System.String"},"Value":"5c31d6b4769841fb40c413d474079628480bfa2e"},{"Key":{"Id":"XunitTestCaseExplicit","Label":"xUnit.net Test Case Explicit Flag","Category":"","Description":"","Attributes":0,"ValueType":"System.Boolean"},"Value":false},{"Key":{"Id":"TestCase.ManagedType","Label":"ManagedType","Category":"","Description":"","Attributes":1,"ValueType":"System.String"},"Value":"SharpMind.Tests.Quantization.HalfToFloatTests"}]},"Attachments":[],"Outcome":1,"ErrorMessage":null,"ErrorStackTrace":null,"DisplayName":"SharpMind.Tests.Quantization.HalfToFloatTests.FloatToHalf_F16C_NaN","Messages":[],"ComputerName":"LAPTOP-MKMTSO1B","Duration":"00:00:00.0032217","StartTime":"2026-07-20T05:24:35.6062488+00:00","EndTime":"2026-07-20T05:24:35.6063687+00:00","Properties":[]},{"TestCase":{"Id":"e75a2f97-19f5-12a4-4d9c-1f44cf8a32e3","FullyQualifiedName":"SharpMind.Tests.Quantization.HalfToFloatTests.FloatToHalf_F16C_Infinity","DisplayName":"SharpMind.Tests.Quantization.HalfToFloatTests.FloatToHalf_F16C_Infinity","ExecutorUri":"executor://xunit/VsTestRunner3/netcore/","Source":"C:\\Integral2u\\source\\repos\\SharpMind\\SharpMind.Tests\\bin\\Debug\\net10.0\\SharpMind.Tests.dll","CodeFilePath":null,"LineNumber":0,"Properties":[{"Key":{"Id":"TestCase.ManagedMethod","Label":"ManagedMethod","Category":"","Description":"","Attributes":1,"ValueType":"System.String"},"Value":"FloatToHalf_F16C_Infinity"},{"Key":{"Id":"XunitTestCaseUniqueID","Label":"xUnit.net Test Case Unique ID","Category":"","Description":"","Attributes":0,"ValueType":"System.String"},"Value":"74f0e20cc7480c9b4a6595091f45d95de33e2f85"},{"Key":{"Id":"XunitTestCaseExplicit","Label":"xUnit.net Test Case Explicit Flag","Category":"","Description":"","Attributes":0,"ValueType":"System.Boolean"},"Value":false},{"Key":{"Id":"TestCase.ManagedType","Label":"ManagedType","Category":"","Description":"","Attributes":1,"ValueType":"System.String"},"Value":"SharpMind.Tests.Quantization.HalfToFloatTests"}]},"Attachments":[],"Outcome":1,"ErrorMessage":null,"ErrorStackTrace":null,"DisplayName":"SharpMind.Tests.Quantization.HalfToFloatTests.FloatToHalf_F16C_Infinity","Messages":[],"ComputerName":"LAPTOP-MKMTSO1B","Duration":"00:00:00.0002865","StartTime":"2026-07-20T05:24:35.6071818+00:00","EndTime":"2026-07-20T05:24:35.6073302+00:00","Properties":[]},{"TestCase":{"Id":"d0495b80-956a-3d00-513a-ce7c69cfa693","FullyQualifiedName":"SharpMind.Tests.Quantization.HalfToFloatTests.HalfToFloat_F16C_Infinity","DisplayName":"SharpMind.Tests.Quantization.HalfToFloatTests.HalfToFloat_F16C_Infinity","ExecutorUri":"executor://xunit/VsTestRunner3/netcore/","Source":"C:\\Integral2u\\source\\repos\\SharpMind\\SharpMind.Tests\\bin\\Debug\\net10.0\\SharpMind.Tests.dll","CodeFilePath":null,"LineNumber":0,"Properties":[{"Key":{"Id":"TestCase.ManagedMethod","Label":"ManagedMethod","Category":"","Description":"","Attributes":1,"ValueType":"System.String"},"Value":"HalfToFloat_F16C_Infinity"},{"Key":{"Id":"XunitTestCaseUniqueID","Label":"xUnit.net Test Case Unique ID","Category":"","Description":"","Attributes":0,"ValueType":"System.String"},"Value":"d37e8f3199290ca9888071415c3072adca208d0c"},{"Key":{"Id":"XunitTestCaseExplicit","Label":"xUnit.net Test Case Explicit Flag","Category":"","Description":"","Attributes":0,"ValueType":"System.Boolean"},"Value":false},{"Key":{"Id":"TestCase.ManagedType","Label":"ManagedType","Category":"","Description":"","Attributes":1,"ValueType":"System.String"},"Value":"SharpMind.Tests.Quantization.HalfToFloatTests"}]},"Attachments":[],"Outcome":1,"ErrorMessage":null,"ErrorStackTrace":null,"DisplayName":"SharpMind.Tests.Quantization.HalfToFloatTests.HalfToFloat_F16C_Infinity","Messages":[],"ComputerName":"LAPTOP-MKMTSO1B","Duration":"00:00:00.0002429","StartTime":"2026-07-20T05:24:35.6083115+00:00","EndTime":"2026-07-20T05:24:35.6084539+00:00","Properties":[]},{"TestCase":{"Id":"2676559b-5aba-cc34-b252-1046a582fc30","FullyQualifiedName":"SharpMind.Tests.Quantization.HalfToFloatTests.HalfToFloat_F16C_NaN","DisplayName":"SharpMind.Tests.Quantization.HalfToFloatTests.HalfToFloat_F16C_NaN","ExecutorUri":"executor://xunit/VsTestRunner3/netcore/","Source":"C:\\Integral2u\\source\\repos\\SharpMind\\SharpMind.Tests\\bin\\Debug\\net10.0\\SharpMind.Tests.dll","CodeFilePath":null,"LineNumber":0,"Properties":[{"Key":{"Id":"TestCase.ManagedMethod","Label":"ManagedMethod","Category":"","Description":"","Attributes":1,"ValueType":"System.String"},"Value":"HalfToFloat_F16C_NaN"},{"Key":{"Id":"XunitTestCaseUniqueID","Label":"xUnit.net Test Case Unique ID","Category":"","Description":"","Attributes":0,"ValueType":"System.String"},"Value":"ec707b43dc9cb65d6f67b02e0cff76f907b141b8"},{"Key":{"Id":"XunitTestCaseExplicit","Label":"xUnit.net Test Case Explicit Flag","Category":"","Description":"","Attributes":0,"ValueType":"System.Boolean"},"Value":false},{"Key":{"Id":"TestCase.ManagedType","Label":"ManagedType","Category":"","Description":"","Attributes":1,"ValueType":"System.String"},"Value":"SharpMind.Tests.Quantization.HalfToFloatTests"}]},"Attachments":[],"Outcome":1,"ErrorMessage":null,"ErrorStackTrace":null,"DisplayName":"SharpMind.Tests.Quantization.HalfToFloatTests.HalfToFloat_F16C_NaN","Messages":[],"ComputerName":"LAPTOP-MKMTSO1B","Duration":"00:00:00.0003041","StartTime":"2026-07-20T05:24:35.6091398+00:00","EndTime":"2026-07-20T05:24:35.6092798+00:00","Properties":[]},{"TestCase":{"Id":"3c1097d8-12c5-37d0-844a-4a08087c4078","FullyQualifiedName":"SharpMind.Tests.Quantization.HalfToFloatTests.HalfToFloat_F16C_BulkOrdering","DisplayName":"SharpMind.Tests.Quantization.HalfToFloatTests.HalfToFloat_F16C_BulkOrdering","ExecutorUri":"executor://xunit/VsTestRunner3/netcore/","Source":"C:\\Integral2u\\source\\repos\\SharpMind\\SharpMind.Tests\\bin\\Debug\\net10.0\\SharpMind.Tests.dll","CodeFilePath":null,"LineNumber":0,"Properties":[{"Key":{"Id":"TestCase.ManagedMethod","Label":"ManagedMethod","Category":"","Description":"","Attributes":1,"ValueType":"System.String"},"Value":"HalfToFloat_F16C_BulkOrdering"},{"Key":{"Id":"XunitTestCaseUniqueID","Label":"xUnit.net Test Case Unique ID","Category":"","Description":"","Attributes":0,"ValueType":"System.String"},"Value":"f3c9b2969be1c9fc3b2c0629e53dd1b238ae5a25"},{"Key":{"Id":"XunitTestCaseExplicit","Label":"xUnit.net Test Case Explicit Flag","Category":"","Description":"","Attributes":0,"ValueType":"System.Boolean"},"Value":false},{"Key":{"Id":"TestCase.ManagedType","Label":"ManagedType","Category":"","Description":"","Attributes":1,"ValueType":"System.String"},"Value":"SharpMind.Tests.Quantization.HalfToFloatTests"}]},"Attachments":[],"Outcome":1,"ErrorMessage":null,"ErrorStackTrace":null,"DisplayName":"SharpMind.Tests.Quantization.HalfToFloatTests.HalfToFloat_F16C_BulkOrdering","Messages":[],"ComputerName":"LAPTOP-MKMTSO1B","Duration":"00:00:00.0182537","StartTime":"2026-07-20T05:24:35.6100207+00:00","EndTime":"2026-07-20T05:24:35.6101695+00:00","Properties":[]},{"TestCase":{"Id":"1dabfc34-56dd-9e91-d736-6fadde5cde29","FullyQualifiedName":"SharpMind.Tests.Quantization.HalfToFloatTests.HalfToFloat_F16C_Zero","DisplayName":"SharpMind.Tests.Quantization.HalfToFloatTests.HalfToFloat_F16C_Zero","ExecutorUri":"executor://xunit/VsTestRunner3/netcore/","Source":"C:\\Integral2u\\source\\repos\\SharpMind\\SharpMind.Tests\\bin\\Debug\\net10.0\\SharpMind.Tests.dll","CodeFilePath":null,"LineNumber":0,"Properties":[{"Key":{"Id":"TestCase.ManagedMethod","Label":"ManagedMethod","Category":"","Description":"","Attributes":1,"ValueType":"System.String"},"Value":"HalfToFloat_F16C_Zero"},{"Key":{"Id":"XunitTestCaseUniqueID","Label":"xUnit.net Test Case Unique ID","Category":"","Description":"","Attributes":0,"ValueType":"System.String"},"Value":"f6e8622482b98bc0b233bc29243f6b724006094e"},{"Key":{"Id":"XunitTestCaseExplicit","Label":"xUnit.net Test Case Explicit Flag","Category":"","Description":"","Attributes":0,"ValueType":"System.Boolean"},"Value":false},{"Key":{"Id":"TestCase.ManagedType","Label":"ManagedType","Category":"","Description":"","Attributes":1,"ValueType":"System.String"},"Value":"SharpMind.Tests.Quantization.HalfToFloatTests"}]},"Attachments":[],"Outcome":1,"ErrorMessage":null,"ErrorStackTrace":null,"DisplayName":"SharpMind.Tests.Quantization.HalfToFloatTests.HalfToFloat_F16C_Zero","Messages":[],"ComputerName":"LAPTOP-MKMTSO1B","Duration":"00:00:00.0002961","StartTime":"2026-07-20T05:24:35.6110238+00:00","EndTime":"2026-07-20T05:24:35.6111561+00:00","Properties":[]},{"TestCase":{"Id":"17fee511-8364-a0ba-0462-21067592d629","FullyQualifiedName":"SharpMind.Tests.Data.TextFileSourceTests.SkipsEmptyLines","DisplayName":"SharpMind.Tests.Data.TextFileSourceTests.SkipsEmptyLines","ExecutorUri":"executor://xunit/VsTestRunner3/netcore/","Source":"C:\\Integral2u\\source\\repos\\SharpMind\\SharpMind.Tests\\bin\\Debug\\net10.0\\SharpMind.Tests.dll","CodeFilePath":null,"LineNumber":0,"Properties":[{"Key":{"Id":"TestCase.ManagedMethod","Label":"ManagedMethod","Category":"","Description":"","Attributes":1,"ValueType":"System.String"},"Value":"SkipsEmptyLines"},{"Key":{"Id":"XunitTestCaseUniqueID","Label":"xUnit.net Test Case Unique ID","Category":"","Description":"","Attributes":0,"ValueType":"System.String"},"Value":"09b511849c321e141dbb502dffe12cdac80be26b"},{"Key":{"Id":"XunitTestCaseExplicit","Label":"xUnit.net Test Case Explicit Flag","Category":"","Description":"","Attributes":0,"ValueType":"System.Boolean"},"Value":false},{"Key":{"Id":"TestCase.ManagedType","Label":"ManagedType","Category":"","Description":"","Attributes":1,"ValueType":"System.String"},"Value":"SharpMind.Tests.Data.TextFileSourceTests"}]},"Attachments":[],"Outcome":1,"ErrorMessage":null,"ErrorStackTrace":null,"DisplayName":"SharpMind.Tests.Data.TextFileSourceTests.SkipsEmptyLines","Messages":[],"ComputerName":"LAPTOP-MKMTSO1B","Duration":"00:00:00.0165531","StartTime":"2026-07-20T05:24:35.6119939+00:00","EndTime":"2026-07-20T05:24:35.6170916+00:00","Properties":[]},{"TestCase":{"Id":"fc44f0fd-4ae2-32bd-8deb-e593dfc8f7e0","FullyQualifiedName":"SharpMind.Tests.Data.TextFileSourceTests.FileMode_YieldsWholeFileAsOneDocument","DisplayName":"SharpMind.Tests.Data.TextFileSourceTests.FileMode_YieldsWholeFileAsOneDocument","ExecutorUri":"executor://xunit/VsTestRunner3/netcore/","Source":"C:\\Integral2u\\source\\repos\\SharpMind\\SharpMind.Tests\\bin\\Debug\\net10.0\\SharpMind.Tests.dll","CodeFilePath":null,"LineNumber":0,"Properties":[{"Key":{"Id":"TestCase.ManagedMethod","Label":"ManagedMethod","Category":"","Description":"","Attributes":1,"ValueType":"System.String"},"Value":"FileMode_YieldsWholeFileAsOneDocument"},{"Key":{"Id":"XunitTestCaseUniqueID","Label":"xUnit.net Test Case Unique ID","Category":"","Description":"","Attributes":0,"ValueType":"System.String"},"Value":"116816727fd784a4d7c883499ac9a61fed9d7f4b"},{"Key":{"Id":"XunitTestCaseExplicit","Label":"xUnit.net Test Case Explicit Flag","Category":"","Description":"","Attributes":0,"ValueType":"System.Boolean"},"Value":false},{"Key":{"Id":"TestCase.ManagedType","Label":"ManagedType","Category":"","Description":"","Attributes":1,"ValueType":"System.String"},"Value":"SharpMind.Tests.Data.TextFileSourceTests"}]},"Attachments":[],"Outcome":1,"ErrorMessage":null,"ErrorStackTrace":null,"DisplayName":"SharpMind.Tests.Data.TextFileSourceTests.FileMode_YieldsWholeFileAsOneDocument","Messages":[],"ComputerName":"LAPTOP-MKMTSO1B","Duration":"00:00:00.1320917","StartTime":"2026-07-20T05:24:35.6203618+00:00","EndTime":"2026-07-20T05:24:35.7655588+00:00","Properties":[]}],"TestRunStatistics":{"ExecutedTests":223,"Stats":{"Passed":223}},"ActiveTests":[{"Id":"625124a9-8ed0-af0a-a2f3-aa38033b1ae0","FullyQualifiedName":"SharpMind.Tests.Data.TextFileSourceTests.MissingFile_Throws","DisplayName":"SharpMind.Tests.Data.TextFileSourceTests.MissingFile_Throws","ExecutorUri":"executor://xunit/VsTestRunner3/netcore/","Source":"C:\\Integral2u\\source\\repos\\SharpMind\\SharpMind.Tests\\bin\\Debug\\net10.0\\SharpMind.Tests.dll","CodeFilePath":null,"LineNumber":0,"Properties":[{"Key":{"Id":"TestCase.ManagedMethod","Label":"ManagedMethod","Category":"","Description":"","Attributes":1,"ValueType":"System.String"},"Value":"MissingFile_Throws"},{"Key":{"Id":"XunitTestCaseUniqueID","Label":"xUnit.net Test Case Unique ID","Category":"","Description":"","Attributes":0,"ValueType":"System.String"},"Value":"245211b5899e8cd6f6879c16cedd506a1701a2c1"},{"Key":{"Id":"XunitTestCaseExplicit","Label":"xUnit.net Test Case Explicit Flag","Category":"","Description":"","Attributes":0,"ValueType":"System.Boolean"},"Value":false},{"Key":{"Id":"TestCase.ManagedType","Label":"ManagedType","Category":"","Description":"","Attributes":1,"ValueType":"System.String"},"Value":"SharpMind.Tests.Data.TextFileSourceTests"}]}]}}
TpTrace Verbose: 0 : 2820, 13, 2026/07/20, 17:24:35.773, 364646476099, vstest.console.dll, TestRunRequest:SendTestRunStatsChange: Starting.
TpTrace Verbose: 0 : 2820, 13, 2026/07/20, 17:24:35.773, 364646479308, vstest.console.dll, InProgress is SharpMind.Tests.Data.TextFileSourceTests.MissingFile_Throws
TpTrace Verbose: 0 : 2820, 13, 2026/07/20, 17:24:35.773, 364646480401, vstest.console.dll, MulticastDelegateUtilities.SafeInvoke: TestRun.RunStatsChanged: Invoking callbacks was skipped because there are no subscribers.
TpTrace Information: 0 : 2820, 13, 2026/07/20, 17:24:35.773, 364646480902, vstest.console.dll, TestRunRequest:SendTestRunStatsChange: Completed.
TpTrace Verbose: 0 : 2820, 13, 2026/07/20, 17:24:35.773, 364646481428, vstest.console.dll, MulticastDelegateUtilities.SafeInvoke: LengthPrefixCommunicationChannel: MessageReceived: Invoking callback 1/1 for Microsoft.VisualStudio.TestPlatform.CommunicationUtilities.TestRequestSender+<>c__DisplayClass34_0., took 2 ms.
TpTrace Verbose: 0 : 2820, 13, 2026/07/20, 17:24:35.773, 364646482019, vstest.console.dll, TcpClientExtensions.MessageLoopAsync: Polling on remoteEndPoint: 127.0.0.1:55546 localEndPoint: 127.0.0.1:55545 after 166 ms
TpTrace Verbose: 0 : 2820, 4, 2026/07/20, 17:24:35.773, 364646480898, vstest.console.dll, MulticastDelegateUtilities.SafeInvoke: InternalTestLoggerEvents.SendTestResult: Invoking callback 1/1 for Microsoft.VisualStudio.TestPlatform.CommandLine.Internal.ConsoleLogger., took 0 ms.
TpTrace Verbose: 0 : 2820, 4, 2026/07/20, 17:24:35.773, 364646483843, vstest.console.dll, MulticastDelegateUtilities.SafeInvoke: InternalTestLoggerEvents.SendTestResult: Invoking callback 1/1 for Microsoft.VisualStudio.TestPlatform.CommandLine.Internal.ConsoleLogger., took 0 ms.
TpTrace Verbose: 0 : 2820, 4, 2026/07/20, 17:24:35.774, 364646484440, vstest.console.dll, MulticastDelegateUtilities.SafeInvoke: InternalTestLoggerEvents.SendTestResult: Invoking callback 1/1 for Microsoft.VisualStudio.TestPlatform.CommandLine.Internal.ConsoleLogger., took 0 ms.
TpTrace Verbose: 0 : 2820, 4, 2026/07/20, 17:24:35.774, 364646484920, vstest.console.dll, MulticastDelegateUtilities.SafeInvoke: InternalTestLoggerEvents.SendTestResult: Invoking callback 1/1 for Microsoft.VisualStudio.TestPlatform.CommandLine.Internal.ConsoleLogger., took 0 ms.
TpTrace Verbose: 0 : 2820, 4, 2026/07/20, 17:24:35.774, 364646485516, vstest.console.dll, MulticastDelegateUtilities.SafeInvoke: InternalTestLoggerEvents.SendTestResult: Invoking callback 1/1 for Microsoft.VisualStudio.TestPlatform.CommandLine.Internal.ConsoleLogger., took 0 ms.
TpTrace Verbose: 0 : 2820, 4, 2026/07/20, 17:24:35.774, 364646486240, vstest.console.dll, MulticastDelegateUtilities.SafeInvoke: InternalTestLoggerEvents.SendTestResult: Invoking callback 1/1 for Microsoft.VisualStudio.TestPlatform.CommandLine.Internal.ConsoleLogger., took 0 ms.
TpTrace Verbose: 0 : 2820, 4, 2026/07/20, 17:24:35.774, 364646486799, vstest.console.dll, MulticastDelegateUtilities.SafeInvoke: InternalTestLoggerEvents.SendTestResult: Invoking callback 1/1 for Microsoft.VisualStudio.TestPlatform.CommandLine.Internal.ConsoleLogger., took 0 ms.
TpTrace Verbose: 0 : 2820, 4, 2026/07/20, 17:24:35.774, 364646487317, vstest.console.dll, MulticastDelegateUtilities.SafeInvoke: InternalTestLoggerEvents.SendTestResult: Invoking callback 1/1 for Microsoft.VisualStudio.TestPlatform.CommandLine.Internal.ConsoleLogger., took 0 ms.
TpTrace Verbose: 0 : 2820, 4, 2026/07/20, 17:24:35.774, 364646487836, vstest.console.dll, MulticastDelegateUtilities.SafeInvoke: InternalTestLoggerEvents.SendTestResult: Invoking callback 1/1 for Microsoft.VisualStudio.TestPlatform.CommandLine.Internal.ConsoleLogger., took 0 ms.
TpTrace Verbose: 0 : 2820, 13, 2026/07/20, 17:24:36.675, 364655502574, vstest.console.dll, TcpClientExtensions.MessageLoopAsync: NotifyDataAvailable remoteEndPoint: 127.0.0.1:55546 localEndPoint: 127.0.0.1:55545
TpTrace Verbose: 0 : 2820, 13, 2026/07/20, 17:24:36.676, 364655506052, vstest.console.dll, TestRequestSender.OnExecutionMessageReceived: Received message: {"Version":7,"MessageType":"TestExecution.StatsChange","Payload":{"NewTestResults":[{"TestCase":{"Id":"625124a9-8ed0-af0a-a2f3-aa38033b1ae0","FullyQualifiedName":"SharpMind.Tests.Data.TextFileSourceTests.MissingFile_Throws","DisplayName":"SharpMind.Tests.Data.TextFileSourceTests.MissingFile_Throws","ExecutorUri":"executor://xunit/VsTestRunner3/netcore/","Source":"C:\\Integral2u\\source\\repos\\SharpMind\\SharpMind.Tests\\bin\\Debug\\net10.0\\SharpMind.Tests.dll","CodeFilePath":null,"LineNumber":0,"Properties":[{"Key":{"Id":"TestCase.ManagedMethod","Label":"ManagedMethod","Category":"","Description":"","Attributes":1,"ValueType":"System.String"},"Value":"MissingFile_Throws"},{"Key":{"Id":"XunitTestCaseUniqueID","Label":"xUnit.net Test Case Unique ID","Category":"","Description":"","Attributes":0,"ValueType":"System.String"},"Value":"245211b5899e8cd6f6879c16cedd506a1701a2c1"},{"Key":{"Id":"XunitTestCaseExplicit","Label":"xUnit.net Test Case Explicit Flag","Category":"","Description":"","Attributes":0,"ValueType":"System.Boolean"},"Value":false},{"Key":{"Id":"TestCase.ManagedType","Label":"ManagedType","Category":"","Description":"","Attributes":1,"ValueType":"System.String"},"Value":"SharpMind.Tests.Data.TextFileSourceTests"}]},"Attachments":[],"Outcome":1,"ErrorMessage":null,"ErrorStackTrace":null,"DisplayName":"SharpMind.Tests.Data.TextFileSourceTests.MissingFile_Throws","Messages":[],"ComputerName":"LAPTOP-MKMTSO1B","Duration":"00:00:00.0027240","StartTime":"2026-07-20T05:24:35.7714419+00:00","EndTime":"2026-07-20T05:24:35.7754224+00:00","Properties":[]},{"TestCase":{"Id":"4a8d2912-78ef-bc93-1205-f7c256ac9771","FullyQualifiedName":"SharpMind.Tests.Data.TextFileSourceTests.EstimatedCount_LineMode_ReturnsNull","DisplayName":"SharpMind.Tests.Data.TextFileSourceTests.EstimatedCount_LineMode_ReturnsNull","ExecutorUri":"executor://xunit/VsTestRunner3/netcore/","Source":"C:\\Integral2u\\source\\repos\\SharpMind\\SharpMind.Tests\\bin\\Debug\\net10.0\\SharpMind.Tests.dll","CodeFilePath":null,"LineNumber":0,"Properties":[{"Key":{"Id":"TestCase.ManagedMethod","Label":"ManagedMethod","Category":"","Description":"","Attributes":1,"ValueType":"System.String"},"Value":"EstimatedCount_LineMode_ReturnsNull"},{"Key":{"Id":"XunitTestCaseUniqueID","Label":"xUnit.net Test Case Unique ID","Category":"","Description":"","Attributes":0,"ValueType":"System.String"},"Value":"2e902ba4a9f5a1c8baa4b0473809e8863d2b8fa3"},{"Key":{"Id":"XunitTestCaseExplicit","Label":"xUnit.net Test Case Explicit Flag","Category":"","Description":"","Attributes":0,"ValueType":"System.Boolean"},"Value":false},{"Key":{"Id":"TestCase.ManagedType","Label":"ManagedType","Category":"","Description":"","Attributes":1,"ValueType":"System.String"},"Value":"SharpMind.Tests.Data.TextFileSourceTests"}]},"Attachments":[],"Outcome":1,"ErrorMessage":null,"ErrorStackTrace":null,"DisplayName":"SharpMind.Tests.Data.TextFileSourceTests.EstimatedCount_LineMode_ReturnsNull","Messages":[],"ComputerName":"LAPTOP-MKMTSO1B","Duration":"00:00:00.0045387","StartTime":"2026-07-20T05:24:35.7764398+00:00","EndTime":"2026-07-20T05:24:35.7801579+00:00","Properties":[]},{"TestCase":{"Id":"85f6dbee-27ad-fd77-6a2e-501d9d592650","FullyQualifiedName":"SharpMind.Tests.Data.TextFileSourceTests.EstimatedCount_FileMode_ReturnsFileCount","DisplayName":"SharpMind.Tests.Data.TextFileSourceTests.EstimatedCount_FileMode_ReturnsFileCount","ExecutorUri":"executor://xunit/VsTestRunner3/netcore/","Source":"C:\\Integral2u\\source\\repos\\SharpMind\\SharpMind.Tests\\bin\\Debug\\net10.0\\SharpMind.Tests.dll","CodeFilePath":null,"LineNumber":0,"Properties":[{"Key":{"Id":"TestCase.ManagedMethod","Label":"ManagedMethod","Category":"","Description":"","Attributes":1,"ValueType":"System.String"},"Value":"EstimatedCount_FileMode_ReturnsFileCount"},{"Key":{"Id":"XunitTestCaseUniqueID","Label":"xUnit.net Test Case Unique ID","Category":"","Description":"","Attributes":0,"ValueType":"System.String"},"Value":"3962c137545af61f2e5d28e16551e1cfe33f3bca"},{"Key":{"Id":"XunitTestCaseExplicit","Label":"xUnit.net Test Case Explicit Flag","Category":"","Description":"","Attributes":0,"ValueType":"System.Boolean"},"Value":false},{"Key":{"Id":"TestCase.ManagedType","Label":"ManagedType","Category":"","Description":"","Attributes":1,"ValueType":"System.String"},"Value":"SharpMind.Tests.Data.TextFileSourceTests"}]},"Attachments":[],"Outcome":1,"ErrorMessage":null,"ErrorStackTrace":null,"DisplayName":"SharpMind.Tests.Data.TextFileSourceTests.EstimatedCount_FileMode_ReturnsFileCount","Messages":[],"ComputerName":"LAPTOP-MKMTSO1B","Duration":"00:00:00.0130780","StartTime":"2026-07-20T05:24:35.7809979+00:00","EndTime":"2026-07-20T05:24:35.7940053+00:00","Properties":[]},{"TestCase":{"Id":"621c0932-6aa9-033b-e6ba-2ea8982d665f","FullyQualifiedName":"SharpMind.Tests.Data.TextFileSourceTests.Cancellation_StopsStream","DisplayName":"SharpMind.Tests.Data.TextFileSourceTests.Cancellation_StopsStream","ExecutorUri":"executor://xunit/VsTestRunner3/netcore/","Source":"C:\\Integral2u\\source\\repos\\SharpMind\\SharpMind.Tests\\bin\\Debug\\net10.0\\SharpMind.Tests.dll","CodeFilePath":null,"LineNumber":0,"Properties":[{"Key":{"Id":"TestCase.ManagedMethod","Label":"ManagedMethod","Category":"","Description":"","Attributes":1,"ValueType":"System.String"},"Value":"Cancellation_StopsStream"},{"Key":{"Id":"XunitTestCaseUniqueID","Label":"xUnit.net Test Case Unique ID","Category":"","Description":"","Attributes":0,"ValueType":"System.String"},"Value":"4f4441929ff37614c6231b26df50e669bd874820"},{"Key":{"Id":"XunitTestCaseExplicit","Label":"xUnit.net Test Case Explicit Flag","Category":"","Description":"","Attributes":0,"ValueType":"System.Boolean"},"Value":false},{"Key":{"Id":"TestCase.ManagedType","Label":"ManagedType","Category":"","Description":"","Attributes":1,"ValueType":"System.String"},"Value":"SharpMind.Tests.Data.TextFileSourceTests"}]},"Attachments":[],"Outcome":1,"ErrorMessage":null,"ErrorStackTrace":null,"DisplayName":"SharpMind.Tests.Data.TextFileSourceTests.Cancellation_StopsStream","Messages":[],"ComputerName":"LAPTOP-MKMTSO1B","Duration":"00:00:00.0438417","StartTime":"2026-07-20T05:24:35.7949522+00:00","EndTime":"2026-07-20T05:24:35.8375264+00:00","Properties":[]},{"TestCase":{"Id":"c296bc0b-35fd-8fb6-24be-d113abb893cf","FullyQualifiedName":"SharpMind.Tests.Quantization.QuantizationAgreementTests.QuantizedMatMul_AllTiers_Agree","DisplayName":"SharpMind.Tests.Quantization.QuantizationAgreementTests.QuantizedMatMul_AllTiers_Agree(dtype: Q8_K)","ExecutorUri":"executor://xunit/VsTestRunner3/netcore/","Source":"C:\\Integral2u\\source\\repos\\SharpMind\\SharpMind.Tests\\bin\\Debug\\net10.0\\SharpMind.Tests.dll","CodeFilePath":null,"LineNumber":0,"Properties":[{"Key":{"Id":"TestCase.ManagedMethod","Label":"ManagedMethod","Category":"","Description":"","Attributes":1,"ValueType":"System.String"},"Value":"QuantizedMatMul_AllTiers_Agree"},{"Key":{"Id":"XunitTestCaseUniqueID","Label":"xUnit.net Test Case Unique ID","Category":"","Description":"","Attributes":0,"ValueType":"System.String"},"Value":"1d1cd0cb5c22b1de92cbecf4b8cae11b70b03ec1"},{"Key":{"Id":"XunitTestCaseExplicit","Label":"xUnit.net Test Case Explicit Flag","Category":"","Description":"","Attributes":0,"ValueType":"System.Boolean"},"Value":false},{"Key":{"Id":"TestCase.ManagedType","Label":"ManagedType","Category":"","Description":"","Attributes":1,"ValueType":"System.String"},"Value":"SharpMind.Tests.Quantization.QuantizationAgreementTests"}]},"Attachments":[],"Outcome":1,"ErrorMessage":null,"ErrorStackTrace":null,"DisplayName":"SharpMind.Tests.Quantization.QuantizationAgreementTests.QuantizedMatMul_AllTiers_Agree(dtype: Q8_K)","Messages":[],"ComputerName":"LAPTOP-MKMTSO1B","Duration":"00:00:00.6624665","StartTime":"2026-07-20T05:24:35.5006008+00:00","EndTime":"2026-07-20T05:24:36.162354+00:00","Properties":[]},{"TestCase":{"Id":"81ea134a-c4b6-b233-cee6-351288c85aa9","FullyQualifiedName":"SharpMind.Tests.GPU.ActivationComparisonTests.MatMul_CPUAndGPU_ProduceSameResults","DisplayName":"SharpMind.Tests.GPU.ActivationComparisonTests.MatMul_CPUAndGPU_ProduceSameResults","ExecutorUri":"executor://xunit/VsTestRunner3/netcore/","Source":"C:\\Integral2u\\source\\repos\\SharpMind\\SharpMind.Tests\\bin\\Debug\\net10.0\\SharpMind.Tests.dll","CodeFilePath":null,"LineNumber":0,"Properties":[{"Key":{"Id":"TestCase.ManagedMethod","Label":"ManagedMethod","Category":"","Description":"","Attributes":1,"ValueType":"System.String"},"Value":"MatMul_CPUAndGPU_ProduceSameResults"},{"Key":{"Id":"XunitTestCaseUniqueID","Label":"xUnit.net Test Case Unique ID","Category":"","Description":"","Attributes":0,"ValueType":"System.String"},"Value":"cebfcaad25a422b506365ca5ace2d1d87bd23481"},{"Key":{"Id":"XunitTestCaseExplicit","Label":"xUnit.net Test Case Explicit Flag","Category":"","Description":"","Attributes":0,"ValueType":"System.Boolean"},"Value":false},{"Key":{"Id":"TestCase.ManagedType","Label":"ManagedType","Category":"","Description":"","Attributes":1,"ValueType":"System.String"},"Value":"SharpMind.Tests.GPU.ActivationComparisonTests"}]},"Attachments":[],"Outcome":1,"ErrorMessage":null,"ErrorStackTrace":null,"DisplayName":"SharpMind.Tests.GPU.ActivationComparisonTests.MatMul_CPUAndGPU_ProduceSameResults","Messages":[],"ComputerName":"LAPTOP-MKMTSO1B","Duration":"00:00:02.9888658","StartTime":"2026-07-20T05:24:33.6769936+00:00","EndTime":"2026-07-20T05:24:36.6661033+00:00","Properties":[]},{"TestCase":{"Id":"8719f149-eeb0-e963-fc26-1437e3b9cdcb","FullyQualifiedName":"SharpMind.Tests.GPU.ActivationComparisonTests.Softmax_CPUAndGPU_ProduceSameResults","DisplayName":"SharpMind.Tests.GPU.ActivationComparisonTests.Softmax_CPUAndGPU_ProduceSameResults","ExecutorUri":"executor://xunit/VsTestRunner3/netcore/","Source":"C:\\Integral2u\\source\\repos\\SharpMind\\SharpMind.Tests\\bin\\Debug\\net10.0\\SharpMind.Tests.dll","CodeFilePath":null,"LineNumber":0,"Properties":[{"Key":{"Id":"TestCase.ManagedMethod","Label":"ManagedMethod","Category":"","Description":"","Attributes":1,"ValueType":"System.String"},"Value":"Softmax_CPUAndGPU_ProduceSameResults"},{"Key":{"Id":"XunitTestCaseUniqueID","Label":"xUnit.net Test Case Unique ID","Category":"","Description":"","Attributes":0,"ValueType":"System.String"},"Value":"ed6ba0373e2db605a646821fd67f4aff225663c4"},{"Key":{"Id":"XunitTestCaseExplicit","Label":"xUnit.net Test Case Explicit Flag","Category":"","Description":"","Attributes":0,"ValueType":"System.Boolean"},"Value":false},{"Key":{"Id":"TestCase.ManagedType","Label":"ManagedType","Category":"","Description":"","Attributes":1,"ValueType":"System.String"},"Value":"SharpMind.Tests.GPU.ActivationComparisonTests"}]},"Attachments":[],"Outcome":1,"ErrorMessage":null,"ErrorStackTrace":null,"DisplayName":"SharpMind.Tests.GPU.ActivationComparisonTests.Softmax_CPUAndGPU_ProduceSameResults","Messages":[],"ComputerName":"LAPTOP-MKMTSO1B","Duration":"00:00:00.0067640","StartTime":"2026-07-20T05:24:36.6670237+00:00","EndTime":"2026-07-20T05:24:36.6730401+00:00","Properties":[]}],"TestRunStatistics":{"ExecutedTests":230,"Stats":{"Passed":230}},"ActiveTests":[{"Id":"ee3efff8-fbc7-824a-5cde-b4fd4b6e67ea","FullyQualifiedName":"SharpMind.Tests.Data.TextFileSourceTests.LineMode_YieldsEachNonEmptyLine","DisplayName":"SharpMind.Tests.Data.TextFileSourceTests.LineMode_YieldsEachNonEmptyLine","ExecutorUri":"executor://xunit/VsTestRunner3/netcore/","Source":"C:\\Integral2u\\source\\repos\\SharpMind\\SharpMind.Tests\\bin\\Debug\\net10.0\\SharpMind.Tests.dll","CodeFilePath":null,"LineNumber":0,"Properties":[{"Key":{"Id":"TestCase.ManagedMethod","Label":"ManagedMethod","Category":"","Description":"","Attributes":1,"ValueType":"System.String"},"Value":"LineMode_YieldsEachNonEmptyLine"},{"Key":{"Id":"XunitTestCaseUniqueID","Label":"xUnit.net Test Case Unique ID","Category":"","Description":"","Attributes":0,"ValueType":"System.String"},"Value":"53654e480dbd7895a8290afa40f3ded723949ccf"},{"Key":{"Id":"XunitTestCaseExplicit","Label":"xUnit.net Test Case Explicit Flag","Category":"","Description":"","Attributes":0,"ValueType":"System.Boolean"},"Value":false},{"Key":{"Id":"TestCase.ManagedType","Label":"ManagedType","Category":"","Description":"","Attributes":1,"ValueType":"System.String"},"Value":"SharpMind.Tests.Data.TextFileSourceTests"}]},{"Id":"fcb4abe8-a71c-d828-b35c-2fc20a91b77e","FullyQualifiedName":"SharpMind.Tests.Quantization.QuantizationAgreementTests.QuantizedMatMul_AllTiers_Agree","DisplayName":"SharpMind.Tests.Quantization.QuantizationAgreementTests.QuantizedMatMul_AllTiers_Agree(dtype: Q4_K)","ExecutorUri":"executor://xunit/VsTestRunner3/netcore/","Source":"C:\\Integral2u\\source\\repos\\SharpMind\\SharpMind.Tests\\bin\\Debug\\net10.0\\SharpMind.Tests.dll","CodeFilePath":null,"LineNumber":0,"Properties":[{"Key":{"Id":"TestCase.ManagedMethod","Label":"ManagedMethod","Category":"","Description":"","Attributes":1,"ValueType":"System.String"},"Value":"QuantizedMatMul_AllTiers_Agree"},{"Key":{"Id":"XunitTestCaseUniqueID","Label":"xUnit.net Test Case Unique ID","Category":"","Description":"","Attributes":0,"ValueType":"System.String"},"Value":"22952e35442b89e60a31b805460d87518fc064e3"},{"Key":{"Id":"XunitTestCaseExplicit","Label":"xUnit.net Test Case Explicit Flag","Category":"","Description":"","Attributes":0,"ValueType":"System.Boolean"},"Value":false},{"Key":{"Id":"TestCase.ManagedType","Label":"ManagedType","Category":"","Description":"","Attributes":1,"ValueType":"System.String"},"Value":"SharpMind.Tests.Quantization.QuantizationAgreementTests"}]},{"Id":"83fb304b-dd97-1bc6-ace5-48262e223165","FullyQualifiedName":"SharpMind.Tests.Core.RoPETests.Apply_PreservesShape","DisplayName":"SharpMind.Tests.Core.RoPETests.Apply_PreservesShape","ExecutorUri":"executor://xunit/VsTestRunner3/netcore/","Source":"C:\\Integral2u\\source\\repos\\SharpMind\\SharpMind.Tests\\bin\\Debug\\net10.0\\SharpMind.Tests.dll","CodeFilePath":null,"LineNumber":0,"Properties":[{"Key":{"Id":"TestCase.ManagedMethod","Label":"ManagedMethod","Category":"","Description":"","Attributes":1,"ValueType":"System.String"},"Value":"Apply_PreservesShape"},{"Key":{"Id":"XunitTestCaseUniqueID","Label":"xUnit.net Test Case Unique ID","Category":"","Description":"","Attributes":0,"ValueType":"System.String"},"Value":"28b7a1d677baa634025f8197d28954736c0289b4"},{"Key":{"Id":"XunitTestCaseExplicit","Label":"xUnit.net Test Case Explicit Flag","Category":"","Description":"","Attributes":0,"ValueType":"System.Boolean"},"Value":false},{"Key":{"Id":"TestCase.ManagedType","Label":"ManagedType","Category":"","Description":"","Attributes":1,"ValueType":"System.String"},"Value":"SharpMind.Tests.Core.RoPETests"}]}]}}
TpTrace Verbose: 0 : 2820, 13, 2026/07/20, 17:24:36.677, 364655521187, vstest.console.dll, TestRunRequest:SendTestRunStatsChange: Starting.
TpTrace Verbose: 0 : 2820, 13, 2026/07/20, 17:24:36.677, 364655522566, vstest.console.dll, InProgress is SharpMind.Tests.Data.TextFileSourceTests.LineMode_YieldsEachNonEmptyLine
TpTrace Verbose: 0 : 2820, 13, 2026/07/20, 17:24:36.677, 364655523098, vstest.console.dll, InProgress is SharpMind.Tests.Quantization.QuantizationAgreementTests.QuantizedMatMul_AllTiers_Agree(dtype: Q4_K)
TpTrace Verbose: 0 : 2820, 13, 2026/07/20, 17:24:36.677, 364655523544, vstest.console.dll, InProgress is SharpMind.Tests.Core.RoPETests.Apply_PreservesShape
TpTrace Verbose: 0 : 2820, 13, 2026/07/20, 17:24:36.678, 364655524400, vstest.console.dll, MulticastDelegateUtilities.SafeInvoke: TestRun.RunStatsChanged: Invoking callbacks was skipped because there are no subscribers.
TpTrace Verbose: 0 : 2820, 4, 2026/07/20, 17:24:36.678, 364655524797, vstest.console.dll, MulticastDelegateUtilities.SafeInvoke: InternalTestLoggerEvents.SendTestResult: Invoking callback 1/1 for Microsoft.VisualStudio.TestPlatform.CommandLine.Internal.ConsoleLogger., took 0 ms.
TpTrace Information: 0 : 2820, 13, 2026/07/20, 17:24:36.678, 364655524978, vstest.console.dll, TestRunRequest:SendTestRunStatsChange: Completed.
TpTrace Verbose: 0 : 2820, 4, 2026/07/20, 17:24:36.678, 364655525582, vstest.console.dll, MulticastDelegateUtilities.SafeInvoke: InternalTestLoggerEvents.SendTestResult: Invoking callback 1/1 for Microsoft.VisualStudio.TestPlatform.CommandLine.Internal.ConsoleLogger., took 0 ms.
TpTrace Verbose: 0 : 2820, 13, 2026/07/20, 17:24:36.678, 364655526188, vstest.console.dll, MulticastDelegateUtilities.SafeInvoke: LengthPrefixCommunicationChannel: MessageReceived: Invoking callback 1/1 for Microsoft.VisualStudio.TestPlatform.CommunicationUtilities.TestRequestSender+<>c__DisplayClass34_0., took 2 ms.
TpTrace Verbose: 0 : 2820, 4, 2026/07/20, 17:24:36.678, 364655526224, vstest.console.dll, MulticastDelegateUtilities.SafeInvoke: InternalTestLoggerEvents.SendTestResult: Invoking callback 1/1 for Microsoft.VisualStudio.TestPlatform.CommandLine.Internal.ConsoleLogger., took 0 ms.
TpTrace Verbose: 0 : 2820, 13, 2026/07/20, 17:24:36.678, 364655526961, vstest.console.dll, TcpClientExtensions.MessageLoopAsync: Polling on remoteEndPoint: 127.0.0.1:55546 localEndPoint: 127.0.0.1:55545 after 904 ms
TpTrace Verbose: 0 : 2820, 4, 2026/07/20, 17:24:36.678, 364655527554, vstest.console.dll, MulticastDelegateUtilities.SafeInvoke: InternalTestLoggerEvents.SendTestResult: Invoking callback 1/1 for Microsoft.VisualStudio.TestPlatform.CommandLine.Internal.ConsoleLogger., took 0 ms.
TpTrace Verbose: 0 : 2820, 4, 2026/07/20, 17:24:36.678, 364655528446, vstest.console.dll, MulticastDelegateUtilities.SafeInvoke: InternalTestLoggerEvents.SendTestResult: Invoking callback 1/1 for Microsoft.VisualStudio.TestPlatform.CommandLine.Internal.ConsoleLogger., took 0 ms.
TpTrace Verbose: 0 : 2820, 4, 2026/07/20, 17:24:36.678, 364655528988, vstest.console.dll, MulticastDelegateUtilities.SafeInvoke: InternalTestLoggerEvents.SendTestResult: Invoking callback 1/1 for Microsoft.VisualStudio.TestPlatform.CommandLine.Internal.ConsoleLogger., took 0 ms.
TpTrace Verbose: 0 : 2820, 4, 2026/07/20, 17:24:36.678, 364655530916, vstest.console.dll, MulticastDelegateUtilities.SafeInvoke: InternalTestLoggerEvents.SendTestResult: Invoking callback 1/1 for Microsoft.VisualStudio.TestPlatform.CommandLine.Internal.ConsoleLogger., took 0 ms.
TpTrace Verbose: 0 : 2820, 13, 2026/07/20, 17:24:36.813, 364656881525, vstest.console.dll, TcpClientExtensions.MessageLoopAsync: NotifyDataAvailable remoteEndPoint: 127.0.0.1:55546 localEndPoint: 127.0.0.1:55545
TpTrace Verbose: 0 : 2820, 13, 2026/07/20, 17:24:36.814, 364656885983, vstest.console.dll, TestRequestSender.OnExecutionMessageReceived: Received message: {"Version":7,"MessageType":"TestExecution.StatsChange","Payload":{"NewTestResults":[{"TestCase":{"Id":"83fb304b-dd97-1bc6-ace5-48262e223165","FullyQualifiedName":"SharpMind.Tests.Core.RoPETests.Apply_PreservesShape","DisplayName":"SharpMind.Tests.Core.RoPETests.Apply_PreservesShape","ExecutorUri":"executor://xunit/VsTestRunner3/netcore/","Source":"C:\\Integral2u\\source\\repos\\SharpMind\\SharpMind.Tests\\bin\\Debug\\net10.0\\SharpMind.Tests.dll","CodeFilePath":null,"LineNumber":0,"Properties":[{"Key":{"Id":"TestCase.ManagedMethod","Label":"ManagedMethod","Category":"","Description":"","Attributes":1,"ValueType":"System.String"},"Value":"Apply_PreservesShape"},{"Key":{"Id":"XunitTestCaseUniqueID","Label":"xUnit.net Test Case Unique ID","Category":"","Description":"","Attributes":0,"ValueType":"System.String"},"Value":"28b7a1d677baa634025f8197d28954736c0289b4"},{"Key":{"Id":"XunitTestCaseExplicit","Label":"xUnit.net Test Case Explicit Flag","Category":"","Description":"","Attributes":0,"ValueType":"System.Boolean"},"Value":false},{"Key":{"Id":"TestCase.ManagedType","Label":"ManagedType","Category":"","Description":"","Attributes":1,"ValueType":"System.String"},"Value":"SharpMind.Tests.Core.RoPETests"}]},"Attachments":[],"Outcome":1,"ErrorMessage":null,"ErrorStackTrace":null,"DisplayName":"SharpMind.Tests.Core.RoPETests.Apply_PreservesShape","Messages":[],"ComputerName":"LAPTOP-MKMTSO1B","Duration":"00:00:00.0156390","StartTime":"2026-07-20T05:24:36.6760499+00:00","EndTime":"2026-07-20T05:24:36.6890886+00:00","Properties":[]},{"TestCase":{"Id":"f01a1c81-c671-76d2-3e96-1018c5c4b33b","FullyQualifiedName":"SharpMind.Tests.Core.RoPETests.Apply_ZeroPosition_CosSin0","DisplayName":"SharpMind.Tests.Core.RoPETests.Apply_ZeroPosition_CosSin0","ExecutorUri":"executor://xunit/VsTestRunner3/netcore/","Source":"C:\\Integral2u\\source\\repos\\SharpMind\\SharpMind.Tests\\bin\\Debug\\net10.0\\SharpMind.Tests.dll","CodeFilePath":null,"LineNumber":0,"Properties":[{"Key":{"Id":"TestCase.ManagedMethod","Label":"ManagedMethod","Category":"","Description":"","Attributes":1,"ValueType":"System.String"},"Value":"Apply_ZeroPosition_CosSin0"},{"Key":{"Id":"XunitTestCaseUniqueID","Label":"xUnit.net Test Case Unique ID","Category":"","Description":"","Attributes":0,"ValueType":"System.String"},"Value":"69a298ab059c631898b0db15e33206feaca4877c"},{"Key":{"Id":"XunitTestCaseExplicit","Label":"xUnit.net Test Case Explicit Flag","Category":"","Description":"","Attributes":0,"ValueType":"System.Boolean"},"Value":false},{"Key":{"Id":"TestCase.ManagedType","Label":"ManagedType","Category":"","Description":"","Attributes":1,"ValueType":"System.String"},"Value":"SharpMind.Tests.Core.RoPETests"}]},"Attachments":[],"Outcome":1,"ErrorMessage":null,"ErrorStackTrace":null,"DisplayName":"SharpMind.Tests.Core.RoPETests.Apply_ZeroPosition_CosSin0","Messages":[],"ComputerName":"LAPTOP-MKMTSO1B","Duration":"00:00:00.0017892","StartTime":"2026-07-20T05:24:36.6902681+00:00","EndTime":"2026-07-20T05:24:36.6921945+00:00","Properties":[]},{"TestCase":{"Id":"796379f0-7f17-479e-d5aa-19e5786d4f92","FullyQualifiedName":"SharpMind.Tests.Core.RoPETests.Apply_WrongHeadDim_Throws","DisplayName":"SharpMind.Tests.Core.RoPETests.Apply_WrongHeadDim_Throws","ExecutorUri":"executor://xunit/VsTestRunner3/netcore/","Source":"C:\\Integral2u\\source\\repos\\SharpMind\\SharpMind.Tests\\bin\\Debug\\net10.0\\SharpMind.Tests.dll","CodeFilePath":null,"LineNumber":0,"Properties":[{"Key":{"Id":"TestCase.ManagedMethod","Label":"ManagedMethod","Category":"","Description":"","Attributes":1,"ValueType":"System.String"},"Value":"Apply_WrongHeadDim_Throws"},{"Key":{"Id":"XunitTestCaseUniqueID","Label":"xUnit.net Test Case Unique ID","Category":"","Description":"","Attributes":0,"ValueType":"System.String"},"Value":"a6055aabffcda6ffc3dc24626678c793a41793fb"},{"Key":{"Id":"XunitTestCaseExplicit","Label":"xUnit.net Test Case Explicit Flag","Category":"","Description":"","Attributes":0,"ValueType":"System.Boolean"},"Value":false},{"Key":{"Id":"TestCase.ManagedType","Label":"ManagedType","Category":"","Description":"","Attributes":1,"ValueType":"System.String"},"Value":"SharpMind.Tests.Core.RoPETests"}]},"Attachments":[],"Outcome":1,"ErrorMessage":null,"ErrorStackTrace":null,"DisplayName":"SharpMind.Tests.Core.RoPETests.Apply_WrongHeadDim_Throws","Messages":[],"ComputerName":"LAPTOP-MKMTSO1B","Duration":"00:00:00.0009216","StartTime":"2026-07-20T05:24:36.6930945+00:00","EndTime":"2026-07-20T05:24:36.693257+00:00","Properties":[]},{"TestCase":{"Id":"8c673be4-2faa-12b4-d630-bf12db78c1e1","FullyQualifiedName":"SharpMind.Tests.Core.RoPETests.Apply_OutputNotAllSame","DisplayName":"SharpMind.Tests.Core.RoPETests.Apply_OutputNotAllSame","ExecutorUri":"executor://xunit/VsTestRunner3/netcore/","Source":"C:\\Integral2u\\source\\repos\\SharpMind\\SharpMind.Tests\\bin\\Debug\\net10.0\\SharpMind.Tests.dll","CodeFilePath":null,"LineNumber":0,"Properties":[{"Key":{"Id":"TestCase.ManagedMethod","Label":"ManagedMethod","Category":"","Description":"","Attributes":1,"ValueType":"System.String"},"Value":"Apply_OutputNotAllSame"},{"Key":{"Id":"XunitTestCaseUniqueID","Label":"xUnit.net Test Case Unique ID","Category":"","Description":"","Attributes":0,"ValueType":"System.String"},"Value":"d98e98d39644f071e039f16fe548999f497ca027"},{"Key":{"Id":"XunitTestCaseExplicit","Label":"xUnit.net Test Case Explicit Flag","Category":"","Description":"","Attributes":0,"ValueType":"System.Boolean"},"Value":false},{"Key":{"Id":"TestCase.ManagedType","Label":"ManagedType","Category":"","Description":"","Attributes":1,"ValueType":"System.String"},"Value":"SharpMind.Tests.Core.RoPETests"}]},"Attachments":[],"Outcome":1,"ErrorMessage":null,"ErrorStackTrace":null,"DisplayName":"SharpMind.Tests.Core.RoPETests.Apply_OutputNotAllSame","Messages":[],"ComputerName":"LAPTOP-MKMTSO1B","Duration":"00:00:00.0006957","StartTime":"2026-07-20T05:24:36.6940003+00:00","EndTime":"2026-07-20T05:24:36.6941569+00:00","Properties":[]},{"TestCase":{"Id":"e794a3c9-7ffd-ecb2-35b6-6456136c112b","FullyQualifiedName":"SharpMind.Tests.Core.RoPETests.Apply_ExceedsMaxSeqLen_Throws","DisplayName":"SharpMind.Tests.Core.RoPETests.Apply_ExceedsMaxSeqLen_Throws","ExecutorUri":"executor://xunit/VsTestRunner3/netcore/","Source":"C:\\Integral2u\\source\\repos\\SharpMind\\SharpMind.Tests\\bin\\Debug\\net10.0\\SharpMind.Tests.dll","CodeFilePath":null,"LineNumber":0,"Properties":[{"Key":{"Id":"TestCase.ManagedMethod","Label":"ManagedMethod","Category":"","Description":"","Attributes":1,"ValueType":"System.String"},"Value":"Apply_ExceedsMaxSeqLen_Throws"},{"Key":{"Id":"XunitTestCaseUniqueID","Label":"xUnit.net Test Case Unique ID","Category":"","Description":"","Attributes":0,"ValueType":"System.String"},"Value":"ecdc356f580a34ce49ba1c573be06595f3dadc97"},{"Key":{"Id":"XunitTestCaseExplicit","Label":"xUnit.net Test Case Explicit Flag","Category":"","Description":"","Attributes":0,"ValueType":"System.Boolean"},"Value":false},{"Key":{"Id":"TestCase.ManagedType","Label":"ManagedType","Category":"","Description":"","Attributes":1,"ValueType":"System.String"},"Value":"SharpMind.Tests.Core.RoPETests"}]},"Attachments":[],"Outcome":1,"ErrorMessage":null,"ErrorStackTrace":null,"DisplayName":"SharpMind.Tests.Core.RoPETests.Apply_ExceedsMaxSeqLen_Throws","Messages":[],"ComputerName":"LAPTOP-MKMTSO1B","Duration":"00:00:00.0019378","StartTime":"2026-07-20T05:24:36.6948919+00:00","EndTime":"2026-07-20T05:24:36.696102+00:00","Properties":[]},{"TestCase":{"Id":"0facabd4-a9f7-2d52-1bc3-933f4e579915","FullyQualifiedName":"SharpMind.Tests.Data.SafetyStageTests.Hap_AdditionalTerms_AlsoBlocked","DisplayName":"SharpMind.Tests.Data.SafetyStageTests.Hap_AdditionalTerms_AlsoBlocked","ExecutorUri":"executor://xunit/VsTestRunner3/netcore/","Source":"C:\\Integral2u\\source\\repos\\SharpMind\\SharpMind.Tests\\bin\\Debug\\net10.0\\SharpMind.Tests.dll","CodeFilePath":null,"LineNumber":0,"Properties":[{"Key":{"Id":"TestCase.ManagedMethod","Label":"ManagedMethod","Category":"","Description":"","Attributes":1,"ValueType":"System.String"},"Value":"Hap_AdditionalTerms_AlsoBlocked"},{"Key":{"Id":"XunitTestCaseUniqueID","Label":"xUnit.net Test Case Unique ID","Category":"","Description":"","Attributes":0,"ValueType":"System.String"},"Value":"1409fb889c18339233da2608c06aa285f9282ac6"},{"Key":{"Id":"XunitTestCaseExplicit","Label":"xUnit.net Test Case Explicit Flag","Category":"","Description":"","Attributes":0,"ValueType":"System.Boolean"},"Value":false},{"Key":{"Id":"TestCase.ManagedType","Label":"ManagedType","Category":"","Description":"","Attributes":1,"ValueType":"System.String"},"Value":"SharpMind.Tests.Data.SafetyStageTests"}]},"Attachments":[],"Outcome":1,"ErrorMessage":null,"ErrorStackTrace":null,"DisplayName":"SharpMind.Tests.Data.SafetyStageTests.Hap_AdditionalTerms_AlsoBlocked","Messages":[],"ComputerName":"LAPTOP-MKMTSO1B","Duration":"00:00:00.0202957","StartTime":"2026-07-20T05:24:36.6971394+00:00","EndTime":"2026-07-20T05:24:36.7170389+00:00","Properties":[]},{"TestCase":{"Id":"7175757c-55c8-8ac2-d8b7-79e0d0fbb0cc","FullyQualifiedName":"SharpMind.Tests.Data.SafetyStageTests.Blacklist_WholeWord_DoesNotMatchPartial","DisplayName":"SharpMind.Tests.Data.SafetyStageTests.Blacklist_WholeWord_DoesNotMatchPartial","ExecutorUri":"executor://xunit/VsTestRunner3/netcore/","Source":"C:\\Integral2u\\source\\repos\\SharpMind\\SharpMind.Tests\\bin\\Debug\\net10.0\\SharpMind.Tests.dll","CodeFilePath":null,"LineNumber":0,"Properties":[{"Key":{"Id":"TestCase.ManagedMethod","Label":"ManagedMethod","Category":"","Description":"","Attributes":1,"ValueType":"System.String"},"Value":"Blacklist_WholeWord_DoesNotMatchPartial"},{"Key":{"Id":"XunitTestCaseUniqueID","Label":"xUnit.net Test Case Unique ID","Category":"","Description":"","Attributes":0,"ValueType":"System.String"},"Value":"1e63c1ac1d48d84fb7faf2ed90d4b561a39adee6"},{"Key":{"Id":"XunitTestCaseExplicit","Label":"xUnit.net Test Case Explicit Flag","Category":"","Description":"","Attributes":0,"ValueType":"System.Boolean"},"Value":false},{"Key":{"Id":"TestCase.ManagedType","Label":"ManagedType","Category":"","Description":"","Attributes":1,"ValueType":"System.String"},"Value":"SharpMind.Tests.Data.SafetyStageTests"}]},"Attachments":[],"Outcome":1,"ErrorMessage":null,"ErrorStackTrace":null,"DisplayName":"SharpMind.Tests.Data.SafetyStageTests.Blacklist_WholeWord_DoesNotMatchPartial","Messages":[],"ComputerName":"LAPTOP-MKMTSO1B","Duration":"00:00:00.0248271","StartTime":"2026-07-20T05:24:36.7299674+00:00","EndTime":"2026-07-20T05:24:36.7420459+00:00","Properties":[]},{"TestCase":{"Id":"8a4286e3-526e-08e4-be7a-6aa74afd99a6","FullyQualifiedName":"SharpMind.Tests.Data.SafetyStageTests.Pii_AllTypes_MasksEverything","DisplayName":"SharpMind.Tests.Data.SafetyStageTests.Pii_AllTypes_MasksEverything","ExecutorUri":"executor://xunit/VsTestRunner3/netcore/","Source":"C:\\Integral2u\\source\\repos\\SharpMind\\SharpMind.Tests\\bin\\Debug\\net10.0\\SharpMind.Tests.dll","CodeFilePath":null,"LineNumber":0,"Properties":[{"Key":{"Id":"TestCase.ManagedMethod","Label":"ManagedMethod","Category":"","Description":"","Attributes":1,"ValueType":"System.String"},"Value":"Pii_AllTypes_MasksEverything"},{"Key":{"Id":"XunitTestCaseUniqueID","Label":"xUnit.net Test Case Unique ID","Category":"","Description":"","Attributes":0,"ValueType":"System.String"},"Value":"32e9af03b2d9070e68b960bfd9779f082a3a8db3"},{"Key":{"Id":"XunitTestCaseExplicit","Label":"xUnit.net Test Case Explicit Flag","Category":"","Description":"","Attributes":0,"ValueType":"System.Boolean"},"Value":false},{"Key":{"Id":"TestCase.ManagedType","Label":"ManagedType","Category":"","Description":"","Attributes":1,"ValueType":"System.String"},"Value":"SharpMind.Tests.Data.SafetyStageTests"}]},"Attachments":[],"Outcome":1,"ErrorMessage":null,"ErrorStackTrace":null,"DisplayName":"SharpMind.Tests.Data.SafetyStageTests.Pii_AllTypes_MasksEverything","Messages":[],"ComputerName":"LAPTOP-MKMTSO1B","Duration":"00:00:00.0522926","StartTime":"2026-07-20T05:24:36.7429726+00:00","EndTime":"2026-07-20T05:24:36.7945188+00:00","Properties":[]},{"TestCase":{"Id":"21d1de5f-0147-b952-01a6-769643bbd079","FullyQualifiedName":"SharpMind.Tests.Data.SafetyStageTests.Hap_Discard_RemovesDocumentWithHapContent","DisplayName":"SharpMind.Tests.Data.SafetyStageTests.Hap_Discard_RemovesDocumentWithHapContent","ExecutorUri":"executor://xunit/VsTestRunner3/netcore/","Source":"C:\\Integral2u\\source\\repos\\SharpMind\\SharpMind.Tests\\bin\\Debug\\net10.0\\SharpMind.Tests.dll","CodeFilePath":null,"LineNumber":0,"Properties":[{"Key":{"Id":"TestCase.ManagedMethod","Label":"ManagedMethod","Category":"","Description":"","Attributes":1,"ValueType":"System.String"},"Value":"Hap_Discard_RemovesDocumentWithHapContent"},{"Key":{"Id":"XunitTestCaseUniqueID","Label":"xUnit.net Test Case Unique ID","Category":"","Description":"","Attributes":0,"ValueType":"System.String"},"Value":"333d3d4b1bf07b6d99b1e6a95378126b74221b54"},{"Key":{"Id":"XunitTestCaseExplicit","Label":"xUnit.net Test Case Explicit Flag","Category":"","Description":"","Attributes":0,"ValueType":"System.Boolean"},"Value":false},{"Key":{"Id":"TestCase.ManagedType","Label":"ManagedType","Category":"","Description":"","Attributes":1,"ValueType":"System.String"},"Value":"SharpMind.Tests.Data.SafetyStageTests"}]},"Attachments":[],"Outcome":1,"ErrorMessage":null,"ErrorStackTrace":null,"DisplayName":"SharpMind.Tests.Data.SafetyStageTests.Hap_Discard_RemovesDocumentWithHapContent","Messages":[],"ComputerName":"LAPTOP-MKMTSO1B","Duration":"00:00:00.0157652","StartTime":"2026-07-20T05:24:36.7955662+00:00","EndTime":"2026-07-20T05:24:36.810412+00:00","Properties":[]}],"TestRunStatistics":{"ExecutedTests":239,"Stats":{"Passed":239}},"ActiveTests":[{"Id":"2baf20a1-2f6d-9f41-43f2-ad37d2986fa5","FullyQualifiedName":"SharpMind.Tests.Data.SafetyStageTests.Hap_Discard_PassesCleanDocument","DisplayName":"SharpMind.Tests.Data.SafetyStageTests.Hap_Discard_PassesCleanDocument","ExecutorUri":"executor://xunit/VsTestRunner3/netcore/","Source":"C:\\Integral2u\\source\\repos\\SharpMind\\SharpMind.Tests\\bin\\Debug\\net10.0\\SharpMind.Tests.dll","CodeFilePath":null,"LineNumber":0,"Properties":[{"Key":{"Id":"TestCase.ManagedMethod","Label":"ManagedMethod","Category":"","Description":"","Attributes":1,"ValueType":"System.String"},"Value":"Hap_Discard_PassesCleanDocument"},{"Key":{"Id":"XunitTestCaseUniqueID","Label":"xUnit.net Test Case Unique ID","Category":"","Description":"","Attributes":0,"ValueType":"System.String"},"Value":"35747c9458fd16be82ba79d0ab34569843f91094"},{"Key":{"Id":"XunitTestCaseExplicit","Label":"xUnit.net Test Case Explicit Flag","Category":"","Description":"","Attributes":0,"ValueType":"System.Boolean"},"Value":false},{"Key":{"Id":"TestCase.ManagedType","Label":"ManagedType","Category":"","Description":"","Attributes":1,"ValueType":"System.String"},"Value":"SharpMind.Tests.Data.SafetyStageTests"}]}]}}
TpTrace Verbose: 0 : 2820, 13, 2026/07/20, 17:24:36.815, 364656900504, vstest.console.dll, TestRunRequest:SendTestRunStatsChange: Starting.
TpTrace Verbose: 0 : 2820, 13, 2026/07/20, 17:24:36.815, 364656901556, vstest.console.dll, InProgress is SharpMind.Tests.Data.SafetyStageTests.Hap_Discard_PassesCleanDocument
TpTrace Verbose: 0 : 2820, 13, 2026/07/20, 17:24:36.815, 364656902238, vstest.console.dll, MulticastDelegateUtilities.SafeInvoke: TestRun.RunStatsChanged: Invoking callbacks was skipped because there are no subscribers.
TpTrace Verbose: 0 : 2820, 4, 2026/07/20, 17:24:36.815, 364656902649, vstest.console.dll, MulticastDelegateUtilities.SafeInvoke: InternalTestLoggerEvents.SendTestResult: Invoking callback 1/1 for Microsoft.VisualStudio.TestPlatform.CommandLine.Internal.ConsoleLogger., took 0 ms.
TpTrace Information: 0 : 2820, 13, 2026/07/20, 17:24:36.815, 364656902800, vstest.console.dll, TestRunRequest:SendTestRunStatsChange: Completed.
TpTrace Verbose: 0 : 2820, 4, 2026/07/20, 17:24:36.815, 364656903546, vstest.console.dll, MulticastDelegateUtilities.SafeInvoke: InternalTestLoggerEvents.SendTestResult: Invoking callback 1/1 for Microsoft.VisualStudio.TestPlatform.CommandLine.Internal.ConsoleLogger., took 0 ms.
TpTrace Verbose: 0 : 2820, 13, 2026/07/20, 17:24:36.815, 364656903919, vstest.console.dll, MulticastDelegateUtilities.SafeInvoke: LengthPrefixCommunicationChannel: MessageReceived: Invoking callback 1/1 for Microsoft.VisualStudio.TestPlatform.CommunicationUtilities.TestRequestSender+<>c__DisplayClass34_0., took 1 ms.
TpTrace Verbose: 0 : 2820, 4, 2026/07/20, 17:24:36.816, 364656904451, vstest.console.dll, MulticastDelegateUtilities.SafeInvoke: InternalTestLoggerEvents.SendTestResult: Invoking callback 1/1 for Microsoft.VisualStudio.TestPlatform.CommandLine.Internal.ConsoleLogger., took 0 ms.
TpTrace Verbose: 0 : 2820, 13, 2026/07/20, 17:24:36.816, 364656904833, vstest.console.dll, TcpClientExtensions.MessageLoopAsync: Polling on remoteEndPoint: 127.0.0.1:55546 localEndPoint: 127.0.0.1:55545 after 137 ms
TpTrace Verbose: 0 : 2820, 4, 2026/07/20, 17:24:36.816, 364656905240, vstest.console.dll, MulticastDelegateUtilities.SafeInvoke: InternalTestLoggerEvents.SendTestResult: Invoking callback 1/1 for Microsoft.VisualStudio.TestPlatform.CommandLine.Internal.ConsoleLogger., took 0 ms.
TpTrace Verbose: 0 : 2820, 4, 2026/07/20, 17:24:36.816, 364656906028, vstest.console.dll, MulticastDelegateUtilities.SafeInvoke: InternalTestLoggerEvents.SendTestResult: Invoking callback 1/1 for Microsoft.VisualStudio.TestPlatform.CommandLine.Internal.ConsoleLogger., took 0 ms.
TpTrace Verbose: 0 : 2820, 4, 2026/07/20, 17:24:36.816, 364656906429, vstest.console.dll, MulticastDelegateUtilities.SafeInvoke: InternalTestLoggerEvents.SendTestResult: Invoking callback 1/1 for Microsoft.VisualStudio.TestPlatform.CommandLine.Internal.ConsoleLogger., took 0 ms.
TpTrace Verbose: 0 : 2820, 4, 2026/07/20, 17:24:36.816, 364656906827, vstest.console.dll, MulticastDelegateUtilities.SafeInvoke: InternalTestLoggerEvents.SendTestResult: Invoking callback 1/1 for Microsoft.VisualStudio.TestPlatform.CommandLine.Internal.ConsoleLogger., took 0 ms.
TpTrace Verbose: 0 : 2820, 4, 2026/07/20, 17:24:36.816, 364656907240, vstest.console.dll, MulticastDelegateUtilities.SafeInvoke: InternalTestLoggerEvents.SendTestResult: Invoking callback 1/1 for Microsoft.VisualStudio.TestPlatform.CommandLine.Internal.ConsoleLogger., took 0 ms.
TpTrace Verbose: 0 : 2820, 4, 2026/07/20, 17:24:36.816, 364656907626, vstest.console.dll, MulticastDelegateUtilities.SafeInvoke: InternalTestLoggerEvents.SendTestResult: Invoking callback 1/1 for Microsoft.VisualStudio.TestPlatform.CommandLine.Internal.ConsoleLogger., took 0 ms.
TpTrace Verbose: 0 : 2820, 13, 2026/07/20, 17:24:36.947, 364658215766, vstest.console.dll, TcpClientExtensions.MessageLoopAsync: NotifyDataAvailable remoteEndPoint: 127.0.0.1:55546 localEndPoint: 127.0.0.1:55545
TpTrace Verbose: 0 : 2820, 13, 2026/07/20, 17:24:36.947, 364658219131, vstest.console.dll, TestRequestSender.OnExecutionMessageReceived: Received message: {"Version":7,"MessageType":"TestExecution.StatsChange","Payload":{"NewTestResults":[{"TestCase":{"Id":"2baf20a1-2f6d-9f41-43f2-ad37d2986fa5","FullyQualifiedName":"SharpMind.Tests.Data.SafetyStageTests.Hap_Discard_PassesCleanDocument","DisplayName":"SharpMind.Tests.Data.SafetyStageTests.Hap_Discard_PassesCleanDocument","ExecutorUri":"executor://xunit/VsTestRunner3/netcore/","Source":"C:\\Integral2u\\source\\repos\\SharpMind\\SharpMind.Tests\\bin\\Debug\\net10.0\\SharpMind.Tests.dll","CodeFilePath":null,"LineNumber":0,"Properties":[{"Key":{"Id":"TestCase.ManagedMethod","Label":"ManagedMethod","Category":"","Description":"","Attributes":1,"ValueType":"System.String"},"Value":"Hap_Discard_PassesCleanDocument"},{"Key":{"Id":"XunitTestCaseUniqueID","Label":"xUnit.net Test Case Unique ID","Category":"","Description":"","Attributes":0,"ValueType":"System.String"},"Value":"35747c9458fd16be82ba79d0ab34569843f91094"},{"Key":{"Id":"XunitTestCaseExplicit","Label":"xUnit.net Test Case Explicit Flag","Category":"","Description":"","Attributes":0,"ValueType":"System.Boolean"},"Value":false},{"Key":{"Id":"TestCase.ManagedType","Label":"ManagedType","Category":"","Description":"","Attributes":1,"ValueType":"System.String"},"Value":"SharpMind.Tests.Data.SafetyStageTests"}]},"Attachments":[],"Outcome":1,"ErrorMessage":null,"ErrorStackTrace":null,"DisplayName":"SharpMind.Tests.Data.SafetyStageTests.Hap_Discard_PassesCleanDocument","Messages":[],"ComputerName":"LAPTOP-MKMTSO1B","Duration":"00:00:00.0201626","StartTime":"2026-07-20T05:24:36.8140734+00:00","EndTime":"2026-07-20T05:24:36.8307167+00:00","Properties":[]},{"TestCase":{"Id":"d5156903-b7a3-eb79-49c6-172b44d1c13d","FullyQualifiedName":"SharpMind.Tests.Data.SafetyStageTests.Pii_MasksEmail","DisplayName":"SharpMind.Tests.Data.SafetyStageTests.Pii_MasksEmail","ExecutorUri":"executor://xunit/VsTestRunner3/netcore/","Source":"C:\\Integral2u\\source\\repos\\SharpMind\\SharpMind.Tests\\bin\\Debug\\net10.0\\SharpMind.Tests.dll","CodeFilePath":null,"LineNumber":0,"Properties":[{"Key":{"Id":"TestCase.ManagedMethod","Label":"ManagedMethod","Category":"","Description":"","Attributes":1,"ValueType":"System.String"},"Value":"Pii_MasksEmail"},{"Key":{"Id":"XunitTestCaseUniqueID","Label":"xUnit.net Test Case Unique ID","Category":"","Description":"","Attributes":0,"ValueType":"System.String"},"Value":"3d648858d9a8dd3914dfdb991e86b0fa7655e37e"},{"Key":{"Id":"XunitTestCaseExplicit","Label":"xUnit.net Test Case Explicit Flag","Category":"","Description":"","Attributes":0,"ValueType":"System.Boolean"},"Value":false},{"Key":{"Id":"TestCase.ManagedType","Label":"ManagedType","Category":"","Description":"","Attributes":1,"ValueType":"System.String"},"Value":"SharpMind.Tests.Data.SafetyStageTests"}]},"Attachments":[],"Outcome":1,"ErrorMessage":null,"ErrorStackTrace":null,"DisplayName":"SharpMind.Tests.Data.SafetyStageTests.Pii_MasksEmail","Messages":[],"ComputerName":"LAPTOP-MKMTSO1B","Duration":"00:00:00.0078289","StartTime":"2026-07-20T05:24:36.8315336+00:00","EndTime":"2026-07-20T05:24:36.8386995+00:00","Properties":[]},{"TestCase":{"Id":"6a8d4509-2098-772f-8c3e-291cfebbbc60","FullyQualifiedName":"SharpMind.Tests.Data.SafetyStageTests.Pii_MasksIpv4","DisplayName":"SharpMind.Tests.Data.SafetyStageTests.Pii_MasksIpv4","ExecutorUri":"executor://xunit/VsTestRunner3/netcore/","Source":"C:\\Integral2u\\source\\repos\\SharpMind\\SharpMind.Tests\\bin\\Debug\\net10.0\\SharpMind.Tests.dll","CodeFilePath":null,"LineNumber":0,"Properties":[{"Key":{"Id":"TestCase.ManagedMethod","Label":"ManagedMethod","Category":"","Description":"","Attributes":1,"ValueType":"System.String"},"Value":"Pii_MasksIpv4"},{"Key":{"Id":"XunitTestCaseUniqueID","Label":"xUnit.net Test Case Unique ID","Category":"","Description":"","Attributes":0,"ValueType":"System.String"},"Value":"3eb9989c455b911f758771f97a4b2438e724de40"},{"Key":{"Id":"XunitTestCaseExplicit","Label":"xUnit.net Test Case Explicit Flag","Category":"","Description":"","Attributes":0,"ValueType":"System.Boolean"},"Value":false},{"Key":{"Id":"TestCase.ManagedType","Label":"ManagedType","Category":"","Description":"","Attributes":1,"ValueType":"System.String"},"Value":"SharpMind.Tests.Data.SafetyStageTests"}]},"Attachments":[],"Outcome":1,"ErrorMessage":null,"ErrorStackTrace":null,"DisplayName":"SharpMind.Tests.Data.SafetyStageTests.Pii_MasksIpv4","Messages":[],"ComputerName":"LAPTOP-MKMTSO1B","Duration":"00:00:00.0118895","StartTime":"2026-07-20T05:24:36.8394163+00:00","EndTime":"2026-07-20T05:24:36.8510232+00:00","Properties":[]},{"TestCase":{"Id":"1d8fe6a9-55f8-6dde-839e-b20090668bf7","FullyQualifiedName":"SharpMind.Tests.Data.SafetyStageTests.Pii_SelectiveTypes_OnlyMasksEnabled","DisplayName":"SharpMind.Tests.Data.SafetyStageTests.Pii_SelectiveTypes_OnlyMasksEnabled","ExecutorUri":"executor://xunit/VsTestRunner3/netcore/","Source":"C:\\Integral2u\\source\\repos\\SharpMind\\SharpMind.Tests\\bin\\Debug\\net10.0\\SharpMind.Tests.dll","CodeFilePath":null,"LineNumber":0,"Properties":[{"Key":{"Id":"TestCase.ManagedMethod","Label":"ManagedMethod","Category":"","Description":"","Attributes":1,"ValueType":"System.String"},"Value":"Pii_SelectiveTypes_OnlyMasksEnabled"},{"Key":{"Id":"XunitTestCaseUniqueID","Label":"xUnit.net Test Case Unique ID","Category":"","Description":"","Attributes":0,"ValueType":"System.String"},"Value":"544b4764eb485b1ef7153cdafd9eb71fbb93cfda"},{"Key":{"Id":"XunitTestCaseExplicit","Label":"xUnit.net Test Case Explicit Flag","Category":"","Description":"","Attributes":0,"ValueType":"System.Boolean"},"Value":false},{"Key":{"Id":"TestCase.ManagedType","Label":"ManagedType","Category":"","Description":"","Attributes":1,"ValueType":"System.String"},"Value":"SharpMind.Tests.Data.SafetyStageTests"}]},"Attachments":[],"Outcome":1,"ErrorMessage":null,"ErrorStackTrace":null,"DisplayName":"SharpMind.Tests.Data.SafetyStageTests.Pii_SelectiveTypes_OnlyMasksEnabled","Messages":[],"ComputerName":"LAPTOP-MKMTSO1B","Duration":"00:00:00.0143339","StartTime":"2026-07-20T05:24:36.8539723+00:00","EndTime":"2026-07-20T05:24:36.8656522+00:00","Properties":[]},{"TestCase":{"Id":"5be501d2-42fa-b9c2-cfd5-315a9612212a","FullyQualifiedName":"SharpMind.Tests.Data.SafetyStageTests.Pii_MasksSsn","DisplayName":"SharpMind.Tests.Data.SafetyStageTests.Pii_MasksSsn","ExecutorUri":"executor://xunit/VsTestRunner3/netcore/","Source":"C:\\Integral2u\\source\\repos\\SharpMind\\SharpMind.Tests\\bin\\Debug\\net10.0\\SharpMind.Tests.dll","CodeFilePath":null,"LineNumber":0,"Properties":[{"Key":{"Id":"TestCase.ManagedMethod","Label":"ManagedMethod","Category":"","Description":"","Attributes":1,"ValueType":"System.String"},"Value":"Pii_MasksSsn"},{"Key":{"Id":"XunitTestCaseUniqueID","Label":"xUnit.net Test Case Unique ID","Category":"","Description":"","Attributes":0,"ValueType":"System.String"},"Value":"590140c9b6f33cdfb31e4de7ba3d4b09c5273056"},{"Key":{"Id":"XunitTestCaseExplicit","Label":"xUnit.net Test Case Explicit Flag","Category":"","Description":"","Attributes":0,"ValueType":"System.Boolean"},"Value":false},{"Key":{"Id":"TestCase.ManagedType","Label":"ManagedType","Category":"","Description":"","Attributes":1,"ValueType":"System.String"},"Value":"SharpMind.Tests.Data.SafetyStageTests"}]},"Attachments":[],"Outcome":1,"ErrorMessage":null,"ErrorStackTrace":null,"DisplayName":"SharpMind.Tests.Data.SafetyStageTests.Pii_MasksSsn","Messages":[],"ComputerName":"LAPTOP-MKMTSO1B","Duration":"00:00:00.0131897","StartTime":"2026-07-20T05:24:36.8669035+00:00","EndTime":"2026-07-20T05:24:36.8785712+00:00","Properties":[]},{"TestCase":{"Id":"49e27dca-d620-12a0-9dab-8f9a3c49ab31","FullyQualifiedName":"SharpMind.Tests.Data.SafetyStageTests.Pii_MasksUsPhone","DisplayName":"SharpMind.Tests.Data.SafetyStageTests.Pii_MasksUsPhone","ExecutorUri":"executor://xunit/VsTestRunner3/netcore/","Source":"C:\\Integral2u\\source\\repos\\SharpMind\\SharpMind.Tests\\bin\\Debug\\net10.0\\SharpMind.Tests.dll","CodeFilePath":null,"LineNumber":0,"Properties":[{"Key":{"Id":"TestCase.ManagedMethod","Label":"ManagedMethod","Category":"","Description":"","Attributes":1,"ValueType":"System.String"},"Value":"Pii_MasksUsPhone"},{"Key":{"Id":"XunitTestCaseUniqueID","Label":"xUnit.net Test Case Unique ID","Category":"","Description":"","Attributes":0,"ValueType":"System.String"},"Value":"6208f584f3a88a0027e63bcd1df139dddc93a89f"},{"Key":{"Id":"XunitTestCaseExplicit","Label":"xUnit.net Test Case Explicit Flag","Category":"","Description":"","Attributes":0,"ValueType":"System.Boolean"},"Value":false},{"Key":{"Id":"TestCase.ManagedType","Label":"ManagedType","Category":"","Description":"","Attributes":1,"ValueType":"System.String"},"Value":"SharpMind.Tests.Data.SafetyStageTests"}]},"Attachments":[],"Outcome":1,"ErrorMessage":null,"ErrorStackTrace":null,"DisplayName":"SharpMind.Tests.Data.SafetyStageTests.Pii_MasksUsPhone","Messages":[],"ComputerName":"LAPTOP-MKMTSO1B","Duration":"00:00:00.0126541","StartTime":"2026-07-20T05:24:36.8793347+00:00","EndTime":"2026-07-20T05:24:36.8913861+00:00","Properties":[]},{"TestCase":{"Id":"25498a5b-f04e-96bd-a30f-c789cc3e1841","FullyQualifiedName":"SharpMind.Tests.Data.SafetyStageTests.Blocklist_FromFile_LoadsTerms","DisplayName":"SharpMind.Tests.Data.SafetyStageTests.Blocklist_FromFile_LoadsTerms","ExecutorUri":"executor://xunit/VsTestRunner3/netcore/","Source":"C:\\Integral2u\\source\\repos\\SharpMind\\SharpMind.Tests\\bin\\Debug\\net10.0\\SharpMind.Tests.dll","CodeFilePath":null,"LineNumber":0,"Properties":[{"Key":{"Id":"TestCase.ManagedMethod","Label":"ManagedMethod","Category":"","Description":"","Attributes":1,"ValueType":"System.String"},"Value":"Blocklist_FromFile_LoadsTerms"},{"Key":{"Id":"XunitTestCaseUniqueID","Label":"xUnit.net Test Case Unique ID","Category":"","Description":"","Attributes":0,"ValueType":"System.String"},"Value":"6e405e55ab8a4841de374d74cae58bf01fc76c0b"},{"Key":{"Id":"XunitTestCaseExplicit","Label":"xUnit.net Test Case Explicit Flag","Category":"","Description":"","Attributes":0,"ValueType":"System.Boolean"},"Value":false},{"Key":{"Id":"TestCase.ManagedType","Label":"ManagedType","Category":"","Description":"","Attributes":1,"ValueType":"System.String"},"Value":"SharpMind.Tests.Data.SafetyStageTests"}]},"Attachments":[],"Outcome":1,"ErrorMessage":null,"ErrorStackTrace":null,"DisplayName":"SharpMind.Tests.Data.SafetyStageTests.Blocklist_FromFile_LoadsTerms","Messages":[],"ComputerName":"LAPTOP-MKMTSO1B","Duration":"00:00:00.0345421","StartTime":"2026-07-20T05:24:36.8923836+00:00","EndTime":"2026-07-20T05:24:36.9272156+00:00","Properties":[]},{"TestCase":{"Id":"d14d2a06-6326-e1fd-63a2-e02d92eacda7","FullyQualifiedName":"SharpMind.Tests.Data.SafetyStageTests.Hap_Redact_ReplacesMatchWithPlaceholder","DisplayName":"SharpMind.Tests.Data.SafetyStageTests.Hap_Redact_ReplacesMatchWithPlaceholder","ExecutorUri":"executor://xunit/VsTestRunner3/netcore/","Source":"C:\\Integral2u\\source\\repos\\SharpMind\\SharpMind.Tests\\bin\\Debug\\net10.0\\SharpMind.Tests.dll","CodeFilePath":null,"LineNumber":0,"Properties":[{"Key":{"Id":"TestCase.ManagedMethod","Label":"ManagedMethod","Category":"","Description":"","Attributes":1,"ValueType":"System.String"},"Value":"Hap_Redact_ReplacesMatchWithPlaceholder"},{"Key":{"Id":"XunitTestCaseUniqueID","Label":"xUnit.net Test Case Unique ID","Category":"","Description":"","Attributes":0,"ValueType":"System.String"},"Value":"738b11e29cbe69f4b68196b66db6c400d0f27533"},{"Key":{"Id":"XunitTestCaseExplicit","Label":"xUnit.net Test Case Explicit Flag","Category":"","Description":"","Attributes":0,"ValueType":"System.Boolean"},"Value":false},{"Key":{"Id":"TestCase.ManagedType","Label":"ManagedType","Category":"","Description":"","Attributes":1,"ValueType":"System.String"},"Value":"SharpMind.Tests.Data.SafetyStageTests"}]},"Attachments":[],"Outcome":1,"ErrorMessage":null,"ErrorStackTrace":null,"DisplayName":"SharpMind.Tests.Data.SafetyStageTests.Hap_Redact_ReplacesMatchWithPlaceholder","Messages":[],"ComputerName":"LAPTOP-MKMTSO1B","Duration":"00:00:00.0150846","StartTime":"2026-07-20T05:24:36.9283776+00:00","EndTime":"2026-07-20T05:24:36.9433366+00:00","Properties":[]},{"TestCase":{"Id":"5efa946e-c6c2-6430-5d6f-93ec0eae2ca7","FullyQualifiedName":"SharpMind.Tests.Data.SafetyStageTests.Blocklist_NonWholeWord_MatchesPartial","DisplayName":"SharpMind.Tests.Data.SafetyStageTests.Blocklist_NonWholeWord_MatchesPartial","ExecutorUri":"executor://xunit/VsTestRunner3/netcore/","Source":"C:\\Integral2u\\source\\repos\\SharpMind\\SharpMind.Tests\\bin\\Debug\\net10.0\\SharpMind.Tests.dll","CodeFilePath":null,"LineNumber":0,"Properties":[{"Key":{"Id":"TestCase.ManagedMethod","Label":"ManagedMethod","Category":"","Description":"","Attributes":1,"ValueType":"System.String"},"Value":"Blocklist_NonWholeWord_MatchesPartial"},{"Key":{"Id":"XunitTestCaseUniqueID","Label":"xUnit.net Test Case Unique ID","Category":"","Description":"","Attributes":0,"ValueType":"System.String"},"Value":"90e96d18aa4ca3cd597e0f7255ac887aa5080c50"},{"Key":{"Id":"XunitTestCaseExplicit","Label":"xUnit.net Test Case Explicit Flag","Category":"","Description":"","Attributes":0,"ValueType":"System.Boolean"},"Value":false},{"Key":{"Id":"TestCase.ManagedType","Label":"ManagedType","Category":"","Description":"","Attributes":1,"ValueType":"System.String"},"Value":"SharpMind.Tests.Data.SafetyStageTests"}]},"Attachments":[],"Outcome":1,"ErrorMessage":null,"ErrorStackTrace":null,"DisplayName":"SharpMind.Tests.Data.SafetyStageTests.Blocklist_NonWholeWord_MatchesPartial","Messages":[],"ComputerName":"LAPTOP-MKMTSO1B","Duration":"00:00:00.0003301","StartTime":"2026-07-20T05:24:36.9442028+00:00","EndTime":"2026-07-20T05:24:36.9443444+00:00","Properties":[]}],"TestRunStatistics":{"ExecutedTests":248,"Stats":{"Passed":248}},"ActiveTests":[{"Id":"52dc2d31-9097-8e65-c55e-4b744bc1594a","FullyQualifiedName":"SharpMind.Tests.Data.SafetyStageTests.Hap_Redact_KeepsRestOfDocument","DisplayName":"SharpMind.Tests.Data.SafetyStageTests.Hap_Redact_KeepsRestOfDocument","ExecutorUri":"executor://xunit/VsTestRunner3/netcore/","Source":"C:\\Integral2u\\source\\repos\\SharpMind\\SharpMind.Tests\\bin\\Debug\\net10.0\\SharpMind.Tests.dll","CodeFilePath":null,"LineNumber":0,"Properties":[{"Key":{"Id":"TestCase.ManagedMethod","Label":"ManagedMethod","Category":"","Description":"","Attributes":1,"ValueType":"System.String"},"Value":"Hap_Redact_KeepsRestOfDocument"},{"Key":{"Id":"XunitTestCaseUniqueID","Label":"xUnit.net Test Case Unique ID","Category":"","Description":"","Attributes":0,"ValueType":"System.String"},"Value":"a6ced43475b18438ae0eb3d7a52170eef539471f"},{"Key":{"Id":"XunitTestCaseExplicit","Label":"xUnit.net Test Case Explicit Flag","Category":"","Description":"","Attributes":0,"ValueType":"System.Boolean"},"Value":false},{"Key":{"Id":"TestCase.ManagedType","Label":"ManagedType","Category":"","Description":"","Attributes":1,"ValueType":"System.String"},"Value":"SharpMind.Tests.Data.SafetyStageTests"}]}]}}
TpTrace Verbose: 0 : 2820, 13, 2026/07/20, 17:24:36.948, 364658231057, vstest.console.dll, TestRunRequest:SendTestRunStatsChange: Starting.
TpTrace Verbose: 0 : 2820, 13, 2026/07/20, 17:24:36.948, 364658232067, vstest.console.dll, InProgress is SharpMind.Tests.Data.SafetyStageTests.Hap_Redact_KeepsRestOfDocument
TpTrace Verbose: 0 : 2820, 13, 2026/07/20, 17:24:36.948, 364658232875, vstest.console.dll, MulticastDelegateUtilities.SafeInvoke: TestRun.RunStatsChanged: Invoking callbacks was skipped because there are no subscribers.
TpTrace Verbose: 0 : 2820, 4, 2026/07/20, 17:24:36.948, 364658233266, vstest.console.dll, MulticastDelegateUtilities.SafeInvoke: InternalTestLoggerEvents.SendTestResult: Invoking callback 1/1 for Microsoft.VisualStudio.TestPlatform.CommandLine.Internal.ConsoleLogger., took 0 ms.
TpTrace Information: 0 : 2820, 13, 2026/07/20, 17:24:36.948, 364658233343, vstest.console.dll, TestRunRequest:SendTestRunStatsChange: Completed.
TpTrace Verbose: 0 : 2820, 4, 2026/07/20, 17:24:36.948, 364658233944, vstest.console.dll, MulticastDelegateUtilities.SafeInvoke: InternalTestLoggerEvents.SendTestResult: Invoking callback 1/1 for Microsoft.VisualStudio.TestPlatform.CommandLine.Internal.ConsoleLogger., took 0 ms.
TpTrace Verbose: 0 : 2820, 13, 2026/07/20, 17:24:36.949, 364658234381, vstest.console.dll, MulticastDelegateUtilities.SafeInvoke: LengthPrefixCommunicationChannel: MessageReceived: Invoking callback 1/1 for Microsoft.VisualStudio.TestPlatform.CommunicationUtilities.TestRequestSender+<>c__DisplayClass34_0., took 1 ms.
TpTrace Verbose: 0 : 2820, 4, 2026/07/20, 17:24:36.949, 364658234925, vstest.console.dll, MulticastDelegateUtilities.SafeInvoke: InternalTestLoggerEvents.SendTestResult: Invoking callback 1/1 for Microsoft.VisualStudio.TestPlatform.CommandLine.Internal.ConsoleLogger., took 0 ms.
TpTrace Verbose: 0 : 2820, 13, 2026/07/20, 17:24:36.949, 364658235298, vstest.console.dll, TcpClientExtensions.MessageLoopAsync: Polling on remoteEndPoint: 127.0.0.1:55546 localEndPoint: 127.0.0.1:55545 after 132 ms
TpTrace Verbose: 0 : 2820, 4, 2026/07/20, 17:24:36.949, 364658235831, vstest.console.dll, MulticastDelegateUtilities.SafeInvoke: InternalTestLoggerEvents.SendTestResult: Invoking callback 1/1 for Microsoft.VisualStudio.TestPlatform.CommandLine.Internal.ConsoleLogger., took 0 ms.
TpTrace Verbose: 0 : 2820, 4, 2026/07/20, 17:24:36.949, 364658236826, vstest.console.dll, MulticastDelegateUtilities.SafeInvoke: InternalTestLoggerEvents.SendTestResult: Invoking callback 1/1 for Microsoft.VisualStudio.TestPlatform.CommandLine.Internal.ConsoleLogger., took 0 ms.
TpTrace Verbose: 0 : 2820, 4, 2026/07/20, 17:24:36.949, 364658237356, vstest.console.dll, MulticastDelegateUtilities.SafeInvoke: InternalTestLoggerEvents.SendTestResult: Invoking callback 1/1 for Microsoft.VisualStudio.TestPlatform.CommandLine.Internal.ConsoleLogger., took 0 ms.
TpTrace Verbose: 0 : 2820, 4, 2026/07/20, 17:24:36.949, 364658237883, vstest.console.dll, MulticastDelegateUtilities.SafeInvoke: InternalTestLoggerEvents.SendTestResult: Invoking callback 1/1 for Microsoft.VisualStudio.TestPlatform.CommandLine.Internal.ConsoleLogger., took 0 ms.
TpTrace Verbose: 0 : 2820, 4, 2026/07/20, 17:24:36.949, 364658238415, vstest.console.dll, MulticastDelegateUtilities.SafeInvoke: InternalTestLoggerEvents.SendTestResult: Invoking callback 1/1 for Microsoft.VisualStudio.TestPlatform.CommandLine.Internal.ConsoleLogger., took 0 ms.
TpTrace Verbose: 0 : 2820, 4, 2026/07/20, 17:24:36.949, 364658238896, vstest.console.dll, MulticastDelegateUtilities.SafeInvoke: InternalTestLoggerEvents.SendTestResult: Invoking callback 1/1 for Microsoft.VisualStudio.TestPlatform.CommandLine.Internal.ConsoleLogger., took 0 ms.
TpTrace Verbose: 0 : 2820, 13, 2026/07/20, 17:24:37.063, 364659379381, vstest.console.dll, TcpClientExtensions.MessageLoopAsync: NotifyDataAvailable remoteEndPoint: 127.0.0.1:55546 localEndPoint: 127.0.0.1:55545
TpTrace Verbose: 0 : 2820, 13, 2026/07/20, 17:24:37.064, 364659384191, vstest.console.dll, TestRequestSender.OnExecutionMessageReceived: Received message: {"Version":7,"MessageType":"TestExecution.StatsChange","Payload":{"NewTestResults":[{"TestCase":{"Id":"52dc2d31-9097-8e65-c55e-4b744bc1594a","FullyQualifiedName":"SharpMind.Tests.Data.SafetyStageTests.Hap_Redact_KeepsRestOfDocument","DisplayName":"SharpMind.Tests.Data.SafetyStageTests.Hap_Redact_KeepsRestOfDocument","ExecutorUri":"executor://xunit/VsTestRunner3/netcore/","Source":"C:\\Integral2u\\source\\repos\\SharpMind\\SharpMind.Tests\\bin\\Debug\\net10.0\\SharpMind.Tests.dll","CodeFilePath":null,"LineNumber":0,"Properties":[{"Key":{"Id":"TestCase.ManagedMethod","Label":"ManagedMethod","Category":"","Description":"","Attributes":1,"ValueType":"System.String"},"Value":"Hap_Redact_KeepsRestOfDocument"},{"Key":{"Id":"XunitTestCaseUniqueID","Label":"xUnit.net Test Case Unique ID","Category":"","Description":"","Attributes":0,"ValueType":"System.String"},"Value":"a6ced43475b18438ae0eb3d7a52170eef539471f"},{"Key":{"Id":"XunitTestCaseExplicit","Label":"xUnit.net Test Case Explicit Flag","Category":"","Description":"","Attributes":0,"ValueType":"System.Boolean"},"Value":false},{"Key":{"Id":"TestCase.ManagedType","Label":"ManagedType","Category":"","Description":"","Attributes":1,"ValueType":"System.String"},"Value":"SharpMind.Tests.Data.SafetyStageTests"}]},"Attachments":[],"Outcome":1,"ErrorMessage":null,"ErrorStackTrace":null,"DisplayName":"SharpMind.Tests.Data.SafetyStageTests.Hap_Redact_KeepsRestOfDocument","Messages":[],"ComputerName":"LAPTOP-MKMTSO1B","Duration":"00:00:00.0168755","StartTime":"2026-07-20T05:24:36.9473881+00:00","EndTime":"2026-07-20T05:24:36.960743+00:00","Properties":[]},{"TestCase":{"Id":"fde13104-68a7-be09-85d3-ab6a244d44af","FullyQualifiedName":"SharpMind.Tests.Data.SafetyStageTests.Blocklist_PassesCleanDocument","DisplayName":"SharpMind.Tests.Data.SafetyStageTests.Blocklist_PassesCleanDocument","ExecutorUri":"executor://xunit/VsTestRunner3/netcore/","Source":"C:\\Integral2u\\source\\repos\\SharpMind\\SharpMind.Tests\\bin\\Debug\\net10.0\\SharpMind.Tests.dll","CodeFilePath":null,"LineNumber":0,"Properties":[{"Key":{"Id":"TestCase.ManagedMethod","Label":"ManagedMethod","Category":"","Description":"","Attributes":1,"ValueType":"System.String"},"Value":"Blocklist_PassesCleanDocument"},{"Key":{"Id":"XunitTestCaseUniqueID","Label":"xUnit.net Test Case Unique ID","Category":"","Description":"","Attributes":0,"ValueType":"System.String"},"Value":"a7fceb211843a8f54a1ed004541c18af3e522265"},{"Key":{"Id":"XunitTestCaseExplicit","Label":"xUnit.net Test Case Explicit Flag","Category":"","Description":"","Attributes":0,"ValueType":"System.Boolean"},"Value":false},{"Key":{"Id":"TestCase.ManagedType","Label":"ManagedType","Category":"","Description":"","Attributes":1,"ValueType":"System.String"},"Value":"SharpMind.Tests.Data.SafetyStageTests"}]},"Attachments":[],"Outcome":1,"ErrorMessage":null,"ErrorStackTrace":null,"DisplayName":"SharpMind.Tests.Data.SafetyStageTests.Blocklist_PassesCleanDocument","Messages":[],"ComputerName":"LAPTOP-MKMTSO1B","Duration":"00:00:00.0003006","StartTime":"2026-07-20T05:24:36.9627536+00:00","EndTime":"2026-07-20T05:24:36.9629089+00:00","Properties":[]},{"TestCase":{"Id":"973a0363-2a69-bb99-2fae-8be1feb2b875","FullyQualifiedName":"SharpMind.Tests.Data.SafetyStageTests.Blocklist_CaseInsensitive","DisplayName":"SharpMind.Tests.Data.SafetyStageTests.Blocklist_CaseInsensitive","ExecutorUri":"executor://xunit/VsTestRunner3/netcore/","Source":"C:\\Integral2u\\source\\repos\\SharpMind\\SharpMind.Tests\\bin\\Debug\\net10.0\\SharpMind.Tests.dll","CodeFilePath":null,"LineNumber":0,"Properties":[{"Key":{"Id":"TestCase.ManagedMethod","Label":"ManagedMethod","Category":"","Description":"","Attributes":1,"ValueType":"System.String"},"Value":"Blocklist_CaseInsensitive"},{"Key":{"Id":"XunitTestCaseUniqueID","Label":"xUnit.net Test Case Unique ID","Category":"","Description":"","Attributes":0,"ValueType":"System.String"},"Value":"b30e984a219e374a65a3f82ce2c0ca8a2523a468"},{"Key":{"Id":"XunitTestCaseExplicit","Label":"xUnit.net Test Case Explicit Flag","Category":"","Description":"","Attributes":0,"ValueType":"System.Boolean"},"Value":false},{"Key":{"Id":"TestCase.ManagedType","Label":"ManagedType","Category":"","Description":"","Attributes":1,"ValueType":"System.String"},"Value":"SharpMind.Tests.Data.SafetyStageTests"}]},"Attachments":[],"Outcome":1,"ErrorMessage":null,"ErrorStackTrace":null,"DisplayName":"SharpMind.Tests.Data.SafetyStageTests.Blocklist_CaseInsensitive","Messages":[],"ComputerName":"LAPTOP-MKMTSO1B","Duration":"00:00:00.0002199","StartTime":"2026-07-20T05:24:36.9637081+00:00","EndTime":"2026-07-20T05:24:36.9638528+00:00","Properties":[]},{"TestCase":{"Id":"205de52c-bdec-73ae-b538-6874b8dd184a","FullyQualifiedName":"SharpMind.Tests.Data.SafetyStageTests.Blocklist_DiscardsDocumentContainingTerm","DisplayName":"SharpMind.Tests.Data.SafetyStageTests.Blocklist_DiscardsDocumentContainingTerm","ExecutorUri":"executor://xunit/VsTestRunner3/netcore/","Source":"C:\\Integral2u\\source\\repos\\SharpMind\\SharpMind.Tests\\bin\\Debug\\net10.0\\SharpMind.Tests.dll","CodeFilePath":null,"LineNumber":0,"Properties":[{"Key":{"Id":"TestCase.ManagedMethod","Label":"ManagedMethod","Category":"","Description":"","Attributes":1,"ValueType":"System.String"},"Value":"Blocklist_DiscardsDocumentContainingTerm"},{"Key":{"Id":"XunitTestCaseUniqueID","Label":"xUnit.net Test Case Unique ID","Category":"","Description":"","Attributes":0,"ValueType":"System.String"},"Value":"c2ce22414ff76a44b1269f0f2b02c034f48bfbdf"},{"Key":{"Id":"XunitTestCaseExplicit","Label":"xUnit.net Test Case Explicit Flag","Category":"","Description":"","Attributes":0,"ValueType":"System.Boolean"},"Value":false},{"Key":{"Id":"TestCase.ManagedType","Label":"ManagedType","Category":"","Description":"","Attributes":1,"ValueType":"System.String"},"Value":"SharpMind.Tests.Data.SafetyStageTests"}]},"Attachments":[],"Outcome":1,"ErrorMessage":null,"ErrorStackTrace":null,"DisplayName":"SharpMind.Tests.Data.SafetyStageTests.Blocklist_DiscardsDocumentContainingTerm","Messages":[],"ComputerName":"LAPTOP-MKMTSO1B","Duration":"00:00:00.0002548","StartTime":"2026-07-20T05:24:36.9792093+00:00","EndTime":"2026-07-20T05:24:36.9794743+00:00","Properties":[]},{"TestCase":{"Id":"3536bbb8-3e55-814d-25b8-0d85427b2d9d","FullyQualifiedName":"SharpMind.Tests.Data.SafetyStageTests.Pii_NoMatch_ReturnsDocumentUnchanged","DisplayName":"SharpMind.Tests.Data.SafetyStageTests.Pii_NoMatch_ReturnsDocumentUnchanged","ExecutorUri":"executor://xunit/VsTestRunner3/netcore/","Source":"C:\\Integral2u\\source\\repos\\SharpMind\\SharpMind.Tests\\bin\\Debug\\net10.0\\SharpMind.Tests.dll","CodeFilePath":null,"LineNumber":0,"Properties":[{"Key":{"Id":"TestCase.ManagedMethod","Label":"ManagedMethod","Category":"","Description":"","Attributes":1,"ValueType":"System.String"},"Value":"Pii_NoMatch_ReturnsDocumentUnchanged"},{"Key":{"Id":"XunitTestCaseUniqueID","Label":"xUnit.net Test Case Unique ID","Category":"","Description":"","Attributes":0,"ValueType":"System.String"},"Value":"db2a71e07f277de3499e84d7fc80045d2f10ebaa"},{"Key":{"Id":"XunitTestCaseExplicit","Label":"xUnit.net Test Case Explicit Flag","Category":"","Description":"","Attributes":0,"ValueType":"System.Boolean"},"Value":false},{"Key":{"Id":"TestCase.ManagedType","Label":"ManagedType","Category":"","Description":"","Attributes":1,"ValueType":"System.String"},"Value":"SharpMind.Tests.Data.SafetyStageTests"}]},"Attachments":[],"Outcome":1,"ErrorMessage":null,"ErrorStackTrace":null,"DisplayName":"SharpMind.Tests.Data.SafetyStageTests.Pii_NoMatch_ReturnsDocumentUnchanged","Messages":[],"ComputerName":"LAPTOP-MKMTSO1B","Duration":"00:00:00.0465360","StartTime":"2026-07-20T05:24:36.9804666+00:00","EndTime":"2026-07-20T05:24:37.0099282+00:00","Properties":[]},{"TestCase":{"Id":"d5d76b52-6acb-9560-2e7c-869101d73cd3","FullyQualifiedName":"SharpMind.Tests.Data.SafetyStageTests.Blocklist_MultipleTerms_AnyMatchDiscards","DisplayName":"SharpMind.Tests.Data.SafetyStageTests.Blocklist_MultipleTerms_AnyMatchDiscards","ExecutorUri":"executor://xunit/VsTestRunner3/netcore/","Source":"C:\\Integral2u\\source\\repos\\SharpMind\\SharpMind.Tests\\bin\\Debug\\net10.0\\SharpMind.Tests.dll","CodeFilePath":null,"LineNumber":0,"Properties":[{"Key":{"Id":"TestCase.ManagedMethod","Label":"ManagedMethod","Category":"","Description":"","Attributes":1,"ValueType":"System.String"},"Value":"Blocklist_MultipleTerms_AnyMatchDiscards"},{"Key":{"Id":"XunitTestCaseUniqueID","Label":"xUnit.net Test Case Unique ID","Category":"","Description":"","Attributes":0,"ValueType":"System.String"},"Value":"ea1e54f035875210edbfdafaf335e54f5356a53d"},{"Key":{"Id":"XunitTestCaseExplicit","Label":"xUnit.net Test Case Explicit Flag","Category":"","Description":"","Attributes":0,"ValueType":"System.Boolean"},"Value":false},{"Key":{"Id":"TestCase.ManagedType","Label":"ManagedType","Category":"","Description":"","Attributes":1,"ValueType":"System.String"},"Value":"SharpMind.Tests.Data.SafetyStageTests"}]},"Attachments":[],"Outcome":1,"ErrorMessage":null,"ErrorStackTrace":null,"DisplayName":"SharpMind.Tests.Data.SafetyStageTests.Blocklist_MultipleTerms_AnyMatchDiscards","Messages":[],"ComputerName":"LAPTOP-MKMTSO1B","Duration":"00:00:00.0004350","StartTime":"2026-07-20T05:24:37.0113736+00:00","EndTime":"2026-07-20T05:24:37.0120561+00:00","Properties":[]},{"TestCase":{"Id":"5df17b79-a438-41cc-ec0c-5822fdef612e","FullyQualifiedName":"SharpMind.Tests.Data.SafetyStageTests.Pii_MasksUrl","DisplayName":"SharpMind.Tests.Data.SafetyStageTests.Pii_MasksUrl","ExecutorUri":"executor://xunit/VsTestRunner3/netcore/","Source":"C:\\Integral2u\\source\\repos\\SharpMind\\SharpMind.Tests\\bin\\Debug\\net10.0\\SharpMind.Tests.dll","CodeFilePath":null,"LineNumber":0,"Properties":[{"Key":{"Id":"TestCase.ManagedMethod","Label":"ManagedMethod","Category":"","Description":"","Attributes":1,"ValueType":"System.String"},"Value":"Pii_MasksUrl"},{"Key":{"Id":"XunitTestCaseUniqueID","Label":"xUnit.net Test Case Unique ID","Category":"","Description":"","Attributes":0,"ValueType":"System.String"},"Value":"f27ac3f54ce691377e992dec0c7e37a3839909e9"},{"Key":{"Id":"XunitTestCaseExplicit","Label":"xUnit.net Test Case Explicit Flag","Category":"","Description":"","Attributes":0,"ValueType":"System.Boolean"},"Value":false},{"Key":{"Id":"TestCase.ManagedType","Label":"ManagedType","Category":"","Description":"","Attributes":1,"ValueType":"System.String"},"Value":"SharpMind.Tests.Data.SafetyStageTests"}]},"Attachments":[],"Outcome":1,"ErrorMessage":null,"ErrorStackTrace":null,"DisplayName":"SharpMind.Tests.Data.SafetyStageTests.Pii_MasksUrl","Messages":[],"ComputerName":"LAPTOP-MKMTSO1B","Duration":"00:00:00.0092322","StartTime":"2026-07-20T05:24:37.0130567+00:00","EndTime":"2026-07-20T05:24:37.0226492+00:00","Properties":[]},{"TestCase":{"Id":"330cd554-6b4f-537e-73f2-b712d4167359","FullyQualifiedName":"SharpMind.Tests.Data.CleaningPipelineTests.Branch_SplitsStream","DisplayName":"SharpMind.Tests.Data.CleaningPipelineTests.Branch_SplitsStream","ExecutorUri":"executor://xunit/VsTestRunner3/netcore/","Source":"C:\\Integral2u\\source\\repos\\SharpMind\\SharpMind.Tests\\bin\\Debug\\net10.0\\SharpMind.Tests.dll","CodeFilePath":null,"LineNumber":0,"Properties":[{"Key":{"Id":"TestCase.ManagedMethod","Label":"ManagedMethod","Category":"","Description":"","Attributes":1,"ValueType":"System.String"},"Value":"Branch_SplitsStream"},{"Key":{"Id":"XunitTestCaseUniqueID","Label":"xUnit.net Test Case Unique ID","Category":"","Description":"","Attributes":0,"ValueType":"System.String"},"Value":"3d96402a55ece8ccb6635bc10cd99e5e1ac90190"},{"Key":{"Id":"XunitTestCaseExplicit","Label":"xUnit.net Test Case Explicit Flag","Category":"","Description":"","Attributes":0,"ValueType":"System.Boolean"},"Value":false},{"Key":{"Id":"TestCase.ManagedType","Label":"ManagedType","Category":"","Description":"","Attributes":1,"ValueType":"System.String"},"Value":"SharpMind.Tests.Data.CleaningPipelineTests"}]},"Attachments":[],"Outcome":1,"ErrorMessage":null,"ErrorStackTrace":null,"DisplayName":"SharpMind.Tests.Data.CleaningPipelineTests.Branch_SplitsStream","Messages":[],"ComputerName":"LAPTOP-MKMTSO1B","Duration":"00:00:01.5218710","StartTime":"2026-07-20T05:24:35.5233441+00:00","EndTime":"2026-07-20T05:24:37.0465892+00:00","Properties":[]},{"TestCase":{"Id":"ee3efff8-fbc7-824a-5cde-b4fd4b6e67ea","FullyQualifiedName":"SharpMind.Tests.Data.TextFileSourceTests.LineMode_YieldsEachNonEmptyLine","DisplayName":"SharpMind.Tests.Data.TextFileSourceTests.LineMode_YieldsEachNonEmptyLine","ExecutorUri":"executor://xunit/VsTestRunner3/netcore/","Source":"C:\\Integral2u\\source\\repos\\SharpMind\\SharpMind.Tests\\bin\\Debug\\net10.0\\SharpMind.Tests.dll","CodeFilePath":null,"LineNumber":0,"Properties":[{"Key":{"Id":"TestCase.ManagedMethod","Label":"ManagedMethod","Category":"","Description":"","Attributes":1,"ValueType":"System.String"},"Value":"LineMode_YieldsEachNonEmptyLine"},{"Key":{"Id":"XunitTestCaseUniqueID","Label":"xUnit.net Test Case Unique ID","Category":"","Description":"","Attributes":0,"ValueType":"System.String"},"Value":"53654e480dbd7895a8290afa40f3ded723949ccf"},{"Key":{"Id":"XunitTestCaseExplicit","Label":"xUnit.net Test Case Explicit Flag","Category":"","Description":"","Attributes":0,"ValueType":"System.Boolean"},"Value":false},{"Key":{"Id":"TestCase.ManagedType","Label":"ManagedType","Category":"","Description":"","Attributes":1,"ValueType":"System.String"},"Value":"SharpMind.Tests.Data.TextFileSourceTests"}]},"Attachments":[],"Outcome":1,"ErrorMessage":null,"ErrorStackTrace":null,"DisplayName":"SharpMind.Tests.Data.TextFileSourceTests.LineMode_YieldsEachNonEmptyLine","Messages":[],"ComputerName":"LAPTOP-MKMTSO1B","Duration":"00:00:01.2130847","StartTime":"2026-07-20T05:24:35.8387323+00:00","EndTime":"2026-07-20T05:24:37.0605113+00:00","Properties":[]}],"TestRunStatistics":{"ExecutedTests":257,"Stats":{"Passed":257}},"ActiveTests":[{"Id":"1fb06e8a-d182-1fde-9339-99803ff5f7b8","FullyQualifiedName":"SharpMind.Tests.Data.CleaningPipelineTests.LambdaStage_WorksWithoutClass","DisplayName":"SharpMind.Tests.Data.CleaningPipelineTests.LambdaStage_WorksWithoutClass","ExecutorUri":"executor://xunit/VsTestRunner3/netcore/","Source":"C:\\Integral2u\\source\\repos\\SharpMind\\SharpMind.Tests\\bin\\Debug\\net10.0\\SharpMind.Tests.dll","CodeFilePath":null,"LineNumber":0,"Properties":[{"Key":{"Id":"TestCase.ManagedMethod","Label":"ManagedMethod","Category":"","Description":"","Attributes":1,"ValueType":"System.String"},"Value":"LambdaStage_WorksWithoutClass"},{"Key":{"Id":"XunitTestCaseUniqueID","Label":"xUnit.net Test Case Unique ID","Category":"","Description":"","Attributes":0,"ValueType":"System.String"},"Value":"5270eb6ca72f9f1ca9e45d35eb4ea637a007bff1"},{"Key":{"Id":"XunitTestCaseExplicit","Label":"xUnit.net Test Case Explicit Flag","Category":"","Description":"","Attributes":0,"ValueType":"System.Boolean"},"Value":false},{"Key":{"Id":"TestCase.ManagedType","Label":"ManagedType","Category":"","Description":"","Attributes":1,"ValueType":"System.String"},"Value":"SharpMind.Tests.Data.CleaningPipelineTests"}]}]}}
TpTrace Verbose: 0 : 2820, 13, 2026/07/20, 17:24:37.072, 364659467867, vstest.console.dll, TestRunRequest:SendTestRunStatsChange: Starting.
TpTrace Verbose: 0 : 2820, 13, 2026/07/20, 17:24:37.072, 364659469746, vstest.console.dll, InProgress is SharpMind.Tests.Data.CleaningPipelineTests.LambdaStage_WorksWithoutClass
TpTrace Verbose: 0 : 2820, 13, 2026/07/20, 17:24:37.072, 364659470746, vstest.console.dll, MulticastDelegateUtilities.SafeInvoke: TestRun.RunStatsChanged: Invoking callbacks was skipped because there are no subscribers.
TpTrace Information: 0 : 2820, 13, 2026/07/20, 17:24:37.072, 364659471321, vstest.console.dll, TestRunRequest:SendTestRunStatsChange: Completed.
TpTrace Verbose: 0 : 2820, 13, 2026/07/20, 17:24:37.072, 364659472022, vstest.console.dll, MulticastDelegateUtilities.SafeInvoke: LengthPrefixCommunicationChannel: MessageReceived: Invoking callback 1/1 for Microsoft.VisualStudio.TestPlatform.CommunicationUtilities.TestRequestSender+<>c__DisplayClass34_0., took 8 ms.
TpTrace Verbose: 0 : 2820, 13, 2026/07/20, 17:24:37.072, 364659472562, vstest.console.dll, TcpClientExtensions.MessageLoopAsync: Polling on remoteEndPoint: 127.0.0.1:55546 localEndPoint: 127.0.0.1:55545 after 123 ms
TpTrace Verbose: 0 : 2820, 4, 2026/07/20, 17:24:37.072, 364659473829, vstest.console.dll, MulticastDelegateUtilities.SafeInvoke: InternalTestLoggerEvents.SendTestResult: Invoking callback 1/1 for Microsoft.VisualStudio.TestPlatform.CommandLine.Internal.ConsoleLogger., took 0 ms.
TpTrace Verbose: 0 : 2820, 4, 2026/07/20, 17:24:37.073, 364659474701, vstest.console.dll, MulticastDelegateUtilities.SafeInvoke: InternalTestLoggerEvents.SendTestResult: Invoking callback 1/1 for Microsoft.VisualStudio.TestPlatform.CommandLine.Internal.ConsoleLogger., took 0 ms.
TpTrace Verbose: 0 : 2820, 4, 2026/07/20, 17:24:37.073, 364659475430, vstest.console.dll, MulticastDelegateUtilities.SafeInvoke: InternalTestLoggerEvents.SendTestResult: Invoking callback 1/1 for Microsoft.VisualStudio.TestPlatform.CommandLine.Internal.ConsoleLogger., took 0 ms.
TpTrace Verbose: 0 : 2820, 4, 2026/07/20, 17:24:37.073, 364659475962, vstest.console.dll, MulticastDelegateUtilities.SafeInvoke: InternalTestLoggerEvents.SendTestResult: Invoking callback 1/1 for Microsoft.VisualStudio.TestPlatform.CommandLine.Internal.ConsoleLogger., took 0 ms.
TpTrace Verbose: 0 : 2820, 4, 2026/07/20, 17:24:37.073, 364659476453, vstest.console.dll, MulticastDelegateUtilities.SafeInvoke: InternalTestLoggerEvents.SendTestResult: Invoking callback 1/1 for Microsoft.VisualStudio.TestPlatform.CommandLine.Internal.ConsoleLogger., took 0 ms.
TpTrace Verbose: 0 : 2820, 4, 2026/07/20, 17:24:37.073, 364659480348, vstest.console.dll, MulticastDelegateUtilities.SafeInvoke: InternalTestLoggerEvents.SendTestResult: Invoking callback 1/1 for Microsoft.VisualStudio.TestPlatform.CommandLine.Internal.ConsoleLogger., took 0 ms.
TpTrace Verbose: 0 : 2820, 4, 2026/07/20, 17:24:37.073, 364659481262, vstest.console.dll, MulticastDelegateUtilities.SafeInvoke: InternalTestLoggerEvents.SendTestResult: Invoking callback 1/1 for Microsoft.VisualStudio.TestPlatform.CommandLine.Internal.ConsoleLogger., took 0 ms.
TpTrace Verbose: 0 : 2820, 4, 2026/07/20, 17:24:37.073, 364659481991, vstest.console.dll, MulticastDelegateUtilities.SafeInvoke: InternalTestLoggerEvents.SendTestResult: Invoking callback 1/1 for Microsoft.VisualStudio.TestPlatform.CommandLine.Internal.ConsoleLogger., took 0 ms.
TpTrace Verbose: 0 : 2820, 4, 2026/07/20, 17:24:37.073, 364659482605, vstest.console.dll, MulticastDelegateUtilities.SafeInvoke: InternalTestLoggerEvents.SendTestResult: Invoking callback 1/1 for Microsoft.VisualStudio.TestPlatform.CommandLine.Internal.ConsoleLogger., took 0 ms.
TpTrace Verbose: 0 : 2820, 13, 2026/07/20, 17:24:38.078, 364669524352, vstest.console.dll, TcpClientExtensions.MessageLoopAsync: Polling on remoteEndPoint: 127.0.0.1:55546 localEndPoint: 127.0.0.1:55545 after 1005 ms
TpTrace Verbose: 0 : 2820, 13, 2026/07/20, 17:24:38.588, 364674633105, vstest.console.dll, TcpClientExtensions.MessageLoopAsync: NotifyDataAvailable remoteEndPoint: 127.0.0.1:55546 localEndPoint: 127.0.0.1:55545
TpTrace Verbose: 0 : 2820, 13, 2026/07/20, 17:24:38.589, 364674636236, vstest.console.dll, TestRequestSender.OnExecutionMessageReceived: Received message: {"Version":7,"MessageType":"TestExecution.StatsChange","Payload":{"NewTestResults":[{"TestCase":{"Id":"c88702b0-bc87-4590-b3b4-7ac40a306795","FullyQualifiedName":"SharpMind.Tests.Data.TextFileSourceTests.MultipleFiles_YieldsAllInOrder","DisplayName":"SharpMind.Tests.Data.TextFileSourceTests.MultipleFiles_YieldsAllInOrder","ExecutorUri":"executor://xunit/VsTestRunner3/netcore/","Source":"C:\\Integral2u\\source\\repos\\SharpMind\\SharpMind.Tests\\bin\\Debug\\net10.0\\SharpMind.Tests.dll","CodeFilePath":null,"LineNumber":0,"Properties":[{"Key":{"Id":"TestCase.ManagedMethod","Label":"ManagedMethod","Category":"","Description":"","Attributes":1,"ValueType":"System.String"},"Value":"MultipleFiles_YieldsAllInOrder"},{"Key":{"Id":"XunitTestCaseUniqueID","Label":"xUnit.net Test Case Unique ID","Category":"","Description":"","Attributes":0,"ValueType":"System.String"},"Value":"e13817b201b9bd6c0cb0f05e80fe4a2fc8baac52"},{"Key":{"Id":"XunitTestCaseExplicit","Label":"xUnit.net Test Case Explicit Flag","Category":"","Description":"","Attributes":0,"ValueType":"System.Boolean"},"Value":false},{"Key":{"Id":"TestCase.ManagedType","Label":"ManagedType","Category":"","Description":"","Attributes":1,"ValueType":"System.String"},"Value":"SharpMind.Tests.Data.TextFileSourceTests"}]},"Attachments":[],"Outcome":1,"ErrorMessage":null,"ErrorStackTrace":null,"DisplayName":"SharpMind.Tests.Data.TextFileSourceTests.MultipleFiles_YieldsAllInOrder","Messages":[],"ComputerName":"LAPTOP-MKMTSO1B","Duration":"00:00:00.1507916","StartTime":"2026-07-20T05:24:37.0650528+00:00","EndTime":"2026-07-20T05:24:37.2136493+00:00","Properties":[]},{"TestCase":{"Id":"1fb06e8a-d182-1fde-9339-99803ff5f7b8","FullyQualifiedName":"SharpMind.Tests.Data.CleaningPipelineTests.LambdaStage_WorksWithoutClass","DisplayName":"SharpMind.Tests.Data.CleaningPipelineTests.LambdaStage_WorksWithoutClass","ExecutorUri":"executor://xunit/VsTestRunner3/netcore/","Source":"C:\\Integral2u\\source\\repos\\SharpMind\\SharpMind.Tests\\bin\\Debug\\net10.0\\SharpMind.Tests.dll","CodeFilePath":null,"LineNumber":0,"Properties":[{"Key":{"Id":"TestCase.ManagedMethod","Label":"ManagedMethod","Category":"","Description":"","Attributes":1,"ValueType":"System.String"},"Value":"LambdaStage_WorksWithoutClass"},{"Key":{"Id":"XunitTestCaseUniqueID","Label":"xUnit.net Test Case Unique ID","Category":"","Description":"","Attributes":0,"ValueType":"System.String"},"Value":"5270eb6ca72f9f1ca9e45d35eb4ea637a007bff1"},{"Key":{"Id":"XunitTestCaseExplicit","Label":"xUnit.net Test Case Explicit Flag","Category":"","Description":"","Attributes":0,"ValueType":"System.Boolean"},"Value":false},{"Key":{"Id":"TestCase.ManagedType","Label":"ManagedType","Category":"","Description":"","Attributes":1,"ValueType":"System.String"},"Value":"SharpMind.Tests.Data.CleaningPipelineTests"}]},"Attachments":[],"Outcome":1,"ErrorMessage":null,"ErrorStackTrace":null,"DisplayName":"SharpMind.Tests.Data.CleaningPipelineTests.LambdaStage_WorksWithoutClass","Messages":[],"ComputerName":"LAPTOP-MKMTSO1B","Duration":"00:00:00.1657434","StartTime":"2026-07-20T05:24:37.047607+00:00","EndTime":"2026-07-20T05:24:37.2157541+00:00","Properties":[]},{"TestCase":{"Id":"d1a72413-5ea9-2cdf-5350-361548cdd034","FullyQualifiedName":"SharpMind.Tests.Data.CleaningPipelineTests.Merge_RequiresAtLeastTwoNodes","DisplayName":"SharpMind.Tests.Data.CleaningPipelineTests.Merge_RequiresAtLeastTwoNodes","ExecutorUri":"executor://xunit/VsTestRunner3/netcore/","Source":"C:\\Integral2u\\source\\repos\\SharpMind\\SharpMind.Tests\\bin\\Debug\\net10.0\\SharpMind.Tests.dll","CodeFilePath":null,"LineNumber":0,"Properties":[{"Key":{"Id":"TestCase.ManagedMethod","Label":"ManagedMethod","Category":"","Description":"","Attributes":1,"ValueType":"System.String"},"Value":"Merge_RequiresAtLeastTwoNodes"},{"Key":{"Id":"XunitTestCaseUniqueID","Label":"xUnit.net Test Case Unique ID","Category":"","Description":"","Attributes":0,"ValueType":"System.String"},"Value":"9e9cd4cb6d30dd2e9b74482b15957d251b89240c"},{"Key":{"Id":"XunitTestCaseExplicit","Label":"xUnit.net Test Case Explicit Flag","Category":"","Description":"","Attributes":0,"ValueType":"System.Boolean"},"Value":false},{"Key":{"Id":"TestCase.ManagedType","Label":"ManagedType","Category":"","Description":"","Attributes":1,"ValueType":"System.String"},"Value":"SharpMind.Tests.Data.CleaningPipelineTests"}]},"Attachments":[],"Outcome":1,"ErrorMessage":null,"ErrorStackTrace":null,"DisplayName":"SharpMind.Tests.Data.CleaningPipelineTests.Merge_RequiresAtLeastTwoNodes","Messages":[],"ComputerName":"LAPTOP-MKMTSO1B","Duration":"00:00:00.0067002","StartTime":"2026-07-20T05:24:37.21666+00:00","EndTime":"2026-07-20T05:24:37.2227335+00:00","Properties":[]},{"TestCase":{"Id":"d3f6aae6-cb99-bab6-0a2e-8eebcda49715","FullyQualifiedName":"SharpMind.Tests.Data.CleaningPipelineTests.Merge_RejoinsAfterBranch","DisplayName":"SharpMind.Tests.Data.CleaningPipelineTests.Merge_RejoinsAfterBranch","ExecutorUri":"executor://xunit/VsTestRunner3/netcore/","Source":"C:\\Integral2u\\source\\repos\\SharpMind\\SharpMind.Tests\\bin\\Debug\\net10.0\\SharpMind.Tests.dll","CodeFilePath":null,"LineNumber":0,"Properties":[{"Key":{"Id":"TestCase.ManagedMethod","Label":"ManagedMethod","Category":"","Description":"","Attributes":1,"ValueType":"System.String"},"Value":"Merge_RejoinsAfterBranch"},{"Key":{"Id":"XunitTestCaseUniqueID","Label":"xUnit.net Test Case Unique ID","Category":"","Description":"","Attributes":0,"ValueType":"System.String"},"Value":"b15a57d36c3b8ae276267f0377652781e7dc0729"},{"Key":{"Id":"XunitTestCaseExplicit","Label":"xUnit.net Test Case Explicit Flag","Category":"","Description":"","Attributes":0,"ValueType":"System.Boolean"},"Value":false},{"Key":{"Id":"TestCase.ManagedType","Label":"ManagedType","Category":"","Description":"","Attributes":1,"ValueType":"System.String"},"Value":"SharpMind.Tests.Data.CleaningPipelineTests"}]},"Attachments":[],"Outcome":1,"ErrorMessage":null,"ErrorStackTrace":null,"DisplayName":"SharpMind.Tests.Data.CleaningPipelineTests.Merge_RejoinsAfterBranch","Messages":[],"ComputerName":"LAPTOP-MKMTSO1B","Duration":"00:00:00.0846876","StartTime":"2026-07-20T05:24:37.2236704+00:00","EndTime":"2026-07-20T05:24:37.3088748+00:00","Properties":[]},{"TestCase":{"Id":"fcb4abe8-a71c-d828-b35c-2fc20a91b77e","FullyQualifiedName":"SharpMind.Tests.Quantization.QuantizationAgreementTests.QuantizedMatMul_AllTiers_Agree","DisplayName":"SharpMind.Tests.Quantization.QuantizationAgreementTests.QuantizedMatMul_AllTiers_Agree(dtype: Q4_K)","ExecutorUri":"executor://xunit/VsTestRunner3/netcore/","Source":"C:\\Integral2u\\source\\repos\\SharpMind\\SharpMind.Tests\\bin\\Debug\\net10.0\\SharpMind.Tests.dll","CodeFilePath":null,"LineNumber":0,"Properties":[{"Key":{"Id":"TestCase.ManagedMethod","Label":"ManagedMethod","Category":"","Description":"","Attributes":1,"ValueType":"System.String"},"Value":"QuantizedMatMul_AllTiers_Agree"},{"Key":{"Id":"XunitTestCaseUniqueID","Label":"xUnit.net Test Case Unique ID","Category":"","Description":"","Attributes":0,"ValueType":"System.String"},"Value":"22952e35442b89e60a31b805460d87518fc064e3"},{"Key":{"Id":"XunitTestCaseExplicit","Label":"xUnit.net Test Case Explicit Flag","Category":"","Description":"","Attributes":0,"ValueType":"System.Boolean"},"Value":false},{"Key":{"Id":"TestCase.ManagedType","Label":"ManagedType","Category":"","Description":"","Attributes":1,"ValueType":"System.String"},"Value":"SharpMind.Tests.Quantization.QuantizationAgreementTests"}]},"Attachments":[],"Outcome":1,"ErrorMessage":null,"ErrorStackTrace":null,"DisplayName":"SharpMind.Tests.Quantization.QuantizationAgreementTests.QuantizedMatMul_AllTiers_Agree(dtype: Q4_K)","Messages":[],"ComputerName":"LAPTOP-MKMTSO1B","Duration":"00:00:01.1497652","StartTime":"2026-07-20T05:24:36.1632968+00:00","EndTime":"2026-07-20T05:24:37.3128445+00:00","Properties":[]},{"TestCase":{"Id":"79009a60-7672-2d62-3f71-dba16f888f52","FullyQualifiedName":"SharpMind.Tests.Quantization.QuantizationAgreementTests.QuantizedMatMul_AllTiers_Agree","DisplayName":"SharpMind.Tests.Quantization.QuantizationAgreementTests.QuantizedMatMul_AllTiers_Agree(dtype: Q4_1)","ExecutorUri":"executor://xunit/VsTestRunner3/netcore/","Source":"C:\\Integral2u\\source\\repos\\SharpMind\\SharpMind.Tests\\bin\\Debug\\net10.0\\SharpMind.Tests.dll","CodeFilePath":null,"LineNumber":0,"Properties":[{"Key":{"Id":"TestCase.ManagedMethod","Label":"ManagedMethod","Category":"","Description":"","Attributes":1,"ValueType":"System.String"},"Value":"QuantizedMatMul_AllTiers_Agree"},{"Key":{"Id":"XunitTestCaseUniqueID","Label":"xUnit.net Test Case Unique ID","Category":"","Description":"","Attributes":0,"ValueType":"System.String"},"Value":"27a95cdf95097c8130d72b2f3827cb143d278534"},{"Key":{"Id":"XunitTestCaseExplicit","Label":"xUnit.net Test Case Explicit Flag","Category":"","Description":"","Attributes":0,"ValueType":"System.Boolean"},"Value":false},{"Key":{"Id":"TestCase.ManagedType","Label":"ManagedType","Category":"","Description":"","Attributes":1,"ValueType":"System.String"},"Value":"SharpMind.Tests.Quantization.QuantizationAgreementTests"}]},"Attachments":[],"Outcome":1,"ErrorMessage":null,"ErrorStackTrace":null,"DisplayName":"SharpMind.Tests.Quantization.QuantizationAgreementTests.QuantizedMatMul_AllTiers_Agree(dtype: Q4_1)","Messages":[],"ComputerName":"LAPTOP-MKMTSO1B","Duration":"00:00:00.0200627","StartTime":"2026-07-20T05:24:37.3137879+00:00","EndTime":"2026-07-20T05:24:37.3330214+00:00","Properties":[]},{"TestCase":{"Id":"19f9158d-08dc-bead-36fa-7886f579b64a","FullyQualifiedName":"SharpMind.Tests.Quantization.QuantizationAgreementTests.QuantizedMatMul_AllTiers_Agree","DisplayName":"SharpMind.Tests.Quantization.QuantizationAgreementTests.QuantizedMatMul_AllTiers_Agree(dtype: Q6_K)","ExecutorUri":"executor://xunit/VsTestRunner3/netcore/","Source":"C:\\Integral2u\\source\\repos\\SharpMind\\SharpMind.Tests\\bin\\Debug\\net10.0\\SharpMind.Tests.dll","CodeFilePath":null,"LineNumber":0,"Properties":[{"Key":{"Id":"TestCase.ManagedMethod","Label":"ManagedMethod","Category":"","Description":"","Attributes":1,"ValueType":"System.String"},"Value":"QuantizedMatMul_AllTiers_Agree"},{"Key":{"Id":"XunitTestCaseUniqueID","Label":"xUnit.net Test Case Unique ID","Category":"","Description":"","Attributes":0,"ValueType":"System.String"},"Value":"35bb6f3c10a596e6e46289b739a7a2616c940e0e"},{"Key":{"Id":"XunitTestCaseExplicit","Label":"xUnit.net Test Case Explicit Flag","Category":"","Description":"","Attributes":0,"ValueType":"System.Boolean"},"Value":false},{"Key":{"Id":"TestCase.ManagedType","Label":"ManagedType","Category":"","Description":"","Attributes":1,"ValueType":"System.String"},"Value":"SharpMind.Tests.Quantization.QuantizationAgreementTests"}]},"Attachments":[],"Outcome":1,"ErrorMessage":null,"ErrorStackTrace":null,"DisplayName":"SharpMind.Tests.Quantization.QuantizationAgreementTests.QuantizedMatMul_AllTiers_Agree(dtype: Q6_K)","Messages":[],"ComputerName":"LAPTOP-MKMTSO1B","Duration":"00:00:00.7997562","StartTime":"2026-07-20T05:24:37.3337346+00:00","EndTime":"2026-07-20T05:24:38.1328909+00:00","Properties":[]}],"TestRunStatistics":{"ExecutedTests":264,"Stats":{"Passed":264}},"ActiveTests":[{"Id":"c5afc81f-9217-74d4-e87d-3cd61a116d8a","FullyQualifiedName":"SharpMind.Tests.Quantization.QuantizationAgreementTests.QuantizedMatMul_AllTiers_Agree","DisplayName":"SharpMind.Tests.Quantization.QuantizationAgreementTests.QuantizedMatMul_AllTiers_Agree(dtype: Q5_K)","ExecutorUri":"executor://xunit/VsTestRunner3/netcore/","Source":"C:\\Integral2u\\source\\repos\\SharpMind\\SharpMind.Tests\\bin\\Debug\\net10.0\\SharpMind.Tests.dll","CodeFilePath":null,"LineNumber":0,"Properties":[{"Key":{"Id":"TestCase.ManagedMethod","Label":"ManagedMethod","Category":"","Description":"","Attributes":1,"ValueType":"System.String"},"Value":"QuantizedMatMul_AllTiers_Agree"},{"Key":{"Id":"XunitTestCaseUniqueID","Label":"xUnit.net Test Case Unique ID","Category":"","Description":"","Attributes":0,"ValueType":"System.String"},"Value":"41035462aeeaad7cbf5cef4ab6bbf7e34d78a4bd"},{"Key":{"Id":"XunitTestCaseExplicit","Label":"xUnit.net Test Case Explicit Flag","Category":"","Description":"","Attributes":0,"ValueType":"System.Boolean"},"Value":false},{"Key":{"Id":"TestCase.ManagedType","Label":"ManagedType","Category":"","Description":"","Attributes":1,"ValueType":"System.String"},"Value":"SharpMind.Tests.Quantization.QuantizationAgreementTests"}]}]}}
TpTrace Verbose: 0 : 2820, 13, 2026/07/20, 17:24:38.590, 364674648371, vstest.console.dll, TestRunRequest:SendTestRunStatsChange: Starting.
TpTrace Verbose: 0 : 2820, 13, 2026/07/20, 17:24:38.590, 364674649721, vstest.console.dll, InProgress is SharpMind.Tests.Quantization.QuantizationAgreementTests.QuantizedMatMul_AllTiers_Agree(dtype: Q5_K)
TpTrace Verbose: 0 : 2820, 13, 2026/07/20, 17:24:38.590, 364674650329, vstest.console.dll, MulticastDelegateUtilities.SafeInvoke: TestRun.RunStatsChanged: Invoking callbacks was skipped because there are no subscribers.
TpTrace Information: 0 : 2820, 13, 2026/07/20, 17:24:38.590, 364674650784, vstest.console.dll, TestRunRequest:SendTestRunStatsChange: Completed.
TpTrace Verbose: 0 : 2820, 13, 2026/07/20, 17:24:38.590, 364674651269, vstest.console.dll, MulticastDelegateUtilities.SafeInvoke: LengthPrefixCommunicationChannel: MessageReceived: Invoking callback 1/1 for Microsoft.VisualStudio.TestPlatform.CommunicationUtilities.TestRequestSender+<>c__DisplayClass34_0., took 1 ms.
TpTrace Verbose: 0 : 2820, 13, 2026/07/20, 17:24:38.590, 364674651838, vstest.console.dll, TcpClientExtensions.MessageLoopAsync: Polling on remoteEndPoint: 127.0.0.1:55546 localEndPoint: 127.0.0.1:55545 after 512 ms
TpTrace Verbose: 0 : 2820, 4, 2026/07/20, 17:24:38.591, 364674654690, vstest.console.dll, MulticastDelegateUtilities.SafeInvoke: InternalTestLoggerEvents.SendTestResult: Invoking callback 1/1 for Microsoft.VisualStudio.TestPlatform.CommandLine.Internal.ConsoleLogger., took 0 ms.
TpTrace Verbose: 0 : 2820, 4, 2026/07/20, 17:24:38.591, 364674655380, vstest.console.dll, MulticastDelegateUtilities.SafeInvoke: InternalTestLoggerEvents.SendTestResult: Invoking callback 1/1 for Microsoft.VisualStudio.TestPlatform.CommandLine.Internal.ConsoleLogger., took 0 ms.
TpTrace Verbose: 0 : 2820, 4, 2026/07/20, 17:24:38.591, 364674655923, vstest.console.dll, MulticastDelegateUtilities.SafeInvoke: InternalTestLoggerEvents.SendTestResult: Invoking callback 1/1 for Microsoft.VisualStudio.TestPlatform.CommandLine.Internal.ConsoleLogger., took 0 ms.
TpTrace Verbose: 0 : 2820, 4, 2026/07/20, 17:24:38.591, 364674656481, vstest.console.dll, MulticastDelegateUtilities.SafeInvoke: InternalTestLoggerEvents.SendTestResult: Invoking callback 1/1 for Microsoft.VisualStudio.TestPlatform.CommandLine.Internal.ConsoleLogger., took 0 ms.
TpTrace Verbose: 0 : 2820, 4, 2026/07/20, 17:24:38.591, 364674657020, vstest.console.dll, MulticastDelegateUtilities.SafeInvoke: InternalTestLoggerEvents.SendTestResult: Invoking callback 1/1 for Microsoft.VisualStudio.TestPlatform.CommandLine.Internal.ConsoleLogger., took 0 ms.
TpTrace Verbose: 0 : 2820, 4, 2026/07/20, 17:24:38.591, 364674657551, vstest.console.dll, MulticastDelegateUtilities.SafeInvoke: InternalTestLoggerEvents.SendTestResult: Invoking callback 1/1 for Microsoft.VisualStudio.TestPlatform.CommandLine.Internal.ConsoleLogger., took 0 ms.
TpTrace Verbose: 0 : 2820, 4, 2026/07/20, 17:24:38.591, 364674658185, vstest.console.dll, MulticastDelegateUtilities.SafeInvoke: InternalTestLoggerEvents.SendTestResult: Invoking callback 1/1 for Microsoft.VisualStudio.TestPlatform.CommandLine.Internal.ConsoleLogger., took 0 ms.
TpTrace Verbose: 0 : 2820, 13, 2026/07/20, 17:24:39.598, 364684731035, vstest.console.dll, TcpClientExtensions.MessageLoopAsync: Polling on remoteEndPoint: 127.0.0.1:55546 localEndPoint: 127.0.0.1:55545 after 1007 ms
TpTrace Verbose: 0 : 2820, 13, 2026/07/20, 17:24:40.206, 364690811854, vstest.console.dll, TcpClientExtensions.MessageLoopAsync: NotifyDataAvailable remoteEndPoint: 127.0.0.1:55546 localEndPoint: 127.0.0.1:55545
TpTrace Verbose: 0 : 2820, 13, 2026/07/20, 17:24:40.206, 364690813740, vstest.console.dll, TestRequestSender.OnExecutionMessageReceived: Received message: {"Version":7,"MessageType":"TestExecution.StatsChange","Payload":{"NewTestResults":[{"TestCase":{"Id":"c5afc81f-9217-74d4-e87d-3cd61a116d8a","FullyQualifiedName":"SharpMind.Tests.Quantization.QuantizationAgreementTests.QuantizedMatMul_AllTiers_Agree","DisplayName":"SharpMind.Tests.Quantization.QuantizationAgreementTests.QuantizedMatMul_AllTiers_Agree(dtype: Q5_K)","ExecutorUri":"executor://xunit/VsTestRunner3/netcore/","Source":"C:\\Integral2u\\source\\repos\\SharpMind\\SharpMind.Tests\\bin\\Debug\\net10.0\\SharpMind.Tests.dll","CodeFilePath":null,"LineNumber":0,"Properties":[{"Key":{"Id":"TestCase.ManagedMethod","Label":"ManagedMethod","Category":"","Description":"","Attributes":1,"ValueType":"System.String"},"Value":"QuantizedMatMul_AllTiers_Agree"},{"Key":{"Id":"XunitTestCaseUniqueID","Label":"xUnit.net Test Case Unique ID","Category":"","Description":"","Attributes":0,"ValueType":"System.String"},"Value":"41035462aeeaad7cbf5cef4ab6bbf7e34d78a4bd"},{"Key":{"Id":"XunitTestCaseExplicit","Label":"xUnit.net Test Case Explicit Flag","Category":"","Description":"","Attributes":0,"ValueType":"System.Boolean"},"Value":false},{"Key":{"Id":"TestCase.ManagedType","Label":"ManagedType","Category":"","Description":"","Attributes":1,"ValueType":"System.String"},"Value":"SharpMind.Tests.Quantization.QuantizationAgreementTests"}]},"Attachments":[],"Outcome":1,"ErrorMessage":null,"ErrorStackTrace":null,"DisplayName":"SharpMind.Tests.Quantization.QuantizationAgreementTests.QuantizedMatMul_AllTiers_Agree(dtype: Q5_K)","Messages":[],"ComputerName":"LAPTOP-MKMTSO1B","Duration":"00:00:02.0675427","StartTime":"2026-07-20T05:24:38.1336358+00:00","EndTime":"2026-07-20T05:24:40.2046054+00:00","Properties":[]}],"TestRunStatistics":{"ExecutedTests":265,"Stats":{"Passed":265}},"ActiveTests":[{"Id":"94babaee-211b-1d50-85d5-f5868f732f01","FullyQualifiedName":"SharpMind.Tests.Quantization.QuantizationAgreementTests.QuantizedMatMul_AllTiers_Agree","DisplayName":"SharpMind.Tests.Quantization.QuantizationAgreementTests.QuantizedMatMul_AllTiers_Agree(dtype: Q2_K)","ExecutorUri":"executor://xunit/VsTestRunner3/netcore/","Source":"C:\\Integral2u\\source\\repos\\SharpMind\\SharpMind.Tests\\bin\\Debug\\net10.0\\SharpMind.Tests.dll","CodeFilePath":null,"LineNumber":0,"Properties":[{"Key":{"Id":"TestCase.ManagedMethod","Label":"ManagedMethod","Category":"","Description":"","Attributes":1,"ValueType":"System.String"},"Value":"QuantizedMatMul_AllTiers_Agree"},{"Key":{"Id":"XunitTestCaseUniqueID","Label":"xUnit.net Test Case Unique ID","Category":"","Description":"","Attributes":0,"ValueType":"System.String"},"Value":"459f67f5402e4ca29feab4dc0d1e2866d400f8cc"},{"Key":{"Id":"XunitTestCaseExplicit","Label":"xUnit.net Test Case Explicit Flag","Category":"","Description":"","Attributes":0,"ValueType":"System.Boolean"},"Value":false},{"Key":{"Id":"TestCase.ManagedType","Label":"ManagedType","Category":"","Description":"","Attributes":1,"ValueType":"System.String"},"Value":"SharpMind.Tests.Quantization.QuantizationAgreementTests"}]}]}}
TpTrace Verbose: 0 : 2820, 13, 2026/07/20, 17:24:40.207, 364690818001, vstest.console.dll, TestRunRequest:SendTestRunStatsChange: Starting.
TpTrace Verbose: 0 : 2820, 13, 2026/07/20, 17:24:40.207, 364690818726, vstest.console.dll, InProgress is SharpMind.Tests.Quantization.QuantizationAgreementTests.QuantizedMatMul_AllTiers_Agree(dtype: Q2_K)
TpTrace Verbose: 0 : 2820, 13, 2026/07/20, 17:24:40.207, 364690819307, vstest.console.dll, MulticastDelegateUtilities.SafeInvoke: TestRun.RunStatsChanged: Invoking callbacks was skipped because there are no subscribers.
TpTrace Information: 0 : 2820, 13, 2026/07/20, 17:24:40.207, 364690819784, vstest.console.dll, TestRunRequest:SendTestRunStatsChange: Completed.
TpTrace Verbose: 0 : 2820, 13, 2026/07/20, 17:24:40.207, 364690820292, vstest.console.dll, MulticastDelegateUtilities.SafeInvoke: LengthPrefixCommunicationChannel: MessageReceived: Invoking callback 1/1 for Microsoft.VisualStudio.TestPlatform.CommunicationUtilities.TestRequestSender+<>c__DisplayClass34_0., took 0 ms.
TpTrace Verbose: 0 : 2820, 13, 2026/07/20, 17:24:40.207, 364690820963, vstest.console.dll, TcpClientExtensions.MessageLoopAsync: Polling on remoteEndPoint: 127.0.0.1:55546 localEndPoint: 127.0.0.1:55545 after 608 ms
TpTrace Verbose: 0 : 2820, 4, 2026/07/20, 17:24:40.207, 364690819723, vstest.console.dll, MulticastDelegateUtilities.SafeInvoke: InternalTestLoggerEvents.SendTestResult: Invoking callback 1/1 for Microsoft.VisualStudio.TestPlatform.CommandLine.Internal.ConsoleLogger., took 0 ms.
TpTrace Verbose: 0 : 2820, 13, 2026/07/20, 17:24:41.221, 364700959105, vstest.console.dll, TcpClientExtensions.MessageLoopAsync: Polling on remoteEndPoint: 127.0.0.1:55546 localEndPoint: 127.0.0.1:55545 after 1013 ms
TpTrace Verbose: 0 : 2820, 13, 2026/07/20, 17:24:41.711, 364705856910, vstest.console.dll, TcpClientExtensions.MessageLoopAsync: NotifyDataAvailable remoteEndPoint: 127.0.0.1:55546 localEndPoint: 127.0.0.1:55545
TpTrace Verbose: 0 : 2820, 13, 2026/07/20, 17:24:41.711, 364705859142, vstest.console.dll, TestRequestSender.OnExecutionMessageReceived: Received message: {"Version":7,"MessageType":"TestExecution.StatsChange","Payload":{"NewTestResults":[{"TestCase":{"Id":"94babaee-211b-1d50-85d5-f5868f732f01","FullyQualifiedName":"SharpMind.Tests.Quantization.QuantizationAgreementTests.QuantizedMatMul_AllTiers_Agree","DisplayName":"SharpMind.Tests.Quantization.QuantizationAgreementTests.QuantizedMatMul_AllTiers_Agree(dtype: Q2_K)","ExecutorUri":"executor://xunit/VsTestRunner3/netcore/","Source":"C:\\Integral2u\\source\\repos\\SharpMind\\SharpMind.Tests\\bin\\Debug\\net10.0\\SharpMind.Tests.dll","CodeFilePath":null,"LineNumber":0,"Properties":[{"Key":{"Id":"TestCase.ManagedMethod","Label":"ManagedMethod","Category":"","Description":"","Attributes":1,"ValueType":"System.String"},"Value":"QuantizedMatMul_AllTiers_Agree"},{"Key":{"Id":"XunitTestCaseUniqueID","Label":"xUnit.net Test Case Unique ID","Category":"","Description":"","Attributes":0,"ValueType":"System.String"},"Value":"459f67f5402e4ca29feab4dc0d1e2866d400f8cc"},{"Key":{"Id":"XunitTestCaseExplicit","Label":"xUnit.net Test Case Explicit Flag","Category":"","Description":"","Attributes":0,"ValueType":"System.Boolean"},"Value":false},{"Key":{"Id":"TestCase.ManagedType","Label":"ManagedType","Category":"","Description":"","Attributes":1,"ValueType":"System.String"},"Value":"SharpMind.Tests.Quantization.QuantizationAgreementTests"}]},"Attachments":[],"Outcome":1,"ErrorMessage":null,"ErrorStackTrace":null,"DisplayName":"SharpMind.Tests.Quantization.QuantizationAgreementTests.QuantizedMatMul_AllTiers_Agree(dtype: Q2_K)","Messages":[],"ComputerName":"LAPTOP-MKMTSO1B","Duration":"00:00:01.1402909","StartTime":"2026-07-20T05:24:40.206978+00:00","EndTime":"2026-07-20T05:24:41.3435505+00:00","Properties":[]},{"TestCase":{"Id":"2169e67e-4672-a2f3-dd11-e0d7e3bc4c15","FullyQualifiedName":"SharpMind.Tests.Quantization.QuantizationAgreementTests.QuantizedMatMul_AllTiers_Agree","DisplayName":"SharpMind.Tests.Quantization.QuantizationAgreementTests.QuantizedMatMul_AllTiers_Agree(dtype: Q5_1)","ExecutorUri":"executor://xunit/VsTestRunner3/netcore/","Source":"C:\\Integral2u\\source\\repos\\SharpMind\\SharpMind.Tests\\bin\\Debug\\net10.0\\SharpMind.Tests.dll","CodeFilePath":null,"LineNumber":0,"Properties":[{"Key":{"Id":"TestCase.ManagedMethod","Label":"ManagedMethod","Category":"","Description":"","Attributes":1,"ValueType":"System.String"},"Value":"QuantizedMatMul_AllTiers_Agree"},{"Key":{"Id":"XunitTestCaseUniqueID","Label":"xUnit.net Test Case Unique ID","Category":"","Description":"","Attributes":0,"ValueType":"System.String"},"Value":"497c2ea1eb6d352beda69932f0d52bfaa1fa3317"},{"Key":{"Id":"XunitTestCaseExplicit","Label":"xUnit.net Test Case Explicit Flag","Category":"","Description":"","Attributes":0,"ValueType":"System.Boolean"},"Value":false},{"Key":{"Id":"TestCase.ManagedType","Label":"ManagedType","Category":"","Description":"","Attributes":1,"ValueType":"System.String"},"Value":"SharpMind.Tests.Quantization.QuantizationAgreementTests"}]},"Attachments":[],"Outcome":1,"ErrorMessage":null,"ErrorStackTrace":null,"DisplayName":"SharpMind.Tests.Quantization.QuantizationAgreementTests.QuantizedMatMul_AllTiers_Agree(dtype: Q5_1)","Messages":[],"ComputerName":"LAPTOP-MKMTSO1B","Duration":"00:00:00.0219396","StartTime":"2026-07-20T05:24:41.3446326+00:00","EndTime":"2026-07-20T05:24:41.3655884+00:00","Properties":[]},{"TestCase":{"Id":"325f1a00-3439-c5d5-d522-e2cd5e04d5b9","FullyQualifiedName":"SharpMind.Tests.Quantization.QuantizationAgreementTests.QuantizedMatMul_AllTiers_Agree","DisplayName":"SharpMind.Tests.Quantization.QuantizationAgreementTests.QuantizedMatMul_AllTiers_Agree(dtype: Q8_1)","ExecutorUri":"executor://xunit/VsTestRunner3/netcore/","Source":"C:\\Integral2u\\source\\repos\\SharpMind\\SharpMind.Tests\\bin\\Debug\\net10.0\\SharpMind.Tests.dll","CodeFilePath":null,"LineNumber":0,"Properties":[{"Key":{"Id":"TestCase.ManagedMethod","Label":"ManagedMethod","Category":"","Description":"","Attributes":1,"ValueType":"System.String"},"Value":"QuantizedMatMul_AllTiers_Agree"},{"Key":{"Id":"XunitTestCaseUniqueID","Label":"xUnit.net Test Case Unique ID","Category":"","Description":"","Attributes":0,"ValueType":"System.String"},"Value":"58e3634df6ad21c3241351b1be3cd3f0f4f33083"},{"Key":{"Id":"XunitTestCaseExplicit","Label":"xUnit.net Test Case Explicit Flag","Category":"","Description":"","Attributes":0,"ValueType":"System.Boolean"},"Value":false},{"Key":{"Id":"TestCase.ManagedType","Label":"ManagedType","Category":"","Description":"","Attributes":1,"ValueType":"System.String"},"Value":"SharpMind.Tests.Quantization.QuantizationAgreementTests"}]},"Attachments":[],"Outcome":1,"ErrorMessage":null,"ErrorStackTrace":null,"DisplayName":"SharpMind.Tests.Quantization.QuantizationAgreementTests.QuantizedMatMul_AllTiers_Agree(dtype: Q8_1)","Messages":[],"ComputerName":"LAPTOP-MKMTSO1B","Duration":"00:00:00.0175379","StartTime":"2026-07-20T05:24:41.3662729+00:00","EndTime":"2026-07-20T05:24:41.3832305+00:00","Properties":[]}],"TestRunStatistics":{"ExecutedTests":268,"Stats":{"Passed":268}},"ActiveTests":[{"Id":"becbfb6f-1946-8e56-c87b-4f33c2024935","FullyQualifiedName":"SharpMind.Tests.Quantization.QuantizationAgreementTests.QuantizedMatMul_AllTiers_Agree","DisplayName":"SharpMind.Tests.Quantization.QuantizationAgreementTests.QuantizedMatMul_AllTiers_Agree(dtype: Q3_K)","ExecutorUri":"executor://xunit/VsTestRunner3/netcore/","Source":"C:\\Integral2u\\source\\repos\\SharpMind\\SharpMind.Tests\\bin\\Debug\\net10.0\\SharpMind.Tests.dll","CodeFilePath":null,"LineNumber":0,"Properties":[{"Key":{"Id":"TestCase.ManagedMethod","Label":"ManagedMethod","Category":"","Description":"","Attributes":1,"ValueType":"System.String"},"Value":"QuantizedMatMul_AllTiers_Agree"},{"Key":{"Id":"XunitTestCaseUniqueID","Label":"xUnit.net Test Case Unique ID","Category":"","Description":"","Attributes":0,"ValueType":"System.String"},"Value":"77ad3cd5c4175655e99e8768c32cec4153c240cc"},{"Key":{"Id":"XunitTestCaseExplicit","Label":"xUnit.net Test Case Explicit Flag","Category":"","Description":"","Attributes":0,"ValueType":"System.Boolean"},"Value":false},{"Key":{"Id":"TestCase.ManagedType","Label":"ManagedType","Category":"","Description":"","Attributes":1,"ValueType":"System.String"},"Value":"SharpMind.Tests.Quantization.QuantizationAgreementTests"}]}]}}
TpTrace Verbose: 0 : 2820, 13, 2026/07/20, 17:24:41.712, 364705864385, vstest.console.dll, TestRunRequest:SendTestRunStatsChange: Starting.
TpTrace Verbose: 0 : 2820, 13, 2026/07/20, 17:24:41.712, 364705865038, vstest.console.dll, InProgress is SharpMind.Tests.Quantization.QuantizationAgreementTests.QuantizedMatMul_AllTiers_Agree(dtype: Q3_K)
TpTrace Verbose: 0 : 2820, 13, 2026/07/20, 17:24:41.712, 364705865520, vstest.console.dll, MulticastDelegateUtilities.SafeInvoke: TestRun.RunStatsChanged: Invoking callbacks was skipped because there are no subscribers.
TpTrace Information: 0 : 2820, 13, 2026/07/20, 17:24:41.712, 364705865882, vstest.console.dll, TestRunRequest:SendTestRunStatsChange: Completed.
TpTrace Verbose: 0 : 2820, 4, 2026/07/20, 17:24:41.712, 364705866086, vstest.console.dll, MulticastDelegateUtilities.SafeInvoke: InternalTestLoggerEvents.SendTestResult: Invoking callback 1/1 for Microsoft.VisualStudio.TestPlatform.CommandLine.Internal.ConsoleLogger., took 0 ms.
TpTrace Verbose: 0 : 2820, 13, 2026/07/20, 17:24:41.712, 364705866227, vstest.console.dll, MulticastDelegateUtilities.SafeInvoke: LengthPrefixCommunicationChannel: MessageReceived: Invoking callback 1/1 for Microsoft.VisualStudio.TestPlatform.CommunicationUtilities.TestRequestSender+<>c__DisplayClass34_0., took 0 ms.
TpTrace Verbose: 0 : 2820, 4, 2026/07/20, 17:24:41.712, 364705867160, vstest.console.dll, MulticastDelegateUtilities.SafeInvoke: InternalTestLoggerEvents.SendTestResult: Invoking callback 1/1 for Microsoft.VisualStudio.TestPlatform.CommandLine.Internal.ConsoleLogger., took 0 ms.
TpTrace Verbose: 0 : 2820, 13, 2026/07/20, 17:24:41.712, 364705867512, vstest.console.dll, TcpClientExtensions.MessageLoopAsync: Polling on remoteEndPoint: 127.0.0.1:55546 localEndPoint: 127.0.0.1:55545 after 490 ms
TpTrace Verbose: 0 : 2820, 4, 2026/07/20, 17:24:41.712, 364705868334, vstest.console.dll, MulticastDelegateUtilities.SafeInvoke: InternalTestLoggerEvents.SendTestResult: Invoking callback 1/1 for Microsoft.VisualStudio.TestPlatform.CommandLine.Internal.ConsoleLogger., took 0 ms.
TpTrace Verbose: 0 : 2820, 13, 2026/07/20, 17:24:42.726, 364716004640, vstest.console.dll, TcpClientExtensions.MessageLoopAsync: Polling on remoteEndPoint: 127.0.0.1:55546 localEndPoint: 127.0.0.1:55545 after 1013 ms
TpTrace Verbose: 0 : 2820, 13, 2026/07/20, 17:24:42.844, 364717186377, vstest.console.dll, TcpClientExtensions.MessageLoopAsync: NotifyDataAvailable remoteEndPoint: 127.0.0.1:55546 localEndPoint: 127.0.0.1:55545
TpTrace Verbose: 0 : 2820, 13, 2026/07/20, 17:24:42.844, 364717190309, vstest.console.dll, TestRequestSender.OnExecutionMessageReceived: Received message: {"Version":7,"MessageType":"TestExecution.StatsChange","Payload":{"NewTestResults":[{"TestCase":{"Id":"becbfb6f-1946-8e56-c87b-4f33c2024935","FullyQualifiedName":"SharpMind.Tests.Quantization.QuantizationAgreementTests.QuantizedMatMul_AllTiers_Agree","DisplayName":"SharpMind.Tests.Quantization.QuantizationAgreementTests.QuantizedMatMul_AllTiers_Agree(dtype: Q3_K)","ExecutorUri":"executor://xunit/VsTestRunner3/netcore/","Source":"C:\\Integral2u\\source\\repos\\SharpMind\\SharpMind.Tests\\bin\\Debug\\net10.0\\SharpMind.Tests.dll","CodeFilePath":null,"LineNumber":0,"Properties":[{"Key":{"Id":"TestCase.ManagedMethod","Label":"ManagedMethod","Category":"","Description":"","Attributes":1,"ValueType":"System.String"},"Value":"QuantizedMatMul_AllTiers_Agree"},{"Key":{"Id":"XunitTestCaseUniqueID","Label":"xUnit.net Test Case Unique ID","Category":"","Description":"","Attributes":0,"ValueType":"System.String"},"Value":"77ad3cd5c4175655e99e8768c32cec4153c240cc"},{"Key":{"Id":"XunitTestCaseExplicit","Label":"xUnit.net Test Case Explicit Flag","Category":"","Description":"","Attributes":0,"ValueType":"System.Boolean"},"Value":false},{"Key":{"Id":"TestCase.ManagedType","Label":"ManagedType","Category":"","Description":"","Attributes":1,"ValueType":"System.String"},"Value":"SharpMind.Tests.Quantization.QuantizationAgreementTests"}]},"Attachments":[],"Outcome":1,"ErrorMessage":null,"ErrorStackTrace":null,"DisplayName":"SharpMind.Tests.Quantization.QuantizationAgreementTests.QuantizedMatMul_AllTiers_Agree(dtype: Q3_K)","Messages":[],"ComputerName":"LAPTOP-MKMTSO1B","Duration":"00:00:01.0891352","StartTime":"2026-07-20T05:24:41.3870839+00:00","EndTime":"2026-07-20T05:24:42.4724984+00:00","Properties":[]},{"TestCase":{"Id":"f07763e5-4a12-fafa-cca6-6bf8ae8dcf0c","FullyQualifiedName":"SharpMind.Tests.Quantization.QuantizationAgreementTests.QuantizedMatMul_AllTiers_Agree","DisplayName":"SharpMind.Tests.Quantization.QuantizationAgreementTests.QuantizedMatMul_AllTiers_Agree(dtype: F32)","ExecutorUri":"executor://xunit/VsTestRunner3/netcore/","Source":"C:\\Integral2u\\source\\repos\\SharpMind\\SharpMind.Tests\\bin\\Debug\\net10.0\\SharpMind.Tests.dll","CodeFilePath":null,"LineNumber":0,"Properties":[{"Key":{"Id":"TestCase.ManagedMethod","Label":"ManagedMethod","Category":"","Description":"","Attributes":1,"ValueType":"System.String"},"Value":"QuantizedMatMul_AllTiers_Agree"},{"Key":{"Id":"XunitTestCaseUniqueID","Label":"xUnit.net Test Case Unique ID","Category":"","Description":"","Attributes":0,"ValueType":"System.String"},"Value":"983abae0ab4a86281ff7e498fdce9d4937f8c193"},{"Key":{"Id":"XunitTestCaseExplicit","Label":"xUnit.net Test Case Explicit Flag","Category":"","Description":"","Attributes":0,"ValueType":"System.Boolean"},"Value":false},{"Key":{"Id":"TestCase.ManagedType","Label":"ManagedType","Category":"","Description":"","Attributes":1,"ValueType":"System.String"},"Value":"SharpMind.Tests.Quantization.QuantizationAgreementTests"}]},"Attachments":[],"Outcome":1,"ErrorMessage":null,"ErrorStackTrace":null,"DisplayName":"SharpMind.Tests.Quantization.QuantizationAgreementTests.QuantizedMatMul_AllTiers_Agree(dtype: F32)","Messages":[],"ComputerName":"LAPTOP-MKMTSO1B","Duration":"00:00:00.1408239","StartTime":"2026-07-20T05:24:42.4735152+00:00","EndTime":"2026-07-20T05:24:42.6135978+00:00","Properties":[]},{"TestCase":{"Id":"daf52e58-677d-27df-8421-b60372c3bcff","FullyQualifiedName":"SharpMind.Tests.Quantization.QuantizationAgreementTests.QuantizedMatMul_AllTiers_Agree","DisplayName":"SharpMind.Tests.Quantization.QuantizationAgreementTests.QuantizedMatMul_AllTiers_Agree(dtype: Q4_0)","ExecutorUri":"executor://xunit/VsTestRunner3/netcore/","Source":"C:\\Integral2u\\source\\repos\\SharpMind\\SharpMind.Tests\\bin\\Debug\\net10.0\\SharpMind.Tests.dll","CodeFilePath":null,"LineNumber":0,"Properties":[{"Key":{"Id":"TestCase.ManagedMethod","Label":"ManagedMethod","Category":"","Description":"","Attributes":1,"ValueType":"System.String"},"Value":"QuantizedMatMul_AllTiers_Agree"},{"Key":{"Id":"XunitTestCaseUniqueID","Label":"xUnit.net Test Case Unique ID","Category":"","Description":"","Attributes":0,"ValueType":"System.String"},"Value":"ca8916504e70db3cc364d946a6ca009f0237f371"},{"Key":{"Id":"XunitTestCaseExplicit","Label":"xUnit.net Test Case Explicit Flag","Category":"","Description":"","Attributes":0,"ValueType":"System.Boolean"},"Value":false},{"Key":{"Id":"TestCase.ManagedType","Label":"ManagedType","Category":"","Description":"","Attributes":1,"ValueType":"System.String"},"Value":"SharpMind.Tests.Quantization.QuantizationAgreementTests"}]},"Attachments":[],"Outcome":1,"ErrorMessage":null,"ErrorStackTrace":null,"DisplayName":"SharpMind.Tests.Quantization.QuantizationAgreementTests.QuantizedMatMul_AllTiers_Agree(dtype: Q4_0)","Messages":[],"ComputerName":"LAPTOP-MKMTSO1B","Duration":"00:00:00.0223297","StartTime":"2026-07-20T05:24:42.6149382+00:00","EndTime":"2026-07-20T05:24:42.6366904+00:00","Properties":[]},{"TestCase":{"Id":"2a32f21f-12d2-fcab-e04a-7d41943430ac","FullyQualifiedName":"SharpMind.Tests.Quantization.QuantizationAgreementTests.QuantizedMatMul_AllTiers_Agree","DisplayName":"SharpMind.Tests.Quantization.QuantizationAgreementTests.QuantizedMatMul_AllTiers_Agree(dtype: IQ4_NL)","ExecutorUri":"executor://xunit/VsTestRunner3/netcore/","Source":"C:\\Integral2u\\source\\repos\\SharpMind\\SharpMind.Tests\\bin\\Debug\\net10.0\\SharpMind.Tests.dll","CodeFilePath":null,"LineNumber":0,"Properties":[{"Key":{"Id":"TestCase.ManagedMethod","Label":"ManagedMethod","Category":"","Description":"","Attributes":1,"ValueType":"System.String"},"Value":"QuantizedMatMul_AllTiers_Agree"},{"Key":{"Id":"XunitTestCaseUniqueID","Label":"xUnit.net Test Case Unique ID","Category":"","Description":"","Attributes":0,"ValueType":"System.String"},"Value":"dbe5691523a5c1316f711d68b6fd677e9e879566"},{"Key":{"Id":"XunitTestCaseExplicit","Label":"xUnit.net Test Case Explicit Flag","Category":"","Description":"","Attributes":0,"ValueType":"System.Boolean"},"Value":false},{"Key":{"Id":"TestCase.ManagedType","Label":"ManagedType","Category":"","Description":"","Attributes":1,"ValueType":"System.String"},"Value":"SharpMind.Tests.Quantization.QuantizationAgreementTests"}]},"Attachments":[],"Outcome":1,"ErrorMessage":null,"ErrorStackTrace":null,"DisplayName":"SharpMind.Tests.Quantization.QuantizationAgreementTests.QuantizedMatMul_AllTiers_Agree(dtype: IQ4_NL)","Messages":[],"ComputerName":"LAPTOP-MKMTSO1B","Duration":"00:00:00.0188019","StartTime":"2026-07-20T05:24:42.6376439+00:00","EndTime":"2026-07-20T05:24:42.6557212+00:00","Properties":[]},{"TestCase":{"Id":"fa8faea8-aa20-363d-f3f4-f94c1457ba7d","FullyQualifiedName":"SharpMind.Tests.Quantization.QuantizationAgreementTests.QuantizedMatMul_AllTiers_Agree","DisplayName":"SharpMind.Tests.Quantization.QuantizationAgreementTests.QuantizedMatMul_AllTiers_Agree(dtype: F16)","ExecutorUri":"executor://xunit/VsTestRunner3/netcore/","Source":"C:\\Integral2u\\source\\repos\\SharpMind\\SharpMind.Tests\\bin\\Debug\\net10.0\\SharpMind.Tests.dll","CodeFilePath":null,"LineNumber":0,"Properties":[{"Key":{"Id":"TestCase.ManagedMethod","Label":"ManagedMethod","Category":"","Description":"","Attributes":1,"ValueType":"System.String"},"Value":"QuantizedMatMul_AllTiers_Agree"},{"Key":{"Id":"XunitTestCaseUniqueID","Label":"xUnit.net Test Case Unique ID","Category":"","Description":"","Attributes":0,"ValueType":"System.String"},"Value":"e1640a12ba50c69daa6a61758941d587172e6b7e"},{"Key":{"Id":"XunitTestCaseExplicit","Label":"xUnit.net Test Case Explicit Flag","Category":"","Description":"","Attributes":0,"ValueType":"System.Boolean"},"Value":false},{"Key":{"Id":"TestCase.ManagedType","Label":"ManagedType","Category":"","Description":"","Attributes":1,"ValueType":"System.String"},"Value":"SharpMind.Tests.Quantization.QuantizationAgreementTests"}]},"Attachments":[],"Outcome":1,"ErrorMessage":null,"ErrorStackTrace":null,"DisplayName":"SharpMind.Tests.Quantization.QuantizationAgreementTests.QuantizedMatMul_AllTiers_Agree(dtype: F16)","Messages":[],"ComputerName":"LAPTOP-MKMTSO1B","Duration":"00:00:00.1325382","StartTime":"2026-07-20T05:24:42.656405+00:00","EndTime":"2026-07-20T05:24:42.788478+00:00","Properties":[]},{"TestCase":{"Id":"1953ec86-1d12-24c7-7163-76e89233d771","FullyQualifiedName":"SharpMind.Tests.Quantization.QuantizationAgreementTests.QuantizedMatMul_AllTiers_Agree","DisplayName":"SharpMind.Tests.Quantization.QuantizationAgreementTests.QuantizedMatMul_AllTiers_Agree(dtype: Q5_0)","ExecutorUri":"executor://xunit/VsTestRunner3/netcore/","Source":"C:\\Integral2u\\source\\repos\\SharpMind\\SharpMind.Tests\\bin\\Debug\\net10.0\\SharpMind.Tests.dll","CodeFilePath":null,"LineNumber":0,"Properties":[{"Key":{"Id":"TestCase.ManagedMethod","Label":"ManagedMethod","Category":"","Description":"","Attributes":1,"ValueType":"System.String"},"Value":"QuantizedMatMul_AllTiers_Agree"},{"Key":{"Id":"XunitTestCaseUniqueID","Label":"xUnit.net Test Case Unique ID","Category":"","Description":"","Attributes":0,"ValueType":"System.String"},"Value":"e3abeb5ab226a02f5dbd179b9bac39708b0175bf"},{"Key":{"Id":"XunitTestCaseExplicit","Label":"xUnit.net Test Case Explicit Flag","Category":"","Description":"","Attributes":0,"ValueType":"System.Boolean"},"Value":false},{"Key":{"Id":"TestCase.ManagedType","Label":"ManagedType","Category":"","Description":"","Attributes":1,"ValueType":"System.String"},"Value":"SharpMind.Tests.Quantization.QuantizationAgreementTests"}]},"Attachments":[],"Outcome":1,"ErrorMessage":null,"ErrorStackTrace":null,"DisplayName":"SharpMind.Tests.Quantization.QuantizationAgreementTests.QuantizedMatMul_AllTiers_Agree(dtype: Q5_0)","Messages":[],"ComputerName":"LAPTOP-MKMTSO1B","Duration":"00:00:00.0235675","StartTime":"2026-07-20T05:24:42.7892335+00:00","EndTime":"2026-07-20T05:24:42.8121507+00:00","Properties":[]},{"TestCase":{"Id":"1713a945-6340-4227-986a-52da1bebb7cd","FullyQualifiedName":"SharpMind.Tests.Quantization.QuantizationAgreementTests.QuantizedMatMul_AllTiers_Agree","DisplayName":"SharpMind.Tests.Quantization.QuantizationAgreementTests.QuantizedMatMul_AllTiers_Agree(dtype: Q8_0)","ExecutorUri":"executor://xunit/VsTestRunner3/netcore/","Source":"C:\\Integral2u\\source\\repos\\SharpMind\\SharpMind.Tests\\bin\\Debug\\net10.0\\SharpMind.Tests.dll","CodeFilePath":null,"LineNumber":0,"Properties":[{"Key":{"Id":"TestCase.ManagedMethod","Label":"ManagedMethod","Category":"","Description":"","Attributes":1,"ValueType":"System.String"},"Value":"QuantizedMatMul_AllTiers_Agree"},{"Key":{"Id":"XunitTestCaseUniqueID","Label":"xUnit.net Test Case Unique ID","Category":"","Description":"","Attributes":0,"ValueType":"System.String"},"Value":"fa28380b0ff920eee94962cd8abe9e6d4f45b6c2"},{"Key":{"Id":"XunitTestCaseExplicit","Label":"xUnit.net Test Case Explicit Flag","Category":"","Description":"","Attributes":0,"ValueType":"System.Boolean"},"Value":false},{"Key":{"Id":"TestCase.ManagedType","Label":"ManagedType","Category":"","Description":"","Attributes":1,"ValueType":"System.String"},"Value":"SharpMind.Tests.Quantization.QuantizationAgreementTests"}]},"Attachments":[],"Outcome":1,"ErrorMessage":null,"ErrorStackTrace":null,"DisplayName":"SharpMind.Tests.Quantization.QuantizationAgreementTests.QuantizedMatMul_AllTiers_Agree(dtype: Q8_0)","Messages":[],"ComputerName":"LAPTOP-MKMTSO1B","Duration":"00:00:00.0200123","StartTime":"2026-07-20T05:24:42.8128665+00:00","EndTime":"2026-07-20T05:24:42.8322625+00:00","Properties":[]},{"TestCase":{"Id":"5029143a-02fc-10b6-042c-124b96f09d03","FullyQualifiedName":"SharpMind.Tests.Core.TensorOpsTests.Variance_Correct","DisplayName":"SharpMind.Tests.Core.TensorOpsTests.Variance_Correct","ExecutorUri":"executor://xunit/VsTestRunner3/netcore/","Source":"C:\\Integral2u\\source\\repos\\SharpMind\\SharpMind.Tests\\bin\\Debug\\net10.0\\SharpMind.Tests.dll","CodeFilePath":null,"LineNumber":0,"Properties":[{"Key":{"Id":"TestCase.ManagedMethod","Label":"ManagedMethod","Category":"","Description":"","Attributes":1,"ValueType":"System.String"},"Value":"Variance_Correct"},{"Key":{"Id":"XunitTestCaseUniqueID","Label":"xUnit.net Test Case Unique ID","Category":"","Description":"","Attributes":0,"ValueType":"System.String"},"Value":"176ecd0e5ca85d0a9369e7ccbb746c4e08de96c9"},{"Key":{"Id":"XunitTestCaseExplicit","Label":"xUnit.net Test Case Explicit Flag","Category":"","Description":"","Attributes":0,"ValueType":"System.Boolean"},"Value":false},{"Key":{"Id":"TestCase.ManagedType","Label":"ManagedType","Category":"","Description":"","Attributes":1,"ValueType":"System.String"},"Value":"SharpMind.Tests.Core.TensorOpsTests"}]},"Attachments":[],"Outcome":1,"ErrorMessage":null,"ErrorStackTrace":null,"DisplayName":"SharpMind.Tests.Core.TensorOpsTests.Variance_Correct","Messages":[],"ComputerName":"LAPTOP-MKMTSO1B","Duration":"00:00:00.0069518","StartTime":"2026-07-20T05:24:42.8335746+00:00","EndTime":"2026-07-20T05:24:42.8404596+00:00","Properties":[]},{"TestCase":{"Id":"a05147e1-2244-2667-e3c3-dd75216f9cdc","FullyQualifiedName":"SharpMind.Tests.Core.TensorOpsTests.Transpose_2D","DisplayName":"SharpMind.Tests.Core.TensorOpsTests.Transpose_2D","ExecutorUri":"executor://xunit/VsTestRunner3/netcore/","Source":"C:\\Integral2u\\source\\repos\\SharpMind\\SharpMind.Tests\\bin\\Debug\\net10.0\\SharpMind.Tests.dll","CodeFilePath":null,"LineNumber":0,"Properties":[{"Key":{"Id":"TestCase.ManagedMethod","Label":"ManagedMethod","Category":"","Description":"","Attributes":1,"ValueType":"System.String"},"Value":"Transpose_2D"},{"Key":{"Id":"XunitTestCaseUniqueID","Label":"xUnit.net Test Case Unique ID","Category":"","Description":"","Attributes":0,"ValueType":"System.String"},"Value":"2180762e1d1c03add9259a621c7b95b2fef6772a"},{"Key":{"Id":"XunitTestCaseExplicit","Label":"xUnit.net Test Case Explicit Flag","Category":"","Description":"","Attributes":0,"ValueType":"System.Boolean"},"Value":false},{"Key":{"Id":"TestCase.ManagedType","Label":"ManagedType","Category":"","Description":"","Attributes":1,"ValueType":"System.String"},"Value":"SharpMind.Tests.Core.TensorOpsTests"}]},"Attachments":[],"Outcome":1,"ErrorMessage":null,"ErrorStackTrace":null,"DisplayName":"SharpMind.Tests.Core.TensorOpsTests.Transpose_2D","Messages":[],"ComputerName":"LAPTOP-MKMTSO1B","Duration":"00:00:00.0007842","StartTime":"2026-07-20T05:24:42.841313+00:00","EndTime":"2026-07-20T05:24:42.8414417+00:00","Properties":[]}],"TestRunStatistics":{"ExecutedTests":277,"Stats":{"Passed":277}},"ActiveTests":[{"Id":"5458182b-d281-fba4-1140-2cc127306284","FullyQualifiedName":"SharpMind.Tests.Core.TensorOpsTests.Multiply_Elementwise","DisplayName":"SharpMind.Tests.Core.TensorOpsTests.Multiply_Elementwise","ExecutorUri":"executor://xunit/VsTestRunner3/netcore/","Source":"C:\\Integral2u\\source\\repos\\SharpMind\\SharpMind.Tests\\bin\\Debug\\net10.0\\SharpMind.Tests.dll","CodeFilePath":null,"LineNumber":0,"Properties":[{"Key":{"Id":"TestCase.ManagedMethod","Label":"ManagedMethod","Category":"","Description":"","Attributes":1,"ValueType":"System.String"},"Value":"Multiply_Elementwise"},{"Key":{"Id":"XunitTestCaseUniqueID","Label":"xUnit.net Test Case Unique ID","Category":"","Description":"","Attributes":0,"ValueType":"System.String"},"Value":"2969bbba2e1a759033e61cf12239157f874f4f63"},{"Key":{"Id":"XunitTestCaseExplicit","Label":"xUnit.net Test Case Explicit Flag","Category":"","Description":"","Attributes":0,"ValueType":"System.Boolean"},"Value":false},{"Key":{"Id":"TestCase.ManagedType","Label":"ManagedType","Category":"","Description":"","Attributes":1,"ValueType":"System.String"},"Value":"SharpMind.Tests.Core.TensorOpsTests"}]}]}}
TpTrace Verbose: 0 : 2820, 13, 2026/07/20, 17:24:42.845, 364717203466, vstest.console.dll, TestRunRequest:SendTestRunStatsChange: Starting.
TpTrace Verbose: 0 : 2820, 13, 2026/07/20, 17:24:42.846, 364717204513, vstest.console.dll, InProgress is SharpMind.Tests.Core.TensorOpsTests.Multiply_Elementwise
TpTrace Verbose: 0 : 2820, 13, 2026/07/20, 17:24:42.846, 364717205024, vstest.console.dll, MulticastDelegateUtilities.SafeInvoke: TestRun.RunStatsChanged: Invoking callbacks was skipped because there are no subscribers.
TpTrace Information: 0 : 2820, 13, 2026/07/20, 17:24:42.846, 364717205447, vstest.console.dll, TestRunRequest:SendTestRunStatsChange: Completed.
TpTrace Verbose: 0 : 2820, 4, 2026/07/20, 17:24:42.846, 364717205501, vstest.console.dll, MulticastDelegateUtilities.SafeInvoke: InternalTestLoggerEvents.SendTestResult: Invoking callback 1/1 for Microsoft.VisualStudio.TestPlatform.CommandLine.Internal.ConsoleLogger., took 0 ms.
TpTrace Verbose: 0 : 2820, 13, 2026/07/20, 17:24:42.846, 364717205902, vstest.console.dll, MulticastDelegateUtilities.SafeInvoke: LengthPrefixCommunicationChannel: MessageReceived: Invoking callback 1/1 for Microsoft.VisualStudio.TestPlatform.CommunicationUtilities.TestRequestSender+<>c__DisplayClass34_0., took 1 ms.
TpTrace Verbose: 0 : 2820, 4, 2026/07/20, 17:24:42.846, 364717206590, vstest.console.dll, MulticastDelegateUtilities.SafeInvoke: InternalTestLoggerEvents.SendTestResult: Invoking callback 1/1 for Microsoft.VisualStudio.TestPlatform.CommandLine.Internal.ConsoleLogger., took 0 ms.
TpTrace Verbose: 0 : 2820, 13, 2026/07/20, 17:24:42.846, 364717206954, vstest.console.dll, TcpClientExtensions.MessageLoopAsync: Polling on remoteEndPoint: 127.0.0.1:55546 localEndPoint: 127.0.0.1:55545 after 120 ms
TpTrace Verbose: 0 : 2820, 4, 2026/07/20, 17:24:42.846, 364717207524, vstest.console.dll, MulticastDelegateUtilities.SafeInvoke: InternalTestLoggerEvents.SendTestResult: Invoking callback 1/1 for Microsoft.VisualStudio.TestPlatform.CommandLine.Internal.ConsoleLogger., took 0 ms.
TpTrace Verbose: 0 : 2820, 4, 2026/07/20, 17:24:42.846, 364717208487, vstest.console.dll, MulticastDelegateUtilities.SafeInvoke: InternalTestLoggerEvents.SendTestResult: Invoking callback 1/1 for Microsoft.VisualStudio.TestPlatform.CommandLine.Internal.ConsoleLogger., took 0 ms.
TpTrace Verbose: 0 : 2820, 4, 2026/07/20, 17:24:42.846, 364717208894, vstest.console.dll, MulticastDelegateUtilities.SafeInvoke: InternalTestLoggerEvents.SendTestResult: Invoking callback 1/1 for Microsoft.VisualStudio.TestPlatform.CommandLine.Internal.ConsoleLogger., took 0 ms.
TpTrace Verbose: 0 : 2820, 4, 2026/07/20, 17:24:42.846, 364717209265, vstest.console.dll, MulticastDelegateUtilities.SafeInvoke: InternalTestLoggerEvents.SendTestResult: Invoking callback 1/1 for Microsoft.VisualStudio.TestPlatform.CommandLine.Internal.ConsoleLogger., took 0 ms.
TpTrace Verbose: 0 : 2820, 4, 2026/07/20, 17:24:42.846, 364717209618, vstest.console.dll, MulticastDelegateUtilities.SafeInvoke: InternalTestLoggerEvents.SendTestResult: Invoking callback 1/1 for Microsoft.VisualStudio.TestPlatform.CommandLine.Internal.ConsoleLogger., took 0 ms.
TpTrace Verbose: 0 : 2820, 4, 2026/07/20, 17:24:42.846, 364717209964, vstest.console.dll, MulticastDelegateUtilities.SafeInvoke: InternalTestLoggerEvents.SendTestResult: Invoking callback 1/1 for Microsoft.VisualStudio.TestPlatform.CommandLine.Internal.ConsoleLogger., took 0 ms.
TpTrace Verbose: 0 : 2820, 4, 2026/07/20, 17:24:42.846, 364717210292, vstest.console.dll, MulticastDelegateUtilities.SafeInvoke: InternalTestLoggerEvents.SendTestResult: Invoking callback 1/1 for Microsoft.VisualStudio.TestPlatform.CommandLine.Internal.ConsoleLogger., took 0 ms.
TpTrace Verbose: 0 : 2820, 13, 2026/07/20, 17:24:42.861, 364717359746, vstest.console.dll, TcpClientExtensions.MessageLoopAsync: NotifyDataAvailable remoteEndPoint: 127.0.0.1:55546 localEndPoint: 127.0.0.1:55545
TpTrace Verbose: 0 : 2820, 13, 2026/07/20, 17:24:42.862, 364717364590, vstest.console.dll, TestRequestSender.OnExecutionMessageReceived: Received message: {"Version":7,"MessageType":"TestExecution.StatsChange","Payload":{"NewTestResults":[{"TestCase":{"Id":"5458182b-d281-fba4-1140-2cc127306284","FullyQualifiedName":"SharpMind.Tests.Core.TensorOpsTests.Multiply_Elementwise","DisplayName":"SharpMind.Tests.Core.TensorOpsTests.Multiply_Elementwise","ExecutorUri":"executor://xunit/VsTestRunner3/netcore/","Source":"C:\\Integral2u\\source\\repos\\SharpMind\\SharpMind.Tests\\bin\\Debug\\net10.0\\SharpMind.Tests.dll","CodeFilePath":null,"LineNumber":0,"Properties":[{"Key":{"Id":"TestCase.ManagedMethod","Label":"ManagedMethod","Category":"","Description":"","Attributes":1,"ValueType":"System.String"},"Value":"Multiply_Elementwise"},{"Key":{"Id":"XunitTestCaseUniqueID","Label":"xUnit.net Test Case Unique ID","Category":"","Description":"","Attributes":0,"ValueType":"System.String"},"Value":"2969bbba2e1a759033e61cf12239157f874f4f63"},{"Key":{"Id":"XunitTestCaseExplicit","Label":"xUnit.net Test Case Explicit Flag","Category":"","Description":"","Attributes":0,"ValueType":"System.Boolean"},"Value":false},{"Key":{"Id":"TestCase.ManagedType","Label":"ManagedType","Category":"","Description":"","Attributes":1,"ValueType":"System.String"},"Value":"SharpMind.Tests.Core.TensorOpsTests"}]},"Attachments":[],"Outcome":1,"ErrorMessage":null,"ErrorStackTrace":null,"DisplayName":"SharpMind.Tests.Core.TensorOpsTests.Multiply_Elementwise","Messages":[],"ComputerName":"LAPTOP-MKMTSO1B","Duration":"00:00:00.0027856","StartTime":"2026-07-20T05:24:42.8444763+00:00","EndTime":"2026-07-20T05:24:42.8446292+00:00","Properties":[]},{"TestCase":{"Id":"2c128b8e-3937-89a3-79ce-7f2f1ffeb243","FullyQualifiedName":"SharpMind.Tests.Core.TensorOpsTests.Subtract_KnownValues","DisplayName":"SharpMind.Tests.Core.TensorOpsTests.Subtract_KnownValues","ExecutorUri":"executor://xunit/VsTestRunner3/netcore/","Source":"C:\\Integral2u\\source\\repos\\SharpMind\\SharpMind.Tests\\bin\\Debug\\net10.0\\SharpMind.Tests.dll","CodeFilePath":null,"LineNumber":0,"Properties":[{"Key":{"Id":"TestCase.ManagedMethod","Label":"ManagedMethod","Category":"","Description":"","Attributes":1,"ValueType":"System.String"},"Value":"Subtract_KnownValues"},{"Key":{"Id":"XunitTestCaseUniqueID","Label":"xUnit.net Test Case Unique ID","Category":"","Description":"","Attributes":0,"ValueType":"System.String"},"Value":"3a225684ccb30b27c7e92b5726a31094ada4c44b"},{"Key":{"Id":"XunitTestCaseExplicit","Label":"xUnit.net Test Case Explicit Flag","Category":"","Description":"","Attributes":0,"ValueType":"System.Boolean"},"Value":false},{"Key":{"Id":"TestCase.ManagedType","Label":"ManagedType","Category":"","Description":"","Attributes":1,"ValueType":"System.String"},"Value":"SharpMind.Tests.Core.TensorOpsTests"}]},"Attachments":[],"Outcome":1,"ErrorMessage":null,"ErrorStackTrace":null,"DisplayName":"SharpMind.Tests.Core.TensorOpsTests.Subtract_KnownValues","Messages":[],"ComputerName":"LAPTOP-MKMTSO1B","Duration":"00:00:00.0024890","StartTime":"2026-07-20T05:24:42.8455639+00:00","EndTime":"2026-07-20T05:24:42.8468747+00:00","Properties":[]},{"TestCase":{"Id":"7653f996-5088-8cb8-14f1-7926dea280fb","FullyQualifiedName":"SharpMind.Tests.Core.TensorOpsTests.Add_KnownValues","DisplayName":"SharpMind.Tests.Core.TensorOpsTests.Add_KnownValues","ExecutorUri":"executor://xunit/VsTestRunner3/netcore/","Source":"C:\\Integral2u\\source\\repos\\SharpMind\\SharpMind.Tests\\bin\\Debug\\net10.0\\SharpMind.Tests.dll","CodeFilePath":null,"LineNumber":0,"Properties":[{"Key":{"Id":"TestCase.ManagedMethod","Label":"ManagedMethod","Category":"","Description":"","Attributes":1,"ValueType":"System.String"},"Value":"Add_KnownValues"},{"Key":{"Id":"XunitTestCaseUniqueID","Label":"xUnit.net Test Case Unique ID","Category":"","Description":"","Attributes":0,"ValueType":"System.String"},"Value":"802a9c6bdaa5d6f284e444ccc66da8f99984a8cf"},{"Key":{"Id":"XunitTestCaseExplicit","Label":"xUnit.net Test Case Explicit Flag","Category":"","Description":"","Attributes":0,"ValueType":"System.Boolean"},"Value":false},{"Key":{"Id":"TestCase.ManagedType","Label":"ManagedType","Category":"","Description":"","Attributes":1,"ValueType":"System.String"},"Value":"SharpMind.Tests.Core.TensorOpsTests"}]},"Attachments":[],"Outcome":1,"ErrorMessage":null,"ErrorStackTrace":null,"DisplayName":"SharpMind.Tests.Core.TensorOpsTests.Add_KnownValues","Messages":[],"ComputerName":"LAPTOP-MKMTSO1B","Duration":"00:00:00.0017697","StartTime":"2026-07-20T05:24:42.8474413+00:00","EndTime":"2026-07-20T05:24:42.8487198+00:00","Properties":[]},{"TestCase":{"Id":"ac3fd2ab-326c-6a2f-5dca-1e6eb76c3e84","FullyQualifiedName":"SharpMind.Tests.Core.TensorOpsTests.MaskedFill_FillsSelectedPositions","DisplayName":"SharpMind.Tests.Core.TensorOpsTests.MaskedFill_FillsSelectedPositions","ExecutorUri":"executor://xunit/VsTestRunner3/netcore/","Source":"C:\\Integral2u\\source\\repos\\SharpMind\\SharpMind.Tests\\bin\\Debug\\net10.0\\SharpMind.Tests.dll","CodeFilePath":null,"LineNumber":0,"Properties":[{"Key":{"Id":"TestCase.ManagedMethod","Label":"ManagedMethod","Category":"","Description":"","Attributes":1,"ValueType":"System.String"},"Value":"MaskedFill_FillsSelectedPositions"},{"Key":{"Id":"XunitTestCaseUniqueID","Label":"xUnit.net Test Case Unique ID","Category":"","Description":"","Attributes":0,"ValueType":"System.String"},"Value":"955e4777029fe014842d4589d9a849c15c91c75d"},{"Key":{"Id":"XunitTestCaseExplicit","Label":"xUnit.net Test Case Explicit Flag","Category":"","Description":"","Attributes":0,"ValueType":"System.Boolean"},"Value":false},{"Key":{"Id":"TestCase.ManagedType","Label":"ManagedType","Category":"","Description":"","Attributes":1,"ValueType":"System.String"},"Value":"SharpMind.Tests.Core.TensorOpsTests"}]},"Attachments":[],"Outcome":1,"ErrorMessage":null,"ErrorStackTrace":null,"DisplayName":"SharpMind.Tests.Core.TensorOpsTests.MaskedFill_FillsSelectedPositions","Messages":[],"ComputerName":"LAPTOP-MKMTSO1B","Duration":"00:00:00.0009851","StartTime":"2026-07-20T05:24:42.8493006+00:00","EndTime":"2026-07-20T05:24:42.8498283+00:00","Properties":[]},{"TestCase":{"Id":"5a31d95f-4002-8ec6-4b71-c7ba15b00d75","FullyQualifiedName":"SharpMind.Tests.Core.TensorOpsTests.Scale_ScalesAllElements","DisplayName":"SharpMind.Tests.Core.TensorOpsTests.Scale_ScalesAllElements","ExecutorUri":"executor://xunit/VsTestRunner3/netcore/","Source":"C:\\Integral2u\\source\\repos\\SharpMind\\SharpMind.Tests\\bin\\Debug\\net10.0\\SharpMind.Tests.dll","CodeFilePath":null,"LineNumber":0,"Properties":[{"Key":{"Id":"TestCase.ManagedMethod","Label":"ManagedMethod","Category":"","Description":"","Attributes":1,"ValueType":"System.String"},"Value":"Scale_ScalesAllElements"},{"Key":{"Id":"XunitTestCaseUniqueID","Label":"xUnit.net Test Case Unique ID","Category":"","Description":"","Attributes":0,"ValueType":"System.String"},"Value":"99a79d5f98dbf593b4d3c4d8ee35c5ab5fb95708"},{"Key":{"Id":"XunitTestCaseExplicit","Label":"xUnit.net Test Case Explicit Flag","Category":"","Description":"","Attributes":0,"ValueType":"System.Boolean"},"Value":false},{"Key":{"Id":"TestCase.ManagedType","Label":"ManagedType","Category":"","Description":"","Attributes":1,"ValueType":"System.String"},"Value":"SharpMind.Tests.Core.TensorOpsTests"}]},"Attachments":[],"Outcome":1,"ErrorMessage":null,"ErrorStackTrace":null,"DisplayName":"SharpMind.Tests.Core.TensorOpsTests.Scale_ScalesAllElements","Messages":[],"ComputerName":"LAPTOP-MKMTSO1B","Duration":"00:00:00.0045400","StartTime":"2026-07-20T05:24:42.8503165+00:00","EndTime":"2026-07-20T05:24:42.8545669+00:00","Properties":[]},{"TestCase":{"Id":"32ce4ec2-7712-1af6-b286-4d535512ed8e","FullyQualifiedName":"SharpMind.Tests.Core.TensorOpsTests.Sum_Correct","DisplayName":"SharpMind.Tests.Core.TensorOpsTests.Sum_Correct","ExecutorUri":"executor://xunit/VsTestRunner3/netcore/","Source":"C:\\Integral2u\\source\\repos\\SharpMind\\SharpMind.Tests\\bin\\Debug\\net10.0\\SharpMind.Tests.dll","CodeFilePath":null,"LineNumber":0,"Properties":[{"Key":{"Id":"TestCase.ManagedMethod","Label":"ManagedMethod","Category":"","Description":"","Attributes":1,"ValueType":"System.String"},"Value":"Sum_Correct"},{"Key":{"Id":"XunitTestCaseUniqueID","Label":"xUnit.net Test Case Unique ID","Category":"","Description":"","Attributes":0,"ValueType":"System.String"},"Value":"ac5bcc5dbb4916791249ec92b81896b19dcba768"},{"Key":{"Id":"XunitTestCaseExplicit","Label":"xUnit.net Test Case Explicit Flag","Category":"","Description":"","Attributes":0,"ValueType":"System.Boolean"},"Value":false},{"Key":{"Id":"TestCase.ManagedType","Label":"ManagedType","Category":"","Description":"","Attributes":1,"ValueType":"System.String"},"Value":"SharpMind.Tests.Core.TensorOpsTests"}]},"Attachments":[],"Outcome":1,"ErrorMessage":null,"ErrorStackTrace":null,"DisplayName":"SharpMind.Tests.Core.TensorOpsTests.Sum_Correct","Messages":[],"ComputerName":"LAPTOP-MKMTSO1B","Duration":"00:00:00.0006496","StartTime":"2026-07-20T05:24:42.8554549+00:00","EndTime":"2026-07-20T05:24:42.8556071+00:00","Properties":[]},{"TestCase":{"Id":"4bd4cdd2-10e6-607a-56f9-23d1262eca66","FullyQualifiedName":"SharpMind.Tests.Core.TensorOpsTests.Mean_Correct","DisplayName":"SharpMind.Tests.Core.TensorOpsTests.Mean_Correct","ExecutorUri":"executor://xunit/VsTestRunner3/netcore/","Source":"C:\\Integral2u\\source\\repos\\SharpMind\\SharpMind.Tests\\bin\\Debug\\net10.0\\SharpMind.Tests.dll","CodeFilePath":null,"LineNumber":0,"Properties":[{"Key":{"Id":"TestCase.ManagedMethod","Label":"ManagedMethod","Category":"","Description":"","Attributes":1,"ValueType":"System.String"},"Value":"Mean_Correct"},{"Key":{"Id":"XunitTestCaseUniqueID","Label":"xUnit.net Test Case Unique ID","Category":"","Description":"","Attributes":0,"ValueType":"System.String"},"Value":"c3a954c81c13cea9303d899e3ea9ff18b2815391"},{"Key":{"Id":"XunitTestCaseExplicit","Label":"xUnit.net Test Case Explicit Flag","Category":"","Description":"","Attributes":0,"ValueType":"System.Boolean"},"Value":false},{"Key":{"Id":"TestCase.ManagedType","Label":"ManagedType","Category":"","Description":"","Attributes":1,"ValueType":"System.String"},"Value":"SharpMind.Tests.Core.TensorOpsTests"}]},"Attachments":[],"Outcome":1,"ErrorMessage":null,"ErrorStackTrace":null,"DisplayName":"SharpMind.Tests.Core.TensorOpsTests.Mean_Correct","Messages":[],"ComputerName":"LAPTOP-MKMTSO1B","Duration":"00:00:00.0008378","StartTime":"2026-07-20T05:24:42.8563874+00:00","EndTime":"2026-07-20T05:24:42.8565217+00:00","Properties":[]},{"TestCase":{"Id":"bdf0ba4e-6451-0dc0-ec37-7dbce6b07460","FullyQualifiedName":"SharpMind.Tests.Core.TensorOpsTests.Sqrt_Correct","DisplayName":"SharpMind.Tests.Core.TensorOpsTests.Sqrt_Correct","ExecutorUri":"executor://xunit/VsTestRunner3/netcore/","Source":"C:\\Integral2u\\source\\repos\\SharpMind\\SharpMind.Tests\\bin\\Debug\\net10.0\\SharpMind.Tests.dll","CodeFilePath":null,"LineNumber":0,"Properties":[{"Key":{"Id":"TestCase.ManagedMethod","Label":"ManagedMethod","Category":"","Description":"","Attributes":1,"ValueType":"System.String"},"Value":"Sqrt_Correct"},{"Key":{"Id":"XunitTestCaseUniqueID","Label":"xUnit.net Test Case Unique ID","Category":"","Description":"","Attributes":0,"ValueType":"System.String"},"Value":"cf9248b5647b821d6c92cf3be60f32c6a45a5892"},{"Key":{"Id":"XunitTestCaseExplicit","Label":"xUnit.net Test Case Explicit Flag","Category":"","Description":"","Attributes":0,"ValueType":"System.Boolean"},"Value":false},{"Key":{"Id":"TestCase.ManagedType","Label":"ManagedType","Category":"","Description":"","Attributes":1,"ValueType":"System.String"},"Value":"SharpMind.Tests.Core.TensorOpsTests"}]},"Attachments":[],"Outcome":1,"ErrorMessage":null,"ErrorStackTrace":null,"DisplayName":"SharpMind.Tests.Core.TensorOpsTests.Sqrt_Correct","Messages":[],"ComputerName":"LAPTOP-MKMTSO1B","Duration":"00:00:00.0012641","StartTime":"2026-07-20T05:24:42.8572551+00:00","EndTime":"2026-07-20T05:24:42.8576381+00:00","Properties":[]},{"TestCase":{"Id":"0f9c0028-6ba9-ccf7-845a-281cd81147e1","FullyQualifiedName":"SharpMind.Tests.Core.TensorOpsTests.ArgMax_ReturnsCorrectIndex","DisplayName":"SharpMind.Tests.Core.TensorOpsTests.ArgMax_ReturnsCorrectIndex","ExecutorUri":"executor://xunit/VsTestRunner3/netcore/","Source":"C:\\Integral2u\\source\\repos\\SharpMind\\SharpMind.Tests\\bin\\Debug\\net10.0\\SharpMind.Tests.dll","CodeFilePath":null,"LineNumber":0,"Properties":[{"Key":{"Id":"TestCase.ManagedMethod","Label":"ManagedMethod","Category":"","Description":"","Attributes":1,"ValueType":"System.String"},"Value":"ArgMax_ReturnsCorrectIndex"},{"Key":{"Id":"XunitTestCaseUniqueID","Label":"xUnit.net Test Case Unique ID","Category":"","Description":"","Attributes":0,"ValueType":"System.String"},"Value":"db1ae0d8b01b0a5eb035b5002592883b55501c25"},{"Key":{"Id":"XunitTestCaseExplicit","Label":"xUnit.net Test Case Explicit Flag","Category":"","Description":"","Attributes":0,"ValueType":"System.Boolean"},"Value":false},{"Key":{"Id":"TestCase.ManagedType","Label":"ManagedType","Category":"","Description":"","Attributes":1,"ValueType":"System.String"},"Value":"SharpMind.Tests.Core.TensorOpsTests"}]},"Attachments":[],"Outcome":1,"ErrorMessage":null,"ErrorStackTrace":null,"DisplayName":"SharpMind.Tests.Core.TensorOpsTests.ArgMax_ReturnsCorrectIndex","Messages":[],"ComputerName":"LAPTOP-MKMTSO1B","Duration":"00:00:00.0007769","StartTime":"2026-07-20T05:24:42.8583897+00:00","EndTime":"2026-07-20T05:24:42.8585198+00:00","Properties":[]}],"TestRunStatistics":{"ExecutedTests":286,"Stats":{"Passed":286}},"ActiveTests":[{"Id":"ac81dc60-bcc0-a7e1-7bd0-eb8c53bd4415","FullyQualifiedName":"SharpMind.Tests.Core.TensorOpsTests.Abs_NegativeValues","DisplayName":"SharpMind.Tests.Core.TensorOpsTests.Abs_NegativeValues","ExecutorUri":"executor://xunit/VsTestRunner3/netcore/","Source":"C:\\Integral2u\\source\\repos\\SharpMind\\SharpMind.Tests\\bin\\Debug\\net10.0\\SharpMind.Tests.dll","CodeFilePath":null,"LineNumber":0,"Properties":[{"Key":{"Id":"TestCase.ManagedMethod","Label":"ManagedMethod","Category":"","Description":"","Attributes":1,"ValueType":"System.String"},"Value":"Abs_NegativeValues"},{"Key":{"Id":"XunitTestCaseUniqueID","Label":"xUnit.net Test Case Unique ID","Category":"","Description":"","Attributes":0,"ValueType":"System.String"},"Value":"db4c78b723440f8a2cdd89a427cfe108ef66705b"},{"Key":{"Id":"XunitTestCaseExplicit","Label":"xUnit.net Test Case Explicit Flag","Category":"","Description":"","Attributes":0,"ValueType":"System.Boolean"},"Value":false},{"Key":{"Id":"TestCase.ManagedType","Label":"ManagedType","Category":"","Description":"","Attributes":1,"ValueType":"System.String"},"Value":"SharpMind.Tests.Core.TensorOpsTests"}]}]}}
TpTrace Verbose: 0 : 2820, 13, 2026/07/20, 17:24:42.863, 364717379390, vstest.console.dll, TestRunRequest:SendTestRunStatsChange: Starting.
TpTrace Verbose: 0 : 2820, 13, 2026/07/20, 17:24:42.863, 364717380705, vstest.console.dll, InProgress is SharpMind.Tests.Core.TensorOpsTests.Abs_NegativeValues
TpTrace Verbose: 0 : 2820, 13, 2026/07/20, 17:24:42.863, 364717381399, vstest.console.dll, MulticastDelegateUtilities.SafeInvoke: TestRun.RunStatsChanged: Invoking callbacks was skipped because there are no subscribers.
TpTrace Information: 0 : 2820, 13, 2026/07/20, 17:24:42.863, 364717381970, vstest.console.dll, TestRunRequest:SendTestRunStatsChange: Completed.
TpTrace Verbose: 0 : 2820, 4, 2026/07/20, 17:24:42.863, 364717382028, vstest.console.dll, MulticastDelegateUtilities.SafeInvoke: InternalTestLoggerEvents.SendTestResult: Invoking callback 1/1 for Microsoft.VisualStudio.TestPlatform.CommandLine.Internal.ConsoleLogger., took 0 ms.
TpTrace Verbose: 0 : 2820, 13, 2026/07/20, 17:24:42.863, 364717382432, vstest.console.dll, MulticastDelegateUtilities.SafeInvoke: LengthPrefixCommunicationChannel: MessageReceived: Invoking callback 1/1 for Microsoft.VisualStudio.TestPlatform.CommunicationUtilities.TestRequestSender+<>c__DisplayClass34_0., took 1 ms.
TpTrace Verbose: 0 : 2820, 4, 2026/07/20, 17:24:42.863, 364717383209, vstest.console.dll, MulticastDelegateUtilities.SafeInvoke: InternalTestLoggerEvents.SendTestResult: Invoking callback 1/1 for Microsoft.VisualStudio.TestPlatform.CommandLine.Internal.ConsoleLogger., took 0 ms.
TpTrace Verbose: 0 : 2820, 13, 2026/07/20, 17:24:42.863, 364717384008, vstest.console.dll, TcpClientExtensions.MessageLoopAsync: Polling on remoteEndPoint: 127.0.0.1:55546 localEndPoint: 127.0.0.1:55545 after 17 ms
TpTrace Verbose: 0 : 2820, 4, 2026/07/20, 17:24:42.864, 364717384882, vstest.console.dll, MulticastDelegateUtilities.SafeInvoke: InternalTestLoggerEvents.SendTestResult: Invoking callback 1/1 for Microsoft.VisualStudio.TestPlatform.CommandLine.Internal.ConsoleLogger., took 0 ms.
TpTrace Verbose: 0 : 2820, 4, 2026/07/20, 17:24:42.864, 364717385537, vstest.console.dll, MulticastDelegateUtilities.SafeInvoke: InternalTestLoggerEvents.SendTestResult: Invoking callback 1/1 for Microsoft.VisualStudio.TestPlatform.CommandLine.Internal.ConsoleLogger., took 0 ms.
TpTrace Verbose: 0 : 2820, 4, 2026/07/20, 17:24:42.864, 364717386094, vstest.console.dll, MulticastDelegateUtilities.SafeInvoke: InternalTestLoggerEvents.SendTestResult: Invoking callback 1/1 for Microsoft.VisualStudio.TestPlatform.CommandLine.Internal.ConsoleLogger., took 0 ms.
TpTrace Verbose: 0 : 2820, 4, 2026/07/20, 17:24:42.864, 364717386592, vstest.console.dll, MulticastDelegateUtilities.SafeInvoke: InternalTestLoggerEvents.SendTestResult: Invoking callback 1/1 for Microsoft.VisualStudio.TestPlatform.CommandLine.Internal.ConsoleLogger., took 0 ms.
TpTrace Verbose: 0 : 2820, 4, 2026/07/20, 17:24:42.864, 364717387128, vstest.console.dll, MulticastDelegateUtilities.SafeInvoke: InternalTestLoggerEvents.SendTestResult: Invoking callback 1/1 for Microsoft.VisualStudio.TestPlatform.CommandLine.Internal.ConsoleLogger., took 0 ms.
TpTrace Verbose: 0 : 2820, 4, 2026/07/20, 17:24:42.864, 364717387631, vstest.console.dll, MulticastDelegateUtilities.SafeInvoke: InternalTestLoggerEvents.SendTestResult: Invoking callback 1/1 for Microsoft.VisualStudio.TestPlatform.CommandLine.Internal.ConsoleLogger., took 0 ms.
TpTrace Verbose: 0 : 2820, 4, 2026/07/20, 17:24:42.864, 364717388143, vstest.console.dll, MulticastDelegateUtilities.SafeInvoke: InternalTestLoggerEvents.SendTestResult: Invoking callback 1/1 for Microsoft.VisualStudio.TestPlatform.CommandLine.Internal.ConsoleLogger., took 0 ms.
TpTrace Verbose: 0 : 2820, 13, 2026/07/20, 17:24:43.678, 364725531279, vstest.console.dll, TcpClientExtensions.MessageLoopAsync: NotifyDataAvailable remoteEndPoint: 127.0.0.1:55546 localEndPoint: 127.0.0.1:55545
TpTrace Verbose: 0 : 2820, 13, 2026/07/20, 17:24:43.679, 364725534729, vstest.console.dll, TestRequestSender.OnExecutionMessageReceived: Received message: {"Version":7,"MessageType":"TestExecution.StatsChange","Payload":{"NewTestResults":[{"TestCase":{"Id":"ac81dc60-bcc0-a7e1-7bd0-eb8c53bd4415","FullyQualifiedName":"SharpMind.Tests.Core.TensorOpsTests.Abs_NegativeValues","DisplayName":"SharpMind.Tests.Core.TensorOpsTests.Abs_NegativeValues","ExecutorUri":"executor://xunit/VsTestRunner3/netcore/","Source":"C:\\Integral2u\\source\\repos\\SharpMind\\SharpMind.Tests\\bin\\Debug\\net10.0\\SharpMind.Tests.dll","CodeFilePath":null,"LineNumber":0,"Properties":[{"Key":{"Id":"TestCase.ManagedMethod","Label":"ManagedMethod","Category":"","Description":"","Attributes":1,"ValueType":"System.String"},"Value":"Abs_NegativeValues"},{"Key":{"Id":"XunitTestCaseUniqueID","Label":"xUnit.net Test Case Unique ID","Category":"","Description":"","Attributes":0,"ValueType":"System.String"},"Value":"db4c78b723440f8a2cdd89a427cfe108ef66705b"},{"Key":{"Id":"XunitTestCaseExplicit","Label":"xUnit.net Test Case Explicit Flag","Category":"","Description":"","Attributes":0,"ValueType":"System.Boolean"},"Value":false},{"Key":{"Id":"TestCase.ManagedType","Label":"ManagedType","Category":"","Description":"","Attributes":1,"ValueType":"System.String"},"Value":"SharpMind.Tests.Core.TensorOpsTests"}]},"Attachments":[],"Outcome":1,"ErrorMessage":null,"ErrorStackTrace":null,"DisplayName":"SharpMind.Tests.Core.TensorOpsTests.Abs_NegativeValues","Messages":[],"ComputerName":"LAPTOP-MKMTSO1B","Duration":"00:00:00.0013379","StartTime":"2026-07-20T05:24:42.8619039+00:00","EndTime":"2026-07-20T05:24:42.8621309+00:00","Properties":[]},{"TestCase":{"Id":"09defdad-830e-eb8f-60a2-98db63da0292","FullyQualifiedName":"SharpMind.Tests.Core.TensorOpsTests.Clamp_ClampsToRange","DisplayName":"SharpMind.Tests.Core.TensorOpsTests.Clamp_ClampsToRange","ExecutorUri":"executor://xunit/VsTestRunner3/netcore/","Source":"C:\\Integral2u\\source\\repos\\SharpMind\\SharpMind.Tests\\bin\\Debug\\net10.0\\SharpMind.Tests.dll","CodeFilePath":null,"LineNumber":0,"Properties":[{"Key":{"Id":"TestCase.ManagedMethod","Label":"ManagedMethod","Category":"","Description":"","Attributes":1,"ValueType":"System.String"},"Value":"Clamp_ClampsToRange"},{"Key":{"Id":"XunitTestCaseUniqueID","Label":"xUnit.net Test Case Unique ID","Category":"","Description":"","Attributes":0,"ValueType":"System.String"},"Value":"fd6ecd77b247fe3a3c1d48acbf02f638b57bee13"},{"Key":{"Id":"XunitTestCaseExplicit","Label":"xUnit.net Test Case Explicit Flag","Category":"","Description":"","Attributes":0,"ValueType":"System.Boolean"},"Value":false},{"Key":{"Id":"TestCase.ManagedType","Label":"ManagedType","Category":"","Description":"","Attributes":1,"ValueType":"System.String"},"Value":"SharpMind.Tests.Core.TensorOpsTests"}]},"Attachments":[],"Outcome":1,"ErrorMessage":null,"ErrorStackTrace":null,"DisplayName":"SharpMind.Tests.Core.TensorOpsTests.Clamp_ClampsToRange","Messages":[],"ComputerName":"LAPTOP-MKMTSO1B","Duration":"00:00:00.0019372","StartTime":"2026-07-20T05:24:42.8653107+00:00","EndTime":"2026-07-20T05:24:42.8656432+00:00","Properties":[]},{"TestCase":{"Id":"e71b7b3a-7b4c-c762-9f7f-29443bdcff2e","FullyQualifiedName":"SharpMind.Tests.Core.ActivationTests.ActivationParity_ScalarMatchesAvx2_SwiGLU","DisplayName":"SharpMind.Tests.Core.ActivationTests.ActivationParity_ScalarMatchesAvx2_SwiGLU","ExecutorUri":"executor://xunit/VsTestRunner3/netcore/","Source":"C:\\Integral2u\\source\\repos\\SharpMind\\SharpMind.Tests\\bin\\Debug\\net10.0\\SharpMind.Tests.dll","CodeFilePath":null,"LineNumber":0,"Properties":[{"Key":{"Id":"TestCase.ManagedMethod","Label":"ManagedMethod","Category":"","Description":"","Attributes":1,"ValueType":"System.String"},"Value":"ActivationParity_ScalarMatchesAvx2_SwiGLU"},{"Key":{"Id":"XunitTestCaseUniqueID","Label":"xUnit.net Test Case Unique ID","Category":"","Description":"","Attributes":0,"ValueType":"System.String"},"Value":"0cc9ab984a6813430a43abb92c9bc070d6f86f9b"},{"Key":{"Id":"XunitTestCaseExplicit","Label":"xUnit.net Test Case Explicit Flag","Category":"","Description":"","Attributes":0,"ValueType":"System.Boolean"},"Value":false},{"Key":{"Id":"TestCase.ManagedType","Label":"ManagedType","Category":"","Description":"","Attributes":1,"ValueType":"System.String"},"Value":"SharpMind.Tests.Core.ActivationTests"}]},"Attachments":[],"Outcome":1,"ErrorMessage":null,"ErrorStackTrace":null,"DisplayName":"SharpMind.Tests.Core.ActivationTests.ActivationParity_ScalarMatchesAvx2_SwiGLU","Messages":[],"ComputerName":"LAPTOP-MKMTSO1B","Duration":"00:00:00.4338285","StartTime":"2026-07-20T05:24:42.8665247+00:00","EndTime":"2026-07-20T05:24:43.2986925+00:00","Properties":[]},{"TestCase":{"Id":"d85a3dec-a9fa-cd79-e05a-3072952d608c","FullyQualifiedName":"SharpMind.Tests.Core.ActivationTests.ActivationParity_ScalarMatchesAvx2_RMSNorm","DisplayName":"SharpMind.Tests.Core.ActivationTests.ActivationParity_ScalarMatchesAvx2_RMSNorm","ExecutorUri":"executor://xunit/VsTestRunner3/netcore/","Source":"C:\\Integral2u\\source\\repos\\SharpMind\\SharpMind.Tests\\bin\\Debug\\net10.0\\SharpMind.Tests.dll","CodeFilePath":null,"LineNumber":0,"Properties":[{"Key":{"Id":"TestCase.ManagedMethod","Label":"ManagedMethod","Category":"","Description":"","Attributes":1,"ValueType":"System.String"},"Value":"ActivationParity_ScalarMatchesAvx2_RMSNorm"},{"Key":{"Id":"XunitTestCaseUniqueID","Label":"xUnit.net Test Case Unique ID","Category":"","Description":"","Attributes":0,"ValueType":"System.String"},"Value":"119110a9ac65359b0fab688c4c18b9614118797c"},{"Key":{"Id":"XunitTestCaseExplicit","Label":"xUnit.net Test Case Explicit Flag","Category":"","Description":"","Attributes":0,"ValueType":"System.Boolean"},"Value":false},{"Key":{"Id":"TestCase.ManagedType","Label":"ManagedType","Category":"","Description":"","Attributes":1,"ValueType":"System.String"},"Value":"SharpMind.Tests.Core.ActivationTests"}]},"Attachments":[],"Outcome":1,"ErrorMessage":null,"ErrorStackTrace":null,"DisplayName":"SharpMind.Tests.Core.ActivationTests.ActivationParity_ScalarMatchesAvx2_RMSNorm","Messages":[],"ComputerName":"LAPTOP-MKMTSO1B","Duration":"00:00:00.1793242","StartTime":"2026-07-20T05:24:43.2995028+00:00","EndTime":"2026-07-20T05:24:43.4781801+00:00","Properties":[]},{"TestCase":{"Id":"5665ec4a-43ec-493b-feff-01930a0f8af4","FullyQualifiedName":"SharpMind.Tests.Core.ActivationTests.ActivationParity_ScalarMatchesAvx2_GeGLU","DisplayName":"SharpMind.Tests.Core.ActivationTests.ActivationParity_ScalarMatchesAvx2_GeGLU","ExecutorUri":"executor://xunit/VsTestRunner3/netcore/","Source":"C:\\Integral2u\\source\\repos\\SharpMind\\SharpMind.Tests\\bin\\Debug\\net10.0\\SharpMind.Tests.dll","CodeFilePath":null,"LineNumber":0,"Properties":[{"Key":{"Id":"TestCase.ManagedMethod","Label":"ManagedMethod","Category":"","Description":"","Attributes":1,"ValueType":"System.String"},"Value":"ActivationParity_ScalarMatchesAvx2_GeGLU"},{"Key":{"Id":"XunitTestCaseUniqueID","Label":"xUnit.net Test Case Unique ID","Category":"","Description":"","Attributes":0,"ValueType":"System.String"},"Value":"28395d6fa6cd1e71e1484ec03c8630562d8e85b6"},{"Key":{"Id":"XunitTestCaseExplicit","Label":"xUnit.net Test Case Explicit Flag","Category":"","Description":"","Attributes":0,"ValueType":"System.Boolean"},"Value":false},{"Key":{"Id":"TestCase.ManagedType","Label":"ManagedType","Category":"","Description":"","Attributes":1,"ValueType":"System.String"},"Value":"SharpMind.Tests.Core.ActivationTests"}]},"Attachments":[],"Outcome":1,"ErrorMessage":null,"ErrorStackTrace":null,"DisplayName":"SharpMind.Tests.Core.ActivationTests.ActivationParity_ScalarMatchesAvx2_GeGLU","Messages":[],"ComputerName":"LAPTOP-MKMTSO1B","Duration":"00:00:00.1867696","StartTime":"2026-07-20T05:24:43.4789967+00:00","EndTime":"2026-07-20T05:24:43.6651223+00:00","Properties":[]},{"TestCase":{"Id":"389919cc-8bf3-8b99-561c-34e92093a964","FullyQualifiedName":"SharpMind.Tests.Core.ActivationTests.SiLU_AlwaysGtNegativeHalf","DisplayName":"SharpMind.Tests.Core.ActivationTests.SiLU_AlwaysGtNegativeHalf","ExecutorUri":"executor://xunit/VsTestRunner3/netcore/","Source":"C:\\Integral2u\\source\\repos\\SharpMind\\SharpMind.Tests\\bin\\Debug\\net10.0\\SharpMind.Tests.dll","CodeFilePath":null,"LineNumber":0,"Properties":[{"Key":{"Id":"TestCase.ManagedMethod","Label":"ManagedMethod","Category":"","Description":"","Attributes":1,"ValueType":"System.String"},"Value":"SiLU_AlwaysGtNegativeHalf"},{"Key":{"Id":"XunitTestCaseUniqueID","Label":"xUnit.net Test Case Unique ID","Category":"","Description":"","Attributes":0,"ValueType":"System.String"},"Value":"2e94c0b6faa2627003b8e335050f3290b011c445"},{"Key":{"Id":"XunitTestCaseExplicit","Label":"xUnit.net Test Case Explicit Flag","Category":"","Description":"","Attributes":0,"ValueType":"System.Boolean"},"Value":false},{"Key":{"Id":"TestCase.ManagedType","Label":"ManagedType","Category":"","Description":"","Attributes":1,"ValueType":"System.String"},"Value":"SharpMind.Tests.Core.ActivationTests"}]},"Attachments":[],"Outcome":1,"ErrorMessage":null,"ErrorStackTrace":null,"DisplayName":"SharpMind.Tests.Core.ActivationTests.SiLU_AlwaysGtNegativeHalf","Messages":[],"ComputerName":"LAPTOP-MKMTSO1B","Duration":"00:00:00.0017864","StartTime":"2026-07-20T05:24:43.6659979+00:00","EndTime":"2026-07-20T05:24:43.6669637+00:00","Properties":[]},{"TestCase":{"Id":"7c75b070-cfb3-8863-d1f6-1245292746c7","FullyQualifiedName":"SharpMind.Tests.Core.ActivationTests.GELU_NegativeLarge_ApproachesZero","DisplayName":"SharpMind.Tests.Core.ActivationTests.GELU_NegativeLarge_ApproachesZero","ExecutorUri":"executor://xunit/VsTestRunner3/netcore/","Source":"C:\\Integral2u\\source\\repos\\SharpMind\\SharpMind.Tests\\bin\\Debug\\net10.0\\SharpMind.Tests.dll","CodeFilePath":null,"LineNumber":0,"Properties":[{"Key":{"Id":"TestCase.ManagedMethod","Label":"ManagedMethod","Category":"","Description":"","Attributes":1,"ValueType":"System.String"},"Value":"GELU_NegativeLarge_ApproachesZero"},{"Key":{"Id":"XunitTestCaseUniqueID","Label":"xUnit.net Test Case Unique ID","Category":"","Description":"","Attributes":0,"ValueType":"System.String"},"Value":"2fd71e1c2a0bb2158023188357020e83b625546b"},{"Key":{"Id":"XunitTestCaseExplicit","Label":"xUnit.net Test Case Explicit Flag","Category":"","Description":"","Attributes":0,"ValueType":"System.Boolean"},"Value":false},{"Key":{"Id":"TestCase.ManagedType","Label":"ManagedType","Category":"","Description":"","Attributes":1,"ValueType":"System.String"},"Value":"SharpMind.Tests.Core.ActivationTests"}]},"Attachments":[],"Outcome":1,"ErrorMessage":null,"ErrorStackTrace":null,"DisplayName":"SharpMind.Tests.Core.ActivationTests.GELU_NegativeLarge_ApproachesZero","Messages":[],"ComputerName":"LAPTOP-MKMTSO1B","Duration":"00:00:00.0039642","StartTime":"2026-07-20T05:24:43.6698634+00:00","EndTime":"2026-07-20T05:24:43.6710888+00:00","Properties":[]},{"TestCase":{"Id":"d9f9583b-d197-5140-7d0e-91c9e57df785","FullyQualifiedName":"SharpMind.Tests.Core.ActivationTests.ActivationParity_ScalarMatchesAvx2_GELU","DisplayName":"SharpMind.Tests.Core.ActivationTests.ActivationParity_ScalarMatchesAvx2_GELU","ExecutorUri":"executor://xunit/VsTestRunner3/netcore/","Source":"C:\\Integral2u\\source\\repos\\SharpMind\\SharpMind.Tests\\bin\\Debug\\net10.0\\SharpMind.Tests.dll","CodeFilePath":null,"LineNumber":0,"Properties":[{"Key":{"Id":"TestCase.ManagedMethod","Label":"ManagedMethod","Category":"","Description":"","Attributes":1,"ValueType":"System.String"},"Value":"ActivationParity_ScalarMatchesAvx2_GELU"},{"Key":{"Id":"XunitTestCaseUniqueID","Label":"xUnit.net Test Case Unique ID","Category":"","Description":"","Attributes":0,"ValueType":"System.String"},"Value":"3cea95efc4ca2fcd0e032809acfda69274a74339"},{"Key":{"Id":"XunitTestCaseExplicit","Label":"xUnit.net Test Case Explicit Flag","Category":"","Description":"","Attributes":0,"ValueType":"System.Boolean"},"Value":false},{"Key":{"Id":"TestCase.ManagedType","Label":"ManagedType","Category":"","Description":"","Attributes":1,"ValueType":"System.String"},"Value":"SharpMind.Tests.Core.ActivationTests"}]},"Attachments":[],"Outcome":1,"ErrorMessage":null,"ErrorStackTrace":null,"DisplayName":"SharpMind.Tests.Core.ActivationTests.ActivationParity_ScalarMatchesAvx2_GELU","Messages":[],"ComputerName":"LAPTOP-MKMTSO1B","Duration":"00:00:00.0022096","StartTime":"2026-07-20T05:24:43.6720958+00:00","EndTime":"2026-07-20T05:24:43.6740749+00:00","Properties":[]},{"TestCase":{"Id":"ac067db7-2585-590b-5745-f55424f3b40b","FullyQualifiedName":"SharpMind.Tests.Core.ActivationTests.GELU_Zero_ReturnsZero","DisplayName":"SharpMind.Tests.Core.ActivationTests.GELU_Zero_ReturnsZero","ExecutorUri":"executor://xunit/VsTestRunner3/netcore/","Source":"C:\\Integral2u\\source\\repos\\SharpMind\\SharpMind.Tests\\bin\\Debug\\net10.0\\SharpMind.Tests.dll","CodeFilePath":null,"LineNumber":0,"Properties":[{"Key":{"Id":"TestCase.ManagedMethod","Label":"ManagedMethod","Category":"","Description":"","Attributes":1,"ValueType":"System.String"},"Value":"GELU_Zero_ReturnsZero"},{"Key":{"Id":"XunitTestCaseUniqueID","Label":"xUnit.net Test Case Unique ID","Category":"","Description":"","Attributes":0,"ValueType":"System.String"},"Value":"479b323bc71cc2f48b18927d55370b3855ab0508"},{"Key":{"Id":"XunitTestCaseExplicit","Label":"xUnit.net Test Case Explicit Flag","Category":"","Description":"","Attributes":0,"ValueType":"System.Boolean"},"Value":false},{"Key":{"Id":"TestCase.ManagedType","Label":"ManagedType","Category":"","Description":"","Attributes":1,"ValueType":"System.String"},"Value":"SharpMind.Tests.Core.ActivationTests"}]},"Attachments":[],"Outcome":1,"ErrorMessage":null,"ErrorStackTrace":null,"DisplayName":"SharpMind.Tests.Core.ActivationTests.GELU_Zero_ReturnsZero","Messages":[],"ComputerName":"LAPTOP-MKMTSO1B","Duration":"00:00:00.0011310","StartTime":"2026-07-20T05:24:43.6749106+00:00","EndTime":"2026-07-20T05:24:43.6754597+00:00","Properties":[]}],"TestRunStatistics":{"ExecutedTests":295,"Stats":{"Passed":295}},"ActiveTests":[{"Id":"b2ea43a7-8696-f9ec-e1f9-8e8d61da150f","FullyQualifiedName":"SharpMind.Tests.Core.ActivationTests.ActivationParity_ScalarMatchesAvx2_SiLU","DisplayName":"SharpMind.Tests.Core.ActivationTests.ActivationParity_ScalarMatchesAvx2_SiLU","ExecutorUri":"executor://xunit/VsTestRunner3/netcore/","Source":"C:\\Integral2u\\source\\repos\\SharpMind\\SharpMind.Tests\\bin\\Debug\\net10.0\\SharpMind.Tests.dll","CodeFilePath":null,"LineNumber":0,"Properties":[{"Key":{"Id":"TestCase.ManagedMethod","Label":"ManagedMethod","Category":"","Description":"","Attributes":1,"ValueType":"System.String"},"Value":"ActivationParity_ScalarMatchesAvx2_SiLU"},{"Key":{"Id":"XunitTestCaseUniqueID","Label":"xUnit.net Test Case Unique ID","Category":"","Description":"","Attributes":0,"ValueType":"System.String"},"Value":"66c59bcaa5cec2a97c3a8fa1576f6fd2ffb44bc8"},{"Key":{"Id":"XunitTestCaseExplicit","Label":"xUnit.net Test Case Explicit Flag","Category":"","Description":"","Attributes":0,"ValueType":"System.Boolean"},"Value":false},{"Key":{"Id":"TestCase.ManagedType","Label":"ManagedType","Category":"","Description":"","Attributes":1,"ValueType":"System.String"},"Value":"SharpMind.Tests.Core.ActivationTests"}]}]}}
TpTrace Verbose: 0 : 2820, 13, 2026/07/20, 17:24:43.681, 364725563416, vstest.console.dll, TestRunRequest:SendTestRunStatsChange: Starting.
TpTrace Verbose: 0 : 2820, 13, 2026/07/20, 17:24:43.682, 364725564736, vstest.console.dll, InProgress is SharpMind.Tests.Core.ActivationTests.ActivationParity_ScalarMatchesAvx2_SiLU
TpTrace Verbose: 0 : 2820, 13, 2026/07/20, 17:24:43.682, 364725565635, vstest.console.dll, MulticastDelegateUtilities.SafeInvoke: TestRun.RunStatsChanged: Invoking callbacks was skipped because there are no subscribers.
TpTrace Verbose: 0 : 2820, 4, 2026/07/20, 17:24:43.682, 364725566153, vstest.console.dll, MulticastDelegateUtilities.SafeInvoke: InternalTestLoggerEvents.SendTestResult: Invoking callback 1/1 for Microsoft.VisualStudio.TestPlatform.CommandLine.Internal.ConsoleLogger., took 0 ms.
TpTrace Information: 0 : 2820, 13, 2026/07/20, 17:24:43.682, 364725566255, vstest.console.dll, TestRunRequest:SendTestRunStatsChange: Completed.
TpTrace Verbose: 0 : 2820, 4, 2026/07/20, 17:24:43.682, 364725567207, vstest.console.dll, MulticastDelegateUtilities.SafeInvoke: InternalTestLoggerEvents.SendTestResult: Invoking callback 1/1 for Microsoft.VisualStudio.TestPlatform.CommandLine.Internal.ConsoleLogger., took 0 ms.
TpTrace Verbose: 0 : 2820, 13, 2026/07/20, 17:24:43.682, 364725567855, vstest.console.dll, MulticastDelegateUtilities.SafeInvoke: LengthPrefixCommunicationChannel: MessageReceived: Invoking callback 1/1 for Microsoft.VisualStudio.TestPlatform.CommunicationUtilities.TestRequestSender+<>c__DisplayClass34_0., took 3 ms.
TpTrace Verbose: 0 : 2820, 4, 2026/07/20, 17:24:43.682, 364725568507, vstest.console.dll, MulticastDelegateUtilities.SafeInvoke: InternalTestLoggerEvents.SendTestResult: Invoking callback 1/1 for Microsoft.VisualStudio.TestPlatform.CommandLine.Internal.ConsoleLogger., took 0 ms.
TpTrace Verbose: 0 : 2820, 13, 2026/07/20, 17:24:43.682, 364725569004, vstest.console.dll, TcpClientExtensions.MessageLoopAsync: Polling on remoteEndPoint: 127.0.0.1:55546 localEndPoint: 127.0.0.1:55545 after 818 ms
TpTrace Verbose: 0 : 2820, 4, 2026/07/20, 17:24:43.682, 364725569730, vstest.console.dll, MulticastDelegateUtilities.SafeInvoke: InternalTestLoggerEvents.SendTestResult: Invoking callback 1/1 for Microsoft.VisualStudio.TestPlatform.CommandLine.Internal.ConsoleLogger., took 0 ms.
TpTrace Verbose: 0 : 2820, 4, 2026/07/20, 17:24:43.682, 364725570890, vstest.console.dll, MulticastDelegateUtilities.SafeInvoke: InternalTestLoggerEvents.SendTestResult: Invoking callback 1/1 for Microsoft.VisualStudio.TestPlatform.CommandLine.Internal.ConsoleLogger., took 0 ms.
TpTrace Verbose: 0 : 2820, 4, 2026/07/20, 17:24:43.682, 364725571452, vstest.console.dll, MulticastDelegateUtilities.SafeInvoke: InternalTestLoggerEvents.SendTestResult: Invoking callback 1/1 for Microsoft.VisualStudio.TestPlatform.CommandLine.Internal.ConsoleLogger., took 0 ms.
TpTrace Verbose: 0 : 2820, 4, 2026/07/20, 17:24:43.682, 364725572006, vstest.console.dll, MulticastDelegateUtilities.SafeInvoke: InternalTestLoggerEvents.SendTestResult: Invoking callback 1/1 for Microsoft.VisualStudio.TestPlatform.CommandLine.Internal.ConsoleLogger., took 0 ms.
TpTrace Verbose: 0 : 2820, 4, 2026/07/20, 17:24:43.682, 364725572525, vstest.console.dll, MulticastDelegateUtilities.SafeInvoke: InternalTestLoggerEvents.SendTestResult: Invoking callback 1/1 for Microsoft.VisualStudio.TestPlatform.CommandLine.Internal.ConsoleLogger., took 0 ms.
TpTrace Verbose: 0 : 2820, 4, 2026/07/20, 17:24:43.682, 364725573048, vstest.console.dll, MulticastDelegateUtilities.SafeInvoke: InternalTestLoggerEvents.SendTestResult: Invoking callback 1/1 for Microsoft.VisualStudio.TestPlatform.CommandLine.Internal.ConsoleLogger., took 0 ms.
TpTrace Verbose: 0 : 2820, 13, 2026/07/20, 17:24:43.700, 364725750517, vstest.console.dll, TcpClientExtensions.MessageLoopAsync: NotifyDataAvailable remoteEndPoint: 127.0.0.1:55546 localEndPoint: 127.0.0.1:55545
TpTrace Verbose: 0 : 2820, 13, 2026/07/20, 17:24:43.701, 364725755174, vstest.console.dll, TestRequestSender.OnExecutionMessageReceived: Received message: {"Version":7,"MessageType":"TestExecution.StatsChange","Payload":{"NewTestResults":[{"TestCase":{"Id":"b2ea43a7-8696-f9ec-e1f9-8e8d61da150f","FullyQualifiedName":"SharpMind.Tests.Core.ActivationTests.ActivationParity_ScalarMatchesAvx2_SiLU","DisplayName":"SharpMind.Tests.Core.ActivationTests.ActivationParity_ScalarMatchesAvx2_SiLU","ExecutorUri":"executor://xunit/VsTestRunner3/netcore/","Source":"C:\\Integral2u\\source\\repos\\SharpMind\\SharpMind.Tests\\bin\\Debug\\net10.0\\SharpMind.Tests.dll","CodeFilePath":null,"LineNumber":0,"Properties":[{"Key":{"Id":"TestCase.ManagedMethod","Label":"ManagedMethod","Category":"","Description":"","Attributes":1,"ValueType":"System.String"},"Value":"ActivationParity_ScalarMatchesAvx2_SiLU"},{"Key":{"Id":"XunitTestCaseUniqueID","Label":"xUnit.net Test Case Unique ID","Category":"","Description":"","Attributes":0,"ValueType":"System.String"},"Value":"66c59bcaa5cec2a97c3a8fa1576f6fd2ffb44bc8"},{"Key":{"Id":"XunitTestCaseExplicit","Label":"xUnit.net Test Case Explicit Flag","Category":"","Description":"","Attributes":0,"ValueType":"System.Boolean"},"Value":false},{"Key":{"Id":"TestCase.ManagedType","Label":"ManagedType","Category":"","Description":"","Attributes":1,"ValueType":"System.String"},"Value":"SharpMind.Tests.Core.ActivationTests"}]},"Attachments":[],"Outcome":1,"ErrorMessage":null,"ErrorStackTrace":null,"DisplayName":"SharpMind.Tests.Core.ActivationTests.ActivationParity_ScalarMatchesAvx2_SiLU","Messages":[],"ComputerName":"LAPTOP-MKMTSO1B","Duration":"00:00:00.0020592","StartTime":"2026-07-20T05:24:43.6789139+00:00","EndTime":"2026-07-20T05:24:43.6790536+00:00","Properties":[]},{"TestCase":{"Id":"bb63b2ee-961a-60c1-fa18-2e7b25364b79","FullyQualifiedName":"SharpMind.Tests.Core.ActivationTests.GELU_PositiveLarge_ApproachesIdentity","DisplayName":"SharpMind.Tests.Core.ActivationTests.GELU_PositiveLarge_ApproachesIdentity","ExecutorUri":"executor://xunit/VsTestRunner3/netcore/","Source":"C:\\Integral2u\\source\\repos\\SharpMind\\SharpMind.Tests\\bin\\Debug\\net10.0\\SharpMind.Tests.dll","CodeFilePath":null,"LineNumber":0,"Properties":[{"Key":{"Id":"TestCase.ManagedMethod","Label":"ManagedMethod","Category":"","Description":"","Attributes":1,"ValueType":"System.String"},"Value":"GELU_PositiveLarge_ApproachesIdentity"},{"Key":{"Id":"XunitTestCaseUniqueID","Label":"xUnit.net Test Case Unique ID","Category":"","Description":"","Attributes":0,"ValueType":"System.String"},"Value":"6780e37d394d37ab615984d7ea8a75bfd579d79e"},{"Key":{"Id":"XunitTestCaseExplicit","Label":"xUnit.net Test Case Explicit Flag","Category":"","Description":"","Attributes":0,"ValueType":"System.Boolean"},"Value":false},{"Key":{"Id":"TestCase.ManagedType","Label":"ManagedType","Category":"","Description":"","Attributes":1,"ValueType":"System.String"},"Value":"SharpMind.Tests.Core.ActivationTests"}]},"Attachments":[],"Outcome":1,"ErrorMessage":null,"ErrorStackTrace":null,"DisplayName":"SharpMind.Tests.Core.ActivationTests.GELU_PositiveLarge_ApproachesIdentity","Messages":[],"ComputerName":"LAPTOP-MKMTSO1B","Duration":"00:00:00.0008531","StartTime":"2026-07-20T05:24:43.6799109+00:00","EndTime":"2026-07-20T05:24:43.6800606+00:00","Properties":[]},{"TestCase":{"Id":"eaa61558-2b26-2529-3400-5f734bc6df65","FullyQualifiedName":"SharpMind.Tests.Core.ActivationTests.Softmax_2D_AppliedRowWise","DisplayName":"SharpMind.Tests.Core.ActivationTests.Softmax_2D_AppliedRowWise","ExecutorUri":"executor://xunit/VsTestRunner3/netcore/","Source":"C:\\Integral2u\\source\\repos\\SharpMind\\SharpMind.Tests\\bin\\Debug\\net10.0\\SharpMind.Tests.dll","CodeFilePath":null,"LineNumber":0,"Properties":[{"Key":{"Id":"TestCase.ManagedMethod","Label":"ManagedMethod","Category":"","Description":"","Attributes":1,"ValueType":"System.String"},"Value":"Softmax_2D_AppliedRowWise"},{"Key":{"Id":"XunitTestCaseUniqueID","Label":"xUnit.net Test Case Unique ID","Category":"","Description":"","Attributes":0,"ValueType":"System.String"},"Value":"71704f5e44c4f20d143e7266c2928f01ce6a770b"},{"Key":{"Id":"XunitTestCaseExplicit","Label":"xUnit.net Test Case Explicit Flag","Category":"","Description":"","Attributes":0,"ValueType":"System.Boolean"},"Value":false},{"Key":{"Id":"TestCase.ManagedType","Label":"ManagedType","Category":"","Description":"","Attributes":1,"ValueType":"System.String"},"Value":"SharpMind.Tests.Core.ActivationTests"}]},"Attachments":[],"Outcome":1,"ErrorMessage":null,"ErrorStackTrace":null,"DisplayName":"SharpMind.Tests.Core.ActivationTests.Softmax_2D_AppliedRowWise","Messages":[],"ComputerName":"LAPTOP-MKMTSO1B","Duration":"00:00:00.0013799","StartTime":"2026-07-20T05:24:43.6807254+00:00","EndTime":"2026-07-20T05:24:43.6808457+00:00","Properties":[]},{"TestCase":{"Id":"2368c636-353c-cd4e-92b9-05f32c20a373","FullyQualifiedName":"SharpMind.Tests.Core.ActivationTests.Softmax_SumsToOne","DisplayName":"SharpMind.Tests.Core.ActivationTests.Softmax_SumsToOne","ExecutorUri":"executor://xunit/VsTestRunner3/netcore/","Source":"C:\\Integral2u\\source\\repos\\SharpMind\\SharpMind.Tests\\bin\\Debug\\net10.0\\SharpMind.Tests.dll","CodeFilePath":null,"LineNumber":0,"Properties":[{"Key":{"Id":"TestCase.ManagedMethod","Label":"ManagedMethod","Category":"","Description":"","Attributes":1,"ValueType":"System.String"},"Value":"Softmax_SumsToOne"},{"Key":{"Id":"XunitTestCaseUniqueID","Label":"xUnit.net Test Case Unique ID","Category":"","Description":"","Attributes":0,"ValueType":"System.String"},"Value":"78acde88d83b0c09487707338d0e545176e8ccd0"},{"Key":{"Id":"XunitTestCaseExplicit","Label":"xUnit.net Test Case Explicit Flag","Category":"","Description":"","Attributes":0,"ValueType":"System.Boolean"},"Value":false},{"Key":{"Id":"TestCase.ManagedType","Label":"ManagedType","Category":"","Description":"","Attributes":1,"ValueType":"System.String"},"Value":"SharpMind.Tests.Core.ActivationTests"}]},"Attachments":[],"Outcome":1,"ErrorMessage":null,"ErrorStackTrace":null,"DisplayName":"SharpMind.Tests.Core.ActivationTests.Softmax_SumsToOne","Messages":[],"ComputerName":"LAPTOP-MKMTSO1B","Duration":"00:00:00.0007208","StartTime":"2026-07-20T05:24:43.6839417+00:00","EndTime":"2026-07-20T05:24:43.6867158+00:00","Properties":[]},{"TestCase":{"Id":"9a6f68ac-c22b-5674-06d9-3821857e4a81","FullyQualifiedName":"SharpMind.Tests.Core.ActivationTests.RMSNorm_UnitWeights_NormalisesInput","DisplayName":"SharpMind.Tests.Core.ActivationTests.RMSNorm_UnitWeights_NormalisesInput","ExecutorUri":"executor://xunit/VsTestRunner3/netcore/","Source":"C:\\Integral2u\\source\\repos\\SharpMind\\SharpMind.Tests\\bin\\Debug\\net10.0\\SharpMind.Tests.dll","CodeFilePath":null,"LineNumber":0,"Properties":[{"Key":{"Id":"TestCase.ManagedMethod","Label":"ManagedMethod","Category":"","Description":"","Attributes":1,"ValueType":"System.String"},"Value":"RMSNorm_UnitWeights_NormalisesInput"},{"Key":{"Id":"XunitTestCaseUniqueID","Label":"xUnit.net Test Case Unique ID","Category":"","Description":"","Attributes":0,"ValueType":"System.String"},"Value":"89ab50696d20b0f45f868eb39709bd517182e784"},{"Key":{"Id":"XunitTestCaseExplicit","Label":"xUnit.net Test Case Explicit Flag","Category":"","Description":"","Attributes":0,"ValueType":"System.Boolean"},"Value":false},{"Key":{"Id":"TestCase.ManagedType","Label":"ManagedType","Category":"","Description":"","Attributes":1,"ValueType":"System.String"},"Value":"SharpMind.Tests.Core.ActivationTests"}]},"Attachments":[],"Outcome":1,"ErrorMessage":null,"ErrorStackTrace":null,"DisplayName":"SharpMind.Tests.Core.ActivationTests.RMSNorm_UnitWeights_NormalisesInput","Messages":[],"ComputerName":"LAPTOP-MKMTSO1B","Duration":"00:00:00.0095436","StartTime":"2026-07-20T05:24:43.6882095+00:00","EndTime":"2026-07-20T05:24:43.6906826+00:00","Properties":[]},{"TestCase":{"Id":"dd764530-aa6e-12b5-6bd9-c759c105a55f","FullyQualifiedName":"SharpMind.Tests.Core.ActivationTests.Softmax_MonotonicallyOrdered","DisplayName":"SharpMind.Tests.Core.ActivationTests.Softmax_MonotonicallyOrdered","ExecutorUri":"executor://xunit/VsTestRunner3/netcore/","Source":"C:\\Integral2u\\source\\repos\\SharpMind\\SharpMind.Tests\\bin\\Debug\\net10.0\\SharpMind.Tests.dll","CodeFilePath":null,"LineNumber":0,"Properties":[{"Key":{"Id":"TestCase.ManagedMethod","Label":"ManagedMethod","Category":"","Description":"","Attributes":1,"ValueType":"System.String"},"Value":"Softmax_MonotonicallyOrdered"},{"Key":{"Id":"XunitTestCaseUniqueID","Label":"xUnit.net Test Case Unique ID","Category":"","Description":"","Attributes":0,"ValueType":"System.String"},"Value":"93027bde71676f7292a34389978e0695e89ccb39"},{"Key":{"Id":"XunitTestCaseExplicit","Label":"xUnit.net Test Case Explicit Flag","Category":"","Description":"","Attributes":0,"ValueType":"System.Boolean"},"Value":false},{"Key":{"Id":"TestCase.ManagedType","Label":"ManagedType","Category":"","Description":"","Attributes":1,"ValueType":"System.String"},"Value":"SharpMind.Tests.Core.ActivationTests"}]},"Attachments":[],"Outcome":1,"ErrorMessage":null,"ErrorStackTrace":null,"DisplayName":"SharpMind.Tests.Core.ActivationTests.Softmax_MonotonicallyOrdered","Messages":[],"ComputerName":"LAPTOP-MKMTSO1B","Duration":"00:00:00.0008431","StartTime":"2026-07-20T05:24:43.6914478+00:00","EndTime":"2026-07-20T05:24:43.6915958+00:00","Properties":[]},{"TestCase":{"Id":"4f88785c-bf50-b7d9-0f60-0c0dc7c63f96","FullyQualifiedName":"SharpMind.Tests.Core.ActivationTests.RMSNorm_WeightScales","DisplayName":"SharpMind.Tests.Core.ActivationTests.RMSNorm_WeightScales","ExecutorUri":"executor://xunit/VsTestRunner3/netcore/","Source":"C:\\Integral2u\\source\\repos\\SharpMind\\SharpMind.Tests\\bin\\Debug\\net10.0\\SharpMind.Tests.dll","CodeFilePath":null,"LineNumber":0,"Properties":[{"Key":{"Id":"TestCase.ManagedMethod","Label":"ManagedMethod","Category":"","Description":"","Attributes":1,"ValueType":"System.String"},"Value":"RMSNorm_WeightScales"},{"Key":{"Id":"XunitTestCaseUniqueID","Label":"xUnit.net Test Case Unique ID","Category":"","Description":"","Attributes":0,"ValueType":"System.String"},"Value":"93b8359fcc03c333bc8051a39ea06c4c3bd632b1"},{"Key":{"Id":"XunitTestCaseExplicit","Label":"xUnit.net Test Case Explicit Flag","Category":"","Description":"","Attributes":0,"ValueType":"System.Boolean"},"Value":false},{"Key":{"Id":"TestCase.ManagedType","Label":"ManagedType","Category":"","Description":"","Attributes":1,"ValueType":"System.String"},"Value":"SharpMind.Tests.Core.ActivationTests"}]},"Attachments":[],"Outcome":1,"ErrorMessage":null,"ErrorStackTrace":null,"DisplayName":"SharpMind.Tests.Core.ActivationTests.RMSNorm_WeightScales","Messages":[],"ComputerName":"LAPTOP-MKMTSO1B","Duration":"00:00:00.0011589","StartTime":"2026-07-20T05:24:43.69222+00:00","EndTime":"2026-07-20T05:24:43.6928674+00:00","Properties":[]},{"TestCase":{"Id":"cad85664-65d3-e686-8acf-22547fd79e14","FullyQualifiedName":"SharpMind.Tests.Core.ActivationTests.SiLU_Zero_ReturnsZero","DisplayName":"SharpMind.Tests.Core.ActivationTests.SiLU_Zero_ReturnsZero","ExecutorUri":"executor://xunit/VsTestRunner3/netcore/","Source":"C:\\Integral2u\\source\\repos\\SharpMind\\SharpMind.Tests\\bin\\Debug\\net10.0\\SharpMind.Tests.dll","CodeFilePath":null,"LineNumber":0,"Properties":[{"Key":{"Id":"TestCase.ManagedMethod","Label":"ManagedMethod","Category":"","Description":"","Attributes":1,"ValueType":"System.String"},"Value":"SiLU_Zero_ReturnsZero"},{"Key":{"Id":"XunitTestCaseUniqueID","Label":"xUnit.net Test Case Unique ID","Category":"","Description":"","Attributes":0,"ValueType":"System.String"},"Value":"a9a5611c4c6839e531e75c58df9844063f788690"},{"Key":{"Id":"XunitTestCaseExplicit","Label":"xUnit.net Test Case Explicit Flag","Category":"","Description":"","Attributes":0,"ValueType":"System.Boolean"},"Value":false},{"Key":{"Id":"TestCase.ManagedType","Label":"ManagedType","Category":"","Description":"","Attributes":1,"ValueType":"System.String"},"Value":"SharpMind.Tests.Core.ActivationTests"}]},"Attachments":[],"Outcome":1,"ErrorMessage":null,"ErrorStackTrace":null,"DisplayName":"SharpMind.Tests.Core.ActivationTests.SiLU_Zero_ReturnsZero","Messages":[],"ComputerName":"LAPTOP-MKMTSO1B","Duration":"00:00:00.0013917","StartTime":"2026-07-20T05:24:43.6937468+00:00","EndTime":"2026-07-20T05:24:43.6944059+00:00","Properties":[]},{"TestCase":{"Id":"e7e521f4-25be-d651-701d-01c02b6b3a94","FullyQualifiedName":"SharpMind.Tests.Core.ActivationTests.SwiGLU_ZeroGate_ZeroOutput","DisplayName":"SharpMind.Tests.Core.ActivationTests.SwiGLU_ZeroGate_ZeroOutput","ExecutorUri":"executor://xunit/VsTestRunner3/netcore/","Source":"C:\\Integral2u\\source\\repos\\SharpMind\\SharpMind.Tests\\bin\\Debug\\net10.0\\SharpMind.Tests.dll","CodeFilePath":null,"LineNumber":0,"Properties":[{"Key":{"Id":"TestCase.ManagedMethod","Label":"ManagedMethod","Category":"","Description":"","Attributes":1,"ValueType":"System.String"},"Value":"SwiGLU_ZeroGate_ZeroOutput"},{"Key":{"Id":"XunitTestCaseUniqueID","Label":"xUnit.net Test Case Unique ID","Category":"","Description":"","Attributes":0,"ValueType":"System.String"},"Value":"adfb7a40734633f7470bede31a2ab019a9595b4a"},{"Key":{"Id":"XunitTestCaseExplicit","Label":"xUnit.net Test Case Explicit Flag","Category":"","Description":"","Attributes":0,"ValueType":"System.Boolean"},"Value":false},{"Key":{"Id":"TestCase.ManagedType","Label":"ManagedType","Category":"","Description":"","Attributes":1,"ValueType":"System.String"},"Value":"SharpMind.Tests.Core.ActivationTests"}]},"Attachments":[],"Outcome":1,"ErrorMessage":null,"ErrorStackTrace":null,"DisplayName":"SharpMind.Tests.Core.ActivationTests.SwiGLU_ZeroGate_ZeroOutput","Messages":[],"ComputerName":"LAPTOP-MKMTSO1B","Duration":"00:00:00.0025961","StartTime":"2026-07-20T05:24:43.6953839+00:00","EndTime":"2026-07-20T05:24:43.6972051+00:00","Properties":[]}],"TestRunStatistics":{"ExecutedTests":304,"Stats":{"Passed":304}},"ActiveTests":[{"Id":"15542401-5826-f496-13d2-5a876a6b44e5","FullyQualifiedName":"SharpMind.Tests.Core.ActivationTests.SwiGLU_PositiveGate_ScalesUp","DisplayName":"SharpMind.Tests.Core.ActivationTests.SwiGLU_PositiveGate_ScalesUp","ExecutorUri":"executor://xunit/VsTestRunner3/netcore/","Source":"C:\\Integral2u\\source\\repos\\SharpMind\\SharpMind.Tests\\bin\\Debug\\net10.0\\SharpMind.Tests.dll","CodeFilePath":null,"LineNumber":0,"Properties":[{"Key":{"Id":"TestCase.ManagedMethod","Label":"ManagedMethod","Category":"","Description":"","Attributes":1,"ValueType":"System.String"},"Value":"SwiGLU_PositiveGate_ScalesUp"},{"Key":{"Id":"XunitTestCaseUniqueID","Label":"xUnit.net Test Case Unique ID","Category":"","Description":"","Attributes":0,"ValueType":"System.String"},"Value":"cc7271232e89f08247dfa69e0cdea86672c0fb74"},{"Key":{"Id":"XunitTestCaseExplicit","Label":"xUnit.net Test Case Explicit Flag","Category":"","Description":"","Attributes":0,"ValueType":"System.Boolean"},"Value":false},{"Key":{"Id":"TestCase.ManagedType","Label":"ManagedType","Category":"","Description":"","Attributes":1,"ValueType":"System.String"},"Value":"SharpMind.Tests.Core.ActivationTests"}]}]}}
TpTrace Verbose: 0 : 2820, 13, 2026/07/20, 17:24:43.704, 364725785303, vstest.console.dll, TestRunRequest:SendTestRunStatsChange: Starting.
TpTrace Verbose: 0 : 2820, 13, 2026/07/20, 17:24:43.704, 364725786749, vstest.console.dll, InProgress is SharpMind.Tests.Core.ActivationTests.SwiGLU_PositiveGate_ScalesUp
TpTrace Verbose: 0 : 2820, 13, 2026/07/20, 17:24:43.704, 364725787501, vstest.console.dll, MulticastDelegateUtilities.SafeInvoke: TestRun.RunStatsChanged: Invoking callbacks was skipped because there are no subscribers.
TpTrace Information: 0 : 2820, 13, 2026/07/20, 17:24:43.704, 364725788086, vstest.console.dll, TestRunRequest:SendTestRunStatsChange: Completed.
TpTrace Verbose: 0 : 2820, 13, 2026/07/20, 17:24:43.704, 364725788651, vstest.console.dll, MulticastDelegateUtilities.SafeInvoke: LengthPrefixCommunicationChannel: MessageReceived: Invoking callback 1/1 for Microsoft.VisualStudio.TestPlatform.CommunicationUtilities.TestRequestSender+<>c__DisplayClass34_0., took 3 ms.
TpTrace Verbose: 0 : 2820, 13, 2026/07/20, 17:24:43.704, 364725789170, vstest.console.dll, TcpClientExtensions.MessageLoopAsync: Polling on remoteEndPoint: 127.0.0.1:55546 localEndPoint: 127.0.0.1:55545 after 21 ms
TpTrace Verbose: 0 : 2820, 4, 2026/07/20, 17:24:43.704, 364725790447, vstest.console.dll, MulticastDelegateUtilities.SafeInvoke: InternalTestLoggerEvents.SendTestResult: Invoking callback 1/1 for Microsoft.VisualStudio.TestPlatform.CommandLine.Internal.ConsoleLogger., took 0 ms.
TpTrace Verbose: 0 : 2820, 4, 2026/07/20, 17:24:43.704, 364725794051, vstest.console.dll, MulticastDelegateUtilities.SafeInvoke: InternalTestLoggerEvents.SendTestResult: Invoking callback 1/1 for Microsoft.VisualStudio.TestPlatform.CommandLine.Internal.ConsoleLogger., took 0 ms.
TpTrace Verbose: 0 : 2820, 4, 2026/07/20, 17:24:43.705, 364725794945, vstest.console.dll, MulticastDelegateUtilities.SafeInvoke: InternalTestLoggerEvents.SendTestResult: Invoking callback 1/1 for Microsoft.VisualStudio.TestPlatform.CommandLine.Internal.ConsoleLogger., took 0 ms.
TpTrace Verbose: 0 : 2820, 4, 2026/07/20, 17:24:43.705, 364725796136, vstest.console.dll, MulticastDelegateUtilities.SafeInvoke: InternalTestLoggerEvents.SendTestResult: Invoking callback 1/1 for Microsoft.VisualStudio.TestPlatform.CommandLine.Internal.ConsoleLogger., took 0 ms.
TpTrace Verbose: 0 : 2820, 4, 2026/07/20, 17:24:43.705, 364725796836, vstest.console.dll, MulticastDelegateUtilities.SafeInvoke: InternalTestLoggerEvents.SendTestResult: Invoking callback 1/1 for Microsoft.VisualStudio.TestPlatform.CommandLine.Internal.ConsoleLogger., took 0 ms.
TpTrace Verbose: 0 : 2820, 4, 2026/07/20, 17:24:43.705, 364725797405, vstest.console.dll, MulticastDelegateUtilities.SafeInvoke: InternalTestLoggerEvents.SendTestResult: Invoking callback 1/1 for Microsoft.VisualStudio.TestPlatform.CommandLine.Internal.ConsoleLogger., took 0 ms.
TpTrace Verbose: 0 : 2820, 4, 2026/07/20, 17:24:43.705, 364725798010, vstest.console.dll, MulticastDelegateUtilities.SafeInvoke: InternalTestLoggerEvents.SendTestResult: Invoking callback 1/1 for Microsoft.VisualStudio.TestPlatform.CommandLine.Internal.ConsoleLogger., took 0 ms.
TpTrace Verbose: 0 : 2820, 4, 2026/07/20, 17:24:43.705, 364725799646, vstest.console.dll, MulticastDelegateUtilities.SafeInvoke: InternalTestLoggerEvents.SendTestResult: Invoking callback 1/1 for Microsoft.VisualStudio.TestPlatform.CommandLine.Internal.ConsoleLogger., took 0 ms.
TpTrace Verbose: 0 : 2820, 4, 2026/07/20, 17:24:43.705, 364725800265, vstest.console.dll, MulticastDelegateUtilities.SafeInvoke: InternalTestLoggerEvents.SendTestResult: Invoking callback 1/1 for Microsoft.VisualStudio.TestPlatform.CommandLine.Internal.ConsoleLogger., took 0 ms.
TpTrace Verbose: 0 : 2820, 13, 2026/07/20, 17:24:43.713, 364725879708, vstest.console.dll, TcpClientExtensions.MessageLoopAsync: NotifyDataAvailable remoteEndPoint: 127.0.0.1:55546 localEndPoint: 127.0.0.1:55545
TpTrace Verbose: 0 : 2820, 13, 2026/07/20, 17:24:43.713, 364725881289, vstest.console.dll, TestRequestSender.OnExecutionMessageReceived: Received message: {"Version":7,"MessageType":"TestSession.Message","Payload":{"MessageLevel":0,"Message":"[xUnit.net 00:00:21.40]   Finished:    SharpMind.Tests"}}
TpTrace Verbose: 0 : 2820, 13, 2026/07/20, 17:24:43.713, 364725882495, vstest.console.dll, TestRunRequest:SendTestRunMessage: Starting.
TpTrace Verbose: 0 : 2820, 13, 2026/07/20, 17:24:43.713, 364725883503, vstest.console.dll, MulticastDelegateUtilities.SafeInvoke: TestRun.LogMessages: Invoking callback 1/1 for Microsoft.VisualStudio.TestPlatform.CommandLine.TestRunResultAggregator., took 0 ms.
TpTrace Verbose: 0 : 2820, 4, 2026/07/20, 17:24:43.713, 364725883675, vstest.console.dll, MulticastDelegateUtilities.SafeInvoke: InternalTestLoggerEvents.SendTestRunMessage: Invoking callback 1/1 for Microsoft.VisualStudio.TestPlatform.CommandLine.Internal.ConsoleLogger., took 0 ms.
TpTrace Information: 0 : 2820, 13, 2026/07/20, 17:24:43.713, 364725884117, vstest.console.dll, TestRunRequest:SendTestRunMessage: Completed.
TpTrace Verbose: 0 : 2820, 13, 2026/07/20, 17:24:43.714, 364725885490, vstest.console.dll, MulticastDelegateUtilities.SafeInvoke: LengthPrefixCommunicationChannel: MessageReceived: Invoking callback 1/1 for Microsoft.VisualStudio.TestPlatform.CommunicationUtilities.TestRequestSender+<>c__DisplayClass34_0., took 0 ms.
TpTrace Verbose: 0 : 2820, 13, 2026/07/20, 17:24:43.714, 364725886066, vstest.console.dll, TcpClientExtensions.MessageLoopAsync: Polling on remoteEndPoint: 127.0.0.1:55546 localEndPoint: 127.0.0.1:55545 after 9 ms
TpTrace Verbose: 0 : 2820, 13, 2026/07/20, 17:24:43.763, 364726374243, vstest.console.dll, TcpClientExtensions.MessageLoopAsync: NotifyDataAvailable remoteEndPoint: 127.0.0.1:55546 localEndPoint: 127.0.0.1:55545
TpTrace Verbose: 0 : 2820, 13, 2026/07/20, 17:24:43.763, 364726376075, vstest.console.dll, TestRequestSender.OnExecutionMessageReceived: Received message: {"Version":7,"MessageType":"TestExecution.Completed","Payload":{"TestRunCompleteArgs":{"TestRunStatistics":{"ExecutedTests":306,"Stats":{"Passed":306}},"IsCanceled":false,"IsAborted":false,"Error":null,"AttachmentSets":[],"InvokedDataCollectors":[],"ElapsedTimeInRunningTests":"00:00:21.4444223","Metrics":{},"DiscoveredExtensions":{"TestDiscoverers":["Xunit.Runner.VisualStudio.VsTestRunner, xunit.runner.visualstudio.testadapter, Version=3.1.5.0, Culture=neutral, PublicKeyToken=null"],"TestExecutors":["executor://xunit/VsTestRunner3/netcore/"],"TestExecutors2":[],"TestSettingsProviders":[]}},"LastRunTests":{"NewTestResults":[{"TestCase":{"Id":"15542401-5826-f496-13d2-5a876a6b44e5","FullyQualifiedName":"SharpMind.Tests.Core.ActivationTests.SwiGLU_PositiveGate_ScalesUp","DisplayName":"SharpMind.Tests.Core.ActivationTests.SwiGLU_PositiveGate_ScalesUp","ExecutorUri":"executor://xunit/VsTestRunner3/netcore/","Source":"C:\\Integral2u\\source\\repos\\SharpMind\\SharpMind.Tests\\bin\\Debug\\net10.0\\SharpMind.Tests.dll","CodeFilePath":null,"LineNumber":0,"Properties":[{"Key":{"Id":"TestCase.ManagedMethod","Label":"ManagedMethod","Category":"","Description":"","Attributes":1,"ValueType":"System.String"},"Value":"SwiGLU_PositiveGate_ScalesUp"},{"Key":{"Id":"XunitTestCaseUniqueID","Label":"xUnit.net Test Case Unique ID","Category":"","Description":"","Attributes":0,"ValueType":"System.String"},"Value":"cc7271232e89f08247dfa69e0cdea86672c0fb74"},{"Key":{"Id":"XunitTestCaseExplicit","Label":"xUnit.net Test Case Explicit Flag","Category":"","Description":"","Attributes":0,"ValueType":"System.Boolean"},"Value":false},{"Key":{"Id":"TestCase.ManagedType","Label":"ManagedType","Category":"","Description":"","Attributes":1,"ValueType":"System.String"},"Value":"SharpMind.Tests.Core.ActivationTests"}]},"Attachments":[],"Outcome":1,"ErrorMessage":null,"ErrorStackTrace":null,"DisplayName":"SharpMind.Tests.Core.ActivationTests.SwiGLU_PositiveGate_ScalesUp","Messages":[],"ComputerName":"LAPTOP-MKMTSO1B","Duration":"00:00:00.0009153","StartTime":"2026-07-20T05:24:43.7042946+00:00","EndTime":"2026-07-20T05:24:43.7044948+00:00","Properties":[]},{"TestCase":{"Id":"ca83a521-b697-f5cd-0643-047f641b0d0c","FullyQualifiedName":"SharpMind.Tests.Core.ActivationTests.Softmax_NumericallyStable_LargeInputs","DisplayName":"SharpMind.Tests.Core.ActivationTests.Softmax_NumericallyStable_LargeInputs","ExecutorUri":"executor://xunit/VsTestRunner3/netcore/","Source":"C:\\Integral2u\\source\\repos\\SharpMind\\SharpMind.Tests\\bin\\Debug\\net10.0\\SharpMind.Tests.dll","CodeFilePath":null,"LineNumber":0,"Properties":[{"Key":{"Id":"TestCase.ManagedMethod","Label":"ManagedMethod","Category":"","Description":"","Attributes":1,"ValueType":"System.String"},"Value":"Softmax_NumericallyStable_LargeInputs"},{"Key":{"Id":"XunitTestCaseUniqueID","Label":"xUnit.net Test Case Unique ID","Category":"","Description":"","Attributes":0,"ValueType":"System.String"},"Value":"d7d911ab56ecbb82b15c12191da3ab7dd9d7f8d4"},{"Key":{"Id":"XunitTestCaseExplicit","Label":"xUnit.net Test Case Explicit Flag","Category":"","Description":"","Attributes":0,"ValueType":"System.Boolean"},"Value":false},{"Key":{"Id":"TestCase.ManagedType","Label":"ManagedType","Category":"","Description":"","Attributes":1,"ValueType":"System.String"},"Value":"SharpMind.Tests.Core.ActivationTests"}]},"Attachments":[],"Outcome":1,"ErrorMessage":null,"ErrorStackTrace":null,"DisplayName":"SharpMind.Tests.Core.ActivationTests.Softmax_NumericallyStable_LargeInputs","Messages":[],"ComputerName":"LAPTOP-MKMTSO1B","Duration":"00:00:00.0016364","StartTime":"2026-07-20T05:24:43.7056015+00:00","EndTime":"2026-07-20T05:24:43.7057645+00:00","Properties":[]}],"TestRunStatistics":{"ExecutedTests":306,"Stats":{"Passed":306}},"ActiveTests":[]},"RunAttachments":[],"ExecutorUris":["executor://xunit/VsTestRunner3/netcore/"]}}
TpTrace Verbose: 0 : 2820, 13, 2026/07/20, 17:24:43.763, 364726377798, vstest.console.dll, TestRequestSender.EndSession: Sending end session.
TpTrace Verbose: 0 : 2820, 13, 2026/07/20, 17:24:43.763, 364726381066, vstest.console.dll, ProxyOperationManager.Close: waiting for test host to exit for 100 ms
TpTrace Warning: 0 : 2820, 13, 2026/07/20, 17:24:43.865, 364727398738, vstest.console.dll, ProxyOperationManager: Timed out waiting for test host to exit. Will terminate process.
TpTrace Information: 0 : 2820, 13, 2026/07/20, 17:24:43.865, 364727401459, vstest.console.dll, SocketServer.Stop: Stop server endPoint: 127.0.0.1:55545
TpTrace Information: 0 : 2820, 13, 2026/07/20, 17:24:43.865, 364727402165, vstest.console.dll, SocketServer.Stop: Cancellation requested. Stopping message loop.
TpTrace Information: 0 : 2820, 13, 2026/07/20, 17:24:43.866, 364727405567, vstest.console.dll, Closing the connection
TpTrace Verbose: 0 : 2820, 12, 2026/07/20, 17:24:43.893, 364727676573, vstest.console.dll, TestHostManagerCallbacks.StandardOutputReceivedCallback Test host standard output line: 
TpTrace Warning: 0 : 2820, 11, 2026/07/20, 17:24:43.893, 364727681613, vstest.console.dll, TestHostManagerCallbacks.ErrorReceivedCallback Test host standard error line: 
TpTrace Verbose: 0 : 2820, 13, 2026/07/20, 17:24:43.896, 364727711642, vstest.console.dll, TestHostProvider.ExitCallBack: Host exited starting callback.
TpTrace Information: 0 : 2820, 13, 2026/07/20, 17:24:43.896, 364727713541, vstest.console.dll, TestHostManagerCallbacks.ExitCallBack: Testhost processId: 6312 exited with exitcode: 0 error: ''
TpTrace Verbose: 0 : 2820, 13, 2026/07/20, 17:24:43.897, 364727714189, vstest.console.dll, DotnetTestHostManager.OnHostExited: invoking OnHostExited callback
TpTrace Verbose: 0 : 2820, 13, 2026/07/20, 17:24:43.897, 364727714984, vstest.console.dll, CrossPlatEngine.TestHostManagerHostExited: calling on client process exit callback.
TpTrace Information: 0 : 2820, 13, 2026/07/20, 17:24:43.897, 364727715828, vstest.console.dll, TestRequestSender.OnClientProcessExit: Test host process exited. Standard error: 
TpTrace Information: 0 : 2820, 13, 2026/07/20, 17:24:43.897, 364727716935, vstest.console.dll, SocketServer.Stop: Stop server endPoint: 127.0.0.1:55545
TpTrace Information: 0 : 2820, 13, 2026/07/20, 17:24:43.897, 364727717465, vstest.console.dll, SocketServer.Stop: Cancellation requested. Stopping message loop.
TpTrace Verbose: 0 : 2820, 13, 2026/07/20, 17:24:43.897, 364727717995, vstest.console.dll, MulticastDelegateUtilities.SafeInvoke: HostProviderEvents.OnHostExited: Invoking callback 1/1 for Microsoft.VisualStudio.TestPlatform.CrossPlatEngine.Client.ProxyOperationManager., took 0 ms.
TpTrace Verbose: 0 : 2820, 13, 2026/07/20, 17:24:43.928, 364728028660, vstest.console.dll, ParallelRunEventsHandler.HandleTestRunComplete: Handling a run completion, this can be either one part of parallel run completing, or the whole parallel run completing.
TpTrace Verbose: 0 : 2820, 13, 2026/07/20, 17:24:43.964, 364728385623, vstest.console.dll, TestRunRequest:SendTestRunStatsChange: Starting.
TpTrace Verbose: 0 : 2820, 13, 2026/07/20, 17:24:43.964, 364728387384, vstest.console.dll, MulticastDelegateUtilities.SafeInvoke: TestRun.RunStatsChanged: Invoking callbacks was skipped because there are no subscribers.
TpTrace Verbose: 0 : 2820, 4, 2026/07/20, 17:24:43.964, 364728387911, vstest.console.dll, MulticastDelegateUtilities.SafeInvoke: InternalTestLoggerEvents.SendTestResult: Invoking callback 1/1 for Microsoft.VisualStudio.TestPlatform.CommandLine.Internal.ConsoleLogger., took 0 ms.
TpTrace Verbose: 0 : 2820, 4, 2026/07/20, 17:24:43.964, 364728388889, vstest.console.dll, MulticastDelegateUtilities.SafeInvoke: InternalTestLoggerEvents.SendTestResult: Invoking callback 1/1 for Microsoft.VisualStudio.TestPlatform.CommandLine.Internal.ConsoleLogger., took 0 ms.
TpTrace Information: 0 : 2820, 13, 2026/07/20, 17:24:43.964, 364728389451, vstest.console.dll, TestRunRequest:SendTestRunStatsChange: Completed.
TpTrace Verbose: 0 : 2820, 13, 2026/07/20, 17:24:43.965, 364728397628, vstest.console.dll, ParallelProxyExecutionManager: HandlePartialRunComplete: Total workloads = 1, Total started clients = 1 Total completed clients = 1, Run complete = True, Run canceled: False.
TpTrace Verbose: 0 : 2820, 13, 2026/07/20, 17:24:43.965, 364728399055, vstest.console.dll, ParallelProxyExecutionManager: HandlePartialRunComplete: All runs completed stopping all managers.
TpTrace Verbose: 0 : 2820, 13, 2026/07/20, 17:24:43.965, 364728399645, vstest.console.dll, ParallelOperationManager.StopAllManagers: Stopping all managers.
TpTrace Verbose: 0 : 2820, 13, 2026/07/20, 17:24:43.965, 364728400109, vstest.console.dll, ParallelOperationManager.ClearSlots: Clearing all slots. Slots should accept more work: False
TpTrace Verbose: 0 : 2820, 13, 2026/07/20, 17:24:43.965, 364728400729, vstest.console.dll, ParallelOperationManager.SetOccupiedSlotCount: Setting slot counts AvailableSlotCount = 1, OccupiedSlotCount = 0.
TpTrace Verbose: 0 : 2820, 13, 2026/07/20, 17:24:43.965, 364728401334, vstest.console.dll, Occupied slots:

TpTrace Verbose: 0 : 2820, 13, 2026/07/20, 17:24:43.965, 364728401652, vstest.console.dll, ParallelRunEventsHandler.HandleTestRunComplete: Whole parallel run completed.
TpTrace Verbose: 0 : 2820, 4, 2026/07/20, 17:24:43.992, 364728669942, vstest.console.dll, MulticastDelegateUtilities.SafeInvoke: InternalTestLoggerEvents.SendTestRunComplete: Invoking callback 1/1 for Microsoft.VisualStudio.TestPlatform.CommandLine.Internal.ConsoleLogger., took 15 ms.
TpTrace Verbose: 0 : 2820, 13, 2026/07/20, 17:24:43.997, 364728722804, vstest.console.dll, TestRunRequest:TestRunComplete: Starting. IsAborted:False IsCanceled:False.
TpTrace Verbose: 0 : 2820, 13, 2026/07/20, 17:24:43.998, 364728726194, vstest.console.dll, ParallelOperationManager.DoActionOnAllManagers: Calling an action on all managers.
TpTrace Verbose: 0 : 2820, 13, 2026/07/20, 17:24:44.005, 364728797003, vstest.console.dll, TestLoggerManager.HandleTestRunComplete: Ignoring as the object is disposed.
TpTrace Verbose: 0 : 2820, 13, 2026/07/20, 17:24:44.006, 364728810843, vstest.console.dll, MulticastDelegateUtilities.SafeInvoke: TestRun.TestRunComplete: Invoking callback 1/2 for Microsoft.VisualStudio.TestPlatform.CommandLine.TestRunResultAggregator., took 1 ms.
TpTrace Verbose: 0 : 2820, 13, 2026/07/20, 17:24:44.007, 364728814394, vstest.console.dll, MulticastDelegateUtilities.SafeInvoke: TestRun.TestRunComplete: Invoking callback 2/2 for Microsoft.VisualStudio.TestPlatform.CommandLine.Processors.RunTestsArgumentExecutor+TestRunRequestEventsRegistrar., took 0 ms.
TpTrace Verbose: 0 : 2820, 2, 2026/07/20, 17:24:44.007, 364728816655, vstest.console.dll, TestRunRequest.Dispose: Starting.
TpTrace Information: 0 : 2820, 13, 2026/07/20, 17:24:44.007, 364728822750, vstest.console.dll, TestRunRequest:TestRunComplete: Completed.
TpTrace Verbose: 0 : 2820, 13, 2026/07/20, 17:24:44.007, 364728823633, vstest.console.dll, TestRequestSender.SetOperationComplete: Setting operation complete.
TpTrace Information: 0 : 2820, 2, 2026/07/20, 17:24:44.007, 364728823904, vstest.console.dll, TestRunRequest.Dispose: Completed.
TpTrace Information: 0 : 2820, 13, 2026/07/20, 17:24:44.008, 364728824153, vstest.console.dll, SocketServer.Stop: Stop server endPoint: 127.0.0.1:55545
TpTrace Information: 0 : 2820, 13, 2026/07/20, 17:24:44.008, 364728825116, vstest.console.dll, SocketServer.Stop: Cancellation requested. Stopping message loop.
TpTrace Information: 0 : 2820, 2, 2026/07/20, 17:24:44.008, 364728825140, vstest.console.dll, TestRequestManager.RunTests: run tests completed.
TpTrace Verbose: 0 : 2820, 13, 2026/07/20, 17:24:44.008, 364728825647, vstest.console.dll, MulticastDelegateUtilities.SafeInvoke: LengthPrefixCommunicationChannel: MessageReceived: Invoking callback 1/1 for Microsoft.VisualStudio.TestPlatform.CommunicationUtilities.TestRequestSender+<>c__DisplayClass34_0., took 244 ms.
TpTrace Information: 0 : 2820, 13, 2026/07/20, 17:24:44.008, 364728826699, vstest.console.dll, SocketServer.PrivateStop: Stopping server endPoint: 127.0.0.1:55545 error: 
TpTrace Information: 0 : 2820, 2, 2026/07/20, 17:24:44.008, 364728827092, vstest.console.dll, RunTestsArgumentProcessor:Execute: Test run is completed.
TpTrace Verbose: 0 : 2820, 2, 2026/07/20, 17:24:44.008, 364728830976, vstest.console.dll, Executor.Execute: Exiting with exit code of 0
TpTrace Verbose: 0 : 2820, 13, 2026/07/20, 17:24:44.009, 364728835364, vstest.console.dll, LengthPrefixCommunicationChannel.Dispose: Dispose reader and writer.
TpTrace Information: 0 : 2820, 13, 2026/07/20, 17:24:44.009, 364728837702, vstest.console.dll, SocketServer.Stop: Raise disconnected event endPoint: 127.0.0.1:55545 error: 
TpTrace Verbose: 0 : 2820, 13, 2026/07/20, 17:24:44.009, 364728839118, vstest.console.dll, TestRequestSender: OnTestRunAbort: Operation is already complete. Skip error message.
TpTrace Verbose: 0 : 2820, 13, 2026/07/20, 17:24:44.009, 364728840022, vstest.console.dll, MulticastDelegateUtilities.SafeInvoke: SocketServer: ClientDisconnected: Invoking callback 1/1 for Microsoft.VisualStudio.TestPlatform.CommunicationUtilities.TestRequestSender., took 0 ms.
TpTrace Verbose: 0 : 2820, 13, 2026/07/20, 17:24:44.009, 364728840558, vstest.console.dll, TcpClientExtensions.MessageLoopAsync: exiting MessageLoopAsync remoteEndPoint: 127.0.0.1:55546 localEndPoint: 127.0.0.1:55545
TpTrace Verbose: 0 : 15992, 2, 2026/07/20, 17:41:41.211, 374900854617, vstest.console.dll, Version: 18.7.0-release-26322-102 Current process architecture: X64
TpTrace Verbose: 0 : 15992, 2, 2026/07/20, 17:41:41.215, 374900897498, vstest.console.dll, Runtime location: C:\Program Files\dotnet\shared\Microsoft.NETCore.App\10.0.9
TpTrace Information: 0 : 15992, 2, 2026/07/20, 17:41:41.221, 374900954857, vstest.console.dll, Using .Net Framework version:.NETCoreApp,Version=v10.0
TpTrace Verbose: 0 : 15992, 2, 2026/07/20, 17:41:41.221, 374900956581, vstest.console.dll, ArtifactProcessingPostProcessModeProcessorExecutor.Initialize: ArtifactProcessingMode.Collect
TpTrace Verbose: 0 : 15992, 2, 2026/07/20, 17:41:41.221, 374900958715, vstest.console.dll, TestSessionCorrelationIdProcessorModeProcessorExecutor.Initialize: TestSessionCorrelationId '5880_3b3fa2be-67cb-4e89-a100-d7fbde9cc4db'
TpTrace Information: 0 : 15992, 2, 2026/07/20, 17:41:41.233, 374901077310, vstest.console.dll, FilePatternParser: The given file C:\Integral2u\source\repos\SharpMind\SharpMind.Tests\bin\Debug\net10.0\SharpMind.Tests.dll is a full path.
TpTrace Verbose: 0 : 15992, 2, 2026/07/20, 17:41:41.247, 374901217758, vstest.console.dll, TestPluginCache.DiscoverTestExtensions: finding test extensions in assemblies ends with: RuntimeProvider.dll TPluginInfo: Microsoft.VisualStudio.TestPlatform.Common.ExtensionFramework.Utilities.TestRuntimePluginInformation TExtension: Microsoft.VisualStudio.TestPlatform.ObjectModel.Host.ITestRuntimeProvider
TpTrace Verbose: 0 : 15992, 2, 2026/07/20, 17:41:41.247, 374901223373, vstest.console.dll, TestPluginCache.GetExtensionPaths: Filtered extension paths: 
TpTrace Verbose: 0 : 15992, 2, 2026/07/20, 17:41:41.248, 374901224549, vstest.console.dll, TestPluginCache.GetExtensionPaths: Added default extension paths: C:\Program Files\dotnet\sdk\10.0.400-preview.0.26322.102\Extensions\Microsoft.Diagnostics.NETCore.Client.dll
C:\Program Files\dotnet\sdk\10.0.400-preview.0.26322.102\Extensions\Microsoft.TestPlatform.Extensions.BlameDataCollector.dll
C:\Program Files\dotnet\sdk\10.0.400-preview.0.26322.102\Extensions\Microsoft.TestPlatform.Extensions.EventLogCollector.dll
C:\Program Files\dotnet\sdk\10.0.400-preview.0.26322.102\Extensions\Microsoft.TestPlatform.TestHostRuntimeProvider.dll
C:\Program Files\dotnet\sdk\10.0.400-preview.0.26322.102\Extensions\Microsoft.VisualStudio.TestPlatform.Extensions.Html.TestLogger.dll
C:\Program Files\dotnet\sdk\10.0.400-preview.0.26322.102\Extensions\Microsoft.VisualStudio.TestPlatform.Extensions.Trx.TestLogger.dll
TpTrace Verbose: 0 : 15992, 2, 2026/07/20, 17:41:41.248, 374901225131, vstest.console.dll, TestPluginCache.GetExtensionPaths: Added unfilterableExtensionPaths: 
TpTrace Information: 0 : 15992, 2, 2026/07/20, 17:41:41.249, 374901238335, vstest.console.dll, AssemblyResolver.ctor: Creating AssemblyResolver with searchDirectories C:\Program Files\dotnet\sdk\10.0.400-preview.0.26322.102\Extensions,C:\Program Files\dotnet\sdk\10.0.400-preview.0.26322.102
TpTrace Verbose: 0 : 15992, 2, 2026/07/20, 17:41:41.251, 374901257353, vstest.console.dll, TestPluginCache.DiscoverTestExtensions: Discovering the extensions using extension path.
TpTrace Verbose: 0 : 15992, 2, 2026/07/20, 17:41:41.252, 374901264681, vstest.console.dll, TestPluginCache.GetExtensionPaths: Filtered extension paths: 
TpTrace Verbose: 0 : 15992, 2, 2026/07/20, 17:41:41.252, 374901265625, vstest.console.dll, TestPluginCache.GetExtensionPaths: Added default extension paths: C:\Program Files\dotnet\sdk\10.0.400-preview.0.26322.102\Extensions\Microsoft.Diagnostics.NETCore.Client.dll
C:\Program Files\dotnet\sdk\10.0.400-preview.0.26322.102\Extensions\Microsoft.TestPlatform.Extensions.BlameDataCollector.dll
C:\Program Files\dotnet\sdk\10.0.400-preview.0.26322.102\Extensions\Microsoft.TestPlatform.Extensions.EventLogCollector.dll
C:\Program Files\dotnet\sdk\10.0.400-preview.0.26322.102\Extensions\Microsoft.TestPlatform.TestHostRuntimeProvider.dll
C:\Program Files\dotnet\sdk\10.0.400-preview.0.26322.102\Extensions\Microsoft.VisualStudio.TestPlatform.Extensions.Html.TestLogger.dll
C:\Program Files\dotnet\sdk\10.0.400-preview.0.26322.102\Extensions\Microsoft.VisualStudio.TestPlatform.Extensions.Trx.TestLogger.dll
TpTrace Verbose: 0 : 15992, 2, 2026/07/20, 17:41:41.252, 374901266052, vstest.console.dll, TestPluginCache.GetExtensionPaths: Added unfilterableExtensionPaths: 
TpTrace Verbose: 0 : 15992, 2, 2026/07/20, 17:41:41.252, 374901266973, vstest.console.dll, TestPluginCache.DiscoverTestExtensions: Discovering the extensions using allExtensionPaths: C:\Program Files\dotnet\sdk\10.0.400-preview.0.26322.102\Extensions\Microsoft.Diagnostics.NETCore.Client.dll
C:\Program Files\dotnet\sdk\10.0.400-preview.0.26322.102\Extensions\Microsoft.TestPlatform.Extensions.BlameDataCollector.dll
C:\Program Files\dotnet\sdk\10.0.400-preview.0.26322.102\Extensions\Microsoft.TestPlatform.Extensions.EventLogCollector.dll
C:\Program Files\dotnet\sdk\10.0.400-preview.0.26322.102\Extensions\Microsoft.TestPlatform.TestHostRuntimeProvider.dll
C:\Program Files\dotnet\sdk\10.0.400-preview.0.26322.102\Extensions\Microsoft.VisualStudio.TestPlatform.Extensions.Html.TestLogger.dll
C:\Program Files\dotnet\sdk\10.0.400-preview.0.26322.102\Extensions\Microsoft.VisualStudio.TestPlatform.Extensions.Trx.TestLogger.dll
TpTrace Information: 0 : 15992, 2, 2026/07/20, 17:41:41.252, 374901268530, vstest.console.dll, AssemblyResolver.AddSearchDirectories: Adding more searchDirectories C:\Program Files\dotnet\sdk\10.0.400-preview.0.26322.102\Extensions,C:\Program Files\dotnet\sdk\10.0.400-preview.0.26322.102
TpTrace Information: 0 : 15992, 2, 2026/07/20, 17:41:41.252, 374901269433, vstest.console.dll, AssemblyResolver.AddSearchDirectories: Adding more searchDirectories C:\Program Files\dotnet\sdk\10.0.400-preview.0.26322.102\Extensions,C:\Program Files\dotnet\sdk\10.0.400-preview.0.26322.102
TpTrace Information: 0 : 15992, 2, 2026/07/20, 17:41:41.252, 374901269925, vstest.console.dll, AssemblyResolver.AddSearchDirectories: Adding more searchDirectories C:\Program Files\dotnet\sdk\10.0.400-preview.0.26322.102\Extensions,C:\Program Files\dotnet\sdk\10.0.400-preview.0.26322.102
TpTrace Information: 0 : 15992, 2, 2026/07/20, 17:41:41.252, 374901270322, vstest.console.dll, AssemblyResolver.AddSearchDirectories: Adding more searchDirectories C:\Program Files\dotnet\sdk\10.0.400-preview.0.26322.102\Extensions,C:\Program Files\dotnet\sdk\10.0.400-preview.0.26322.102
TpTrace Information: 0 : 15992, 2, 2026/07/20, 17:41:41.252, 374901270774, vstest.console.dll, AssemblyResolver.AddSearchDirectories: Adding more searchDirectories C:\Program Files\dotnet\sdk\10.0.400-preview.0.26322.102\Extensions,C:\Program Files\dotnet\sdk\10.0.400-preview.0.26322.102
TpTrace Information: 0 : 15992, 2, 2026/07/20, 17:41:41.252, 374901271182, vstest.console.dll, AssemblyResolver.AddSearchDirectories: Adding more searchDirectories C:\Program Files\dotnet\sdk\10.0.400-preview.0.26322.102\Extensions,C:\Program Files\dotnet\sdk\10.0.400-preview.0.26322.102
TpTrace Information: 0 : 15992, 2, 2026/07/20, 17:41:41.253, 374901279331, vstest.console.dll, AssemblyResolver.OnResolve: Microsoft.Diagnostics.NETCore.Client: Resolving assembly.
TpTrace Information: 0 : 15992, 2, 2026/07/20, 17:41:41.253, 374901281302, vstest.console.dll, AssemblyResolver.OnResolve: Microsoft.Diagnostics.NETCore.Client: Searching in: 'C:\Program Files\dotnet\sdk\10.0.400-preview.0.26322.102\Extensions'.
TpTrace Information: 0 : 15992, 2, 2026/07/20, 17:41:41.271, 374901460551, vstest.console.dll, AssemblyResolver.OnResolve: Microsoft.Diagnostics.NETCore.Client: Loading assembly 'C:\Program Files\dotnet\sdk\10.0.400-preview.0.26322.102\Extensions\Microsoft.Diagnostics.NETCore.Client.dll'.
TpTrace Information: 0 : 15992, 2, 2026/07/20, 17:41:41.276, 374901510191, vstest.console.dll, AssemblyResolver.TrackProvidedDependency: Resolved 'Microsoft.Diagnostics.NETCore.Client' from 'C:\Program Files\dotnet\sdk\10.0.400-preview.0.26322.102\Extensions' for 'unknown'.
TpTrace Information: 0 : 15992, 2, 2026/07/20, 17:41:41.276, 374901511611, vstest.console.dll, AssemblyResolver.OnResolve: Resolved assembly: Microsoft.Diagnostics.NETCore.Client, from path: C:\Program Files\dotnet\sdk\10.0.400-preview.0.26322.102\Extensions\Microsoft.Diagnostics.NETCore.Client.dll
TpTrace Verbose: 0 : 15992, 2, 2026/07/20, 17:41:41.278, 374901527539, vstest.console.dll, MetadataReaderExtensionsHelper: Discovering extensions inside assembly 'Microsoft.Diagnostics.NETCore.Client, Version=0.2.14.32302, Culture=neutral, PublicKeyToken=31bf3856ad364e35' file path 'C:\Program Files\dotnet\sdk\10.0.400-preview.0.26322.102\Extensions\Microsoft.Diagnostics.NETCore.Client.dll'
TpTrace Information: 0 : 15992, 2, 2026/07/20, 17:41:41.281, 374901557034, vstest.console.dll, AssemblyResolver.OnResolve: Microsoft.Bcl.AsyncInterfaces: Resolving assembly.
TpTrace Information: 0 : 15992, 2, 2026/07/20, 17:41:41.281, 374901558353, vstest.console.dll, AssemblyResolver.OnResolve: Microsoft.Bcl.AsyncInterfaces: Searching in: 'C:\Program Files\dotnet\sdk\10.0.400-preview.0.26322.102\Extensions'.
TpTrace Information: 0 : 15992, 2, 2026/07/20, 17:41:41.281, 374901560279, vstest.console.dll, AssemblyResolver.OnResolve: Microsoft.Bcl.AsyncInterfaces: Assembly path does not exist: 'C:\Program Files\dotnet\sdk\10.0.400-preview.0.26322.102\Extensions\Microsoft.Bcl.AsyncInterfaces.dll', returning.
TpTrace Information: 0 : 15992, 2, 2026/07/20, 17:41:41.281, 374901561387, vstest.console.dll, AssemblyResolver.OnResolve: Microsoft.Bcl.AsyncInterfaces: Assembly path does not exist: 'C:\Program Files\dotnet\sdk\10.0.400-preview.0.26322.102\Extensions\Microsoft.Bcl.AsyncInterfaces.exe', returning.
TpTrace Information: 0 : 15992, 2, 2026/07/20, 17:41:41.281, 374901561977, vstest.console.dll, AssemblyResolver.OnResolve: Microsoft.Bcl.AsyncInterfaces: Searching in: 'C:\Program Files\dotnet\sdk\10.0.400-preview.0.26322.102'.
TpTrace Information: 0 : 15992, 2, 2026/07/20, 17:41:41.281, 374901563022, vstest.console.dll, AssemblyResolver.OnResolve: Microsoft.Bcl.AsyncInterfaces: Assembly path does not exist: 'C:\Program Files\dotnet\sdk\10.0.400-preview.0.26322.102\Microsoft.Bcl.AsyncInterfaces.dll', returning.
TpTrace Information: 0 : 15992, 2, 2026/07/20, 17:41:41.281, 374901563956, vstest.console.dll, AssemblyResolver.OnResolve: Microsoft.Bcl.AsyncInterfaces: Assembly path does not exist: 'C:\Program Files\dotnet\sdk\10.0.400-preview.0.26322.102\Microsoft.Bcl.AsyncInterfaces.exe', returning.
TpTrace Information: 0 : 15992, 2, 2026/07/20, 17:41:41.282, 374901564379, vstest.console.dll, AssemblyResolver.OnResolve: Microsoft.Bcl.AsyncInterfaces: Failed to load assembly.
TpTrace Verbose: 0 : 15992, 2, 2026/07/20, 17:41:41.282, 374901565023, vstest.console.dll, CurrentDomainAssemblyResolve: Resolving assembly 'Microsoft.Bcl.AsyncInterfaces'.
TpTrace Information: 0 : 15992, 2, 2026/07/20, 17:41:41.282, 374901566003, vstest.console.dll, AssemblyResolver.OnResolve: Microsoft.Bcl.AsyncInterfaces: Resolving assembly.
TpTrace Information: 0 : 15992, 2, 2026/07/20, 17:41:41.282, 374901566936, vstest.console.dll, AssemblyResolver.OnResolve: Microsoft.Bcl.AsyncInterfaces: Resolved from cache.
TpTrace Verbose: 0 : 15992, 2, 2026/07/20, 17:41:41.282, 374901570876, vstest.console.dll, CurrentDomainAssemblyResolve: Resolving assembly 'Microsoft.Bcl.AsyncInterfaces'.
TpTrace Verbose: 0 : 15992, 2, 2026/07/20, 17:41:41.282, 374901571622, vstest.console.dll, CurrentDomainAssemblyResolve: Failed to resolve assembly 'Microsoft.Bcl.AsyncInterfaces'.
TpTrace Verbose: 0 : 15992, 2, 2026/07/20, 17:41:41.284, 374901589570, vstest.console.dll, CurrentDomainAssemblyResolve: Failed to resolve assembly 'Microsoft.Bcl.AsyncInterfaces'.
TpTrace Information: 0 : 15992, 2, 2026/07/20, 17:41:41.296, 374901704407, vstest.console.dll, AssemblyResolver.OnResolve: Microsoft.Bcl.AsyncInterfaces: Resolving assembly.
TpTrace Information: 0 : 15992, 2, 2026/07/20, 17:41:41.296, 374901705781, vstest.console.dll, AssemblyResolver.OnResolve: Microsoft.Bcl.AsyncInterfaces: Resolved from cache.
TpTrace Verbose: 0 : 15992, 2, 2026/07/20, 17:41:41.296, 374901706192, vstest.console.dll, CurrentDomainAssemblyResolve: Resolving assembly 'Microsoft.Bcl.AsyncInterfaces'.
TpTrace Verbose: 0 : 15992, 2, 2026/07/20, 17:41:41.296, 374901706685, vstest.console.dll, CurrentDomainAssemblyResolve: Failed to resolve assembly 'Microsoft.Bcl.AsyncInterfaces'.
TpTrace Information: 0 : 15992, 2, 2026/07/20, 17:41:41.298, 374901731692, vstest.console.dll, AssemblyResolver.OnResolve: Microsoft.Bcl.AsyncInterfaces: Resolving assembly.
TpTrace Information: 0 : 15992, 2, 2026/07/20, 17:41:41.298, 374901732709, vstest.console.dll, AssemblyResolver.OnResolve: Microsoft.Bcl.AsyncInterfaces: Resolved from cache.
TpTrace Verbose: 0 : 15992, 2, 2026/07/20, 17:41:41.298, 374901733132, vstest.console.dll, CurrentDomainAssemblyResolve: Resolving assembly 'Microsoft.Bcl.AsyncInterfaces'.
TpTrace Verbose: 0 : 15992, 2, 2026/07/20, 17:41:41.298, 374901733484, vstest.console.dll, CurrentDomainAssemblyResolve: Failed to resolve assembly 'Microsoft.Bcl.AsyncInterfaces'.
TpTrace Warning: 0 : 15992, 2, 2026/07/20, 17:41:41.319, 374901937968, vstest.console.dll, TestPluginDiscoverer: Failed to get types from assembly 'Microsoft.Diagnostics.NETCore.Client, Version=0.2.14.32302, Culture=neutral, PublicKeyToken=31bf3856ad364e35'. Error: System.Reflection.ReflectionTypeLoadException: Unable to load one or more of the requested types.
Could not load file or assembly 'Microsoft.Bcl.AsyncInterfaces, Version=9.0.0.8, Culture=neutral, PublicKeyToken=cc7b13ffcd2ddd51'. The system cannot find the file specified.
Could not load file or assembly 'Microsoft.Bcl.AsyncInterfaces, Version=9.0.0.8, Culture=neutral, PublicKeyToken=cc7b13ffcd2ddd51'. The system cannot find the file specified.
Could not load file or assembly 'Microsoft.Bcl.AsyncInterfaces, Version=9.0.0.8, Culture=neutral, PublicKeyToken=cc7b13ffcd2ddd51'. The system cannot find the file specified.
   at System.Reflection.RuntimeModule.GetDefinedTypes()
   at System.Reflection.RuntimeModule.GetTypes()
   at Microsoft.VisualStudio.TestPlatform.Common.ExtensionFramework.TestPluginDiscoverer.GetTestExtensionsFromAssembly[TPluginInfo,TExtension](Assembly assembly, Dictionary`2 pluginInfos, String filePath) in /_/src/vstest/src/Microsoft.TestPlatform.Common/ExtensionFramework/TestPluginDiscoverer.cs:line 159
System.IO.FileNotFoundException: Could not load file or assembly 'Microsoft.Bcl.AsyncInterfaces, Version=9.0.0.8, Culture=neutral, PublicKeyToken=cc7b13ffcd2ddd51'. The system cannot find the file specified.
File name: 'Microsoft.Bcl.AsyncInterfaces, Version=9.0.0.8, Culture=neutral, PublicKeyToken=cc7b13ffcd2ddd51'
 ---> System.IO.FileNotFoundException: Could not load file or assembly 'Microsoft.Bcl.AsyncInterfaces, Culture=neutral, PublicKeyToken=null'. The system cannot find the file specified.
File name: 'Microsoft.Bcl.AsyncInterfaces, Culture=neutral, PublicKeyToken=null'
   at System.Reflection.RuntimeAssembly.InternalLoad(AssemblyName assemblyName, StackCrawlMark& stackMark, AssemblyLoadContext assemblyLoadContext, RuntimeAssembly requestingAssembly, Boolean throwOnFileNotFound)
   at System.Reflection.Assembly.Load(AssemblyName assemblyRef)
   at Microsoft.VisualStudio.TestPlatform.Common.ExtensionFramework.TestPluginCache.CurrentDomainAssemblyResolve(Object sender, AssemblyResolveEventArgs args) in /_/src/vstest/src/Microsoft.TestPlatform.Common/ExtensionFramework/TestPluginCache.cs:line 514
   at System.Runtime.Loader.AssemblyLoadContext.GetFirstResolvedAssemblyFromResolvingEvent(AssemblyName assemblyName)
   at System.Runtime.Loader.AssemblyLoadContext.ResolveUsingEvent(AssemblyName assemblyName)
System.IO.FileNotFoundException: Could not load file or assembly 'Microsoft.Bcl.AsyncInterfaces, Version=9.0.0.8, Culture=neutral, PublicKeyToken=cc7b13ffcd2ddd51'. The system cannot find the file specified.
File name: 'Microsoft.Bcl.AsyncInterfaces, Version=9.0.0.8, Culture=neutral, PublicKeyToken=cc7b13ffcd2ddd51'
System.IO.FileNotFoundException: Could not load file or assembly 'Microsoft.Bcl.AsyncInterfaces, Version=9.0.0.8, Culture=neutral, PublicKeyToken=cc7b13ffcd2ddd51'. The system cannot find the file specified.
File name: 'Microsoft.Bcl.AsyncInterfaces, Version=9.0.0.8, Culture=neutral, PublicKeyToken=cc7b13ffcd2ddd51'
TpTrace Warning: 0 : 15992, 2, 2026/07/20, 17:41:41.319, 374901943058, vstest.console.dll, LoaderExceptions: System.IO.FileNotFoundException: Could not load file or assembly 'Microsoft.Bcl.AsyncInterfaces, Version=9.0.0.8, Culture=neutral, PublicKeyToken=cc7b13ffcd2ddd51'. The system cannot find the file specified.
File name: 'Microsoft.Bcl.AsyncInterfaces, Version=9.0.0.8, Culture=neutral, PublicKeyToken=cc7b13ffcd2ddd51'
 ---> System.IO.FileNotFoundException: Could not load file or assembly 'Microsoft.Bcl.AsyncInterfaces, Culture=neutral, PublicKeyToken=null'. The system cannot find the file specified.
File name: 'Microsoft.Bcl.AsyncInterfaces, Culture=neutral, PublicKeyToken=null'
   at System.Reflection.RuntimeAssembly.InternalLoad(AssemblyName assemblyName, StackCrawlMark& stackMark, AssemblyLoadContext assemblyLoadContext, RuntimeAssembly requestingAssembly, Boolean throwOnFileNotFound)
   at System.Reflection.Assembly.Load(AssemblyName assemblyRef)
   at Microsoft.VisualStudio.TestPlatform.Common.ExtensionFramework.TestPluginCache.CurrentDomainAssemblyResolve(Object sender, AssemblyResolveEventArgs args) in /_/src/vstest/src/Microsoft.TestPlatform.Common/ExtensionFramework/TestPluginCache.cs:line 514
   at System.Runtime.Loader.AssemblyLoadContext.GetFirstResolvedAssemblyFromResolvingEvent(AssemblyName assemblyName)
   at System.Runtime.Loader.AssemblyLoadContext.ResolveUsingEvent(AssemblyName assemblyName)
TpTrace Warning: 0 : 15992, 2, 2026/07/20, 17:41:41.319, 374901943813, vstest.console.dll, LoaderExceptions: System.IO.FileNotFoundException: Could not load file or assembly 'Microsoft.Bcl.AsyncInterfaces, Version=9.0.0.8, Culture=neutral, PublicKeyToken=cc7b13ffcd2ddd51'. The system cannot find the file specified.
File name: 'Microsoft.Bcl.AsyncInterfaces, Version=9.0.0.8, Culture=neutral, PublicKeyToken=cc7b13ffcd2ddd51'
TpTrace Warning: 0 : 15992, 2, 2026/07/20, 17:41:41.320, 374901944243, vstest.console.dll, LoaderExceptions: System.IO.FileNotFoundException: Could not load file or assembly 'Microsoft.Bcl.AsyncInterfaces, Version=9.0.0.8, Culture=neutral, PublicKeyToken=cc7b13ffcd2ddd51'. The system cannot find the file specified.
File name: 'Microsoft.Bcl.AsyncInterfaces, Version=9.0.0.8, Culture=neutral, PublicKeyToken=cc7b13ffcd2ddd51'
TpTrace Information: 0 : 15992, 2, 2026/07/20, 17:41:41.320, 374901945750, vstest.console.dll, AssemblyResolver.OnResolve: Microsoft.TestPlatform.Extensions.BlameDataCollector: Resolving assembly.
TpTrace Information: 0 : 15992, 2, 2026/07/20, 17:41:41.320, 374901946301, vstest.console.dll, AssemblyResolver.OnResolve: Microsoft.TestPlatform.Extensions.BlameDataCollector: Searching in: 'C:\Program Files\dotnet\sdk\10.0.400-preview.0.26322.102\Extensions'.
TpTrace Information: 0 : 15992, 2, 2026/07/20, 17:41:41.321, 374901957753, vstest.console.dll, AssemblyResolver.OnResolve: Microsoft.TestPlatform.Extensions.BlameDataCollector: Loading assembly 'C:\Program Files\dotnet\sdk\10.0.400-preview.0.26322.102\Extensions\Microsoft.TestPlatform.Extensions.BlameDataCollector.dll'.
TpTrace Information: 0 : 15992, 2, 2026/07/20, 17:41:41.323, 374901976532, vstest.console.dll, AssemblyResolver.TrackProvidedDependency: Resolved 'Microsoft.TestPlatform.Extensions.BlameDataCollector' from 'C:\Program Files\dotnet\sdk\10.0.400-preview.0.26322.102\Extensions' for 'unknown'.
TpTrace Information: 0 : 15992, 2, 2026/07/20, 17:41:41.323, 374901977838, vstest.console.dll, AssemblyResolver.OnResolve: Resolved assembly: Microsoft.TestPlatform.Extensions.BlameDataCollector, from path: C:\Program Files\dotnet\sdk\10.0.400-preview.0.26322.102\Extensions\Microsoft.TestPlatform.Extensions.BlameDataCollector.dll
TpTrace Verbose: 0 : 15992, 2, 2026/07/20, 17:41:41.323, 374901978856, vstest.console.dll, MetadataReaderExtensionsHelper: Discovering extensions inside assembly 'Microsoft.TestPlatform.Extensions.BlameDataCollector, Version=15.0.0.0, Culture=neutral, PublicKeyToken=b03f5f7f11d50a3a' file path 'C:\Program Files\dotnet\sdk\10.0.400-preview.0.26322.102\Extensions\Microsoft.TestPlatform.Extensions.BlameDataCollector.dll'
TpTrace Information: 0 : 15992, 2, 2026/07/20, 17:41:41.326, 374902013322, vstest.console.dll, AssemblyResolver.OnResolve: Microsoft.TestPlatform.Extensions.EventLogCollector: Resolving assembly.
TpTrace Information: 0 : 15992, 2, 2026/07/20, 17:41:41.327, 374902015208, vstest.console.dll, AssemblyResolver.OnResolve: Microsoft.TestPlatform.Extensions.EventLogCollector: Searching in: 'C:\Program Files\dotnet\sdk\10.0.400-preview.0.26322.102\Extensions'.
TpTrace Information: 0 : 15992, 2, 2026/07/20, 17:41:41.329, 374902037082, vstest.console.dll, AssemblyResolver.OnResolve: Microsoft.TestPlatform.Extensions.EventLogCollector: Loading assembly 'C:\Program Files\dotnet\sdk\10.0.400-preview.0.26322.102\Extensions\Microsoft.TestPlatform.Extensions.EventLogCollector.dll'.
TpTrace Information: 0 : 15992, 2, 2026/07/20, 17:41:41.330, 374902052959, vstest.console.dll, AssemblyResolver.TrackProvidedDependency: Resolved 'Microsoft.TestPlatform.Extensions.EventLogCollector' from 'C:\Program Files\dotnet\sdk\10.0.400-preview.0.26322.102\Extensions' for 'unknown'.
TpTrace Information: 0 : 15992, 2, 2026/07/20, 17:41:41.330, 374902054081, vstest.console.dll, AssemblyResolver.OnResolve: Resolved assembly: Microsoft.TestPlatform.Extensions.EventLogCollector, from path: C:\Program Files\dotnet\sdk\10.0.400-preview.0.26322.102\Extensions\Microsoft.TestPlatform.Extensions.EventLogCollector.dll
TpTrace Verbose: 0 : 15992, 2, 2026/07/20, 17:41:41.331, 374902054854, vstest.console.dll, MetadataReaderExtensionsHelper: Discovering extensions inside assembly 'Microsoft.TestPlatform.Extensions.EventLogCollector, Version=15.0.0.0, Culture=neutral, PublicKeyToken=b03f5f7f11d50a3a' file path 'C:\Program Files\dotnet\sdk\10.0.400-preview.0.26322.102\Extensions\Microsoft.TestPlatform.Extensions.EventLogCollector.dll'
TpTrace Information: 0 : 15992, 2, 2026/07/20, 17:41:41.336, 374902106723, vstest.console.dll, AssemblyResolver.OnResolve: Microsoft.TestPlatform.TestHostRuntimeProvider: Resolving assembly.
TpTrace Information: 0 : 15992, 2, 2026/07/20, 17:41:41.336, 374902107974, vstest.console.dll, AssemblyResolver.OnResolve: Microsoft.TestPlatform.TestHostRuntimeProvider: Searching in: 'C:\Program Files\dotnet\sdk\10.0.400-preview.0.26322.102\Extensions'.
TpTrace Information: 0 : 15992, 2, 2026/07/20, 17:41:41.337, 374902115012, vstest.console.dll, AssemblyResolver.OnResolve: Microsoft.TestPlatform.TestHostRuntimeProvider: Loading assembly 'C:\Program Files\dotnet\sdk\10.0.400-preview.0.26322.102\Extensions\Microsoft.TestPlatform.TestHostRuntimeProvider.dll'.
TpTrace Information: 0 : 15992, 2, 2026/07/20, 17:41:41.338, 374902128358, vstest.console.dll, AssemblyResolver.TrackProvidedDependency: Resolved 'Microsoft.TestPlatform.TestHostRuntimeProvider' from 'C:\Program Files\dotnet\sdk\10.0.400-preview.0.26322.102\Extensions' for 'unknown'.
TpTrace Information: 0 : 15992, 2, 2026/07/20, 17:41:41.338, 374902130925, vstest.console.dll, AssemblyResolver.OnResolve: Resolved assembly: Microsoft.TestPlatform.TestHostRuntimeProvider, from path: C:\Program Files\dotnet\sdk\10.0.400-preview.0.26322.102\Extensions\Microsoft.TestPlatform.TestHostRuntimeProvider.dll
TpTrace Verbose: 0 : 15992, 2, 2026/07/20, 17:41:41.338, 374902132635, vstest.console.dll, MetadataReaderExtensionsHelper: Discovering extensions inside assembly 'Microsoft.TestPlatform.TestHostRuntimeProvider, Version=15.0.0.0, Culture=neutral, PublicKeyToken=b03f5f7f11d50a3a' file path 'C:\Program Files\dotnet\sdk\10.0.400-preview.0.26322.102\Extensions\Microsoft.TestPlatform.TestHostRuntimeProvider.dll'
TpTrace Information: 0 : 15992, 2, 2026/07/20, 17:41:41.342, 374902164569, vstest.console.dll, GetTestExtensionFromType: Register extension with identifier data 'HostProvider://DefaultTestHost' and type 'Microsoft.VisualStudio.TestPlatform.CrossPlatEngine.Hosting.DefaultTestHostManager, Microsoft.TestPlatform.TestHostRuntimeProvider, Version=15.0.0.0, Culture=neutral, PublicKeyToken=b03f5f7f11d50a3a' inside file 'C:\Program Files\dotnet\sdk\10.0.400-preview.0.26322.102\Extensions\Microsoft.TestPlatform.TestHostRuntimeProvider.dll'
TpTrace Information: 0 : 15992, 2, 2026/07/20, 17:41:41.342, 374902170148, vstest.console.dll, GetTestExtensionFromType: Register extension with identifier data 'HostProvider://DotnetTestHost' and type 'Microsoft.VisualStudio.TestPlatform.CrossPlatEngine.Hosting.DotnetTestHostManager, Microsoft.TestPlatform.TestHostRuntimeProvider, Version=15.0.0.0, Culture=neutral, PublicKeyToken=b03f5f7f11d50a3a' inside file 'C:\Program Files\dotnet\sdk\10.0.400-preview.0.26322.102\Extensions\Microsoft.TestPlatform.TestHostRuntimeProvider.dll'
TpTrace Information: 0 : 15992, 2, 2026/07/20, 17:41:41.342, 374902171566, vstest.console.dll, AssemblyResolver.OnResolve: Microsoft.VisualStudio.TestPlatform.Extensions.Html.TestLogger: Resolving assembly.
TpTrace Information: 0 : 15992, 2, 2026/07/20, 17:41:41.342, 374902172061, vstest.console.dll, AssemblyResolver.OnResolve: Microsoft.VisualStudio.TestPlatform.Extensions.Html.TestLogger: Searching in: 'C:\Program Files\dotnet\sdk\10.0.400-preview.0.26322.102\Extensions'.
TpTrace Information: 0 : 15992, 2, 2026/07/20, 17:41:41.343, 374902179016, vstest.console.dll, AssemblyResolver.OnResolve: Microsoft.VisualStudio.TestPlatform.Extensions.Html.TestLogger: Loading assembly 'C:\Program Files\dotnet\sdk\10.0.400-preview.0.26322.102\Extensions\Microsoft.VisualStudio.TestPlatform.Extensions.Html.TestLogger.dll'.
TpTrace Information: 0 : 15992, 2, 2026/07/20, 17:41:41.344, 374902188357, vstest.console.dll, AssemblyResolver.TrackProvidedDependency: Resolved 'Microsoft.VisualStudio.TestPlatform.Extensions.Html.TestLogger' from 'C:\Program Files\dotnet\sdk\10.0.400-preview.0.26322.102\Extensions' for 'unknown'.
TpTrace Information: 0 : 15992, 2, 2026/07/20, 17:41:41.344, 374902189122, vstest.console.dll, AssemblyResolver.OnResolve: Resolved assembly: Microsoft.VisualStudio.TestPlatform.Extensions.Html.TestLogger, from path: C:\Program Files\dotnet\sdk\10.0.400-preview.0.26322.102\Extensions\Microsoft.VisualStudio.TestPlatform.Extensions.Html.TestLogger.dll
TpTrace Verbose: 0 : 15992, 2, 2026/07/20, 17:41:41.344, 374902189866, vstest.console.dll, MetadataReaderExtensionsHelper: Discovering extensions inside assembly 'Microsoft.VisualStudio.TestPlatform.Extensions.Html.TestLogger, Version=15.0.0.0, Culture=neutral, PublicKeyToken=b03f5f7f11d50a3a' file path 'C:\Program Files\dotnet\sdk\10.0.400-preview.0.26322.102\Extensions\Microsoft.VisualStudio.TestPlatform.Extensions.Html.TestLogger.dll'
TpTrace Information: 0 : 15992, 2, 2026/07/20, 17:41:41.345, 374902203855, vstest.console.dll, AssemblyResolver.OnResolve: Microsoft.VisualStudio.TestPlatform.Extensions.Trx.TestLogger: Resolving assembly.
TpTrace Information: 0 : 15992, 2, 2026/07/20, 17:41:41.346, 374902205012, vstest.console.dll, AssemblyResolver.OnResolve: Microsoft.VisualStudio.TestPlatform.Extensions.Trx.TestLogger: Searching in: 'C:\Program Files\dotnet\sdk\10.0.400-preview.0.26322.102\Extensions'.
TpTrace Information: 0 : 15992, 2, 2026/07/20, 17:41:41.347, 374902219177, vstest.console.dll, AssemblyResolver.OnResolve: Microsoft.VisualStudio.TestPlatform.Extensions.Trx.TestLogger: Loading assembly 'C:\Program Files\dotnet\sdk\10.0.400-preview.0.26322.102\Extensions\Microsoft.VisualStudio.TestPlatform.Extensions.Trx.TestLogger.dll'.
TpTrace Information: 0 : 15992, 2, 2026/07/20, 17:41:41.348, 374902233291, vstest.console.dll, AssemblyResolver.TrackProvidedDependency: Resolved 'Microsoft.VisualStudio.TestPlatform.Extensions.Trx.TestLogger' from 'C:\Program Files\dotnet\sdk\10.0.400-preview.0.26322.102\Extensions' for 'unknown'.
TpTrace Information: 0 : 15992, 2, 2026/07/20, 17:41:41.349, 374902234530, vstest.console.dll, AssemblyResolver.OnResolve: Resolved assembly: Microsoft.VisualStudio.TestPlatform.Extensions.Trx.TestLogger, from path: C:\Program Files\dotnet\sdk\10.0.400-preview.0.26322.102\Extensions\Microsoft.VisualStudio.TestPlatform.Extensions.Trx.TestLogger.dll
TpTrace Verbose: 0 : 15992, 2, 2026/07/20, 17:41:41.349, 374902235278, vstest.console.dll, MetadataReaderExtensionsHelper: Discovering extensions inside assembly 'Microsoft.VisualStudio.TestPlatform.Extensions.Trx.TestLogger, Version=15.0.0.0, Culture=neutral, PublicKeyToken=b03f5f7f11d50a3a' file path 'C:\Program Files\dotnet\sdk\10.0.400-preview.0.26322.102\Extensions\Microsoft.VisualStudio.TestPlatform.Extensions.Trx.TestLogger.dll'
TpTrace Verbose: 0 : 15992, 2, 2026/07/20, 17:41:41.351, 374902256942, vstest.console.dll, TestPluginCache: Discovered the extensions using extension path ''.
TpTrace Verbose: 0 : 15992, 2, 2026/07/20, 17:41:41.351, 374902258209, vstest.console.dll, TestPluginCache: Discoverers are ''.
TpTrace Verbose: 0 : 15992, 2, 2026/07/20, 17:41:41.351, 374902258596, vstest.console.dll, TestPluginCache: Executors are ''.
TpTrace Verbose: 0 : 15992, 2, 2026/07/20, 17:41:41.351, 374902258921, vstest.console.dll, TestPluginCache: Executors2 are ''.
TpTrace Verbose: 0 : 15992, 2, 2026/07/20, 17:41:41.351, 374902259236, vstest.console.dll, TestPluginCache: Setting providers are ''.
TpTrace Verbose: 0 : 15992, 2, 2026/07/20, 17:41:41.351, 374902259554, vstest.console.dll, TestPluginCache: Loggers are ''.
TpTrace Verbose: 0 : 15992, 2, 2026/07/20, 17:41:41.351, 374902262496, vstest.console.dll, TestPluginCache: TestHosts are 'HostProvider://DefaultTestHost,HostProvider://DotnetTestHost'.
TpTrace Verbose: 0 : 15992, 2, 2026/07/20, 17:41:41.351, 374902263116, vstest.console.dll, TestPluginCache: DataCollectors are ''.
TpTrace Information: 0 : 15992, 2, 2026/07/20, 17:41:41.378, 374902528221, vstest.console.dll, RunTestsArgumentProcessor:Execute: Test run is starting.
TpTrace Verbose: 0 : 15992, 2, 2026/07/20, 17:41:41.378, 374902529353, vstest.console.dll, RunTestsArgumentProcessor:Execute: Queuing Test run.
TpTrace Information: 0 : 15992, 2, 2026/07/20, 17:41:41.378, 374902532869, vstest.console.dll, TestRequestManager.RunTests: run tests started.
TpTrace Information: 0 : 15992, 2, 2026/07/20, 17:41:41.381, 374902563920, vstest.console.dll, AssemblyMetadataProvider.GetFrameworkName: Determined framework:'.NETCoreApp,Version=v10.0' for source: 'C:\Integral2u\source\repos\SharpMind\SharpMind.Tests\bin\Debug\net10.0\SharpMind.Tests.dll'
TpTrace Information: 0 : 15992, 2, 2026/07/20, 17:41:41.382, 374902567073, vstest.console.dll, Determined framework for all sources: .NETCoreApp,Version=v10.0
TpTrace Verbose: 0 : 15992, 2, 2026/07/20, 17:41:41.385, 374902596185, vstest.console.dll, TestRequestManager.UpdateRunSettingsIfRequired: Default architecture: X64 IsDefaultTargetArchitecture: True, Current process architecture: X64 OperatingSystem: Windows.
TpTrace Information: 0 : 15992, 2, 2026/07/20, 17:41:41.388, 374902625434, vstest.console.dll, AssemblyMetadataProvider.GetArchitecture: Determined architecture:AnyCPU info for assembly: C:\Integral2u\source\repos\SharpMind\SharpMind.Tests\bin\Debug\net10.0\SharpMind.Tests.dll
TpTrace Information: 0 : 15992, 2, 2026/07/20, 17:41:41.388, 374902626803, vstest.console.dll, Determined platform for source 'C:\Integral2u\source\repos\SharpMind\SharpMind.Tests\bin\Debug\net10.0\SharpMind.Tests.dll' was AnyCPU and it will use the default plaform X64.
TpTrace Information: 0 : 15992, 2, 2026/07/20, 17:41:41.388, 374902627225, vstest.console.dll, None of the sources provided any runnable platform, using the default platform: X64
TpTrace Information: 0 : 15992, 2, 2026/07/20, 17:41:41.388, 374902629219, vstest.console.dll, Platform was updated to 'X64'.
TpTrace Information: 0 : 15992, 2, 2026/07/20, 17:41:41.392, 374902666493, vstest.console.dll, Compatible sources list: 
TpTrace Information: 0 : 15992, 2, 2026/07/20, 17:41:41.392, 374902667852, vstest.console.dll, C:\Integral2u\source\repos\SharpMind\SharpMind.Tests\bin\Debug\net10.0\SharpMind.Tests.dll
TpTrace Information: 0 : 15992, 2, 2026/07/20, 17:41:41.397, 374902717686, vstest.console.dll, InferRunSettingsHelper.IsTestSettingsEnabled: Unable to navigate to RunSettings/MSTest. Current node: RunSettings
TpTrace Information: 0 : 15992, 2, 2026/07/20, 17:41:41.398, 374902730654, vstest.console.dll, AssemblyResolver.OnResolve: Microsoft.VisualStudio.TestPlatform.Fakes: Resolving assembly.
TpTrace Information: 0 : 15992, 2, 2026/07/20, 17:41:41.398, 374902731946, vstest.console.dll, AssemblyResolver.OnResolve: Microsoft.VisualStudio.TestPlatform.Fakes: Searching in: 'C:\Program Files\dotnet\sdk\10.0.400-preview.0.26322.102\Extensions'.
TpTrace Information: 0 : 15992, 2, 2026/07/20, 17:41:41.398, 374902733608, vstest.console.dll, AssemblyResolver.OnResolve: Microsoft.VisualStudio.TestPlatform.Fakes: Assembly path does not exist: 'C:\Program Files\dotnet\sdk\10.0.400-preview.0.26322.102\Extensions\Microsoft.VisualStudio.TestPlatform.Fakes.dll', returning.
TpTrace Information: 0 : 15992, 2, 2026/07/20, 17:41:41.399, 374902734935, vstest.console.dll, AssemblyResolver.OnResolve: Microsoft.VisualStudio.TestPlatform.Fakes: Assembly path does not exist: 'C:\Program Files\dotnet\sdk\10.0.400-preview.0.26322.102\Extensions\Microsoft.VisualStudio.TestPlatform.Fakes.exe', returning.
TpTrace Information: 0 : 15992, 2, 2026/07/20, 17:41:41.399, 374902735628, vstest.console.dll, AssemblyResolver.OnResolve: Microsoft.VisualStudio.TestPlatform.Fakes: Searching in: 'C:\Program Files\dotnet\sdk\10.0.400-preview.0.26322.102'.
TpTrace Information: 0 : 15992, 2, 2026/07/20, 17:41:41.399, 374902737138, vstest.console.dll, AssemblyResolver.OnResolve: Microsoft.VisualStudio.TestPlatform.Fakes: Assembly path does not exist: 'C:\Program Files\dotnet\sdk\10.0.400-preview.0.26322.102\Microsoft.VisualStudio.TestPlatform.Fakes.dll', returning.
TpTrace Information: 0 : 15992, 2, 2026/07/20, 17:41:41.399, 374902738630, vstest.console.dll, AssemblyResolver.OnResolve: Microsoft.VisualStudio.TestPlatform.Fakes: Assembly path does not exist: 'C:\Program Files\dotnet\sdk\10.0.400-preview.0.26322.102\Microsoft.VisualStudio.TestPlatform.Fakes.exe', returning.
TpTrace Information: 0 : 15992, 2, 2026/07/20, 17:41:41.399, 374902739427, vstest.console.dll, AssemblyResolver.OnResolve: Microsoft.VisualStudio.TestPlatform.Fakes: Failed to load assembly.
TpTrace Information: 0 : 15992, 2, 2026/07/20, 17:41:41.400, 374902744641, vstest.console.dll, Failed to load assembly Microsoft.VisualStudio.TestPlatform.Fakes, Version=18.0.0.0, Culture=neutral. Reason:System.IO.FileNotFoundException: Could not load file or assembly 'Microsoft.VisualStudio.TestPlatform.Fakes, Version=18.0.0.0, Culture=neutral, PublicKeyToken=null'. The system cannot find the file specified.
File name: 'Microsoft.VisualStudio.TestPlatform.Fakes, Version=18.0.0.0, Culture=neutral, PublicKeyToken=null'
   at System.Reflection.RuntimeAssembly.InternalLoad(AssemblyName assemblyName, StackCrawlMark& stackMark, AssemblyLoadContext assemblyLoadContext, RuntimeAssembly requestingAssembly, Boolean throwOnFileNotFound)
   at System.Reflection.Assembly.Load(AssemblyName assemblyRef)
   at Microsoft.VisualStudio.TestPlatform.Common.Utilities.FakesUtilities.LoadTestPlatformAssembly() in /_/src/vstest/src/Microsoft.TestPlatform.Common/Utilities/FakesUtilities.cs:line 200
TpTrace Verbose: 0 : 15992, 2, 2026/07/20, 17:41:41.403, 374902780059, vstest.console.dll, TestPluginCache: Update extensions started. Skip filter = False
TpTrace Verbose: 0 : 15992, 2, 2026/07/20, 17:41:41.410, 374902845713, vstest.console.dll, TestPluginCache: Using directories for assembly resolution 'C:\Users\tarra\.nuget\packages\coverlet.collector\10.0.0\build\net10.0'.
TpTrace Verbose: 0 : 15992, 2, 2026/07/20, 17:41:41.410, 374902847543, vstest.console.dll, TestPluginCache: Updated the available extensions to 'C:\Users\tarra\.nuget\packages\coverlet.collector\10.0.0\build\net10.0\coverlet.collector.dll'.
TpTrace Verbose: 0 : 15992, 2, 2026/07/20, 17:41:41.431, 374903055710, vstest.console.dll, TestEngine: Initializing Parallel Execution as MaxCpuCount is set to: 1
TpTrace Information: 0 : 15992, 2, 2026/07/20, 17:41:41.432, 374903074052, vstest.console.dll, TestPluginManager.CreateTestExtension: Attempting to load test extension: Microsoft.VisualStudio.TestPlatform.CrossPlatEngine.Hosting.DefaultTestHostManager
TpTrace Information: 0 : 15992, 2, 2026/07/20, 17:41:41.434, 374903086634, vstest.console.dll, TestPluginManager.CreateTestExtension: Attempting to load test extension: Microsoft.VisualStudio.TestPlatform.CrossPlatEngine.Hosting.DotnetTestHostManager
TpTrace Verbose: 0 : 15992, 2, 2026/07/20, 17:41:41.434, 374903090885, vstest.console.dll, TestHostManagerCallbacks.ctor: Forwarding output is enabled.
TpTrace Information: 0 : 15992, 2, 2026/07/20, 17:41:41.435, 374903097095, vstest.console.dll, InferRunSettingsHelper.IsTestSettingsEnabled: Unable to navigate to RunSettings/MSTest. Current node: RunSettings
TpTrace Verbose: 0 : 15992, 2, 2026/07/20, 17:41:41.436, 374903107583, vstest.console.dll, ParallelOperationManager.ClearSlots: Clearing all slots. Slots should accept more work: True
TpTrace Verbose: 0 : 15992, 2, 2026/07/20, 17:41:41.439, 374903139880, vstest.console.dll, ParallelOperationManager.SetOccupiedSlotCount: Setting slot counts AvailableSlotCount = 1, OccupiedSlotCount = 0.
TpTrace Verbose: 0 : 15992, 2, 2026/07/20, 17:41:41.440, 374903147401, vstest.console.dll, Occupied slots:

TpTrace Verbose: 0 : 15992, 2, 2026/07/20, 17:41:41.446, 374903204512, vstest.console.dll, TestEngine.GetExecutionManager: Chosen execution manager 'Microsoft.VisualStudio.TestPlatform.CrossPlatEngine.Client.Parallel.ParallelProxyExecutionManager, Microsoft.TestPlatform.CrossPlatEngine, Version=15.0.0.0, Culture=neutral, PublicKeyToken=b03f5f7f11d50a3a' ParallelLevel '1'.
TpTrace Verbose: 0 : 15992, 2, 2026/07/20, 17:41:41.446, 374903207559, vstest.console.dll, TestPlatform.GetSkipDefaultAdapters: Not skipping default adapters SkipDefaultAdapters was false.
TpTrace Verbose: 0 : 15992, 2, 2026/07/20, 17:41:41.446, 374903209021, vstest.console.dll, TestRunRequest.ExecuteAsync: Creating test run request.
TpTrace Verbose: 0 : 15992, 2, 2026/07/20, 17:41:41.447, 374903216917, vstest.console.dll, TestRunRequest.ExecuteAsync: Starting.
TpTrace Information: 0 : 15992, 2, 2026/07/20, 17:41:41.447, 374903221012, vstest.console.dll, TestRunRequest.ExecuteAsync: Starting run with settings:TestRunCriteria:
   KeepAlive=False,FrequencyOfRunStatsChangeEvent=10,RunStatsChangeEventTimeout=00:00:01.5000000,TestCaseFilter=,TestExecutorLauncher=
   Settingsxml=<RunSettings>
  <RunConfiguration>
    <ResultsDirectory>C:\Integral2u\source\repos\SharpMind\SharpMind.Tests\TestResults</ResultsDirectory>
    <TargetPlatform>X64</TargetPlatform>
    <TargetFrameworkVersion>.NETCoreApp,Version=v10.0</TargetFrameworkVersion>
    <TestAdaptersPaths>C:\Users\tarra\.nuget\packages\coverlet.collector\10.0.0\build\net10.0\</TestAdaptersPaths>
    <DesignMode>False</DesignMode>
    <CollectSourceInformation>False</CollectSourceInformation>
  </RunConfiguration>
  <LoggerRunSettings>
    <Loggers>
      <Logger friendlyName="Console" assemblyQualifiedName="Microsoft.VisualStudio.TestPlatform.CommandLine.Internal.ConsoleLogger, vstest.console, Version=15.0.0.0, Culture=neutral, PublicKeyToken=b03f5f7f11d50a3a" codeBase="C:\Program Files\dotnet\sdk\10.0.400-preview.0.26322.102\vstest.console.dll" enabled="True">
        <Configuration>
          <Verbosity>minimal</Verbosity>
        </Configuration>
      </Logger>
    </Loggers>
  </LoggerRunSettings>
</RunSettings>

TpTrace Verbose: 0 : 15992, 2, 2026/07/20, 17:41:41.447, 374903221773, vstest.console.dll, TestRunRequest.ExecuteAsync: Wait for the first run request is over.
TpTrace Verbose: 0 : 15992, 2, 2026/07/20, 17:41:41.448, 374903225812, vstest.console.dll, MulticastDelegateUtilities.SafeInvoke: TestRun.TestRunStart: Invoking callbacks was skipped because there are no subscribers.
TpTrace Verbose: 0 : 15992, 4, 2026/07/20, 17:41:41.448, 374903231098, vstest.console.dll, MulticastDelegateUtilities.SafeInvoke: InternalTestLoggerEvents.SendTestRunStart: Invoking callback 1/1 for Microsoft.VisualStudio.TestPlatform.CommandLine.Internal.ConsoleLogger., took 0 ms.
TpTrace Verbose: 0 : 15992, 2, 2026/07/20, 17:41:41.450, 374903246803, vstest.console.dll, ParallelProxyExecutionManager: Start execution. Total sources: 1
TpTrace Verbose: 0 : 15992, 2, 2026/07/20, 17:41:41.451, 374903259519, vstest.console.dll, ParallelOperationManager.StartWork: Starting adding 1 workloads.
TpTrace Verbose: 0 : 15992, 2, 2026/07/20, 17:41:41.451, 374903263101, vstest.console.dll, ParallelOperationManager.ClearSlots: Clearing all slots. Slots should accept more work: True
TpTrace Verbose: 0 : 15992, 2, 2026/07/20, 17:41:41.452, 374903265112, vstest.console.dll, ParallelOperationManager.SetOccupiedSlotCount: Setting slot counts AvailableSlotCount = 1, OccupiedSlotCount = 0.
TpTrace Verbose: 0 : 15992, 2, 2026/07/20, 17:41:41.452, 374903266219, vstest.console.dll, Occupied slots:

TpTrace Verbose: 0 : 15992, 2, 2026/07/20, 17:41:41.457, 374903317246, vstest.console.dll, TestHostManagerCallbacks.ctor: Forwarding output is enabled.
TpTrace Verbose: 0 : 15992, 2, 2026/07/20, 17:41:41.457, 374903324081, vstest.console.dll, TestRequestSender is acting as server.
TpTrace Verbose: 0 : 15992, 2, 2026/07/20, 17:41:41.458, 374903331334, vstest.console.dll, ParallelOperationManager.RunWorkInParallel: Adding 1 workload to slot, remaining workloads 0.
TpTrace Verbose: 0 : 15992, 2, 2026/07/20, 17:41:41.458, 374903332607, vstest.console.dll, ParallelOperationManager.SetOccupiedSlotCount: Setting slot counts AvailableSlotCount = 0, OccupiedSlotCount = 1.
TpTrace Verbose: 0 : 15992, 2, 2026/07/20, 17:41:41.459, 374903334496, vstest.console.dll, Occupied slots:
0: C:\Integral2u\source\repos\SharpMind\SharpMind.Tests\bin\Debug\net10.0\SharpMind.Tests.dll
TpTrace Verbose: 0 : 15992, 2, 2026/07/20, 17:41:41.461, 374903360522, vstest.console.dll, ParallelOperationManager.RunWorkInParallel: Started host in slot number 0 for work (source): C:\Integral2u\source\repos\SharpMind\SharpMind.Tests\bin\Debug\net10.0\SharpMind.Tests.dll.
TpTrace Verbose: 0 : 15992, 2, 2026/07/20, 17:41:41.462, 374903372714, vstest.console.dll, ParallelOperationManager.RunWorkInParallel: We started 1 work items, which is the max parallel level. Won't start more work.
TpTrace Verbose: 0 : 15992, 2, 2026/07/20, 17:41:41.463, 374903374180, vstest.console.dll, ParallelOperationManager.RunWorkInParallel: We started 1 work items in here, returning True.
TpTrace Information: 0 : 15992, 2, 2026/07/20, 17:41:41.463, 374903375017, vstest.console.dll, TestRunRequest.ExecuteAsync: Started.
TpTrace Verbose: 0 : 15992, 2, 2026/07/20, 17:41:41.463, 374903376684, vstest.console.dll, TestRunRequest.WaitForCompletion: Waiting with timeout -1.
TpTrace Verbose: 0 : 15992, 5, 2026/07/20, 17:41:41.463, 374903380703, vstest.console.dll, ParallelProxyExecutionManager.StartTestRunOnConcurrentManager: Initializing uninitialized client. Started clients: 0
TpTrace Verbose: 0 : 15992, 5, 2026/07/20, 17:41:41.463, 374903381838, vstest.console.dll, ParallelProxyExecutionManager.StartTestRunOnConcurrentManager: Initializing test run. Started clients: 0
TpTrace Verbose: 0 : 15992, 5, 2026/07/20, 17:41:41.463, 374903383092, vstest.console.dll, ProxyExecutionManager: Test host is always Lazy initialize.
TpTrace Verbose: 0 : 15992, 5, 2026/07/20, 17:41:41.464, 374903386879, vstest.console.dll, TestRequestSender.InitializeCommunication: initialize communication. 
TpTrace Information: 0 : 15992, 5, 2026/07/20, 17:41:41.482, 374903565136, vstest.console.dll, SocketServer.Start: Listening on endpoint : 127.0.0.1:55739
TpTrace Verbose: 0 : 15992, 5, 2026/07/20, 17:41:41.493, 374903676818, vstest.console.dll, DotnetTestHostmanager.GetTestHostProcessStartInfo: Platform environment 'X64' target architecture 'X64' framework '.NETCoreApp,Version=v10.0' OS 'Windows'
TpTrace Verbose: 0 : 15992, 5, 2026/07/20, 17:41:41.493, 374903680524, vstest.console.dll, DotnetTestHostmanager.LaunchTestHostAsync: VSTEST_DOTNET_ROOT_PATH=C:\Program Files\dotnet
TpTrace Verbose: 0 : 15992, 5, 2026/07/20, 17:41:41.493, 374903681246, vstest.console.dll, DotnetTestHostmanager.LaunchTestHostAsync: VSTEST_DOTNET_ROOT_ARCHITECTURE=X64
TpTrace Verbose: 0 : 15992, 5, 2026/07/20, 17:41:41.493, 374903683059, vstest.console.dll, DotnetTestHostManager.SetDotnetRootForArchitecture: Adding DOTNET_ROOT_X64=C:\Program Files\dotnet to testhost start info.
TpTrace Verbose: 0 : 15992, 5, 2026/07/20, 17:41:41.494, 374903687470, vstest.console.dll, DotnetTestHostmanager: Adding  --runtimeconfig "C:\Integral2u\source\repos\SharpMind\SharpMind.Tests\bin\Debug\net10.0\SharpMind.Tests.runtimeconfig.json" in args
TpTrace Verbose: 0 : 15992, 5, 2026/07/20, 17:41:41.494, 374903689428, vstest.console.dll, DotnetTestHostmanager: Adding  --depsfile "C:\Integral2u\source\repos\SharpMind\SharpMind.Tests\bin\Debug\net10.0\SharpMind.Tests.deps.json" in args
TpTrace Verbose: 0 : 15992, 5, 2026/07/20, 17:41:41.495, 374903696495, vstest.console.dll, DotnetTestHostmanager.IsWinOnArm: Current PROCESSOR_ARCHITECTURE from environment variable 'AMD64'
TpTrace Verbose: 0 : 15992, 5, 2026/07/20, 17:41:41.495, 374903699627, vstest.console.dll, DotnetTestHostmanager.IsWinOnArm: Is Windows on ARM 'False'
TpTrace Verbose: 0 : 15992, 5, 2026/07/20, 17:41:41.496, 374903704649, vstest.console.dll, DotnetTestHostManager: testhost.exe found at path: C:\Integral2u\source\repos\SharpMind\SharpMind.Tests\bin\Debug\net10.0\testhost.exe
TpTrace Verbose: 0 : 15992, 5, 2026/07/20, 17:41:41.496, 374903706124, vstest.console.dll, DotnetTestHostmanager: Full path of host exe is C:\Integral2u\source\repos\SharpMind\SharpMind.Tests\bin\Debug\net10.0\testhost.exe
TpTrace Verbose: 0 : 15992, 5, 2026/07/20, 17:41:41.503, 374903775265, vstest.console.dll, DotnetTestHostManager: Starting process '0' with command line '1' and DOTNET environment: DOTNET_ROOT_X64=C:\Program Files\dotnet, DOTNET_ROOT=C:\Program Files\dotnet 
TpTrace Verbose: 0 : 15992, 5, 2026/07/20, 17:41:41.503, 374903776890, vstest.console.dll, DotnetTestHostManager: Launching testhost with CreateNoWindow=True
TpTrace Verbose: 0 : 15992, 5, 2026/07/20, 17:41:41.528, 374904025218, vstest.console.dll, Test Runtime launched
TpTrace Verbose: 0 : 15992, 5, 2026/07/20, 17:41:41.528, 374904027223, vstest.console.dll, MulticastDelegateUtilities.SafeInvoke: HostProviderEvents.OnHostLaunched: Invoking callback 1/1 for Microsoft.VisualStudio.TestPlatform.CrossPlatEngine.Client.ProxyOperationManager., took 0 ms.
TpTrace Verbose: 0 : 15992, 5, 2026/07/20, 17:41:41.528, 374904032180, vstest.console.dll, TestRequestSender.WaitForRequestHandlerConnection: waiting for connection with timeout: 90000.
TpTrace Verbose: 0 : 15992, 10, 2026/07/20, 17:41:41.825, 374906994784, vstest.console.dll, MulticastDelegateUtilities.SafeInvoke: SocketServer: ClientConnected: Invoking callback 1/1 for Microsoft.VisualStudio.TestPlatform.CommunicationUtilities.TestRequestSender., took 0 ms.
TpTrace Verbose: 0 : 15992, 5, 2026/07/20, 17:41:41.825, 374906994784, vstest.console.dll, TestRequestSender.WaitForRequestHandlerConnection: waiting took 296 ms, with timeout 90000 ms, and result 0, which is success.
TpTrace Verbose: 0 : 15992, 10, 2026/07/20, 17:41:41.825, 374906996674, vstest.console.dll, SocketServer.OnClientConnected: Client connected for endPoint: 127.0.0.1:55739, starting MessageLoopAsync:
TpTrace Verbose: 0 : 15992, 10, 2026/07/20, 17:41:41.830, 374907053537, vstest.console.dll, TcpClientExtensions.MessageLoopAsync: Polling on remoteEndPoint: 127.0.0.1:55740 localEndPoint: 127.0.0.1:55739 after 0 ms
TpTrace Verbose: 0 : 15992, 5, 2026/07/20, 17:41:41.902, 374907767938, vstest.console.dll, TestRequestSender.CheckVersionWithTestHost: Sending check version message: {"MessageType":"ProtocolVersion","Payload":7}
TpTrace Verbose: 0 : 15992, 10, 2026/07/20, 17:41:42.098, 374909731420, vstest.console.dll, TcpClientExtensions.MessageLoopAsync: NotifyDataAvailable remoteEndPoint: 127.0.0.1:55740 localEndPoint: 127.0.0.1:55739
TpTrace Verbose: 0 : 15992, 10, 2026/07/20, 17:41:42.099, 374909735818, vstest.console.dll, TestRequestSender.CheckVersionWithTestHost: onMessageReceived received message: (ProtocolVersion) -> {"MessageType":"ProtocolVersion","Payload":7}
TpTrace Verbose: 0 : 15992, 10, 2026/07/20, 17:41:42.106, 374909811216, vstest.console.dll, MulticastDelegateUtilities.SafeInvoke: LengthPrefixCommunicationChannel: MessageReceived: Invoking callback 1/1 for Microsoft.VisualStudio.TestPlatform.CommunicationUtilities.TestRequestSender+<>c__DisplayClass29_0., took 7 ms.
TpTrace Verbose: 0 : 15992, 10, 2026/07/20, 17:41:42.106, 374909813343, vstest.console.dll, TcpClientExtensions.MessageLoopAsync: Polling on remoteEndPoint: 127.0.0.1:55740 localEndPoint: 127.0.0.1:55739 after 275 ms
TpTrace Verbose: 0 : 15992, 5, 2026/07/20, 17:41:42.106, 374909813523, vstest.console.dll, TestPluginCache.GetExtensionPaths: Filtered extension paths: 
TpTrace Verbose: 0 : 15992, 5, 2026/07/20, 17:41:42.107, 374909814896, vstest.console.dll, TestPluginCache.GetExtensionPaths: Added default extension paths: C:\Program Files\dotnet\sdk\10.0.400-preview.0.26322.102\Extensions\Microsoft.Diagnostics.NETCore.Client.dll
C:\Program Files\dotnet\sdk\10.0.400-preview.0.26322.102\Extensions\Microsoft.TestPlatform.Extensions.BlameDataCollector.dll
C:\Program Files\dotnet\sdk\10.0.400-preview.0.26322.102\Extensions\Microsoft.TestPlatform.Extensions.EventLogCollector.dll
C:\Program Files\dotnet\sdk\10.0.400-preview.0.26322.102\Extensions\Microsoft.TestPlatform.TestHostRuntimeProvider.dll
C:\Program Files\dotnet\sdk\10.0.400-preview.0.26322.102\Extensions\Microsoft.VisualStudio.TestPlatform.Extensions.Html.TestLogger.dll
C:\Program Files\dotnet\sdk\10.0.400-preview.0.26322.102\Extensions\Microsoft.VisualStudio.TestPlatform.Extensions.Trx.TestLogger.dll
TpTrace Verbose: 0 : 15992, 5, 2026/07/20, 17:41:42.107, 374909815825, vstest.console.dll, TestPluginCache.GetExtensionPaths: Added unfilterableExtensionPaths: 
TpTrace Verbose: 0 : 15992, 10, 2026/07/20, 17:41:42.110, 374909852691, vstest.console.dll, TcpClientExtensions.MessageLoopAsync: NotifyDataAvailable remoteEndPoint: 127.0.0.1:55740 localEndPoint: 127.0.0.1:55739
TpTrace Verbose: 0 : 15992, 5, 2026/07/20, 17:41:42.114, 374909889392, vstest.console.dll, TestRequestSender.InitializeExecution: Sending initialize execution with message: {"Version":7,"MessageType":"TestExecution.Initialize","Payload":["C:\\Integral2u\\source\\repos\\SharpMind\\SharpMind.Tests\\bin\\Debug\\net10.0\\xunit.runner.visualstudio.testadapter.dll"]}
TpTrace Verbose: 0 : 15992, 5, 2026/07/20, 17:41:42.114, 374909892474, vstest.console.dll, ParallelProxyExecutionManager.StartTestRunOnConcurrentManager: Execution starting. Started clients: 1
TpTrace Warning: 0 : 15992, 5, 2026/07/20, 17:41:42.115, 374909897692, vstest.console.dll, InferRunSettingsHelper.MakeRunsettingsCompatible: Removing the following settings: TargetPlatform from RunSettings file. To use those settings please move to latest version of Microsoft.NET.Test.Sdk
TpTrace Verbose: 0 : 15992, 10, 2026/07/20, 17:41:42.116, 374909911747, vstest.console.dll, TestRequestSender.OnExecutionMessageReceived: Received message: {"Version":7,"MessageType":"TestSession.Message","Payload":{"MessageLevel":0,"Message":"Logging TestHost Diagnostics in file: C:\\Integral2u\\source\\repos\\SharpMind\\test-results.host.26-07-20_17-41-41_49216_5.txt"}}
TpTrace Verbose: 0 : 15992, 10, 2026/07/20, 17:41:42.125, 374909999608, vstest.console.dll, TestRunRequest:SendTestRunMessage: Starting.
TpTrace Verbose: 0 : 15992, 10, 2026/07/20, 17:41:42.126, 374910006197, vstest.console.dll, MulticastDelegateUtilities.SafeInvoke: TestRun.LogMessages: Invoking callback 1/1 for Microsoft.VisualStudio.TestPlatform.CommandLine.TestRunResultAggregator., took 0 ms.
TpTrace Information: 0 : 15992, 10, 2026/07/20, 17:41:42.126, 374910008967, vstest.console.dll, TestRunRequest:SendTestRunMessage: Completed.
TpTrace Verbose: 0 : 15992, 10, 2026/07/20, 17:41:42.126, 374910010570, vstest.console.dll, MulticastDelegateUtilities.SafeInvoke: LengthPrefixCommunicationChannel: MessageReceived: Invoking callback 1/1 for Microsoft.VisualStudio.TestPlatform.CommunicationUtilities.TestRequestSender+<>c__DisplayClass34_0., took 10 ms.
TpTrace Verbose: 0 : 15992, 10, 2026/07/20, 17:41:42.126, 374910011488, vstest.console.dll, TcpClientExtensions.MessageLoopAsync: Polling on remoteEndPoint: 127.0.0.1:55740 localEndPoint: 127.0.0.1:55739 after 19 ms
TpTrace Verbose: 0 : 15992, 4, 2026/07/20, 17:41:42.131, 374910063700, vstest.console.dll, MulticastDelegateUtilities.SafeInvoke: InternalTestLoggerEvents.SendTestRunMessage: Invoking callback 1/1 for Microsoft.VisualStudio.TestPlatform.CommandLine.Internal.ConsoleLogger., took 0 ms.
TpTrace Verbose: 0 : 15992, 5, 2026/07/20, 17:41:42.144, 374910188174, vstest.console.dll, TestRequestSender.StartTestRun: Sending test run with message: {"Version":7,"MessageType":"TestExecution.StartWithSources","Payload":{"AdapterSourceMap":{"_none_":["C:\\Integral2u\\source\\repos\\SharpMind\\SharpMind.Tests\\bin\\Debug\\net10.0\\SharpMind.Tests.dll"]},"RunSettings":"<RunSettings>\r\n  <RunConfiguration>\r\n    <ResultsDirectory>C:\\Integral2u\\source\\repos\\SharpMind\\SharpMind.Tests\\TestResults</ResultsDirectory>\r\n    <TargetFrameworkVersion>.NETCoreApp,Version=v10.0</TargetFrameworkVersion>\r\n    <TestAdaptersPaths>C:\\Users\\tarra\\.nuget\\packages\\coverlet.collector\\10.0.0\\build\\net10.0\\</TestAdaptersPaths>\r\n    <DesignMode>False</DesignMode>\r\n    <CollectSourceInformation>False</CollectSourceInformation>\r\n  </RunConfiguration>\r\n  <LoggerRunSettings>\r\n    <Loggers>\r\n      <Logger friendlyName=\"Console\" assemblyQualifiedName=\"Microsoft.VisualStudio.TestPlatform.CommandLine.Internal.ConsoleLogger, vstest.console, Version=15.0.0.0, Culture=neutral, PublicKeyToken=b03f5f7f11d50a3a\" codeBase=\"C:\\Program Files\\dotnet\\sdk\\10.0.400-preview.0.26322.102\\vstest.console.dll\" enabled=\"True\">\r\n        <Configuration>\r\n          <Verbosity>minimal</Verbosity>\r\n        </Configuration>\r\n      </Logger>\r\n    </Loggers>\r\n  </LoggerRunSettings>\r\n</RunSettings>","TestExecutionContext":{"FrequencyOfRunStatsChangeEvent":10,"RunStatsChangeEventTimeout":"00:00:01.5000000","InIsolation":false,"KeepAlive":false,"AreTestCaseLevelEventsRequired":false,"IsDebug":false,"TestCaseFilter":null,"FilterOptions":null},"Package":null}}
TpTrace Verbose: 0 : 15992, 5, 2026/07/20, 17:41:42.144, 374910190710, vstest.console.dll, ParallelProxyExecutionManager.StartTestRunOnConcurrentManager: Execution started. Started clients: 1
TpTrace Verbose: 0 : 15992, 10, 2026/07/20, 17:41:42.510, 374913846040, vstest.console.dll, TcpClientExtensions.MessageLoopAsync: NotifyDataAvailable remoteEndPoint: 127.0.0.1:55740 localEndPoint: 127.0.0.1:55739
TpTrace Verbose: 0 : 15992, 10, 2026/07/20, 17:41:42.510, 374913848344, vstest.console.dll, TestRequestSender.OnExecutionMessageReceived: Received message: {"Version":7,"MessageType":"TestSession.Message","Payload":{"MessageLevel":0,"Message":"[xUnit.net 00:00:00.01] xUnit.net VSTest Adapter v3.1.5+1b188a7b0a (64-bit .NET 10.0.9)"}}
TpTrace Verbose: 0 : 15992, 10, 2026/07/20, 17:41:42.510, 374913852006, vstest.console.dll, TestRunRequest:SendTestRunMessage: Starting.
TpTrace Verbose: 0 : 15992, 10, 2026/07/20, 17:41:42.510, 374913853682, vstest.console.dll, MulticastDelegateUtilities.SafeInvoke: TestRun.LogMessages: Invoking callback 1/1 for Microsoft.VisualStudio.TestPlatform.CommandLine.TestRunResultAggregator., took 0 ms.
TpTrace Verbose: 0 : 15992, 4, 2026/07/20, 17:41:42.510, 374913854092, vstest.console.dll, MulticastDelegateUtilities.SafeInvoke: InternalTestLoggerEvents.SendTestRunMessage: Invoking callback 1/1 for Microsoft.VisualStudio.TestPlatform.CommandLine.Internal.ConsoleLogger., took 0 ms.
TpTrace Information: 0 : 15992, 10, 2026/07/20, 17:41:42.511, 374913854663, vstest.console.dll, TestRunRequest:SendTestRunMessage: Completed.
TpTrace Verbose: 0 : 15992, 10, 2026/07/20, 17:41:42.511, 374913856720, vstest.console.dll, MulticastDelegateUtilities.SafeInvoke: LengthPrefixCommunicationChannel: MessageReceived: Invoking callback 1/1 for Microsoft.VisualStudio.TestPlatform.CommunicationUtilities.TestRequestSender+<>c__DisplayClass34_0., took 0 ms.
TpTrace Verbose: 0 : 15992, 10, 2026/07/20, 17:41:42.511, 374913857609, vstest.console.dll, TcpClientExtensions.MessageLoopAsync: Polling on remoteEndPoint: 127.0.0.1:55740 localEndPoint: 127.0.0.1:55739 after 384 ms
TpTrace Verbose: 0 : 15992, 10, 2026/07/20, 17:41:43.042, 374919169126, vstest.console.dll, TcpClientExtensions.MessageLoopAsync: NotifyDataAvailable remoteEndPoint: 127.0.0.1:55740 localEndPoint: 127.0.0.1:55739
TpTrace Verbose: 0 : 15992, 10, 2026/07/20, 17:41:43.042, 374919171591, vstest.console.dll, TestRequestSender.OnExecutionMessageReceived: Received message: {"Version":7,"MessageType":"TestSession.Message","Payload":{"MessageLevel":0,"Message":"[xUnit.net 00:00:00.54]   Discovering: SharpMind.Tests"}}
TpTrace Verbose: 0 : 15992, 10, 2026/07/20, 17:41:43.042, 374919173420, vstest.console.dll, TestRunRequest:SendTestRunMessage: Starting.
TpTrace Verbose: 0 : 15992, 10, 2026/07/20, 17:41:43.043, 374919174687, vstest.console.dll, MulticastDelegateUtilities.SafeInvoke: TestRun.LogMessages: Invoking callback 1/1 for Microsoft.VisualStudio.TestPlatform.CommandLine.TestRunResultAggregator., took 0 ms.
TpTrace Information: 0 : 15992, 10, 2026/07/20, 17:41:43.043, 374919175362, vstest.console.dll, TestRunRequest:SendTestRunMessage: Completed.
TpTrace Verbose: 0 : 15992, 4, 2026/07/20, 17:41:43.043, 374919175759, vstest.console.dll, MulticastDelegateUtilities.SafeInvoke: InternalTestLoggerEvents.SendTestRunMessage: Invoking callback 1/1 for Microsoft.VisualStudio.TestPlatform.CommandLine.Internal.ConsoleLogger., took 0 ms.
TpTrace Verbose: 0 : 15992, 10, 2026/07/20, 17:41:43.043, 374919176185, vstest.console.dll, MulticastDelegateUtilities.SafeInvoke: LengthPrefixCommunicationChannel: MessageReceived: Invoking callback 1/1 for Microsoft.VisualStudio.TestPlatform.CommunicationUtilities.TestRequestSender+<>c__DisplayClass34_0., took 0 ms.
TpTrace Verbose: 0 : 15992, 10, 2026/07/20, 17:41:43.043, 374919178459, vstest.console.dll, TcpClientExtensions.MessageLoopAsync: Polling on remoteEndPoint: 127.0.0.1:55740 localEndPoint: 127.0.0.1:55739 after 532 ms
TpTrace Verbose: 0 : 15992, 10, 2026/07/20, 17:41:43.969, 374928440093, vstest.console.dll, TcpClientExtensions.MessageLoopAsync: NotifyDataAvailable remoteEndPoint: 127.0.0.1:55740 localEndPoint: 127.0.0.1:55739
TpTrace Verbose: 0 : 15992, 10, 2026/07/20, 17:41:43.969, 374928442344, vstest.console.dll, TestRequestSender.OnExecutionMessageReceived: Received message: {"Version":7,"MessageType":"TestSession.Message","Payload":{"MessageLevel":0,"Message":"[xUnit.net 00:00:01.47]   Discovered:  SharpMind.Tests"}}
TpTrace Verbose: 0 : 15992, 10, 2026/07/20, 17:41:43.970, 374928444168, vstest.console.dll, TestRunRequest:SendTestRunMessage: Starting.
TpTrace Verbose: 0 : 15992, 10, 2026/07/20, 17:41:43.970, 374928445231, vstest.console.dll, MulticastDelegateUtilities.SafeInvoke: TestRun.LogMessages: Invoking callback 1/1 for Microsoft.VisualStudio.TestPlatform.CommandLine.TestRunResultAggregator., took 0 ms.
TpTrace Information: 0 : 15992, 10, 2026/07/20, 17:41:43.970, 374928446095, vstest.console.dll, TestRunRequest:SendTestRunMessage: Completed.
TpTrace Verbose: 0 : 15992, 10, 2026/07/20, 17:41:43.970, 374928446756, vstest.console.dll, MulticastDelegateUtilities.SafeInvoke: LengthPrefixCommunicationChannel: MessageReceived: Invoking callback 1/1 for Microsoft.VisualStudio.TestPlatform.CommunicationUtilities.TestRequestSender+<>c__DisplayClass34_0., took 0 ms.
TpTrace Verbose: 0 : 15992, 10, 2026/07/20, 17:41:43.970, 374928447436, vstest.console.dll, TcpClientExtensions.MessageLoopAsync: Polling on remoteEndPoint: 127.0.0.1:55740 localEndPoint: 127.0.0.1:55739 after 926 ms
TpTrace Verbose: 0 : 15992, 4, 2026/07/20, 17:41:43.970, 374928448879, vstest.console.dll, MulticastDelegateUtilities.SafeInvoke: InternalTestLoggerEvents.SendTestRunMessage: Invoking callback 1/1 for Microsoft.VisualStudio.TestPlatform.CommandLine.Internal.ConsoleLogger., took 0 ms.
TpTrace Verbose: 0 : 15992, 10, 2026/07/20, 17:41:44.111, 374929857849, vstest.console.dll, TcpClientExtensions.MessageLoopAsync: NotifyDataAvailable remoteEndPoint: 127.0.0.1:55740 localEndPoint: 127.0.0.1:55739
TpTrace Verbose: 0 : 15992, 10, 2026/07/20, 17:41:44.111, 374929859915, vstest.console.dll, TestRequestSender.OnExecutionMessageReceived: Received message: {"Version":7,"MessageType":"TestSession.Message","Payload":{"MessageLevel":0,"Message":"[xUnit.net 00:00:01.61]   Starting:    SharpMind.Tests"}}
TpTrace Verbose: 0 : 15992, 10, 2026/07/20, 17:41:44.111, 374929861701, vstest.console.dll, TestRunRequest:SendTestRunMessage: Starting.
TpTrace Verbose: 0 : 15992, 10, 2026/07/20, 17:41:44.111, 374929862812, vstest.console.dll, MulticastDelegateUtilities.SafeInvoke: TestRun.LogMessages: Invoking callback 1/1 for Microsoft.VisualStudio.TestPlatform.CommandLine.TestRunResultAggregator., took 0 ms.
TpTrace Verbose: 0 : 15992, 4, 2026/07/20, 17:41:44.111, 374929863207, vstest.console.dll, MulticastDelegateUtilities.SafeInvoke: InternalTestLoggerEvents.SendTestRunMessage: Invoking callback 1/1 for Microsoft.VisualStudio.TestPlatform.CommandLine.Internal.ConsoleLogger., took 0 ms.
TpTrace Information: 0 : 15992, 10, 2026/07/20, 17:41:44.111, 374929863491, vstest.console.dll, TestRunRequest:SendTestRunMessage: Completed.
TpTrace Verbose: 0 : 15992, 10, 2026/07/20, 17:41:44.112, 374929865083, vstest.console.dll, MulticastDelegateUtilities.SafeInvoke: LengthPrefixCommunicationChannel: MessageReceived: Invoking callback 1/1 for Microsoft.VisualStudio.TestPlatform.CommunicationUtilities.TestRequestSender+<>c__DisplayClass34_0., took 0 ms.
TpTrace Verbose: 0 : 15992, 10, 2026/07/20, 17:41:44.112, 374929865817, vstest.console.dll, TcpClientExtensions.MessageLoopAsync: Polling on remoteEndPoint: 127.0.0.1:55740 localEndPoint: 127.0.0.1:55739 after 141 ms
TpTrace Verbose: 0 : 15992, 10, 2026/07/20, 17:41:44.240, 374931151534, vstest.console.dll, TcpClientExtensions.MessageLoopAsync: NotifyDataAvailable remoteEndPoint: 127.0.0.1:55740 localEndPoint: 127.0.0.1:55739
TpTrace Verbose: 0 : 15992, 10, 2026/07/20, 17:41:44.240, 374931153745, vstest.console.dll, TestRequestSender.OnExecutionMessageReceived: Received message: {"Version":7,"MessageType":"TestExecution.StatsChange","Payload":{"NewTestResults":[],"TestRunStatistics":{"ExecutedTests":0,"Stats":{}},"ActiveTests":[{"Id":"3a733a7c-1d3d-084b-d207-a323c2811581","FullyQualifiedName":"SharpMind.Tests.Data.CleaningPipelineTests.ChainedStages_ApplyInOrder","DisplayName":"SharpMind.Tests.Data.CleaningPipelineTests.ChainedStages_ApplyInOrder","ExecutorUri":"executor://xunit/VsTestRunner3/netcore/","Source":"C:\\Integral2u\\source\\repos\\SharpMind\\SharpMind.Tests\\bin\\Debug\\net10.0\\SharpMind.Tests.dll","CodeFilePath":null,"LineNumber":0,"Properties":[{"Key":{"Id":"TestCase.ManagedType","Label":"ManagedType","Category":"","Description":"","Attributes":1,"ValueType":"System.String"},"Value":"SharpMind.Tests.Data.CleaningPipelineTests"},{"Key":{"Id":"XunitTestCaseUniqueID","Label":"xUnit.net Test Case Unique ID","Category":"","Description":"","Attributes":0,"ValueType":"System.String"},"Value":"042e069108db28735d951ae8abdbd60c6101a54d"},{"Key":{"Id":"TestCase.ManagedMethod","Label":"ManagedMethod","Category":"","Description":"","Attributes":1,"ValueType":"System.String"},"Value":"ChainedStages_ApplyInOrder"},{"Key":{"Id":"XunitTestCaseExplicit","Label":"xUnit.net Test Case Explicit Flag","Category":"","Description":"","Attributes":0,"ValueType":"System.Boolean"},"Value":false}]}]}}
TpTrace Verbose: 0 : 15992, 10, 2026/07/20, 17:41:44.292, 374931665934, vstest.console.dll, TestRunRequest:SendTestRunStatsChange: Starting.
TpTrace Verbose: 0 : 15992, 10, 2026/07/20, 17:41:44.292, 374931668593, vstest.console.dll, InProgress is SharpMind.Tests.Data.CleaningPipelineTests.ChainedStages_ApplyInOrder
TpTrace Verbose: 0 : 15992, 10, 2026/07/20, 17:41:44.292, 374931670419, vstest.console.dll, MulticastDelegateUtilities.SafeInvoke: TestRun.RunStatsChanged: Invoking callbacks was skipped because there are no subscribers.
TpTrace Information: 0 : 15992, 10, 2026/07/20, 17:41:44.292, 374931671102, vstest.console.dll, TestRunRequest:SendTestRunStatsChange: Completed.
TpTrace Verbose: 0 : 15992, 10, 2026/07/20, 17:41:44.292, 374931671695, vstest.console.dll, MulticastDelegateUtilities.SafeInvoke: LengthPrefixCommunicationChannel: MessageReceived: Invoking callback 1/1 for Microsoft.VisualStudio.TestPlatform.CommunicationUtilities.TestRequestSender+<>c__DisplayClass34_0., took 51 ms.
TpTrace Verbose: 0 : 15992, 10, 2026/07/20, 17:41:44.292, 374931672348, vstest.console.dll, TcpClientExtensions.MessageLoopAsync: Polling on remoteEndPoint: 127.0.0.1:55740 localEndPoint: 127.0.0.1:55739 after 180 ms
TpTrace Verbose: 0 : 15992, 10, 2026/07/20, 17:41:44.770, 374936449673, vstest.console.dll, TcpClientExtensions.MessageLoopAsync: NotifyDataAvailable remoteEndPoint: 127.0.0.1:55740 localEndPoint: 127.0.0.1:55739
TpTrace Verbose: 0 : 15992, 10, 2026/07/20, 17:41:44.776, 374936505084, vstest.console.dll, TestRequestSender.OnExecutionMessageReceived: Received message: {"Version":7,"MessageType":"TestExecution.StatsChange","Payload":{"NewTestResults":[{"TestCase":{"Id":"3a733a7c-1d3d-084b-d207-a323c2811581","FullyQualifiedName":"SharpMind.Tests.Data.CleaningPipelineTests.ChainedStages_ApplyInOrder","DisplayName":"SharpMind.Tests.Data.CleaningPipelineTests.ChainedStages_ApplyInOrder","ExecutorUri":"executor://xunit/VsTestRunner3/netcore/","Source":"C:\\Integral2u\\source\\repos\\SharpMind\\SharpMind.Tests\\bin\\Debug\\net10.0\\SharpMind.Tests.dll","CodeFilePath":null,"LineNumber":0,"Properties":[{"Key":{"Id":"TestCase.ManagedType","Label":"ManagedType","Category":"","Description":"","Attributes":1,"ValueType":"System.String"},"Value":"SharpMind.Tests.Data.CleaningPipelineTests"},{"Key":{"Id":"XunitTestCaseUniqueID","Label":"xUnit.net Test Case Unique ID","Category":"","Description":"","Attributes":0,"ValueType":"System.String"},"Value":"042e069108db28735d951ae8abdbd60c6101a54d"},{"Key":{"Id":"TestCase.ManagedMethod","Label":"ManagedMethod","Category":"","Description":"","Attributes":1,"ValueType":"System.String"},"Value":"ChainedStages_ApplyInOrder"},{"Key":{"Id":"XunitTestCaseExplicit","Label":"xUnit.net Test Case Explicit Flag","Category":"","Description":"","Attributes":0,"ValueType":"System.Boolean"},"Value":false}]},"Attachments":[],"Outcome":1,"ErrorMessage":null,"ErrorStackTrace":null,"DisplayName":"SharpMind.Tests.Data.CleaningPipelineTests.ChainedStages_ApplyInOrder","Messages":[],"ComputerName":"LAPTOP-MKMTSO1B","Duration":"00:00:00.1308622","StartTime":"2026-07-20T05:41:44.2456108+00:00","EndTime":"2026-07-20T05:41:44.3278551+00:00","Properties":[]},{"TestCase":{"Id":"6c79de35-46d3-e965-923c-ebc496aac112","FullyQualifiedName":"SharpMind.Tests.Data.PseudoLanguageGeneratorTests.Generator_GeneratePatterns_ReturnsValidSequences","DisplayName":"SharpMind.Tests.Data.PseudoLanguageGeneratorTests.Generator_GeneratePatterns_ReturnsValidSequences","ExecutorUri":"executor://xunit/VsTestRunner3/netcore/","Source":"C:\\Integral2u\\source\\repos\\SharpMind\\SharpMind.Tests\\bin\\Debug\\net10.0\\SharpMind.Tests.dll","CodeFilePath":null,"LineNumber":0,"Properties":[{"Key":{"Id":"TestCase.ManagedType","Label":"ManagedType","Category":"","Description":"","Attributes":1,"ValueType":"System.String"},"Value":"SharpMind.Tests.Data.PseudoLanguageGeneratorTests"},{"Key":{"Id":"XunitTestCaseUniqueID","Label":"xUnit.net Test Case Unique ID","Category":"","Description":"","Attributes":0,"ValueType":"System.String"},"Value":"12f9eff7587a03a02e6a537d5021b2da094a662f"},{"Key":{"Id":"TestCase.ManagedMethod","Label":"ManagedMethod","Category":"","Description":"","Attributes":1,"ValueType":"System.String"},"Value":"Generator_GeneratePatterns_ReturnsValidSequences"},{"Key":{"Id":"XunitTestCaseExplicit","Label":"xUnit.net Test Case Explicit Flag","Category":"","Description":"","Attributes":0,"ValueType":"System.Boolean"},"Value":false}]},"Attachments":[],"Outcome":1,"ErrorMessage":null,"ErrorStackTrace":null,"DisplayName":"SharpMind.Tests.Data.PseudoLanguageGeneratorTests.Generator_GeneratePatterns_ReturnsValidSequences","Messages":[],"ComputerName":"LAPTOP-MKMTSO1B","Duration":"00:00:00.0870815","StartTime":"2026-07-20T05:41:44.2708231+00:00","EndTime":"2026-07-20T05:41:44.3620706+00:00","Properties":[]},{"TestCase":{"Id":"c70561fa-f61c-d081-25e2-423e4dedc33f","FullyQualifiedName":"SharpMind.Tests.Data.PseudoLanguageGeneratorTests.Generator_ContainsDerivedWords","DisplayName":"SharpMind.Tests.Data.PseudoLanguageGeneratorTests.Generator_ContainsDerivedWords","ExecutorUri":"executor://xunit/VsTestRunner3/netcore/","Source":"C:\\Integral2u\\source\\repos\\SharpMind\\SharpMind.Tests\\bin\\Debug\\net10.0\\SharpMind.Tests.dll","CodeFilePath":null,"LineNumber":0,"Properties":[{"Key":{"Id":"TestCase.ManagedType","Label":"ManagedType","Category":"","Description":"","Attributes":1,"ValueType":"System.String"},"Value":"SharpMind.Tests.Data.PseudoLanguageGeneratorTests"},{"Key":{"Id":"XunitTestCaseUniqueID","Label":"xUnit.net Test Case Unique ID","Category":"","Description":"","Attributes":0,"ValueType":"System.String"},"Value":"2ee3809629d9776023fe86880a4e109bd29f3ae6"},{"Key":{"Id":"TestCase.ManagedMethod","Label":"ManagedMethod","Category":"","Description":"","Attributes":1,"ValueType":"System.String"},"Value":"Generator_ContainsDerivedWords"},{"Key":{"Id":"XunitTestCaseExplicit","Label":"xUnit.net Test Case Explicit Flag","Category":"","Description":"","Attributes":0,"ValueType":"System.Boolean"},"Value":false}]},"Attachments":[],"Outcome":1,"ErrorMessage":null,"ErrorStackTrace":null,"DisplayName":"SharpMind.Tests.Data.PseudoLanguageGeneratorTests.Generator_ContainsDerivedWords","Messages":[],"ComputerName":"LAPTOP-MKMTSO1B","Duration":"00:00:00.0060408","StartTime":"2026-07-20T05:41:44.3638172+00:00","EndTime":"2026-07-20T05:41:44.3651863+00:00","Properties":[]},{"TestCase":{"Id":"012d398e-d422-ecf6-4193-7fae80f4523d","FullyQualifiedName":"SharpMind.Tests.Data.PseudoLanguageGeneratorTests.Generator_ContainsNegations","DisplayName":"SharpMind.Tests.Data.PseudoLanguageGeneratorTests.Generator_ContainsNegations","ExecutorUri":"executor://xunit/VsTestRunner3/netcore/","Source":"C:\\Integral2u\\source\\repos\\SharpMind\\SharpMind.Tests\\bin\\Debug\\net10.0\\SharpMind.Tests.dll","CodeFilePath":null,"LineNumber":0,"Properties":[{"Key":{"Id":"TestCase.ManagedType","Label":"ManagedType","Category":"","Description":"","Attributes":1,"ValueType":"System.String"},"Value":"SharpMind.Tests.Data.PseudoLanguageGeneratorTests"},{"Key":{"Id":"XunitTestCaseUniqueID","Label":"xUnit.net Test Case Unique ID","Category":"","Description":"","Attributes":0,"ValueType":"System.String"},"Value":"3602363a4c1b7b8234ca603113d6606e4bf153d3"},{"Key":{"Id":"TestCase.ManagedMethod","Label":"ManagedMethod","Category":"","Description":"","Attributes":1,"ValueType":"System.String"},"Value":"Generator_ContainsNegations"},{"Key":{"Id":"XunitTestCaseExplicit","Label":"xUnit.net Test Case Explicit Flag","Category":"","Description":"","Attributes":0,"ValueType":"System.Boolean"},"Value":false}]},"Attachments":[],"Outcome":1,"ErrorMessage":null,"ErrorStackTrace":null,"DisplayName":"SharpMind.Tests.Data.PseudoLanguageGeneratorTests.Generator_ContainsNegations","Messages":[],"ComputerName":"LAPTOP-MKMTSO1B","Duration":"00:00:00.3316494","StartTime":"2026-07-20T05:41:44.3658882+00:00","EndTime":"2026-07-20T05:41:44.6971333+00:00","Properties":[]},{"TestCase":{"Id":"3418fe64-8e5f-2978-4227-ca5c252a64f6","FullyQualifiedName":"SharpMind.Tests.Data.PseudoLanguageGeneratorTests.Generator_GenerateOptions_ReturnsValidSequences","DisplayName":"SharpMind.Tests.Data.PseudoLanguageGeneratorTests.Generator_GenerateOptions_ReturnsValidSequences","ExecutorUri":"executor://xunit/VsTestRunner3/netcore/","Source":"C:\\Integral2u\\source\\repos\\SharpMind\\SharpMind.Tests\\bin\\Debug\\net10.0\\SharpMind.Tests.dll","CodeFilePath":null,"LineNumber":0,"Properties":[{"Key":{"Id":"TestCase.ManagedType","Label":"ManagedType","Category":"","Description":"","Attributes":1,"ValueType":"System.String"},"Value":"SharpMind.Tests.Data.PseudoLanguageGeneratorTests"},{"Key":{"Id":"XunitTestCaseUniqueID","Label":"xUnit.net Test Case Unique ID","Category":"","Description":"","Attributes":0,"ValueType":"System.String"},"Value":"37a399fa4ba01976cef25ef4709f33a271c98d72"},{"Key":{"Id":"TestCase.ManagedMethod","Label":"ManagedMethod","Category":"","Description":"","Attributes":1,"ValueType":"System.String"},"Value":"Generator_GenerateOptions_ReturnsValidSequences"},{"Key":{"Id":"XunitTestCaseExplicit","Label":"xUnit.net Test Case Explicit Flag","Category":"","Description":"","Attributes":0,"ValueType":"System.Boolean"},"Value":false}]},"Attachments":[],"Outcome":1,"ErrorMessage":null,"ErrorStackTrace":null,"DisplayName":"SharpMind.Tests.Data.PseudoLanguageGeneratorTests.Generator_GenerateOptions_ReturnsValidSequences","Messages":[],"ComputerName":"LAPTOP-MKMTSO1B","Duration":"00:00:00.0330151","StartTime":"2026-07-20T05:41:44.697963+00:00","EndTime":"2026-07-20T05:41:44.7313471+00:00","Properties":[]},{"TestCase":{"Id":"0973e0a8-58c4-5895-8e22-8ac76e56d751","FullyQualifiedName":"SharpMind.Tests.Data.PseudoLanguageGeneratorTests.VocabConfig_Tiny_HasExpectedDefaults","DisplayName":"SharpMind.Tests.Data.PseudoLanguageGeneratorTests.VocabConfig_Tiny_HasExpectedDefaults","ExecutorUri":"executor://xunit/VsTestRunner3/netcore/","Source":"C:\\Integral2u\\source\\repos\\SharpMind\\SharpMind.Tests\\bin\\Debug\\net10.0\\SharpMind.Tests.dll","CodeFilePath":null,"LineNumber":0,"Properties":[{"Key":{"Id":"TestCase.ManagedType","Label":"ManagedType","Category":"","Description":"","Attributes":1,"ValueType":"System.String"},"Value":"SharpMind.Tests.Data.PseudoLanguageGeneratorTests"},{"Key":{"Id":"XunitTestCaseUniqueID","Label":"xUnit.net Test Case Unique ID","Category":"","Description":"","Attributes":0,"ValueType":"System.String"},"Value":"4034b411c895d7be90ea1bd60102f1ca2599423e"},{"Key":{"Id":"TestCase.ManagedMethod","Label":"ManagedMethod","Category":"","Description":"","Attributes":1,"ValueType":"System.String"},"Value":"VocabConfig_Tiny_HasExpectedDefaults"},{"Key":{"Id":"XunitTestCaseExplicit","Label":"xUnit.net Test Case Explicit Flag","Category":"","Description":"","Attributes":0,"ValueType":"System.Boolean"},"Value":false}]},"Attachments":[],"Outcome":1,"ErrorMessage":null,"ErrorStackTrace":null,"DisplayName":"SharpMind.Tests.Data.PseudoLanguageGeneratorTests.VocabConfig_Tiny_HasExpectedDefaults","Messages":[],"ComputerName":"LAPTOP-MKMTSO1B","Duration":"00:00:00.0004646","StartTime":"2026-07-20T05:41:44.7323105+00:00","EndTime":"2026-07-20T05:41:44.7324308+00:00","Properties":[]},{"TestCase":{"Id":"0dae4950-7998-7caa-587f-5a4dbea8343a","FullyQualifiedName":"SharpMind.Tests.Data.PseudoLanguageGeneratorTests.Generator_IdToText_ReturnsCorrectWord","DisplayName":"SharpMind.Tests.Data.PseudoLanguageGeneratorTests.Generator_IdToText_ReturnsCorrectWord","ExecutorUri":"executor://xunit/VsTestRunner3/netcore/","Source":"C:\\Integral2u\\source\\repos\\SharpMind\\SharpMind.Tests\\bin\\Debug\\net10.0\\SharpMind.Tests.dll","CodeFilePath":null,"LineNumber":0,"Properties":[{"Key":{"Id":"TestCase.ManagedType","Label":"ManagedType","Category":"","Description":"","Attributes":1,"ValueType":"System.String"},"Value":"SharpMind.Tests.Data.PseudoLanguageGeneratorTests"},{"Key":{"Id":"XunitTestCaseUniqueID","Label":"xUnit.net Test Case Unique ID","Category":"","Description":"","Attributes":0,"ValueType":"System.String"},"Value":"877e432fee05ca384e3b306d0a90a47e92b43862"},{"Key":{"Id":"TestCase.ManagedMethod","Label":"ManagedMethod","Category":"","Description":"","Attributes":1,"ValueType":"System.String"},"Value":"Generator_IdToText_ReturnsCorrectWord"},{"Key":{"Id":"XunitTestCaseExplicit","Label":"xUnit.net Test Case Explicit Flag","Category":"","Description":"","Attributes":0,"ValueType":"System.Boolean"},"Value":false}]},"Attachments":[],"Outcome":1,"ErrorMessage":null,"ErrorStackTrace":null,"DisplayName":"SharpMind.Tests.Data.PseudoLanguageGeneratorTests.Generator_IdToText_ReturnsCorrectWord","Messages":[],"ComputerName":"LAPTOP-MKMTSO1B","Duration":"00:00:00.0128817","StartTime":"2026-07-20T05:41:44.7330087+00:00","EndTime":"2026-07-20T05:41:44.7449686+00:00","Properties":[]}],"TestRunStatistics":{"ExecutedTests":7,"Stats":{"Passed":7}},"ActiveTests":[{"Id":"0312b0d6-e32d-1c99-13e7-e6b14d1f8249","FullyQualifiedName":"SharpMind.Tests.Quantization.QuantizationAgreementTests.VecDot_AllTiers_Agree","DisplayName":"SharpMind.Tests.Quantization.QuantizationAgreementTests.VecDot_AllTiers_Agree(dtype: Q5_0)","ExecutorUri":"executor://xunit/VsTestRunner3/netcore/","Source":"C:\\Integral2u\\source\\repos\\SharpMind\\SharpMind.Tests\\bin\\Debug\\net10.0\\SharpMind.Tests.dll","CodeFilePath":null,"LineNumber":0,"Properties":[{"Key":{"Id":"TestCase.ManagedType","Label":"ManagedType","Category":"","Description":"","Attributes":1,"ValueType":"System.String"},"Value":"SharpMind.Tests.Quantization.QuantizationAgreementTests"},{"Key":{"Id":"XunitTestCaseUniqueID","Label":"xUnit.net Test Case Unique ID","Category":"","Description":"","Attributes":0,"ValueType":"System.String"},"Value":"04de0139596832bd9c0051597f40f8b5744bfb02"},{"Key":{"Id":"TestCase.ManagedMethod","Label":"ManagedMethod","Category":"","Description":"","Attributes":1,"ValueType":"System.String"},"Value":"VecDot_AllTiers_Agree"},{"Key":{"Id":"XunitTestCaseExplicit","Label":"xUnit.net Test Case Explicit Flag","Category":"","Description":"","Attributes":0,"ValueType":"System.Boolean"},"Value":false}]},{"Id":"2db0f4cb-6169-e7ae-be0e-b9c430f587b8","FullyQualifiedName":"SharpMind.Tests.Data.CleaningPipelineTests.StageReturningNull_DiscardsDocument","DisplayName":"SharpMind.Tests.Data.CleaningPipelineTests.StageReturningNull_DiscardsDocument","ExecutorUri":"executor://xunit/VsTestRunner3/netcore/","Source":"C:\\Integral2u\\source\\repos\\SharpMind\\SharpMind.Tests\\bin\\Debug\\net10.0\\SharpMind.Tests.dll","CodeFilePath":null,"LineNumber":0,"Properties":[{"Key":{"Id":"TestCase.ManagedType","Label":"ManagedType","Category":"","Description":"","Attributes":1,"ValueType":"System.String"},"Value":"SharpMind.Tests.Data.CleaningPipelineTests"},{"Key":{"Id":"XunitTestCaseUniqueID","Label":"xUnit.net Test Case Unique ID","Category":"","Description":"","Attributes":0,"ValueType":"System.String"},"Value":"10ec47a2769a297963f473a288a1581a3b44ca80"},{"Key":{"Id":"TestCase.ManagedMethod","Label":"ManagedMethod","Category":"","Description":"","Attributes":1,"ValueType":"System.String"},"Value":"StageReturningNull_DiscardsDocument"},{"Key":{"Id":"XunitTestCaseExplicit","Label":"xUnit.net Test Case Explicit Flag","Category":"","Description":"","Attributes":0,"ValueType":"System.Boolean"},"Value":false}]},{"Id":"7c0e7e82-0504-aa0e-9fb7-92fd07a76e50","FullyQualifiedName":"SharpMind.Tests.Data.PseudoLanguageGeneratorTests.ModelSizeRecommendation_ProvidesReasonableValues","DisplayName":"SharpMind.Tests.Data.PseudoLanguageGeneratorTests.ModelSizeRecommendation_ProvidesReasonableValues","ExecutorUri":"executor://xunit/VsTestRunner3/netcore/","Source":"C:\\Integral2u\\source\\repos\\SharpMind\\SharpMind.Tests\\bin\\Debug\\net10.0\\SharpMind.Tests.dll","CodeFilePath":null,"LineNumber":0,"Properties":[{"Key":{"Id":"TestCase.ManagedType","Label":"ManagedType","Category":"","Description":"","Attributes":1,"ValueType":"System.String"},"Value":"SharpMind.Tests.Data.PseudoLanguageGeneratorTests"},{"Key":{"Id":"XunitTestCaseUniqueID","Label":"xUnit.net Test Case Unique ID","Category":"","Description":"","Attributes":0,"ValueType":"System.String"},"Value":"8f92dbf488577108f32930d465c31a62a5b1f9ea"},{"Key":{"Id":"TestCase.ManagedMethod","Label":"ManagedMethod","Category":"","Description":"","Attributes":1,"ValueType":"System.String"},"Value":"ModelSizeRecommendation_ProvidesReasonableValues"},{"Key":{"Id":"XunitTestCaseExplicit","Label":"xUnit.net Test Case Explicit Flag","Category":"","Description":"","Attributes":0,"ValueType":"System.Boolean"},"Value":false}]}]}}
TpTrace Verbose: 0 : 15992, 10, 2026/07/20, 17:41:44.794, 374936692899, vstest.console.dll, TestRunRequest:SendTestRunStatsChange: Starting.
TpTrace Verbose: 0 : 15992, 10, 2026/07/20, 17:41:44.795, 374936694458, vstest.console.dll, InProgress is SharpMind.Tests.Quantization.QuantizationAgreementTests.VecDot_AllTiers_Agree(dtype: Q5_0)
TpTrace Verbose: 0 : 15992, 10, 2026/07/20, 17:41:44.795, 374936695652, vstest.console.dll, InProgress is SharpMind.Tests.Data.CleaningPipelineTests.StageReturningNull_DiscardsDocument
TpTrace Verbose: 0 : 15992, 10, 2026/07/20, 17:41:44.795, 374936696278, vstest.console.dll, InProgress is SharpMind.Tests.Data.PseudoLanguageGeneratorTests.ModelSizeRecommendation_ProvidesReasonableValues
TpTrace Verbose: 0 : 15992, 10, 2026/07/20, 17:41:44.795, 374936703975, vstest.console.dll, MulticastDelegateUtilities.SafeInvoke: TestRun.RunStatsChanged: Invoking callbacks was skipped because there are no subscribers.
TpTrace Information: 0 : 15992, 10, 2026/07/20, 17:41:44.796, 374936705114, vstest.console.dll, TestRunRequest:SendTestRunStatsChange: Completed.
TpTrace Verbose: 0 : 15992, 10, 2026/07/20, 17:41:44.796, 374936705868, vstest.console.dll, MulticastDelegateUtilities.SafeInvoke: LengthPrefixCommunicationChannel: MessageReceived: Invoking callback 1/1 for Microsoft.VisualStudio.TestPlatform.CommunicationUtilities.TestRequestSender+<>c__DisplayClass34_0., took 20 ms.
TpTrace Verbose: 0 : 15992, 10, 2026/07/20, 17:41:44.796, 374936706477, vstest.console.dll, TcpClientExtensions.MessageLoopAsync: Polling on remoteEndPoint: 127.0.0.1:55740 localEndPoint: 127.0.0.1:55739 after 503 ms
TpTrace Verbose: 0 : 15992, 4, 2026/07/20, 17:41:44.799, 374936736720, vstest.console.dll, MulticastDelegateUtilities.SafeInvoke: InternalTestLoggerEvents.SendTestResult: Invoking callback 1/1 for Microsoft.VisualStudio.TestPlatform.CommandLine.Internal.ConsoleLogger., took 3 ms.
TpTrace Verbose: 0 : 15992, 4, 2026/07/20, 17:41:44.799, 374936743368, vstest.console.dll, MulticastDelegateUtilities.SafeInvoke: InternalTestLoggerEvents.SendTestResult: Invoking callback 1/1 for Microsoft.VisualStudio.TestPlatform.CommandLine.Internal.ConsoleLogger., took 0 ms.
TpTrace Verbose: 0 : 15992, 4, 2026/07/20, 17:41:44.800, 374936744691, vstest.console.dll, MulticastDelegateUtilities.SafeInvoke: InternalTestLoggerEvents.SendTestResult: Invoking callback 1/1 for Microsoft.VisualStudio.TestPlatform.CommandLine.Internal.ConsoleLogger., took 0 ms.
TpTrace Verbose: 0 : 15992, 4, 2026/07/20, 17:41:44.800, 374936745747, vstest.console.dll, MulticastDelegateUtilities.SafeInvoke: InternalTestLoggerEvents.SendTestResult: Invoking callback 1/1 for Microsoft.VisualStudio.TestPlatform.CommandLine.Internal.ConsoleLogger., took 0 ms.
TpTrace Verbose: 0 : 15992, 4, 2026/07/20, 17:41:44.800, 374936746572, vstest.console.dll, MulticastDelegateUtilities.SafeInvoke: InternalTestLoggerEvents.SendTestResult: Invoking callback 1/1 for Microsoft.VisualStudio.TestPlatform.CommandLine.Internal.ConsoleLogger., took 0 ms.
TpTrace Verbose: 0 : 15992, 4, 2026/07/20, 17:41:44.800, 374936747354, vstest.console.dll, MulticastDelegateUtilities.SafeInvoke: InternalTestLoggerEvents.SendTestResult: Invoking callback 1/1 for Microsoft.VisualStudio.TestPlatform.CommandLine.Internal.ConsoleLogger., took 0 ms.
TpTrace Verbose: 0 : 15992, 4, 2026/07/20, 17:41:44.800, 374936748259, vstest.console.dll, MulticastDelegateUtilities.SafeInvoke: InternalTestLoggerEvents.SendTestResult: Invoking callback 1/1 for Microsoft.VisualStudio.TestPlatform.CommandLine.Internal.ConsoleLogger., took 0 ms.
TpTrace Verbose: 0 : 15992, 10, 2026/07/20, 17:41:45.367, 374942417807, vstest.console.dll, TcpClientExtensions.MessageLoopAsync: NotifyDataAvailable remoteEndPoint: 127.0.0.1:55740 localEndPoint: 127.0.0.1:55739
TpTrace Verbose: 0 : 15992, 10, 2026/07/20, 17:41:45.367, 374942421967, vstest.console.dll, TestRequestSender.OnExecutionMessageReceived: Received message: {"Version":7,"MessageType":"TestExecution.StatsChange","Payload":{"NewTestResults":[{"TestCase":{"Id":"7c0e7e82-0504-aa0e-9fb7-92fd07a76e50","FullyQualifiedName":"SharpMind.Tests.Data.PseudoLanguageGeneratorTests.ModelSizeRecommendation_ProvidesReasonableValues","DisplayName":"SharpMind.Tests.Data.PseudoLanguageGeneratorTests.ModelSizeRecommendation_ProvidesReasonableValues","ExecutorUri":"executor://xunit/VsTestRunner3/netcore/","Source":"C:\\Integral2u\\source\\repos\\SharpMind\\SharpMind.Tests\\bin\\Debug\\net10.0\\SharpMind.Tests.dll","CodeFilePath":null,"LineNumber":0,"Properties":[{"Key":{"Id":"TestCase.ManagedType","Label":"ManagedType","Category":"","Description":"","Attributes":1,"ValueType":"System.String"},"Value":"SharpMind.Tests.Data.PseudoLanguageGeneratorTests"},{"Key":{"Id":"XunitTestCaseUniqueID","Label":"xUnit.net Test Case Unique ID","Category":"","Description":"","Attributes":0,"ValueType":"System.String"},"Value":"8f92dbf488577108f32930d465c31a62a5b1f9ea"},{"Key":{"Id":"TestCase.ManagedMethod","Label":"ManagedMethod","Category":"","Description":"","Attributes":1,"ValueType":"System.String"},"Value":"ModelSizeRecommendation_ProvidesReasonableValues"},{"Key":{"Id":"XunitTestCaseExplicit","Label":"xUnit.net Test Case Explicit Flag","Category":"","Description":"","Attributes":0,"ValueType":"System.Boolean"},"Value":false}]},"Attachments":[],"Outcome":1,"ErrorMessage":null,"ErrorStackTrace":null,"DisplayName":"SharpMind.Tests.Data.PseudoLanguageGeneratorTests.ModelSizeRecommendation_ProvidesReasonableValues","Messages":[],"ComputerName":"LAPTOP-MKMTSO1B","Duration":"00:00:00.0190754","StartTime":"2026-07-20T05:41:44.770742+00:00","EndTime":"2026-07-20T05:41:44.7708837+00:00","Properties":[]},{"TestCase":{"Id":"bd6b2295-04c6-9493-8a20-9be82054cbf0","FullyQualifiedName":"SharpMind.Tests.Data.PseudoLanguageGeneratorTests.PseudoWord_HasCorrectBase","DisplayName":"SharpMind.Tests.Data.PseudoLanguageGeneratorTests.PseudoWord_HasCorrectBase","ExecutorUri":"executor://xunit/VsTestRunner3/netcore/","Source":"C:\\Integral2u\\source\\repos\\SharpMind\\SharpMind.Tests\\bin\\Debug\\net10.0\\SharpMind.Tests.dll","CodeFilePath":null,"LineNumber":0,"Properties":[{"Key":{"Id":"TestCase.ManagedType","Label":"ManagedType","Category":"","Description":"","Attributes":1,"ValueType":"System.String"},"Value":"SharpMind.Tests.Data.PseudoLanguageGeneratorTests"},{"Key":{"Id":"XunitTestCaseUniqueID","Label":"xUnit.net Test Case Unique ID","Category":"","Description":"","Attributes":0,"ValueType":"System.String"},"Value":"958bb0f1eb0c2466b839a1b2e5e0296901cb5b66"},{"Key":{"Id":"TestCase.ManagedMethod","Label":"ManagedMethod","Category":"","Description":"","Attributes":1,"ValueType":"System.String"},"Value":"PseudoWord_HasCorrectBase"},{"Key":{"Id":"XunitTestCaseExplicit","Label":"xUnit.net Test Case Explicit Flag","Category":"","Description":"","Attributes":0,"ValueType":"System.Boolean"},"Value":false}]},"Attachments":[],"Outcome":1,"ErrorMessage":null,"ErrorStackTrace":null,"DisplayName":"SharpMind.Tests.Data.PseudoLanguageGeneratorTests.PseudoWord_HasCorrectBase","Messages":[],"ComputerName":"LAPTOP-MKMTSO1B","Duration":"00:00:00.0087139","StartTime":"2026-07-20T05:41:44.7719292+00:00","EndTime":"2026-07-20T05:41:44.7730186+00:00","Properties":[]},{"TestCase":{"Id":"0cd3cbe7-2ab0-752d-46e8-3fa54abfb49a","FullyQualifiedName":"SharpMind.Tests.Data.PseudoLanguageGeneratorTests.Generator_TextToId_ReturnsNegativeForUnknown","DisplayName":"SharpMind.Tests.Data.PseudoLanguageGeneratorTests.Generator_TextToId_ReturnsNegativeForUnknown","ExecutorUri":"executor://xunit/VsTestRunner3/netcore/","Source":"C:\\Integral2u\\source\\repos\\SharpMind\\SharpMind.Tests\\bin\\Debug\\net10.0\\SharpMind.Tests.dll","CodeFilePath":null,"LineNumber":0,"Properties":[{"Key":{"Id":"TestCase.ManagedType","Label":"ManagedType","Category":"","Description":"","Attributes":1,"ValueType":"System.String"},"Value":"SharpMind.Tests.Data.PseudoLanguageGeneratorTests"},{"Key":{"Id":"XunitTestCaseUniqueID","Label":"xUnit.net Test Case Unique ID","Category":"","Description":"","Attributes":0,"ValueType":"System.String"},"Value":"97c3f1a177034aeeeb4e989b21e188363ad6d2e2"},{"Key":{"Id":"TestCase.ManagedMethod","Label":"ManagedMethod","Category":"","Description":"","Attributes":1,"ValueType":"System.String"},"Value":"Generator_TextToId_ReturnsNegativeForUnknown"},{"Key":{"Id":"XunitTestCaseExplicit","Label":"xUnit.net Test Case Explicit Flag","Category":"","Description":"","Attributes":0,"ValueType":"System.Boolean"},"Value":false}]},"Attachments":[],"Outcome":1,"ErrorMessage":null,"ErrorStackTrace":null,"DisplayName":"SharpMind.Tests.Data.PseudoLanguageGeneratorTests.Generator_TextToId_ReturnsNegativeForUnknown","Messages":[],"ComputerName":"LAPTOP-MKMTSO1B","Duration":"00:00:00.0075831","StartTime":"2026-07-20T05:41:44.7743499+00:00","EndTime":"2026-07-20T05:41:44.7822873+00:00","Properties":[]},{"TestCase":{"Id":"c5f124aa-f7df-1e24-fdb1-0992f64b600b","FullyQualifiedName":"SharpMind.Tests.Data.PseudoLanguageGeneratorTests.ModelSizeRecommendation_ScalesWithVocabSize","DisplayName":"SharpMind.Tests.Data.PseudoLanguageGeneratorTests.ModelSizeRecommendation_ScalesWithVocabSize","ExecutorUri":"executor://xunit/VsTestRunner3/netcore/","Source":"C:\\Integral2u\\source\\repos\\SharpMind\\SharpMind.Tests\\bin\\Debug\\net10.0\\SharpMind.Tests.dll","CodeFilePath":null,"LineNumber":0,"Properties":[{"Key":{"Id":"TestCase.ManagedType","Label":"ManagedType","Category":"","Description":"","Attributes":1,"ValueType":"System.String"},"Value":"SharpMind.Tests.Data.PseudoLanguageGeneratorTests"},{"Key":{"Id":"XunitTestCaseUniqueID","Label":"xUnit.net Test Case Unique ID","Category":"","Description":"","Attributes":0,"ValueType":"System.String"},"Value":"a53fca8d77d1c6d63f271062a2da8888cffdfc64"},{"Key":{"Id":"TestCase.ManagedMethod","Label":"ManagedMethod","Category":"","Description":"","Attributes":1,"ValueType":"System.String"},"Value":"ModelSizeRecommendation_ScalesWithVocabSize"},{"Key":{"Id":"XunitTestCaseExplicit","Label":"xUnit.net Test Case Explicit Flag","Category":"","Description":"","Attributes":0,"ValueType":"System.Boolean"},"Value":false}]},"Attachments":[],"Outcome":1,"ErrorMessage":null,"ErrorStackTrace":null,"DisplayName":"SharpMind.Tests.Data.PseudoLanguageGeneratorTests.ModelSizeRecommendation_ScalesWithVocabSize","Messages":[],"ComputerName":"LAPTOP-MKMTSO1B","Duration":"00:00:00.5180102","StartTime":"2026-07-20T05:41:44.7832241+00:00","EndTime":"2026-07-20T05:41:45.3005601+00:00","Properties":[]},{"TestCase":{"Id":"09947f50-37ad-090f-844d-97265e99c1ae","FullyQualifiedName":"SharpMind.Tests.Data.PseudoLanguageGeneratorTests.VocabConfig_Medium_HasExpectedDefaults","DisplayName":"SharpMind.Tests.Data.PseudoLanguageGeneratorTests.VocabConfig_Medium_HasExpectedDefaults","ExecutorUri":"executor://xunit/VsTestRunner3/netcore/","Source":"C:\\Integral2u\\source\\repos\\SharpMind\\SharpMind.Tests\\bin\\Debug\\net10.0\\SharpMind.Tests.dll","CodeFilePath":null,"LineNumber":0,"Properties":[{"Key":{"Id":"TestCase.ManagedType","Label":"ManagedType","Category":"","Description":"","Attributes":1,"ValueType":"System.String"},"Value":"SharpMind.Tests.Data.PseudoLanguageGeneratorTests"},{"Key":{"Id":"XunitTestCaseUniqueID","Label":"xUnit.net Test Case Unique ID","Category":"","Description":"","Attributes":0,"ValueType":"System.String"},"Value":"a684a1fab0c3c1e50642a59a8c65ead14ebf018a"},{"Key":{"Id":"TestCase.ManagedMethod","Label":"ManagedMethod","Category":"","Description":"","Attributes":1,"ValueType":"System.String"},"Value":"VocabConfig_Medium_HasExpectedDefaults"},{"Key":{"Id":"XunitTestCaseExplicit","Label":"xUnit.net Test Case Explicit Flag","Category":"","Description":"","Attributes":0,"ValueType":"System.Boolean"},"Value":false}]},"Attachments":[],"Outcome":1,"ErrorMessage":null,"ErrorStackTrace":null,"DisplayName":"SharpMind.Tests.Data.PseudoLanguageGeneratorTests.VocabConfig_Medium_HasExpectedDefaults","Messages":[],"ComputerName":"LAPTOP-MKMTSO1B","Duration":"00:00:00.0003974","StartTime":"2026-07-20T05:41:45.301589+00:00","EndTime":"2026-07-20T05:41:45.301831+00:00","Properties":[]},{"TestCase":{"Id":"c16e1d24-4cba-610e-9c9f-9b8463cae6e5","FullyQualifiedName":"SharpMind.Tests.Data.PseudoLanguageGeneratorTests.Generator_CreatesVocabWithSpecifiedSize","DisplayName":"SharpMind.Tests.Data.PseudoLanguageGeneratorTests.Generator_CreatesVocabWithSpecifiedSize","ExecutorUri":"executor://xunit/VsTestRunner3/netcore/","Source":"C:\\Integral2u\\source\\repos\\SharpMind\\SharpMind.Tests\\bin\\Debug\\net10.0\\SharpMind.Tests.dll","CodeFilePath":null,"LineNumber":0,"Properties":[{"Key":{"Id":"TestCase.ManagedType","Label":"ManagedType","Category":"","Description":"","Attributes":1,"ValueType":"System.String"},"Value":"SharpMind.Tests.Data.PseudoLanguageGeneratorTests"},{"Key":{"Id":"XunitTestCaseUniqueID","Label":"xUnit.net Test Case Unique ID","Category":"","Description":"","Attributes":0,"ValueType":"System.String"},"Value":"b308fe2042c8443531ec2a718a4585f8078ad4ce"},{"Key":{"Id":"TestCase.ManagedMethod","Label":"ManagedMethod","Category":"","Description":"","Attributes":1,"ValueType":"System.String"},"Value":"Generator_CreatesVocabWithSpecifiedSize"},{"Key":{"Id":"XunitTestCaseExplicit","Label":"xUnit.net Test Case Explicit Flag","Category":"","Description":"","Attributes":0,"ValueType":"System.Boolean"},"Value":false}]},"Attachments":[],"Outcome":1,"ErrorMessage":null,"ErrorStackTrace":null,"DisplayName":"SharpMind.Tests.Data.PseudoLanguageGeneratorTests.Generator_CreatesVocabWithSpecifiedSize","Messages":[],"ComputerName":"LAPTOP-MKMTSO1B","Duration":"00:00:00.0316964","StartTime":"2026-07-20T05:41:45.3026794+00:00","EndTime":"2026-07-20T05:41:45.3331913+00:00","Properties":[]},{"TestCase":{"Id":"f5fed8fe-18d2-c9b7-c68d-265f92d2beb4","FullyQualifiedName":"SharpMind.Tests.Data.PseudoLanguageGeneratorTests.Generator_TextToId_ReturnsCorrectId","DisplayName":"SharpMind.Tests.Data.PseudoLanguageGeneratorTests.Generator_TextToId_ReturnsCorrectId","ExecutorUri":"executor://xunit/VsTestRunner3/netcore/","Source":"C:\\Integral2u\\source\\repos\\SharpMind\\SharpMind.Tests\\bin\\Debug\\net10.0\\SharpMind.Tests.dll","CodeFilePath":null,"LineNumber":0,"Properties":[{"Key":{"Id":"TestCase.ManagedType","Label":"ManagedType","Category":"","Description":"","Attributes":1,"ValueType":"System.String"},"Value":"SharpMind.Tests.Data.PseudoLanguageGeneratorTests"},{"Key":{"Id":"XunitTestCaseUniqueID","Label":"xUnit.net Test Case Unique ID","Category":"","Description":"","Attributes":0,"ValueType":"System.String"},"Value":"b9219d5ad36257397268667a1ac2c0260c236cfa"},{"Key":{"Id":"TestCase.ManagedMethod","Label":"ManagedMethod","Category":"","Description":"","Attributes":1,"ValueType":"System.String"},"Value":"Generator_TextToId_ReturnsCorrectId"},{"Key":{"Id":"XunitTestCaseExplicit","Label":"xUnit.net Test Case Explicit Flag","Category":"","Description":"","Attributes":0,"ValueType":"System.Boolean"},"Value":false}]},"Attachments":[],"Outcome":1,"ErrorMessage":null,"ErrorStackTrace":null,"DisplayName":"SharpMind.Tests.Data.PseudoLanguageGeneratorTests.Generator_TextToId_ReturnsCorrectId","Messages":[],"ComputerName":"LAPTOP-MKMTSO1B","Duration":"00:00:00.0071041","StartTime":"2026-07-20T05:41:45.3343113+00:00","EndTime":"2026-07-20T05:41:45.3404005+00:00","Properties":[]},{"TestCase":{"Id":"fe35e254-35eb-fcf4-e436-2ba913f3762d","FullyQualifiedName":"SharpMind.Tests.Data.PseudoLanguageGeneratorTests.Generator_GenerateSyntactic_ReturnsValidSequences","DisplayName":"SharpMind.Tests.Data.PseudoLanguageGeneratorTests.Generator_GenerateSyntactic_ReturnsValidSequences","ExecutorUri":"executor://xunit/VsTestRunner3/netcore/","Source":"C:\\Integral2u\\source\\repos\\SharpMind\\SharpMind.Tests\\bin\\Debug\\net10.0\\SharpMind.Tests.dll","CodeFilePath":null,"LineNumber":0,"Properties":[{"Key":{"Id":"TestCase.ManagedType","Label":"ManagedType","Category":"","Description":"","Attributes":1,"ValueType":"System.String"},"Value":"SharpMind.Tests.Data.PseudoLanguageGeneratorTests"},{"Key":{"Id":"XunitTestCaseUniqueID","Label":"xUnit.net Test Case Unique ID","Category":"","Description":"","Attributes":0,"ValueType":"System.String"},"Value":"bb02e43b2f56473561f768ab149bf8b19c43c56c"},{"Key":{"Id":"TestCase.ManagedMethod","Label":"ManagedMethod","Category":"","Description":"","Attributes":1,"ValueType":"System.String"},"Value":"Generator_GenerateSyntactic_ReturnsValidSequences"},{"Key":{"Id":"XunitTestCaseExplicit","Label":"xUnit.net Test Case Explicit Flag","Category":"","Description":"","Attributes":0,"ValueType":"System.Boolean"},"Value":false}]},"Attachments":[],"Outcome":1,"ErrorMessage":null,"ErrorStackTrace":null,"DisplayName":"SharpMind.Tests.Data.PseudoLanguageGeneratorTests.Generator_GenerateSyntactic_ReturnsValidSequences","Messages":[],"ComputerName":"LAPTOP-MKMTSO1B","Duration":"00:00:00.0107958","StartTime":"2026-07-20T05:41:45.341942+00:00","EndTime":"2026-07-20T05:41:45.3513143+00:00","Properties":[]},{"TestCase":{"Id":"b41956e9-7079-5201-9ef9-bc836323df76","FullyQualifiedName":"SharpMind.Tests.Data.PseudoLanguageGeneratorTests.PseudoWord_WordFamily_ContainsRelatedWords","DisplayName":"SharpMind.Tests.Data.PseudoLanguageGeneratorTests.PseudoWord_WordFamily_ContainsRelatedWords","ExecutorUri":"executor://xunit/VsTestRunner3/netcore/","Source":"C:\\Integral2u\\source\\repos\\SharpMind\\SharpMind.Tests\\bin\\Debug\\net10.0\\SharpMind.Tests.dll","CodeFilePath":null,"LineNumber":0,"Properties":[{"Key":{"Id":"TestCase.ManagedType","Label":"ManagedType","Category":"","Description":"","Attributes":1,"ValueType":"System.String"},"Value":"SharpMind.Tests.Data.PseudoLanguageGeneratorTests"},{"Key":{"Id":"XunitTestCaseUniqueID","Label":"xUnit.net Test Case Unique ID","Category":"","Description":"","Attributes":0,"ValueType":"System.String"},"Value":"bcec190d0172d74a5c1ca66fd524d63977be5cbc"},{"Key":{"Id":"TestCase.ManagedMethod","Label":"ManagedMethod","Category":"","Description":"","Attributes":1,"ValueType":"System.String"},"Value":"PseudoWord_WordFamily_ContainsRelatedWords"},{"Key":{"Id":"XunitTestCaseExplicit","Label":"xUnit.net Test Case Explicit Flag","Category":"","Description":"","Attributes":0,"ValueType":"System.Boolean"},"Value":false}]},"Attachments":[],"Outcome":1,"ErrorMessage":null,"ErrorStackTrace":null,"DisplayName":"SharpMind.Tests.Data.PseudoLanguageGeneratorTests.PseudoWord_WordFamily_ContainsRelatedWords","Messages":[],"ComputerName":"LAPTOP-MKMTSO1B","Duration":"00:00:00.0098378","StartTime":"2026-07-20T05:41:45.3522067+00:00","EndTime":"2026-07-20T05:41:45.3612938+00:00","Properties":[]}],"TestRunStatistics":{"ExecutedTests":16,"Stats":{"Passed":16}},"ActiveTests":[{"Id":"ff9111ab-0a8f-65fc-0cb3-560ea1ff8604","FullyQualifiedName":"SharpMind.Tests.Data.PseudoLanguageGeneratorTests.Generator_ContainsRootWords","DisplayName":"SharpMind.Tests.Data.PseudoLanguageGeneratorTests.Generator_ContainsRootWords","ExecutorUri":"executor://xunit/VsTestRunner3/netcore/","Source":"C:\\Integral2u\\source\\repos\\SharpMind\\SharpMind.Tests\\bin\\Debug\\net10.0\\SharpMind.Tests.dll","CodeFilePath":null,"LineNumber":0,"Properties":[{"Key":{"Id":"TestCase.ManagedType","Label":"ManagedType","Category":"","Description":"","Attributes":1,"ValueType":"System.String"},"Value":"SharpMind.Tests.Data.PseudoLanguageGeneratorTests"},{"Key":{"Id":"XunitTestCaseUniqueID","Label":"xUnit.net Test Case Unique ID","Category":"","Description":"","Attributes":0,"ValueType":"System.String"},"Value":"f965baf2534a996d250c7e783a31ab691a77bc44"},{"Key":{"Id":"TestCase.ManagedMethod","Label":"ManagedMethod","Category":"","Description":"","Attributes":1,"ValueType":"System.String"},"Value":"Generator_ContainsRootWords"},{"Key":{"Id":"XunitTestCaseExplicit","Label":"xUnit.net Test Case Explicit Flag","Category":"","Description":"","Attributes":0,"ValueType":"System.Boolean"},"Value":false}]}]}}
TpTrace Verbose: 0 : 15992, 10, 2026/07/20, 17:41:45.374, 374942489045, vstest.console.dll, TestRunRequest:SendTestRunStatsChange: Starting.
TpTrace Verbose: 0 : 15992, 10, 2026/07/20, 17:41:45.374, 374942490599, vstest.console.dll, InProgress is SharpMind.Tests.Data.PseudoLanguageGeneratorTests.Generator_ContainsRootWords
TpTrace Verbose: 0 : 15992, 10, 2026/07/20, 17:41:45.374, 374942492025, vstest.console.dll, MulticastDelegateUtilities.SafeInvoke: TestRun.RunStatsChanged: Invoking callbacks was skipped because there are no subscribers.
TpTrace Information: 0 : 15992, 10, 2026/07/20, 17:41:45.374, 374942492793, vstest.console.dll, TestRunRequest:SendTestRunStatsChange: Completed.
TpTrace Verbose: 0 : 15992, 4, 2026/07/20, 17:41:45.374, 374942493216, vstest.console.dll, MulticastDelegateUtilities.SafeInvoke: InternalTestLoggerEvents.SendTestResult: Invoking callback 1/1 for Microsoft.VisualStudio.TestPlatform.CommandLine.Internal.ConsoleLogger., took 0 ms.
TpTrace Verbose: 0 : 15992, 10, 2026/07/20, 17:41:45.374, 374942493391, vstest.console.dll, MulticastDelegateUtilities.SafeInvoke: LengthPrefixCommunicationChannel: MessageReceived: Invoking callback 1/1 for Microsoft.VisualStudio.TestPlatform.CommunicationUtilities.TestRequestSender+<>c__DisplayClass34_0., took 7 ms.
TpTrace Verbose: 0 : 15992, 10, 2026/07/20, 17:41:45.375, 374942498566, vstest.console.dll, TcpClientExtensions.MessageLoopAsync: Polling on remoteEndPoint: 127.0.0.1:55740 localEndPoint: 127.0.0.1:55739 after 579 ms
TpTrace Verbose: 0 : 15992, 4, 2026/07/20, 17:41:45.375, 374942500151, vstest.console.dll, MulticastDelegateUtilities.SafeInvoke: InternalTestLoggerEvents.SendTestResult: Invoking callback 1/1 for Microsoft.VisualStudio.TestPlatform.CommandLine.Internal.ConsoleLogger., took 0 ms.
TpTrace Verbose: 0 : 15992, 4, 2026/07/20, 17:41:45.375, 374942501626, vstest.console.dll, MulticastDelegateUtilities.SafeInvoke: InternalTestLoggerEvents.SendTestResult: Invoking callback 1/1 for Microsoft.VisualStudio.TestPlatform.CommandLine.Internal.ConsoleLogger., took 0 ms.
TpTrace Verbose: 0 : 15992, 4, 2026/07/20, 17:41:45.375, 374942502654, vstest.console.dll, MulticastDelegateUtilities.SafeInvoke: InternalTestLoggerEvents.SendTestResult: Invoking callback 1/1 for Microsoft.VisualStudio.TestPlatform.CommandLine.Internal.ConsoleLogger., took 0 ms.
TpTrace Verbose: 0 : 15992, 4, 2026/07/20, 17:41:45.375, 374942503564, vstest.console.dll, MulticastDelegateUtilities.SafeInvoke: InternalTestLoggerEvents.SendTestResult: Invoking callback 1/1 for Microsoft.VisualStudio.TestPlatform.CommandLine.Internal.ConsoleLogger., took 0 ms.
TpTrace Verbose: 0 : 15992, 4, 2026/07/20, 17:41:45.376, 374942504325, vstest.console.dll, MulticastDelegateUtilities.SafeInvoke: InternalTestLoggerEvents.SendTestResult: Invoking callback 1/1 for Microsoft.VisualStudio.TestPlatform.CommandLine.Internal.ConsoleLogger., took 0 ms.
TpTrace Verbose: 0 : 15992, 4, 2026/07/20, 17:41:45.376, 374942506023, vstest.console.dll, MulticastDelegateUtilities.SafeInvoke: InternalTestLoggerEvents.SendTestResult: Invoking callback 1/1 for Microsoft.VisualStudio.TestPlatform.CommandLine.Internal.ConsoleLogger., took 0 ms.
TpTrace Verbose: 0 : 15992, 4, 2026/07/20, 17:41:45.376, 374942509301, vstest.console.dll, MulticastDelegateUtilities.SafeInvoke: InternalTestLoggerEvents.SendTestResult: Invoking callback 1/1 for Microsoft.VisualStudio.TestPlatform.CommandLine.Internal.ConsoleLogger., took 0 ms.
TpTrace Verbose: 0 : 15992, 4, 2026/07/20, 17:41:45.376, 374942511238, vstest.console.dll, MulticastDelegateUtilities.SafeInvoke: InternalTestLoggerEvents.SendTestResult: Invoking callback 1/1 for Microsoft.VisualStudio.TestPlatform.CommandLine.Internal.ConsoleLogger., took 0 ms.
TpTrace Verbose: 0 : 15992, 10, 2026/07/20, 17:41:45.498, 374943727262, vstest.console.dll, TcpClientExtensions.MessageLoopAsync: NotifyDataAvailable remoteEndPoint: 127.0.0.1:55740 localEndPoint: 127.0.0.1:55739
TpTrace Verbose: 0 : 15992, 10, 2026/07/20, 17:41:45.498, 374943732224, vstest.console.dll, TestRequestSender.OnExecutionMessageReceived: Received message: {"Version":7,"MessageType":"TestExecution.StatsChange","Payload":{"NewTestResults":[{"TestCase":{"Id":"ff9111ab-0a8f-65fc-0cb3-560ea1ff8604","FullyQualifiedName":"SharpMind.Tests.Data.PseudoLanguageGeneratorTests.Generator_ContainsRootWords","DisplayName":"SharpMind.Tests.Data.PseudoLanguageGeneratorTests.Generator_ContainsRootWords","ExecutorUri":"executor://xunit/VsTestRunner3/netcore/","Source":"C:\\Integral2u\\source\\repos\\SharpMind\\SharpMind.Tests\\bin\\Debug\\net10.0\\SharpMind.Tests.dll","CodeFilePath":null,"LineNumber":0,"Properties":[{"Key":{"Id":"TestCase.ManagedType","Label":"ManagedType","Category":"","Description":"","Attributes":1,"ValueType":"System.String"},"Value":"SharpMind.Tests.Data.PseudoLanguageGeneratorTests"},{"Key":{"Id":"XunitTestCaseUniqueID","Label":"xUnit.net Test Case Unique ID","Category":"","Description":"","Attributes":0,"ValueType":"System.String"},"Value":"f965baf2534a996d250c7e783a31ab691a77bc44"},{"Key":{"Id":"TestCase.ManagedMethod","Label":"ManagedMethod","Category":"","Description":"","Attributes":1,"ValueType":"System.String"},"Value":"Generator_ContainsRootWords"},{"Key":{"Id":"XunitTestCaseExplicit","Label":"xUnit.net Test Case Explicit Flag","Category":"","Description":"","Attributes":0,"ValueType":"System.Boolean"},"Value":false}]},"Attachments":[],"Outcome":1,"ErrorMessage":null,"ErrorStackTrace":null,"DisplayName":"SharpMind.Tests.Data.PseudoLanguageGeneratorTests.Generator_ContainsRootWords","Messages":[],"ComputerName":"LAPTOP-MKMTSO1B","Duration":"00:00:00.0076221","StartTime":"2026-07-20T05:41:45.367585+00:00","EndTime":"2026-07-20T05:41:45.369031+00:00","Properties":[]},{"TestCase":{"Id":"2db0f4cb-6169-e7ae-be0e-b9c430f587b8","FullyQualifiedName":"SharpMind.Tests.Data.CleaningPipelineTests.StageReturningNull_DiscardsDocument","DisplayName":"SharpMind.Tests.Data.CleaningPipelineTests.StageReturningNull_DiscardsDocument","ExecutorUri":"executor://xunit/VsTestRunner3/netcore/","Source":"C:\\Integral2u\\source\\repos\\SharpMind\\SharpMind.Tests\\bin\\Debug\\net10.0\\SharpMind.Tests.dll","CodeFilePath":null,"LineNumber":0,"Properties":[{"Key":{"Id":"TestCase.ManagedType","Label":"ManagedType","Category":"","Description":"","Attributes":1,"ValueType":"System.String"},"Value":"SharpMind.Tests.Data.CleaningPipelineTests"},{"Key":{"Id":"XunitTestCaseUniqueID","Label":"xUnit.net Test Case Unique ID","Category":"","Description":"","Attributes":0,"ValueType":"System.String"},"Value":"10ec47a2769a297963f473a288a1581a3b44ca80"},{"Key":{"Id":"TestCase.ManagedMethod","Label":"ManagedMethod","Category":"","Description":"","Attributes":1,"ValueType":"System.String"},"Value":"StageReturningNull_DiscardsDocument"},{"Key":{"Id":"XunitTestCaseExplicit","Label":"xUnit.net Test Case Explicit Flag","Category":"","Description":"","Attributes":0,"ValueType":"System.Boolean"},"Value":false}]},"Attachments":[],"Outcome":1,"ErrorMessage":null,"ErrorStackTrace":null,"DisplayName":"SharpMind.Tests.Data.CleaningPipelineTests.StageReturningNull_DiscardsDocument","Messages":[],"ComputerName":"LAPTOP-MKMTSO1B","Duration":"00:00:01.0685262","StartTime":"2026-07-20T05:41:44.3619122+00:00","EndTime":"2026-07-20T05:41:45.4035723+00:00","Properties":[]},{"TestCase":{"Id":"17fee511-8364-a0ba-0462-21067592d629","FullyQualifiedName":"SharpMind.Tests.Data.TextFileSourceTests.SkipsEmptyLines","DisplayName":"SharpMind.Tests.Data.TextFileSourceTests.SkipsEmptyLines","ExecutorUri":"executor://xunit/VsTestRunner3/netcore/","Source":"C:\\Integral2u\\source\\repos\\SharpMind\\SharpMind.Tests\\bin\\Debug\\net10.0\\SharpMind.Tests.dll","CodeFilePath":null,"LineNumber":0,"Properties":[{"Key":{"Id":"TestCase.ManagedType","Label":"ManagedType","Category":"","Description":"","Attributes":1,"ValueType":"System.String"},"Value":"SharpMind.Tests.Data.TextFileSourceTests"},{"Key":{"Id":"XunitTestCaseUniqueID","Label":"xUnit.net Test Case Unique ID","Category":"","Description":"","Attributes":0,"ValueType":"System.String"},"Value":"09b511849c321e141dbb502dffe12cdac80be26b"},{"Key":{"Id":"TestCase.ManagedMethod","Label":"ManagedMethod","Category":"","Description":"","Attributes":1,"ValueType":"System.String"},"Value":"SkipsEmptyLines"},{"Key":{"Id":"XunitTestCaseExplicit","Label":"xUnit.net Test Case Explicit Flag","Category":"","Description":"","Attributes":0,"ValueType":"System.Boolean"},"Value":false}]},"Attachments":[],"Outcome":1,"ErrorMessage":null,"ErrorStackTrace":null,"DisplayName":"SharpMind.Tests.Data.TextFileSourceTests.SkipsEmptyLines","Messages":[],"ComputerName":"LAPTOP-MKMTSO1B","Duration":"00:00:00.0261191","StartTime":"2026-07-20T05:41:45.3832796+00:00","EndTime":"2026-07-20T05:41:45.4092741+00:00","Properties":[]},{"TestCase":{"Id":"1aee93b9-fce9-5ded-401b-9f7c8918b609","FullyQualifiedName":"SharpMind.Tests.Data.CleaningPipelineTests.Describe_IncludesAllStageNames","DisplayName":"SharpMind.Tests.Data.CleaningPipelineTests.Describe_IncludesAllStageNames","ExecutorUri":"executor://xunit/VsTestRunner3/netcore/","Source":"C:\\Integral2u\\source\\repos\\SharpMind\\SharpMind.Tests\\bin\\Debug\\net10.0\\SharpMind.Tests.dll","CodeFilePath":null,"LineNumber":0,"Properties":[{"Key":{"Id":"TestCase.ManagedType","Label":"ManagedType","Category":"","Description":"","Attributes":1,"ValueType":"System.String"},"Value":"SharpMind.Tests.Data.CleaningPipelineTests"},{"Key":{"Id":"XunitTestCaseUniqueID","Label":"xUnit.net Test Case Unique ID","Category":"","Description":"","Attributes":0,"ValueType":"System.String"},"Value":"1d2fabaf0dc6b523d5c2617fec7ddad78f2cc9c1"},{"Key":{"Id":"TestCase.ManagedMethod","Label":"ManagedMethod","Category":"","Description":"","Attributes":1,"ValueType":"System.String"},"Value":"Describe_IncludesAllStageNames"},{"Key":{"Id":"XunitTestCaseExplicit","Label":"xUnit.net Test Case Explicit Flag","Category":"","Description":"","Attributes":0,"ValueType":"System.Boolean"},"Value":false}]},"Attachments":[],"Outcome":1,"ErrorMessage":null,"ErrorStackTrace":null,"DisplayName":"SharpMind.Tests.Data.CleaningPipelineTests.Describe_IncludesAllStageNames","Messages":[],"ComputerName":"LAPTOP-MKMTSO1B","Duration":"00:00:00.0546506","StartTime":"2026-07-20T05:41:45.4046274+00:00","EndTime":"2026-07-20T05:41:45.4587144+00:00","Properties":[]},{"TestCase":{"Id":"ca0032fc-56ba-64c4-5759-ec6b063d70c7","FullyQualifiedName":"SharpMind.Tests.Data.JsonlSourceTests.ExtractsTextField","DisplayName":"SharpMind.Tests.Data.JsonlSourceTests.ExtractsTextField","ExecutorUri":"executor://xunit/VsTestRunner3/netcore/","Source":"C:\\Integral2u\\source\\repos\\SharpMind\\SharpMind.Tests\\bin\\Debug\\net10.0\\SharpMind.Tests.dll","CodeFilePath":null,"LineNumber":0,"Properties":[{"Key":{"Id":"TestCase.ManagedType","Label":"ManagedType","Category":"","Description":"","Attributes":1,"ValueType":"System.String"},"Value":"SharpMind.Tests.Data.JsonlSourceTests"},{"Key":{"Id":"XunitTestCaseUniqueID","Label":"xUnit.net Test Case Unique ID","Category":"","Description":"","Attributes":0,"ValueType":"System.String"},"Value":"081c3f6c864daca7d28db3aeacf88c9c0ea421b4"},{"Key":{"Id":"TestCase.ManagedMethod","Label":"ManagedMethod","Category":"","Description":"","Attributes":1,"ValueType":"System.String"},"Value":"ExtractsTextField"},{"Key":{"Id":"XunitTestCaseExplicit","Label":"xUnit.net Test Case Explicit Flag","Category":"","Description":"","Attributes":0,"ValueType":"System.Boolean"},"Value":false}]},"Attachments":[],"Outcome":1,"ErrorMessage":null,"ErrorStackTrace":null,"DisplayName":"SharpMind.Tests.Data.JsonlSourceTests.ExtractsTextField","Messages":[],"ComputerName":"LAPTOP-MKMTSO1B","Duration":"00:00:00.0436384","StartTime":"2026-07-20T05:41:45.4286647+00:00","EndTime":"2026-07-20T05:41:45.4754756+00:00","Properties":[]},{"TestCase":{"Id":"029de822-2ce9-196a-675f-d19aae5cdd48","FullyQualifiedName":"SharpMind.Tests.Data.CleaningPipelineTests.SingleStage_TransformsDocuments","DisplayName":"SharpMind.Tests.Data.CleaningPipelineTests.SingleStage_TransformsDocuments","ExecutorUri":"executor://xunit/VsTestRunner3/netcore/","Source":"C:\\Integral2u\\source\\repos\\SharpMind\\SharpMind.Tests\\bin\\Debug\\net10.0\\SharpMind.Tests.dll","CodeFilePath":null,"LineNumber":0,"Properties":[{"Key":{"Id":"TestCase.ManagedType","Label":"ManagedType","Category":"","Description":"","Attributes":1,"ValueType":"System.String"},"Value":"SharpMind.Tests.Data.CleaningPipelineTests"},{"Key":{"Id":"XunitTestCaseUniqueID","Label":"xUnit.net Test Case Unique ID","Category":"","Description":"","Attributes":0,"ValueType":"System.String"},"Value":"2a92637fd83d55fbebff8c15a538d0e4e0ce39fb"},{"Key":{"Id":"TestCase.ManagedMethod","Label":"ManagedMethod","Category":"","Description":"","Attributes":1,"ValueType":"System.String"},"Value":"SingleStage_TransformsDocuments"},{"Key":{"Id":"XunitTestCaseExplicit","Label":"xUnit.net Test Case Explicit Flag","Category":"","Description":"","Attributes":0,"ValueType":"System.Boolean"},"Value":false}]},"Attachments":[],"Outcome":1,"ErrorMessage":null,"ErrorStackTrace":null,"DisplayName":"SharpMind.Tests.Data.CleaningPipelineTests.SingleStage_TransformsDocuments","Messages":[],"ComputerName":"LAPTOP-MKMTSO1B","Duration":"00:00:00.0230076","StartTime":"2026-07-20T05:41:45.4596521+00:00","EndTime":"2026-07-20T05:41:45.4863536+00:00","Properties":[]},{"TestCase":{"Id":"fc44f0fd-4ae2-32bd-8deb-e593dfc8f7e0","FullyQualifiedName":"SharpMind.Tests.Data.TextFileSourceTests.FileMode_YieldsWholeFileAsOneDocument","DisplayName":"SharpMind.Tests.Data.TextFileSourceTests.FileMode_YieldsWholeFileAsOneDocument","ExecutorUri":"executor://xunit/VsTestRunner3/netcore/","Source":"C:\\Integral2u\\source\\repos\\SharpMind\\SharpMind.Tests\\bin\\Debug\\net10.0\\SharpMind.Tests.dll","CodeFilePath":null,"LineNumber":0,"Properties":[{"Key":{"Id":"TestCase.ManagedType","Label":"ManagedType","Category":"","Description":"","Attributes":1,"ValueType":"System.String"},"Value":"SharpMind.Tests.Data.TextFileSourceTests"},{"Key":{"Id":"XunitTestCaseUniqueID","Label":"xUnit.net Test Case Unique ID","Category":"","Description":"","Attributes":0,"ValueType":"System.String"},"Value":"116816727fd784a4d7c883499ac9a61fed9d7f4b"},{"Key":{"Id":"TestCase.ManagedMethod","Label":"ManagedMethod","Category":"","Description":"","Attributes":1,"ValueType":"System.String"},"Value":"FileMode_YieldsWholeFileAsOneDocument"},{"Key":{"Id":"XunitTestCaseExplicit","Label":"xUnit.net Test Case Explicit Flag","Category":"","Description":"","Attributes":0,"ValueType":"System.Boolean"},"Value":false}]},"Attachments":[],"Outcome":1,"ErrorMessage":null,"ErrorStackTrace":null,"DisplayName":"SharpMind.Tests.Data.TextFileSourceTests.FileMode_YieldsWholeFileAsOneDocument","Messages":[],"ComputerName":"LAPTOP-MKMTSO1B","Duration":"00:00:00.0844821","StartTime":"2026-07-20T05:41:45.4106512+00:00","EndTime":"2026-07-20T05:41:45.4950399+00:00","Properties":[]}],"TestRunStatistics":{"ExecutedTests":23,"Stats":{"Passed":23}},"ActiveTests":[{"Id":"69792e4c-a410-0233-6e8b-2095d2348f56","FullyQualifiedName":"SharpMind.Tests.Data.JsonlSourceTests.MalformedLine_Skipped_CountTracked","DisplayName":"SharpMind.Tests.Data.JsonlSourceTests.MalformedLine_Skipped_CountTracked","ExecutorUri":"executor://xunit/VsTestRunner3/netcore/","Source":"C:\\Integral2u\\source\\repos\\SharpMind\\SharpMind.Tests\\bin\\Debug\\net10.0\\SharpMind.Tests.dll","CodeFilePath":null,"LineNumber":0,"Properties":[{"Key":{"Id":"TestCase.ManagedType","Label":"ManagedType","Category":"","Description":"","Attributes":1,"ValueType":"System.String"},"Value":"SharpMind.Tests.Data.JsonlSourceTests"},{"Key":{"Id":"XunitTestCaseUniqueID","Label":"xUnit.net Test Case Unique ID","Category":"","Description":"","Attributes":0,"ValueType":"System.String"},"Value":"1b8800a37eb281a8085f4e740cc5614cf935dfac"},{"Key":{"Id":"TestCase.ManagedMethod","Label":"ManagedMethod","Category":"","Description":"","Attributes":1,"ValueType":"System.String"},"Value":"MalformedLine_Skipped_CountTracked"},{"Key":{"Id":"XunitTestCaseExplicit","Label":"xUnit.net Test Case Explicit Flag","Category":"","Description":"","Attributes":0,"ValueType":"System.Boolean"},"Value":false}]},{"Id":"330cd554-6b4f-537e-73f2-b712d4167359","FullyQualifiedName":"SharpMind.Tests.Data.CleaningPipelineTests.Branch_SplitsStream","DisplayName":"SharpMind.Tests.Data.CleaningPipelineTests.Branch_SplitsStream","ExecutorUri":"executor://xunit/VsTestRunner3/netcore/","Source":"C:\\Integral2u\\source\\repos\\SharpMind\\SharpMind.Tests\\bin\\Debug\\net10.0\\SharpMind.Tests.dll","CodeFilePath":null,"LineNumber":0,"Properties":[{"Key":{"Id":"TestCase.ManagedType","Label":"ManagedType","Category":"","Description":"","Attributes":1,"ValueType":"System.String"},"Value":"SharpMind.Tests.Data.CleaningPipelineTests"},{"Key":{"Id":"XunitTestCaseUniqueID","Label":"xUnit.net Test Case Unique ID","Category":"","Description":"","Attributes":0,"ValueType":"System.String"},"Value":"3d96402a55ece8ccb6635bc10cd99e5e1ac90190"},{"Key":{"Id":"TestCase.ManagedMethod","Label":"ManagedMethod","Category":"","Description":"","Attributes":1,"ValueType":"System.String"},"Value":"Branch_SplitsStream"},{"Key":{"Id":"XunitTestCaseExplicit","Label":"xUnit.net Test Case Explicit Flag","Category":"","Description":"","Attributes":0,"ValueType":"System.Boolean"},"Value":false}]},{"Id":"625124a9-8ed0-af0a-a2f3-aa38033b1ae0","FullyQualifiedName":"SharpMind.Tests.Data.TextFileSourceTests.MissingFile_Throws","DisplayName":"SharpMind.Tests.Data.TextFileSourceTests.MissingFile_Throws","ExecutorUri":"executor://xunit/VsTestRunner3/netcore/","Source":"C:\\Integral2u\\source\\repos\\SharpMind\\SharpMind.Tests\\bin\\Debug\\net10.0\\SharpMind.Tests.dll","CodeFilePath":null,"LineNumber":0,"Properties":[{"Key":{"Id":"TestCase.ManagedType","Label":"ManagedType","Category":"","Description":"","Attributes":1,"ValueType":"System.String"},"Value":"SharpMind.Tests.Data.TextFileSourceTests"},{"Key":{"Id":"XunitTestCaseUniqueID","Label":"xUnit.net Test Case Unique ID","Category":"","Description":"","Attributes":0,"ValueType":"System.String"},"Value":"245211b5899e8cd6f6879c16cedd506a1701a2c1"},{"Key":{"Id":"TestCase.ManagedMethod","Label":"ManagedMethod","Category":"","Description":"","Attributes":1,"ValueType":"System.String"},"Value":"MissingFile_Throws"},{"Key":{"Id":"XunitTestCaseExplicit","Label":"xUnit.net Test Case Explicit Flag","Category":"","Description":"","Attributes":0,"ValueType":"System.Boolean"},"Value":false}]}]}}
TpTrace Verbose: 0 : 15992, 10, 2026/07/20, 17:41:45.502, 374943768256, vstest.console.dll, TestRunRequest:SendTestRunStatsChange: Starting.
TpTrace Verbose: 0 : 15992, 10, 2026/07/20, 17:41:45.502, 374943769459, vstest.console.dll, InProgress is SharpMind.Tests.Data.JsonlSourceTests.MalformedLine_Skipped_CountTracked
TpTrace Verbose: 0 : 15992, 10, 2026/07/20, 17:41:45.502, 374943770049, vstest.console.dll, InProgress is SharpMind.Tests.Data.CleaningPipelineTests.Branch_SplitsStream
TpTrace Verbose: 0 : 15992, 10, 2026/07/20, 17:41:45.502, 374943770592, vstest.console.dll, InProgress is SharpMind.Tests.Data.TextFileSourceTests.MissingFile_Throws
TpTrace Verbose: 0 : 15992, 10, 2026/07/20, 17:41:45.502, 374943771437, vstest.console.dll, MulticastDelegateUtilities.SafeInvoke: TestRun.RunStatsChanged: Invoking callbacks was skipped because there are no subscribers.
TpTrace Information: 0 : 15992, 10, 2026/07/20, 17:41:45.502, 374943772046, vstest.console.dll, TestRunRequest:SendTestRunStatsChange: Completed.
TpTrace Verbose: 0 : 15992, 10, 2026/07/20, 17:41:45.502, 374943772618, vstest.console.dll, MulticastDelegateUtilities.SafeInvoke: LengthPrefixCommunicationChannel: MessageReceived: Invoking callback 1/1 for Microsoft.VisualStudio.TestPlatform.CommunicationUtilities.TestRequestSender+<>c__DisplayClass34_0., took 4 ms.
TpTrace Verbose: 0 : 15992, 10, 2026/07/20, 17:41:45.502, 374943773220, vstest.console.dll, TcpClientExtensions.MessageLoopAsync: Polling on remoteEndPoint: 127.0.0.1:55740 localEndPoint: 127.0.0.1:55739 after 127 ms
TpTrace Verbose: 0 : 15992, 4, 2026/07/20, 17:41:45.503, 374943774798, vstest.console.dll, MulticastDelegateUtilities.SafeInvoke: InternalTestLoggerEvents.SendTestResult: Invoking callback 1/1 for Microsoft.VisualStudio.TestPlatform.CommandLine.Internal.ConsoleLogger., took 0 ms.
TpTrace Verbose: 0 : 15992, 4, 2026/07/20, 17:41:45.503, 374943778215, vstest.console.dll, MulticastDelegateUtilities.SafeInvoke: InternalTestLoggerEvents.SendTestResult: Invoking callback 1/1 for Microsoft.VisualStudio.TestPlatform.CommandLine.Internal.ConsoleLogger., took 0 ms.
TpTrace Verbose: 0 : 15992, 4, 2026/07/20, 17:41:45.503, 374943780201, vstest.console.dll, MulticastDelegateUtilities.SafeInvoke: InternalTestLoggerEvents.SendTestResult: Invoking callback 1/1 for Microsoft.VisualStudio.TestPlatform.CommandLine.Internal.ConsoleLogger., took 0 ms.
TpTrace Verbose: 0 : 15992, 4, 2026/07/20, 17:41:45.503, 374943783481, vstest.console.dll, MulticastDelegateUtilities.SafeInvoke: InternalTestLoggerEvents.SendTestResult: Invoking callback 1/1 for Microsoft.VisualStudio.TestPlatform.CommandLine.Internal.ConsoleLogger., took 0 ms.
TpTrace Verbose: 0 : 15992, 4, 2026/07/20, 17:41:45.504, 374943785330, vstest.console.dll, MulticastDelegateUtilities.SafeInvoke: InternalTestLoggerEvents.SendTestResult: Invoking callback 1/1 for Microsoft.VisualStudio.TestPlatform.CommandLine.Internal.ConsoleLogger., took 0 ms.
TpTrace Verbose: 0 : 15992, 4, 2026/07/20, 17:41:45.506, 374943812695, vstest.console.dll, MulticastDelegateUtilities.SafeInvoke: InternalTestLoggerEvents.SendTestResult: Invoking callback 1/1 for Microsoft.VisualStudio.TestPlatform.CommandLine.Internal.ConsoleLogger., took 0 ms.
TpTrace Verbose: 0 : 15992, 4, 2026/07/20, 17:41:45.507, 374943818528, vstest.console.dll, MulticastDelegateUtilities.SafeInvoke: InternalTestLoggerEvents.SendTestResult: Invoking callback 1/1 for Microsoft.VisualStudio.TestPlatform.CommandLine.Internal.ConsoleLogger., took 0 ms.
TpTrace Verbose: 0 : 15992, 10, 2026/07/20, 17:41:45.568, 374944426990, vstest.console.dll, TcpClientExtensions.MessageLoopAsync: NotifyDataAvailable remoteEndPoint: 127.0.0.1:55740 localEndPoint: 127.0.0.1:55739
TpTrace Verbose: 0 : 15992, 10, 2026/07/20, 17:41:45.568, 374944431170, vstest.console.dll, TestRequestSender.OnExecutionMessageReceived: Received message: {"Version":7,"MessageType":"TestExecution.StatsChange","Payload":{"NewTestResults":[{"TestCase":{"Id":"625124a9-8ed0-af0a-a2f3-aa38033b1ae0","FullyQualifiedName":"SharpMind.Tests.Data.TextFileSourceTests.MissingFile_Throws","DisplayName":"SharpMind.Tests.Data.TextFileSourceTests.MissingFile_Throws","ExecutorUri":"executor://xunit/VsTestRunner3/netcore/","Source":"C:\\Integral2u\\source\\repos\\SharpMind\\SharpMind.Tests\\bin\\Debug\\net10.0\\SharpMind.Tests.dll","CodeFilePath":null,"LineNumber":0,"Properties":[{"Key":{"Id":"TestCase.ManagedType","Label":"ManagedType","Category":"","Description":"","Attributes":1,"ValueType":"System.String"},"Value":"SharpMind.Tests.Data.TextFileSourceTests"},{"Key":{"Id":"XunitTestCaseUniqueID","Label":"xUnit.net Test Case Unique ID","Category":"","Description":"","Attributes":0,"ValueType":"System.String"},"Value":"245211b5899e8cd6f6879c16cedd506a1701a2c1"},{"Key":{"Id":"TestCase.ManagedMethod","Label":"ManagedMethod","Category":"","Description":"","Attributes":1,"ValueType":"System.String"},"Value":"MissingFile_Throws"},{"Key":{"Id":"XunitTestCaseExplicit","Label":"xUnit.net Test Case Explicit Flag","Category":"","Description":"","Attributes":0,"ValueType":"System.Boolean"},"Value":false}]},"Attachments":[],"Outcome":1,"ErrorMessage":null,"ErrorStackTrace":null,"DisplayName":"SharpMind.Tests.Data.TextFileSourceTests.MissingFile_Throws","Messages":[],"ComputerName":"LAPTOP-MKMTSO1B","Duration":"00:00:00.0055461","StartTime":"2026-07-20T05:41:45.4986314+00:00","EndTime":"2026-07-20T05:41:45.5028969+00:00","Properties":[]},{"TestCase":{"Id":"4a8d2912-78ef-bc93-1205-f7c256ac9771","FullyQualifiedName":"SharpMind.Tests.Data.TextFileSourceTests.EstimatedCount_LineMode_ReturnsNull","DisplayName":"SharpMind.Tests.Data.TextFileSourceTests.EstimatedCount_LineMode_ReturnsNull","ExecutorUri":"executor://xunit/VsTestRunner3/netcore/","Source":"C:\\Integral2u\\source\\repos\\SharpMind\\SharpMind.Tests\\bin\\Debug\\net10.0\\SharpMind.Tests.dll","CodeFilePath":null,"LineNumber":0,"Properties":[{"Key":{"Id":"TestCase.ManagedType","Label":"ManagedType","Category":"","Description":"","Attributes":1,"ValueType":"System.String"},"Value":"SharpMind.Tests.Data.TextFileSourceTests"},{"Key":{"Id":"XunitTestCaseUniqueID","Label":"xUnit.net Test Case Unique ID","Category":"","Description":"","Attributes":0,"ValueType":"System.String"},"Value":"2e902ba4a9f5a1c8baa4b0473809e8863d2b8fa3"},{"Key":{"Id":"TestCase.ManagedMethod","Label":"ManagedMethod","Category":"","Description":"","Attributes":1,"ValueType":"System.String"},"Value":"EstimatedCount_LineMode_ReturnsNull"},{"Key":{"Id":"XunitTestCaseExplicit","Label":"xUnit.net Test Case Explicit Flag","Category":"","Description":"","Attributes":0,"ValueType":"System.Boolean"},"Value":false}]},"Attachments":[],"Outcome":1,"ErrorMessage":null,"ErrorStackTrace":null,"DisplayName":"SharpMind.Tests.Data.TextFileSourceTests.EstimatedCount_LineMode_ReturnsNull","Messages":[],"ComputerName":"LAPTOP-MKMTSO1B","Duration":"00:00:00.0081802","StartTime":"2026-07-20T05:41:45.5071635+00:00","EndTime":"2026-07-20T05:41:45.5113058+00:00","Properties":[]},{"TestCase":{"Id":"69792e4c-a410-0233-6e8b-2095d2348f56","FullyQualifiedName":"SharpMind.Tests.Data.JsonlSourceTests.MalformedLine_Skipped_CountTracked","DisplayName":"SharpMind.Tests.Data.JsonlSourceTests.MalformedLine_Skipped_CountTracked","ExecutorUri":"executor://xunit/VsTestRunner3/netcore/","Source":"C:\\Integral2u\\source\\repos\\SharpMind\\SharpMind.Tests\\bin\\Debug\\net10.0\\SharpMind.Tests.dll","CodeFilePath":null,"LineNumber":0,"Properties":[{"Key":{"Id":"TestCase.ManagedType","Label":"ManagedType","Category":"","Description":"","Attributes":1,"ValueType":"System.String"},"Value":"SharpMind.Tests.Data.JsonlSourceTests"},{"Key":{"Id":"XunitTestCaseUniqueID","Label":"xUnit.net Test Case Unique ID","Category":"","Description":"","Attributes":0,"ValueType":"System.String"},"Value":"1b8800a37eb281a8085f4e740cc5614cf935dfac"},{"Key":{"Id":"TestCase.ManagedMethod","Label":"ManagedMethod","Category":"","Description":"","Attributes":1,"ValueType":"System.String"},"Value":"MalformedLine_Skipped_CountTracked"},{"Key":{"Id":"XunitTestCaseExplicit","Label":"xUnit.net Test Case Explicit Flag","Category":"","Description":"","Attributes":0,"ValueType":"System.Boolean"},"Value":false}]},"Attachments":[],"Outcome":1,"ErrorMessage":null,"ErrorStackTrace":null,"DisplayName":"SharpMind.Tests.Data.JsonlSourceTests.MalformedLine_Skipped_CountTracked","Messages":[],"ComputerName":"LAPTOP-MKMTSO1B","Duration":"00:00:00.0527966","StartTime":"2026-07-20T05:41:45.4764329+00:00","EndTime":"2026-07-20T05:41:45.5313029+00:00","Properties":[]},{"TestCase":{"Id":"85f6dbee-27ad-fd77-6a2e-501d9d592650","FullyQualifiedName":"SharpMind.Tests.Data.TextFileSourceTests.EstimatedCount_FileMode_ReturnsFileCount","DisplayName":"SharpMind.Tests.Data.TextFileSourceTests.EstimatedCount_FileMode_ReturnsFileCount","ExecutorUri":"executor://xunit/VsTestRunner3/netcore/","Source":"C:\\Integral2u\\source\\repos\\SharpMind\\SharpMind.Tests\\bin\\Debug\\net10.0\\SharpMind.Tests.dll","CodeFilePath":null,"LineNumber":0,"Properties":[{"Key":{"Id":"TestCase.ManagedType","Label":"ManagedType","Category":"","Description":"","Attributes":1,"ValueType":"System.String"},"Value":"SharpMind.Tests.Data.TextFileSourceTests"},{"Key":{"Id":"XunitTestCaseUniqueID","Label":"xUnit.net Test Case Unique ID","Category":"","Description":"","Attributes":0,"ValueType":"System.String"},"Value":"3962c137545af61f2e5d28e16551e1cfe33f3bca"},{"Key":{"Id":"TestCase.ManagedMethod","Label":"ManagedMethod","Category":"","Description":"","Attributes":1,"ValueType":"System.String"},"Value":"EstimatedCount_FileMode_ReturnsFileCount"},{"Key":{"Id":"XunitTestCaseExplicit","Label":"xUnit.net Test Case Explicit Flag","Category":"","Description":"","Attributes":0,"ValueType":"System.Boolean"},"Value":false}]},"Attachments":[],"Outcome":1,"ErrorMessage":null,"ErrorStackTrace":null,"DisplayName":"SharpMind.Tests.Data.TextFileSourceTests.EstimatedCount_FileMode_ReturnsFileCount","Messages":[],"ComputerName":"LAPTOP-MKMTSO1B","Duration":"00:00:00.0197710","StartTime":"2026-07-20T05:41:45.5121068+00:00","EndTime":"2026-07-20T05:41:45.535094+00:00","Properties":[]},{"TestCase":{"Id":"330cd554-6b4f-537e-73f2-b712d4167359","FullyQualifiedName":"SharpMind.Tests.Data.CleaningPipelineTests.Branch_SplitsStream","DisplayName":"SharpMind.Tests.Data.CleaningPipelineTests.Branch_SplitsStream","ExecutorUri":"executor://xunit/VsTestRunner3/netcore/","Source":"C:\\Integral2u\\source\\repos\\SharpMind\\SharpMind.Tests\\bin\\Debug\\net10.0\\SharpMind.Tests.dll","CodeFilePath":null,"LineNumber":0,"Properties":[{"Key":{"Id":"TestCase.ManagedType","Label":"ManagedType","Category":"","Description":"","Attributes":1,"ValueType":"System.String"},"Value":"SharpMind.Tests.Data.CleaningPipelineTests"},{"Key":{"Id":"XunitTestCaseUniqueID","Label":"xUnit.net Test Case Unique ID","Category":"","Description":"","Attributes":0,"ValueType":"System.String"},"Value":"3d96402a55ece8ccb6635bc10cd99e5e1ac90190"},{"Key":{"Id":"TestCase.ManagedMethod","Label":"ManagedMethod","Category":"","Description":"","Attributes":1,"ValueType":"System.String"},"Value":"Branch_SplitsStream"},{"Key":{"Id":"XunitTestCaseExplicit","Label":"xUnit.net Test Case Explicit Flag","Category":"","Description":"","Attributes":0,"ValueType":"System.Boolean"},"Value":false}]},"Attachments":[],"Outcome":1,"ErrorMessage":null,"ErrorStackTrace":null,"DisplayName":"SharpMind.Tests.Data.CleaningPipelineTests.Branch_SplitsStream","Messages":[],"ComputerName":"LAPTOP-MKMTSO1B","Duration":"00:00:00.0580519","StartTime":"2026-07-20T05:41:45.4874052+00:00","EndTime":"2026-07-20T05:41:45.5502287+00:00","Properties":[]},{"TestCase":{"Id":"621c0932-6aa9-033b-e6ba-2ea8982d665f","FullyQualifiedName":"SharpMind.Tests.Data.TextFileSourceTests.Cancellation_StopsStream","DisplayName":"SharpMind.Tests.Data.TextFileSourceTests.Cancellation_StopsStream","ExecutorUri":"executor://xunit/VsTestRunner3/netcore/","Source":"C:\\Integral2u\\source\\repos\\SharpMind\\SharpMind.Tests\\bin\\Debug\\net10.0\\SharpMind.Tests.dll","CodeFilePath":null,"LineNumber":0,"Properties":[{"Key":{"Id":"TestCase.ManagedType","Label":"ManagedType","Category":"","Description":"","Attributes":1,"ValueType":"System.String"},"Value":"SharpMind.Tests.Data.TextFileSourceTests"},{"Key":{"Id":"XunitTestCaseUniqueID","Label":"xUnit.net Test Case Unique ID","Category":"","Description":"","Attributes":0,"ValueType":"System.String"},"Value":"4f4441929ff37614c6231b26df50e669bd874820"},{"Key":{"Id":"TestCase.ManagedMethod","Label":"ManagedMethod","Category":"","Description":"","Attributes":1,"ValueType":"System.String"},"Value":"Cancellation_StopsStream"},{"Key":{"Id":"XunitTestCaseExplicit","Label":"xUnit.net Test Case Explicit Flag","Category":"","Description":"","Attributes":0,"ValueType":"System.Boolean"},"Value":false}]},"Attachments":[],"Outcome":1,"ErrorMessage":null,"ErrorStackTrace":null,"DisplayName":"SharpMind.Tests.Data.TextFileSourceTests.Cancellation_StopsStream","Messages":[],"ComputerName":"LAPTOP-MKMTSO1B","Duration":"00:00:00.0196040","StartTime":"2026-07-20T05:41:45.5359055+00:00","EndTime":"2026-07-20T05:41:45.5515897+00:00","Properties":[]},{"TestCase":{"Id":"51e53add-a2ef-d5d1-8c90-1def6fcb4159","FullyQualifiedName":"SharpMind.Tests.Data.JsonlSourceTests.MissingField_Skipped","DisplayName":"SharpMind.Tests.Data.JsonlSourceTests.MissingField_Skipped","ExecutorUri":"executor://xunit/VsTestRunner3/netcore/","Source":"C:\\Integral2u\\source\\repos\\SharpMind\\SharpMind.Tests\\bin\\Debug\\net10.0\\SharpMind.Tests.dll","CodeFilePath":null,"LineNumber":0,"Properties":[{"Key":{"Id":"TestCase.ManagedType","Label":"ManagedType","Category":"","Description":"","Attributes":1,"ValueType":"System.String"},"Value":"SharpMind.Tests.Data.JsonlSourceTests"},{"Key":{"Id":"XunitTestCaseUniqueID","Label":"xUnit.net Test Case Unique ID","Category":"","Description":"","Attributes":0,"ValueType":"System.String"},"Value":"1ca545ba5f92383276a21bcaba49279dc1626d7f"},{"Key":{"Id":"TestCase.ManagedMethod","Label":"ManagedMethod","Category":"","Description":"","Attributes":1,"ValueType":"System.String"},"Value":"MissingField_Skipped"},{"Key":{"Id":"XunitTestCaseExplicit","Label":"xUnit.net Test Case Explicit Flag","Category":"","Description":"","Attributes":0,"ValueType":"System.Boolean"},"Value":false}]},"Attachments":[],"Outcome":1,"ErrorMessage":null,"ErrorStackTrace":null,"DisplayName":"SharpMind.Tests.Data.JsonlSourceTests.MissingField_Skipped","Messages":[],"ComputerName":"LAPTOP-MKMTSO1B","Duration":"00:00:00.0211330","StartTime":"2026-07-20T05:41:45.5349722+00:00","EndTime":"2026-07-20T05:41:45.5654274+00:00","Properties":[]}],"TestRunStatistics":{"ExecutedTests":30,"Stats":{"Passed":30}},"ActiveTests":[{"Id":"1fb06e8a-d182-1fde-9339-99803ff5f7b8","FullyQualifiedName":"SharpMind.Tests.Data.CleaningPipelineTests.LambdaStage_WorksWithoutClass","DisplayName":"SharpMind.Tests.Data.CleaningPipelineTests.LambdaStage_WorksWithoutClass","ExecutorUri":"executor://xunit/VsTestRunner3/netcore/","Source":"C:\\Integral2u\\source\\repos\\SharpMind\\SharpMind.Tests\\bin\\Debug\\net10.0\\SharpMind.Tests.dll","CodeFilePath":null,"LineNumber":0,"Properties":[{"Key":{"Id":"TestCase.ManagedType","Label":"ManagedType","Category":"","Description":"","Attributes":1,"ValueType":"System.String"},"Value":"SharpMind.Tests.Data.CleaningPipelineTests"},{"Key":{"Id":"XunitTestCaseUniqueID","Label":"xUnit.net Test Case Unique ID","Category":"","Description":"","Attributes":0,"ValueType":"System.String"},"Value":"5270eb6ca72f9f1ca9e45d35eb4ea637a007bff1"},{"Key":{"Id":"TestCase.ManagedMethod","Label":"ManagedMethod","Category":"","Description":"","Attributes":1,"ValueType":"System.String"},"Value":"LambdaStage_WorksWithoutClass"},{"Key":{"Id":"XunitTestCaseExplicit","Label":"xUnit.net Test Case Explicit Flag","Category":"","Description":"","Attributes":0,"ValueType":"System.Boolean"},"Value":false}]},{"Id":"ee3efff8-fbc7-824a-5cde-b4fd4b6e67ea","FullyQualifiedName":"SharpMind.Tests.Data.TextFileSourceTests.LineMode_YieldsEachNonEmptyLine","DisplayName":"SharpMind.Tests.Data.TextFileSourceTests.LineMode_YieldsEachNonEmptyLine","ExecutorUri":"executor://xunit/VsTestRunner3/netcore/","Source":"C:\\Integral2u\\source\\repos\\SharpMind\\SharpMind.Tests\\bin\\Debug\\net10.0\\SharpMind.Tests.dll","CodeFilePath":null,"LineNumber":0,"Properties":[{"Key":{"Id":"TestCase.ManagedType","Label":"ManagedType","Category":"","Description":"","Attributes":1,"ValueType":"System.String"},"Value":"SharpMind.Tests.Data.TextFileSourceTests"},{"Key":{"Id":"XunitTestCaseUniqueID","Label":"xUnit.net Test Case Unique ID","Category":"","Description":"","Attributes":0,"ValueType":"System.String"},"Value":"53654e480dbd7895a8290afa40f3ded723949ccf"},{"Key":{"Id":"TestCase.ManagedMethod","Label":"ManagedMethod","Category":"","Description":"","Attributes":1,"ValueType":"System.String"},"Value":"LineMode_YieldsEachNonEmptyLine"},{"Key":{"Id":"XunitTestCaseExplicit","Label":"xUnit.net Test Case Explicit Flag","Category":"","Description":"","Attributes":0,"ValueType":"System.Boolean"},"Value":false}]},{"Id":"b24d5f25-c5aa-56f0-c4f0-859ab9553697","FullyQualifiedName":"SharpMind.Tests.Data.JsonlSourceTests.NestedFieldPath_DotNotation","DisplayName":"SharpMind.Tests.Data.JsonlSourceTests.NestedFieldPath_DotNotation","ExecutorUri":"executor://xunit/VsTestRunner3/netcore/","Source":"C:\\Integral2u\\source\\repos\\SharpMind\\SharpMind.Tests\\bin\\Debug\\net10.0\\SharpMind.Tests.dll","CodeFilePath":null,"LineNumber":0,"Properties":[{"Key":{"Id":"TestCase.ManagedType","Label":"ManagedType","Category":"","Description":"","Attributes":1,"ValueType":"System.String"},"Value":"SharpMind.Tests.Data.JsonlSourceTests"},{"Key":{"Id":"XunitTestCaseUniqueID","Label":"xUnit.net Test Case Unique ID","Category":"","Description":"","Attributes":0,"ValueType":"System.String"},"Value":"a022e0fc566bb212af499a511571b93dfe1fe1be"},{"Key":{"Id":"TestCase.ManagedMethod","Label":"ManagedMethod","Category":"","Description":"","Attributes":1,"ValueType":"System.String"},"Value":"NestedFieldPath_DotNotation"},{"Key":{"Id":"XunitTestCaseExplicit","Label":"xUnit.net Test Case Explicit Flag","Category":"","Description":"","Attributes":0,"ValueType":"System.Boolean"},"Value":false}]}]}}
TpTrace Verbose: 0 : 15992, 10, 2026/07/20, 17:41:45.572, 374944468455, vstest.console.dll, TestRunRequest:SendTestRunStatsChange: Starting.
TpTrace Verbose: 0 : 15992, 10, 2026/07/20, 17:41:45.572, 374944469793, vstest.console.dll, InProgress is SharpMind.Tests.Data.CleaningPipelineTests.LambdaStage_WorksWithoutClass
TpTrace Verbose: 0 : 15992, 10, 2026/07/20, 17:41:45.572, 374944470375, vstest.console.dll, InProgress is SharpMind.Tests.Data.TextFileSourceTests.LineMode_YieldsEachNonEmptyLine
TpTrace Verbose: 0 : 15992, 10, 2026/07/20, 17:41:45.572, 374944470731, vstest.console.dll, InProgress is SharpMind.Tests.Data.JsonlSourceTests.NestedFieldPath_DotNotation
TpTrace Verbose: 0 : 15992, 10, 2026/07/20, 17:41:45.572, 374944471402, vstest.console.dll, MulticastDelegateUtilities.SafeInvoke: TestRun.RunStatsChanged: Invoking callbacks was skipped because there are no subscribers.
TpTrace Information: 0 : 15992, 10, 2026/07/20, 17:41:45.572, 374944471903, vstest.console.dll, TestRunRequest:SendTestRunStatsChange: Completed.
TpTrace Verbose: 0 : 15992, 4, 2026/07/20, 17:41:45.572, 374944472109, vstest.console.dll, MulticastDelegateUtilities.SafeInvoke: InternalTestLoggerEvents.SendTestResult: Invoking callback 1/1 for Microsoft.VisualStudio.TestPlatform.CommandLine.Internal.ConsoleLogger., took 0 ms.
TpTrace Verbose: 0 : 15992, 10, 2026/07/20, 17:41:45.572, 374944472423, vstest.console.dll, MulticastDelegateUtilities.SafeInvoke: LengthPrefixCommunicationChannel: MessageReceived: Invoking callback 1/1 for Microsoft.VisualStudio.TestPlatform.CommunicationUtilities.TestRequestSender+<>c__DisplayClass34_0., took 4 ms.
TpTrace Verbose: 0 : 15992, 4, 2026/07/20, 17:41:45.572, 374944473256, vstest.console.dll, MulticastDelegateUtilities.SafeInvoke: InternalTestLoggerEvents.SendTestResult: Invoking callback 1/1 for Microsoft.VisualStudio.TestPlatform.CommandLine.Internal.ConsoleLogger., took 0 ms.
TpTrace Verbose: 0 : 15992, 10, 2026/07/20, 17:41:45.572, 374944473576, vstest.console.dll, TcpClientExtensions.MessageLoopAsync: Polling on remoteEndPoint: 127.0.0.1:55740 localEndPoint: 127.0.0.1:55739 after 69 ms
TpTrace Verbose: 0 : 15992, 4, 2026/07/20, 17:41:45.573, 374944474376, vstest.console.dll, MulticastDelegateUtilities.SafeInvoke: InternalTestLoggerEvents.SendTestResult: Invoking callback 1/1 for Microsoft.VisualStudio.TestPlatform.CommandLine.Internal.ConsoleLogger., took 0 ms.
TpTrace Verbose: 0 : 15992, 4, 2026/07/20, 17:41:45.573, 374944475246, vstest.console.dll, MulticastDelegateUtilities.SafeInvoke: InternalTestLoggerEvents.SendTestResult: Invoking callback 1/1 for Microsoft.VisualStudio.TestPlatform.CommandLine.Internal.ConsoleLogger., took 0 ms.
TpTrace Verbose: 0 : 15992, 4, 2026/07/20, 17:41:45.575, 374944499520, vstest.console.dll, MulticastDelegateUtilities.SafeInvoke: InternalTestLoggerEvents.SendTestResult: Invoking callback 1/1 for Microsoft.VisualStudio.TestPlatform.CommandLine.Internal.ConsoleLogger., took 2 ms.
TpTrace Verbose: 0 : 15992, 4, 2026/07/20, 17:41:45.575, 374944501517, vstest.console.dll, MulticastDelegateUtilities.SafeInvoke: InternalTestLoggerEvents.SendTestResult: Invoking callback 1/1 for Microsoft.VisualStudio.TestPlatform.CommandLine.Internal.ConsoleLogger., took 0 ms.
TpTrace Verbose: 0 : 15992, 4, 2026/07/20, 17:41:45.575, 374944502837, vstest.console.dll, MulticastDelegateUtilities.SafeInvoke: InternalTestLoggerEvents.SendTestResult: Invoking callback 1/1 for Microsoft.VisualStudio.TestPlatform.CommandLine.Internal.ConsoleLogger., took 0 ms.
TpTrace Verbose: 0 : 15992, 10, 2026/07/20, 17:41:45.667, 374945418495, vstest.console.dll, TcpClientExtensions.MessageLoopAsync: NotifyDataAvailable remoteEndPoint: 127.0.0.1:55740 localEndPoint: 127.0.0.1:55739
TpTrace Verbose: 0 : 15992, 10, 2026/07/20, 17:41:45.668, 374945427425, vstest.console.dll, TestRequestSender.OnExecutionMessageReceived: Received message: {"Version":7,"MessageType":"TestExecution.StatsChange","Payload":{"NewTestResults":[{"TestCase":{"Id":"ee3efff8-fbc7-824a-5cde-b4fd4b6e67ea","FullyQualifiedName":"SharpMind.Tests.Data.TextFileSourceTests.LineMode_YieldsEachNonEmptyLine","DisplayName":"SharpMind.Tests.Data.TextFileSourceTests.LineMode_YieldsEachNonEmptyLine","ExecutorUri":"executor://xunit/VsTestRunner3/netcore/","Source":"C:\\Integral2u\\source\\repos\\SharpMind\\SharpMind.Tests\\bin\\Debug\\net10.0\\SharpMind.Tests.dll","CodeFilePath":null,"LineNumber":0,"Properties":[{"Key":{"Id":"TestCase.ManagedType","Label":"ManagedType","Category":"","Description":"","Attributes":1,"ValueType":"System.String"},"Value":"SharpMind.Tests.Data.TextFileSourceTests"},{"Key":{"Id":"XunitTestCaseUniqueID","Label":"xUnit.net Test Case Unique ID","Category":"","Description":"","Attributes":0,"ValueType":"System.String"},"Value":"53654e480dbd7895a8290afa40f3ded723949ccf"},{"Key":{"Id":"TestCase.ManagedMethod","Label":"ManagedMethod","Category":"","Description":"","Attributes":1,"ValueType":"System.String"},"Value":"LineMode_YieldsEachNonEmptyLine"},{"Key":{"Id":"XunitTestCaseExplicit","Label":"xUnit.net Test Case Explicit Flag","Category":"","Description":"","Attributes":0,"ValueType":"System.Boolean"},"Value":false}]},"Attachments":[],"Outcome":1,"ErrorMessage":null,"ErrorStackTrace":null,"DisplayName":"SharpMind.Tests.Data.TextFileSourceTests.LineMode_YieldsEachNonEmptyLine","Messages":[],"ComputerName":"LAPTOP-MKMTSO1B","Duration":"00:00:00.0195590","StartTime":"2026-07-20T05:41:45.5524334+00:00","EndTime":"2026-07-20T05:41:45.5765098+00:00","Properties":[]},{"TestCase":{"Id":"1fb06e8a-d182-1fde-9339-99803ff5f7b8","FullyQualifiedName":"SharpMind.Tests.Data.CleaningPipelineTests.LambdaStage_WorksWithoutClass","DisplayName":"SharpMind.Tests.Data.CleaningPipelineTests.LambdaStage_WorksWithoutClass","ExecutorUri":"executor://xunit/VsTestRunner3/netcore/","Source":"C:\\Integral2u\\source\\repos\\SharpMind\\SharpMind.Tests\\bin\\Debug\\net10.0\\SharpMind.Tests.dll","CodeFilePath":null,"LineNumber":0,"Properties":[{"Key":{"Id":"TestCase.ManagedType","Label":"ManagedType","Category":"","Description":"","Attributes":1,"ValueType":"System.String"},"Value":"SharpMind.Tests.Data.CleaningPipelineTests"},{"Key":{"Id":"XunitTestCaseUniqueID","Label":"xUnit.net Test Case Unique ID","Category":"","Description":"","Attributes":0,"ValueType":"System.String"},"Value":"5270eb6ca72f9f1ca9e45d35eb4ea637a007bff1"},{"Key":{"Id":"TestCase.ManagedMethod","Label":"ManagedMethod","Category":"","Description":"","Attributes":1,"ValueType":"System.String"},"Value":"LambdaStage_WorksWithoutClass"},{"Key":{"Id":"XunitTestCaseExplicit","Label":"xUnit.net Test Case Explicit Flag","Category":"","Description":"","Attributes":0,"ValueType":"System.Boolean"},"Value":false}]},"Attachments":[],"Outcome":1,"ErrorMessage":null,"ErrorStackTrace":null,"DisplayName":"SharpMind.Tests.Data.CleaningPipelineTests.LambdaStage_WorksWithoutClass","Messages":[],"ComputerName":"LAPTOP-MKMTSO1B","Duration":"00:00:00.0249718","StartTime":"2026-07-20T05:41:45.5511533+00:00","EndTime":"2026-07-20T05:41:45.5777835+00:00","Properties":[]},{"TestCase":{"Id":"d1a72413-5ea9-2cdf-5350-361548cdd034","FullyQualifiedName":"SharpMind.Tests.Data.CleaningPipelineTests.Merge_RequiresAtLeastTwoNodes","DisplayName":"SharpMind.Tests.Data.CleaningPipelineTests.Merge_RequiresAtLeastTwoNodes","ExecutorUri":"executor://xunit/VsTestRunner3/netcore/","Source":"C:\\Integral2u\\source\\repos\\SharpMind\\SharpMind.Tests\\bin\\Debug\\net10.0\\SharpMind.Tests.dll","CodeFilePath":null,"LineNumber":0,"Properties":[{"Key":{"Id":"TestCase.ManagedType","Label":"ManagedType","Category":"","Description":"","Attributes":1,"ValueType":"System.String"},"Value":"SharpMind.Tests.Data.CleaningPipelineTests"},{"Key":{"Id":"XunitTestCaseUniqueID","Label":"xUnit.net Test Case Unique ID","Category":"","Description":"","Attributes":0,"ValueType":"System.String"},"Value":"9e9cd4cb6d30dd2e9b74482b15957d251b89240c"},{"Key":{"Id":"TestCase.ManagedMethod","Label":"ManagedMethod","Category":"","Description":"","Attributes":1,"ValueType":"System.String"},"Value":"Merge_RequiresAtLeastTwoNodes"},{"Key":{"Id":"XunitTestCaseExplicit","Label":"xUnit.net Test Case Explicit Flag","Category":"","Description":"","Attributes":0,"ValueType":"System.Boolean"},"Value":false}]},"Attachments":[],"Outcome":1,"ErrorMessage":null,"ErrorStackTrace":null,"DisplayName":"SharpMind.Tests.Data.CleaningPipelineTests.Merge_RequiresAtLeastTwoNodes","Messages":[],"ComputerName":"LAPTOP-MKMTSO1B","Duration":"00:00:00.0051258","StartTime":"2026-07-20T05:41:45.5786166+00:00","EndTime":"2026-07-20T05:41:45.5828899+00:00","Properties":[]},{"TestCase":{"Id":"b24d5f25-c5aa-56f0-c4f0-859ab9553697","FullyQualifiedName":"SharpMind.Tests.Data.JsonlSourceTests.NestedFieldPath_DotNotation","DisplayName":"SharpMind.Tests.Data.JsonlSourceTests.NestedFieldPath_DotNotation","ExecutorUri":"executor://xunit/VsTestRunner3/netcore/","Source":"C:\\Integral2u\\source\\repos\\SharpMind\\SharpMind.Tests\\bin\\Debug\\net10.0\\SharpMind.Tests.dll","CodeFilePath":null,"LineNumber":0,"Properties":[{"Key":{"Id":"TestCase.ManagedType","Label":"ManagedType","Category":"","Description":"","Attributes":1,"ValueType":"System.String"},"Value":"SharpMind.Tests.Data.JsonlSourceTests"},{"Key":{"Id":"XunitTestCaseUniqueID","Label":"xUnit.net Test Case Unique ID","Category":"","Description":"","Attributes":0,"ValueType":"System.String"},"Value":"a022e0fc566bb212af499a511571b93dfe1fe1be"},{"Key":{"Id":"TestCase.ManagedMethod","Label":"ManagedMethod","Category":"","Description":"","Attributes":1,"ValueType":"System.String"},"Value":"NestedFieldPath_DotNotation"},{"Key":{"Id":"XunitTestCaseExplicit","Label":"xUnit.net Test Case Explicit Flag","Category":"","Description":"","Attributes":0,"ValueType":"System.Boolean"},"Value":false}]},"Attachments":[],"Outcome":1,"ErrorMessage":null,"ErrorStackTrace":null,"DisplayName":"SharpMind.Tests.Data.JsonlSourceTests.NestedFieldPath_DotNotation","Messages":[],"ComputerName":"LAPTOP-MKMTSO1B","Duration":"00:00:00.0426708","StartTime":"2026-07-20T05:41:45.5685429+00:00","EndTime":"2026-07-20T05:41:45.6102634+00:00","Properties":[]},{"TestCase":{"Id":"c88702b0-bc87-4590-b3b4-7ac40a306795","FullyQualifiedName":"SharpMind.Tests.Data.TextFileSourceTests.MultipleFiles_YieldsAllInOrder","DisplayName":"SharpMind.Tests.Data.TextFileSourceTests.MultipleFiles_YieldsAllInOrder","ExecutorUri":"executor://xunit/VsTestRunner3/netcore/","Source":"C:\\Integral2u\\source\\repos\\SharpMind\\SharpMind.Tests\\bin\\Debug\\net10.0\\SharpMind.Tests.dll","CodeFilePath":null,"LineNumber":0,"Properties":[{"Key":{"Id":"TestCase.ManagedType","Label":"ManagedType","Category":"","Description":"","Attributes":1,"ValueType":"System.String"},"Value":"SharpMind.Tests.Data.TextFileSourceTests"},{"Key":{"Id":"XunitTestCaseUniqueID","Label":"xUnit.net Test Case Unique ID","Category":"","Description":"","Attributes":0,"ValueType":"System.String"},"Value":"e13817b201b9bd6c0cb0f05e80fe4a2fc8baac52"},{"Key":{"Id":"TestCase.ManagedMethod","Label":"ManagedMethod","Category":"","Description":"","Attributes":1,"ValueType":"System.String"},"Value":"MultipleFiles_YieldsAllInOrder"},{"Key":{"Id":"XunitTestCaseExplicit","Label":"xUnit.net Test Case Explicit Flag","Category":"","Description":"","Attributes":0,"ValueType":"System.Boolean"},"Value":false}]},"Attachments":[],"Outcome":1,"ErrorMessage":null,"ErrorStackTrace":null,"DisplayName":"SharpMind.Tests.Data.TextFileSourceTests.MultipleFiles_YieldsAllInOrder","Messages":[],"ComputerName":"LAPTOP-MKMTSO1B","Duration":"00:00:00.0398083","StartTime":"2026-07-20T05:41:45.5776307+00:00","EndTime":"2026-07-20T05:41:45.6206607+00:00","Properties":[]},{"TestCase":{"Id":"a4c58ab7-ff2f-94a9-df67-0a79702e0f4c","FullyQualifiedName":"SharpMind.Tests.Data.JsonlSourceTests.EmptyTextValue_Skipped","DisplayName":"SharpMind.Tests.Data.JsonlSourceTests.EmptyTextValue_Skipped","ExecutorUri":"executor://xunit/VsTestRunner3/netcore/","Source":"C:\\Integral2u\\source\\repos\\SharpMind\\SharpMind.Tests\\bin\\Debug\\net10.0\\SharpMind.Tests.dll","CodeFilePath":null,"LineNumber":0,"Properties":[{"Key":{"Id":"TestCase.ManagedType","Label":"ManagedType","Category":"","Description":"","Attributes":1,"ValueType":"System.String"},"Value":"SharpMind.Tests.Data.JsonlSourceTests"},{"Key":{"Id":"XunitTestCaseUniqueID","Label":"xUnit.net Test Case Unique ID","Category":"","Description":"","Attributes":0,"ValueType":"System.String"},"Value":"f15fbd3f5c18a0fadc2fe98b343aeb628e3c7a62"},{"Key":{"Id":"TestCase.ManagedMethod","Label":"ManagedMethod","Category":"","Description":"","Attributes":1,"ValueType":"System.String"},"Value":"EmptyTextValue_Skipped"},{"Key":{"Id":"XunitTestCaseExplicit","Label":"xUnit.net Test Case Explicit Flag","Category":"","Description":"","Attributes":0,"ValueType":"System.Boolean"},"Value":false}]},"Attachments":[],"Outcome":1,"ErrorMessage":null,"ErrorStackTrace":null,"DisplayName":"SharpMind.Tests.Data.JsonlSourceTests.EmptyTextValue_Skipped","Messages":[],"ComputerName":"LAPTOP-MKMTSO1B","Duration":"00:00:00.0253150","StartTime":"2026-07-20T05:41:45.6143206+00:00","EndTime":"2026-07-20T05:41:45.6429767+00:00","Properties":[]},{"TestCase":{"Id":"d3f6aae6-cb99-bab6-0a2e-8eebcda49715","FullyQualifiedName":"SharpMind.Tests.Data.CleaningPipelineTests.Merge_RejoinsAfterBranch","DisplayName":"SharpMind.Tests.Data.CleaningPipelineTests.Merge_RejoinsAfterBranch","ExecutorUri":"executor://xunit/VsTestRunner3/netcore/","Source":"C:\\Integral2u\\source\\repos\\SharpMind\\SharpMind.Tests\\bin\\Debug\\net10.0\\SharpMind.Tests.dll","CodeFilePath":null,"LineNumber":0,"Properties":[{"Key":{"Id":"TestCase.ManagedType","Label":"ManagedType","Category":"","Description":"","Attributes":1,"ValueType":"System.String"},"Value":"SharpMind.Tests.Data.CleaningPipelineTests"},{"Key":{"Id":"XunitTestCaseUniqueID","Label":"xUnit.net Test Case Unique ID","Category":"","Description":"","Attributes":0,"ValueType":"System.String"},"Value":"b15a57d36c3b8ae276267f0377652781e7dc0729"},{"Key":{"Id":"TestCase.ManagedMethod","Label":"ManagedMethod","Category":"","Description":"","Attributes":1,"ValueType":"System.String"},"Value":"Merge_RejoinsAfterBranch"},{"Key":{"Id":"XunitTestCaseExplicit","Label":"xUnit.net Test Case Explicit Flag","Category":"","Description":"","Attributes":0,"ValueType":"System.Boolean"},"Value":false}]},"Attachments":[],"Outcome":1,"ErrorMessage":null,"ErrorStackTrace":null,"DisplayName":"SharpMind.Tests.Data.CleaningPipelineTests.Merge_RejoinsAfterBranch","Messages":[],"ComputerName":"LAPTOP-MKMTSO1B","Duration":"00:00:00.0617837","StartTime":"2026-07-20T05:41:45.5840169+00:00","EndTime":"2026-07-20T05:41:45.6505407+00:00","Properties":[]},{"TestCase":{"Id":"1f76eda1-c214-b2c4-92f8-bc8b0ebd8007","FullyQualifiedName":"SharpMind.Tests.Core.EmbeddingTableTests.Forward_OutOfRangeId_Throws","DisplayName":"SharpMind.Tests.Core.EmbeddingTableTests.Forward_OutOfRangeId_Throws","ExecutorUri":"executor://xunit/VsTestRunner3/netcore/","Source":"C:\\Integral2u\\source\\repos\\SharpMind\\SharpMind.Tests\\bin\\Debug\\net10.0\\SharpMind.Tests.dll","CodeFilePath":null,"LineNumber":0,"Properties":[{"Key":{"Id":"TestCase.ManagedType","Label":"ManagedType","Category":"","Description":"","Attributes":1,"ValueType":"System.String"},"Value":"SharpMind.Tests.Core.EmbeddingTableTests"},{"Key":{"Id":"XunitTestCaseUniqueID","Label":"xUnit.net Test Case Unique ID","Category":"","Description":"","Attributes":0,"ValueType":"System.String"},"Value":"5fe8cedc5cb30edb219a53c64309b65e151d715b"},{"Key":{"Id":"TestCase.ManagedMethod","Label":"ManagedMethod","Category":"","Description":"","Attributes":1,"ValueType":"System.String"},"Value":"Forward_OutOfRangeId_Throws"},{"Key":{"Id":"XunitTestCaseExplicit","Label":"xUnit.net Test Case Explicit Flag","Category":"","Description":"","Attributes":0,"ValueType":"System.Boolean"},"Value":false}]},"Attachments":[],"Outcome":1,"ErrorMessage":null,"ErrorStackTrace":null,"DisplayName":"SharpMind.Tests.Core.EmbeddingTableTests.Forward_OutOfRangeId_Throws","Messages":[],"ComputerName":"LAPTOP-MKMTSO1B","Duration":"00:00:00.0136171","StartTime":"2026-07-20T05:41:45.6481003+00:00","EndTime":"2026-07-20T05:41:45.6638204+00:00","Properties":[]}],"TestRunStatistics":{"ExecutedTests":38,"Stats":{"Passed":38}},"ActiveTests":[{"Id":"043e7edd-3441-689a-572c-cb0d06b7cb51","FullyQualifiedName":"SharpMind.Tests.Data.PackingBatcherTests.DocumentLongerThanSeqLen_Truncated","DisplayName":"SharpMind.Tests.Data.PackingBatcherTests.DocumentLongerThanSeqLen_Truncated","ExecutorUri":"executor://xunit/VsTestRunner3/netcore/","Source":"C:\\Integral2u\\source\\repos\\SharpMind\\SharpMind.Tests\\bin\\Debug\\net10.0\\SharpMind.Tests.dll","CodeFilePath":null,"LineNumber":0,"Properties":[{"Key":{"Id":"TestCase.ManagedType","Label":"ManagedType","Category":"","Description":"","Attributes":1,"ValueType":"System.String"},"Value":"SharpMind.Tests.Data.PackingBatcherTests"},{"Key":{"Id":"XunitTestCaseUniqueID","Label":"xUnit.net Test Case Unique ID","Category":"","Description":"","Attributes":0,"ValueType":"System.String"},"Value":"00a9d72adcbcce02bea0582129ab57966fa37041"},{"Key":{"Id":"TestCase.ManagedMethod","Label":"ManagedMethod","Category":"","Description":"","Attributes":1,"ValueType":"System.String"},"Value":"DocumentLongerThanSeqLen_Truncated"},{"Key":{"Id":"XunitTestCaseExplicit","Label":"xUnit.net Test Case Explicit Flag","Category":"","Description":"","Attributes":0,"ValueType":"System.Boolean"},"Value":false}]},{"Id":"bc74f2dc-08e1-c8fc-7e34-f3ade3412f6f","FullyQualifiedName":"SharpMind.Tests.Core.EmbeddingTableTests.Forward_ReturnsCorrectRows","DisplayName":"SharpMind.Tests.Core.EmbeddingTableTests.Forward_ReturnsCorrectRows","ExecutorUri":"executor://xunit/VsTestRunner3/netcore/","Source":"C:\\Integral2u\\source\\repos\\SharpMind\\SharpMind.Tests\\bin\\Debug\\net10.0\\SharpMind.Tests.dll","CodeFilePath":null,"LineNumber":0,"Properties":[{"Key":{"Id":"TestCase.ManagedType","Label":"ManagedType","Category":"","Description":"","Attributes":1,"ValueType":"System.String"},"Value":"SharpMind.Tests.Core.EmbeddingTableTests"},{"Key":{"Id":"XunitTestCaseUniqueID","Label":"xUnit.net Test Case Unique ID","Category":"","Description":"","Attributes":0,"ValueType":"System.String"},"Value":"7b8148ccd08de789bf19b11e6b529f4db33c6356"},{"Key":{"Id":"TestCase.ManagedMethod","Label":"ManagedMethod","Category":"","Description":"","Attributes":1,"ValueType":"System.String"},"Value":"Forward_ReturnsCorrectRows"},{"Key":{"Id":"XunitTestCaseExplicit","Label":"xUnit.net Test Case Explicit Flag","Category":"","Description":"","Attributes":0,"ValueType":"System.Boolean"},"Value":false}]}]}}
TpTrace Verbose: 0 : 15992, 10, 2026/07/20, 17:41:45.673, 374945476045, vstest.console.dll, TestRunRequest:SendTestRunStatsChange: Starting.
TpTrace Verbose: 0 : 15992, 10, 2026/07/20, 17:41:45.673, 374945479980, vstest.console.dll, InProgress is SharpMind.Tests.Data.PackingBatcherTests.DocumentLongerThanSeqLen_Truncated
TpTrace Verbose: 0 : 15992, 10, 2026/07/20, 17:41:45.673, 374945482059, vstest.console.dll, InProgress is SharpMind.Tests.Core.EmbeddingTableTests.Forward_ReturnsCorrectRows
TpTrace Verbose: 0 : 15992, 10, 2026/07/20, 17:41:45.673, 374945483316, vstest.console.dll, MulticastDelegateUtilities.SafeInvoke: TestRun.RunStatsChanged: Invoking callbacks was skipped because there are no subscribers.
TpTrace Information: 0 : 15992, 10, 2026/07/20, 17:41:45.673, 374945483849, vstest.console.dll, TestRunRequest:SendTestRunStatsChange: Completed.
TpTrace Verbose: 0 : 15992, 4, 2026/07/20, 17:41:45.673, 374945484019, vstest.console.dll, MulticastDelegateUtilities.SafeInvoke: InternalTestLoggerEvents.SendTestResult: Invoking callback 1/1 for Microsoft.VisualStudio.TestPlatform.CommandLine.Internal.ConsoleLogger., took 0 ms.
TpTrace Verbose: 0 : 15992, 4, 2026/07/20, 17:41:45.674, 374945484939, vstest.console.dll, MulticastDelegateUtilities.SafeInvoke: InternalTestLoggerEvents.SendTestResult: Invoking callback 1/1 for Microsoft.VisualStudio.TestPlatform.CommandLine.Internal.ConsoleLogger., took 0 ms.
TpTrace Verbose: 0 : 15992, 10, 2026/07/20, 17:41:45.674, 374945484929, vstest.console.dll, MulticastDelegateUtilities.SafeInvoke: LengthPrefixCommunicationChannel: MessageReceived: Invoking callback 1/1 for Microsoft.VisualStudio.TestPlatform.CommunicationUtilities.TestRequestSender+<>c__DisplayClass34_0., took 5 ms.
TpTrace Verbose: 0 : 15992, 4, 2026/07/20, 17:41:45.674, 374945485987, vstest.console.dll, MulticastDelegateUtilities.SafeInvoke: InternalTestLoggerEvents.SendTestResult: Invoking callback 1/1 for Microsoft.VisualStudio.TestPlatform.CommandLine.Internal.ConsoleLogger., took 0 ms.
TpTrace Verbose: 0 : 15992, 10, 2026/07/20, 17:41:45.674, 374945486370, vstest.console.dll, TcpClientExtensions.MessageLoopAsync: Polling on remoteEndPoint: 127.0.0.1:55740 localEndPoint: 127.0.0.1:55739 after 101 ms
TpTrace Verbose: 0 : 15992, 4, 2026/07/20, 17:41:45.674, 374945487120, vstest.console.dll, MulticastDelegateUtilities.SafeInvoke: InternalTestLoggerEvents.SendTestResult: Invoking callback 1/1 for Microsoft.VisualStudio.TestPlatform.CommandLine.Internal.ConsoleLogger., took 0 ms.
TpTrace Verbose: 0 : 15992, 4, 2026/07/20, 17:41:45.674, 374945487857, vstest.console.dll, MulticastDelegateUtilities.SafeInvoke: InternalTestLoggerEvents.SendTestResult: Invoking callback 1/1 for Microsoft.VisualStudio.TestPlatform.CommandLine.Internal.ConsoleLogger., took 0 ms.
TpTrace Verbose: 0 : 15992, 4, 2026/07/20, 17:41:45.674, 374945488685, vstest.console.dll, MulticastDelegateUtilities.SafeInvoke: InternalTestLoggerEvents.SendTestResult: Invoking callback 1/1 for Microsoft.VisualStudio.TestPlatform.CommandLine.Internal.ConsoleLogger., took 0 ms.
TpTrace Verbose: 0 : 15992, 4, 2026/07/20, 17:41:45.674, 374945489620, vstest.console.dll, MulticastDelegateUtilities.SafeInvoke: InternalTestLoggerEvents.SendTestResult: Invoking callback 1/1 for Microsoft.VisualStudio.TestPlatform.CommandLine.Internal.ConsoleLogger., took 0 ms.
TpTrace Verbose: 0 : 15992, 4, 2026/07/20, 17:41:45.674, 374945490506, vstest.console.dll, MulticastDelegateUtilities.SafeInvoke: InternalTestLoggerEvents.SendTestResult: Invoking callback 1/1 for Microsoft.VisualStudio.TestPlatform.CommandLine.Internal.ConsoleLogger., took 0 ms.
TpTrace Verbose: 0 : 15992, 10, 2026/07/20, 17:41:45.706, 374945812886, vstest.console.dll, TcpClientExtensions.MessageLoopAsync: NotifyDataAvailable remoteEndPoint: 127.0.0.1:55740 localEndPoint: 127.0.0.1:55739
TpTrace Verbose: 0 : 15992, 10, 2026/07/20, 17:41:45.707, 374945818340, vstest.console.dll, TestRequestSender.OnExecutionMessageReceived: Received message: {"Version":7,"MessageType":"TestExecution.StatsChange","Payload":{"NewTestResults":[{"TestCase":{"Id":"043e7edd-3441-689a-572c-cb0d06b7cb51","FullyQualifiedName":"SharpMind.Tests.Data.PackingBatcherTests.DocumentLongerThanSeqLen_Truncated","DisplayName":"SharpMind.Tests.Data.PackingBatcherTests.DocumentLongerThanSeqLen_Truncated","ExecutorUri":"executor://xunit/VsTestRunner3/netcore/","Source":"C:\\Integral2u\\source\\repos\\SharpMind\\SharpMind.Tests\\bin\\Debug\\net10.0\\SharpMind.Tests.dll","CodeFilePath":null,"LineNumber":0,"Properties":[{"Key":{"Id":"TestCase.ManagedType","Label":"ManagedType","Category":"","Description":"","Attributes":1,"ValueType":"System.String"},"Value":"SharpMind.Tests.Data.PackingBatcherTests"},{"Key":{"Id":"XunitTestCaseUniqueID","Label":"xUnit.net Test Case Unique ID","Category":"","Description":"","Attributes":0,"ValueType":"System.String"},"Value":"00a9d72adcbcce02bea0582129ab57966fa37041"},{"Key":{"Id":"TestCase.ManagedMethod","Label":"ManagedMethod","Category":"","Description":"","Attributes":1,"ValueType":"System.String"},"Value":"DocumentLongerThanSeqLen_Truncated"},{"Key":{"Id":"XunitTestCaseExplicit","Label":"xUnit.net Test Case Explicit Flag","Category":"","Description":"","Attributes":0,"ValueType":"System.Boolean"},"Value":false}]},"Attachments":[],"Outcome":1,"ErrorMessage":null,"ErrorStackTrace":null,"DisplayName":"SharpMind.Tests.Data.PackingBatcherTests.DocumentLongerThanSeqLen_Truncated","Messages":[],"ComputerName":"LAPTOP-MKMTSO1B","Duration":"00:00:00.0308789","StartTime":"2026-07-20T05:41:45.6347618+00:00","EndTime":"2026-07-20T05:41:45.6680905+00:00","Properties":[]},{"TestCase":{"Id":"bc74f2dc-08e1-c8fc-7e34-f3ade3412f6f","FullyQualifiedName":"SharpMind.Tests.Core.EmbeddingTableTests.Forward_ReturnsCorrectRows","DisplayName":"SharpMind.Tests.Core.EmbeddingTableTests.Forward_ReturnsCorrectRows","ExecutorUri":"executor://xunit/VsTestRunner3/netcore/","Source":"C:\\Integral2u\\source\\repos\\SharpMind\\SharpMind.Tests\\bin\\Debug\\net10.0\\SharpMind.Tests.dll","CodeFilePath":null,"LineNumber":0,"Properties":[{"Key":{"Id":"TestCase.ManagedType","Label":"ManagedType","Category":"","Description":"","Attributes":1,"ValueType":"System.String"},"Value":"SharpMind.Tests.Core.EmbeddingTableTests"},{"Key":{"Id":"XunitTestCaseUniqueID","Label":"xUnit.net Test Case Unique ID","Category":"","Description":"","Attributes":0,"ValueType":"System.String"},"Value":"7b8148ccd08de789bf19b11e6b529f4db33c6356"},{"Key":{"Id":"TestCase.ManagedMethod","Label":"ManagedMethod","Category":"","Description":"","Attributes":1,"ValueType":"System.String"},"Value":"Forward_ReturnsCorrectRows"},{"Key":{"Id":"XunitTestCaseExplicit","Label":"xUnit.net Test Case Explicit Flag","Category":"","Description":"","Attributes":0,"ValueType":"System.Boolean"},"Value":false}]},"Attachments":[],"Outcome":1,"ErrorMessage":null,"ErrorStackTrace":null,"DisplayName":"SharpMind.Tests.Core.EmbeddingTableTests.Forward_ReturnsCorrectRows","Messages":[],"ComputerName":"LAPTOP-MKMTSO1B","Duration":"00:00:00.0083266","StartTime":"2026-07-20T05:41:45.6678174+00:00","EndTime":"2026-07-20T05:41:45.6705602+00:00","Properties":[]},{"TestCase":{"Id":"13941500-4cb1-560f-d6a6-8f0473817f13","FullyQualifiedName":"SharpMind.Tests.Core.EmbeddingTableTests.Dispose_Safe","DisplayName":"SharpMind.Tests.Core.EmbeddingTableTests.Dispose_Safe","ExecutorUri":"executor://xunit/VsTestRunner3/netcore/","Source":"C:\\Integral2u\\source\\repos\\SharpMind\\SharpMind.Tests\\bin\\Debug\\net10.0\\SharpMind.Tests.dll","CodeFilePath":null,"LineNumber":0,"Properties":[{"Key":{"Id":"TestCase.ManagedType","Label":"ManagedType","Category":"","Description":"","Attributes":1,"ValueType":"System.String"},"Value":"SharpMind.Tests.Core.EmbeddingTableTests"},{"Key":{"Id":"XunitTestCaseUniqueID","Label":"xUnit.net Test Case Unique ID","Category":"","Description":"","Attributes":0,"ValueType":"System.String"},"Value":"cf0ca66362d0f8d1e056612bda7fb5468538806f"},{"Key":{"Id":"TestCase.ManagedMethod","Label":"ManagedMethod","Category":"","Description":"","Attributes":1,"ValueType":"System.String"},"Value":"Dispose_Safe"},{"Key":{"Id":"XunitTestCaseExplicit","Label":"xUnit.net Test Case Explicit Flag","Category":"","Description":"","Attributes":0,"ValueType":"System.Boolean"},"Value":false}]},"Attachments":[],"Outcome":1,"ErrorMessage":null,"ErrorStackTrace":null,"DisplayName":"SharpMind.Tests.Core.EmbeddingTableTests.Dispose_Safe","Messages":[],"ComputerName":"LAPTOP-MKMTSO1B","Duration":"00:00:00.0048700","StartTime":"2026-07-20T05:41:45.6720092+00:00","EndTime":"2026-07-20T05:41:45.6755828+00:00","Properties":[]},{"TestCase":{"Id":"5ab34d3b-7a4d-4cd2-df75-5e8909b9b5b5","FullyQualifiedName":"SharpMind.Tests.Data.PackingBatcherTests.Labels_ShiftedByOne_PaddingIsMinusOneHundred","DisplayName":"SharpMind.Tests.Data.PackingBatcherTests.Labels_ShiftedByOne_PaddingIsMinusOneHundred","ExecutorUri":"executor://xunit/VsTestRunner3/netcore/","Source":"C:\\Integral2u\\source\\repos\\SharpMind\\SharpMind.Tests\\bin\\Debug\\net10.0\\SharpMind.Tests.dll","CodeFilePath":null,"LineNumber":0,"Properties":[{"Key":{"Id":"TestCase.ManagedType","Label":"ManagedType","Category":"","Description":"","Attributes":1,"ValueType":"System.String"},"Value":"SharpMind.Tests.Data.PackingBatcherTests"},{"Key":{"Id":"XunitTestCaseUniqueID","Label":"xUnit.net Test Case Unique ID","Category":"","Description":"","Attributes":0,"ValueType":"System.String"},"Value":"104561f1ae84ef63afd2721d1f38c66e4299c37e"},{"Key":{"Id":"TestCase.ManagedMethod","Label":"ManagedMethod","Category":"","Description":"","Attributes":1,"ValueType":"System.String"},"Value":"Labels_ShiftedByOne_PaddingIsMinusOneHundred"},{"Key":{"Id":"XunitTestCaseExplicit","Label":"xUnit.net Test Case Explicit Flag","Category":"","Description":"","Attributes":0,"ValueType":"System.Boolean"},"Value":false}]},"Attachments":[],"Outcome":1,"ErrorMessage":null,"ErrorStackTrace":null,"DisplayName":"SharpMind.Tests.Data.PackingBatcherTests.Labels_ShiftedByOne_PaddingIsMinusOneHundred","Messages":[],"ComputerName":"LAPTOP-MKMTSO1B","Duration":"00:00:00.0119744","StartTime":"2026-07-20T05:41:45.6694917+00:00","EndTime":"2026-07-20T05:41:45.6776486+00:00","Properties":[]},{"TestCase":{"Id":"b62234ab-b3a3-09c0-e851-8a3d63af75c5","FullyQualifiedName":"SharpMind.Tests.Data.PackingBatcherTests.RealTokenCount_ExcludesPadding","DisplayName":"SharpMind.Tests.Data.PackingBatcherTests.RealTokenCount_ExcludesPadding","ExecutorUri":"executor://xunit/VsTestRunner3/netcore/","Source":"C:\\Integral2u\\source\\repos\\SharpMind\\SharpMind.Tests\\bin\\Debug\\net10.0\\SharpMind.Tests.dll","CodeFilePath":null,"LineNumber":0,"Properties":[{"Key":{"Id":"TestCase.ManagedType","Label":"ManagedType","Category":"","Description":"","Attributes":1,"ValueType":"System.String"},"Value":"SharpMind.Tests.Data.PackingBatcherTests"},{"Key":{"Id":"XunitTestCaseUniqueID","Label":"xUnit.net Test Case Unique ID","Category":"","Description":"","Attributes":0,"ValueType":"System.String"},"Value":"20746a097db515bd0f30073ab80b9d3634e0ffdc"},{"Key":{"Id":"TestCase.ManagedMethod","Label":"ManagedMethod","Category":"","Description":"","Attributes":1,"ValueType":"System.String"},"Value":"RealTokenCount_ExcludesPadding"},{"Key":{"Id":"XunitTestCaseExplicit","Label":"xUnit.net Test Case Explicit Flag","Category":"","Description":"","Attributes":0,"ValueType":"System.Boolean"},"Value":false}]},"Attachments":[],"Outcome":1,"ErrorMessage":null,"ErrorStackTrace":null,"DisplayName":"SharpMind.Tests.Data.PackingBatcherTests.RealTokenCount_ExcludesPadding","Messages":[],"ComputerName":"LAPTOP-MKMTSO1B","Duration":"00:00:00.0056247","StartTime":"2026-07-20T05:41:45.6817186+00:00","EndTime":"2026-07-20T05:41:45.6833742+00:00","Properties":[]},{"TestCase":{"Id":"f223733e-60fb-742b-d2e2-2a0fad0aff2a","FullyQualifiedName":"SharpMind.Tests.Data.PackingBatcherTests.PartialLastBatch_StillEmitted","DisplayName":"SharpMind.Tests.Data.PackingBatcherTests.PartialLastBatch_StillEmitted","ExecutorUri":"executor://xunit/VsTestRunner3/netcore/","Source":"C:\\Integral2u\\source\\repos\\SharpMind\\SharpMind.Tests\\bin\\Debug\\net10.0\\SharpMind.Tests.dll","CodeFilePath":null,"LineNumber":0,"Properties":[{"Key":{"Id":"TestCase.ManagedType","Label":"ManagedType","Category":"","Description":"","Attributes":1,"ValueType":"System.String"},"Value":"SharpMind.Tests.Data.PackingBatcherTests"},{"Key":{"Id":"XunitTestCaseUniqueID","Label":"xUnit.net Test Case Unique ID","Category":"","Description":"","Attributes":0,"ValueType":"System.String"},"Value":"29efa4e65a5c149e228bde1ce0f7621bb9f8437b"},{"Key":{"Id":"TestCase.ManagedMethod","Label":"ManagedMethod","Category":"","Description":"","Attributes":1,"ValueType":"System.String"},"Value":"PartialLastBatch_StillEmitted"},{"Key":{"Id":"XunitTestCaseExplicit","Label":"xUnit.net Test Case Explicit Flag","Category":"","Description":"","Attributes":0,"ValueType":"System.Boolean"},"Value":false}]},"Attachments":[],"Outcome":1,"ErrorMessage":null,"ErrorStackTrace":null,"DisplayName":"SharpMind.Tests.Data.PackingBatcherTests.PartialLastBatch_StillEmitted","Messages":[],"ComputerName":"LAPTOP-MKMTSO1B","Duration":"00:00:00.0051944","StartTime":"2026-07-20T05:41:45.6843208+00:00","EndTime":"2026-07-20T05:41:45.6889723+00:00","Properties":[]},{"TestCase":{"Id":"705474b3-facf-db19-e480-cc4a6ff4c214","FullyQualifiedName":"SharpMind.Tests.Data.PackingBatcherTests.EmptyDocumentStream_YieldsNoBatches","DisplayName":"SharpMind.Tests.Data.PackingBatcherTests.EmptyDocumentStream_YieldsNoBatches","ExecutorUri":"executor://xunit/VsTestRunner3/netcore/","Source":"C:\\Integral2u\\source\\repos\\SharpMind\\SharpMind.Tests\\bin\\Debug\\net10.0\\SharpMind.Tests.dll","CodeFilePath":null,"LineNumber":0,"Properties":[{"Key":{"Id":"TestCase.ManagedType","Label":"ManagedType","Category":"","Description":"","Attributes":1,"ValueType":"System.String"},"Value":"SharpMind.Tests.Data.PackingBatcherTests"},{"Key":{"Id":"XunitTestCaseUniqueID","Label":"xUnit.net Test Case Unique ID","Category":"","Description":"","Attributes":0,"ValueType":"System.String"},"Value":"317adb6767b24e676ec218325f9ae37358c3644a"},{"Key":{"Id":"TestCase.ManagedMethod","Label":"ManagedMethod","Category":"","Description":"","Attributes":1,"ValueType":"System.String"},"Value":"EmptyDocumentStream_YieldsNoBatches"},{"Key":{"Id":"XunitTestCaseExplicit","Label":"xUnit.net Test Case Explicit Flag","Category":"","Description":"","Attributes":0,"ValueType":"System.Boolean"},"Value":false}]},"Attachments":[],"Outcome":1,"ErrorMessage":null,"ErrorStackTrace":null,"DisplayName":"SharpMind.Tests.Data.PackingBatcherTests.EmptyDocumentStream_YieldsNoBatches","Messages":[],"ComputerName":"LAPTOP-MKMTSO1B","Duration":"00:00:00.0018348","StartTime":"2026-07-20T05:41:45.6898897+00:00","EndTime":"2026-07-20T05:41:45.6906585+00:00","Properties":[]},{"TestCase":{"Id":"0f13b574-6fad-957a-bf2d-5670b2ffe5a3","FullyQualifiedName":"SharpMind.Tests.Data.PackingBatcherTests.AttentionMask_OneForRealTokens_ZeroForPadding","DisplayName":"SharpMind.Tests.Data.PackingBatcherTests.AttentionMask_OneForRealTokens_ZeroForPadding","ExecutorUri":"executor://xunit/VsTestRunner3/netcore/","Source":"C:\\Integral2u\\source\\repos\\SharpMind\\SharpMind.Tests\\bin\\Debug\\net10.0\\SharpMind.Tests.dll","CodeFilePath":null,"LineNumber":0,"Properties":[{"Key":{"Id":"TestCase.ManagedType","Label":"ManagedType","Category":"","Description":"","Attributes":1,"ValueType":"System.String"},"Value":"SharpMind.Tests.Data.PackingBatcherTests"},{"Key":{"Id":"XunitTestCaseUniqueID","Label":"xUnit.net Test Case Unique ID","Category":"","Description":"","Attributes":0,"ValueType":"System.String"},"Value":"5a495e6e78b042721b1e2362e05efdae71e3feda"},{"Key":{"Id":"TestCase.ManagedMethod","Label":"ManagedMethod","Category":"","Description":"","Attributes":1,"ValueType":"System.String"},"Value":"AttentionMask_OneForRealTokens_ZeroForPadding"},{"Key":{"Id":"XunitTestCaseExplicit","Label":"xUnit.net Test Case Explicit Flag","Category":"","Description":"","Attributes":0,"ValueType":"System.Boolean"},"Value":false}]},"Attachments":[],"Outcome":1,"ErrorMessage":null,"ErrorStackTrace":null,"DisplayName":"SharpMind.Tests.Data.PackingBatcherTests.AttentionMask_OneForRealTokens_ZeroForPadding","Messages":[],"ComputerName":"LAPTOP-MKMTSO1B","Duration":"00:00:00.0128949","StartTime":"2026-07-20T05:41:45.6914888+00:00","EndTime":"2026-07-20T05:41:45.7037289+00:00","Properties":[]}],"TestRunStatistics":{"ExecutedTests":46,"Stats":{"Passed":46}},"ActiveTests":[{"Id":"10de384e-2881-685d-ab12-f01563337f06","FullyQualifiedName":"SharpMind.Tests.Data.CompositeSourceTests.RoundRobin_InterleavesSources","DisplayName":"SharpMind.Tests.Data.CompositeSourceTests.RoundRobin_InterleavesSources","ExecutorUri":"executor://xunit/VsTestRunner3/netcore/","Source":"C:\\Integral2u\\source\\repos\\SharpMind\\SharpMind.Tests\\bin\\Debug\\net10.0\\SharpMind.Tests.dll","CodeFilePath":null,"LineNumber":0,"Properties":[{"Key":{"Id":"TestCase.ManagedType","Label":"ManagedType","Category":"","Description":"","Attributes":1,"ValueType":"System.String"},"Value":"SharpMind.Tests.Data.CompositeSourceTests"},{"Key":{"Id":"XunitTestCaseUniqueID","Label":"xUnit.net Test Case Unique ID","Category":"","Description":"","Attributes":0,"ValueType":"System.String"},"Value":"154bd5fa18bc40df6ebfee35e84dd8600acf6d6b"},{"Key":{"Id":"TestCase.ManagedMethod","Label":"ManagedMethod","Category":"","Description":"","Attributes":1,"ValueType":"System.String"},"Value":"RoundRobin_InterleavesSources"},{"Key":{"Id":"XunitTestCaseExplicit","Label":"xUnit.net Test Case Explicit Flag","Category":"","Description":"","Attributes":0,"ValueType":"System.Boolean"},"Value":false}]},{"Id":"92bbc193-396f-70d3-fae7-68ab082d1913","FullyQualifiedName":"SharpMind.Tests.Data.PackingBatcherTests.Dispose_ReleasesAllTensors","DisplayName":"SharpMind.Tests.Data.PackingBatcherTests.Dispose_ReleasesAllTensors","ExecutorUri":"executor://xunit/VsTestRunner3/netcore/","Source":"C:\\Integral2u\\source\\repos\\SharpMind\\SharpMind.Tests\\bin\\Debug\\net10.0\\SharpMind.Tests.dll","CodeFilePath":null,"LineNumber":0,"Properties":[{"Key":{"Id":"TestCase.ManagedType","Label":"ManagedType","Category":"","Description":"","Attributes":1,"ValueType":"System.String"},"Value":"SharpMind.Tests.Data.PackingBatcherTests"},{"Key":{"Id":"XunitTestCaseUniqueID","Label":"xUnit.net Test Case Unique ID","Category":"","Description":"","Attributes":0,"ValueType":"System.String"},"Value":"b21fa2314331a0f8372b56a97cb08b044c6da1e2"},{"Key":{"Id":"TestCase.ManagedMethod","Label":"ManagedMethod","Category":"","Description":"","Attributes":1,"ValueType":"System.String"},"Value":"Dispose_ReleasesAllTensors"},{"Key":{"Id":"XunitTestCaseExplicit","Label":"xUnit.net Test Case Explicit Flag","Category":"","Description":"","Attributes":0,"ValueType":"System.Boolean"},"Value":false}]}]}}
TpTrace Verbose: 0 : 15992, 10, 2026/07/20, 17:41:45.711, 374945857895, vstest.console.dll, TestRunRequest:SendTestRunStatsChange: Starting.
TpTrace Verbose: 0 : 15992, 10, 2026/07/20, 17:41:45.711, 374945859872, vstest.console.dll, InProgress is SharpMind.Tests.Data.CompositeSourceTests.RoundRobin_InterleavesSources
TpTrace Verbose: 0 : 15992, 10, 2026/07/20, 17:41:45.711, 374945861716, vstest.console.dll, InProgress is SharpMind.Tests.Data.PackingBatcherTests.Dispose_ReleasesAllTensors
TpTrace Verbose: 0 : 15992, 10, 2026/07/20, 17:41:45.711, 374945863153, vstest.console.dll, MulticastDelegateUtilities.SafeInvoke: TestRun.RunStatsChanged: Invoking callbacks was skipped because there are no subscribers.
TpTrace Information: 0 : 15992, 10, 2026/07/20, 17:41:45.711, 374945864084, vstest.console.dll, TestRunRequest:SendTestRunStatsChange: Completed.
TpTrace Verbose: 0 : 15992, 10, 2026/07/20, 17:41:45.712, 374945864657, vstest.console.dll, MulticastDelegateUtilities.SafeInvoke: LengthPrefixCommunicationChannel: MessageReceived: Invoking callback 1/1 for Microsoft.VisualStudio.TestPlatform.CommunicationUtilities.TestRequestSender+<>c__DisplayClass34_0., took 4 ms.
TpTrace Verbose: 0 : 15992, 10, 2026/07/20, 17:41:45.712, 374945865202, vstest.console.dll, TcpClientExtensions.MessageLoopAsync: Polling on remoteEndPoint: 127.0.0.1:55740 localEndPoint: 127.0.0.1:55739 after 37 ms
TpTrace Verbose: 0 : 15992, 4, 2026/07/20, 17:41:45.713, 374945881386, vstest.console.dll, MulticastDelegateUtilities.SafeInvoke: InternalTestLoggerEvents.SendTestResult: Invoking callback 1/1 for Microsoft.VisualStudio.TestPlatform.CommandLine.Internal.ConsoleLogger., took 0 ms.
TpTrace Verbose: 0 : 15992, 4, 2026/07/20, 17:41:45.713, 374945883216, vstest.console.dll, MulticastDelegateUtilities.SafeInvoke: InternalTestLoggerEvents.SendTestResult: Invoking callback 1/1 for Microsoft.VisualStudio.TestPlatform.CommandLine.Internal.ConsoleLogger., took 0 ms.
TpTrace Verbose: 0 : 15992, 4, 2026/07/20, 17:41:45.713, 374945884069, vstest.console.dll, MulticastDelegateUtilities.SafeInvoke: InternalTestLoggerEvents.SendTestResult: Invoking callback 1/1 for Microsoft.VisualStudio.TestPlatform.CommandLine.Internal.ConsoleLogger., took 0 ms.
TpTrace Verbose: 0 : 15992, 4, 2026/07/20, 17:41:45.714, 374945885624, vstest.console.dll, MulticastDelegateUtilities.SafeInvoke: InternalTestLoggerEvents.SendTestResult: Invoking callback 1/1 for Microsoft.VisualStudio.TestPlatform.CommandLine.Internal.ConsoleLogger., took 0 ms.
TpTrace Verbose: 0 : 15992, 4, 2026/07/20, 17:41:45.714, 374945886455, vstest.console.dll, MulticastDelegateUtilities.SafeInvoke: InternalTestLoggerEvents.SendTestResult: Invoking callback 1/1 for Microsoft.VisualStudio.TestPlatform.CommandLine.Internal.ConsoleLogger., took 0 ms.
TpTrace Verbose: 0 : 15992, 4, 2026/07/20, 17:41:45.714, 374945887220, vstest.console.dll, MulticastDelegateUtilities.SafeInvoke: InternalTestLoggerEvents.SendTestResult: Invoking callback 1/1 for Microsoft.VisualStudio.TestPlatform.CommandLine.Internal.ConsoleLogger., took 0 ms.
TpTrace Verbose: 0 : 15992, 4, 2026/07/20, 17:41:45.714, 374945888163, vstest.console.dll, MulticastDelegateUtilities.SafeInvoke: InternalTestLoggerEvents.SendTestResult: Invoking callback 1/1 for Microsoft.VisualStudio.TestPlatform.CommandLine.Internal.ConsoleLogger., took 0 ms.
TpTrace Verbose: 0 : 15992, 4, 2026/07/20, 17:41:45.714, 374945889044, vstest.console.dll, MulticastDelegateUtilities.SafeInvoke: InternalTestLoggerEvents.SendTestResult: Invoking callback 1/1 for Microsoft.VisualStudio.TestPlatform.CommandLine.Internal.ConsoleLogger., took 0 ms.
TpTrace Verbose: 0 : 15992, 10, 2026/07/20, 17:41:45.737, 374946119634, vstest.console.dll, TcpClientExtensions.MessageLoopAsync: NotifyDataAvailable remoteEndPoint: 127.0.0.1:55740 localEndPoint: 127.0.0.1:55739
TpTrace Verbose: 0 : 15992, 10, 2026/07/20, 17:41:45.738, 374946125231, vstest.console.dll, TestRequestSender.OnExecutionMessageReceived: Received message: {"Version":7,"MessageType":"TestExecution.StatsChange","Payload":{"NewTestResults":[{"TestCase":{"Id":"92bbc193-396f-70d3-fae7-68ab082d1913","FullyQualifiedName":"SharpMind.Tests.Data.PackingBatcherTests.Dispose_ReleasesAllTensors","DisplayName":"SharpMind.Tests.Data.PackingBatcherTests.Dispose_ReleasesAllTensors","ExecutorUri":"executor://xunit/VsTestRunner3/netcore/","Source":"C:\\Integral2u\\source\\repos\\SharpMind\\SharpMind.Tests\\bin\\Debug\\net10.0\\SharpMind.Tests.dll","CodeFilePath":null,"LineNumber":0,"Properties":[{"Key":{"Id":"TestCase.ManagedType","Label":"ManagedType","Category":"","Description":"","Attributes":1,"ValueType":"System.String"},"Value":"SharpMind.Tests.Data.PackingBatcherTests"},{"Key":{"Id":"XunitTestCaseUniqueID","Label":"xUnit.net Test Case Unique ID","Category":"","Description":"","Attributes":0,"ValueType":"System.String"},"Value":"b21fa2314331a0f8372b56a97cb08b044c6da1e2"},{"Key":{"Id":"TestCase.ManagedMethod","Label":"ManagedMethod","Category":"","Description":"","Attributes":1,"ValueType":"System.String"},"Value":"Dispose_ReleasesAllTensors"},{"Key":{"Id":"XunitTestCaseExplicit","Label":"xUnit.net Test Case Explicit Flag","Category":"","Description":"","Attributes":0,"ValueType":"System.Boolean"},"Value":false}]},"Attachments":[],"Outcome":1,"ErrorMessage":null,"ErrorStackTrace":null,"DisplayName":"SharpMind.Tests.Data.PackingBatcherTests.Dispose_ReleasesAllTensors","Messages":[],"ComputerName":"LAPTOP-MKMTSO1B","Duration":"00:00:00.0020220","StartTime":"2026-07-20T05:41:45.7071821+00:00","EndTime":"2026-07-20T05:41:45.7073613+00:00","Properties":[]},{"TestCase":{"Id":"efda5545-30d1-bd46-7e12-50ba8bd9bcb2","FullyQualifiedName":"SharpMind.Tests.Data.PackingBatcherTests.PacksMultipleDocumentsPerRow","DisplayName":"SharpMind.Tests.Data.PackingBatcherTests.PacksMultipleDocumentsPerRow","ExecutorUri":"executor://xunit/VsTestRunner3/netcore/","Source":"C:\\Integral2u\\source\\repos\\SharpMind\\SharpMind.Tests\\bin\\Debug\\net10.0\\SharpMind.Tests.dll","CodeFilePath":null,"LineNumber":0,"Properties":[{"Key":{"Id":"TestCase.ManagedType","Label":"ManagedType","Category":"","Description":"","Attributes":1,"ValueType":"System.String"},"Value":"SharpMind.Tests.Data.PackingBatcherTests"},{"Key":{"Id":"XunitTestCaseUniqueID","Label":"xUnit.net Test Case Unique ID","Category":"","Description":"","Attributes":0,"ValueType":"System.String"},"Value":"d49a468ed1b5ce169cd1f4763910be83f6422c3d"},{"Key":{"Id":"TestCase.ManagedMethod","Label":"ManagedMethod","Category":"","Description":"","Attributes":1,"ValueType":"System.String"},"Value":"PacksMultipleDocumentsPerRow"},{"Key":{"Id":"XunitTestCaseExplicit","Label":"xUnit.net Test Case Explicit Flag","Category":"","Description":"","Attributes":0,"ValueType":"System.Boolean"},"Value":false}]},"Attachments":[],"Outcome":1,"ErrorMessage":null,"ErrorStackTrace":null,"DisplayName":"SharpMind.Tests.Data.PackingBatcherTests.PacksMultipleDocumentsPerRow","Messages":[],"ComputerName":"LAPTOP-MKMTSO1B","Duration":"00:00:00.0021522","StartTime":"2026-07-20T05:41:45.7084108+00:00","EndTime":"2026-07-20T05:41:45.7085631+00:00","Properties":[]},{"TestCase":{"Id":"94ae36c9-94b2-256c-72be-ef812892528f","FullyQualifiedName":"SharpMind.Tests.Data.PackingBatcherTests.BatchShape_IsCorrect","DisplayName":"SharpMind.Tests.Data.PackingBatcherTests.BatchShape_IsCorrect","ExecutorUri":"executor://xunit/VsTestRunner3/netcore/","Source":"C:\\Integral2u\\source\\repos\\SharpMind\\SharpMind.Tests\\bin\\Debug\\net10.0\\SharpMind.Tests.dll","CodeFilePath":null,"LineNumber":0,"Properties":[{"Key":{"Id":"TestCase.ManagedType","Label":"ManagedType","Category":"","Description":"","Attributes":1,"ValueType":"System.String"},"Value":"SharpMind.Tests.Data.PackingBatcherTests"},{"Key":{"Id":"XunitTestCaseUniqueID","Label":"xUnit.net Test Case Unique ID","Category":"","Description":"","Attributes":0,"ValueType":"System.String"},"Value":"e72e208a2ddb91efc64caefd554f65ade4072cf6"},{"Key":{"Id":"TestCase.ManagedMethod","Label":"ManagedMethod","Category":"","Description":"","Attributes":1,"ValueType":"System.String"},"Value":"BatchShape_IsCorrect"},{"Key":{"Id":"XunitTestCaseExplicit","Label":"xUnit.net Test Case Explicit Flag","Category":"","Description":"","Attributes":0,"ValueType":"System.Boolean"},"Value":false}]},"Attachments":[],"Outcome":1,"ErrorMessage":null,"ErrorStackTrace":null,"DisplayName":"SharpMind.Tests.Data.PackingBatcherTests.BatchShape_IsCorrect","Messages":[],"ComputerName":"LAPTOP-MKMTSO1B","Duration":"00:00:00.0046047","StartTime":"2026-07-20T05:41:45.7094377+00:00","EndTime":"2026-07-20T05:41:45.7146752+00:00","Properties":[]},{"TestCase":{"Id":"850010a4-8084-9434-bba1-d244eb7c680e","FullyQualifiedName":"SharpMind.Tests.Core.TensorTests.NegativeIndex_WorksForLastDim","DisplayName":"SharpMind.Tests.Core.TensorTests.NegativeIndex_WorksForLastDim","ExecutorUri":"executor://xunit/VsTestRunner3/netcore/","Source":"C:\\Integral2u\\source\\repos\\SharpMind\\SharpMind.Tests\\bin\\Debug\\net10.0\\SharpMind.Tests.dll","CodeFilePath":null,"LineNumber":0,"Properties":[{"Key":{"Id":"TestCase.ManagedType","Label":"ManagedType","Category":"","Description":"","Attributes":1,"ValueType":"System.String"},"Value":"SharpMind.Tests.Core.TensorTests"},{"Key":{"Id":"XunitTestCaseUniqueID","Label":"xUnit.net Test Case Unique ID","Category":"","Description":"","Attributes":0,"ValueType":"System.String"},"Value":"01b8213ff4a2007c8ba293bae71ead61462caa0c"},{"Key":{"Id":"TestCase.ManagedMethod","Label":"ManagedMethod","Category":"","Description":"","Attributes":1,"ValueType":"System.String"},"Value":"NegativeIndex_WorksForLastDim"},{"Key":{"Id":"XunitTestCaseExplicit","Label":"xUnit.net Test Case Explicit Flag","Category":"","Description":"","Attributes":0,"ValueType":"System.Boolean"},"Value":false}]},"Attachments":[],"Outcome":1,"ErrorMessage":null,"ErrorStackTrace":null,"DisplayName":"SharpMind.Tests.Core.TensorTests.NegativeIndex_WorksForLastDim","Messages":[],"ComputerName":"LAPTOP-MKMTSO1B","Duration":"00:00:00.0073309","StartTime":"2026-07-20T05:41:45.7156904+00:00","EndTime":"2026-07-20T05:41:45.7217996+00:00","Properties":[]},{"TestCase":{"Id":"48f4cd25-85dd-1685-c8da-d5b78c9322c1","FullyQualifiedName":"SharpMind.Tests.Core.TensorTests.Ones_AllOne","DisplayName":"SharpMind.Tests.Core.TensorTests.Ones_AllOne","ExecutorUri":"executor://xunit/VsTestRunner3/netcore/","Source":"C:\\Integral2u\\source\\repos\\SharpMind\\SharpMind.Tests\\bin\\Debug\\net10.0\\SharpMind.Tests.dll","CodeFilePath":null,"LineNumber":0,"Properties":[{"Key":{"Id":"TestCase.ManagedType","Label":"ManagedType","Category":"","Description":"","Attributes":1,"ValueType":"System.String"},"Value":"SharpMind.Tests.Core.TensorTests"},{"Key":{"Id":"XunitTestCaseUniqueID","Label":"xUnit.net Test Case Unique ID","Category":"","Description":"","Attributes":0,"ValueType":"System.String"},"Value":"1dd6d4f247320ffbf46809daf9ada891acb9ebb0"},{"Key":{"Id":"TestCase.ManagedMethod","Label":"ManagedMethod","Category":"","Description":"","Attributes":1,"ValueType":"System.String"},"Value":"Ones_AllOne"},{"Key":{"Id":"XunitTestCaseExplicit","Label":"xUnit.net Test Case Explicit Flag","Category":"","Description":"","Attributes":0,"ValueType":"System.Boolean"},"Value":false}]},"Attachments":[],"Outcome":1,"ErrorMessage":null,"ErrorStackTrace":null,"DisplayName":"SharpMind.Tests.Core.TensorTests.Ones_AllOne","Messages":[],"ComputerName":"LAPTOP-MKMTSO1B","Duration":"00:00:00.0045479","StartTime":"2026-07-20T05:41:45.7229165+00:00","EndTime":"2026-07-20T05:41:45.72644+00:00","Properties":[]},{"TestCase":{"Id":"321a26d8-1cc0-f59d-2e77-60dfbd269fdf","FullyQualifiedName":"SharpMind.Tests.Core.TensorShapeTests.AssertMatMulCompatible_ThrowsOnInnerDimMismatch","DisplayName":"SharpMind.Tests.Core.TensorShapeTests.AssertMatMulCompatible_ThrowsOnInnerDimMismatch","ExecutorUri":"executor://xunit/VsTestRunner3/netcore/","Source":"C:\\Integral2u\\source\\repos\\SharpMind\\SharpMind.Tests\\bin\\Debug\\net10.0\\SharpMind.Tests.dll","CodeFilePath":null,"LineNumber":0,"Properties":[{"Key":{"Id":"TestCase.ManagedType","Label":"ManagedType","Category":"","Description":"","Attributes":1,"ValueType":"System.String"},"Value":"SharpMind.Tests.Core.TensorShapeTests"},{"Key":{"Id":"XunitTestCaseUniqueID","Label":"xUnit.net Test Case Unique ID","Category":"","Description":"","Attributes":0,"ValueType":"System.String"},"Value":"08d3ca008ea58e5f6a7a35057dc34ef295bda045"},{"Key":{"Id":"TestCase.ManagedMethod","Label":"ManagedMethod","Category":"","Description":"","Attributes":1,"ValueType":"System.String"},"Value":"AssertMatMulCompatible_ThrowsOnInnerDimMismatch"},{"Key":{"Id":"XunitTestCaseExplicit","Label":"xUnit.net Test Case Explicit Flag","Category":"","Description":"","Attributes":0,"ValueType":"System.Boolean"},"Value":false}]},"Attachments":[],"Outcome":1,"ErrorMessage":null,"ErrorStackTrace":null,"DisplayName":"SharpMind.Tests.Core.TensorShapeTests.AssertMatMulCompatible_ThrowsOnInnerDimMismatch","Messages":[],"ComputerName":"LAPTOP-MKMTSO1B","Duration":"00:00:00.0049154","StartTime":"2026-07-20T05:41:45.7239809+00:00","EndTime":"2026-07-20T05:41:45.7328401+00:00","Properties":[]},{"TestCase":{"Id":"3fa8d4f5-99ad-d22d-501a-f3b6fc45c2fe","FullyQualifiedName":"SharpMind.Tests.Core.TensorTests.Zeros_AllZero","DisplayName":"SharpMind.Tests.Core.TensorTests.Zeros_AllZero","ExecutorUri":"executor://xunit/VsTestRunner3/netcore/","Source":"C:\\Integral2u\\source\\repos\\SharpMind\\SharpMind.Tests\\bin\\Debug\\net10.0\\SharpMind.Tests.dll","CodeFilePath":null,"LineNumber":0,"Properties":[{"Key":{"Id":"TestCase.ManagedType","Label":"ManagedType","Category":"","Description":"","Attributes":1,"ValueType":"System.String"},"Value":"SharpMind.Tests.Core.TensorTests"},{"Key":{"Id":"XunitTestCaseUniqueID","Label":"xUnit.net Test Case Unique ID","Category":"","Description":"","Attributes":0,"ValueType":"System.String"},"Value":"440022d2a3446eb4afffd807d63c48bc90b8266f"},{"Key":{"Id":"TestCase.ManagedMethod","Label":"ManagedMethod","Category":"","Description":"","Attributes":1,"ValueType":"System.String"},"Value":"Zeros_AllZero"},{"Key":{"Id":"XunitTestCaseExplicit","Label":"xUnit.net Test Case Explicit Flag","Category":"","Description":"","Attributes":0,"ValueType":"System.Boolean"},"Value":false}]},"Attachments":[],"Outcome":1,"ErrorMessage":null,"ErrorStackTrace":null,"DisplayName":"SharpMind.Tests.Core.TensorTests.Zeros_AllZero","Messages":[],"ComputerName":"LAPTOP-MKMTSO1B","Duration":"00:00:00.0043686","StartTime":"2026-07-20T05:41:45.7273297+00:00","EndTime":"2026-07-20T05:41:45.7338364+00:00","Properties":[]},{"TestCase":{"Id":"fc79f565-68eb-4271-1f5b-a1eed9e3308f","FullyQualifiedName":"SharpMind.Tests.Core.TensorTests.Reshape_ZeroCopy_SharesBuffer","DisplayName":"SharpMind.Tests.Core.TensorTests.Reshape_ZeroCopy_SharesBuffer","ExecutorUri":"executor://xunit/VsTestRunner3/netcore/","Source":"C:\\Integral2u\\source\\repos\\SharpMind\\SharpMind.Tests\\bin\\Debug\\net10.0\\SharpMind.Tests.dll","CodeFilePath":null,"LineNumber":0,"Properties":[{"Key":{"Id":"TestCase.ManagedType","Label":"ManagedType","Category":"","Description":"","Attributes":1,"ValueType":"System.String"},"Value":"SharpMind.Tests.Core.TensorTests"},{"Key":{"Id":"XunitTestCaseUniqueID","Label":"xUnit.net Test Case Unique ID","Category":"","Description":"","Attributes":0,"ValueType":"System.String"},"Value":"6f472c2d83338f99f6f10a2657019ef3015b6d5b"},{"Key":{"Id":"TestCase.ManagedMethod","Label":"ManagedMethod","Category":"","Description":"","Attributes":1,"ValueType":"System.String"},"Value":"Reshape_ZeroCopy_SharesBuffer"},{"Key":{"Id":"XunitTestCaseExplicit","Label":"xUnit.net Test Case Explicit Flag","Category":"","Description":"","Attributes":0,"ValueType":"System.Boolean"},"Value":false}]},"Attachments":[],"Outcome":1,"ErrorMessage":null,"ErrorStackTrace":null,"DisplayName":"SharpMind.Tests.Core.TensorTests.Reshape_ZeroCopy_SharesBuffer","Messages":[],"ComputerName":"LAPTOP-MKMTSO1B","Duration":"00:00:00.0026396","StartTime":"2026-07-20T05:41:45.7345095+00:00","EndTime":"2026-07-20T05:41:45.7346585+00:00","Properties":[]}],"TestRunStatistics":{"ExecutedTests":54,"Stats":{"Passed":54}},"ActiveTests":[{"Id":"2b4af5c8-87ee-9260-68c1-8f61c8ac2c1f","FullyQualifiedName":"SharpMind.Tests.Core.TensorShapeTests.Reshape_PreservesElementCount","DisplayName":"SharpMind.Tests.Core.TensorShapeTests.Reshape_PreservesElementCount(from: [2, 3], to: [3, 2])","ExecutorUri":"executor://xunit/VsTestRunner3/netcore/","Source":"C:\\Integral2u\\source\\repos\\SharpMind\\SharpMind.Tests\\bin\\Debug\\net10.0\\SharpMind.Tests.dll","CodeFilePath":null,"LineNumber":0,"Properties":[{"Key":{"Id":"TestCase.ManagedType","Label":"ManagedType","Category":"","Description":"","Attributes":1,"ValueType":"System.String"},"Value":"SharpMind.Tests.Core.TensorShapeTests"},{"Key":{"Id":"XunitTestCaseUniqueID","Label":"xUnit.net Test Case Unique ID","Category":"","Description":"","Attributes":0,"ValueType":"System.String"},"Value":"3b98922fa27040dcdd681b2317794e3ffeaf59a7"},{"Key":{"Id":"TestCase.ManagedMethod","Label":"ManagedMethod","Category":"","Description":"","Attributes":1,"ValueType":"System.String"},"Value":"Reshape_PreservesElementCount"},{"Key":{"Id":"XunitTestCaseExplicit","Label":"xUnit.net Test Case Explicit Flag","Category":"","Description":"","Attributes":0,"ValueType":"System.Boolean"},"Value":false}]},{"Id":"812bf546-50d5-af03-1659-9466f5adbdc4","FullyQualifiedName":"SharpMind.Tests.Core.TensorTests.From_CopiesData","DisplayName":"SharpMind.Tests.Core.TensorTests.From_CopiesData","ExecutorUri":"executor://xunit/VsTestRunner3/netcore/","Source":"C:\\Integral2u\\source\\repos\\SharpMind\\SharpMind.Tests\\bin\\Debug\\net10.0\\SharpMind.Tests.dll","CodeFilePath":null,"LineNumber":0,"Properties":[{"Key":{"Id":"TestCase.ManagedType","Label":"ManagedType","Category":"","Description":"","Attributes":1,"ValueType":"System.String"},"Value":"SharpMind.Tests.Core.TensorTests"},{"Key":{"Id":"XunitTestCaseUniqueID","Label":"xUnit.net Test Case Unique ID","Category":"","Description":"","Attributes":0,"ValueType":"System.String"},"Value":"9dc1ad9247ad5da940d8db2efa4c995dcbdd9cdd"},{"Key":{"Id":"TestCase.ManagedMethod","Label":"ManagedMethod","Category":"","Description":"","Attributes":1,"ValueType":"System.String"},"Value":"From_CopiesData"},{"Key":{"Id":"XunitTestCaseExplicit","Label":"xUnit.net Test Case Explicit Flag","Category":"","Description":"","Attributes":0,"ValueType":"System.Boolean"},"Value":false}]}]}}
TpTrace Verbose: 0 : 15992, 10, 2026/07/20, 17:41:45.741, 374946159247, vstest.console.dll, TestRunRequest:SendTestRunStatsChange: Starting.
TpTrace Verbose: 0 : 15992, 10, 2026/07/20, 17:41:45.741, 374946160300, vstest.console.dll, InProgress is SharpMind.Tests.Core.TensorShapeTests.Reshape_PreservesElementCount(from: [2, 3], to: [3, 2])
TpTrace Verbose: 0 : 15992, 10, 2026/07/20, 17:41:45.741, 374946160903, vstest.console.dll, InProgress is SharpMind.Tests.Core.TensorTests.From_CopiesData
TpTrace Verbose: 0 : 15992, 10, 2026/07/20, 17:41:45.741, 374946161818, vstest.console.dll, MulticastDelegateUtilities.SafeInvoke: TestRun.RunStatsChanged: Invoking callbacks was skipped because there are no subscribers.
TpTrace Verbose: 0 : 15992, 4, 2026/07/20, 17:41:45.741, 374946162492, vstest.console.dll, MulticastDelegateUtilities.SafeInvoke: InternalTestLoggerEvents.SendTestResult: Invoking callback 1/1 for Microsoft.VisualStudio.TestPlatform.CommandLine.Internal.ConsoleLogger., took 0 ms.
TpTrace Information: 0 : 15992, 10, 2026/07/20, 17:41:45.741, 374946162579, vstest.console.dll, TestRunRequest:SendTestRunStatsChange: Completed.
TpTrace Verbose: 0 : 15992, 4, 2026/07/20, 17:41:45.741, 374946163772, vstest.console.dll, MulticastDelegateUtilities.SafeInvoke: InternalTestLoggerEvents.SendTestResult: Invoking callback 1/1 for Microsoft.VisualStudio.TestPlatform.CommandLine.Internal.ConsoleLogger., took 0 ms.
TpTrace Verbose: 0 : 15992, 10, 2026/07/20, 17:41:45.742, 374946164251, vstest.console.dll, MulticastDelegateUtilities.SafeInvoke: LengthPrefixCommunicationChannel: MessageReceived: Invoking callback 1/1 for Microsoft.VisualStudio.TestPlatform.CommunicationUtilities.TestRequestSender+<>c__DisplayClass34_0., took 3 ms.
TpTrace Verbose: 0 : 15992, 4, 2026/07/20, 17:41:45.742, 374946165123, vstest.console.dll, MulticastDelegateUtilities.SafeInvoke: InternalTestLoggerEvents.SendTestResult: Invoking callback 1/1 for Microsoft.VisualStudio.TestPlatform.CommandLine.Internal.ConsoleLogger., took 0 ms.
TpTrace Verbose: 0 : 15992, 10, 2026/07/20, 17:41:45.742, 374946165605, vstest.console.dll, TcpClientExtensions.MessageLoopAsync: Polling on remoteEndPoint: 127.0.0.1:55740 localEndPoint: 127.0.0.1:55739 after 29 ms
TpTrace Verbose: 0 : 15992, 4, 2026/07/20, 17:41:45.742, 374946166481, vstest.console.dll, MulticastDelegateUtilities.SafeInvoke: InternalTestLoggerEvents.SendTestResult: Invoking callback 1/1 for Microsoft.VisualStudio.TestPlatform.CommandLine.Internal.ConsoleLogger., took 0 ms.
TpTrace Verbose: 0 : 15992, 4, 2026/07/20, 17:41:45.742, 374946167770, vstest.console.dll, MulticastDelegateUtilities.SafeInvoke: InternalTestLoggerEvents.SendTestResult: Invoking callback 1/1 for Microsoft.VisualStudio.TestPlatform.CommandLine.Internal.ConsoleLogger., took 0 ms.
TpTrace Verbose: 0 : 15992, 4, 2026/07/20, 17:41:45.742, 374946168571, vstest.console.dll, MulticastDelegateUtilities.SafeInvoke: InternalTestLoggerEvents.SendTestResult: Invoking callback 1/1 for Microsoft.VisualStudio.TestPlatform.CommandLine.Internal.ConsoleLogger., took 0 ms.
TpTrace Verbose: 0 : 15992, 4, 2026/07/20, 17:41:45.742, 374946169290, vstest.console.dll, MulticastDelegateUtilities.SafeInvoke: InternalTestLoggerEvents.SendTestResult: Invoking callback 1/1 for Microsoft.VisualStudio.TestPlatform.CommandLine.Internal.ConsoleLogger., took 0 ms.
TpTrace Verbose: 0 : 15992, 4, 2026/07/20, 17:41:45.742, 374946170124, vstest.console.dll, MulticastDelegateUtilities.SafeInvoke: InternalTestLoggerEvents.SendTestResult: Invoking callback 1/1 for Microsoft.VisualStudio.TestPlatform.CommandLine.Internal.ConsoleLogger., took 0 ms.
TpTrace Verbose: 0 : 15992, 10, 2026/07/20, 17:41:45.781, 374946556183, vstest.console.dll, TcpClientExtensions.MessageLoopAsync: NotifyDataAvailable remoteEndPoint: 127.0.0.1:55740 localEndPoint: 127.0.0.1:55739
TpTrace Verbose: 0 : 15992, 10, 2026/07/20, 17:41:45.783, 374946574239, vstest.console.dll, TestRequestSender.OnExecutionMessageReceived: Received message: {"Version":7,"MessageType":"TestExecution.StatsChange","Payload":{"NewTestResults":[{"TestCase":{"Id":"812bf546-50d5-af03-1659-9466f5adbdc4","FullyQualifiedName":"SharpMind.Tests.Core.TensorTests.From_CopiesData","DisplayName":"SharpMind.Tests.Core.TensorTests.From_CopiesData","ExecutorUri":"executor://xunit/VsTestRunner3/netcore/","Source":"C:\\Integral2u\\source\\repos\\SharpMind\\SharpMind.Tests\\bin\\Debug\\net10.0\\SharpMind.Tests.dll","CodeFilePath":null,"LineNumber":0,"Properties":[{"Key":{"Id":"TestCase.ManagedType","Label":"ManagedType","Category":"","Description":"","Attributes":1,"ValueType":"System.String"},"Value":"SharpMind.Tests.Core.TensorTests"},{"Key":{"Id":"XunitTestCaseUniqueID","Label":"xUnit.net Test Case Unique ID","Category":"","Description":"","Attributes":0,"ValueType":"System.String"},"Value":"9dc1ad9247ad5da940d8db2efa4c995dcbdd9cdd"},{"Key":{"Id":"TestCase.ManagedMethod","Label":"ManagedMethod","Category":"","Description":"","Attributes":1,"ValueType":"System.String"},"Value":"From_CopiesData"},{"Key":{"Id":"XunitTestCaseExplicit","Label":"xUnit.net Test Case Explicit Flag","Category":"","Description":"","Attributes":0,"ValueType":"System.Boolean"},"Value":false}]},"Attachments":[],"Outcome":1,"ErrorMessage":null,"ErrorStackTrace":null,"DisplayName":"SharpMind.Tests.Core.TensorTests.From_CopiesData","Messages":[],"ComputerName":"LAPTOP-MKMTSO1B","Duration":"00:00:00.0011408","StartTime":"2026-07-20T05:41:45.7405092+00:00","EndTime":"2026-07-20T05:41:45.7406867+00:00","Properties":[]},{"TestCase":{"Id":"2b4af5c8-87ee-9260-68c1-8f61c8ac2c1f","FullyQualifiedName":"SharpMind.Tests.Core.TensorShapeTests.Reshape_PreservesElementCount","DisplayName":"SharpMind.Tests.Core.TensorShapeTests.Reshape_PreservesElementCount(from: [2, 3], to: [3, 2])","ExecutorUri":"executor://xunit/VsTestRunner3/netcore/","Source":"C:\\Integral2u\\source\\repos\\SharpMind\\SharpMind.Tests\\bin\\Debug\\net10.0\\SharpMind.Tests.dll","CodeFilePath":null,"LineNumber":0,"Properties":[{"Key":{"Id":"TestCase.ManagedType","Label":"ManagedType","Category":"","Description":"","Attributes":1,"ValueType":"System.String"},"Value":"SharpMind.Tests.Core.TensorShapeTests"},{"Key":{"Id":"XunitTestCaseUniqueID","Label":"xUnit.net Test Case Unique ID","Category":"","Description":"","Attributes":0,"ValueType":"System.String"},"Value":"3b98922fa27040dcdd681b2317794e3ffeaf59a7"},{"Key":{"Id":"TestCase.ManagedMethod","Label":"ManagedMethod","Category":"","Description":"","Attributes":1,"ValueType":"System.String"},"Value":"Reshape_PreservesElementCount"},{"Key":{"Id":"XunitTestCaseExplicit","Label":"xUnit.net Test Case Explicit Flag","Category":"","Description":"","Attributes":0,"ValueType":"System.Boolean"},"Value":false}]},"Attachments":[],"Outcome":1,"ErrorMessage":null,"ErrorStackTrace":null,"DisplayName":"SharpMind.Tests.Core.TensorShapeTests.Reshape_PreservesElementCount(from: [2, 3], to: [3, 2])","Messages":[],"ComputerName":"LAPTOP-MKMTSO1B","Duration":"00:00:00.0063178","StartTime":"2026-07-20T05:41:45.7336911+00:00","EndTime":"2026-07-20T05:41:45.7425965+00:00","Properties":[]},{"TestCase":{"Id":"c06ef7cb-8a2c-7158-d5b2-8fc1d2d191b4","FullyQualifiedName":"SharpMind.Tests.Core.TensorShapeTests.Reshape_PreservesElementCount","DisplayName":"SharpMind.Tests.Core.TensorShapeTests.Reshape_PreservesElementCount(from: [6], to: [2, 3])","ExecutorUri":"executor://xunit/VsTestRunner3/netcore/","Source":"C:\\Integral2u\\source\\repos\\SharpMind\\SharpMind.Tests\\bin\\Debug\\net10.0\\SharpMind.Tests.dll","CodeFilePath":null,"LineNumber":0,"Properties":[{"Key":{"Id":"TestCase.ManagedType","Label":"ManagedType","Category":"","Description":"","Attributes":1,"ValueType":"System.String"},"Value":"SharpMind.Tests.Core.TensorShapeTests"},{"Key":{"Id":"XunitTestCaseUniqueID","Label":"xUnit.net Test Case Unique ID","Category":"","Description":"","Attributes":0,"ValueType":"System.String"},"Value":"c22855e1766231af1577095adf7a4428d14eb681"},{"Key":{"Id":"TestCase.ManagedMethod","Label":"ManagedMethod","Category":"","Description":"","Attributes":1,"ValueType":"System.String"},"Value":"Reshape_PreservesElementCount"},{"Key":{"Id":"XunitTestCaseExplicit","Label":"xUnit.net Test Case Explicit Flag","Category":"","Description":"","Attributes":0,"ValueType":"System.Boolean"},"Value":false}]},"Attachments":[],"Outcome":1,"ErrorMessage":null,"ErrorStackTrace":null,"DisplayName":"SharpMind.Tests.Core.TensorShapeTests.Reshape_PreservesElementCount(from: [6], to: [2, 3])","Messages":[],"ComputerName":"LAPTOP-MKMTSO1B","Duration":"00:00:00.0006114","StartTime":"2026-07-20T05:41:45.7433942+00:00","EndTime":"2026-07-20T05:41:45.7435782+00:00","Properties":[]},{"TestCase":{"Id":"3e0a4849-dce8-9c9b-d597-b132c98f1400","FullyQualifiedName":"SharpMind.Tests.Core.TensorShapeTests.Reshape_PreservesElementCount","DisplayName":"SharpMind.Tests.Core.TensorShapeTests.Reshape_PreservesElementCount(from: [2, 3], to: [6])","ExecutorUri":"executor://xunit/VsTestRunner3/netcore/","Source":"C:\\Integral2u\\source\\repos\\SharpMind\\SharpMind.Tests\\bin\\Debug\\net10.0\\SharpMind.Tests.dll","CodeFilePath":null,"LineNumber":0,"Properties":[{"Key":{"Id":"TestCase.ManagedType","Label":"ManagedType","Category":"","Description":"","Attributes":1,"ValueType":"System.String"},"Value":"SharpMind.Tests.Core.TensorShapeTests"},{"Key":{"Id":"XunitTestCaseUniqueID","Label":"xUnit.net Test Case Unique ID","Category":"","Description":"","Attributes":0,"ValueType":"System.String"},"Value":"f32bdc9765aa7068e6470a1979d1fd95d2a94224"},{"Key":{"Id":"TestCase.ManagedMethod","Label":"ManagedMethod","Category":"","Description":"","Attributes":1,"ValueType":"System.String"},"Value":"Reshape_PreservesElementCount"},{"Key":{"Id":"XunitTestCaseExplicit","Label":"xUnit.net Test Case Explicit Flag","Category":"","Description":"","Attributes":0,"ValueType":"System.Boolean"},"Value":false}]},"Attachments":[],"Outcome":1,"ErrorMessage":null,"ErrorStackTrace":null,"DisplayName":"SharpMind.Tests.Core.TensorShapeTests.Reshape_PreservesElementCount(from: [2, 3], to: [6])","Messages":[],"ComputerName":"LAPTOP-MKMTSO1B","Duration":"00:00:00.0000194","StartTime":"2026-07-20T05:41:45.7539264+00:00","EndTime":"2026-07-20T05:41:45.7540632+00:00","Properties":[]},{"TestCase":{"Id":"22b72329-3aef-df1f-0057-d125a1a7491e","FullyQualifiedName":"SharpMind.Tests.Core.TensorShapeTests.NegativeIndex_LastDim","DisplayName":"SharpMind.Tests.Core.TensorShapeTests.NegativeIndex_LastDim","ExecutorUri":"executor://xunit/VsTestRunner3/netcore/","Source":"C:\\Integral2u\\source\\repos\\SharpMind\\SharpMind.Tests\\bin\\Debug\\net10.0\\SharpMind.Tests.dll","CodeFilePath":null,"LineNumber":0,"Properties":[{"Key":{"Id":"TestCase.ManagedType","Label":"ManagedType","Category":"","Description":"","Attributes":1,"ValueType":"System.String"},"Value":"SharpMind.Tests.Core.TensorShapeTests"},{"Key":{"Id":"XunitTestCaseUniqueID","Label":"xUnit.net Test Case Unique ID","Category":"","Description":"","Attributes":0,"ValueType":"System.String"},"Value":"3fa2ca893f6b61f64f2378c3f92a89ed76bc9145"},{"Key":{"Id":"TestCase.ManagedMethod","Label":"ManagedMethod","Category":"","Description":"","Attributes":1,"ValueType":"System.String"},"Value":"NegativeIndex_LastDim"},{"Key":{"Id":"XunitTestCaseExplicit","Label":"xUnit.net Test Case Explicit Flag","Category":"","Description":"","Attributes":0,"ValueType":"System.Boolean"},"Value":false}]},"Attachments":[],"Outcome":1,"ErrorMessage":null,"ErrorStackTrace":null,"DisplayName":"SharpMind.Tests.Core.TensorShapeTests.NegativeIndex_LastDim","Messages":[],"ComputerName":"LAPTOP-MKMTSO1B","Duration":"00:00:00.0009034","StartTime":"2026-07-20T05:41:45.7563985+00:00","EndTime":"2026-07-20T05:41:45.7565473+00:00","Properties":[]},{"TestCase":{"Id":"d7dbb9e3-8882-e956-266c-41e41c590be7","FullyQualifiedName":"SharpMind.Tests.Core.TensorShapeTests.Reshape_IncompatibleCount_Throws","DisplayName":"SharpMind.Tests.Core.TensorShapeTests.Reshape_IncompatibleCount_Throws","ExecutorUri":"executor://xunit/VsTestRunner3/netcore/","Source":"C:\\Integral2u\\source\\repos\\SharpMind\\SharpMind.Tests\\bin\\Debug\\net10.0\\SharpMind.Tests.dll","CodeFilePath":null,"LineNumber":0,"Properties":[{"Key":{"Id":"TestCase.ManagedType","Label":"ManagedType","Category":"","Description":"","Attributes":1,"ValueType":"System.String"},"Value":"SharpMind.Tests.Core.TensorShapeTests"},{"Key":{"Id":"XunitTestCaseUniqueID","Label":"xUnit.net Test Case Unique ID","Category":"","Description":"","Attributes":0,"ValueType":"System.String"},"Value":"55076b8b615ed0c0089feb454587c7b1b40a03d2"},{"Key":{"Id":"TestCase.ManagedMethod","Label":"ManagedMethod","Category":"","Description":"","Attributes":1,"ValueType":"System.String"},"Value":"Reshape_IncompatibleCount_Throws"},{"Key":{"Id":"XunitTestCaseExplicit","Label":"xUnit.net Test Case Explicit Flag","Category":"","Description":"","Attributes":0,"ValueType":"System.Boolean"},"Value":false}]},"Attachments":[],"Outcome":1,"ErrorMessage":null,"ErrorStackTrace":null,"DisplayName":"SharpMind.Tests.Core.TensorShapeTests.Reshape_IncompatibleCount_Throws","Messages":[],"ComputerName":"LAPTOP-MKMTSO1B","Duration":"00:00:00.0018841","StartTime":"2026-07-20T05:41:45.7572197+00:00","EndTime":"2026-07-20T05:41:45.757359+00:00","Properties":[]},{"TestCase":{"Id":"52b157a5-08c1-1854-ebcf-53b540a284ee","FullyQualifiedName":"SharpMind.Tests.Core.TensorShapeTests.Reshape_InferredDim","DisplayName":"SharpMind.Tests.Core.TensorShapeTests.Reshape_InferredDim","ExecutorUri":"executor://xunit/VsTestRunner3/netcore/","Source":"C:\\Integral2u\\source\\repos\\SharpMind\\SharpMind.Tests\\bin\\Debug\\net10.0\\SharpMind.Tests.dll","CodeFilePath":null,"LineNumber":0,"Properties":[{"Key":{"Id":"TestCase.ManagedType","Label":"ManagedType","Category":"","Description":"","Attributes":1,"ValueType":"System.String"},"Value":"SharpMind.Tests.Core.TensorShapeTests"},{"Key":{"Id":"XunitTestCaseUniqueID","Label":"xUnit.net Test Case Unique ID","Category":"","Description":"","Attributes":0,"ValueType":"System.String"},"Value":"65bf2d574a05977085a61e19418466f5a3b8f853"},{"Key":{"Id":"TestCase.ManagedMethod","Label":"ManagedMethod","Category":"","Description":"","Attributes":1,"ValueType":"System.String"},"Value":"Reshape_InferredDim"},{"Key":{"Id":"XunitTestCaseExplicit","Label":"xUnit.net Test Case Explicit Flag","Category":"","Description":"","Attributes":0,"ValueType":"System.Boolean"},"Value":false}]},"Attachments":[],"Outcome":1,"ErrorMessage":null,"ErrorStackTrace":null,"DisplayName":"SharpMind.Tests.Core.TensorShapeTests.Reshape_InferredDim","Messages":[],"ComputerName":"LAPTOP-MKMTSO1B","Duration":"00:00:00.0034301","StartTime":"2026-07-20T05:41:45.7580105+00:00","EndTime":"2026-07-20T05:41:45.758329+00:00","Properties":[]},{"TestCase":{"Id":"865c0a62-a57a-92b1-6d2c-7919bb5464cb","FullyQualifiedName":"SharpMind.Tests.Core.TensorShapeTests.AssertSameShape_ThrowsOnMismatch","DisplayName":"SharpMind.Tests.Core.TensorShapeTests.AssertSameShape_ThrowsOnMismatch","ExecutorUri":"executor://xunit/VsTestRunner3/netcore/","Source":"C:\\Integral2u\\source\\repos\\SharpMind\\SharpMind.Tests\\bin\\Debug\\net10.0\\SharpMind.Tests.dll","CodeFilePath":null,"LineNumber":0,"Properties":[{"Key":{"Id":"TestCase.ManagedType","Label":"ManagedType","Category":"","Description":"","Attributes":1,"ValueType":"System.String"},"Value":"SharpMind.Tests.Core.TensorShapeTests"},{"Key":{"Id":"XunitTestCaseUniqueID","Label":"xUnit.net Test Case Unique ID","Category":"","Description":"","Attributes":0,"ValueType":"System.String"},"Value":"72774f7004481d03ebb94c469afc9def974f9b8c"},{"Key":{"Id":"TestCase.ManagedMethod","Label":"ManagedMethod","Category":"","Description":"","Attributes":1,"ValueType":"System.String"},"Value":"AssertSameShape_ThrowsOnMismatch"},{"Key":{"Id":"XunitTestCaseExplicit","Label":"xUnit.net Test Case Explicit Flag","Category":"","Description":"","Attributes":0,"ValueType":"System.Boolean"},"Value":false}]},"Attachments":[],"Outcome":1,"ErrorMessage":null,"ErrorStackTrace":null,"DisplayName":"SharpMind.Tests.Core.TensorShapeTests.AssertSameShape_ThrowsOnMismatch","Messages":[],"ComputerName":"LAPTOP-MKMTSO1B","Duration":"00:00:00.0266250","StartTime":"2026-07-20T05:41:45.7591131+00:00","EndTime":"2026-07-20T05:41:45.7705726+00:00","Properties":[]}],"TestRunStatistics":{"ExecutedTests":62,"Stats":{"Passed":62}},"ActiveTests":[{"Id":"0facabd4-a9f7-2d52-1bc3-933f4e579915","FullyQualifiedName":"SharpMind.Tests.Data.SafetyStageTests.Hap_AdditionalTerms_AlsoBlocked","DisplayName":"SharpMind.Tests.Data.SafetyStageTests.Hap_AdditionalTerms_AlsoBlocked","ExecutorUri":"executor://xunit/VsTestRunner3/netcore/","Source":"C:\\Integral2u\\source\\repos\\SharpMind\\SharpMind.Tests\\bin\\Debug\\net10.0\\SharpMind.Tests.dll","CodeFilePath":null,"LineNumber":0,"Properties":[{"Key":{"Id":"TestCase.ManagedType","Label":"ManagedType","Category":"","Description":"","Attributes":1,"ValueType":"System.String"},"Value":"SharpMind.Tests.Data.SafetyStageTests"},{"Key":{"Id":"XunitTestCaseUniqueID","Label":"xUnit.net Test Case Unique ID","Category":"","Description":"","Attributes":0,"ValueType":"System.String"},"Value":"1409fb889c18339233da2608c06aa285f9282ac6"},{"Key":{"Id":"TestCase.ManagedMethod","Label":"ManagedMethod","Category":"","Description":"","Attributes":1,"ValueType":"System.String"},"Value":"Hap_AdditionalTerms_AlsoBlocked"},{"Key":{"Id":"XunitTestCaseExplicit","Label":"xUnit.net Test Case Explicit Flag","Category":"","Description":"","Attributes":0,"ValueType":"System.Boolean"},"Value":false}]},{"Id":"6cc7b29e-3593-48a3-bee1-859bf795d995","FullyQualifiedName":"SharpMind.Tests.Core.TensorShapeTests.Squeeze_RemovesUnitDim","DisplayName":"SharpMind.Tests.Core.TensorShapeTests.Squeeze_RemovesUnitDim","ExecutorUri":"executor://xunit/VsTestRunner3/netcore/","Source":"C:\\Integral2u\\source\\repos\\SharpMind\\SharpMind.Tests\\bin\\Debug\\net10.0\\SharpMind.Tests.dll","CodeFilePath":null,"LineNumber":0,"Properties":[{"Key":{"Id":"TestCase.ManagedType","Label":"ManagedType","Category":"","Description":"","Attributes":1,"ValueType":"System.String"},"Value":"SharpMind.Tests.Core.TensorShapeTests"},{"Key":{"Id":"XunitTestCaseUniqueID","Label":"xUnit.net Test Case Unique ID","Category":"","Description":"","Attributes":0,"ValueType":"System.String"},"Value":"964acd0327bf8d33e41b435395c623d76f756ef6"},{"Key":{"Id":"TestCase.ManagedMethod","Label":"ManagedMethod","Category":"","Description":"","Attributes":1,"ValueType":"System.String"},"Value":"Squeeze_RemovesUnitDim"},{"Key":{"Id":"XunitTestCaseExplicit","Label":"xUnit.net Test Case Explicit Flag","Category":"","Description":"","Attributes":0,"ValueType":"System.Boolean"},"Value":false}]}]}}
TpTrace Verbose: 0 : 15992, 10, 2026/07/20, 17:41:45.786, 374946607408, vstest.console.dll, TestRunRequest:SendTestRunStatsChange: Starting.
TpTrace Verbose: 0 : 15992, 10, 2026/07/20, 17:41:45.786, 374946609010, vstest.console.dll, InProgress is SharpMind.Tests.Data.SafetyStageTests.Hap_AdditionalTerms_AlsoBlocked
TpTrace Verbose: 0 : 15992, 10, 2026/07/20, 17:41:45.786, 374946609591, vstest.console.dll, InProgress is SharpMind.Tests.Core.TensorShapeTests.Squeeze_RemovesUnitDim
TpTrace Verbose: 0 : 15992, 10, 2026/07/20, 17:41:45.786, 374946610327, vstest.console.dll, MulticastDelegateUtilities.SafeInvoke: TestRun.RunStatsChanged: Invoking callbacks was skipped because there are no subscribers.
TpTrace Information: 0 : 15992, 10, 2026/07/20, 17:41:45.786, 374946612229, vstest.console.dll, TestRunRequest:SendTestRunStatsChange: Completed.
TpTrace Verbose: 0 : 15992, 10, 2026/07/20, 17:41:45.786, 374946612886, vstest.console.dll, MulticastDelegateUtilities.SafeInvoke: LengthPrefixCommunicationChannel: MessageReceived: Invoking callback 1/1 for Microsoft.VisualStudio.TestPlatform.CommunicationUtilities.TestRequestSender+<>c__DisplayClass34_0., took 3 ms.
TpTrace Verbose: 0 : 15992, 10, 2026/07/20, 17:41:45.786, 374946613472, vstest.console.dll, TcpClientExtensions.MessageLoopAsync: Polling on remoteEndPoint: 127.0.0.1:55740 localEndPoint: 127.0.0.1:55739 after 44 ms
TpTrace Verbose: 0 : 15992, 4, 2026/07/20, 17:41:45.788, 374946633517, vstest.console.dll, MulticastDelegateUtilities.SafeInvoke: InternalTestLoggerEvents.SendTestResult: Invoking callback 1/1 for Microsoft.VisualStudio.TestPlatform.CommandLine.Internal.ConsoleLogger., took 0 ms.
TpTrace Verbose: 0 : 15992, 4, 2026/07/20, 17:41:45.789, 374946635908, vstest.console.dll, MulticastDelegateUtilities.SafeInvoke: InternalTestLoggerEvents.SendTestResult: Invoking callback 1/1 for Microsoft.VisualStudio.TestPlatform.CommandLine.Internal.ConsoleLogger., took 0 ms.
TpTrace Verbose: 0 : 15992, 4, 2026/07/20, 17:41:45.789, 374946637376, vstest.console.dll, MulticastDelegateUtilities.SafeInvoke: InternalTestLoggerEvents.SendTestResult: Invoking callback 1/1 for Microsoft.VisualStudio.TestPlatform.CommandLine.Internal.ConsoleLogger., took 0 ms.
TpTrace Verbose: 0 : 15992, 4, 2026/07/20, 17:41:45.789, 374946638253, vstest.console.dll, MulticastDelegateUtilities.SafeInvoke: InternalTestLoggerEvents.SendTestResult: Invoking callback 1/1 for Microsoft.VisualStudio.TestPlatform.CommandLine.Internal.ConsoleLogger., took 0 ms.
TpTrace Verbose: 0 : 15992, 4, 2026/07/20, 17:41:45.789, 374946639096, vstest.console.dll, MulticastDelegateUtilities.SafeInvoke: InternalTestLoggerEvents.SendTestResult: Invoking callback 1/1 for Microsoft.VisualStudio.TestPlatform.CommandLine.Internal.ConsoleLogger., took 0 ms.
TpTrace Verbose: 0 : 15992, 4, 2026/07/20, 17:41:45.789, 374946639974, vstest.console.dll, MulticastDelegateUtilities.SafeInvoke: InternalTestLoggerEvents.SendTestResult: Invoking callback 1/1 for Microsoft.VisualStudio.TestPlatform.CommandLine.Internal.ConsoleLogger., took 0 ms.
TpTrace Verbose: 0 : 15992, 4, 2026/07/20, 17:41:45.789, 374946640812, vstest.console.dll, MulticastDelegateUtilities.SafeInvoke: InternalTestLoggerEvents.SendTestResult: Invoking callback 1/1 for Microsoft.VisualStudio.TestPlatform.CommandLine.Internal.ConsoleLogger., took 0 ms.
TpTrace Verbose: 0 : 15992, 4, 2026/07/20, 17:41:45.789, 374946641631, vstest.console.dll, MulticastDelegateUtilities.SafeInvoke: InternalTestLoggerEvents.SendTestResult: Invoking callback 1/1 for Microsoft.VisualStudio.TestPlatform.CommandLine.Internal.ConsoleLogger., took 0 ms.
TpTrace Verbose: 0 : 15992, 10, 2026/07/20, 17:41:45.816, 374946910335, vstest.console.dll, TcpClientExtensions.MessageLoopAsync: NotifyDataAvailable remoteEndPoint: 127.0.0.1:55740 localEndPoint: 127.0.0.1:55739
TpTrace Verbose: 0 : 15992, 10, 2026/07/20, 17:41:45.817, 374946915283, vstest.console.dll, TestRequestSender.OnExecutionMessageReceived: Received message: {"Version":7,"MessageType":"TestExecution.StatsChange","Payload":{"NewTestResults":[{"TestCase":{"Id":"6cc7b29e-3593-48a3-bee1-859bf795d995","FullyQualifiedName":"SharpMind.Tests.Core.TensorShapeTests.Squeeze_RemovesUnitDim","DisplayName":"SharpMind.Tests.Core.TensorShapeTests.Squeeze_RemovesUnitDim","ExecutorUri":"executor://xunit/VsTestRunner3/netcore/","Source":"C:\\Integral2u\\source\\repos\\SharpMind\\SharpMind.Tests\\bin\\Debug\\net10.0\\SharpMind.Tests.dll","CodeFilePath":null,"LineNumber":0,"Properties":[{"Key":{"Id":"TestCase.ManagedType","Label":"ManagedType","Category":"","Description":"","Attributes":1,"ValueType":"System.String"},"Value":"SharpMind.Tests.Core.TensorShapeTests"},{"Key":{"Id":"XunitTestCaseUniqueID","Label":"xUnit.net Test Case Unique ID","Category":"","Description":"","Attributes":0,"ValueType":"System.String"},"Value":"964acd0327bf8d33e41b435395c623d76f756ef6"},{"Key":{"Id":"TestCase.ManagedMethod","Label":"ManagedMethod","Category":"","Description":"","Attributes":1,"ValueType":"System.String"},"Value":"Squeeze_RemovesUnitDim"},{"Key":{"Id":"XunitTestCaseExplicit","Label":"xUnit.net Test Case Explicit Flag","Category":"","Description":"","Attributes":0,"ValueType":"System.Boolean"},"Value":false}]},"Attachments":[],"Outcome":1,"ErrorMessage":null,"ErrorStackTrace":null,"DisplayName":"SharpMind.Tests.Core.TensorShapeTests.Squeeze_RemovesUnitDim","Messages":[],"ComputerName":"LAPTOP-MKMTSO1B","Duration":"00:00:00.0127691","StartTime":"2026-07-20T05:41:45.7873373+00:00","EndTime":"2026-07-20T05:41:45.7875093+00:00","Properties":[]},{"TestCase":{"Id":"e1ba7f6f-8c92-4bee-9a40-fb6cb8c7b499","FullyQualifiedName":"SharpMind.Tests.Core.TensorShapeTests.ElementCount_CorrectForAllRanks","DisplayName":"SharpMind.Tests.Core.TensorShapeTests.ElementCount_CorrectForAllRanks","ExecutorUri":"executor://xunit/VsTestRunner3/netcore/","Source":"C:\\Integral2u\\source\\repos\\SharpMind\\SharpMind.Tests\\bin\\Debug\\net10.0\\SharpMind.Tests.dll","CodeFilePath":null,"LineNumber":0,"Properties":[{"Key":{"Id":"TestCase.ManagedType","Label":"ManagedType","Category":"","Description":"","Attributes":1,"ValueType":"System.String"},"Value":"SharpMind.Tests.Core.TensorShapeTests"},{"Key":{"Id":"XunitTestCaseUniqueID","Label":"xUnit.net Test Case Unique ID","Category":"","Description":"","Attributes":0,"ValueType":"System.String"},"Value":"bf13d7056cd52e9b4c340776ae0381977f7c0746"},{"Key":{"Id":"TestCase.ManagedMethod","Label":"ManagedMethod","Category":"","Description":"","Attributes":1,"ValueType":"System.String"},"Value":"ElementCount_CorrectForAllRanks"},{"Key":{"Id":"XunitTestCaseExplicit","Label":"xUnit.net Test Case Explicit Flag","Category":"","Description":"","Attributes":0,"ValueType":"System.Boolean"},"Value":false}]},"Attachments":[],"Outcome":1,"ErrorMessage":null,"ErrorStackTrace":null,"DisplayName":"SharpMind.Tests.Core.TensorShapeTests.ElementCount_CorrectForAllRanks","Messages":[],"ComputerName":"LAPTOP-MKMTSO1B","Duration":"00:00:00.0011426","StartTime":"2026-07-20T05:41:45.7888683+00:00","EndTime":"2026-07-20T05:41:45.7890204+00:00","Properties":[]},{"TestCase":{"Id":"bf1fba5e-6244-62c3-2e28-2037b9e3339e","FullyQualifiedName":"SharpMind.Tests.Core.TensorShapeTests.GetOffset_2D_MatchesRowMajor","DisplayName":"SharpMind.Tests.Core.TensorShapeTests.GetOffset_2D_MatchesRowMajor","ExecutorUri":"executor://xunit/VsTestRunner3/netcore/","Source":"C:\\Integral2u\\source\\repos\\SharpMind\\SharpMind.Tests\\bin\\Debug\\net10.0\\SharpMind.Tests.dll","CodeFilePath":null,"LineNumber":0,"Properties":[{"Key":{"Id":"TestCase.ManagedType","Label":"ManagedType","Category":"","Description":"","Attributes":1,"ValueType":"System.String"},"Value":"SharpMind.Tests.Core.TensorShapeTests"},{"Key":{"Id":"XunitTestCaseUniqueID","Label":"xUnit.net Test Case Unique ID","Category":"","Description":"","Attributes":0,"ValueType":"System.String"},"Value":"e6ca6c4915d5dff05ce90e33f860c4145a72f2b2"},{"Key":{"Id":"TestCase.ManagedMethod","Label":"ManagedMethod","Category":"","Description":"","Attributes":1,"ValueType":"System.String"},"Value":"GetOffset_2D_MatchesRowMajor"},{"Key":{"Id":"XunitTestCaseExplicit","Label":"xUnit.net Test Case Explicit Flag","Category":"","Description":"","Attributes":0,"ValueType":"System.Boolean"},"Value":false}]},"Attachments":[],"Outcome":1,"ErrorMessage":null,"ErrorStackTrace":null,"DisplayName":"SharpMind.Tests.Core.TensorShapeTests.GetOffset_2D_MatchesRowMajor","Messages":[],"ComputerName":"LAPTOP-MKMTSO1B","Duration":"00:00:00.0003312","StartTime":"2026-07-20T05:41:45.7898644+00:00","EndTime":"2026-07-20T05:41:45.7900244+00:00","Properties":[]},{"TestCase":{"Id":"5731a32e-e87c-bf32-8b07-365da484680a","FullyQualifiedName":"SharpMind.Tests.Core.TensorShapeTests.Strides_RowMajor","DisplayName":"SharpMind.Tests.Core.TensorShapeTests.Strides_RowMajor","ExecutorUri":"executor://xunit/VsTestRunner3/netcore/","Source":"C:\\Integral2u\\source\\repos\\SharpMind\\SharpMind.Tests\\bin\\Debug\\net10.0\\SharpMind.Tests.dll","CodeFilePath":null,"LineNumber":0,"Properties":[{"Key":{"Id":"TestCase.ManagedType","Label":"ManagedType","Category":"","Description":"","Attributes":1,"ValueType":"System.String"},"Value":"SharpMind.Tests.Core.TensorShapeTests"},{"Key":{"Id":"XunitTestCaseUniqueID","Label":"xUnit.net Test Case Unique ID","Category":"","Description":"","Attributes":0,"ValueType":"System.String"},"Value":"ea0ed17f69a9a62b6553fe93039c38857da4033d"},{"Key":{"Id":"TestCase.ManagedMethod","Label":"ManagedMethod","Category":"","Description":"","Attributes":1,"ValueType":"System.String"},"Value":"Strides_RowMajor"},{"Key":{"Id":"XunitTestCaseExplicit","Label":"xUnit.net Test Case Explicit Flag","Category":"","Description":"","Attributes":0,"ValueType":"System.Boolean"},"Value":false}]},"Attachments":[],"Outcome":1,"ErrorMessage":null,"ErrorStackTrace":null,"DisplayName":"SharpMind.Tests.Core.TensorShapeTests.Strides_RowMajor","Messages":[],"ComputerName":"LAPTOP-MKMTSO1B","Duration":"00:00:00.0008889","StartTime":"2026-07-20T05:41:45.7985766+00:00","EndTime":"2026-07-20T05:41:45.798718+00:00","Properties":[]},{"TestCase":{"Id":"0facabd4-a9f7-2d52-1bc3-933f4e579915","FullyQualifiedName":"SharpMind.Tests.Data.SafetyStageTests.Hap_AdditionalTerms_AlsoBlocked","DisplayName":"SharpMind.Tests.Data.SafetyStageTests.Hap_AdditionalTerms_AlsoBlocked","ExecutorUri":"executor://xunit/VsTestRunner3/netcore/","Source":"C:\\Integral2u\\source\\repos\\SharpMind\\SharpMind.Tests\\bin\\Debug\\net10.0\\SharpMind.Tests.dll","CodeFilePath":null,"LineNumber":0,"Properties":[{"Key":{"Id":"TestCase.ManagedType","Label":"ManagedType","Category":"","Description":"","Attributes":1,"ValueType":"System.String"},"Value":"SharpMind.Tests.Data.SafetyStageTests"},{"Key":{"Id":"XunitTestCaseUniqueID","Label":"xUnit.net Test Case Unique ID","Category":"","Description":"","Attributes":0,"ValueType":"System.String"},"Value":"1409fb889c18339233da2608c06aa285f9282ac6"},{"Key":{"Id":"TestCase.ManagedMethod","Label":"ManagedMethod","Category":"","Description":"","Attributes":1,"ValueType":"System.String"},"Value":"Hap_AdditionalTerms_AlsoBlocked"},{"Key":{"Id":"XunitTestCaseExplicit","Label":"xUnit.net Test Case Explicit Flag","Category":"","Description":"","Attributes":0,"ValueType":"System.Boolean"},"Value":false}]},"Attachments":[],"Outcome":1,"ErrorMessage":null,"ErrorStackTrace":null,"DisplayName":"SharpMind.Tests.Data.SafetyStageTests.Hap_AdditionalTerms_AlsoBlocked","Messages":[],"ComputerName":"LAPTOP-MKMTSO1B","Duration":"00:00:00.0521811","StartTime":"2026-07-20T05:41:45.7424228+00:00","EndTime":"2026-07-20T05:41:45.7996561+00:00","Properties":[]},{"TestCase":{"Id":"6f5caec4-29ed-f466-b1b7-9a583fbc5dd1","FullyQualifiedName":"SharpMind.Tests.Core.TensorShapeTests.Unsqueeze_InsertsUnitDim","DisplayName":"SharpMind.Tests.Core.TensorShapeTests.Unsqueeze_InsertsUnitDim","ExecutorUri":"executor://xunit/VsTestRunner3/netcore/","Source":"C:\\Integral2u\\source\\repos\\SharpMind\\SharpMind.Tests\\bin\\Debug\\net10.0\\SharpMind.Tests.dll","CodeFilePath":null,"LineNumber":0,"Properties":[{"Key":{"Id":"TestCase.ManagedType","Label":"ManagedType","Category":"","Description":"","Attributes":1,"ValueType":"System.String"},"Value":"SharpMind.Tests.Core.TensorShapeTests"},{"Key":{"Id":"XunitTestCaseUniqueID","Label":"xUnit.net Test Case Unique ID","Category":"","Description":"","Attributes":0,"ValueType":"System.String"},"Value":"f255db66047bc96000e97b8c17a63e5b65986eb9"},{"Key":{"Id":"TestCase.ManagedMethod","Label":"ManagedMethod","Category":"","Description":"","Attributes":1,"ValueType":"System.String"},"Value":"Unsqueeze_InsertsUnitDim"},{"Key":{"Id":"XunitTestCaseExplicit","Label":"xUnit.net Test Case Explicit Flag","Category":"","Description":"","Attributes":0,"ValueType":"System.Boolean"},"Value":false}]},"Attachments":[],"Outcome":1,"ErrorMessage":null,"ErrorStackTrace":null,"DisplayName":"SharpMind.Tests.Core.TensorShapeTests.Unsqueeze_InsertsUnitDim","Messages":[],"ComputerName":"LAPTOP-MKMTSO1B","Duration":"00:00:00.0151049","StartTime":"2026-07-20T05:41:45.7995007+00:00","EndTime":"2026-07-20T05:41:45.8007106+00:00","Properties":[]},{"TestCase":{"Id":"7175757c-55c8-8ac2-d8b7-79e0d0fbb0cc","FullyQualifiedName":"SharpMind.Tests.Data.SafetyStageTests.Blacklist_WholeWord_DoesNotMatchPartial","DisplayName":"SharpMind.Tests.Data.SafetyStageTests.Blacklist_WholeWord_DoesNotMatchPartial","ExecutorUri":"executor://xunit/VsTestRunner3/netcore/","Source":"C:\\Integral2u\\source\\repos\\SharpMind\\SharpMind.Tests\\bin\\Debug\\net10.0\\SharpMind.Tests.dll","CodeFilePath":null,"LineNumber":0,"Properties":[{"Key":{"Id":"TestCase.ManagedType","Label":"ManagedType","Category":"","Description":"","Attributes":1,"ValueType":"System.String"},"Value":"SharpMind.Tests.Data.SafetyStageTests"},{"Key":{"Id":"XunitTestCaseUniqueID","Label":"xUnit.net Test Case Unique ID","Category":"","Description":"","Attributes":0,"ValueType":"System.String"},"Value":"1e63c1ac1d48d84fb7faf2ed90d4b561a39adee6"},{"Key":{"Id":"TestCase.ManagedMethod","Label":"ManagedMethod","Category":"","Description":"","Attributes":1,"ValueType":"System.String"},"Value":"Blacklist_WholeWord_DoesNotMatchPartial"},{"Key":{"Id":"XunitTestCaseExplicit","Label":"xUnit.net Test Case Explicit Flag","Category":"","Description":"","Attributes":0,"ValueType":"System.Boolean"},"Value":false}]},"Attachments":[],"Outcome":1,"ErrorMessage":null,"ErrorStackTrace":null,"DisplayName":"SharpMind.Tests.Data.SafetyStageTests.Blacklist_WholeWord_DoesNotMatchPartial","Messages":[],"ComputerName":"LAPTOP-MKMTSO1B","Duration":"00:00:00.0166510","StartTime":"2026-07-20T05:41:45.8004181+00:00","EndTime":"2026-07-20T05:41:45.8045739+00:00","Properties":[]},{"TestCase":{"Id":"83fb304b-dd97-1bc6-ace5-48262e223165","FullyQualifiedName":"SharpMind.Tests.Core.RoPETests.Apply_PreservesShape","DisplayName":"SharpMind.Tests.Core.RoPETests.Apply_PreservesShape","ExecutorUri":"executor://xunit/VsTestRunner3/netcore/","Source":"C:\\Integral2u\\source\\repos\\SharpMind\\SharpMind.Tests\\bin\\Debug\\net10.0\\SharpMind.Tests.dll","CodeFilePath":null,"LineNumber":0,"Properties":[{"Key":{"Id":"TestCase.ManagedType","Label":"ManagedType","Category":"","Description":"","Attributes":1,"ValueType":"System.String"},"Value":"SharpMind.Tests.Core.RoPETests"},{"Key":{"Id":"XunitTestCaseUniqueID","Label":"xUnit.net Test Case Unique ID","Category":"","Description":"","Attributes":0,"ValueType":"System.String"},"Value":"28b7a1d677baa634025f8197d28954736c0289b4"},{"Key":{"Id":"TestCase.ManagedMethod","Label":"ManagedMethod","Category":"","Description":"","Attributes":1,"ValueType":"System.String"},"Value":"Apply_PreservesShape"},{"Key":{"Id":"XunitTestCaseExplicit","Label":"xUnit.net Test Case Explicit Flag","Category":"","Description":"","Attributes":0,"ValueType":"System.Boolean"},"Value":false}]},"Attachments":[],"Outcome":1,"ErrorMessage":null,"ErrorStackTrace":null,"DisplayName":"SharpMind.Tests.Core.RoPETests.Apply_PreservesShape","Messages":[],"ComputerName":"LAPTOP-MKMTSO1B","Duration":"00:00:00.0123808","StartTime":"2026-07-20T05:41:45.8015944+00:00","EndTime":"2026-07-20T05:41:45.8137371+00:00","Properties":[]}],"TestRunStatistics":{"ExecutedTests":70,"Stats":{"Passed":70}},"ActiveTests":[{"Id":"8a4286e3-526e-08e4-be7a-6aa74afd99a6","FullyQualifiedName":"SharpMind.Tests.Data.SafetyStageTests.Pii_AllTypes_MasksEverything","DisplayName":"SharpMind.Tests.Data.SafetyStageTests.Pii_AllTypes_MasksEverything","ExecutorUri":"executor://xunit/VsTestRunner3/netcore/","Source":"C:\\Integral2u\\source\\repos\\SharpMind\\SharpMind.Tests\\bin\\Debug\\net10.0\\SharpMind.Tests.dll","CodeFilePath":null,"LineNumber":0,"Properties":[{"Key":{"Id":"TestCase.ManagedType","Label":"ManagedType","Category":"","Description":"","Attributes":1,"ValueType":"System.String"},"Value":"SharpMind.Tests.Data.SafetyStageTests"},{"Key":{"Id":"XunitTestCaseUniqueID","Label":"xUnit.net Test Case Unique ID","Category":"","Description":"","Attributes":0,"ValueType":"System.String"},"Value":"32e9af03b2d9070e68b960bfd9779f082a3a8db3"},{"Key":{"Id":"TestCase.ManagedMethod","Label":"ManagedMethod","Category":"","Description":"","Attributes":1,"ValueType":"System.String"},"Value":"Pii_AllTypes_MasksEverything"},{"Key":{"Id":"XunitTestCaseExplicit","Label":"xUnit.net Test Case Explicit Flag","Category":"","Description":"","Attributes":0,"ValueType":"System.Boolean"},"Value":false}]},{"Id":"f01a1c81-c671-76d2-3e96-1018c5c4b33b","FullyQualifiedName":"SharpMind.Tests.Core.RoPETests.Apply_ZeroPosition_CosSin0","DisplayName":"SharpMind.Tests.Core.RoPETests.Apply_ZeroPosition_CosSin0","ExecutorUri":"executor://xunit/VsTestRunner3/netcore/","Source":"C:\\Integral2u\\source\\repos\\SharpMind\\SharpMind.Tests\\bin\\Debug\\net10.0\\SharpMind.Tests.dll","CodeFilePath":null,"LineNumber":0,"Properties":[{"Key":{"Id":"TestCase.ManagedType","Label":"ManagedType","Category":"","Description":"","Attributes":1,"ValueType":"System.String"},"Value":"SharpMind.Tests.Core.RoPETests"},{"Key":{"Id":"XunitTestCaseUniqueID","Label":"xUnit.net Test Case Unique ID","Category":"","Description":"","Attributes":0,"ValueType":"System.String"},"Value":"69a298ab059c631898b0db15e33206feaca4877c"},{"Key":{"Id":"TestCase.ManagedMethod","Label":"ManagedMethod","Category":"","Description":"","Attributes":1,"ValueType":"System.String"},"Value":"Apply_ZeroPosition_CosSin0"},{"Key":{"Id":"XunitTestCaseExplicit","Label":"xUnit.net Test Case Explicit Flag","Category":"","Description":"","Attributes":0,"ValueType":"System.Boolean"},"Value":false}]}]}}
TpTrace Verbose: 0 : 15992, 10, 2026/07/20, 17:41:45.824, 374946986378, vstest.console.dll, TestRunRequest:SendTestRunStatsChange: Starting.
TpTrace Verbose: 0 : 15992, 10, 2026/07/20, 17:41:45.824, 374946988337, vstest.console.dll, InProgress is SharpMind.Tests.Data.SafetyStageTests.Pii_AllTypes_MasksEverything
TpTrace Verbose: 0 : 15992, 10, 2026/07/20, 17:41:45.824, 374946989056, vstest.console.dll, InProgress is SharpMind.Tests.Core.RoPETests.Apply_ZeroPosition_CosSin0
TpTrace Verbose: 0 : 15992, 10, 2026/07/20, 17:41:45.824, 374946989897, vstest.console.dll, MulticastDelegateUtilities.SafeInvoke: TestRun.RunStatsChanged: Invoking callbacks was skipped because there are no subscribers.
TpTrace Information: 0 : 15992, 10, 2026/07/20, 17:41:45.824, 374946990427, vstest.console.dll, TestRunRequest:SendTestRunStatsChange: Completed.
TpTrace Verbose: 0 : 15992, 4, 2026/07/20, 17:41:45.824, 374946990620, vstest.console.dll, MulticastDelegateUtilities.SafeInvoke: InternalTestLoggerEvents.SendTestResult: Invoking callback 1/1 for Microsoft.VisualStudio.TestPlatform.CommandLine.Internal.ConsoleLogger., took 0 ms.
TpTrace Verbose: 0 : 15992, 10, 2026/07/20, 17:41:45.824, 374946991106, vstest.console.dll, MulticastDelegateUtilities.SafeInvoke: LengthPrefixCommunicationChannel: MessageReceived: Invoking callback 1/1 for Microsoft.VisualStudio.TestPlatform.CommunicationUtilities.TestRequestSender+<>c__DisplayClass34_0., took 7 ms.
TpTrace Verbose: 0 : 15992, 4, 2026/07/20, 17:41:45.824, 374946991850, vstest.console.dll, MulticastDelegateUtilities.SafeInvoke: InternalTestLoggerEvents.SendTestResult: Invoking callback 1/1 for Microsoft.VisualStudio.TestPlatform.CommandLine.Internal.ConsoleLogger., took 0 ms.
TpTrace Verbose: 0 : 15992, 10, 2026/07/20, 17:41:45.824, 374946992429, vstest.console.dll, TcpClientExtensions.MessageLoopAsync: Polling on remoteEndPoint: 127.0.0.1:55740 localEndPoint: 127.0.0.1:55739 after 37 ms
TpTrace Verbose: 0 : 15992, 4, 2026/07/20, 17:41:45.824, 374946992507, vstest.console.dll, MulticastDelegateUtilities.SafeInvoke: InternalTestLoggerEvents.SendTestResult: Invoking callback 1/1 for Microsoft.VisualStudio.TestPlatform.CommandLine.Internal.ConsoleLogger., took 0 ms.
TpTrace Verbose: 0 : 15992, 4, 2026/07/20, 17:41:45.824, 374946993716, vstest.console.dll, MulticastDelegateUtilities.SafeInvoke: InternalTestLoggerEvents.SendTestResult: Invoking callback 1/1 for Microsoft.VisualStudio.TestPlatform.CommandLine.Internal.ConsoleLogger., took 0 ms.
TpTrace Verbose: 0 : 15992, 4, 2026/07/20, 17:41:45.825, 374946994464, vstest.console.dll, MulticastDelegateUtilities.SafeInvoke: InternalTestLoggerEvents.SendTestResult: Invoking callback 1/1 for Microsoft.VisualStudio.TestPlatform.CommandLine.Internal.ConsoleLogger., took 0 ms.
TpTrace Verbose: 0 : 15992, 4, 2026/07/20, 17:41:45.825, 374946995189, vstest.console.dll, MulticastDelegateUtilities.SafeInvoke: InternalTestLoggerEvents.SendTestResult: Invoking callback 1/1 for Microsoft.VisualStudio.TestPlatform.CommandLine.Internal.ConsoleLogger., took 0 ms.
TpTrace Verbose: 0 : 15992, 4, 2026/07/20, 17:41:45.825, 374946995936, vstest.console.dll, MulticastDelegateUtilities.SafeInvoke: InternalTestLoggerEvents.SendTestResult: Invoking callback 1/1 for Microsoft.VisualStudio.TestPlatform.CommandLine.Internal.ConsoleLogger., took 0 ms.
TpTrace Verbose: 0 : 15992, 4, 2026/07/20, 17:41:45.825, 374946996700, vstest.console.dll, MulticastDelegateUtilities.SafeInvoke: InternalTestLoggerEvents.SendTestResult: Invoking callback 1/1 for Microsoft.VisualStudio.TestPlatform.CommandLine.Internal.ConsoleLogger., took 0 ms.
TpTrace Verbose: 0 : 15992, 10, 2026/07/20, 17:41:45.853, 374947278078, vstest.console.dll, TcpClientExtensions.MessageLoopAsync: NotifyDataAvailable remoteEndPoint: 127.0.0.1:55740 localEndPoint: 127.0.0.1:55739
TpTrace Verbose: 0 : 15992, 10, 2026/07/20, 17:41:45.853, 374947282490, vstest.console.dll, TestRequestSender.OnExecutionMessageReceived: Received message: {"Version":7,"MessageType":"TestExecution.StatsChange","Payload":{"NewTestResults":[{"TestCase":{"Id":"f01a1c81-c671-76d2-3e96-1018c5c4b33b","FullyQualifiedName":"SharpMind.Tests.Core.RoPETests.Apply_ZeroPosition_CosSin0","DisplayName":"SharpMind.Tests.Core.RoPETests.Apply_ZeroPosition_CosSin0","ExecutorUri":"executor://xunit/VsTestRunner3/netcore/","Source":"C:\\Integral2u\\source\\repos\\SharpMind\\SharpMind.Tests\\bin\\Debug\\net10.0\\SharpMind.Tests.dll","CodeFilePath":null,"LineNumber":0,"Properties":[{"Key":{"Id":"TestCase.ManagedType","Label":"ManagedType","Category":"","Description":"","Attributes":1,"ValueType":"System.String"},"Value":"SharpMind.Tests.Core.RoPETests"},{"Key":{"Id":"XunitTestCaseUniqueID","Label":"xUnit.net Test Case Unique ID","Category":"","Description":"","Attributes":0,"ValueType":"System.String"},"Value":"69a298ab059c631898b0db15e33206feaca4877c"},{"Key":{"Id":"TestCase.ManagedMethod","Label":"ManagedMethod","Category":"","Description":"","Attributes":1,"ValueType":"System.String"},"Value":"Apply_ZeroPosition_CosSin0"},{"Key":{"Id":"XunitTestCaseExplicit","Label":"xUnit.net Test Case Explicit Flag","Category":"","Description":"","Attributes":0,"ValueType":"System.Boolean"},"Value":false}]},"Attachments":[],"Outcome":1,"ErrorMessage":null,"ErrorStackTrace":null,"DisplayName":"SharpMind.Tests.Core.RoPETests.Apply_ZeroPosition_CosSin0","Messages":[],"ComputerName":"LAPTOP-MKMTSO1B","Duration":"00:00:00.0020639","StartTime":"2026-07-20T05:41:45.8168816+00:00","EndTime":"2026-07-20T05:41:45.817059+00:00","Properties":[]},{"TestCase":{"Id":"796379f0-7f17-479e-d5aa-19e5786d4f92","FullyQualifiedName":"SharpMind.Tests.Core.RoPETests.Apply_WrongHeadDim_Throws","DisplayName":"SharpMind.Tests.Core.RoPETests.Apply_WrongHeadDim_Throws","ExecutorUri":"executor://xunit/VsTestRunner3/netcore/","Source":"C:\\Integral2u\\source\\repos\\SharpMind\\SharpMind.Tests\\bin\\Debug\\net10.0\\SharpMind.Tests.dll","CodeFilePath":null,"LineNumber":0,"Properties":[{"Key":{"Id":"TestCase.ManagedType","Label":"ManagedType","Category":"","Description":"","Attributes":1,"ValueType":"System.String"},"Value":"SharpMind.Tests.Core.RoPETests"},{"Key":{"Id":"XunitTestCaseUniqueID","Label":"xUnit.net Test Case Unique ID","Category":"","Description":"","Attributes":0,"ValueType":"System.String"},"Value":"a6055aabffcda6ffc3dc24626678c793a41793fb"},{"Key":{"Id":"TestCase.ManagedMethod","Label":"ManagedMethod","Category":"","Description":"","Attributes":1,"ValueType":"System.String"},"Value":"Apply_WrongHeadDim_Throws"},{"Key":{"Id":"XunitTestCaseExplicit","Label":"xUnit.net Test Case Explicit Flag","Category":"","Description":"","Attributes":0,"ValueType":"System.Boolean"},"Value":false}]},"Attachments":[],"Outcome":1,"ErrorMessage":null,"ErrorStackTrace":null,"DisplayName":"SharpMind.Tests.Core.RoPETests.Apply_WrongHeadDim_Throws","Messages":[],"ComputerName":"LAPTOP-MKMTSO1B","Duration":"00:00:00.0009475","StartTime":"2026-07-20T05:41:45.8180847+00:00","EndTime":"2026-07-20T05:41:45.8182265+00:00","Properties":[]},{"TestCase":{"Id":"8c673be4-2faa-12b4-d630-bf12db78c1e1","FullyQualifiedName":"SharpMind.Tests.Core.RoPETests.Apply_OutputNotAllSame","DisplayName":"SharpMind.Tests.Core.RoPETests.Apply_OutputNotAllSame","ExecutorUri":"executor://xunit/VsTestRunner3/netcore/","Source":"C:\\Integral2u\\source\\repos\\SharpMind\\SharpMind.Tests\\bin\\Debug\\net10.0\\SharpMind.Tests.dll","CodeFilePath":null,"LineNumber":0,"Properties":[{"Key":{"Id":"TestCase.ManagedType","Label":"ManagedType","Category":"","Description":"","Attributes":1,"ValueType":"System.String"},"Value":"SharpMind.Tests.Core.RoPETests"},{"Key":{"Id":"XunitTestCaseUniqueID","Label":"xUnit.net Test Case Unique ID","Category":"","Description":"","Attributes":0,"ValueType":"System.String"},"Value":"d98e98d39644f071e039f16fe548999f497ca027"},{"Key":{"Id":"TestCase.ManagedMethod","Label":"ManagedMethod","Category":"","Description":"","Attributes":1,"ValueType":"System.String"},"Value":"Apply_OutputNotAllSame"},{"Key":{"Id":"XunitTestCaseExplicit","Label":"xUnit.net Test Case Explicit Flag","Category":"","Description":"","Attributes":0,"ValueType":"System.Boolean"},"Value":false}]},"Attachments":[],"Outcome":1,"ErrorMessage":null,"ErrorStackTrace":null,"DisplayName":"SharpMind.Tests.Core.RoPETests.Apply_OutputNotAllSame","Messages":[],"ComputerName":"LAPTOP-MKMTSO1B","Duration":"00:00:00.0008658","StartTime":"2026-07-20T05:41:45.8190401+00:00","EndTime":"2026-07-20T05:41:45.81918+00:00","Properties":[]},{"TestCase":{"Id":"e794a3c9-7ffd-ecb2-35b6-6456136c112b","FullyQualifiedName":"SharpMind.Tests.Core.RoPETests.Apply_ExceedsMaxSeqLen_Throws","DisplayName":"SharpMind.Tests.Core.RoPETests.Apply_ExceedsMaxSeqLen_Throws","ExecutorUri":"executor://xunit/VsTestRunner3/netcore/","Source":"C:\\Integral2u\\source\\repos\\SharpMind\\SharpMind.Tests\\bin\\Debug\\net10.0\\SharpMind.Tests.dll","CodeFilePath":null,"LineNumber":0,"Properties":[{"Key":{"Id":"TestCase.ManagedType","Label":"ManagedType","Category":"","Description":"","Attributes":1,"ValueType":"System.String"},"Value":"SharpMind.Tests.Core.RoPETests"},{"Key":{"Id":"XunitTestCaseUniqueID","Label":"xUnit.net Test Case Unique ID","Category":"","Description":"","Attributes":0,"ValueType":"System.String"},"Value":"ecdc356f580a34ce49ba1c573be06595f3dadc97"},{"Key":{"Id":"TestCase.ManagedMethod","Label":"ManagedMethod","Category":"","Description":"","Attributes":1,"ValueType":"System.String"},"Value":"Apply_ExceedsMaxSeqLen_Throws"},{"Key":{"Id":"XunitTestCaseExplicit","Label":"xUnit.net Test Case Explicit Flag","Category":"","Description":"","Attributes":0,"ValueType":"System.Boolean"},"Value":false}]},"Attachments":[],"Outcome":1,"ErrorMessage":null,"ErrorStackTrace":null,"DisplayName":"SharpMind.Tests.Core.RoPETests.Apply_ExceedsMaxSeqLen_Throws","Messages":[],"ComputerName":"LAPTOP-MKMTSO1B","Duration":"00:00:00.0008822","StartTime":"2026-07-20T05:41:45.8205078+00:00","EndTime":"2026-07-20T05:41:45.8206544+00:00","Properties":[]},{"TestCase":{"Id":"79ee7a83-e994-0a4e-e94a-a8894d5de997","FullyQualifiedName":"SharpMind.Tests.Data.BuiltInStageTests.StripHtml_DecodesEntities","DisplayName":"SharpMind.Tests.Data.BuiltInStageTests.StripHtml_DecodesEntities(entity: \"&gt;\", expected: \">\")","ExecutorUri":"executor://xunit/VsTestRunner3/netcore/","Source":"C:\\Integral2u\\source\\repos\\SharpMind\\SharpMind.Tests\\bin\\Debug\\net10.0\\SharpMind.Tests.dll","CodeFilePath":null,"LineNumber":0,"Properties":[{"Key":{"Id":"TestCase.ManagedType","Label":"ManagedType","Category":"","Description":"","Attributes":1,"ValueType":"System.String"},"Value":"SharpMind.Tests.Data.BuiltInStageTests"},{"Key":{"Id":"XunitTestCaseUniqueID","Label":"xUnit.net Test Case Unique ID","Category":"","Description":"","Attributes":0,"ValueType":"System.String"},"Value":"3596b17c18160fa676ea4a4b040a6f4b0a26b6ac"},{"Key":{"Id":"TestCase.ManagedMethod","Label":"ManagedMethod","Category":"","Description":"","Attributes":1,"ValueType":"System.String"},"Value":"StripHtml_DecodesEntities"},{"Key":{"Id":"XunitTestCaseExplicit","Label":"xUnit.net Test Case Explicit Flag","Category":"","Description":"","Attributes":0,"ValueType":"System.Boolean"},"Value":false}]},"Attachments":[],"Outcome":1,"ErrorMessage":null,"ErrorStackTrace":null,"DisplayName":"SharpMind.Tests.Data.BuiltInStageTests.StripHtml_DecodesEntities(entity: \"&gt;\", expected: \">\")","Messages":[],"ComputerName":"LAPTOP-MKMTSO1B","Duration":"00:00:00.0240172","StartTime":"2026-07-20T05:41:45.8219174+00:00","EndTime":"2026-07-20T05:41:45.8435853+00:00","Properties":[]},{"TestCase":{"Id":"c4a86f5a-4b3b-b5a7-8c86-9bdceaadb764","FullyQualifiedName":"SharpMind.Tests.Data.BuiltInStageTests.StripHtml_DecodesEntities","DisplayName":"SharpMind.Tests.Data.BuiltInStageTests.StripHtml_DecodesEntities(entity: \"&#65;\", expected: \"A\")","ExecutorUri":"executor://xunit/VsTestRunner3/netcore/","Source":"C:\\Integral2u\\source\\repos\\SharpMind\\SharpMind.Tests\\bin\\Debug\\net10.0\\SharpMind.Tests.dll","CodeFilePath":null,"LineNumber":0,"Properties":[{"Key":{"Id":"TestCase.ManagedType","Label":"ManagedType","Category":"","Description":"","Attributes":1,"ValueType":"System.String"},"Value":"SharpMind.Tests.Data.BuiltInStageTests"},{"Key":{"Id":"XunitTestCaseUniqueID","Label":"xUnit.net Test Case Unique ID","Category":"","Description":"","Attributes":0,"ValueType":"System.String"},"Value":"b60e3c0b79142db6d3c9f0273d65f250cfd18892"},{"Key":{"Id":"TestCase.ManagedMethod","Label":"ManagedMethod","Category":"","Description":"","Attributes":1,"ValueType":"System.String"},"Value":"StripHtml_DecodesEntities"},{"Key":{"Id":"XunitTestCaseExplicit","Label":"xUnit.net Test Case Explicit Flag","Category":"","Description":"","Attributes":0,"ValueType":"System.Boolean"},"Value":false}]},"Attachments":[],"Outcome":1,"ErrorMessage":null,"ErrorStackTrace":null,"DisplayName":"SharpMind.Tests.Data.BuiltInStageTests.StripHtml_DecodesEntities(entity: \"&#65;\", expected: \"A\")","Messages":[],"ComputerName":"LAPTOP-MKMTSO1B","Duration":"00:00:00.0007202","StartTime":"2026-07-20T05:41:45.8476363+00:00","EndTime":"2026-07-20T05:41:45.8478858+00:00","Properties":[]},{"TestCase":{"Id":"6bdab635-d883-b67c-03fa-3045f8dac0af","FullyQualifiedName":"SharpMind.Tests.Data.BuiltInStageTests.StripHtml_DecodesEntities","DisplayName":"SharpMind.Tests.Data.BuiltInStageTests.StripHtml_DecodesEntities(entity: \"&quot;\", expected: \"\\\"\")","ExecutorUri":"executor://xunit/VsTestRunner3/netcore/","Source":"C:\\Integral2u\\source\\repos\\SharpMind\\SharpMind.Tests\\bin\\Debug\\net10.0\\SharpMind.Tests.dll","CodeFilePath":null,"LineNumber":0,"Properties":[{"Key":{"Id":"TestCase.ManagedType","Label":"ManagedType","Category":"","Description":"","Attributes":1,"ValueType":"System.String"},"Value":"SharpMind.Tests.Data.BuiltInStageTests"},{"Key":{"Id":"XunitTestCaseUniqueID","Label":"xUnit.net Test Case Unique ID","Category":"","Description":"","Attributes":0,"ValueType":"System.String"},"Value":"d0119ec071ca72b4024c2319375cc354e4230539"},{"Key":{"Id":"TestCase.ManagedMethod","Label":"ManagedMethod","Category":"","Description":"","Attributes":1,"ValueType":"System.String"},"Value":"StripHtml_DecodesEntities"},{"Key":{"Id":"XunitTestCaseExplicit","Label":"xUnit.net Test Case Explicit Flag","Category":"","Description":"","Attributes":0,"ValueType":"System.Boolean"},"Value":false}]},"Attachments":[],"Outcome":1,"ErrorMessage":null,"ErrorStackTrace":null,"DisplayName":"SharpMind.Tests.Data.BuiltInStageTests.StripHtml_DecodesEntities(entity: \"&quot;\", expected: \"\\\"\")","Messages":[],"ComputerName":"LAPTOP-MKMTSO1B","Duration":"00:00:00.0000387","StartTime":"2026-07-20T05:41:45.8487382+00:00","EndTime":"2026-07-20T05:41:45.8488931+00:00","Properties":[]},{"TestCase":{"Id":"1a67229e-220b-441c-10ac-525c5adbbbd4","FullyQualifiedName":"SharpMind.Tests.Data.BuiltInStageTests.StripHtml_DecodesEntities","DisplayName":"SharpMind.Tests.Data.BuiltInStageTests.StripHtml_DecodesEntities(entity: \"&lt;\", expected: \"<\")","ExecutorUri":"executor://xunit/VsTestRunner3/netcore/","Source":"C:\\Integral2u\\source\\repos\\SharpMind\\SharpMind.Tests\\bin\\Debug\\net10.0\\SharpMind.Tests.dll","CodeFilePath":null,"LineNumber":0,"Properties":[{"Key":{"Id":"TestCase.ManagedType","Label":"ManagedType","Category":"","Description":"","Attributes":1,"ValueType":"System.String"},"Value":"SharpMind.Tests.Data.BuiltInStageTests"},{"Key":{"Id":"XunitTestCaseUniqueID","Label":"xUnit.net Test Case Unique ID","Category":"","Description":"","Attributes":0,"ValueType":"System.String"},"Value":"f36e79c7df60b166391ed83fe3ce7468bcd5eb2a"},{"Key":{"Id":"TestCase.ManagedMethod","Label":"ManagedMethod","Category":"","Description":"","Attributes":1,"ValueType":"System.String"},"Value":"StripHtml_DecodesEntities"},{"Key":{"Id":"XunitTestCaseExplicit","Label":"xUnit.net Test Case Explicit Flag","Category":"","Description":"","Attributes":0,"ValueType":"System.Boolean"},"Value":false}]},"Attachments":[],"Outcome":1,"ErrorMessage":null,"ErrorStackTrace":null,"DisplayName":"SharpMind.Tests.Data.BuiltInStageTests.StripHtml_DecodesEntities(entity: \"&lt;\", expected: \"<\")","Messages":[],"ComputerName":"LAPTOP-MKMTSO1B","Duration":"00:00:00.0000477","StartTime":"2026-07-20T05:41:45.8496162+00:00","EndTime":"2026-07-20T05:41:45.8497597+00:00","Properties":[]},{"TestCase":{"Id":"cc41c509-2953-4c90-41f0-5939318c8f38","FullyQualifiedName":"SharpMind.Tests.Data.BuiltInStageTests.StripHtml_DecodesEntities","DisplayName":"SharpMind.Tests.Data.BuiltInStageTests.StripHtml_DecodesEntities(entity: \"&amp;\", expected: \"&\")","ExecutorUri":"executor://xunit/VsTestRunner3/netcore/","Source":"C:\\Integral2u\\source\\repos\\SharpMind\\SharpMind.Tests\\bin\\Debug\\net10.0\\SharpMind.Tests.dll","CodeFilePath":null,"LineNumber":0,"Properties":[{"Key":{"Id":"TestCase.ManagedType","Label":"ManagedType","Category":"","Description":"","Attributes":1,"ValueType":"System.String"},"Value":"SharpMind.Tests.Data.BuiltInStageTests"},{"Key":{"Id":"XunitTestCaseUniqueID","Label":"xUnit.net Test Case Unique ID","Category":"","Description":"","Attributes":0,"ValueType":"System.String"},"Value":"f7639a19d3c80858d511a03f547ec2c6b7081684"},{"Key":{"Id":"TestCase.ManagedMethod","Label":"ManagedMethod","Category":"","Description":"","Attributes":1,"ValueType":"System.String"},"Value":"StripHtml_DecodesEntities"},{"Key":{"Id":"XunitTestCaseExplicit","Label":"xUnit.net Test Case Explicit Flag","Category":"","Description":"","Attributes":0,"ValueType":"System.Boolean"},"Value":false}]},"Attachments":[],"Outcome":1,"ErrorMessage":null,"ErrorStackTrace":null,"DisplayName":"SharpMind.Tests.Data.BuiltInStageTests.StripHtml_DecodesEntities(entity: \"&amp;\", expected: \"&\")","Messages":[],"ComputerName":"LAPTOP-MKMTSO1B","Duration":"00:00:00.0000260","StartTime":"2026-07-20T05:41:45.850466+00:00","EndTime":"2026-07-20T05:41:45.8506152+00:00","Properties":[]}],"TestRunStatistics":{"ExecutedTests":79,"Stats":{"Passed":79}},"ActiveTests":[{"Id":"5614bb67-3f7e-7560-7e4a-42912ee37d18","FullyQualifiedName":"SharpMind.Tests.Data.BuiltInStageTests.MaxLengthFilter_PassesShortEnough","DisplayName":"SharpMind.Tests.Data.BuiltInStageTests.MaxLengthFilter_PassesShortEnough","ExecutorUri":"executor://xunit/VsTestRunner3/netcore/","Source":"C:\\Integral2u\\source\\repos\\SharpMind\\SharpMind.Tests\\bin\\Debug\\net10.0\\SharpMind.Tests.dll","CodeFilePath":null,"LineNumber":0,"Properties":[{"Key":{"Id":"TestCase.ManagedType","Label":"ManagedType","Category":"","Description":"","Attributes":1,"ValueType":"System.String"},"Value":"SharpMind.Tests.Data.BuiltInStageTests"},{"Key":{"Id":"XunitTestCaseUniqueID","Label":"xUnit.net Test Case Unique ID","Category":"","Description":"","Attributes":0,"ValueType":"System.String"},"Value":"35b25f28fe8732d220a06c74f7c42f0d784f472c"},{"Key":{"Id":"TestCase.ManagedMethod","Label":"ManagedMethod","Category":"","Description":"","Attributes":1,"ValueType":"System.String"},"Value":"MaxLengthFilter_PassesShortEnough"},{"Key":{"Id":"XunitTestCaseExplicit","Label":"xUnit.net Test Case Explicit Flag","Category":"","Description":"","Attributes":0,"ValueType":"System.Boolean"},"Value":false}]}]}}
TpTrace Verbose: 0 : 15992, 10, 2026/07/20, 17:41:45.857, 374947316164, vstest.console.dll, TestRunRequest:SendTestRunStatsChange: Starting.
TpTrace Verbose: 0 : 15992, 10, 2026/07/20, 17:41:45.857, 374947317371, vstest.console.dll, InProgress is SharpMind.Tests.Data.BuiltInStageTests.MaxLengthFilter_PassesShortEnough
TpTrace Verbose: 0 : 15992, 10, 2026/07/20, 17:41:45.857, 374947318229, vstest.console.dll, MulticastDelegateUtilities.SafeInvoke: TestRun.RunStatsChanged: Invoking callbacks was skipped because there are no subscribers.
TpTrace Information: 0 : 15992, 10, 2026/07/20, 17:41:45.857, 374947318788, vstest.console.dll, TestRunRequest:SendTestRunStatsChange: Completed.
TpTrace Verbose: 0 : 15992, 4, 2026/07/20, 17:41:45.857, 374947319638, vstest.console.dll, MulticastDelegateUtilities.SafeInvoke: InternalTestLoggerEvents.SendTestResult: Invoking callback 1/1 for Microsoft.VisualStudio.TestPlatform.CommandLine.Internal.ConsoleLogger., took 0 ms.
TpTrace Verbose: 0 : 15992, 10, 2026/07/20, 17:41:45.857, 374947319732, vstest.console.dll, MulticastDelegateUtilities.SafeInvoke: LengthPrefixCommunicationChannel: MessageReceived: Invoking callback 1/1 for Microsoft.VisualStudio.TestPlatform.CommunicationUtilities.TestRequestSender+<>c__DisplayClass34_0., took 3 ms.
TpTrace Verbose: 0 : 15992, 4, 2026/07/20, 17:41:45.857, 374947320617, vstest.console.dll, MulticastDelegateUtilities.SafeInvoke: InternalTestLoggerEvents.SendTestResult: Invoking callback 1/1 for Microsoft.VisualStudio.TestPlatform.CommandLine.Internal.ConsoleLogger., took 0 ms.
TpTrace Verbose: 0 : 15992, 10, 2026/07/20, 17:41:45.857, 374947320782, vstest.console.dll, TcpClientExtensions.MessageLoopAsync: Polling on remoteEndPoint: 127.0.0.1:55740 localEndPoint: 127.0.0.1:55739 after 32 ms
TpTrace Verbose: 0 : 15992, 4, 2026/07/20, 17:41:45.857, 374947321457, vstest.console.dll, MulticastDelegateUtilities.SafeInvoke: InternalTestLoggerEvents.SendTestResult: Invoking callback 1/1 for Microsoft.VisualStudio.TestPlatform.CommandLine.Internal.ConsoleLogger., took 0 ms.
TpTrace Verbose: 0 : 15992, 4, 2026/07/20, 17:41:45.857, 374947322844, vstest.console.dll, MulticastDelegateUtilities.SafeInvoke: InternalTestLoggerEvents.SendTestResult: Invoking callback 1/1 for Microsoft.VisualStudio.TestPlatform.CommandLine.Internal.ConsoleLogger., took 0 ms.
TpTrace Verbose: 0 : 15992, 4, 2026/07/20, 17:41:45.857, 374947323707, vstest.console.dll, MulticastDelegateUtilities.SafeInvoke: InternalTestLoggerEvents.SendTestResult: Invoking callback 1/1 for Microsoft.VisualStudio.TestPlatform.CommandLine.Internal.ConsoleLogger., took 0 ms.
TpTrace Verbose: 0 : 15992, 4, 2026/07/20, 17:41:45.858, 374947324694, vstest.console.dll, MulticastDelegateUtilities.SafeInvoke: InternalTestLoggerEvents.SendTestResult: Invoking callback 1/1 for Microsoft.VisualStudio.TestPlatform.CommandLine.Internal.ConsoleLogger., took 0 ms.
TpTrace Verbose: 0 : 15992, 4, 2026/07/20, 17:41:45.858, 374947325431, vstest.console.dll, MulticastDelegateUtilities.SafeInvoke: InternalTestLoggerEvents.SendTestResult: Invoking callback 1/1 for Microsoft.VisualStudio.TestPlatform.CommandLine.Internal.ConsoleLogger., took 0 ms.
TpTrace Verbose: 0 : 15992, 4, 2026/07/20, 17:41:45.858, 374947326162, vstest.console.dll, MulticastDelegateUtilities.SafeInvoke: InternalTestLoggerEvents.SendTestResult: Invoking callback 1/1 for Microsoft.VisualStudio.TestPlatform.CommandLine.Internal.ConsoleLogger., took 0 ms.
TpTrace Verbose: 0 : 15992, 4, 2026/07/20, 17:41:45.858, 374947326847, vstest.console.dll, MulticastDelegateUtilities.SafeInvoke: InternalTestLoggerEvents.SendTestResult: Invoking callback 1/1 for Microsoft.VisualStudio.TestPlatform.CommandLine.Internal.ConsoleLogger., took 0 ms.
TpTrace Verbose: 0 : 15992, 10, 2026/07/20, 17:41:45.877, 374947514889, vstest.console.dll, TcpClientExtensions.MessageLoopAsync: NotifyDataAvailable remoteEndPoint: 127.0.0.1:55740 localEndPoint: 127.0.0.1:55739
TpTrace Verbose: 0 : 15992, 10, 2026/07/20, 17:41:45.877, 374947519244, vstest.console.dll, TestRequestSender.OnExecutionMessageReceived: Received message: {"Version":7,"MessageType":"TestExecution.StatsChange","Payload":{"NewTestResults":[{"TestCase":{"Id":"5614bb67-3f7e-7560-7e4a-42912ee37d18","FullyQualifiedName":"SharpMind.Tests.Data.BuiltInStageTests.MaxLengthFilter_PassesShortEnough","DisplayName":"SharpMind.Tests.Data.BuiltInStageTests.MaxLengthFilter_PassesShortEnough","ExecutorUri":"executor://xunit/VsTestRunner3/netcore/","Source":"C:\\Integral2u\\source\\repos\\SharpMind\\SharpMind.Tests\\bin\\Debug\\net10.0\\SharpMind.Tests.dll","CodeFilePath":null,"LineNumber":0,"Properties":[{"Key":{"Id":"TestCase.ManagedType","Label":"ManagedType","Category":"","Description":"","Attributes":1,"ValueType":"System.String"},"Value":"SharpMind.Tests.Data.BuiltInStageTests"},{"Key":{"Id":"XunitTestCaseUniqueID","Label":"xUnit.net Test Case Unique ID","Category":"","Description":"","Attributes":0,"ValueType":"System.String"},"Value":"35b25f28fe8732d220a06c74f7c42f0d784f472c"},{"Key":{"Id":"TestCase.ManagedMethod","Label":"ManagedMethod","Category":"","Description":"","Attributes":1,"ValueType":"System.String"},"Value":"MaxLengthFilter_PassesShortEnough"},{"Key":{"Id":"XunitTestCaseExplicit","Label":"xUnit.net Test Case Explicit Flag","Category":"","Description":"","Attributes":0,"ValueType":"System.Boolean"},"Value":false}]},"Attachments":[],"Outcome":1,"ErrorMessage":null,"ErrorStackTrace":null,"DisplayName":"SharpMind.Tests.Data.BuiltInStageTests.MaxLengthFilter_PassesShortEnough","Messages":[],"ComputerName":"LAPTOP-MKMTSO1B","Duration":"00:00:00.0006161","StartTime":"2026-07-20T05:41:45.8536616+00:00","EndTime":"2026-07-20T05:41:45.8538376+00:00","Properties":[]},{"TestCase":{"Id":"dec045c0-dc2b-b6f5-2723-5ddca9b8f354","FullyQualifiedName":"SharpMind.Tests.Data.BuiltInStageTests.NormaliseWhitespace_AllWhitespace_ReturnsNull","DisplayName":"SharpMind.Tests.Data.BuiltInStageTests.NormaliseWhitespace_AllWhitespace_ReturnsNull","ExecutorUri":"executor://xunit/VsTestRunner3/netcore/","Source":"C:\\Integral2u\\source\\repos\\SharpMind\\SharpMind.Tests\\bin\\Debug\\net10.0\\SharpMind.Tests.dll","CodeFilePath":null,"LineNumber":0,"Properties":[{"Key":{"Id":"TestCase.ManagedType","Label":"ManagedType","Category":"","Description":"","Attributes":1,"ValueType":"System.String"},"Value":"SharpMind.Tests.Data.BuiltInStageTests"},{"Key":{"Id":"XunitTestCaseUniqueID","Label":"xUnit.net Test Case Unique ID","Category":"","Description":"","Attributes":0,"ValueType":"System.String"},"Value":"3a4943e26ba3dc32e86caa82ebbea3b9efa55484"},{"Key":{"Id":"TestCase.ManagedMethod","Label":"ManagedMethod","Category":"","Description":"","Attributes":1,"ValueType":"System.String"},"Value":"NormaliseWhitespace_AllWhitespace_ReturnsNull"},{"Key":{"Id":"XunitTestCaseExplicit","Label":"xUnit.net Test Case Explicit Flag","Category":"","Description":"","Attributes":0,"ValueType":"System.Boolean"},"Value":false}]},"Attachments":[],"Outcome":1,"ErrorMessage":null,"ErrorStackTrace":null,"DisplayName":"SharpMind.Tests.Data.BuiltInStageTests.NormaliseWhitespace_AllWhitespace_ReturnsNull","Messages":[],"ComputerName":"LAPTOP-MKMTSO1B","Duration":"00:00:00.0002344","StartTime":"2026-07-20T05:41:45.85495+00:00","EndTime":"2026-07-20T05:41:45.8551359+00:00","Properties":[]},{"TestCase":{"Id":"4ed07dcd-d2f7-128a-84d0-7b678e88bcea","FullyQualifiedName":"SharpMind.Tests.Data.BuiltInStageTests.LowerCase_LowercasesAll","DisplayName":"SharpMind.Tests.Data.BuiltInStageTests.LowerCase_LowercasesAll","ExecutorUri":"executor://xunit/VsTestRunner3/netcore/","Source":"C:\\Integral2u\\source\\repos\\SharpMind\\SharpMind.Tests\\bin\\Debug\\net10.0\\SharpMind.Tests.dll","CodeFilePath":null,"LineNumber":0,"Properties":[{"Key":{"Id":"TestCase.ManagedType","Label":"ManagedType","Category":"","Description":"","Attributes":1,"ValueType":"System.String"},"Value":"SharpMind.Tests.Data.BuiltInStageTests"},{"Key":{"Id":"XunitTestCaseUniqueID","Label":"xUnit.net Test Case Unique ID","Category":"","Description":"","Attributes":0,"ValueType":"System.String"},"Value":"4aac6f5d95eb648badc0844a32042280a3e5e621"},{"Key":{"Id":"TestCase.ManagedMethod","Label":"ManagedMethod","Category":"","Description":"","Attributes":1,"ValueType":"System.String"},"Value":"LowerCase_LowercasesAll"},{"Key":{"Id":"XunitTestCaseExplicit","Label":"xUnit.net Test Case Explicit Flag","Category":"","Description":"","Attributes":0,"ValueType":"System.Boolean"},"Value":false}]},"Attachments":[],"Outcome":1,"ErrorMessage":null,"ErrorStackTrace":null,"DisplayName":"SharpMind.Tests.Data.BuiltInStageTests.LowerCase_LowercasesAll","Messages":[],"ComputerName":"LAPTOP-MKMTSO1B","Duration":"00:00:00.0002156","StartTime":"2026-07-20T05:41:45.8559643+00:00","EndTime":"2026-07-20T05:41:45.8561074+00:00","Properties":[]},{"TestCase":{"Id":"84808440-86f5-60e4-cb94-6572195458c8","FullyQualifiedName":"SharpMind.Tests.Data.BuiltInStageTests.DeduplicateFilter_WindowEvicts_AllowsRepeatAfterWindow","DisplayName":"SharpMind.Tests.Data.BuiltInStageTests.DeduplicateFilter_WindowEvicts_AllowsRepeatAfterWindow","ExecutorUri":"executor://xunit/VsTestRunner3/netcore/","Source":"C:\\Integral2u\\source\\repos\\SharpMind\\SharpMind.Tests\\bin\\Debug\\net10.0\\SharpMind.Tests.dll","CodeFilePath":null,"LineNumber":0,"Properties":[{"Key":{"Id":"TestCase.ManagedType","Label":"ManagedType","Category":"","Description":"","Attributes":1,"ValueType":"System.String"},"Value":"SharpMind.Tests.Data.BuiltInStageTests"},{"Key":{"Id":"XunitTestCaseUniqueID","Label":"xUnit.net Test Case Unique ID","Category":"","Description":"","Attributes":0,"ValueType":"System.String"},"Value":"4ab995d43b35792f96ffe2a4e224a99a3f5bb3bd"},{"Key":{"Id":"TestCase.ManagedMethod","Label":"ManagedMethod","Category":"","Description":"","Attributes":1,"ValueType":"System.String"},"Value":"DeduplicateFilter_WindowEvicts_AllowsRepeatAfterWindow"},{"Key":{"Id":"XunitTestCaseExplicit","Label":"xUnit.net Test Case Explicit Flag","Category":"","Description":"","Attributes":0,"ValueType":"System.Boolean"},"Value":false}]},"Attachments":[],"Outcome":1,"ErrorMessage":null,"ErrorStackTrace":null,"DisplayName":"SharpMind.Tests.Data.BuiltInStageTests.DeduplicateFilter_WindowEvicts_AllowsRepeatAfterWindow","Messages":[],"ComputerName":"LAPTOP-MKMTSO1B","Duration":"00:00:00.0014174","StartTime":"2026-07-20T05:41:45.856882+00:00","EndTime":"2026-07-20T05:41:45.8570505+00:00","Properties":[]},{"TestCase":{"Id":"69dbae44-0389-d8a3-4280-21dc1708c10c","FullyQualifiedName":"SharpMind.Tests.Data.BuiltInStageTests.NormaliseWhitespace_NormalisesNewlinesAndTabs","DisplayName":"SharpMind.Tests.Data.BuiltInStageTests.NormaliseWhitespace_NormalisesNewlinesAndTabs","ExecutorUri":"executor://xunit/VsTestRunner3/netcore/","Source":"C:\\Integral2u\\source\\repos\\SharpMind\\SharpMind.Tests\\bin\\Debug\\net10.0\\SharpMind.Tests.dll","CodeFilePath":null,"LineNumber":0,"Properties":[{"Key":{"Id":"TestCase.ManagedType","Label":"ManagedType","Category":"","Description":"","Attributes":1,"ValueType":"System.String"},"Value":"SharpMind.Tests.Data.BuiltInStageTests"},{"Key":{"Id":"XunitTestCaseUniqueID","Label":"xUnit.net Test Case Unique ID","Category":"","Description":"","Attributes":0,"ValueType":"System.String"},"Value":"72d460163d41d22852f33d4610ea90ca53741a11"},{"Key":{"Id":"TestCase.ManagedMethod","Label":"ManagedMethod","Category":"","Description":"","Attributes":1,"ValueType":"System.String"},"Value":"NormaliseWhitespace_NormalisesNewlinesAndTabs"},{"Key":{"Id":"XunitTestCaseExplicit","Label":"xUnit.net Test Case Explicit Flag","Category":"","Description":"","Attributes":0,"ValueType":"System.Boolean"},"Value":false}]},"Attachments":[],"Outcome":1,"ErrorMessage":null,"ErrorStackTrace":null,"DisplayName":"SharpMind.Tests.Data.BuiltInStageTests.NormaliseWhitespace_NormalisesNewlinesAndTabs","Messages":[],"ComputerName":"LAPTOP-MKMTSO1B","Duration":"00:00:00.0019833","StartTime":"2026-07-20T05:41:45.861174+00:00","EndTime":"2026-07-20T05:41:45.8613221+00:00","Properties":[]},{"TestCase":{"Id":"20f2f444-eef0-0bcd-54dd-0e4dff758eb2","FullyQualifiedName":"SharpMind.Tests.Data.BuiltInStageTests.RegexFilter_DiscardsMatching","DisplayName":"SharpMind.Tests.Data.BuiltInStageTests.RegexFilter_DiscardsMatching","ExecutorUri":"executor://xunit/VsTestRunner3/netcore/","Source":"C:\\Integral2u\\source\\repos\\SharpMind\\SharpMind.Tests\\bin\\Debug\\net10.0\\SharpMind.Tests.dll","CodeFilePath":null,"LineNumber":0,"Properties":[{"Key":{"Id":"TestCase.ManagedType","Label":"ManagedType","Category":"","Description":"","Attributes":1,"ValueType":"System.String"},"Value":"SharpMind.Tests.Data.BuiltInStageTests"},{"Key":{"Id":"XunitTestCaseUniqueID","Label":"xUnit.net Test Case Unique ID","Category":"","Description":"","Attributes":0,"ValueType":"System.String"},"Value":"731f8aed26004c6d722ca842ac5c3b2b74c62c7e"},{"Key":{"Id":"TestCase.ManagedMethod","Label":"ManagedMethod","Category":"","Description":"","Attributes":1,"ValueType":"System.String"},"Value":"RegexFilter_DiscardsMatching"},{"Key":{"Id":"XunitTestCaseExplicit","Label":"xUnit.net Test Case Explicit Flag","Category":"","Description":"","Attributes":0,"ValueType":"System.Boolean"},"Value":false}]},"Attachments":[],"Outcome":1,"ErrorMessage":null,"ErrorStackTrace":null,"DisplayName":"SharpMind.Tests.Data.BuiltInStageTests.RegexFilter_DiscardsMatching","Messages":[],"ComputerName":"LAPTOP-MKMTSO1B","Duration":"00:00:00.0088570","StartTime":"2026-07-20T05:41:45.8625041+00:00","EndTime":"2026-07-20T05:41:45.8627265+00:00","Properties":[]},{"TestCase":{"Id":"73bbc73c-17ee-9c0b-0e4d-bca037824d1c","FullyQualifiedName":"SharpMind.Tests.Data.BuiltInStageTests.RegexKeepFilter_KeepsOnlyMatching","DisplayName":"SharpMind.Tests.Data.BuiltInStageTests.RegexKeepFilter_KeepsOnlyMatching","ExecutorUri":"executor://xunit/VsTestRunner3/netcore/","Source":"C:\\Integral2u\\source\\repos\\SharpMind\\SharpMind.Tests\\bin\\Debug\\net10.0\\SharpMind.Tests.dll","CodeFilePath":null,"LineNumber":0,"Properties":[{"Key":{"Id":"TestCase.ManagedType","Label":"ManagedType","Category":"","Description":"","Attributes":1,"ValueType":"System.String"},"Value":"SharpMind.Tests.Data.BuiltInStageTests"},{"Key":{"Id":"XunitTestCaseUniqueID","Label":"xUnit.net Test Case Unique ID","Category":"","Description":"","Attributes":0,"ValueType":"System.String"},"Value":"8a3af269e653afde02e26d7cbecfa26e149a59cd"},{"Key":{"Id":"TestCase.ManagedMethod","Label":"ManagedMethod","Category":"","Description":"","Attributes":1,"ValueType":"System.String"},"Value":"RegexKeepFilter_KeepsOnlyMatching"},{"Key":{"Id":"XunitTestCaseExplicit","Label":"xUnit.net Test Case Explicit Flag","Category":"","Description":"","Attributes":0,"ValueType":"System.Boolean"},"Value":false}]},"Attachments":[],"Outcome":1,"ErrorMessage":null,"ErrorStackTrace":null,"DisplayName":"SharpMind.Tests.Data.BuiltInStageTests.RegexKeepFilter_KeepsOnlyMatching","Messages":[],"ComputerName":"LAPTOP-MKMTSO1B","Duration":"00:00:00.0032994","StartTime":"2026-07-20T05:41:45.8637864+00:00","EndTime":"2026-07-20T05:41:45.8713989+00:00","Properties":[]},{"TestCase":{"Id":"10de384e-2881-685d-ab12-f01563337f06","FullyQualifiedName":"SharpMind.Tests.Data.CompositeSourceTests.RoundRobin_InterleavesSources","DisplayName":"SharpMind.Tests.Data.CompositeSourceTests.RoundRobin_InterleavesSources","ExecutorUri":"executor://xunit/VsTestRunner3/netcore/","Source":"C:\\Integral2u\\source\\repos\\SharpMind\\SharpMind.Tests\\bin\\Debug\\net10.0\\SharpMind.Tests.dll","CodeFilePath":null,"LineNumber":0,"Properties":[{"Key":{"Id":"TestCase.ManagedType","Label":"ManagedType","Category":"","Description":"","Attributes":1,"ValueType":"System.String"},"Value":"SharpMind.Tests.Data.CompositeSourceTests"},{"Key":{"Id":"XunitTestCaseUniqueID","Label":"xUnit.net Test Case Unique ID","Category":"","Description":"","Attributes":0,"ValueType":"System.String"},"Value":"154bd5fa18bc40df6ebfee35e84dd8600acf6d6b"},{"Key":{"Id":"TestCase.ManagedMethod","Label":"ManagedMethod","Category":"","Description":"","Attributes":1,"ValueType":"System.String"},"Value":"RoundRobin_InterleavesSources"},{"Key":{"Id":"XunitTestCaseExplicit","Label":"xUnit.net Test Case Explicit Flag","Category":"","Description":"","Attributes":0,"ValueType":"System.Boolean"},"Value":false}]},"Attachments":[],"Outcome":1,"ErrorMessage":null,"ErrorStackTrace":null,"DisplayName":"SharpMind.Tests.Data.CompositeSourceTests.RoundRobin_InterleavesSources","Messages":[],"ComputerName":"LAPTOP-MKMTSO1B","Duration":"00:00:00.1690251","StartTime":"2026-07-20T05:41:45.6765966+00:00","EndTime":"2026-07-20T05:41:45.8727189+00:00","Properties":[]}],"TestRunStatistics":{"ExecutedTests":87,"Stats":{"Passed":87}},"ActiveTests":[{"Id":"95b19260-c097-7761-8459-8862d9c68255","FullyQualifiedName":"SharpMind.Tests.Data.BuiltInStageTests.NormaliseWhitespace_CollapsesRuns","DisplayName":"SharpMind.Tests.Data.BuiltInStageTests.NormaliseWhitespace_CollapsesRuns","ExecutorUri":"executor://xunit/VsTestRunner3/netcore/","Source":"C:\\Integral2u\\source\\repos\\SharpMind\\SharpMind.Tests\\bin\\Debug\\net10.0\\SharpMind.Tests.dll","CodeFilePath":null,"LineNumber":0,"Properties":[{"Key":{"Id":"TestCase.ManagedType","Label":"ManagedType","Category":"","Description":"","Attributes":1,"ValueType":"System.String"},"Value":"SharpMind.Tests.Data.BuiltInStageTests"},{"Key":{"Id":"XunitTestCaseUniqueID","Label":"xUnit.net Test Case Unique ID","Category":"","Description":"","Attributes":0,"ValueType":"System.String"},"Value":"9cf01496017f65b6c9ea7f615fcf951cdfbc6328"},{"Key":{"Id":"TestCase.ManagedMethod","Label":"ManagedMethod","Category":"","Description":"","Attributes":1,"ValueType":"System.String"},"Value":"NormaliseWhitespace_CollapsesRuns"},{"Key":{"Id":"XunitTestCaseExplicit","Label":"xUnit.net Test Case Explicit Flag","Category":"","Description":"","Attributes":0,"ValueType":"System.Boolean"},"Value":false}]},{"Id":"dd484f9d-eac6-54be-76a0-b148e81983bf","FullyQualifiedName":"SharpMind.Tests.Data.CompositeSourceTests.EstimatedCount_SumsWhenAllKnown","DisplayName":"SharpMind.Tests.Data.CompositeSourceTests.EstimatedCount_SumsWhenAllKnown","ExecutorUri":"executor://xunit/VsTestRunner3/netcore/","Source":"C:\\Integral2u\\source\\repos\\SharpMind\\SharpMind.Tests\\bin\\Debug\\net10.0\\SharpMind.Tests.dll","CodeFilePath":null,"LineNumber":0,"Properties":[{"Key":{"Id":"TestCase.ManagedType","Label":"ManagedType","Category":"","Description":"","Attributes":1,"ValueType":"System.String"},"Value":"SharpMind.Tests.Data.CompositeSourceTests"},{"Key":{"Id":"XunitTestCaseUniqueID","Label":"xUnit.net Test Case Unique ID","Category":"","Description":"","Attributes":0,"ValueType":"System.String"},"Value":"53f04d38c37c40ddb4328930d2b6378d4f7c8fc5"},{"Key":{"Id":"TestCase.ManagedMethod","Label":"ManagedMethod","Category":"","Description":"","Attributes":1,"ValueType":"System.String"},"Value":"EstimatedCount_SumsWhenAllKnown"},{"Key":{"Id":"XunitTestCaseExplicit","Label":"xUnit.net Test Case Explicit Flag","Category":"","Description":"","Attributes":0,"ValueType":"System.Boolean"},"Value":false}]}]}}
TpTrace Verbose: 0 : 15992, 10, 2026/07/20, 17:41:45.880, 374947552924, vstest.console.dll, TestRunRequest:SendTestRunStatsChange: Starting.
TpTrace Verbose: 0 : 15992, 10, 2026/07/20, 17:41:45.881, 374947554535, vstest.console.dll, InProgress is SharpMind.Tests.Data.BuiltInStageTests.NormaliseWhitespace_CollapsesRuns
TpTrace Verbose: 0 : 15992, 10, 2026/07/20, 17:41:45.881, 374947555316, vstest.console.dll, InProgress is SharpMind.Tests.Data.CompositeSourceTests.EstimatedCount_SumsWhenAllKnown
TpTrace Verbose: 0 : 15992, 10, 2026/07/20, 17:41:45.881, 374947556160, vstest.console.dll, MulticastDelegateUtilities.SafeInvoke: TestRun.RunStatsChanged: Invoking callbacks was skipped because there are no subscribers.
TpTrace Information: 0 : 15992, 10, 2026/07/20, 17:41:45.881, 374947556685, vstest.console.dll, TestRunRequest:SendTestRunStatsChange: Completed.
TpTrace Verbose: 0 : 15992, 10, 2026/07/20, 17:41:45.881, 374947557200, vstest.console.dll, MulticastDelegateUtilities.SafeInvoke: LengthPrefixCommunicationChannel: MessageReceived: Invoking callback 1/1 for Microsoft.VisualStudio.TestPlatform.CommunicationUtilities.TestRequestSender+<>c__DisplayClass34_0., took 3 ms.
TpTrace Verbose: 0 : 15992, 10, 2026/07/20, 17:41:45.881, 374947557836, vstest.console.dll, TcpClientExtensions.MessageLoopAsync: Polling on remoteEndPoint: 127.0.0.1:55740 localEndPoint: 127.0.0.1:55739 after 23 ms
TpTrace Verbose: 0 : 15992, 4, 2026/07/20, 17:41:45.896, 374947711671, vstest.console.dll, MulticastDelegateUtilities.SafeInvoke: InternalTestLoggerEvents.SendTestResult: Invoking callback 1/1 for Microsoft.VisualStudio.TestPlatform.CommandLine.Internal.ConsoleLogger., took 0 ms.
TpTrace Verbose: 0 : 15992, 4, 2026/07/20, 17:41:45.900, 374947751143, vstest.console.dll, MulticastDelegateUtilities.SafeInvoke: InternalTestLoggerEvents.SendTestResult: Invoking callback 1/1 for Microsoft.VisualStudio.TestPlatform.CommandLine.Internal.ConsoleLogger., took 0 ms.
TpTrace Verbose: 0 : 15992, 4, 2026/07/20, 17:41:45.901, 374947758247, vstest.console.dll, MulticastDelegateUtilities.SafeInvoke: InternalTestLoggerEvents.SendTestResult: Invoking callback 1/1 for Microsoft.VisualStudio.TestPlatform.CommandLine.Internal.ConsoleLogger., took 0 ms.
TpTrace Verbose: 0 : 15992, 4, 2026/07/20, 17:41:45.901, 374947760074, vstest.console.dll, MulticastDelegateUtilities.SafeInvoke: InternalTestLoggerEvents.SendTestResult: Invoking callback 1/1 for Microsoft.VisualStudio.TestPlatform.CommandLine.Internal.ConsoleLogger., took 0 ms.
TpTrace Verbose: 0 : 15992, 4, 2026/07/20, 17:41:45.901, 374947760896, vstest.console.dll, MulticastDelegateUtilities.SafeInvoke: InternalTestLoggerEvents.SendTestResult: Invoking callback 1/1 for Microsoft.VisualStudio.TestPlatform.CommandLine.Internal.ConsoleLogger., took 0 ms.
TpTrace Verbose: 0 : 15992, 4, 2026/07/20, 17:41:45.902, 374947764906, vstest.console.dll, MulticastDelegateUtilities.SafeInvoke: InternalTestLoggerEvents.SendTestResult: Invoking callback 1/1 for Microsoft.VisualStudio.TestPlatform.CommandLine.Internal.ConsoleLogger., took 0 ms.
TpTrace Verbose: 0 : 15992, 4, 2026/07/20, 17:41:45.902, 374947765860, vstest.console.dll, MulticastDelegateUtilities.SafeInvoke: InternalTestLoggerEvents.SendTestResult: Invoking callback 1/1 for Microsoft.VisualStudio.TestPlatform.CommandLine.Internal.ConsoleLogger., took 0 ms.
TpTrace Verbose: 0 : 15992, 4, 2026/07/20, 17:41:45.902, 374947766737, vstest.console.dll, MulticastDelegateUtilities.SafeInvoke: InternalTestLoggerEvents.SendTestResult: Invoking callback 1/1 for Microsoft.VisualStudio.TestPlatform.CommandLine.Internal.ConsoleLogger., took 0 ms.
TpTrace Verbose: 0 : 15992, 10, 2026/07/20, 17:41:45.923, 374947975401, vstest.console.dll, TcpClientExtensions.MessageLoopAsync: NotifyDataAvailable remoteEndPoint: 127.0.0.1:55740 localEndPoint: 127.0.0.1:55739
TpTrace Verbose: 0 : 15992, 10, 2026/07/20, 17:41:45.923, 374947979317, vstest.console.dll, TestRequestSender.OnExecutionMessageReceived: Received message: {"Version":7,"MessageType":"TestExecution.StatsChange","Payload":{"NewTestResults":[{"TestCase":{"Id":"95b19260-c097-7761-8459-8862d9c68255","FullyQualifiedName":"SharpMind.Tests.Data.BuiltInStageTests.NormaliseWhitespace_CollapsesRuns","DisplayName":"SharpMind.Tests.Data.BuiltInStageTests.NormaliseWhitespace_CollapsesRuns","ExecutorUri":"executor://xunit/VsTestRunner3/netcore/","Source":"C:\\Integral2u\\source\\repos\\SharpMind\\SharpMind.Tests\\bin\\Debug\\net10.0\\SharpMind.Tests.dll","CodeFilePath":null,"LineNumber":0,"Properties":[{"Key":{"Id":"TestCase.ManagedType","Label":"ManagedType","Category":"","Description":"","Attributes":1,"ValueType":"System.String"},"Value":"SharpMind.Tests.Data.BuiltInStageTests"},{"Key":{"Id":"XunitTestCaseUniqueID","Label":"xUnit.net Test Case Unique ID","Category":"","Description":"","Attributes":0,"ValueType":"System.String"},"Value":"9cf01496017f65b6c9ea7f615fcf951cdfbc6328"},{"Key":{"Id":"TestCase.ManagedMethod","Label":"ManagedMethod","Category":"","Description":"","Attributes":1,"ValueType":"System.String"},"Value":"NormaliseWhitespace_CollapsesRuns"},{"Key":{"Id":"XunitTestCaseExplicit","Label":"xUnit.net Test Case Explicit Flag","Category":"","Description":"","Attributes":0,"ValueType":"System.Boolean"},"Value":false}]},"Attachments":[],"Outcome":1,"ErrorMessage":null,"ErrorStackTrace":null,"DisplayName":"SharpMind.Tests.Data.BuiltInStageTests.NormaliseWhitespace_CollapsesRuns","Messages":[],"ComputerName":"LAPTOP-MKMTSO1B","Duration":"00:00:00.0002895","StartTime":"2026-07-20T05:41:45.8724786+00:00","EndTime":"2026-07-20T05:41:45.8793192+00:00","Properties":[]},{"TestCase":{"Id":"0c880b39-4192-0e65-b65a-a3f181eeab9f","FullyQualifiedName":"SharpMind.Tests.Data.BuiltInStageTests.MinLengthFilter_PassesLongEnough","DisplayName":"SharpMind.Tests.Data.BuiltInStageTests.MinLengthFilter_PassesLongEnough","ExecutorUri":"executor://xunit/VsTestRunner3/netcore/","Source":"C:\\Integral2u\\source\\repos\\SharpMind\\SharpMind.Tests\\bin\\Debug\\net10.0\\SharpMind.Tests.dll","CodeFilePath":null,"LineNumber":0,"Properties":[{"Key":{"Id":"TestCase.ManagedType","Label":"ManagedType","Category":"","Description":"","Attributes":1,"ValueType":"System.String"},"Value":"SharpMind.Tests.Data.BuiltInStageTests"},{"Key":{"Id":"XunitTestCaseUniqueID","Label":"xUnit.net Test Case Unique ID","Category":"","Description":"","Attributes":0,"ValueType":"System.String"},"Value":"9d3efa79f814ae2492eb32c572648c96f50b65fa"},{"Key":{"Id":"TestCase.ManagedMethod","Label":"ManagedMethod","Category":"","Description":"","Attributes":1,"ValueType":"System.String"},"Value":"MinLengthFilter_PassesLongEnough"},{"Key":{"Id":"XunitTestCaseExplicit","Label":"xUnit.net Test Case Explicit Flag","Category":"","Description":"","Attributes":0,"ValueType":"System.Boolean"},"Value":false}]},"Attachments":[],"Outcome":1,"ErrorMessage":null,"ErrorStackTrace":null,"DisplayName":"SharpMind.Tests.Data.BuiltInStageTests.MinLengthFilter_PassesLongEnough","Messages":[],"ComputerName":"LAPTOP-MKMTSO1B","Duration":"00:00:00.0005480","StartTime":"2026-07-20T05:41:45.8802494+00:00","EndTime":"2026-07-20T05:41:45.8803825+00:00","Properties":[]},{"TestCase":{"Id":"9e4d64f6-d9cd-7c8d-a65e-3404b1d18e65","FullyQualifiedName":"SharpMind.Tests.Data.BuiltInStageTests.MaxLengthFilter_DiscardsLong","DisplayName":"SharpMind.Tests.Data.BuiltInStageTests.MaxLengthFilter_DiscardsLong","ExecutorUri":"executor://xunit/VsTestRunner3/netcore/","Source":"C:\\Integral2u\\source\\repos\\SharpMind\\SharpMind.Tests\\bin\\Debug\\net10.0\\SharpMind.Tests.dll","CodeFilePath":null,"LineNumber":0,"Properties":[{"Key":{"Id":"TestCase.ManagedType","Label":"ManagedType","Category":"","Description":"","Attributes":1,"ValueType":"System.String"},"Value":"SharpMind.Tests.Data.BuiltInStageTests"},{"Key":{"Id":"XunitTestCaseUniqueID","Label":"xUnit.net Test Case Unique ID","Category":"","Description":"","Attributes":0,"ValueType":"System.String"},"Value":"a2e2deedea8aff3efb96725200b6e470baecc64d"},{"Key":{"Id":"TestCase.ManagedMethod","Label":"ManagedMethod","Category":"","Description":"","Attributes":1,"ValueType":"System.String"},"Value":"MaxLengthFilter_DiscardsLong"},{"Key":{"Id":"XunitTestCaseExplicit","Label":"xUnit.net Test Case Explicit Flag","Category":"","Description":"","Attributes":0,"ValueType":"System.Boolean"},"Value":false}]},"Attachments":[],"Outcome":1,"ErrorMessage":null,"ErrorStackTrace":null,"DisplayName":"SharpMind.Tests.Data.BuiltInStageTests.MaxLengthFilter_DiscardsLong","Messages":[],"ComputerName":"LAPTOP-MKMTSO1B","Duration":"00:00:00.0001918","StartTime":"2026-07-20T05:41:45.8813183+00:00","EndTime":"2026-07-20T05:41:45.8814711+00:00","Properties":[]},{"TestCase":{"Id":"4fdd8bce-90cb-78a1-3f81-81dfa53b490f","FullyQualifiedName":"SharpMind.Tests.Data.BuiltInStageTests.DeduplicateFilter_DropsDuplicates","DisplayName":"SharpMind.Tests.Data.BuiltInStageTests.DeduplicateFilter_DropsDuplicates","ExecutorUri":"executor://xunit/VsTestRunner3/netcore/","Source":"C:\\Integral2u\\source\\repos\\SharpMind\\SharpMind.Tests\\bin\\Debug\\net10.0\\SharpMind.Tests.dll","CodeFilePath":null,"LineNumber":0,"Properties":[{"Key":{"Id":"TestCase.ManagedType","Label":"ManagedType","Category":"","Description":"","Attributes":1,"ValueType":"System.String"},"Value":"SharpMind.Tests.Data.BuiltInStageTests"},{"Key":{"Id":"XunitTestCaseUniqueID","Label":"xUnit.net Test Case Unique ID","Category":"","Description":"","Attributes":0,"ValueType":"System.String"},"Value":"b61e820814451afa3902887ab0809bf33075c2e4"},{"Key":{"Id":"TestCase.ManagedMethod","Label":"ManagedMethod","Category":"","Description":"","Attributes":1,"ValueType":"System.String"},"Value":"DeduplicateFilter_DropsDuplicates"},{"Key":{"Id":"XunitTestCaseExplicit","Label":"xUnit.net Test Case Explicit Flag","Category":"","Description":"","Attributes":0,"ValueType":"System.Boolean"},"Value":false}]},"Attachments":[],"Outcome":1,"ErrorMessage":null,"ErrorStackTrace":null,"DisplayName":"SharpMind.Tests.Data.BuiltInStageTests.DeduplicateFilter_DropsDuplicates","Messages":[],"ComputerName":"LAPTOP-MKMTSO1B","Duration":"00:00:00.0002471","StartTime":"2026-07-20T05:41:45.8822291+00:00","EndTime":"2026-07-20T05:41:45.8823551+00:00","Properties":[]},{"TestCase":{"Id":"cf8e7f1a-757a-5394-2373-283f782a32dd","FullyQualifiedName":"SharpMind.Tests.Data.BuiltInStageTests.MinLengthFilter_DiscardsShort","DisplayName":"SharpMind.Tests.Data.BuiltInStageTests.MinLengthFilter_DiscardsShort","ExecutorUri":"executor://xunit/VsTestRunner3/netcore/","Source":"C:\\Integral2u\\source\\repos\\SharpMind\\SharpMind.Tests\\bin\\Debug\\net10.0\\SharpMind.Tests.dll","CodeFilePath":null,"LineNumber":0,"Properties":[{"Key":{"Id":"TestCase.ManagedType","Label":"ManagedType","Category":"","Description":"","Attributes":1,"ValueType":"System.String"},"Value":"SharpMind.Tests.Data.BuiltInStageTests"},{"Key":{"Id":"XunitTestCaseUniqueID","Label":"xUnit.net Test Case Unique ID","Category":"","Description":"","Attributes":0,"ValueType":"System.String"},"Value":"dc78b4c16c708732f2c5bc91918f68aae848e767"},{"Key":{"Id":"TestCase.ManagedMethod","Label":"ManagedMethod","Category":"","Description":"","Attributes":1,"ValueType":"System.String"},"Value":"MinLengthFilter_DiscardsShort"},{"Key":{"Id":"XunitTestCaseExplicit","Label":"xUnit.net Test Case Explicit Flag","Category":"","Description":"","Attributes":0,"ValueType":"System.Boolean"},"Value":false}]},"Attachments":[],"Outcome":1,"ErrorMessage":null,"ErrorStackTrace":null,"DisplayName":"SharpMind.Tests.Data.BuiltInStageTests.MinLengthFilter_DiscardsShort","Messages":[],"ComputerName":"LAPTOP-MKMTSO1B","Duration":"00:00:00.0002451","StartTime":"2026-07-20T05:41:45.88322+00:00","EndTime":"2026-07-20T05:41:45.8952752+00:00","Properties":[]},{"TestCase":{"Id":"d354bda7-095c-dc41-e6c0-6b79b54f0560","FullyQualifiedName":"SharpMind.Tests.Data.BuiltInStageTests.StripHtml_RemovesTags","DisplayName":"SharpMind.Tests.Data.BuiltInStageTests.StripHtml_RemovesTags","ExecutorUri":"executor://xunit/VsTestRunner3/netcore/","Source":"C:\\Integral2u\\source\\repos\\SharpMind\\SharpMind.Tests\\bin\\Debug\\net10.0\\SharpMind.Tests.dll","CodeFilePath":null,"LineNumber":0,"Properties":[{"Key":{"Id":"TestCase.ManagedType","Label":"ManagedType","Category":"","Description":"","Attributes":1,"ValueType":"System.String"},"Value":"SharpMind.Tests.Data.BuiltInStageTests"},{"Key":{"Id":"XunitTestCaseUniqueID","Label":"xUnit.net Test Case Unique ID","Category":"","Description":"","Attributes":0,"ValueType":"System.String"},"Value":"f03e616fc4a71d3e170796cef245f41d995da31c"},{"Key":{"Id":"TestCase.ManagedMethod","Label":"ManagedMethod","Category":"","Description":"","Attributes":1,"ValueType":"System.String"},"Value":"StripHtml_RemovesTags"},{"Key":{"Id":"XunitTestCaseExplicit","Label":"xUnit.net Test Case Explicit Flag","Category":"","Description":"","Attributes":0,"ValueType":"System.Boolean"},"Value":false}]},"Attachments":[],"Outcome":1,"ErrorMessage":null,"ErrorStackTrace":null,"DisplayName":"SharpMind.Tests.Data.BuiltInStageTests.StripHtml_RemovesTags","Messages":[],"ComputerName":"LAPTOP-MKMTSO1B","Duration":"00:00:00.0022578","StartTime":"2026-07-20T05:41:45.8964434+00:00","EndTime":"2026-07-20T05:41:45.8966322+00:00","Properties":[]},{"TestCase":{"Id":"8a4286e3-526e-08e4-be7a-6aa74afd99a6","FullyQualifiedName":"SharpMind.Tests.Data.SafetyStageTests.Pii_AllTypes_MasksEverything","DisplayName":"SharpMind.Tests.Data.SafetyStageTests.Pii_AllTypes_MasksEverything","ExecutorUri":"executor://xunit/VsTestRunner3/netcore/","Source":"C:\\Integral2u\\source\\repos\\SharpMind\\SharpMind.Tests\\bin\\Debug\\net10.0\\SharpMind.Tests.dll","CodeFilePath":null,"LineNumber":0,"Properties":[{"Key":{"Id":"TestCase.ManagedType","Label":"ManagedType","Category":"","Description":"","Attributes":1,"ValueType":"System.String"},"Value":"SharpMind.Tests.Data.SafetyStageTests"},{"Key":{"Id":"XunitTestCaseUniqueID","Label":"xUnit.net Test Case Unique ID","Category":"","Description":"","Attributes":0,"ValueType":"System.String"},"Value":"32e9af03b2d9070e68b960bfd9779f082a3a8db3"},{"Key":{"Id":"TestCase.ManagedMethod","Label":"ManagedMethod","Category":"","Description":"","Attributes":1,"ValueType":"System.String"},"Value":"Pii_AllTypes_MasksEverything"},{"Key":{"Id":"XunitTestCaseExplicit","Label":"xUnit.net Test Case Explicit Flag","Category":"","Description":"","Attributes":0,"ValueType":"System.Boolean"},"Value":false}]},"Attachments":[],"Outcome":1,"ErrorMessage":null,"ErrorStackTrace":null,"DisplayName":"SharpMind.Tests.Data.SafetyStageTests.Pii_AllTypes_MasksEverything","Messages":[],"ComputerName":"LAPTOP-MKMTSO1B","Duration":"00:00:00.0725632","StartTime":"2026-07-20T05:41:45.8055533+00:00","EndTime":"2026-07-20T05:41:45.917806+00:00","Properties":[]},{"TestCase":{"Id":"dd484f9d-eac6-54be-76a0-b148e81983bf","FullyQualifiedName":"SharpMind.Tests.Data.CompositeSourceTests.EstimatedCount_SumsWhenAllKnown","DisplayName":"SharpMind.Tests.Data.CompositeSourceTests.EstimatedCount_SumsWhenAllKnown","ExecutorUri":"executor://xunit/VsTestRunner3/netcore/","Source":"C:\\Integral2u\\source\\repos\\SharpMind\\SharpMind.Tests\\bin\\Debug\\net10.0\\SharpMind.Tests.dll","CodeFilePath":null,"LineNumber":0,"Properties":[{"Key":{"Id":"TestCase.ManagedType","Label":"ManagedType","Category":"","Description":"","Attributes":1,"ValueType":"System.String"},"Value":"SharpMind.Tests.Data.CompositeSourceTests"},{"Key":{"Id":"XunitTestCaseUniqueID","Label":"xUnit.net Test Case Unique ID","Category":"","Description":"","Attributes":0,"ValueType":"System.String"},"Value":"53f04d38c37c40ddb4328930d2b6378d4f7c8fc5"},{"Key":{"Id":"TestCase.ManagedMethod","Label":"ManagedMethod","Category":"","Description":"","Attributes":1,"ValueType":"System.String"},"Value":"EstimatedCount_SumsWhenAllKnown"},{"Key":{"Id":"XunitTestCaseExplicit","Label":"xUnit.net Test Case Explicit Flag","Category":"","Description":"","Attributes":0,"ValueType":"System.Boolean"},"Value":false}]},"Attachments":[],"Outcome":1,"ErrorMessage":null,"ErrorStackTrace":null,"DisplayName":"SharpMind.Tests.Data.CompositeSourceTests.EstimatedCount_SumsWhenAllKnown","Messages":[],"ComputerName":"LAPTOP-MKMTSO1B","Duration":"00:00:00.0160510","StartTime":"2026-07-20T05:41:45.8791966+00:00","EndTime":"2026-07-20T05:41:45.9192919+00:00","Properties":[]}],"TestRunStatistics":{"ExecutedTests":95,"Stats":{"Passed":95}},"ActiveTests":[{"Id":"0c7dd9b8-0e79-6ae2-590a-f6672b19386c","FullyQualifiedName":"SharpMind.Tests.Chat.JinjaTemplateFormatterTests.Eval_Namespace_MutationAcrossScope","DisplayName":"SharpMind.Tests.Chat.JinjaTemplateFormatterTests.Eval_Namespace_MutationAcrossScope","ExecutorUri":"executor://xunit/VsTestRunner3/netcore/","Source":"C:\\Integral2u\\source\\repos\\SharpMind\\SharpMind.Tests\\bin\\Debug\\net10.0\\SharpMind.Tests.dll","CodeFilePath":null,"LineNumber":0,"Properties":[{"Key":{"Id":"TestCase.ManagedType","Label":"ManagedType","Category":"","Description":"","Attributes":1,"ValueType":"System.String"},"Value":"SharpMind.Tests.Chat.JinjaTemplateFormatterTests"},{"Key":{"Id":"XunitTestCaseUniqueID","Label":"xUnit.net Test Case Unique ID","Category":"","Description":"","Attributes":0,"ValueType":"System.String"},"Value":"12dfcc0440b78ddd363951cda0ac2762201c0c49"},{"Key":{"Id":"TestCase.ManagedMethod","Label":"ManagedMethod","Category":"","Description":"","Attributes":1,"ValueType":"System.String"},"Value":"Eval_Namespace_MutationAcrossScope"},{"Key":{"Id":"XunitTestCaseExplicit","Label":"xUnit.net Test Case Explicit Flag","Category":"","Description":"","Attributes":0,"ValueType":"System.Boolean"},"Value":false}]},{"Id":"21d1de5f-0147-b952-01a6-769643bbd079","FullyQualifiedName":"SharpMind.Tests.Data.SafetyStageTests.Hap_Discard_RemovesDocumentWithHapContent","DisplayName":"SharpMind.Tests.Data.SafetyStageTests.Hap_Discard_RemovesDocumentWithHapContent","ExecutorUri":"executor://xunit/VsTestRunner3/netcore/","Source":"C:\\Integral2u\\source\\repos\\SharpMind\\SharpMind.Tests\\bin\\Debug\\net10.0\\SharpMind.Tests.dll","CodeFilePath":null,"LineNumber":0,"Properties":[{"Key":{"Id":"TestCase.ManagedType","Label":"ManagedType","Category":"","Description":"","Attributes":1,"ValueType":"System.String"},"Value":"SharpMind.Tests.Data.SafetyStageTests"},{"Key":{"Id":"XunitTestCaseUniqueID","Label":"xUnit.net Test Case Unique ID","Category":"","Description":"","Attributes":0,"ValueType":"System.String"},"Value":"333d3d4b1bf07b6d99b1e6a95378126b74221b54"},{"Key":{"Id":"TestCase.ManagedMethod","Label":"ManagedMethod","Category":"","Description":"","Attributes":1,"ValueType":"System.String"},"Value":"Hap_Discard_RemovesDocumentWithHapContent"},{"Key":{"Id":"XunitTestCaseExplicit","Label":"xUnit.net Test Case Explicit Flag","Category":"","Description":"","Attributes":0,"ValueType":"System.Boolean"},"Value":false}]}]}}
TpTrace Verbose: 0 : 15992, 10, 2026/07/20, 17:41:45.927, 374948016290, vstest.console.dll, TestRunRequest:SendTestRunStatsChange: Starting.
TpTrace Verbose: 0 : 15992, 10, 2026/07/20, 17:41:45.927, 374948017598, vstest.console.dll, InProgress is SharpMind.Tests.Chat.JinjaTemplateFormatterTests.Eval_Namespace_MutationAcrossScope
TpTrace Verbose: 0 : 15992, 10, 2026/07/20, 17:41:45.927, 374948018220, vstest.console.dll, InProgress is SharpMind.Tests.Data.SafetyStageTests.Hap_Discard_RemovesDocumentWithHapContent
TpTrace Verbose: 0 : 15992, 10, 2026/07/20, 17:41:45.927, 374948018984, vstest.console.dll, MulticastDelegateUtilities.SafeInvoke: TestRun.RunStatsChanged: Invoking callbacks was skipped because there are no subscribers.
TpTrace Information: 0 : 15992, 10, 2026/07/20, 17:41:45.927, 374948019986, vstest.console.dll, TestRunRequest:SendTestRunStatsChange: Completed.
TpTrace Verbose: 0 : 15992, 10, 2026/07/20, 17:41:45.927, 374948020578, vstest.console.dll, MulticastDelegateUtilities.SafeInvoke: LengthPrefixCommunicationChannel: MessageReceived: Invoking callback 1/1 for Microsoft.VisualStudio.TestPlatform.CommunicationUtilities.TestRequestSender+<>c__DisplayClass34_0., took 4 ms.
TpTrace Verbose: 0 : 15992, 10, 2026/07/20, 17:41:45.927, 374948021192, vstest.console.dll, TcpClientExtensions.MessageLoopAsync: Polling on remoteEndPoint: 127.0.0.1:55740 localEndPoint: 127.0.0.1:55739 after 46 ms
TpTrace Verbose: 0 : 15992, 4, 2026/07/20, 17:41:45.930, 374948046562, vstest.console.dll, MulticastDelegateUtilities.SafeInvoke: InternalTestLoggerEvents.SendTestResult: Invoking callback 1/1 for Microsoft.VisualStudio.TestPlatform.CommandLine.Internal.ConsoleLogger., took 0 ms.
TpTrace Verbose: 0 : 15992, 4, 2026/07/20, 17:41:45.930, 374948048192, vstest.console.dll, MulticastDelegateUtilities.SafeInvoke: InternalTestLoggerEvents.SendTestResult: Invoking callback 1/1 for Microsoft.VisualStudio.TestPlatform.CommandLine.Internal.ConsoleLogger., took 0 ms.
TpTrace Verbose: 0 : 15992, 4, 2026/07/20, 17:41:45.930, 374948048974, vstest.console.dll, MulticastDelegateUtilities.SafeInvoke: InternalTestLoggerEvents.SendTestResult: Invoking callback 1/1 for Microsoft.VisualStudio.TestPlatform.CommandLine.Internal.ConsoleLogger., took 0 ms.
TpTrace Verbose: 0 : 15992, 4, 2026/07/20, 17:41:45.930, 374948049780, vstest.console.dll, MulticastDelegateUtilities.SafeInvoke: InternalTestLoggerEvents.SendTestResult: Invoking callback 1/1 for Microsoft.VisualStudio.TestPlatform.CommandLine.Internal.ConsoleLogger., took 0 ms.
TpTrace Verbose: 0 : 15992, 4, 2026/07/20, 17:41:45.930, 374948050461, vstest.console.dll, MulticastDelegateUtilities.SafeInvoke: InternalTestLoggerEvents.SendTestResult: Invoking callback 1/1 for Microsoft.VisualStudio.TestPlatform.CommandLine.Internal.ConsoleLogger., took 0 ms.
TpTrace Verbose: 0 : 15992, 4, 2026/07/20, 17:41:45.930, 374948051114, vstest.console.dll, MulticastDelegateUtilities.SafeInvoke: InternalTestLoggerEvents.SendTestResult: Invoking callback 1/1 for Microsoft.VisualStudio.TestPlatform.CommandLine.Internal.ConsoleLogger., took 0 ms.
TpTrace Verbose: 0 : 15992, 4, 2026/07/20, 17:41:45.930, 374948051823, vstest.console.dll, MulticastDelegateUtilities.SafeInvoke: InternalTestLoggerEvents.SendTestResult: Invoking callback 1/1 for Microsoft.VisualStudio.TestPlatform.CommandLine.Internal.ConsoleLogger., took 0 ms.
TpTrace Verbose: 0 : 15992, 4, 2026/07/20, 17:41:45.930, 374948052498, vstest.console.dll, MulticastDelegateUtilities.SafeInvoke: InternalTestLoggerEvents.SendTestResult: Invoking callback 1/1 for Microsoft.VisualStudio.TestPlatform.CommandLine.Internal.ConsoleLogger., took 0 ms.
TpTrace Verbose: 0 : 15992, 10, 2026/07/20, 17:41:45.989, 374948640392, vstest.console.dll, TcpClientExtensions.MessageLoopAsync: NotifyDataAvailable remoteEndPoint: 127.0.0.1:55740 localEndPoint: 127.0.0.1:55739
TpTrace Verbose: 0 : 15992, 10, 2026/07/20, 17:41:45.989, 374948644036, vstest.console.dll, TestRequestSender.OnExecutionMessageReceived: Received message: {"Version":7,"MessageType":"TestExecution.StatsChange","Payload":{"NewTestResults":[{"TestCase":{"Id":"88fe4606-426c-f6d6-6986-2ea58ae7540a","FullyQualifiedName":"SharpMind.Tests.Data.CompositeSourceTests.RequiresAtLeastOneSource","DisplayName":"SharpMind.Tests.Data.CompositeSourceTests.RequiresAtLeastOneSource","ExecutorUri":"executor://xunit/VsTestRunner3/netcore/","Source":"C:\\Integral2u\\source\\repos\\SharpMind\\SharpMind.Tests\\bin\\Debug\\net10.0\\SharpMind.Tests.dll","CodeFilePath":null,"LineNumber":0,"Properties":[{"Key":{"Id":"TestCase.ManagedType","Label":"ManagedType","Category":"","Description":"","Attributes":1,"ValueType":"System.String"},"Value":"SharpMind.Tests.Data.CompositeSourceTests"},{"Key":{"Id":"XunitTestCaseUniqueID","Label":"xUnit.net Test Case Unique ID","Category":"","Description":"","Attributes":0,"ValueType":"System.String"},"Value":"91afe0d638fb3db515fdc05a0ba7168d387f9f8e"},{"Key":{"Id":"TestCase.ManagedMethod","Label":"ManagedMethod","Category":"","Description":"","Attributes":1,"ValueType":"System.String"},"Value":"RequiresAtLeastOneSource"},{"Key":{"Id":"XunitTestCaseExplicit","Label":"xUnit.net Test Case Explicit Flag","Category":"","Description":"","Attributes":0,"ValueType":"System.Boolean"},"Value":false}]},"Attachments":[],"Outcome":1,"ErrorMessage":null,"ErrorStackTrace":null,"DisplayName":"SharpMind.Tests.Data.CompositeSourceTests.RequiresAtLeastOneSource","Messages":[],"ComputerName":"LAPTOP-MKMTSO1B","Duration":"00:00:00.0031184","StartTime":"2026-07-20T05:41:45.9319221+00:00","EndTime":"2026-07-20T05:41:45.9323124+00:00","Properties":[]},{"TestCase":{"Id":"21d1de5f-0147-b952-01a6-769643bbd079","FullyQualifiedName":"SharpMind.Tests.Data.SafetyStageTests.Hap_Discard_RemovesDocumentWithHapContent","DisplayName":"SharpMind.Tests.Data.SafetyStageTests.Hap_Discard_RemovesDocumentWithHapContent","ExecutorUri":"executor://xunit/VsTestRunner3/netcore/","Source":"C:\\Integral2u\\source\\repos\\SharpMind\\SharpMind.Tests\\bin\\Debug\\net10.0\\SharpMind.Tests.dll","CodeFilePath":null,"LineNumber":0,"Properties":[{"Key":{"Id":"TestCase.ManagedType","Label":"ManagedType","Category":"","Description":"","Attributes":1,"ValueType":"System.String"},"Value":"SharpMind.Tests.Data.SafetyStageTests"},{"Key":{"Id":"XunitTestCaseUniqueID","Label":"xUnit.net Test Case Unique ID","Category":"","Description":"","Attributes":0,"ValueType":"System.String"},"Value":"333d3d4b1bf07b6d99b1e6a95378126b74221b54"},{"Key":{"Id":"TestCase.ManagedMethod","Label":"ManagedMethod","Category":"","Description":"","Attributes":1,"ValueType":"System.String"},"Value":"Hap_Discard_RemovesDocumentWithHapContent"},{"Key":{"Id":"XunitTestCaseExplicit","Label":"xUnit.net Test Case Explicit Flag","Category":"","Description":"","Attributes":0,"ValueType":"System.Boolean"},"Value":false}]},"Attachments":[],"Outcome":1,"ErrorMessage":null,"ErrorStackTrace":null,"DisplayName":"SharpMind.Tests.Data.SafetyStageTests.Hap_Discard_RemovesDocumentWithHapContent","Messages":[],"ComputerName":"LAPTOP-MKMTSO1B","Duration":"00:00:00.0142118","StartTime":"2026-07-20T05:41:45.9190775+00:00","EndTime":"2026-07-20T05:41:45.9340448+00:00","Properties":[]},{"TestCase":{"Id":"b6a3a6cf-8c13-f238-3f3d-59a9cc59e0f7","FullyQualifiedName":"SharpMind.Tests.Data.CompositeSourceTests.EstimatedCount_NullWhenAnyUnknown","DisplayName":"SharpMind.Tests.Data.CompositeSourceTests.EstimatedCount_NullWhenAnyUnknown","ExecutorUri":"executor://xunit/VsTestRunner3/netcore/","Source":"C:\\Integral2u\\source\\repos\\SharpMind\\SharpMind.Tests\\bin\\Debug\\net10.0\\SharpMind.Tests.dll","CodeFilePath":null,"LineNumber":0,"Properties":[{"Key":{"Id":"TestCase.ManagedType","Label":"ManagedType","Category":"","Description":"","Attributes":1,"ValueType":"System.String"},"Value":"SharpMind.Tests.Data.CompositeSourceTests"},{"Key":{"Id":"XunitTestCaseUniqueID","Label":"xUnit.net Test Case Unique ID","Category":"","Description":"","Attributes":0,"ValueType":"System.String"},"Value":"9486aad1bb645361c07e2d4316e60a9b30587fbd"},{"Key":{"Id":"TestCase.ManagedMethod","Label":"ManagedMethod","Category":"","Description":"","Attributes":1,"ValueType":"System.String"},"Value":"EstimatedCount_NullWhenAnyUnknown"},{"Key":{"Id":"XunitTestCaseExplicit","Label":"xUnit.net Test Case Explicit Flag","Category":"","Description":"","Attributes":0,"ValueType":"System.Boolean"},"Value":false}]},"Attachments":[],"Outcome":1,"ErrorMessage":null,"ErrorStackTrace":null,"DisplayName":"SharpMind.Tests.Data.CompositeSourceTests.EstimatedCount_NullWhenAnyUnknown","Messages":[],"ComputerName":"LAPTOP-MKMTSO1B","Duration":"00:00:00.0086037","StartTime":"2026-07-20T05:41:45.9338548+00:00","EndTime":"2026-07-20T05:41:45.9358939+00:00","Properties":[]},{"TestCase":{"Id":"2baf20a1-2f6d-9f41-43f2-ad37d2986fa5","FullyQualifiedName":"SharpMind.Tests.Data.SafetyStageTests.Hap_Discard_PassesCleanDocument","DisplayName":"SharpMind.Tests.Data.SafetyStageTests.Hap_Discard_PassesCleanDocument","ExecutorUri":"executor://xunit/VsTestRunner3/netcore/","Source":"C:\\Integral2u\\source\\repos\\SharpMind\\SharpMind.Tests\\bin\\Debug\\net10.0\\SharpMind.Tests.dll","CodeFilePath":null,"LineNumber":0,"Properties":[{"Key":{"Id":"TestCase.ManagedType","Label":"ManagedType","Category":"","Description":"","Attributes":1,"ValueType":"System.String"},"Value":"SharpMind.Tests.Data.SafetyStageTests"},{"Key":{"Id":"XunitTestCaseUniqueID","Label":"xUnit.net Test Case Unique ID","Category":"","Description":"","Attributes":0,"ValueType":"System.String"},"Value":"35747c9458fd16be82ba79d0ab34569843f91094"},{"Key":{"Id":"TestCase.ManagedMethod","Label":"ManagedMethod","Category":"","Description":"","Attributes":1,"ValueType":"System.String"},"Value":"Hap_Discard_PassesCleanDocument"},{"Key":{"Id":"XunitTestCaseExplicit","Label":"xUnit.net Test Case Explicit Flag","Category":"","Description":"","Attributes":0,"ValueType":"System.Boolean"},"Value":false}]},"Attachments":[],"Outcome":1,"ErrorMessage":null,"ErrorStackTrace":null,"DisplayName":"SharpMind.Tests.Data.SafetyStageTests.Hap_Discard_PassesCleanDocument","Messages":[],"ComputerName":"LAPTOP-MKMTSO1B","Duration":"00:00:00.0328091","StartTime":"2026-07-20T05:41:45.9355291+00:00","EndTime":"2026-07-20T05:41:45.9368074+00:00","Properties":[]},{"TestCase":{"Id":"d5156903-b7a3-eb79-49c6-172b44d1c13d","FullyQualifiedName":"SharpMind.Tests.Data.SafetyStageTests.Pii_MasksEmail","DisplayName":"SharpMind.Tests.Data.SafetyStageTests.Pii_MasksEmail","ExecutorUri":"executor://xunit/VsTestRunner3/netcore/","Source":"C:\\Integral2u\\source\\repos\\SharpMind\\SharpMind.Tests\\bin\\Debug\\net10.0\\SharpMind.Tests.dll","CodeFilePath":null,"LineNumber":0,"Properties":[{"Key":{"Id":"TestCase.ManagedType","Label":"ManagedType","Category":"","Description":"","Attributes":1,"ValueType":"System.String"},"Value":"SharpMind.Tests.Data.SafetyStageTests"},{"Key":{"Id":"XunitTestCaseUniqueID","Label":"xUnit.net Test Case Unique ID","Category":"","Description":"","Attributes":0,"ValueType":"System.String"},"Value":"3d648858d9a8dd3914dfdb991e86b0fa7655e37e"},{"Key":{"Id":"TestCase.ManagedMethod","Label":"ManagedMethod","Category":"","Description":"","Attributes":1,"ValueType":"System.String"},"Value":"Pii_MasksEmail"},{"Key":{"Id":"XunitTestCaseExplicit","Label":"xUnit.net Test Case Explicit Flag","Category":"","Description":"","Attributes":0,"ValueType":"System.Boolean"},"Value":false}]},"Attachments":[],"Outcome":1,"ErrorMessage":null,"ErrorStackTrace":null,"DisplayName":"SharpMind.Tests.Data.SafetyStageTests.Pii_MasksEmail","Messages":[],"ComputerName":"LAPTOP-MKMTSO1B","Duration":"00:00:00.0076444","StartTime":"2026-07-20T05:41:45.9376846+00:00","EndTime":"2026-07-20T05:41:45.938149+00:00","Properties":[]},{"TestCase":{"Id":"6a8d4509-2098-772f-8c3e-291cfebbbc60","FullyQualifiedName":"SharpMind.Tests.Data.SafetyStageTests.Pii_MasksIpv4","DisplayName":"SharpMind.Tests.Data.SafetyStageTests.Pii_MasksIpv4","ExecutorUri":"executor://xunit/VsTestRunner3/netcore/","Source":"C:\\Integral2u\\source\\repos\\SharpMind\\SharpMind.Tests\\bin\\Debug\\net10.0\\SharpMind.Tests.dll","CodeFilePath":null,"LineNumber":0,"Properties":[{"Key":{"Id":"TestCase.ManagedType","Label":"ManagedType","Category":"","Description":"","Attributes":1,"ValueType":"System.String"},"Value":"SharpMind.Tests.Data.SafetyStageTests"},{"Key":{"Id":"XunitTestCaseUniqueID","Label":"xUnit.net Test Case Unique ID","Category":"","Description":"","Attributes":0,"ValueType":"System.String"},"Value":"3eb9989c455b911f758771f97a4b2438e724de40"},{"Key":{"Id":"TestCase.ManagedMethod","Label":"ManagedMethod","Category":"","Description":"","Attributes":1,"ValueType":"System.String"},"Value":"Pii_MasksIpv4"},{"Key":{"Id":"XunitTestCaseExplicit","Label":"xUnit.net Test Case Explicit Flag","Category":"","Description":"","Attributes":0,"ValueType":"System.Boolean"},"Value":false}]},"Attachments":[],"Outcome":1,"ErrorMessage":null,"ErrorStackTrace":null,"DisplayName":"SharpMind.Tests.Data.SafetyStageTests.Pii_MasksIpv4","Messages":[],"ComputerName":"LAPTOP-MKMTSO1B","Duration":"00:00:00.0124527","StartTime":"2026-07-20T05:41:45.9394461+00:00","EndTime":"2026-07-20T05:41:45.9449954+00:00","Properties":[]},{"TestCase":{"Id":"1d8fe6a9-55f8-6dde-839e-b20090668bf7","FullyQualifiedName":"SharpMind.Tests.Data.SafetyStageTests.Pii_SelectiveTypes_OnlyMasksEnabled","DisplayName":"SharpMind.Tests.Data.SafetyStageTests.Pii_SelectiveTypes_OnlyMasksEnabled","ExecutorUri":"executor://xunit/VsTestRunner3/netcore/","Source":"C:\\Integral2u\\source\\repos\\SharpMind\\SharpMind.Tests\\bin\\Debug\\net10.0\\SharpMind.Tests.dll","CodeFilePath":null,"LineNumber":0,"Properties":[{"Key":{"Id":"TestCase.ManagedType","Label":"ManagedType","Category":"","Description":"","Attributes":1,"ValueType":"System.String"},"Value":"SharpMind.Tests.Data.SafetyStageTests"},{"Key":{"Id":"XunitTestCaseUniqueID","Label":"xUnit.net Test Case Unique ID","Category":"","Description":"","Attributes":0,"ValueType":"System.String"},"Value":"544b4764eb485b1ef7153cdafd9eb71fbb93cfda"},{"Key":{"Id":"TestCase.ManagedMethod","Label":"ManagedMethod","Category":"","Description":"","Attributes":1,"ValueType":"System.String"},"Value":"Pii_SelectiveTypes_OnlyMasksEnabled"},{"Key":{"Id":"XunitTestCaseExplicit","Label":"xUnit.net Test Case Explicit Flag","Category":"","Description":"","Attributes":0,"ValueType":"System.Boolean"},"Value":false}]},"Attachments":[],"Outcome":1,"ErrorMessage":null,"ErrorStackTrace":null,"DisplayName":"SharpMind.Tests.Data.SafetyStageTests.Pii_SelectiveTypes_OnlyMasksEnabled","Messages":[],"ComputerName":"LAPTOP-MKMTSO1B","Duration":"00:00:00.0123922","StartTime":"2026-07-20T05:41:45.9472455+00:00","EndTime":"2026-07-20T05:41:45.9575951+00:00","Properties":[]},{"TestCase":{"Id":"5be501d2-42fa-b9c2-cfd5-315a9612212a","FullyQualifiedName":"SharpMind.Tests.Data.SafetyStageTests.Pii_MasksSsn","DisplayName":"SharpMind.Tests.Data.SafetyStageTests.Pii_MasksSsn","ExecutorUri":"executor://xunit/VsTestRunner3/netcore/","Source":"C:\\Integral2u\\source\\repos\\SharpMind\\SharpMind.Tests\\bin\\Debug\\net10.0\\SharpMind.Tests.dll","CodeFilePath":null,"LineNumber":0,"Properties":[{"Key":{"Id":"TestCase.ManagedType","Label":"ManagedType","Category":"","Description":"","Attributes":1,"ValueType":"System.String"},"Value":"SharpMind.Tests.Data.SafetyStageTests"},{"Key":{"Id":"XunitTestCaseUniqueID","Label":"xUnit.net Test Case Unique ID","Category":"","Description":"","Attributes":0,"ValueType":"System.String"},"Value":"590140c9b6f33cdfb31e4de7ba3d4b09c5273056"},{"Key":{"Id":"TestCase.ManagedMethod","Label":"ManagedMethod","Category":"","Description":"","Attributes":1,"ValueType":"System.String"},"Value":"Pii_MasksSsn"},{"Key":{"Id":"XunitTestCaseExplicit","Label":"xUnit.net Test Case Explicit Flag","Category":"","Description":"","Attributes":0,"ValueType":"System.Boolean"},"Value":false}]},"Attachments":[],"Outcome":1,"ErrorMessage":null,"ErrorStackTrace":null,"DisplayName":"SharpMind.Tests.Data.SafetyStageTests.Pii_MasksSsn","Messages":[],"ComputerName":"LAPTOP-MKMTSO1B","Duration":"00:00:00.0237568","StartTime":"2026-07-20T05:41:45.9586105+00:00","EndTime":"2026-07-20T05:41:45.9852758+00:00","Properties":[]}],"TestRunStatistics":{"ExecutedTests":103,"Stats":{"Passed":103}},"ActiveTests":[{"Id":"80258c54-96d9-3232-ec10-edf92b9bc23a","FullyQualifiedName":"SharpMind.Tests.Data.CompositeSourceTests.Concatenate_YieldsAllSourcesInOrder","DisplayName":"SharpMind.Tests.Data.CompositeSourceTests.Concatenate_YieldsAllSourcesInOrder","ExecutorUri":"executor://xunit/VsTestRunner3/netcore/","Source":"C:\\Integral2u\\source\\repos\\SharpMind\\SharpMind.Tests\\bin\\Debug\\net10.0\\SharpMind.Tests.dll","CodeFilePath":null,"LineNumber":0,"Properties":[{"Key":{"Id":"TestCase.ManagedType","Label":"ManagedType","Category":"","Description":"","Attributes":1,"ValueType":"System.String"},"Value":"SharpMind.Tests.Data.CompositeSourceTests"},{"Key":{"Id":"XunitTestCaseUniqueID","Label":"xUnit.net Test Case Unique ID","Category":"","Description":"","Attributes":0,"ValueType":"System.String"},"Value":"a8faed9a4aa0bd31b62fd00136b9125362103b91"},{"Key":{"Id":"TestCase.ManagedMethod","Label":"ManagedMethod","Category":"","Description":"","Attributes":1,"ValueType":"System.String"},"Value":"Concatenate_YieldsAllSourcesInOrder"},{"Key":{"Id":"XunitTestCaseExplicit","Label":"xUnit.net Test Case Explicit Flag","Category":"","Description":"","Attributes":0,"ValueType":"System.Boolean"},"Value":false}]},{"Id":"49e27dca-d620-12a0-9dab-8f9a3c49ab31","FullyQualifiedName":"SharpMind.Tests.Data.SafetyStageTests.Pii_MasksUsPhone","DisplayName":"SharpMind.Tests.Data.SafetyStageTests.Pii_MasksUsPhone","ExecutorUri":"executor://xunit/VsTestRunner3/netcore/","Source":"C:\\Integral2u\\source\\repos\\SharpMind\\SharpMind.Tests\\bin\\Debug\\net10.0\\SharpMind.Tests.dll","CodeFilePath":null,"LineNumber":0,"Properties":[{"Key":{"Id":"TestCase.ManagedType","Label":"ManagedType","Category":"","Description":"","Attributes":1,"ValueType":"System.String"},"Value":"SharpMind.Tests.Data.SafetyStageTests"},{"Key":{"Id":"XunitTestCaseUniqueID","Label":"xUnit.net Test Case Unique ID","Category":"","Description":"","Attributes":0,"ValueType":"System.String"},"Value":"6208f584f3a88a0027e63bcd1df139dddc93a89f"},{"Key":{"Id":"TestCase.ManagedMethod","Label":"ManagedMethod","Category":"","Description":"","Attributes":1,"ValueType":"System.String"},"Value":"Pii_MasksUsPhone"},{"Key":{"Id":"XunitTestCaseExplicit","Label":"xUnit.net Test Case Explicit Flag","Category":"","Description":"","Attributes":0,"ValueType":"System.Boolean"},"Value":false}]}]}}
TpTrace Verbose: 0 : 15992, 10, 2026/07/20, 17:41:45.992, 374948671816, vstest.console.dll, TestRunRequest:SendTestRunStatsChange: Starting.
TpTrace Verbose: 0 : 15992, 10, 2026/07/20, 17:41:45.992, 374948673176, vstest.console.dll, InProgress is SharpMind.Tests.Data.CompositeSourceTests.Concatenate_YieldsAllSourcesInOrder
TpTrace Verbose: 0 : 15992, 10, 2026/07/20, 17:41:45.992, 374948673612, vstest.console.dll, InProgress is SharpMind.Tests.Data.SafetyStageTests.Pii_MasksUsPhone
TpTrace Verbose: 0 : 15992, 10, 2026/07/20, 17:41:45.993, 374948674766, vstest.console.dll, MulticastDelegateUtilities.SafeInvoke: TestRun.RunStatsChanged: Invoking callbacks was skipped because there are no subscribers.
TpTrace Information: 0 : 15992, 10, 2026/07/20, 17:41:45.993, 374948675432, vstest.console.dll, TestRunRequest:SendTestRunStatsChange: Completed.
TpTrace Verbose: 0 : 15992, 10, 2026/07/20, 17:41:45.993, 374948675893, vstest.console.dll, MulticastDelegateUtilities.SafeInvoke: LengthPrefixCommunicationChannel: MessageReceived: Invoking callback 1/1 for Microsoft.VisualStudio.TestPlatform.CommunicationUtilities.TestRequestSender+<>c__DisplayClass34_0., took 3 ms.
TpTrace Verbose: 0 : 15992, 10, 2026/07/20, 17:41:45.993, 374948676355, vstest.console.dll, TcpClientExtensions.MessageLoopAsync: Polling on remoteEndPoint: 127.0.0.1:55740 localEndPoint: 127.0.0.1:55739 after 65 ms
TpTrace Verbose: 0 : 15992, 4, 2026/07/20, 17:41:45.998, 374948725130, vstest.console.dll, MulticastDelegateUtilities.SafeInvoke: InternalTestLoggerEvents.SendTestResult: Invoking callback 1/1 for Microsoft.VisualStudio.TestPlatform.CommandLine.Internal.ConsoleLogger., took 0 ms.
TpTrace Verbose: 0 : 15992, 4, 2026/07/20, 17:41:45.998, 374948726970, vstest.console.dll, MulticastDelegateUtilities.SafeInvoke: InternalTestLoggerEvents.SendTestResult: Invoking callback 1/1 for Microsoft.VisualStudio.TestPlatform.CommandLine.Internal.ConsoleLogger., took 0 ms.
TpTrace Verbose: 0 : 15992, 4, 2026/07/20, 17:41:45.998, 374948727945, vstest.console.dll, MulticastDelegateUtilities.SafeInvoke: InternalTestLoggerEvents.SendTestResult: Invoking callback 1/1 for Microsoft.VisualStudio.TestPlatform.CommandLine.Internal.ConsoleLogger., took 0 ms.
TpTrace Verbose: 0 : 15992, 4, 2026/07/20, 17:41:45.998, 374948728883, vstest.console.dll, MulticastDelegateUtilities.SafeInvoke: InternalTestLoggerEvents.SendTestResult: Invoking callback 1/1 for Microsoft.VisualStudio.TestPlatform.CommandLine.Internal.ConsoleLogger., took 0 ms.
TpTrace Verbose: 0 : 15992, 4, 2026/07/20, 17:41:45.998, 374948732019, vstest.console.dll, MulticastDelegateUtilities.SafeInvoke: InternalTestLoggerEvents.SendTestResult: Invoking callback 1/1 for Microsoft.VisualStudio.TestPlatform.CommandLine.Internal.ConsoleLogger., took 0 ms.
TpTrace Verbose: 0 : 15992, 4, 2026/07/20, 17:41:45.998, 374948733030, vstest.console.dll, MulticastDelegateUtilities.SafeInvoke: InternalTestLoggerEvents.SendTestResult: Invoking callback 1/1 for Microsoft.VisualStudio.TestPlatform.CommandLine.Internal.ConsoleLogger., took 0 ms.
TpTrace Verbose: 0 : 15992, 4, 2026/07/20, 17:41:45.998, 374948733795, vstest.console.dll, MulticastDelegateUtilities.SafeInvoke: InternalTestLoggerEvents.SendTestResult: Invoking callback 1/1 for Microsoft.VisualStudio.TestPlatform.CommandLine.Internal.ConsoleLogger., took 0 ms.
TpTrace Verbose: 0 : 15992, 4, 2026/07/20, 17:41:45.999, 374948734784, vstest.console.dll, MulticastDelegateUtilities.SafeInvoke: InternalTestLoggerEvents.SendTestResult: Invoking callback 1/1 for Microsoft.VisualStudio.TestPlatform.CommandLine.Internal.ConsoleLogger., took 0 ms.
TpTrace Verbose: 0 : 15992, 10, 2026/07/20, 17:41:46.072, 374949465908, vstest.console.dll, TcpClientExtensions.MessageLoopAsync: NotifyDataAvailable remoteEndPoint: 127.0.0.1:55740 localEndPoint: 127.0.0.1:55739
TpTrace Verbose: 0 : 15992, 10, 2026/07/20, 17:41:46.072, 374949470397, vstest.console.dll, TestRequestSender.OnExecutionMessageReceived: Received message: {"Version":7,"MessageType":"TestExecution.StatsChange","Payload":{"NewTestResults":[{"TestCase":{"Id":"49e27dca-d620-12a0-9dab-8f9a3c49ab31","FullyQualifiedName":"SharpMind.Tests.Data.SafetyStageTests.Pii_MasksUsPhone","DisplayName":"SharpMind.Tests.Data.SafetyStageTests.Pii_MasksUsPhone","ExecutorUri":"executor://xunit/VsTestRunner3/netcore/","Source":"C:\\Integral2u\\source\\repos\\SharpMind\\SharpMind.Tests\\bin\\Debug\\net10.0\\SharpMind.Tests.dll","CodeFilePath":null,"LineNumber":0,"Properties":[{"Key":{"Id":"TestCase.ManagedType","Label":"ManagedType","Category":"","Description":"","Attributes":1,"ValueType":"System.String"},"Value":"SharpMind.Tests.Data.SafetyStageTests"},{"Key":{"Id":"XunitTestCaseUniqueID","Label":"xUnit.net Test Case Unique ID","Category":"","Description":"","Attributes":0,"ValueType":"System.String"},"Value":"6208f584f3a88a0027e63bcd1df139dddc93a89f"},{"Key":{"Id":"TestCase.ManagedMethod","Label":"ManagedMethod","Category":"","Description":"","Attributes":1,"ValueType":"System.String"},"Value":"Pii_MasksUsPhone"},{"Key":{"Id":"XunitTestCaseExplicit","Label":"xUnit.net Test Case Explicit Flag","Category":"","Description":"","Attributes":0,"ValueType":"System.Boolean"},"Value":false}]},"Attachments":[],"Outcome":1,"ErrorMessage":null,"ErrorStackTrace":null,"DisplayName":"SharpMind.Tests.Data.SafetyStageTests.Pii_MasksUsPhone","Messages":[],"ComputerName":"LAPTOP-MKMTSO1B","Duration":"00:00:00.0112325","StartTime":"2026-07-20T05:41:45.9898944+00:00","EndTime":"2026-07-20T05:41:45.9933953+00:00","Properties":[]},{"TestCase":{"Id":"25498a5b-f04e-96bd-a30f-c789cc3e1841","FullyQualifiedName":"SharpMind.Tests.Data.SafetyStageTests.Blocklist_FromFile_LoadsTerms","DisplayName":"SharpMind.Tests.Data.SafetyStageTests.Blocklist_FromFile_LoadsTerms","ExecutorUri":"executor://xunit/VsTestRunner3/netcore/","Source":"C:\\Integral2u\\source\\repos\\SharpMind\\SharpMind.Tests\\bin\\Debug\\net10.0\\SharpMind.Tests.dll","CodeFilePath":null,"LineNumber":0,"Properties":[{"Key":{"Id":"TestCase.ManagedType","Label":"ManagedType","Category":"","Description":"","Attributes":1,"ValueType":"System.String"},"Value":"SharpMind.Tests.Data.SafetyStageTests"},{"Key":{"Id":"XunitTestCaseUniqueID","Label":"xUnit.net Test Case Unique ID","Category":"","Description":"","Attributes":0,"ValueType":"System.String"},"Value":"6e405e55ab8a4841de374d74cae58bf01fc76c0b"},{"Key":{"Id":"TestCase.ManagedMethod","Label":"ManagedMethod","Category":"","Description":"","Attributes":1,"ValueType":"System.String"},"Value":"Blocklist_FromFile_LoadsTerms"},{"Key":{"Id":"XunitTestCaseExplicit","Label":"xUnit.net Test Case Explicit Flag","Category":"","Description":"","Attributes":0,"ValueType":"System.Boolean"},"Value":false}]},"Attachments":[],"Outcome":1,"ErrorMessage":null,"ErrorStackTrace":null,"DisplayName":"SharpMind.Tests.Data.SafetyStageTests.Blocklist_FromFile_LoadsTerms","Messages":[],"ComputerName":"LAPTOP-MKMTSO1B","Duration":"00:00:00.0111037","StartTime":"2026-07-20T05:41:45.9973977+00:00","EndTime":"2026-07-20T05:41:46.0041432+00:00","Properties":[]},{"TestCase":{"Id":"d14d2a06-6326-e1fd-63a2-e02d92eacda7","FullyQualifiedName":"SharpMind.Tests.Data.SafetyStageTests.Hap_Redact_ReplacesMatchWithPlaceholder","DisplayName":"SharpMind.Tests.Data.SafetyStageTests.Hap_Redact_ReplacesMatchWithPlaceholder","ExecutorUri":"executor://xunit/VsTestRunner3/netcore/","Source":"C:\\Integral2u\\source\\repos\\SharpMind\\SharpMind.Tests\\bin\\Debug\\net10.0\\SharpMind.Tests.dll","CodeFilePath":null,"LineNumber":0,"Properties":[{"Key":{"Id":"TestCase.ManagedType","Label":"ManagedType","Category":"","Description":"","Attributes":1,"ValueType":"System.String"},"Value":"SharpMind.Tests.Data.SafetyStageTests"},{"Key":{"Id":"XunitTestCaseUniqueID","Label":"xUnit.net Test Case Unique ID","Category":"","Description":"","Attributes":0,"ValueType":"System.String"},"Value":"738b11e29cbe69f4b68196b66db6c400d0f27533"},{"Key":{"Id":"TestCase.ManagedMethod","Label":"ManagedMethod","Category":"","Description":"","Attributes":1,"ValueType":"System.String"},"Value":"Hap_Redact_ReplacesMatchWithPlaceholder"},{"Key":{"Id":"XunitTestCaseExplicit","Label":"xUnit.net Test Case Explicit Flag","Category":"","Description":"","Attributes":0,"ValueType":"System.Boolean"},"Value":false}]},"Attachments":[],"Outcome":1,"ErrorMessage":null,"ErrorStackTrace":null,"DisplayName":"SharpMind.Tests.Data.SafetyStageTests.Hap_Redact_ReplacesMatchWithPlaceholder","Messages":[],"ComputerName":"LAPTOP-MKMTSO1B","Duration":"00:00:00.0117376","StartTime":"2026-07-20T05:41:46.0150106+00:00","EndTime":"2026-07-20T05:41:46.0268968+00:00","Properties":[]},{"TestCase":{"Id":"5efa946e-c6c2-6430-5d6f-93ec0eae2ca7","FullyQualifiedName":"SharpMind.Tests.Data.SafetyStageTests.Blocklist_NonWholeWord_MatchesPartial","DisplayName":"SharpMind.Tests.Data.SafetyStageTests.Blocklist_NonWholeWord_MatchesPartial","ExecutorUri":"executor://xunit/VsTestRunner3/netcore/","Source":"C:\\Integral2u\\source\\repos\\SharpMind\\SharpMind.Tests\\bin\\Debug\\net10.0\\SharpMind.Tests.dll","CodeFilePath":null,"LineNumber":0,"Properties":[{"Key":{"Id":"TestCase.ManagedType","Label":"ManagedType","Category":"","Description":"","Attributes":1,"ValueType":"System.String"},"Value":"SharpMind.Tests.Data.SafetyStageTests"},{"Key":{"Id":"XunitTestCaseUniqueID","Label":"xUnit.net Test Case Unique ID","Category":"","Description":"","Attributes":0,"ValueType":"System.String"},"Value":"90e96d18aa4ca3cd597e0f7255ac887aa5080c50"},{"Key":{"Id":"TestCase.ManagedMethod","Label":"ManagedMethod","Category":"","Description":"","Attributes":1,"ValueType":"System.String"},"Value":"Blocklist_NonWholeWord_MatchesPartial"},{"Key":{"Id":"XunitTestCaseExplicit","Label":"xUnit.net Test Case Explicit Flag","Category":"","Description":"","Attributes":0,"ValueType":"System.Boolean"},"Value":false}]},"Attachments":[],"Outcome":1,"ErrorMessage":null,"ErrorStackTrace":null,"DisplayName":"SharpMind.Tests.Data.SafetyStageTests.Blocklist_NonWholeWord_MatchesPartial","Messages":[],"ComputerName":"LAPTOP-MKMTSO1B","Duration":"00:00:00.0004219","StartTime":"2026-07-20T05:41:46.0327589+00:00","EndTime":"2026-07-20T05:41:46.0357534+00:00","Properties":[]},{"TestCase":{"Id":"52dc2d31-9097-8e65-c55e-4b744bc1594a","FullyQualifiedName":"SharpMind.Tests.Data.SafetyStageTests.Hap_Redact_KeepsRestOfDocument","DisplayName":"SharpMind.Tests.Data.SafetyStageTests.Hap_Redact_KeepsRestOfDocument","ExecutorUri":"executor://xunit/VsTestRunner3/netcore/","Source":"C:\\Integral2u\\source\\repos\\SharpMind\\SharpMind.Tests\\bin\\Debug\\net10.0\\SharpMind.Tests.dll","CodeFilePath":null,"LineNumber":0,"Properties":[{"Key":{"Id":"TestCase.ManagedType","Label":"ManagedType","Category":"","Description":"","Attributes":1,"ValueType":"System.String"},"Value":"SharpMind.Tests.Data.SafetyStageTests"},{"Key":{"Id":"XunitTestCaseUniqueID","Label":"xUnit.net Test Case Unique ID","Category":"","Description":"","Attributes":0,"ValueType":"System.String"},"Value":"a6ced43475b18438ae0eb3d7a52170eef539471f"},{"Key":{"Id":"TestCase.ManagedMethod","Label":"ManagedMethod","Category":"","Description":"","Attributes":1,"ValueType":"System.String"},"Value":"Hap_Redact_KeepsRestOfDocument"},{"Key":{"Id":"XunitTestCaseExplicit","Label":"xUnit.net Test Case Explicit Flag","Category":"","Description":"","Attributes":0,"ValueType":"System.Boolean"},"Value":false}]},"Attachments":[],"Outcome":1,"ErrorMessage":null,"ErrorStackTrace":null,"DisplayName":"SharpMind.Tests.Data.SafetyStageTests.Hap_Redact_KeepsRestOfDocument","Messages":[],"ComputerName":"LAPTOP-MKMTSO1B","Duration":"00:00:00.0140478","StartTime":"2026-07-20T05:41:46.0367396+00:00","EndTime":"2026-07-20T05:41:46.0499813+00:00","Properties":[]},{"TestCase":{"Id":"fde13104-68a7-be09-85d3-ab6a244d44af","FullyQualifiedName":"SharpMind.Tests.Data.SafetyStageTests.Blocklist_PassesCleanDocument","DisplayName":"SharpMind.Tests.Data.SafetyStageTests.Blocklist_PassesCleanDocument","ExecutorUri":"executor://xunit/VsTestRunner3/netcore/","Source":"C:\\Integral2u\\source\\repos\\SharpMind\\SharpMind.Tests\\bin\\Debug\\net10.0\\SharpMind.Tests.dll","CodeFilePath":null,"LineNumber":0,"Properties":[{"Key":{"Id":"TestCase.ManagedType","Label":"ManagedType","Category":"","Description":"","Attributes":1,"ValueType":"System.String"},"Value":"SharpMind.Tests.Data.SafetyStageTests"},{"Key":{"Id":"XunitTestCaseUniqueID","Label":"xUnit.net Test Case Unique ID","Category":"","Description":"","Attributes":0,"ValueType":"System.String"},"Value":"a7fceb211843a8f54a1ed004541c18af3e522265"},{"Key":{"Id":"TestCase.ManagedMethod","Label":"ManagedMethod","Category":"","Description":"","Attributes":1,"ValueType":"System.String"},"Value":"Blocklist_PassesCleanDocument"},{"Key":{"Id":"XunitTestCaseExplicit","Label":"xUnit.net Test Case Explicit Flag","Category":"","Description":"","Attributes":0,"ValueType":"System.Boolean"},"Value":false}]},"Attachments":[],"Outcome":1,"ErrorMessage":null,"ErrorStackTrace":null,"DisplayName":"SharpMind.Tests.Data.SafetyStageTests.Blocklist_PassesCleanDocument","Messages":[],"ComputerName":"LAPTOP-MKMTSO1B","Duration":"00:00:00.0003408","StartTime":"2026-07-20T05:41:46.0509568+00:00","EndTime":"2026-07-20T05:41:46.0511345+00:00","Properties":[]},{"TestCase":{"Id":"973a0363-2a69-bb99-2fae-8be1feb2b875","FullyQualifiedName":"SharpMind.Tests.Data.SafetyStageTests.Blocklist_CaseInsensitive","DisplayName":"SharpMind.Tests.Data.SafetyStageTests.Blocklist_CaseInsensitive","ExecutorUri":"executor://xunit/VsTestRunner3/netcore/","Source":"C:\\Integral2u\\source\\repos\\SharpMind\\SharpMind.Tests\\bin\\Debug\\net10.0\\SharpMind.Tests.dll","CodeFilePath":null,"LineNumber":0,"Properties":[{"Key":{"Id":"TestCase.ManagedType","Label":"ManagedType","Category":"","Description":"","Attributes":1,"ValueType":"System.String"},"Value":"SharpMind.Tests.Data.SafetyStageTests"},{"Key":{"Id":"XunitTestCaseUniqueID","Label":"xUnit.net Test Case Unique ID","Category":"","Description":"","Attributes":0,"ValueType":"System.String"},"Value":"b30e984a219e374a65a3f82ce2c0ca8a2523a468"},{"Key":{"Id":"TestCase.ManagedMethod","Label":"ManagedMethod","Category":"","Description":"","Attributes":1,"ValueType":"System.String"},"Value":"Blocklist_CaseInsensitive"},{"Key":{"Id":"XunitTestCaseExplicit","Label":"xUnit.net Test Case Explicit Flag","Category":"","Description":"","Attributes":0,"ValueType":"System.Boolean"},"Value":false}]},"Attachments":[],"Outcome":1,"ErrorMessage":null,"ErrorStackTrace":null,"DisplayName":"SharpMind.Tests.Data.SafetyStageTests.Blocklist_CaseInsensitive","Messages":[],"ComputerName":"LAPTOP-MKMTSO1B","Duration":"00:00:00.0002274","StartTime":"2026-07-20T05:41:46.051976+00:00","EndTime":"2026-07-20T05:41:46.0521825+00:00","Properties":[]},{"TestCase":{"Id":"205de52c-bdec-73ae-b538-6874b8dd184a","FullyQualifiedName":"SharpMind.Tests.Data.SafetyStageTests.Blocklist_DiscardsDocumentContainingTerm","DisplayName":"SharpMind.Tests.Data.SafetyStageTests.Blocklist_DiscardsDocumentContainingTerm","ExecutorUri":"executor://xunit/VsTestRunner3/netcore/","Source":"C:\\Integral2u\\source\\repos\\SharpMind\\SharpMind.Tests\\bin\\Debug\\net10.0\\SharpMind.Tests.dll","CodeFilePath":null,"LineNumber":0,"Properties":[{"Key":{"Id":"TestCase.ManagedType","Label":"ManagedType","Category":"","Description":"","Attributes":1,"ValueType":"System.String"},"Value":"SharpMind.Tests.Data.SafetyStageTests"},{"Key":{"Id":"XunitTestCaseUniqueID","Label":"xUnit.net Test Case Unique ID","Category":"","Description":"","Attributes":0,"ValueType":"System.String"},"Value":"c2ce22414ff76a44b1269f0f2b02c034f48bfbdf"},{"Key":{"Id":"TestCase.ManagedMethod","Label":"ManagedMethod","Category":"","Description":"","Attributes":1,"ValueType":"System.String"},"Value":"Blocklist_DiscardsDocumentContainingTerm"},{"Key":{"Id":"XunitTestCaseExplicit","Label":"xUnit.net Test Case Explicit Flag","Category":"","Description":"","Attributes":0,"ValueType":"System.Boolean"},"Value":false}]},"Attachments":[],"Outcome":1,"ErrorMessage":null,"ErrorStackTrace":null,"DisplayName":"SharpMind.Tests.Data.SafetyStageTests.Blocklist_DiscardsDocumentContainingTerm","Messages":[],"ComputerName":"LAPTOP-MKMTSO1B","Duration":"00:00:00.0002176","StartTime":"2026-07-20T05:41:46.0530019+00:00","EndTime":"2026-07-20T05:41:46.0531853+00:00","Properties":[]},{"TestCase":{"Id":"0c7dd9b8-0e79-6ae2-590a-f6672b19386c","FullyQualifiedName":"SharpMind.Tests.Chat.JinjaTemplateFormatterTests.Eval_Namespace_MutationAcrossScope","DisplayName":"SharpMind.Tests.Chat.JinjaTemplateFormatterTests.Eval_Namespace_MutationAcrossScope","ExecutorUri":"executor://xunit/VsTestRunner3/netcore/","Source":"C:\\Integral2u\\source\\repos\\SharpMind\\SharpMind.Tests\\bin\\Debug\\net10.0\\SharpMind.Tests.dll","CodeFilePath":null,"LineNumber":0,"Properties":[{"Key":{"Id":"TestCase.ManagedType","Label":"ManagedType","Category":"","Description":"","Attributes":1,"ValueType":"System.String"},"Value":"SharpMind.Tests.Chat.JinjaTemplateFormatterTests"},{"Key":{"Id":"XunitTestCaseUniqueID","Label":"xUnit.net Test Case Unique ID","Category":"","Description":"","Attributes":0,"ValueType":"System.String"},"Value":"12dfcc0440b78ddd363951cda0ac2762201c0c49"},{"Key":{"Id":"TestCase.ManagedMethod","Label":"ManagedMethod","Category":"","Description":"","Attributes":1,"ValueType":"System.String"},"Value":"Eval_Namespace_MutationAcrossScope"},{"Key":{"Id":"XunitTestCaseExplicit","Label":"xUnit.net Test Case Explicit Flag","Category":"","Description":"","Attributes":0,"ValueType":"System.Boolean"},"Value":false}]},"Attachments":[],"Outcome":1,"ErrorMessage":null,"ErrorStackTrace":null,"DisplayName":"SharpMind.Tests.Chat.JinjaTemplateFormatterTests.Eval_Namespace_MutationAcrossScope","Messages":[],"ComputerName":"LAPTOP-MKMTSO1B","Duration":"00:00:00.1990755","StartTime":"2026-07-20T05:41:45.9039675+00:00","EndTime":"2026-07-20T05:41:46.0694902+00:00","Properties":[]}],"TestRunStatistics":{"ExecutedTests":112,"Stats":{"Passed":112}},"ActiveTests":[{"Id":"3536bbb8-3e55-814d-25b8-0d85427b2d9d","FullyQualifiedName":"SharpMind.Tests.Data.SafetyStageTests.Pii_NoMatch_ReturnsDocumentUnchanged","DisplayName":"SharpMind.Tests.Data.SafetyStageTests.Pii_NoMatch_ReturnsDocumentUnchanged","ExecutorUri":"executor://xunit/VsTestRunner3/netcore/","Source":"C:\\Integral2u\\source\\repos\\SharpMind\\SharpMind.Tests\\bin\\Debug\\net10.0\\SharpMind.Tests.dll","CodeFilePath":null,"LineNumber":0,"Properties":[{"Key":{"Id":"TestCase.ManagedType","Label":"ManagedType","Category":"","Description":"","Attributes":1,"ValueType":"System.String"},"Value":"SharpMind.Tests.Data.SafetyStageTests"},{"Key":{"Id":"XunitTestCaseUniqueID","Label":"xUnit.net Test Case Unique ID","Category":"","Description":"","Attributes":0,"ValueType":"System.String"},"Value":"db2a71e07f277de3499e84d7fc80045d2f10ebaa"},{"Key":{"Id":"TestCase.ManagedMethod","Label":"ManagedMethod","Category":"","Description":"","Attributes":1,"ValueType":"System.String"},"Value":"Pii_NoMatch_ReturnsDocumentUnchanged"},{"Key":{"Id":"XunitTestCaseExplicit","Label":"xUnit.net Test Case Explicit Flag","Category":"","Description":"","Attributes":0,"ValueType":"System.Boolean"},"Value":false}]}]}}
TpTrace Verbose: 0 : 15992, 10, 2026/07/20, 17:41:46.075, 374949502707, vstest.console.dll, TestRunRequest:SendTestRunStatsChange: Starting.
TpTrace Verbose: 0 : 15992, 10, 2026/07/20, 17:41:46.076, 374949504261, vstest.console.dll, InProgress is SharpMind.Tests.Data.SafetyStageTests.Pii_NoMatch_ReturnsDocumentUnchanged
TpTrace Verbose: 0 : 15992, 10, 2026/07/20, 17:41:46.076, 374949505272, vstest.console.dll, MulticastDelegateUtilities.SafeInvoke: TestRun.RunStatsChanged: Invoking callbacks was skipped because there are no subscribers.
TpTrace Information: 0 : 15992, 10, 2026/07/20, 17:41:46.076, 374949505874, vstest.console.dll, TestRunRequest:SendTestRunStatsChange: Completed.
TpTrace Verbose: 0 : 15992, 10, 2026/07/20, 17:41:46.076, 374949506500, vstest.console.dll, MulticastDelegateUtilities.SafeInvoke: LengthPrefixCommunicationChannel: MessageReceived: Invoking callback 1/1 for Microsoft.VisualStudio.TestPlatform.CommunicationUtilities.TestRequestSender+<>c__DisplayClass34_0., took 3 ms.
TpTrace Verbose: 0 : 15992, 10, 2026/07/20, 17:41:46.076, 374949507152, vstest.console.dll, TcpClientExtensions.MessageLoopAsync: Polling on remoteEndPoint: 127.0.0.1:55740 localEndPoint: 127.0.0.1:55739 after 83 ms
TpTrace Verbose: 0 : 15992, 4, 2026/07/20, 17:41:46.076, 374949508847, vstest.console.dll, MulticastDelegateUtilities.SafeInvoke: InternalTestLoggerEvents.SendTestResult: Invoking callback 1/1 for Microsoft.VisualStudio.TestPlatform.CommandLine.Internal.ConsoleLogger., took 0 ms.
TpTrace Verbose: 0 : 15992, 4, 2026/07/20, 17:41:46.076, 374949509735, vstest.console.dll, MulticastDelegateUtilities.SafeInvoke: InternalTestLoggerEvents.SendTestResult: Invoking callback 1/1 for Microsoft.VisualStudio.TestPlatform.CommandLine.Internal.ConsoleLogger., took 0 ms.
TpTrace Verbose: 0 : 15992, 4, 2026/07/20, 17:41:46.076, 374949510516, vstest.console.dll, MulticastDelegateUtilities.SafeInvoke: InternalTestLoggerEvents.SendTestResult: Invoking callback 1/1 for Microsoft.VisualStudio.TestPlatform.CommandLine.Internal.ConsoleLogger., took 0 ms.
TpTrace Verbose: 0 : 15992, 4, 2026/07/20, 17:41:46.076, 374949511275, vstest.console.dll, MulticastDelegateUtilities.SafeInvoke: InternalTestLoggerEvents.SendTestResult: Invoking callback 1/1 for Microsoft.VisualStudio.TestPlatform.CommandLine.Internal.ConsoleLogger., took 0 ms.
TpTrace Verbose: 0 : 15992, 4, 2026/07/20, 17:41:46.076, 374949512013, vstest.console.dll, MulticastDelegateUtilities.SafeInvoke: InternalTestLoggerEvents.SendTestResult: Invoking callback 1/1 for Microsoft.VisualStudio.TestPlatform.CommandLine.Internal.ConsoleLogger., took 0 ms.
TpTrace Verbose: 0 : 15992, 4, 2026/07/20, 17:41:46.076, 374949512785, vstest.console.dll, MulticastDelegateUtilities.SafeInvoke: InternalTestLoggerEvents.SendTestResult: Invoking callback 1/1 for Microsoft.VisualStudio.TestPlatform.CommandLine.Internal.ConsoleLogger., took 0 ms.
TpTrace Verbose: 0 : 15992, 4, 2026/07/20, 17:41:46.076, 374949513495, vstest.console.dll, MulticastDelegateUtilities.SafeInvoke: InternalTestLoggerEvents.SendTestResult: Invoking callback 1/1 for Microsoft.VisualStudio.TestPlatform.CommandLine.Internal.ConsoleLogger., took 0 ms.
TpTrace Verbose: 0 : 15992, 4, 2026/07/20, 17:41:46.077, 374949514354, vstest.console.dll, MulticastDelegateUtilities.SafeInvoke: InternalTestLoggerEvents.SendTestResult: Invoking callback 1/1 for Microsoft.VisualStudio.TestPlatform.CommandLine.Internal.ConsoleLogger., took 0 ms.
TpTrace Verbose: 0 : 15992, 4, 2026/07/20, 17:41:46.077, 374949515325, vstest.console.dll, MulticastDelegateUtilities.SafeInvoke: InternalTestLoggerEvents.SendTestResult: Invoking callback 1/1 for Microsoft.VisualStudio.TestPlatform.CommandLine.Internal.ConsoleLogger., took 0 ms.
TpTrace Verbose: 0 : 15992, 10, 2026/07/20, 17:41:46.097, 374949719677, vstest.console.dll, TcpClientExtensions.MessageLoopAsync: NotifyDataAvailable remoteEndPoint: 127.0.0.1:55740 localEndPoint: 127.0.0.1:55739
TpTrace Verbose: 0 : 15992, 10, 2026/07/20, 17:41:46.098, 374949724699, vstest.console.dll, TestRequestSender.OnExecutionMessageReceived: Received message: {"Version":7,"MessageType":"TestExecution.StatsChange","Payload":{"NewTestResults":[{"TestCase":{"Id":"d49924d5-daac-694e-4547-371ca26fee0a","FullyQualifiedName":"SharpMind.Tests.Chat.JinjaTemplateFormatterTests.Llama3_MultiTurn_AllMessagesFormatted","DisplayName":"SharpMind.Tests.Chat.JinjaTemplateFormatterTests.Llama3_MultiTurn_AllMessagesFormatted","ExecutorUri":"executor://xunit/VsTestRunner3/netcore/","Source":"C:\\Integral2u\\source\\repos\\SharpMind\\SharpMind.Tests\\bin\\Debug\\net10.0\\SharpMind.Tests.dll","CodeFilePath":null,"LineNumber":0,"Properties":[{"Key":{"Id":"TestCase.ManagedType","Label":"ManagedType","Category":"","Description":"","Attributes":1,"ValueType":"System.String"},"Value":"SharpMind.Tests.Chat.JinjaTemplateFormatterTests"},{"Key":{"Id":"XunitTestCaseUniqueID","Label":"xUnit.net Test Case Unique ID","Category":"","Description":"","Attributes":0,"ValueType":"System.String"},"Value":"1752399c054cfd6bc1858c992a93025ffbb04c88"},{"Key":{"Id":"TestCase.ManagedMethod","Label":"ManagedMethod","Category":"","Description":"","Attributes":1,"ValueType":"System.String"},"Value":"Llama3_MultiTurn_AllMessagesFormatted"},{"Key":{"Id":"XunitTestCaseExplicit","Label":"xUnit.net Test Case Explicit Flag","Category":"","Description":"","Attributes":0,"ValueType":"System.Boolean"},"Value":false}]},"Attachments":[],"Outcome":1,"ErrorMessage":null,"ErrorStackTrace":null,"DisplayName":"SharpMind.Tests.Chat.JinjaTemplateFormatterTests.Llama3_MultiTurn_AllMessagesFormatted","Messages":[],"ComputerName":"LAPTOP-MKMTSO1B","Duration":"00:00:00.0117177","StartTime":"2026-07-20T05:41:46.0730453+00:00","EndTime":"2026-07-20T05:41:46.0818412+00:00","Properties":[]},{"TestCase":{"Id":"a7c3f275-d2aa-c0ed-c904-5c2b226f6010","FullyQualifiedName":"SharpMind.Tests.Chat.JinjaTemplateFormatterTests.SmolLM2_SingleUserMessage_InjectsDefaultSystemAndAssistantPrompt","DisplayName":"SharpMind.Tests.Chat.JinjaTemplateFormatterTests.SmolLM2_SingleUserMessage_InjectsDefaultSystemAndAssistantPrompt","ExecutorUri":"executor://xunit/VsTestRunner3/netcore/","Source":"C:\\Integral2u\\source\\repos\\SharpMind\\SharpMind.Tests\\bin\\Debug\\net10.0\\SharpMind.Tests.dll","CodeFilePath":null,"LineNumber":0,"Properties":[{"Key":{"Id":"TestCase.ManagedType","Label":"ManagedType","Category":"","Description":"","Attributes":1,"ValueType":"System.String"},"Value":"SharpMind.Tests.Chat.JinjaTemplateFormatterTests"},{"Key":{"Id":"XunitTestCaseUniqueID","Label":"xUnit.net Test Case Unique ID","Category":"","Description":"","Attributes":0,"ValueType":"System.String"},"Value":"4b146f77fccbe47f88eb3ef39135d4bfcfb930f0"},{"Key":{"Id":"TestCase.ManagedMethod","Label":"ManagedMethod","Category":"","Description":"","Attributes":1,"ValueType":"System.String"},"Value":"SmolLM2_SingleUserMessage_InjectsDefaultSystemAndAssistantPrompt"},{"Key":{"Id":"XunitTestCaseExplicit","Label":"xUnit.net Test Case Explicit Flag","Category":"","Description":"","Attributes":0,"ValueType":"System.Boolean"},"Value":false}]},"Attachments":[],"Outcome":1,"ErrorMessage":null,"ErrorStackTrace":null,"DisplayName":"SharpMind.Tests.Chat.JinjaTemplateFormatterTests.SmolLM2_SingleUserMessage_InjectsDefaultSystemAndAssistantPrompt","Messages":[],"ComputerName":"LAPTOP-MKMTSO1B","Duration":"00:00:00.0011571","StartTime":"2026-07-20T05:41:46.0828951+00:00","EndTime":"2026-07-20T05:41:46.0830544+00:00","Properties":[]},{"TestCase":{"Id":"610dd9a0-21d8-b994-7f3a-e0abf7b89054","FullyQualifiedName":"SharpMind.Tests.Chat.JinjaTemplateFormatterTests.Eval_SplitLastSegment_Works","DisplayName":"SharpMind.Tests.Chat.JinjaTemplateFormatterTests.Eval_SplitLastSegment_Works","ExecutorUri":"executor://xunit/VsTestRunner3/netcore/","Source":"C:\\Integral2u\\source\\repos\\SharpMind\\SharpMind.Tests\\bin\\Debug\\net10.0\\SharpMind.Tests.dll","CodeFilePath":null,"LineNumber":0,"Properties":[{"Key":{"Id":"TestCase.ManagedType","Label":"ManagedType","Category":"","Description":"","Attributes":1,"ValueType":"System.String"},"Value":"SharpMind.Tests.Chat.JinjaTemplateFormatterTests"},{"Key":{"Id":"XunitTestCaseUniqueID","Label":"xUnit.net Test Case Unique ID","Category":"","Description":"","Attributes":0,"ValueType":"System.String"},"Value":"54f8206cd5c0a4257be6044b4b37cd42595e9f77"},{"Key":{"Id":"TestCase.ManagedMethod","Label":"ManagedMethod","Category":"","Description":"","Attributes":1,"ValueType":"System.String"},"Value":"Eval_SplitLastSegment_Works"},{"Key":{"Id":"XunitTestCaseExplicit","Label":"xUnit.net Test Case Explicit Flag","Category":"","Description":"","Attributes":0,"ValueType":"System.Boolean"},"Value":false}]},"Attachments":[],"Outcome":1,"ErrorMessage":null,"ErrorStackTrace":null,"DisplayName":"SharpMind.Tests.Chat.JinjaTemplateFormatterTests.Eval_SplitLastSegment_Works","Messages":[],"ComputerName":"LAPTOP-MKMTSO1B","Duration":"00:00:00.0005121","StartTime":"2026-07-20T05:41:46.0839606+00:00","EndTime":"2026-07-20T05:41:46.0841389+00:00","Properties":[]},{"TestCase":{"Id":"7fa007ed-86ce-a5d3-e65b-7f89d6ba2f44","FullyQualifiedName":"SharpMind.Tests.Chat.JinjaTemplateFormatterTests.SmolLM2_ExplicitSystemMessage_NoInjectedDefault","DisplayName":"SharpMind.Tests.Chat.JinjaTemplateFormatterTests.SmolLM2_ExplicitSystemMessage_NoInjectedDefault","ExecutorUri":"executor://xunit/VsTestRunner3/netcore/","Source":"C:\\Integral2u\\source\\repos\\SharpMind\\SharpMind.Tests\\bin\\Debug\\net10.0\\SharpMind.Tests.dll","CodeFilePath":null,"LineNumber":0,"Properties":[{"Key":{"Id":"TestCase.ManagedType","Label":"ManagedType","Category":"","Description":"","Attributes":1,"ValueType":"System.String"},"Value":"SharpMind.Tests.Chat.JinjaTemplateFormatterTests"},{"Key":{"Id":"XunitTestCaseUniqueID","Label":"xUnit.net Test Case Unique ID","Category":"","Description":"","Attributes":0,"ValueType":"System.String"},"Value":"5d084b2a5d85208f47697ca2158e6140fb4c3211"},{"Key":{"Id":"TestCase.ManagedMethod","Label":"ManagedMethod","Category":"","Description":"","Attributes":1,"ValueType":"System.String"},"Value":"SmolLM2_ExplicitSystemMessage_NoInjectedDefault"},{"Key":{"Id":"XunitTestCaseExplicit","Label":"xUnit.net Test Case Explicit Flag","Category":"","Description":"","Attributes":0,"ValueType":"System.Boolean"},"Value":false}]},"Attachments":[],"Outcome":1,"ErrorMessage":null,"ErrorStackTrace":null,"DisplayName":"SharpMind.Tests.Chat.JinjaTemplateFormatterTests.SmolLM2_ExplicitSystemMessage_NoInjectedDefault","Messages":[],"ComputerName":"LAPTOP-MKMTSO1B","Duration":"00:00:00.0012214","StartTime":"2026-07-20T05:41:46.0851173+00:00","EndTime":"2026-07-20T05:41:46.0852621+00:00","Properties":[]},{"TestCase":{"Id":"3536bbb8-3e55-814d-25b8-0d85427b2d9d","FullyQualifiedName":"SharpMind.Tests.Data.SafetyStageTests.Pii_NoMatch_ReturnsDocumentUnchanged","DisplayName":"SharpMind.Tests.Data.SafetyStageTests.Pii_NoMatch_ReturnsDocumentUnchanged","ExecutorUri":"executor://xunit/VsTestRunner3/netcore/","Source":"C:\\Integral2u\\source\\repos\\SharpMind\\SharpMind.Tests\\bin\\Debug\\net10.0\\SharpMind.Tests.dll","CodeFilePath":null,"LineNumber":0,"Properties":[{"Key":{"Id":"TestCase.ManagedType","Label":"ManagedType","Category":"","Description":"","Attributes":1,"ValueType":"System.String"},"Value":"SharpMind.Tests.Data.SafetyStageTests"},{"Key":{"Id":"XunitTestCaseUniqueID","Label":"xUnit.net Test Case Unique ID","Category":"","Description":"","Attributes":0,"ValueType":"System.String"},"Value":"db2a71e07f277de3499e84d7fc80045d2f10ebaa"},{"Key":{"Id":"TestCase.ManagedMethod","Label":"ManagedMethod","Category":"","Description":"","Attributes":1,"ValueType":"System.String"},"Value":"Pii_NoMatch_ReturnsDocumentUnchanged"},{"Key":{"Id":"XunitTestCaseExplicit","Label":"xUnit.net Test Case Explicit Flag","Category":"","Description":"","Attributes":0,"ValueType":"System.Boolean"},"Value":false}]},"Attachments":[],"Outcome":1,"ErrorMessage":null,"ErrorStackTrace":null,"DisplayName":"SharpMind.Tests.Data.SafetyStageTests.Pii_NoMatch_ReturnsDocumentUnchanged","Messages":[],"ComputerName":"LAPTOP-MKMTSO1B","Duration":"00:00:00.0334901","StartTime":"2026-07-20T05:41:46.0541392+00:00","EndTime":"2026-07-20T05:41:46.0854558+00:00","Properties":[]},{"TestCase":{"Id":"d5d76b52-6acb-9560-2e7c-869101d73cd3","FullyQualifiedName":"SharpMind.Tests.Data.SafetyStageTests.Blocklist_MultipleTerms_AnyMatchDiscards","DisplayName":"SharpMind.Tests.Data.SafetyStageTests.Blocklist_MultipleTerms_AnyMatchDiscards","ExecutorUri":"executor://xunit/VsTestRunner3/netcore/","Source":"C:\\Integral2u\\source\\repos\\SharpMind\\SharpMind.Tests\\bin\\Debug\\net10.0\\SharpMind.Tests.dll","CodeFilePath":null,"LineNumber":0,"Properties":[{"Key":{"Id":"TestCase.ManagedType","Label":"ManagedType","Category":"","Description":"","Attributes":1,"ValueType":"System.String"},"Value":"SharpMind.Tests.Data.SafetyStageTests"},{"Key":{"Id":"XunitTestCaseUniqueID","Label":"xUnit.net Test Case Unique ID","Category":"","Description":"","Attributes":0,"ValueType":"System.String"},"Value":"ea1e54f035875210edbfdafaf335e54f5356a53d"},{"Key":{"Id":"TestCase.ManagedMethod","Label":"ManagedMethod","Category":"","Description":"","Attributes":1,"ValueType":"System.String"},"Value":"Blocklist_MultipleTerms_AnyMatchDiscards"},{"Key":{"Id":"XunitTestCaseExplicit","Label":"xUnit.net Test Case Explicit Flag","Category":"","Description":"","Attributes":0,"ValueType":"System.Boolean"},"Value":false}]},"Attachments":[],"Outcome":1,"ErrorMessage":null,"ErrorStackTrace":null,"DisplayName":"SharpMind.Tests.Data.SafetyStageTests.Blocklist_MultipleTerms_AnyMatchDiscards","Messages":[],"ComputerName":"LAPTOP-MKMTSO1B","Duration":"00:00:00.0003956","StartTime":"2026-07-20T05:41:46.0872324+00:00","EndTime":"2026-07-20T05:41:46.0875641+00:00","Properties":[]},{"TestCase":{"Id":"c1aa2d79-a0a5-e9ba-6be5-905259635847","FullyQualifiedName":"SharpMind.Tests.Chat.JinjaTemplateFormatterTests.Llama3_SingleUserMessage_MatchesGolden","DisplayName":"SharpMind.Tests.Chat.JinjaTemplateFormatterTests.Llama3_SingleUserMessage_MatchesGolden","ExecutorUri":"executor://xunit/VsTestRunner3/netcore/","Source":"C:\\Integral2u\\source\\repos\\SharpMind\\SharpMind.Tests\\bin\\Debug\\net10.0\\SharpMind.Tests.dll","CodeFilePath":null,"LineNumber":0,"Properties":[{"Key":{"Id":"TestCase.ManagedType","Label":"ManagedType","Category":"","Description":"","Attributes":1,"ValueType":"System.String"},"Value":"SharpMind.Tests.Chat.JinjaTemplateFormatterTests"},{"Key":{"Id":"XunitTestCaseUniqueID","Label":"xUnit.net Test Case Unique ID","Category":"","Description":"","Attributes":0,"ValueType":"System.String"},"Value":"6318d1ce66ffa19986bfdae028f29fd4a28c6c7c"},{"Key":{"Id":"TestCase.ManagedMethod","Label":"ManagedMethod","Category":"","Description":"","Attributes":1,"ValueType":"System.String"},"Value":"Llama3_SingleUserMessage_MatchesGolden"},{"Key":{"Id":"XunitTestCaseExplicit","Label":"xUnit.net Test Case Explicit Flag","Category":"","Description":"","Attributes":0,"ValueType":"System.Boolean"},"Value":false}]},"Attachments":[],"Outcome":1,"ErrorMessage":null,"ErrorStackTrace":null,"DisplayName":"SharpMind.Tests.Chat.JinjaTemplateFormatterTests.Llama3_SingleUserMessage_MatchesGolden","Messages":[],"ComputerName":"LAPTOP-MKMTSO1B","Duration":"00:00:00.0008147","StartTime":"2026-07-20T05:41:46.0873125+00:00","EndTime":"2026-07-20T05:41:46.0886597+00:00","Properties":[]},{"TestCase":{"Id":"c9f5fba1-e702-6633-75f0-8e8bcb64c497","FullyQualifiedName":"SharpMind.Tests.Chat.JinjaTemplateFormatterTests.Eval_InOperator_SubstringFound","DisplayName":"SharpMind.Tests.Chat.JinjaTemplateFormatterTests.Eval_InOperator_SubstringFound","ExecutorUri":"executor://xunit/VsTestRunner3/netcore/","Source":"C:\\Integral2u\\source\\repos\\SharpMind\\SharpMind.Tests\\bin\\Debug\\net10.0\\SharpMind.Tests.dll","CodeFilePath":null,"LineNumber":0,"Properties":[{"Key":{"Id":"TestCase.ManagedType","Label":"ManagedType","Category":"","Description":"","Attributes":1,"ValueType":"System.String"},"Value":"SharpMind.Tests.Chat.JinjaTemplateFormatterTests"},{"Key":{"Id":"XunitTestCaseUniqueID","Label":"xUnit.net Test Case Unique ID","Category":"","Description":"","Attributes":0,"ValueType":"System.String"},"Value":"6d925fb161b5de7985bf30d3e2622c913d23d340"},{"Key":{"Id":"TestCase.ManagedMethod","Label":"ManagedMethod","Category":"","Description":"","Attributes":1,"ValueType":"System.String"},"Value":"Eval_InOperator_SubstringFound"},{"Key":{"Id":"XunitTestCaseExplicit","Label":"xUnit.net Test Case Explicit Flag","Category":"","Description":"","Attributes":0,"ValueType":"System.Boolean"},"Value":false}]},"Attachments":[],"Outcome":1,"ErrorMessage":null,"ErrorStackTrace":null,"DisplayName":"SharpMind.Tests.Chat.JinjaTemplateFormatterTests.Eval_InOperator_SubstringFound","Messages":[],"ComputerName":"LAPTOP-MKMTSO1B","Duration":"00:00:00.0003201","StartTime":"2026-07-20T05:41:46.089359+00:00","EndTime":"2026-07-20T05:41:46.0894893+00:00","Properties":[]}],"TestRunStatistics":{"ExecutedTests":120,"Stats":{"Passed":120}},"ActiveTests":[{"Id":"5df17b79-a438-41cc-ec0c-5822fdef612e","FullyQualifiedName":"SharpMind.Tests.Data.SafetyStageTests.Pii_MasksUrl","DisplayName":"SharpMind.Tests.Data.SafetyStageTests.Pii_MasksUrl","ExecutorUri":"executor://xunit/VsTestRunner3/netcore/","Source":"C:\\Integral2u\\source\\repos\\SharpMind\\SharpMind.Tests\\bin\\Debug\\net10.0\\SharpMind.Tests.dll","CodeFilePath":null,"LineNumber":0,"Properties":[{"Key":{"Id":"TestCase.ManagedType","Label":"ManagedType","Category":"","Description":"","Attributes":1,"ValueType":"System.String"},"Value":"SharpMind.Tests.Data.SafetyStageTests"},{"Key":{"Id":"XunitTestCaseUniqueID","Label":"xUnit.net Test Case Unique ID","Category":"","Description":"","Attributes":0,"ValueType":"System.String"},"Value":"f27ac3f54ce691377e992dec0c7e37a3839909e9"},{"Key":{"Id":"TestCase.ManagedMethod","Label":"ManagedMethod","Category":"","Description":"","Attributes":1,"ValueType":"System.String"},"Value":"Pii_MasksUrl"},{"Key":{"Id":"XunitTestCaseExplicit","Label":"xUnit.net Test Case Explicit Flag","Category":"","Description":"","Attributes":0,"ValueType":"System.Boolean"},"Value":false}]},{"Id":"f3b2a5e4-427f-2cb9-1650-8170dc1a84d4","FullyQualifiedName":"SharpMind.Tests.Chat.JinjaTemplateFormatterTests.Factory_EmptyTemplate_ReturnsFallback","DisplayName":"SharpMind.Tests.Chat.JinjaTemplateFormatterTests.Factory_EmptyTemplate_ReturnsFallback","ExecutorUri":"executor://xunit/VsTestRunner3/netcore/","Source":"C:\\Integral2u\\source\\repos\\SharpMind\\SharpMind.Tests\\bin\\Debug\\net10.0\\SharpMind.Tests.dll","CodeFilePath":null,"LineNumber":0,"Properties":[{"Key":{"Id":"TestCase.ManagedType","Label":"ManagedType","Category":"","Description":"","Attributes":1,"ValueType":"System.String"},"Value":"SharpMind.Tests.Chat.JinjaTemplateFormatterTests"},{"Key":{"Id":"XunitTestCaseUniqueID","Label":"xUnit.net Test Case Unique ID","Category":"","Description":"","Attributes":0,"ValueType":"System.String"},"Value":"716facb7ca688d40eead4e32b15aca255120f73c"},{"Key":{"Id":"TestCase.ManagedMethod","Label":"ManagedMethod","Category":"","Description":"","Attributes":1,"ValueType":"System.String"},"Value":"Factory_EmptyTemplate_ReturnsFallback"},{"Key":{"Id":"XunitTestCaseExplicit","Label":"xUnit.net Test Case Explicit Flag","Category":"","Description":"","Attributes":0,"ValueType":"System.Boolean"},"Value":false}]}]}}
TpTrace Verbose: 0 : 15992, 10, 2026/07/20, 17:41:46.101, 374949759219, vstest.console.dll, TestRunRequest:SendTestRunStatsChange: Starting.
TpTrace Verbose: 0 : 15992, 10, 2026/07/20, 17:41:46.101, 374949760399, vstest.console.dll, InProgress is SharpMind.Tests.Data.SafetyStageTests.Pii_MasksUrl
TpTrace Verbose: 0 : 15992, 10, 2026/07/20, 17:41:46.101, 374949761275, vstest.console.dll, InProgress is SharpMind.Tests.Chat.JinjaTemplateFormatterTests.Factory_EmptyTemplate_ReturnsFallback
TpTrace Verbose: 0 : 15992, 10, 2026/07/20, 17:41:46.101, 374949762261, vstest.console.dll, MulticastDelegateUtilities.SafeInvoke: TestRun.RunStatsChanged: Invoking callbacks was skipped because there are no subscribers.
TpTrace Information: 0 : 15992, 10, 2026/07/20, 17:41:46.101, 374949762789, vstest.console.dll, TestRunRequest:SendTestRunStatsChange: Completed.
TpTrace Verbose: 0 : 15992, 10, 2026/07/20, 17:41:46.101, 374949763308, vstest.console.dll, MulticastDelegateUtilities.SafeInvoke: LengthPrefixCommunicationChannel: MessageReceived: Invoking callback 1/1 for Microsoft.VisualStudio.TestPlatform.CommunicationUtilities.TestRequestSender+<>c__DisplayClass34_0., took 3 ms.
TpTrace Verbose: 0 : 15992, 10, 2026/07/20, 17:41:46.101, 374949763850, vstest.console.dll, TcpClientExtensions.MessageLoopAsync: Polling on remoteEndPoint: 127.0.0.1:55740 localEndPoint: 127.0.0.1:55739 after 25 ms
TpTrace Verbose: 0 : 15992, 4, 2026/07/20, 17:41:46.103, 374949776467, vstest.console.dll, MulticastDelegateUtilities.SafeInvoke: InternalTestLoggerEvents.SendTestResult: Invoking callback 1/1 for Microsoft.VisualStudio.TestPlatform.CommandLine.Internal.ConsoleLogger., took 0 ms.
TpTrace Verbose: 0 : 15992, 4, 2026/07/20, 17:41:46.103, 374949777632, vstest.console.dll, MulticastDelegateUtilities.SafeInvoke: InternalTestLoggerEvents.SendTestResult: Invoking callback 1/1 for Microsoft.VisualStudio.TestPlatform.CommandLine.Internal.ConsoleLogger., took 0 ms.
TpTrace Verbose: 0 : 15992, 4, 2026/07/20, 17:41:46.103, 374949778442, vstest.console.dll, MulticastDelegateUtilities.SafeInvoke: InternalTestLoggerEvents.SendTestResult: Invoking callback 1/1 for Microsoft.VisualStudio.TestPlatform.CommandLine.Internal.ConsoleLogger., took 0 ms.
TpTrace Verbose: 0 : 15992, 4, 2026/07/20, 17:41:46.103, 374949779210, vstest.console.dll, MulticastDelegateUtilities.SafeInvoke: InternalTestLoggerEvents.SendTestResult: Invoking callback 1/1 for Microsoft.VisualStudio.TestPlatform.CommandLine.Internal.ConsoleLogger., took 0 ms.
TpTrace Verbose: 0 : 15992, 4, 2026/07/20, 17:41:46.103, 374949780009, vstest.console.dll, MulticastDelegateUtilities.SafeInvoke: InternalTestLoggerEvents.SendTestResult: Invoking callback 1/1 for Microsoft.VisualStudio.TestPlatform.CommandLine.Internal.ConsoleLogger., took 0 ms.
TpTrace Verbose: 0 : 15992, 4, 2026/07/20, 17:41:46.103, 374949782246, vstest.console.dll, MulticastDelegateUtilities.SafeInvoke: InternalTestLoggerEvents.SendTestResult: Invoking callback 1/1 for Microsoft.VisualStudio.TestPlatform.CommandLine.Internal.ConsoleLogger., took 0 ms.
TpTrace Verbose: 0 : 15992, 4, 2026/07/20, 17:41:46.103, 374949783205, vstest.console.dll, MulticastDelegateUtilities.SafeInvoke: InternalTestLoggerEvents.SendTestResult: Invoking callback 1/1 for Microsoft.VisualStudio.TestPlatform.CommandLine.Internal.ConsoleLogger., took 0 ms.
TpTrace Verbose: 0 : 15992, 4, 2026/07/20, 17:41:46.103, 374949784042, vstest.console.dll, MulticastDelegateUtilities.SafeInvoke: InternalTestLoggerEvents.SendTestResult: Invoking callback 1/1 for Microsoft.VisualStudio.TestPlatform.CommandLine.Internal.ConsoleLogger., took 0 ms.
TpTrace Verbose: 0 : 15992, 10, 2026/07/20, 17:41:46.115, 374949897217, vstest.console.dll, TcpClientExtensions.MessageLoopAsync: NotifyDataAvailable remoteEndPoint: 127.0.0.1:55740 localEndPoint: 127.0.0.1:55739
TpTrace Verbose: 0 : 15992, 10, 2026/07/20, 17:41:46.115, 374949901622, vstest.console.dll, TestRequestSender.OnExecutionMessageReceived: Received message: {"Version":7,"MessageType":"TestExecution.StatsChange","Payload":{"NewTestResults":[{"TestCase":{"Id":"f3b2a5e4-427f-2cb9-1650-8170dc1a84d4","FullyQualifiedName":"SharpMind.Tests.Chat.JinjaTemplateFormatterTests.Factory_EmptyTemplate_ReturnsFallback","DisplayName":"SharpMind.Tests.Chat.JinjaTemplateFormatterTests.Factory_EmptyTemplate_ReturnsFallback","ExecutorUri":"executor://xunit/VsTestRunner3/netcore/","Source":"C:\\Integral2u\\source\\repos\\SharpMind\\SharpMind.Tests\\bin\\Debug\\net10.0\\SharpMind.Tests.dll","CodeFilePath":null,"LineNumber":0,"Properties":[{"Key":{"Id":"TestCase.ManagedType","Label":"ManagedType","Category":"","Description":"","Attributes":1,"ValueType":"System.String"},"Value":"SharpMind.Tests.Chat.JinjaTemplateFormatterTests"},{"Key":{"Id":"XunitTestCaseUniqueID","Label":"xUnit.net Test Case Unique ID","Category":"","Description":"","Attributes":0,"ValueType":"System.String"},"Value":"716facb7ca688d40eead4e32b15aca255120f73c"},{"Key":{"Id":"TestCase.ManagedMethod","Label":"ManagedMethod","Category":"","Description":"","Attributes":1,"ValueType":"System.String"},"Value":"Factory_EmptyTemplate_ReturnsFallback"},{"Key":{"Id":"XunitTestCaseExplicit","Label":"xUnit.net Test Case Explicit Flag","Category":"","Description":"","Attributes":0,"ValueType":"System.Boolean"},"Value":false}]},"Attachments":[],"Outcome":1,"ErrorMessage":null,"ErrorStackTrace":null,"DisplayName":"SharpMind.Tests.Chat.JinjaTemplateFormatterTests.Factory_EmptyTemplate_ReturnsFallback","Messages":[],"ComputerName":"LAPTOP-MKMTSO1B","Duration":"00:00:00.0013629","StartTime":"2026-07-20T05:41:46.0980067+00:00","EndTime":"2026-07-20T05:41:46.0981755+00:00","Properties":[]},{"TestCase":{"Id":"234ea69a-398d-3e8a-8e5d-0e8a6526d33c","FullyQualifiedName":"SharpMind.Tests.Chat.JinjaTemplateFormatterTests.Factory_NullTemplate_ReturnsFallback","DisplayName":"SharpMind.Tests.Chat.JinjaTemplateFormatterTests.Factory_NullTemplate_ReturnsFallback","ExecutorUri":"executor://xunit/VsTestRunner3/netcore/","Source":"C:\\Integral2u\\source\\repos\\SharpMind\\SharpMind.Tests\\bin\\Debug\\net10.0\\SharpMind.Tests.dll","CodeFilePath":null,"LineNumber":0,"Properties":[{"Key":{"Id":"TestCase.ManagedType","Label":"ManagedType","Category":"","Description":"","Attributes":1,"ValueType":"System.String"},"Value":"SharpMind.Tests.Chat.JinjaTemplateFormatterTests"},{"Key":{"Id":"XunitTestCaseUniqueID","Label":"xUnit.net Test Case Unique ID","Category":"","Description":"","Attributes":0,"ValueType":"System.String"},"Value":"726525d77e4048e9f14aaae3c5d0afb247aa80e6"},{"Key":{"Id":"TestCase.ManagedMethod","Label":"ManagedMethod","Category":"","Description":"","Attributes":1,"ValueType":"System.String"},"Value":"Factory_NullTemplate_ReturnsFallback"},{"Key":{"Id":"XunitTestCaseExplicit","Label":"xUnit.net Test Case Explicit Flag","Category":"","Description":"","Attributes":0,"ValueType":"System.Boolean"},"Value":false}]},"Attachments":[],"Outcome":1,"ErrorMessage":null,"ErrorStackTrace":null,"DisplayName":"SharpMind.Tests.Chat.JinjaTemplateFormatterTests.Factory_NullTemplate_ReturnsFallback","Messages":[],"ComputerName":"LAPTOP-MKMTSO1B","Duration":"00:00:00.0002108","StartTime":"2026-07-20T05:41:46.0989977+00:00","EndTime":"2026-07-20T05:41:46.0991331+00:00","Properties":[]},{"TestCase":{"Id":"73ef88bb-d319-88bf-7fdc-c4338e5719a0","FullyQualifiedName":"SharpMind.Tests.Chat.JinjaTemplateFormatterTests.Qwen2_MultiTurn_FormatsAllRoles","DisplayName":"SharpMind.Tests.Chat.JinjaTemplateFormatterTests.Qwen2_MultiTurn_FormatsAllRoles","ExecutorUri":"executor://xunit/VsTestRunner3/netcore/","Source":"C:\\Integral2u\\source\\repos\\SharpMind\\SharpMind.Tests\\bin\\Debug\\net10.0\\SharpMind.Tests.dll","CodeFilePath":null,"LineNumber":0,"Properties":[{"Key":{"Id":"TestCase.ManagedType","Label":"ManagedType","Category":"","Description":"","Attributes":1,"ValueType":"System.String"},"Value":"SharpMind.Tests.Chat.JinjaTemplateFormatterTests"},{"Key":{"Id":"XunitTestCaseUniqueID","Label":"xUnit.net Test Case Unique ID","Category":"","Description":"","Attributes":0,"ValueType":"System.String"},"Value":"73388b694f797a32aa94138a8278cae538ad5157"},{"Key":{"Id":"TestCase.ManagedMethod","Label":"ManagedMethod","Category":"","Description":"","Attributes":1,"ValueType":"System.String"},"Value":"Qwen2_MultiTurn_FormatsAllRoles"},{"Key":{"Id":"XunitTestCaseExplicit","Label":"xUnit.net Test Case Explicit Flag","Category":"","Description":"","Attributes":0,"ValueType":"System.Boolean"},"Value":false}]},"Attachments":[],"Outcome":1,"ErrorMessage":null,"ErrorStackTrace":null,"DisplayName":"SharpMind.Tests.Chat.JinjaTemplateFormatterTests.Qwen2_MultiTurn_FormatsAllRoles","Messages":[],"ComputerName":"LAPTOP-MKMTSO1B","Duration":"00:00:00.0019091","StartTime":"2026-07-20T05:41:46.099768+00:00","EndTime":"2026-07-20T05:41:46.0998907+00:00","Properties":[]},{"TestCase":{"Id":"5df17b79-a438-41cc-ec0c-5822fdef612e","FullyQualifiedName":"SharpMind.Tests.Data.SafetyStageTests.Pii_MasksUrl","DisplayName":"SharpMind.Tests.Data.SafetyStageTests.Pii_MasksUrl","ExecutorUri":"executor://xunit/VsTestRunner3/netcore/","Source":"C:\\Integral2u\\source\\repos\\SharpMind\\SharpMind.Tests\\bin\\Debug\\net10.0\\SharpMind.Tests.dll","CodeFilePath":null,"LineNumber":0,"Properties":[{"Key":{"Id":"TestCase.ManagedType","Label":"ManagedType","Category":"","Description":"","Attributes":1,"ValueType":"System.String"},"Value":"SharpMind.Tests.Data.SafetyStageTests"},{"Key":{"Id":"XunitTestCaseUniqueID","Label":"xUnit.net Test Case Unique ID","Category":"","Description":"","Attributes":0,"ValueType":"System.String"},"Value":"f27ac3f54ce691377e992dec0c7e37a3839909e9"},{"Key":{"Id":"TestCase.ManagedMethod","Label":"ManagedMethod","Category":"","Description":"","Attributes":1,"ValueType":"System.String"},"Value":"Pii_MasksUrl"},{"Key":{"Id":"XunitTestCaseExplicit","Label":"xUnit.net Test Case Explicit Flag","Category":"","Description":"","Attributes":0,"ValueType":"System.Boolean"},"Value":false}]},"Attachments":[],"Outcome":1,"ErrorMessage":null,"ErrorStackTrace":null,"DisplayName":"SharpMind.Tests.Data.SafetyStageTests.Pii_MasksUrl","Messages":[],"ComputerName":"LAPTOP-MKMTSO1B","Duration":"00:00:00.0047198","StartTime":"2026-07-20T05:41:46.0885296+00:00","EndTime":"2026-07-20T05:41:46.1006583+00:00","Properties":[]},{"TestCase":{"Id":"667b99ac-e63b-c238-22ac-7e892f29a720","FullyQualifiedName":"SharpMind.Tests.Chat.JinjaTemplateFormatterTests.TinyLlama_SystemAndUser_BothFormatted","DisplayName":"SharpMind.Tests.Chat.JinjaTemplateFormatterTests.TinyLlama_SystemAndUser_BothFormatted","ExecutorUri":"executor://xunit/VsTestRunner3/netcore/","Source":"C:\\Integral2u\\source\\repos\\SharpMind\\SharpMind.Tests\\bin\\Debug\\net10.0\\SharpMind.Tests.dll","CodeFilePath":null,"LineNumber":0,"Properties":[{"Key":{"Id":"TestCase.ManagedType","Label":"ManagedType","Category":"","Description":"","Attributes":1,"ValueType":"System.String"},"Value":"SharpMind.Tests.Chat.JinjaTemplateFormatterTests"},{"Key":{"Id":"XunitTestCaseUniqueID","Label":"xUnit.net Test Case Unique ID","Category":"","Description":"","Attributes":0,"ValueType":"System.String"},"Value":"96df62ce9b8f1cf27f767cd8af281754f79a8644"},{"Key":{"Id":"TestCase.ManagedMethod","Label":"ManagedMethod","Category":"","Description":"","Attributes":1,"ValueType":"System.String"},"Value":"TinyLlama_SystemAndUser_BothFormatted"},{"Key":{"Id":"XunitTestCaseExplicit","Label":"xUnit.net Test Case Explicit Flag","Category":"","Description":"","Attributes":0,"ValueType":"System.Boolean"},"Value":false}]},"Attachments":[],"Outcome":1,"ErrorMessage":null,"ErrorStackTrace":null,"DisplayName":"SharpMind.Tests.Chat.JinjaTemplateFormatterTests.TinyLlama_SystemAndUser_BothFormatted","Messages":[],"ComputerName":"LAPTOP-MKMTSO1B","Duration":"00:00:00.0010965","StartTime":"2026-07-20T05:41:46.1005352+00:00","EndTime":"2026-07-20T05:41:46.1015413+00:00","Properties":[]},{"TestCase":{"Id":"de778138-572a-7dcb-f85e-2dab1740f4f8","FullyQualifiedName":"SharpMind.Tests.Chat.JinjaTemplateFormatterTests.Eval_StringConcat_Works","DisplayName":"SharpMind.Tests.Chat.JinjaTemplateFormatterTests.Eval_StringConcat_Works","ExecutorUri":"executor://xunit/VsTestRunner3/netcore/","Source":"C:\\Integral2u\\source\\repos\\SharpMind\\SharpMind.Tests\\bin\\Debug\\net10.0\\SharpMind.Tests.dll","CodeFilePath":null,"LineNumber":0,"Properties":[{"Key":{"Id":"TestCase.ManagedType","Label":"ManagedType","Category":"","Description":"","Attributes":1,"ValueType":"System.String"},"Value":"SharpMind.Tests.Chat.JinjaTemplateFormatterTests"},{"Key":{"Id":"XunitTestCaseUniqueID","Label":"xUnit.net Test Case Unique ID","Category":"","Description":"","Attributes":0,"ValueType":"System.String"},"Value":"a9739687d6c1b168e6be8f3982da42f0e9a0796e"},{"Key":{"Id":"TestCase.ManagedMethod","Label":"ManagedMethod","Category":"","Description":"","Attributes":1,"ValueType":"System.String"},"Value":"Eval_StringConcat_Works"},{"Key":{"Id":"XunitTestCaseExplicit","Label":"xUnit.net Test Case Explicit Flag","Category":"","Description":"","Attributes":0,"ValueType":"System.Boolean"},"Value":false}]},"Attachments":[],"Outcome":1,"ErrorMessage":null,"ErrorStackTrace":null,"DisplayName":"SharpMind.Tests.Chat.JinjaTemplateFormatterTests.Eval_StringConcat_Works","Messages":[],"ComputerName":"LAPTOP-MKMTSO1B","Duration":"00:00:00.0111180","StartTime":"2026-07-20T05:41:46.1026473+00:00","EndTime":"2026-07-20T05:41:46.1028107+00:00","Properties":[]},{"TestCase":{"Id":"df7a777c-fc5c-b5a6-2f26-1bcfc8f6e7cc","FullyQualifiedName":"SharpMind.Tests.Chat.JinjaTemplateFormatterTests.Factory_WithTemplate_ReturnsJinjaFormatter","DisplayName":"SharpMind.Tests.Chat.JinjaTemplateFormatterTests.Factory_WithTemplate_ReturnsJinjaFormatter","ExecutorUri":"executor://xunit/VsTestRunner3/netcore/","Source":"C:\\Integral2u\\source\\repos\\SharpMind\\SharpMind.Tests\\bin\\Debug\\net10.0\\SharpMind.Tests.dll","CodeFilePath":null,"LineNumber":0,"Properties":[{"Key":{"Id":"TestCase.ManagedType","Label":"ManagedType","Category":"","Description":"","Attributes":1,"ValueType":"System.String"},"Value":"SharpMind.Tests.Chat.JinjaTemplateFormatterTests"},{"Key":{"Id":"XunitTestCaseUniqueID","Label":"xUnit.net Test Case Unique ID","Category":"","Description":"","Attributes":0,"ValueType":"System.String"},"Value":"bc1ccbeb6dd1db262d89d3bd230f0bbe009bfa86"},{"Key":{"Id":"TestCase.ManagedMethod","Label":"ManagedMethod","Category":"","Description":"","Attributes":1,"ValueType":"System.String"},"Value":"Factory_WithTemplate_ReturnsJinjaFormatter"},{"Key":{"Id":"XunitTestCaseExplicit","Label":"xUnit.net Test Case Explicit Flag","Category":"","Description":"","Attributes":0,"ValueType":"System.Boolean"},"Value":false}]},"Attachments":[],"Outcome":1,"ErrorMessage":null,"ErrorStackTrace":null,"DisplayName":"SharpMind.Tests.Chat.JinjaTemplateFormatterTests.Factory_WithTemplate_ReturnsJinjaFormatter","Messages":[],"ComputerName":"LAPTOP-MKMTSO1B","Duration":"00:00:00.0002844","StartTime":"2026-07-20T05:41:46.1064413+00:00","EndTime":"2026-07-20T05:41:46.1065577+00:00","Properties":[]},{"TestCase":{"Id":"ce1f805f-74f4-6bf7-f32f-de1cc7883f6f","FullyQualifiedName":"SharpMind.Tests.Chat.JinjaTemplateFormatterTests.TinyLlama_UserMessage_UsesZephyrTokens","DisplayName":"SharpMind.Tests.Chat.JinjaTemplateFormatterTests.TinyLlama_UserMessage_UsesZephyrTokens","ExecutorUri":"executor://xunit/VsTestRunner3/netcore/","Source":"C:\\Integral2u\\source\\repos\\SharpMind\\SharpMind.Tests\\bin\\Debug\\net10.0\\SharpMind.Tests.dll","CodeFilePath":null,"LineNumber":0,"Properties":[{"Key":{"Id":"TestCase.ManagedType","Label":"ManagedType","Category":"","Description":"","Attributes":1,"ValueType":"System.String"},"Value":"SharpMind.Tests.Chat.JinjaTemplateFormatterTests"},{"Key":{"Id":"XunitTestCaseUniqueID","Label":"xUnit.net Test Case Unique ID","Category":"","Description":"","Attributes":0,"ValueType":"System.String"},"Value":"bf21e413301266eddb78dacec86b4bf3bc5b6f86"},{"Key":{"Id":"TestCase.ManagedMethod","Label":"ManagedMethod","Category":"","Description":"","Attributes":1,"ValueType":"System.String"},"Value":"TinyLlama_UserMessage_UsesZephyrTokens"},{"Key":{"Id":"XunitTestCaseExplicit","Label":"xUnit.net Test Case Explicit Flag","Category":"","Description":"","Attributes":0,"ValueType":"System.Boolean"},"Value":false}]},"Attachments":[],"Outcome":1,"ErrorMessage":null,"ErrorStackTrace":null,"DisplayName":"SharpMind.Tests.Chat.JinjaTemplateFormatterTests.TinyLlama_UserMessage_UsesZephyrTokens","Messages":[],"ComputerName":"LAPTOP-MKMTSO1B","Duration":"00:00:00.0006153","StartTime":"2026-07-20T05:41:46.1072576+00:00","EndTime":"2026-07-20T05:41:46.107392+00:00","Properties":[]}],"TestRunStatistics":{"ExecutedTests":128,"Stats":{"Passed":128}},"ActiveTests":[{"Id":"0234c310-4ee4-c7eb-a54d-fd2c8e4aedd2","FullyQualifiedName":"SharpMind.Tests.Quantization.HalfToFloatTests.HalfToFloat_Scalar_ReturnsCorrectBits","DisplayName":"SharpMind.Tests.Quantization.HalfToFloatTests.HalfToFloat_Scalar_ReturnsCorrectBits(half: 1024, expectedBits: 947912704, _: \"min normal\")","ExecutorUri":"executor://xunit/VsTestRunner3/netcore/","Source":"C:\\Integral2u\\source\\repos\\SharpMind\\SharpMind.Tests\\bin\\Debug\\net10.0\\SharpMind.Tests.dll","CodeFilePath":null,"LineNumber":0,"Properties":[{"Key":{"Id":"TestCase.ManagedType","Label":"ManagedType","Category":"","Description":"","Attributes":1,"ValueType":"System.String"},"Value":"SharpMind.Tests.Quantization.HalfToFloatTests"},{"Key":{"Id":"XunitTestCaseUniqueID","Label":"xUnit.net Test Case Unique ID","Category":"","Description":"","Attributes":0,"ValueType":"System.String"},"Value":"106d3079837396d147b40aece941dd31358844f2"},{"Key":{"Id":"TestCase.ManagedMethod","Label":"ManagedMethod","Category":"","Description":"","Attributes":1,"ValueType":"System.String"},"Value":"HalfToFloat_Scalar_ReturnsCorrectBits"},{"Key":{"Id":"XunitTestCaseExplicit","Label":"xUnit.net Test Case Explicit Flag","Category":"","Description":"","Attributes":0,"ValueType":"System.Boolean"},"Value":false}]},{"Id":"86cf6cba-094f-a5bb-ab9c-ba672eceb67f","FullyQualifiedName":"SharpMind.Tests.Chat.JinjaTemplateFormatterTests.Eval_IsNotNone_True","DisplayName":"SharpMind.Tests.Chat.JinjaTemplateFormatterTests.Eval_IsNotNone_True","ExecutorUri":"executor://xunit/VsTestRunner3/netcore/","Source":"C:\\Integral2u\\source\\repos\\SharpMind\\SharpMind.Tests\\bin\\Debug\\net10.0\\SharpMind.Tests.dll","CodeFilePath":null,"LineNumber":0,"Properties":[{"Key":{"Id":"TestCase.ManagedType","Label":"ManagedType","Category":"","Description":"","Attributes":1,"ValueType":"System.String"},"Value":"SharpMind.Tests.Chat.JinjaTemplateFormatterTests"},{"Key":{"Id":"XunitTestCaseUniqueID","Label":"xUnit.net Test Case Unique ID","Category":"","Description":"","Attributes":0,"ValueType":"System.String"},"Value":"c0abad86b0cb2526f033779699aa7455751052a6"},{"Key":{"Id":"TestCase.ManagedMethod","Label":"ManagedMethod","Category":"","Description":"","Attributes":1,"ValueType":"System.String"},"Value":"Eval_IsNotNone_True"},{"Key":{"Id":"XunitTestCaseExplicit","Label":"xUnit.net Test Case Explicit Flag","Category":"","Description":"","Attributes":0,"ValueType":"System.Boolean"},"Value":false}]}]}}
TpTrace Verbose: 0 : 15992, 10, 2026/07/20, 17:41:46.118, 374949933963, vstest.console.dll, TestRunRequest:SendTestRunStatsChange: Starting.
TpTrace Verbose: 0 : 15992, 10, 2026/07/20, 17:41:46.119, 374949936000, vstest.console.dll, InProgress is SharpMind.Tests.Quantization.HalfToFloatTests.HalfToFloat_Scalar_ReturnsCorrectBits(half: 1024, expectedBits: 947912704, _: "min normal")
TpTrace Verbose: 0 : 15992, 10, 2026/07/20, 17:41:46.119, 374949936690, vstest.console.dll, InProgress is SharpMind.Tests.Chat.JinjaTemplateFormatterTests.Eval_IsNotNone_True
TpTrace Verbose: 0 : 15992, 10, 2026/07/20, 17:41:46.119, 374949937485, vstest.console.dll, MulticastDelegateUtilities.SafeInvoke: TestRun.RunStatsChanged: Invoking callbacks was skipped because there are no subscribers.
TpTrace Information: 0 : 15992, 10, 2026/07/20, 17:41:46.119, 374949938034, vstest.console.dll, TestRunRequest:SendTestRunStatsChange: Completed.
TpTrace Verbose: 0 : 15992, 10, 2026/07/20, 17:41:46.119, 374949938586, vstest.console.dll, MulticastDelegateUtilities.SafeInvoke: LengthPrefixCommunicationChannel: MessageReceived: Invoking callback 1/1 for Microsoft.VisualStudio.TestPlatform.CommunicationUtilities.TestRequestSender+<>c__DisplayClass34_0., took 3 ms.
TpTrace Verbose: 0 : 15992, 10, 2026/07/20, 17:41:46.119, 374949939248, vstest.console.dll, TcpClientExtensions.MessageLoopAsync: Polling on remoteEndPoint: 127.0.0.1:55740 localEndPoint: 127.0.0.1:55739 after 17 ms
TpTrace Verbose: 0 : 15992, 4, 2026/07/20, 17:41:46.119, 374949941618, vstest.console.dll, MulticastDelegateUtilities.SafeInvoke: InternalTestLoggerEvents.SendTestResult: Invoking callback 1/1 for Microsoft.VisualStudio.TestPlatform.CommandLine.Internal.ConsoleLogger., took 0 ms.
TpTrace Verbose: 0 : 15992, 4, 2026/07/20, 17:41:46.119, 374949942639, vstest.console.dll, MulticastDelegateUtilities.SafeInvoke: InternalTestLoggerEvents.SendTestResult: Invoking callback 1/1 for Microsoft.VisualStudio.TestPlatform.CommandLine.Internal.ConsoleLogger., took 0 ms.
TpTrace Verbose: 0 : 15992, 4, 2026/07/20, 17:41:46.119, 374949943448, vstest.console.dll, MulticastDelegateUtilities.SafeInvoke: InternalTestLoggerEvents.SendTestResult: Invoking callback 1/1 for Microsoft.VisualStudio.TestPlatform.CommandLine.Internal.ConsoleLogger., took 0 ms.
TpTrace Verbose: 0 : 15992, 4, 2026/07/20, 17:41:46.120, 374949944284, vstest.console.dll, MulticastDelegateUtilities.SafeInvoke: InternalTestLoggerEvents.SendTestResult: Invoking callback 1/1 for Microsoft.VisualStudio.TestPlatform.CommandLine.Internal.ConsoleLogger., took 0 ms.
TpTrace Verbose: 0 : 15992, 4, 2026/07/20, 17:41:46.120, 374949945060, vstest.console.dll, MulticastDelegateUtilities.SafeInvoke: InternalTestLoggerEvents.SendTestResult: Invoking callback 1/1 for Microsoft.VisualStudio.TestPlatform.CommandLine.Internal.ConsoleLogger., took 0 ms.
TpTrace Verbose: 0 : 15992, 4, 2026/07/20, 17:41:46.120, 374949945860, vstest.console.dll, MulticastDelegateUtilities.SafeInvoke: InternalTestLoggerEvents.SendTestResult: Invoking callback 1/1 for Microsoft.VisualStudio.TestPlatform.CommandLine.Internal.ConsoleLogger., took 0 ms.
TpTrace Verbose: 0 : 15992, 4, 2026/07/20, 17:41:46.120, 374949946665, vstest.console.dll, MulticastDelegateUtilities.SafeInvoke: InternalTestLoggerEvents.SendTestResult: Invoking callback 1/1 for Microsoft.VisualStudio.TestPlatform.CommandLine.Internal.ConsoleLogger., took 0 ms.
TpTrace Verbose: 0 : 15992, 4, 2026/07/20, 17:41:46.120, 374949947429, vstest.console.dll, MulticastDelegateUtilities.SafeInvoke: InternalTestLoggerEvents.SendTestResult: Invoking callback 1/1 for Microsoft.VisualStudio.TestPlatform.CommandLine.Internal.ConsoleLogger., took 0 ms.
TpTrace Verbose: 0 : 15992, 10, 2026/07/20, 17:41:46.142, 374950173149, vstest.console.dll, TcpClientExtensions.MessageLoopAsync: NotifyDataAvailable remoteEndPoint: 127.0.0.1:55740 localEndPoint: 127.0.0.1:55739
TpTrace Verbose: 0 : 15992, 10, 2026/07/20, 17:41:46.143, 374950177449, vstest.console.dll, TestRequestSender.OnExecutionMessageReceived: Received message: {"Version":7,"MessageType":"TestExecution.StatsChange","Payload":{"NewTestResults":[{"TestCase":{"Id":"86cf6cba-094f-a5bb-ab9c-ba672eceb67f","FullyQualifiedName":"SharpMind.Tests.Chat.JinjaTemplateFormatterTests.Eval_IsNotNone_True","DisplayName":"SharpMind.Tests.Chat.JinjaTemplateFormatterTests.Eval_IsNotNone_True","ExecutorUri":"executor://xunit/VsTestRunner3/netcore/","Source":"C:\\Integral2u\\source\\repos\\SharpMind\\SharpMind.Tests\\bin\\Debug\\net10.0\\SharpMind.Tests.dll","CodeFilePath":null,"LineNumber":0,"Properties":[{"Key":{"Id":"TestCase.ManagedType","Label":"ManagedType","Category":"","Description":"","Attributes":1,"ValueType":"System.String"},"Value":"SharpMind.Tests.Chat.JinjaTemplateFormatterTests"},{"Key":{"Id":"XunitTestCaseUniqueID","Label":"xUnit.net Test Case Unique ID","Category":"","Description":"","Attributes":0,"ValueType":"System.String"},"Value":"c0abad86b0cb2526f033779699aa7455751052a6"},{"Key":{"Id":"TestCase.ManagedMethod","Label":"ManagedMethod","Category":"","Description":"","Attributes":1,"ValueType":"System.String"},"Value":"Eval_IsNotNone_True"},{"Key":{"Id":"XunitTestCaseExplicit","Label":"xUnit.net Test Case Explicit Flag","Category":"","Description":"","Attributes":0,"ValueType":"System.Boolean"},"Value":false}]},"Attachments":[],"Outcome":1,"ErrorMessage":null,"ErrorStackTrace":null,"DisplayName":"SharpMind.Tests.Chat.JinjaTemplateFormatterTests.Eval_IsNotNone_True","Messages":[],"ComputerName":"LAPTOP-MKMTSO1B","Duration":"00:00:00.0005565","StartTime":"2026-07-20T05:41:46.1198824+00:00","EndTime":"2026-07-20T05:41:46.1200543+00:00","Properties":[]},{"TestCase":{"Id":"0234c310-4ee4-c7eb-a54d-fd2c8e4aedd2","FullyQualifiedName":"SharpMind.Tests.Quantization.HalfToFloatTests.HalfToFloat_Scalar_ReturnsCorrectBits","DisplayName":"SharpMind.Tests.Quantization.HalfToFloatTests.HalfToFloat_Scalar_ReturnsCorrectBits(half: 1024, expectedBits: 947912704, _: \"min normal\")","ExecutorUri":"executor://xunit/VsTestRunner3/netcore/","Source":"C:\\Integral2u\\source\\repos\\SharpMind\\SharpMind.Tests\\bin\\Debug\\net10.0\\SharpMind.Tests.dll","CodeFilePath":null,"LineNumber":0,"Properties":[{"Key":{"Id":"TestCase.ManagedType","Label":"ManagedType","Category":"","Description":"","Attributes":1,"ValueType":"System.String"},"Value":"SharpMind.Tests.Quantization.HalfToFloatTests"},{"Key":{"Id":"XunitTestCaseUniqueID","Label":"xUnit.net Test Case Unique ID","Category":"","Description":"","Attributes":0,"ValueType":"System.String"},"Value":"106d3079837396d147b40aece941dd31358844f2"},{"Key":{"Id":"TestCase.ManagedMethod","Label":"ManagedMethod","Category":"","Description":"","Attributes":1,"ValueType":"System.String"},"Value":"HalfToFloat_Scalar_ReturnsCorrectBits"},{"Key":{"Id":"XunitTestCaseExplicit","Label":"xUnit.net Test Case Explicit Flag","Category":"","Description":"","Attributes":0,"ValueType":"System.Boolean"},"Value":false}]},"Attachments":[],"Outcome":1,"ErrorMessage":null,"ErrorStackTrace":null,"DisplayName":"SharpMind.Tests.Quantization.HalfToFloatTests.HalfToFloat_Scalar_ReturnsCorrectBits(half: 1024, expectedBits: 947912704, _: \"min normal\")","Messages":[],"ComputerName":"LAPTOP-MKMTSO1B","Duration":"00:00:00.0226568","StartTime":"2026-07-20T05:41:46.1014195+00:00","EndTime":"2026-07-20T05:41:46.1316064+00:00","Properties":[]},{"TestCase":{"Id":"a1365717-05be-4b2e-7b75-f4caeb03fbe3","FullyQualifiedName":"SharpMind.Tests.Quantization.HalfToFloatTests.HalfToFloat_Scalar_ReturnsCorrectBits","DisplayName":"SharpMind.Tests.Quantization.HalfToFloatTests.HalfToFloat_Scalar_ReturnsCorrectBits(half: 1, expectedBits: 864026624, _: \"min subnormal\")","ExecutorUri":"executor://xunit/VsTestRunner3/netcore/","Source":"C:\\Integral2u\\source\\repos\\SharpMind\\SharpMind.Tests\\bin\\Debug\\net10.0\\SharpMind.Tests.dll","CodeFilePath":null,"LineNumber":0,"Properties":[{"Key":{"Id":"TestCase.ManagedType","Label":"ManagedType","Category":"","Description":"","Attributes":1,"ValueType":"System.String"},"Value":"SharpMind.Tests.Quantization.HalfToFloatTests"},{"Key":{"Id":"XunitTestCaseUniqueID","Label":"xUnit.net Test Case Unique ID","Category":"","Description":"","Attributes":0,"ValueType":"System.String"},"Value":"23e1c1dc6ecd77ce55c0a045c5318140e9ca1787"},{"Key":{"Id":"TestCase.ManagedMethod","Label":"ManagedMethod","Category":"","Description":"","Attributes":1,"ValueType":"System.String"},"Value":"HalfToFloat_Scalar_ReturnsCorrectBits"},{"Key":{"Id":"XunitTestCaseExplicit","Label":"xUnit.net Test Case Explicit Flag","Category":"","Description":"","Attributes":0,"ValueType":"System.Boolean"},"Value":false}]},"Attachments":[],"Outcome":1,"ErrorMessage":null,"ErrorStackTrace":null,"DisplayName":"SharpMind.Tests.Quantization.HalfToFloatTests.HalfToFloat_Scalar_ReturnsCorrectBits(half: 1, expectedBits: 864026624, _: \"min subnormal\")","Messages":[],"ComputerName":"LAPTOP-MKMTSO1B","Duration":"00:00:00.0008136","StartTime":"2026-07-20T05:41:46.1322242+00:00","EndTime":"2026-07-20T05:41:46.132356+00:00","Properties":[]},{"TestCase":{"Id":"612f7162-9934-706f-7ab4-d47341d26055","FullyQualifiedName":"SharpMind.Tests.Quantization.HalfToFloatTests.HalfToFloat_Scalar_ReturnsCorrectBits","DisplayName":"SharpMind.Tests.Quantization.HalfToFloatTests.HalfToFloat_Scalar_ReturnsCorrectBits(half: 15360, expectedBits: 1065353216, _: \"1.0\")","ExecutorUri":"executor://xunit/VsTestRunner3/netcore/","Source":"C:\\Integral2u\\source\\repos\\SharpMind\\SharpMind.Tests\\bin\\Debug\\net10.0\\SharpMind.Tests.dll","CodeFilePath":null,"LineNumber":0,"Properties":[{"Key":{"Id":"TestCase.ManagedType","Label":"ManagedType","Category":"","Description":"","Attributes":1,"ValueType":"System.String"},"Value":"SharpMind.Tests.Quantization.HalfToFloatTests"},{"Key":{"Id":"XunitTestCaseUniqueID","Label":"xUnit.net Test Case Unique ID","Category":"","Description":"","Attributes":0,"ValueType":"System.String"},"Value":"37bd60e6d8dd38bb304618a57e98ca83d29abb3d"},{"Key":{"Id":"TestCase.ManagedMethod","Label":"ManagedMethod","Category":"","Description":"","Attributes":1,"ValueType":"System.String"},"Value":"HalfToFloat_Scalar_ReturnsCorrectBits"},{"Key":{"Id":"XunitTestCaseExplicit","Label":"xUnit.net Test Case Explicit Flag","Category":"","Description":"","Attributes":0,"ValueType":"System.Boolean"},"Value":false}]},"Attachments":[],"Outcome":1,"ErrorMessage":null,"ErrorStackTrace":null,"DisplayName":"SharpMind.Tests.Quantization.HalfToFloatTests.HalfToFloat_Scalar_ReturnsCorrectBits(half: 15360, expectedBits: 1065353216, _: \"1.0\")","Messages":[],"ComputerName":"LAPTOP-MKMTSO1B","Duration":"00:00:00.0000136","StartTime":"2026-07-20T05:41:46.1328851+00:00","EndTime":"2026-07-20T05:41:46.1332191+00:00","Properties":[]},{"TestCase":{"Id":"bf81b800-34c2-f423-67b5-34522b50b012","FullyQualifiedName":"SharpMind.Tests.Quantization.HalfToFloatTests.HalfToFloat_Scalar_ReturnsCorrectBits","DisplayName":"SharpMind.Tests.Quantization.HalfToFloatTests.HalfToFloat_Scalar_ReturnsCorrectBits(half: 1023, expectedBits: 947896320, _: \"max subnormal\")","ExecutorUri":"executor://xunit/VsTestRunner3/netcore/","Source":"C:\\Integral2u\\source\\repos\\SharpMind\\SharpMind.Tests\\bin\\Debug\\net10.0\\SharpMind.Tests.dll","CodeFilePath":null,"LineNumber":0,"Properties":[{"Key":{"Id":"TestCase.ManagedType","Label":"ManagedType","Category":"","Description":"","Attributes":1,"ValueType":"System.String"},"Value":"SharpMind.Tests.Quantization.HalfToFloatTests"},{"Key":{"Id":"XunitTestCaseUniqueID","Label":"xUnit.net Test Case Unique ID","Category":"","Description":"","Attributes":0,"ValueType":"System.String"},"Value":"395efc6a74b39ab746236c457fb5eb75babc758c"},{"Key":{"Id":"TestCase.ManagedMethod","Label":"ManagedMethod","Category":"","Description":"","Attributes":1,"ValueType":"System.String"},"Value":"HalfToFloat_Scalar_ReturnsCorrectBits"},{"Key":{"Id":"XunitTestCaseExplicit","Label":"xUnit.net Test Case Explicit Flag","Category":"","Description":"","Attributes":0,"ValueType":"System.Boolean"},"Value":false}]},"Attachments":[],"Outcome":1,"ErrorMessage":null,"ErrorStackTrace":null,"DisplayName":"SharpMind.Tests.Quantization.HalfToFloatTests.HalfToFloat_Scalar_ReturnsCorrectBits(half: 1023, expectedBits: 947896320, _: \"max subnormal\")","Messages":[],"ComputerName":"LAPTOP-MKMTSO1B","Duration":"00:00:00.0000092","StartTime":"2026-07-20T05:41:46.1339684+00:00","EndTime":"2026-07-20T05:41:46.1341131+00:00","Properties":[]},{"TestCase":{"Id":"5fb11e75-c2e5-07d8-7f34-4557303014c2","FullyQualifiedName":"SharpMind.Tests.Quantization.HalfToFloatTests.HalfToFloat_Scalar_ReturnsCorrectBits","DisplayName":"SharpMind.Tests.Quantization.HalfToFloatTests.HalfToFloat_Scalar_ReturnsCorrectBits(half: 32768, expectedBits: 2147483648, _: \"-0\")","ExecutorUri":"executor://xunit/VsTestRunner3/netcore/","Source":"C:\\Integral2u\\source\\repos\\SharpMind\\SharpMind.Tests\\bin\\Debug\\net10.0\\SharpMind.Tests.dll","CodeFilePath":null,"LineNumber":0,"Properties":[{"Key":{"Id":"TestCase.ManagedType","Label":"ManagedType","Category":"","Description":"","Attributes":1,"ValueType":"System.String"},"Value":"SharpMind.Tests.Quantization.HalfToFloatTests"},{"Key":{"Id":"XunitTestCaseUniqueID","Label":"xUnit.net Test Case Unique ID","Category":"","Description":"","Attributes":0,"ValueType":"System.String"},"Value":"8612f6db2b8605865213c93f114a62b8a8d7fb75"},{"Key":{"Id":"TestCase.ManagedMethod","Label":"ManagedMethod","Category":"","Description":"","Attributes":1,"ValueType":"System.String"},"Value":"HalfToFloat_Scalar_ReturnsCorrectBits"},{"Key":{"Id":"XunitTestCaseExplicit","Label":"xUnit.net Test Case Explicit Flag","Category":"","Description":"","Attributes":0,"ValueType":"System.Boolean"},"Value":false}]},"Attachments":[],"Outcome":1,"ErrorMessage":null,"ErrorStackTrace":null,"DisplayName":"SharpMind.Tests.Quantization.HalfToFloatTests.HalfToFloat_Scalar_ReturnsCorrectBits(half: 32768, expectedBits: 2147483648, _: \"-0\")","Messages":[],"ComputerName":"LAPTOP-MKMTSO1B","Duration":"00:00:00.0000061","StartTime":"2026-07-20T05:41:46.1347341+00:00","EndTime":"2026-07-20T05:41:46.1348744+00:00","Properties":[]},{"TestCase":{"Id":"39110929-b75b-2b8d-cb10-b1f20c8b1dd2","FullyQualifiedName":"SharpMind.Tests.Quantization.HalfToFloatTests.HalfToFloat_Scalar_ReturnsCorrectBits","DisplayName":"SharpMind.Tests.Quantization.HalfToFloatTests.HalfToFloat_Scalar_ReturnsCorrectBits(half: 31743, expectedBits: 1199562752, _: \"max normal\")","ExecutorUri":"executor://xunit/VsTestRunner3/netcore/","Source":"C:\\Integral2u\\source\\repos\\SharpMind\\SharpMind.Tests\\bin\\Debug\\net10.0\\SharpMind.Tests.dll","CodeFilePath":null,"LineNumber":0,"Properties":[{"Key":{"Id":"TestCase.ManagedType","Label":"ManagedType","Category":"","Description":"","Attributes":1,"ValueType":"System.String"},"Value":"SharpMind.Tests.Quantization.HalfToFloatTests"},{"Key":{"Id":"XunitTestCaseUniqueID","Label":"xUnit.net Test Case Unique ID","Category":"","Description":"","Attributes":0,"ValueType":"System.String"},"Value":"87a853189516f34ebcdc56c113c9a5896e2a41e2"},{"Key":{"Id":"TestCase.ManagedMethod","Label":"ManagedMethod","Category":"","Description":"","Attributes":1,"ValueType":"System.String"},"Value":"HalfToFloat_Scalar_ReturnsCorrectBits"},{"Key":{"Id":"XunitTestCaseExplicit","Label":"xUnit.net Test Case Explicit Flag","Category":"","Description":"","Attributes":0,"ValueType":"System.Boolean"},"Value":false}]},"Attachments":[],"Outcome":1,"ErrorMessage":null,"ErrorStackTrace":null,"DisplayName":"SharpMind.Tests.Quantization.HalfToFloatTests.HalfToFloat_Scalar_ReturnsCorrectBits(half: 31743, expectedBits: 1199562752, _: \"max normal\")","Messages":[],"ComputerName":"LAPTOP-MKMTSO1B","Duration":"00:00:00.0000063","StartTime":"2026-07-20T05:41:46.1354168+00:00","EndTime":"2026-07-20T05:41:46.1355531+00:00","Properties":[]},{"TestCase":{"Id":"9558e300-5cba-aaad-5cb7-84e178fb498a","FullyQualifiedName":"SharpMind.Tests.Quantization.HalfToFloatTests.HalfToFloat_Scalar_ReturnsCorrectBits","DisplayName":"SharpMind.Tests.Quantization.HalfToFloatTests.HalfToFloat_Scalar_ReturnsCorrectBits(half: 14336, expectedBits: 1056964608, _: \"0.5\")","ExecutorUri":"executor://xunit/VsTestRunner3/netcore/","Source":"C:\\Integral2u\\source\\repos\\SharpMind\\SharpMind.Tests\\bin\\Debug\\net10.0\\SharpMind.Tests.dll","CodeFilePath":null,"LineNumber":0,"Properties":[{"Key":{"Id":"TestCase.ManagedType","Label":"ManagedType","Category":"","Description":"","Attributes":1,"ValueType":"System.String"},"Value":"SharpMind.Tests.Quantization.HalfToFloatTests"},{"Key":{"Id":"XunitTestCaseUniqueID","Label":"xUnit.net Test Case Unique ID","Category":"","Description":"","Attributes":0,"ValueType":"System.String"},"Value":"88faab731b2d63fc9a145af7071e1e1a68258614"},{"Key":{"Id":"TestCase.ManagedMethod","Label":"ManagedMethod","Category":"","Description":"","Attributes":1,"ValueType":"System.String"},"Value":"HalfToFloat_Scalar_ReturnsCorrectBits"},{"Key":{"Id":"XunitTestCaseExplicit","Label":"xUnit.net Test Case Explicit Flag","Category":"","Description":"","Attributes":0,"ValueType":"System.Boolean"},"Value":false}]},"Attachments":[],"Outcome":1,"ErrorMessage":null,"ErrorStackTrace":null,"DisplayName":"SharpMind.Tests.Quantization.HalfToFloatTests.HalfToFloat_Scalar_ReturnsCorrectBits(half: 14336, expectedBits: 1056964608, _: \"0.5\")","Messages":[],"ComputerName":"LAPTOP-MKMTSO1B","Duration":"00:00:00.0000061","StartTime":"2026-07-20T05:41:46.1361499+00:00","EndTime":"2026-07-20T05:41:46.1362683+00:00","Properties":[]}],"TestRunStatistics":{"ExecutedTests":136,"Stats":{"Passed":136}},"ActiveTests":[{"Id":"b8d992da-a466-4f69-1bda-a1bacc5bfee5","FullyQualifiedName":"SharpMind.Tests.Chat.JinjaTemplateFormatterTests.Eval_IsNone_True","DisplayName":"SharpMind.Tests.Chat.JinjaTemplateFormatterTests.Eval_IsNone_True","ExecutorUri":"executor://xunit/VsTestRunner3/netcore/","Source":"C:\\Integral2u\\source\\repos\\SharpMind\\SharpMind.Tests\\bin\\Debug\\net10.0\\SharpMind.Tests.dll","CodeFilePath":null,"LineNumber":0,"Properties":[{"Key":{"Id":"TestCase.ManagedType","Label":"ManagedType","Category":"","Description":"","Attributes":1,"ValueType":"System.String"},"Value":"SharpMind.Tests.Chat.JinjaTemplateFormatterTests"},{"Key":{"Id":"XunitTestCaseUniqueID","Label":"xUnit.net Test Case Unique ID","Category":"","Description":"","Attributes":0,"ValueType":"System.String"},"Value":"c2a8ed71dca31e030223c766c40d1340e7d35b62"},{"Key":{"Id":"TestCase.ManagedMethod","Label":"ManagedMethod","Category":"","Description":"","Attributes":1,"ValueType":"System.String"},"Value":"Eval_IsNone_True"},{"Key":{"Id":"XunitTestCaseExplicit","Label":"xUnit.net Test Case Explicit Flag","Category":"","Description":"","Attributes":0,"ValueType":"System.Boolean"},"Value":false}]},{"Id":"f8a4e0c8-b5bd-ed9d-b3f2-1d186b9c095c","FullyQualifiedName":"SharpMind.Tests.Quantization.HalfToFloatTests.HalfToFloat_Scalar_ReturnsCorrectBits","DisplayName":"SharpMind.Tests.Quantization.HalfToFloatTests.HalfToFloat_Scalar_ReturnsCorrectBits(half: 26623, expectedBits: 1157619712, _: \"large normal\")","ExecutorUri":"executor://xunit/VsTestRunner3/netcore/","Source":"C:\\Integral2u\\source\\repos\\SharpMind\\SharpMind.Tests\\bin\\Debug\\net10.0\\SharpMind.Tests.dll","CodeFilePath":null,"LineNumber":0,"Properties":[{"Key":{"Id":"TestCase.ManagedType","Label":"ManagedType","Category":"","Description":"","Attributes":1,"ValueType":"System.String"},"Value":"SharpMind.Tests.Quantization.HalfToFloatTests"},{"Key":{"Id":"XunitTestCaseUniqueID","Label":"xUnit.net Test Case Unique ID","Category":"","Description":"","Attributes":0,"ValueType":"System.String"},"Value":"940dd5be74a54a364e7e5faa7b4a4be1c48a4299"},{"Key":{"Id":"TestCase.ManagedMethod","Label":"ManagedMethod","Category":"","Description":"","Attributes":1,"ValueType":"System.String"},"Value":"HalfToFloat_Scalar_ReturnsCorrectBits"},{"Key":{"Id":"XunitTestCaseExplicit","Label":"xUnit.net Test Case Explicit Flag","Category":"","Description":"","Attributes":0,"ValueType":"System.Boolean"},"Value":false}]}]}}
TpTrace Verbose: 0 : 15992, 10, 2026/07/20, 17:41:46.146, 374950212022, vstest.console.dll, TestRunRequest:SendTestRunStatsChange: Starting.
TpTrace Verbose: 0 : 15992, 10, 2026/07/20, 17:41:46.146, 374950213547, vstest.console.dll, InProgress is SharpMind.Tests.Chat.JinjaTemplateFormatterTests.Eval_IsNone_True
TpTrace Verbose: 0 : 15992, 10, 2026/07/20, 17:41:46.146, 374950214114, vstest.console.dll, InProgress is SharpMind.Tests.Quantization.HalfToFloatTests.HalfToFloat_Scalar_ReturnsCorrectBits(half: 26623, expectedBits: 1157619712, _: "large normal")
TpTrace Verbose: 0 : 15992, 10, 2026/07/20, 17:41:46.147, 374950214873, vstest.console.dll, MulticastDelegateUtilities.SafeInvoke: TestRun.RunStatsChanged: Invoking callbacks was skipped because there are no subscribers.
TpTrace Information: 0 : 15992, 10, 2026/07/20, 17:41:46.147, 374950215471, vstest.console.dll, TestRunRequest:SendTestRunStatsChange: Completed.
TpTrace Verbose: 0 : 15992, 10, 2026/07/20, 17:41:46.147, 374950216036, vstest.console.dll, MulticastDelegateUtilities.SafeInvoke: LengthPrefixCommunicationChannel: MessageReceived: Invoking callback 1/1 for Microsoft.VisualStudio.TestPlatform.CommunicationUtilities.TestRequestSender+<>c__DisplayClass34_0., took 3 ms.
TpTrace Verbose: 0 : 15992, 10, 2026/07/20, 17:41:46.147, 374950216595, vstest.console.dll, TcpClientExtensions.MessageLoopAsync: Polling on remoteEndPoint: 127.0.0.1:55740 localEndPoint: 127.0.0.1:55739 after 27 ms
TpTrace Verbose: 0 : 15992, 4, 2026/07/20, 17:41:46.147, 374950217402, vstest.console.dll, MulticastDelegateUtilities.SafeInvoke: InternalTestLoggerEvents.SendTestResult: Invoking callback 1/1 for Microsoft.VisualStudio.TestPlatform.CommandLine.Internal.ConsoleLogger., took 0 ms.
TpTrace Verbose: 0 : 15992, 4, 2026/07/20, 17:41:46.147, 374950218513, vstest.console.dll, MulticastDelegateUtilities.SafeInvoke: InternalTestLoggerEvents.SendTestResult: Invoking callback 1/1 for Microsoft.VisualStudio.TestPlatform.CommandLine.Internal.ConsoleLogger., took 0 ms.
TpTrace Verbose: 0 : 15992, 4, 2026/07/20, 17:41:46.147, 374950219047, vstest.console.dll, MulticastDelegateUtilities.SafeInvoke: InternalTestLoggerEvents.SendTestResult: Invoking callback 1/1 for Microsoft.VisualStudio.TestPlatform.CommandLine.Internal.ConsoleLogger., took 0 ms.
TpTrace Verbose: 0 : 15992, 4, 2026/07/20, 17:41:46.147, 374950219576, vstest.console.dll, MulticastDelegateUtilities.SafeInvoke: InternalTestLoggerEvents.SendTestResult: Invoking callback 1/1 for Microsoft.VisualStudio.TestPlatform.CommandLine.Internal.ConsoleLogger., took 0 ms.
TpTrace Verbose: 0 : 15992, 4, 2026/07/20, 17:41:46.147, 374950220031, vstest.console.dll, MulticastDelegateUtilities.SafeInvoke: InternalTestLoggerEvents.SendTestResult: Invoking callback 1/1 for Microsoft.VisualStudio.TestPlatform.CommandLine.Internal.ConsoleLogger., took 0 ms.
TpTrace Verbose: 0 : 15992, 4, 2026/07/20, 17:41:46.147, 374950220497, vstest.console.dll, MulticastDelegateUtilities.SafeInvoke: InternalTestLoggerEvents.SendTestResult: Invoking callback 1/1 for Microsoft.VisualStudio.TestPlatform.CommandLine.Internal.ConsoleLogger., took 0 ms.
TpTrace Verbose: 0 : 15992, 4, 2026/07/20, 17:41:46.147, 374950220932, vstest.console.dll, MulticastDelegateUtilities.SafeInvoke: InternalTestLoggerEvents.SendTestResult: Invoking callback 1/1 for Microsoft.VisualStudio.TestPlatform.CommandLine.Internal.ConsoleLogger., took 0 ms.
TpTrace Verbose: 0 : 15992, 4, 2026/07/20, 17:41:46.147, 374950221532, vstest.console.dll, MulticastDelegateUtilities.SafeInvoke: InternalTestLoggerEvents.SendTestResult: Invoking callback 1/1 for Microsoft.VisualStudio.TestPlatform.CommandLine.Internal.ConsoleLogger., took 0 ms.
TpTrace Verbose: 0 : 15992, 10, 2026/07/20, 17:41:46.161, 374950358719, vstest.console.dll, TcpClientExtensions.MessageLoopAsync: NotifyDataAvailable remoteEndPoint: 127.0.0.1:55740 localEndPoint: 127.0.0.1:55739
TpTrace Verbose: 0 : 15992, 10, 2026/07/20, 17:41:46.161, 374950363245, vstest.console.dll, TestRequestSender.OnExecutionMessageReceived: Received message: {"Version":7,"MessageType":"TestExecution.StatsChange","Payload":{"NewTestResults":[{"TestCase":{"Id":"f8a4e0c8-b5bd-ed9d-b3f2-1d186b9c095c","FullyQualifiedName":"SharpMind.Tests.Quantization.HalfToFloatTests.HalfToFloat_Scalar_ReturnsCorrectBits","DisplayName":"SharpMind.Tests.Quantization.HalfToFloatTests.HalfToFloat_Scalar_ReturnsCorrectBits(half: 26623, expectedBits: 1157619712, _: \"large normal\")","ExecutorUri":"executor://xunit/VsTestRunner3/netcore/","Source":"C:\\Integral2u\\source\\repos\\SharpMind\\SharpMind.Tests\\bin\\Debug\\net10.0\\SharpMind.Tests.dll","CodeFilePath":null,"LineNumber":0,"Properties":[{"Key":{"Id":"TestCase.ManagedType","Label":"ManagedType","Category":"","Description":"","Attributes":1,"ValueType":"System.String"},"Value":"SharpMind.Tests.Quantization.HalfToFloatTests"},{"Key":{"Id":"XunitTestCaseUniqueID","Label":"xUnit.net Test Case Unique ID","Category":"","Description":"","Attributes":0,"ValueType":"System.String"},"Value":"940dd5be74a54a364e7e5faa7b4a4be1c48a4299"},{"Key":{"Id":"TestCase.ManagedMethod","Label":"ManagedMethod","Category":"","Description":"","Attributes":1,"ValueType":"System.String"},"Value":"HalfToFloat_Scalar_ReturnsCorrectBits"},{"Key":{"Id":"XunitTestCaseExplicit","Label":"xUnit.net Test Case Explicit Flag","Category":"","Description":"","Attributes":0,"ValueType":"System.Boolean"},"Value":false}]},"Attachments":[],"Outcome":1,"ErrorMessage":null,"ErrorStackTrace":null,"DisplayName":"SharpMind.Tests.Quantization.HalfToFloatTests.HalfToFloat_Scalar_ReturnsCorrectBits(half: 26623, expectedBits: 1157619712, _: \"large normal\")","Messages":[],"ComputerName":"LAPTOP-MKMTSO1B","Duration":"00:00:00.0000060","StartTime":"2026-07-20T05:41:46.1499075+00:00","EndTime":"2026-07-20T05:41:46.1500757+00:00","Properties":[]},{"TestCase":{"Id":"8dc7ad9a-1ab5-d626-551e-77bff629aa1a","FullyQualifiedName":"SharpMind.Tests.Quantization.HalfToFloatTests.HalfToFloat_Scalar_ReturnsCorrectBits","DisplayName":"SharpMind.Tests.Quantization.HalfToFloatTests.HalfToFloat_Scalar_ReturnsCorrectBits(half: 16384, expectedBits: 1073741824, _: \"2.0\")","ExecutorUri":"executor://xunit/VsTestRunner3/netcore/","Source":"C:\\Integral2u\\source\\repos\\SharpMind\\SharpMind.Tests\\bin\\Debug\\net10.0\\SharpMind.Tests.dll","CodeFilePath":null,"LineNumber":0,"Properties":[{"Key":{"Id":"TestCase.ManagedType","Label":"ManagedType","Category":"","Description":"","Attributes":1,"ValueType":"System.String"},"Value":"SharpMind.Tests.Quantization.HalfToFloatTests"},{"Key":{"Id":"XunitTestCaseUniqueID","Label":"xUnit.net Test Case Unique ID","Category":"","Description":"","Attributes":0,"ValueType":"System.String"},"Value":"df84ebe70d56b7e7d4c538e9a69d74e480b0dd80"},{"Key":{"Id":"TestCase.ManagedMethod","Label":"ManagedMethod","Category":"","Description":"","Attributes":1,"ValueType":"System.String"},"Value":"HalfToFloat_Scalar_ReturnsCorrectBits"},{"Key":{"Id":"XunitTestCaseExplicit","Label":"xUnit.net Test Case Explicit Flag","Category":"","Description":"","Attributes":0,"ValueType":"System.Boolean"},"Value":false}]},"Attachments":[],"Outcome":1,"ErrorMessage":null,"ErrorStackTrace":null,"DisplayName":"SharpMind.Tests.Quantization.HalfToFloatTests.HalfToFloat_Scalar_ReturnsCorrectBits(half: 16384, expectedBits: 1073741824, _: \"2.0\")","Messages":[],"ComputerName":"LAPTOP-MKMTSO1B","Duration":"00:00:00.0000060","StartTime":"2026-07-20T05:41:46.1508913+00:00","EndTime":"2026-07-20T05:41:46.1510277+00:00","Properties":[]},{"TestCase":{"Id":"29c93075-3ec8-9255-2c02-a1497a2f6928","FullyQualifiedName":"SharpMind.Tests.Quantization.HalfToFloatTests.HalfToFloat_Scalar_ReturnsCorrectBits","DisplayName":"SharpMind.Tests.Quantization.HalfToFloatTests.HalfToFloat_Scalar_ReturnsCorrectBits(half: 48128, expectedBits: 3212836864, _: \"-1.0\")","ExecutorUri":"executor://xunit/VsTestRunner3/netcore/","Source":"C:\\Integral2u\\source\\repos\\SharpMind\\SharpMind.Tests\\bin\\Debug\\net10.0\\SharpMind.Tests.dll","CodeFilePath":null,"LineNumber":0,"Properties":[{"Key":{"Id":"TestCase.ManagedType","Label":"ManagedType","Category":"","Description":"","Attributes":1,"ValueType":"System.String"},"Value":"SharpMind.Tests.Quantization.HalfToFloatTests"},{"Key":{"Id":"XunitTestCaseUniqueID","Label":"xUnit.net Test Case Unique ID","Category":"","Description":"","Attributes":0,"ValueType":"System.String"},"Value":"e07f7f1d3aa1f343156d065463ffe72864488427"},{"Key":{"Id":"TestCase.ManagedMethod","Label":"ManagedMethod","Category":"","Description":"","Attributes":1,"ValueType":"System.String"},"Value":"HalfToFloat_Scalar_ReturnsCorrectBits"},{"Key":{"Id":"XunitTestCaseExplicit","Label":"xUnit.net Test Case Explicit Flag","Category":"","Description":"","Attributes":0,"ValueType":"System.Boolean"},"Value":false}]},"Attachments":[],"Outcome":1,"ErrorMessage":null,"ErrorStackTrace":null,"DisplayName":"SharpMind.Tests.Quantization.HalfToFloatTests.HalfToFloat_Scalar_ReturnsCorrectBits(half: 48128, expectedBits: 3212836864, _: \"-1.0\")","Messages":[],"ComputerName":"LAPTOP-MKMTSO1B","Duration":"00:00:00.0000154","StartTime":"2026-07-20T05:41:46.1516361+00:00","EndTime":"2026-07-20T05:41:46.1517853+00:00","Properties":[]},{"TestCase":{"Id":"2056d6db-d4a0-791d-8181-c4c12643a8c6","FullyQualifiedName":"SharpMind.Tests.Quantization.HalfToFloatTests.HalfToFloat_Scalar_ReturnsCorrectBits","DisplayName":"SharpMind.Tests.Quantization.HalfToFloatTests.HalfToFloat_Scalar_ReturnsCorrectBits(half: 6485, expectedBits: 992649216, _: \"arbitrary normal\")","ExecutorUri":"executor://xunit/VsTestRunner3/netcore/","Source":"C:\\Integral2u\\source\\repos\\SharpMind\\SharpMind.Tests\\bin\\Debug\\net10.0\\SharpMind.Tests.dll","CodeFilePath":null,"LineNumber":0,"Properties":[{"Key":{"Id":"TestCase.ManagedType","Label":"ManagedType","Category":"","Description":"","Attributes":1,"ValueType":"System.String"},"Value":"SharpMind.Tests.Quantization.HalfToFloatTests"},{"Key":{"Id":"XunitTestCaseUniqueID","Label":"xUnit.net Test Case Unique ID","Category":"","Description":"","Attributes":0,"ValueType":"System.String"},"Value":"f48fc543af736d21cdfc5126c7158aa0f59e1b8b"},{"Key":{"Id":"TestCase.ManagedMethod","Label":"ManagedMethod","Category":"","Description":"","Attributes":1,"ValueType":"System.String"},"Value":"HalfToFloat_Scalar_ReturnsCorrectBits"},{"Key":{"Id":"XunitTestCaseExplicit","Label":"xUnit.net Test Case Explicit Flag","Category":"","Description":"","Attributes":0,"ValueType":"System.Boolean"},"Value":false}]},"Attachments":[],"Outcome":1,"ErrorMessage":null,"ErrorStackTrace":null,"DisplayName":"SharpMind.Tests.Quantization.HalfToFloatTests.HalfToFloat_Scalar_ReturnsCorrectBits(half: 6485, expectedBits: 992649216, _: \"arbitrary normal\")","Messages":[],"ComputerName":"LAPTOP-MKMTSO1B","Duration":"00:00:00.0000067","StartTime":"2026-07-20T05:41:46.1523898+00:00","EndTime":"2026-07-20T05:41:46.1525257+00:00","Properties":[]},{"TestCase":{"Id":"5d4b66ec-ca45-de57-e643-95add498b0dd","FullyQualifiedName":"SharpMind.Tests.Quantization.HalfToFloatTests.HalfToFloat_Scalar_ReturnsCorrectBits","DisplayName":"SharpMind.Tests.Quantization.HalfToFloatTests.HalfToFloat_Scalar_ReturnsCorrectBits(half: 0, expectedBits: 0, _: \"+0\")","ExecutorUri":"executor://xunit/VsTestRunner3/netcore/","Source":"C:\\Integral2u\\source\\repos\\SharpMind\\SharpMind.Tests\\bin\\Debug\\net10.0\\SharpMind.Tests.dll","CodeFilePath":null,"LineNumber":0,"Properties":[{"Key":{"Id":"TestCase.ManagedType","Label":"ManagedType","Category":"","Description":"","Attributes":1,"ValueType":"System.String"},"Value":"SharpMind.Tests.Quantization.HalfToFloatTests"},{"Key":{"Id":"XunitTestCaseUniqueID","Label":"xUnit.net Test Case Unique ID","Category":"","Description":"","Attributes":0,"ValueType":"System.String"},"Value":"fe949dac89d455b8aa488ae1bb002b33909d7aed"},{"Key":{"Id":"TestCase.ManagedMethod","Label":"ManagedMethod","Category":"","Description":"","Attributes":1,"ValueType":"System.String"},"Value":"HalfToFloat_Scalar_ReturnsCorrectBits"},{"Key":{"Id":"XunitTestCaseExplicit","Label":"xUnit.net Test Case Explicit Flag","Category":"","Description":"","Attributes":0,"ValueType":"System.Boolean"},"Value":false}]},"Attachments":[],"Outcome":1,"ErrorMessage":null,"ErrorStackTrace":null,"DisplayName":"SharpMind.Tests.Quantization.HalfToFloatTests.HalfToFloat_Scalar_ReturnsCorrectBits(half: 0, expectedBits: 0, _: \"+0\")","Messages":[],"ComputerName":"LAPTOP-MKMTSO1B","Duration":"00:00:00.0000060","StartTime":"2026-07-20T05:41:46.1531381+00:00","EndTime":"2026-07-20T05:41:46.15328+00:00","Properties":[]},{"TestCase":{"Id":"b8d992da-a466-4f69-1bda-a1bacc5bfee5","FullyQualifiedName":"SharpMind.Tests.Chat.JinjaTemplateFormatterTests.Eval_IsNone_True","DisplayName":"SharpMind.Tests.Chat.JinjaTemplateFormatterTests.Eval_IsNone_True","ExecutorUri":"executor://xunit/VsTestRunner3/netcore/","Source":"C:\\Integral2u\\source\\repos\\SharpMind\\SharpMind.Tests\\bin\\Debug\\net10.0\\SharpMind.Tests.dll","CodeFilePath":null,"LineNumber":0,"Properties":[{"Key":{"Id":"TestCase.ManagedType","Label":"ManagedType","Category":"","Description":"","Attributes":1,"ValueType":"System.String"},"Value":"SharpMind.Tests.Chat.JinjaTemplateFormatterTests"},{"Key":{"Id":"XunitTestCaseUniqueID","Label":"xUnit.net Test Case Unique ID","Category":"","Description":"","Attributes":0,"ValueType":"System.String"},"Value":"c2a8ed71dca31e030223c766c40d1340e7d35b62"},{"Key":{"Id":"TestCase.ManagedMethod","Label":"ManagedMethod","Category":"","Description":"","Attributes":1,"ValueType":"System.String"},"Value":"Eval_IsNone_True"},{"Key":{"Id":"XunitTestCaseExplicit","Label":"xUnit.net Test Case Explicit Flag","Category":"","Description":"","Attributes":0,"ValueType":"System.Boolean"},"Value":false}]},"Attachments":[],"Outcome":1,"ErrorMessage":null,"ErrorStackTrace":null,"DisplayName":"SharpMind.Tests.Chat.JinjaTemplateFormatterTests.Eval_IsNone_True","Messages":[],"ComputerName":"LAPTOP-MKMTSO1B","Duration":"00:00:00.0110642","StartTime":"2026-07-20T05:41:46.131462+00:00","EndTime":"2026-07-20T05:41:46.1541787+00:00","Properties":[]},{"TestCase":{"Id":"3c30be4e-3742-c9f5-c97c-923629d500b8","FullyQualifiedName":"SharpMind.Tests.Chat.JinjaTemplateFormatterTests.Qwen2_SingleUserMessage_MatchesGolden","DisplayName":"SharpMind.Tests.Chat.JinjaTemplateFormatterTests.Qwen2_SingleUserMessage_MatchesGolden","ExecutorUri":"executor://xunit/VsTestRunner3/netcore/","Source":"C:\\Integral2u\\source\\repos\\SharpMind\\SharpMind.Tests\\bin\\Debug\\net10.0\\SharpMind.Tests.dll","CodeFilePath":null,"LineNumber":0,"Properties":[{"Key":{"Id":"TestCase.ManagedType","Label":"ManagedType","Category":"","Description":"","Attributes":1,"ValueType":"System.String"},"Value":"SharpMind.Tests.Chat.JinjaTemplateFormatterTests"},{"Key":{"Id":"XunitTestCaseUniqueID","Label":"xUnit.net Test Case Unique ID","Category":"","Description":"","Attributes":0,"ValueType":"System.String"},"Value":"d923a89beef2b23b7ec09d5ea213ab235562c7ac"},{"Key":{"Id":"TestCase.ManagedMethod","Label":"ManagedMethod","Category":"","Description":"","Attributes":1,"ValueType":"System.String"},"Value":"Qwen2_SingleUserMessage_MatchesGolden"},{"Key":{"Id":"XunitTestCaseExplicit","Label":"xUnit.net Test Case Explicit Flag","Category":"","Description":"","Attributes":0,"ValueType":"System.Boolean"},"Value":false}]},"Attachments":[],"Outcome":1,"ErrorMessage":null,"ErrorStackTrace":null,"DisplayName":"SharpMind.Tests.Chat.JinjaTemplateFormatterTests.Qwen2_SingleUserMessage_MatchesGolden","Messages":[],"ComputerName":"LAPTOP-MKMTSO1B","Duration":"00:00:00.0007435","StartTime":"2026-07-20T05:41:46.157655+00:00","EndTime":"2026-07-20T05:41:46.1578187+00:00","Properties":[]},{"TestCase":{"Id":"4338c324-cfee-716e-0b2b-960a4359457d","FullyQualifiedName":"SharpMind.Tests.Core.NativeBufferTests.Allocate_ZeroInitialised","DisplayName":"SharpMind.Tests.Core.NativeBufferTests.Allocate_ZeroInitialised","ExecutorUri":"executor://xunit/VsTestRunner3/netcore/","Source":"C:\\Integral2u\\source\\repos\\SharpMind\\SharpMind.Tests\\bin\\Debug\\net10.0\\SharpMind.Tests.dll","CodeFilePath":null,"LineNumber":0,"Properties":[{"Key":{"Id":"TestCase.ManagedType","Label":"ManagedType","Category":"","Description":"","Attributes":1,"ValueType":"System.String"},"Value":"SharpMind.Tests.Core.NativeBufferTests"},{"Key":{"Id":"XunitTestCaseUniqueID","Label":"xUnit.net Test Case Unique ID","Category":"","Description":"","Attributes":0,"ValueType":"System.String"},"Value":"3106aabe9c21a98615e3a7e6f29dff62a5c27bcb"},{"Key":{"Id":"TestCase.ManagedMethod","Label":"ManagedMethod","Category":"","Description":"","Attributes":1,"ValueType":"System.String"},"Value":"Allocate_ZeroInitialised"},{"Key":{"Id":"XunitTestCaseExplicit","Label":"xUnit.net Test Case Explicit Flag","Category":"","Description":"","Attributes":0,"ValueType":"System.Boolean"},"Value":false}]},"Attachments":[],"Outcome":1,"ErrorMessage":null,"ErrorStackTrace":null,"DisplayName":"SharpMind.Tests.Core.NativeBufferTests.Allocate_ZeroInitialised","Messages":[],"ComputerName":"LAPTOP-MKMTSO1B","Duration":"00:00:00.0008759","StartTime":"2026-07-20T05:41:46.158692+00:00","EndTime":"2026-07-20T05:41:46.1588314+00:00","Properties":[]}],"TestRunStatistics":{"ExecutedTests":144,"Stats":{"Passed":144}},"ActiveTests":[{"Id":"d3452a15-131b-dc07-4480-48b8564facfd","FullyQualifiedName":"SharpMind.Tests.Quantization.HalfToFloatTests.FloatToHalf_Scalar_ReturnsCorrectBits","DisplayName":"SharpMind.Tests.Quantization.HalfToFloatTests.FloatToHalf_Scalar_ReturnsCorrectBits(floatBits: 1056964608, expectedHalf: 14336, _: \"0.5\")","ExecutorUri":"executor://xunit/VsTestRunner3/netcore/","Source":"C:\\Integral2u\\source\\repos\\SharpMind\\SharpMind.Tests\\bin\\Debug\\net10.0\\SharpMind.Tests.dll","CodeFilePath":null,"LineNumber":0,"Properties":[{"Key":{"Id":"TestCase.ManagedType","Label":"ManagedType","Category":"","Description":"","Attributes":1,"ValueType":"System.String"},"Value":"SharpMind.Tests.Quantization.HalfToFloatTests"},{"Key":{"Id":"XunitTestCaseUniqueID","Label":"xUnit.net Test Case Unique ID","Category":"","Description":"","Attributes":0,"ValueType":"System.String"},"Value":"109fe35215da26b51c4fe67c2564240b2e256d94"},{"Key":{"Id":"TestCase.ManagedMethod","Label":"ManagedMethod","Category":"","Description":"","Attributes":1,"ValueType":"System.String"},"Value":"FloatToHalf_Scalar_ReturnsCorrectBits"},{"Key":{"Id":"XunitTestCaseExplicit","Label":"xUnit.net Test Case Explicit Flag","Category":"","Description":"","Attributes":0,"ValueType":"System.Boolean"},"Value":false}]},{"Id":"b4db558c-5cec-fc1b-1d1c-c3748cd99ea0","FullyQualifiedName":"SharpMind.Tests.Core.NativeBufferTests.Dispose_AfterFree_DoesNotThrow","DisplayName":"SharpMind.Tests.Core.NativeBufferTests.Dispose_AfterFree_DoesNotThrow","ExecutorUri":"executor://xunit/VsTestRunner3/netcore/","Source":"C:\\Integral2u\\source\\repos\\SharpMind\\SharpMind.Tests\\bin\\Debug\\net10.0\\SharpMind.Tests.dll","CodeFilePath":null,"LineNumber":0,"Properties":[{"Key":{"Id":"TestCase.ManagedType","Label":"ManagedType","Category":"","Description":"","Attributes":1,"ValueType":"System.String"},"Value":"SharpMind.Tests.Core.NativeBufferTests"},{"Key":{"Id":"XunitTestCaseUniqueID","Label":"xUnit.net Test Case Unique ID","Category":"","Description":"","Attributes":0,"ValueType":"System.String"},"Value":"619fcf063506866a09c85be8f6b168a43fc6a36b"},{"Key":{"Id":"TestCase.ManagedMethod","Label":"ManagedMethod","Category":"","Description":"","Attributes":1,"ValueType":"System.String"},"Value":"Dispose_AfterFree_DoesNotThrow"},{"Key":{"Id":"XunitTestCaseExplicit","Label":"xUnit.net Test Case Explicit Flag","Category":"","Description":"","Attributes":0,"ValueType":"System.Boolean"},"Value":false}]}]}}
TpTrace Verbose: 0 : 15992, 10, 2026/07/20, 17:41:46.165, 374950403297, vstest.console.dll, TestRunRequest:SendTestRunStatsChange: Starting.
TpTrace Verbose: 0 : 15992, 10, 2026/07/20, 17:41:46.166, 374950404756, vstest.console.dll, InProgress is SharpMind.Tests.Quantization.HalfToFloatTests.FloatToHalf_Scalar_ReturnsCorrectBits(floatBits: 1056964608, expectedHalf: 14336, _: "0.5")
TpTrace Verbose: 0 : 15992, 10, 2026/07/20, 17:41:46.166, 374950405191, vstest.console.dll, InProgress is SharpMind.Tests.Core.NativeBufferTests.Dispose_AfterFree_DoesNotThrow
TpTrace Verbose: 0 : 15992, 10, 2026/07/20, 17:41:46.166, 374950405810, vstest.console.dll, MulticastDelegateUtilities.SafeInvoke: TestRun.RunStatsChanged: Invoking callbacks was skipped because there are no subscribers.
TpTrace Information: 0 : 15992, 10, 2026/07/20, 17:41:46.166, 374950406329, vstest.console.dll, TestRunRequest:SendTestRunStatsChange: Completed.
TpTrace Verbose: 0 : 15992, 10, 2026/07/20, 17:41:46.166, 374950406774, vstest.console.dll, MulticastDelegateUtilities.SafeInvoke: LengthPrefixCommunicationChannel: MessageReceived: Invoking callback 1/1 for Microsoft.VisualStudio.TestPlatform.CommunicationUtilities.TestRequestSender+<>c__DisplayClass34_0., took 4 ms.
TpTrace Verbose: 0 : 15992, 10, 2026/07/20, 17:41:46.166, 374950407263, vstest.console.dll, TcpClientExtensions.MessageLoopAsync: Polling on remoteEndPoint: 127.0.0.1:55740 localEndPoint: 127.0.0.1:55739 after 19 ms
TpTrace Verbose: 0 : 15992, 4, 2026/07/20, 17:41:46.166, 374950408991, vstest.console.dll, MulticastDelegateUtilities.SafeInvoke: InternalTestLoggerEvents.SendTestResult: Invoking callback 1/1 for Microsoft.VisualStudio.TestPlatform.CommandLine.Internal.ConsoleLogger., took 0 ms.
TpTrace Verbose: 0 : 15992, 4, 2026/07/20, 17:41:46.166, 374950409888, vstest.console.dll, MulticastDelegateUtilities.SafeInvoke: InternalTestLoggerEvents.SendTestResult: Invoking callback 1/1 for Microsoft.VisualStudio.TestPlatform.CommandLine.Internal.ConsoleLogger., took 0 ms.
TpTrace Verbose: 0 : 15992, 4, 2026/07/20, 17:41:46.166, 374950410564, vstest.console.dll, MulticastDelegateUtilities.SafeInvoke: InternalTestLoggerEvents.SendTestResult: Invoking callback 1/1 for Microsoft.VisualStudio.TestPlatform.CommandLine.Internal.ConsoleLogger., took 0 ms.
TpTrace Verbose: 0 : 15992, 4, 2026/07/20, 17:41:46.166, 374950411568, vstest.console.dll, MulticastDelegateUtilities.SafeInvoke: InternalTestLoggerEvents.SendTestResult: Invoking callback 1/1 for Microsoft.VisualStudio.TestPlatform.CommandLine.Internal.ConsoleLogger., took 0 ms.
TpTrace Verbose: 0 : 15992, 4, 2026/07/20, 17:41:46.166, 374950412734, vstest.console.dll, MulticastDelegateUtilities.SafeInvoke: InternalTestLoggerEvents.SendTestResult: Invoking callback 1/1 for Microsoft.VisualStudio.TestPlatform.CommandLine.Internal.ConsoleLogger., took 0 ms.
TpTrace Verbose: 0 : 15992, 4, 2026/07/20, 17:41:46.166, 374950413476, vstest.console.dll, MulticastDelegateUtilities.SafeInvoke: InternalTestLoggerEvents.SendTestResult: Invoking callback 1/1 for Microsoft.VisualStudio.TestPlatform.CommandLine.Internal.ConsoleLogger., took 0 ms.
TpTrace Verbose: 0 : 15992, 4, 2026/07/20, 17:41:46.167, 374950414290, vstest.console.dll, MulticastDelegateUtilities.SafeInvoke: InternalTestLoggerEvents.SendTestResult: Invoking callback 1/1 for Microsoft.VisualStudio.TestPlatform.CommandLine.Internal.ConsoleLogger., took 0 ms.
TpTrace Verbose: 0 : 15992, 4, 2026/07/20, 17:41:46.167, 374950414951, vstest.console.dll, MulticastDelegateUtilities.SafeInvoke: InternalTestLoggerEvents.SendTestResult: Invoking callback 1/1 for Microsoft.VisualStudio.TestPlatform.CommandLine.Internal.ConsoleLogger., took 0 ms.
TpTrace Verbose: 0 : 15992, 10, 2026/07/20, 17:41:46.190, 374950647282, vstest.console.dll, TcpClientExtensions.MessageLoopAsync: NotifyDataAvailable remoteEndPoint: 127.0.0.1:55740 localEndPoint: 127.0.0.1:55739
TpTrace Verbose: 0 : 15992, 10, 2026/07/20, 17:41:46.190, 374950652129, vstest.console.dll, TestRequestSender.OnExecutionMessageReceived: Received message: {"Version":7,"MessageType":"TestExecution.StatsChange","Payload":{"NewTestResults":[{"TestCase":{"Id":"b4db558c-5cec-fc1b-1d1c-c3748cd99ea0","FullyQualifiedName":"SharpMind.Tests.Core.NativeBufferTests.Dispose_AfterFree_DoesNotThrow","DisplayName":"SharpMind.Tests.Core.NativeBufferTests.Dispose_AfterFree_DoesNotThrow","ExecutorUri":"executor://xunit/VsTestRunner3/netcore/","Source":"C:\\Integral2u\\source\\repos\\SharpMind\\SharpMind.Tests\\bin\\Debug\\net10.0\\SharpMind.Tests.dll","CodeFilePath":null,"LineNumber":0,"Properties":[{"Key":{"Id":"TestCase.ManagedType","Label":"ManagedType","Category":"","Description":"","Attributes":1,"ValueType":"System.String"},"Value":"SharpMind.Tests.Core.NativeBufferTests"},{"Key":{"Id":"XunitTestCaseUniqueID","Label":"xUnit.net Test Case Unique ID","Category":"","Description":"","Attributes":0,"ValueType":"System.String"},"Value":"619fcf063506866a09c85be8f6b168a43fc6a36b"},{"Key":{"Id":"TestCase.ManagedMethod","Label":"ManagedMethod","Category":"","Description":"","Attributes":1,"ValueType":"System.String"},"Value":"Dispose_AfterFree_DoesNotThrow"},{"Key":{"Id":"XunitTestCaseExplicit","Label":"xUnit.net Test Case Explicit Flag","Category":"","Description":"","Attributes":0,"ValueType":"System.Boolean"},"Value":false}]},"Attachments":[],"Outcome":1,"ErrorMessage":null,"ErrorStackTrace":null,"DisplayName":"SharpMind.Tests.Core.NativeBufferTests.Dispose_AfterFree_DoesNotThrow","Messages":[],"ComputerName":"LAPTOP-MKMTSO1B","Duration":"00:00:00.0005349","StartTime":"2026-07-20T05:41:46.1617058+00:00","EndTime":"2026-07-20T05:41:46.1637613+00:00","Properties":[]},{"TestCase":{"Id":"d983d0f0-5b4b-1e87-40d3-e17b57b218b1","FullyQualifiedName":"SharpMind.Tests.Core.NativeBufferTests.AddRef_PreventsFreeUntilAllDisposed","DisplayName":"SharpMind.Tests.Core.NativeBufferTests.AddRef_PreventsFreeUntilAllDisposed","ExecutorUri":"executor://xunit/VsTestRunner3/netcore/","Source":"C:\\Integral2u\\source\\repos\\SharpMind\\SharpMind.Tests\\bin\\Debug\\net10.0\\SharpMind.Tests.dll","CodeFilePath":null,"LineNumber":0,"Properties":[{"Key":{"Id":"TestCase.ManagedType","Label":"ManagedType","Category":"","Description":"","Attributes":1,"ValueType":"System.String"},"Value":"SharpMind.Tests.Core.NativeBufferTests"},{"Key":{"Id":"XunitTestCaseUniqueID","Label":"xUnit.net Test Case Unique ID","Category":"","Description":"","Attributes":0,"ValueType":"System.String"},"Value":"e5fef5bdf3ad366d2f2067b9ca565904da01e7bc"},{"Key":{"Id":"TestCase.ManagedMethod","Label":"ManagedMethod","Category":"","Description":"","Attributes":1,"ValueType":"System.String"},"Value":"AddRef_PreventsFreeUntilAllDisposed"},{"Key":{"Id":"XunitTestCaseExplicit","Label":"xUnit.net Test Case Explicit Flag","Category":"","Description":"","Attributes":0,"ValueType":"System.Boolean"},"Value":false}]},"Attachments":[],"Outcome":1,"ErrorMessage":null,"ErrorStackTrace":null,"DisplayName":"SharpMind.Tests.Core.NativeBufferTests.AddRef_PreventsFreeUntilAllDisposed","Messages":[],"ComputerName":"LAPTOP-MKMTSO1B","Duration":"00:00:00.0004015","StartTime":"2026-07-20T05:41:46.1763801+00:00","EndTime":"2026-07-20T05:41:46.1765277+00:00","Properties":[]},{"TestCase":{"Id":"d3452a15-131b-dc07-4480-48b8564facfd","FullyQualifiedName":"SharpMind.Tests.Quantization.HalfToFloatTests.FloatToHalf_Scalar_ReturnsCorrectBits","DisplayName":"SharpMind.Tests.Quantization.HalfToFloatTests.FloatToHalf_Scalar_ReturnsCorrectBits(floatBits: 1056964608, expectedHalf: 14336, _: \"0.5\")","ExecutorUri":"executor://xunit/VsTestRunner3/netcore/","Source":"C:\\Integral2u\\source\\repos\\SharpMind\\SharpMind.Tests\\bin\\Debug\\net10.0\\SharpMind.Tests.dll","CodeFilePath":null,"LineNumber":0,"Properties":[{"Key":{"Id":"TestCase.ManagedType","Label":"ManagedType","Category":"","Description":"","Attributes":1,"ValueType":"System.String"},"Value":"SharpMind.Tests.Quantization.HalfToFloatTests"},{"Key":{"Id":"XunitTestCaseUniqueID","Label":"xUnit.net Test Case Unique ID","Category":"","Description":"","Attributes":0,"ValueType":"System.String"},"Value":"109fe35215da26b51c4fe67c2564240b2e256d94"},{"Key":{"Id":"TestCase.ManagedMethod","Label":"ManagedMethod","Category":"","Description":"","Attributes":1,"ValueType":"System.String"},"Value":"FloatToHalf_Scalar_ReturnsCorrectBits"},{"Key":{"Id":"XunitTestCaseExplicit","Label":"xUnit.net Test Case Explicit Flag","Category":"","Description":"","Attributes":0,"ValueType":"System.Boolean"},"Value":false}]},"Attachments":[],"Outcome":1,"ErrorMessage":null,"ErrorStackTrace":null,"DisplayName":"SharpMind.Tests.Quantization.HalfToFloatTests.FloatToHalf_Scalar_ReturnsCorrectBits(floatBits: 1056964608, expectedHalf: 14336, _: \"0.5\")","Messages":[],"ComputerName":"LAPTOP-MKMTSO1B","Duration":"00:00:00.0107805","StartTime":"2026-07-20T05:41:46.1540435+00:00","EndTime":"2026-07-20T05:41:46.1793185+00:00","Properties":[]},{"TestCase":{"Id":"597c1f1c-a696-ec9b-be43-21d25285df22","FullyQualifiedName":"SharpMind.Tests.Quantization.HalfToFloatTests.FloatToHalf_Scalar_ReturnsCorrectBits","DisplayName":"SharpMind.Tests.Quantization.HalfToFloatTests.FloatToHalf_Scalar_ReturnsCorrectBits(floatBits: 1199562752, expectedHalf: 31743, _: \"max normal\")","ExecutorUri":"executor://xunit/VsTestRunner3/netcore/","Source":"C:\\Integral2u\\source\\repos\\SharpMind\\SharpMind.Tests\\bin\\Debug\\net10.0\\SharpMind.Tests.dll","CodeFilePath":null,"LineNumber":0,"Properties":[{"Key":{"Id":"TestCase.ManagedType","Label":"ManagedType","Category":"","Description":"","Attributes":1,"ValueType":"System.String"},"Value":"SharpMind.Tests.Quantization.HalfToFloatTests"},{"Key":{"Id":"XunitTestCaseUniqueID","Label":"xUnit.net Test Case Unique ID","Category":"","Description":"","Attributes":0,"ValueType":"System.String"},"Value":"2976298ea566596402972114d8d788f19ad3955b"},{"Key":{"Id":"TestCase.ManagedMethod","Label":"ManagedMethod","Category":"","Description":"","Attributes":1,"ValueType":"System.String"},"Value":"FloatToHalf_Scalar_ReturnsCorrectBits"},{"Key":{"Id":"XunitTestCaseExplicit","Label":"xUnit.net Test Case Explicit Flag","Category":"","Description":"","Attributes":0,"ValueType":"System.Boolean"},"Value":false}]},"Attachments":[],"Outcome":1,"ErrorMessage":null,"ErrorStackTrace":null,"DisplayName":"SharpMind.Tests.Quantization.HalfToFloatTests.FloatToHalf_Scalar_ReturnsCorrectBits(floatBits: 1199562752, expectedHalf: 31743, _: \"max normal\")","Messages":[],"ComputerName":"LAPTOP-MKMTSO1B","Duration":"00:00:00.0011341","StartTime":"2026-07-20T05:41:46.1806215+00:00","EndTime":"2026-07-20T05:41:46.180807+00:00","Properties":[]},{"TestCase":{"Id":"a9a19ba9-3728-34e4-c824-64df27ec2b02","FullyQualifiedName":"SharpMind.Tests.Quantization.HalfToFloatTests.FloatToHalf_Scalar_ReturnsCorrectBits","DisplayName":"SharpMind.Tests.Quantization.HalfToFloatTests.FloatToHalf_Scalar_ReturnsCorrectBits(floatBits: 2147483648, expectedHalf: 32768, _: \"-0\")","ExecutorUri":"executor://xunit/VsTestRunner3/netcore/","Source":"C:\\Integral2u\\source\\repos\\SharpMind\\SharpMind.Tests\\bin\\Debug\\net10.0\\SharpMind.Tests.dll","CodeFilePath":null,"LineNumber":0,"Properties":[{"Key":{"Id":"TestCase.ManagedType","Label":"ManagedType","Category":"","Description":"","Attributes":1,"ValueType":"System.String"},"Value":"SharpMind.Tests.Quantization.HalfToFloatTests"},{"Key":{"Id":"XunitTestCaseUniqueID","Label":"xUnit.net Test Case Unique ID","Category":"","Description":"","Attributes":0,"ValueType":"System.String"},"Value":"56c3f9029f0ffcc2477123f08dc7b066c033ac04"},{"Key":{"Id":"TestCase.ManagedMethod","Label":"ManagedMethod","Category":"","Description":"","Attributes":1,"ValueType":"System.String"},"Value":"FloatToHalf_Scalar_ReturnsCorrectBits"},{"Key":{"Id":"XunitTestCaseExplicit","Label":"xUnit.net Test Case Explicit Flag","Category":"","Description":"","Attributes":0,"ValueType":"System.Boolean"},"Value":false}]},"Attachments":[],"Outcome":1,"ErrorMessage":null,"ErrorStackTrace":null,"DisplayName":"SharpMind.Tests.Quantization.HalfToFloatTests.FloatToHalf_Scalar_ReturnsCorrectBits(floatBits: 2147483648, expectedHalf: 32768, _: \"-0\")","Messages":[],"ComputerName":"LAPTOP-MKMTSO1B","Duration":"00:00:00.0000191","StartTime":"2026-07-20T05:41:46.1814097+00:00","EndTime":"2026-07-20T05:41:46.181548+00:00","Properties":[]},{"TestCase":{"Id":"feee4a3d-e019-660e-9802-9f87b8b1e5ce","FullyQualifiedName":"SharpMind.Tests.Quantization.HalfToFloatTests.FloatToHalf_Scalar_ReturnsCorrectBits","DisplayName":"SharpMind.Tests.Quantization.HalfToFloatTests.FloatToHalf_Scalar_ReturnsCorrectBits(floatBits: 1073741824, expectedHalf: 16384, _: \"2.0\")","ExecutorUri":"executor://xunit/VsTestRunner3/netcore/","Source":"C:\\Integral2u\\source\\repos\\SharpMind\\SharpMind.Tests\\bin\\Debug\\net10.0\\SharpMind.Tests.dll","CodeFilePath":null,"LineNumber":0,"Properties":[{"Key":{"Id":"TestCase.ManagedType","Label":"ManagedType","Category":"","Description":"","Attributes":1,"ValueType":"System.String"},"Value":"SharpMind.Tests.Quantization.HalfToFloatTests"},{"Key":{"Id":"XunitTestCaseUniqueID","Label":"xUnit.net Test Case Unique ID","Category":"","Description":"","Attributes":0,"ValueType":"System.String"},"Value":"6b8bad8823a01a2092d79ad40a1adc1906ba2aba"},{"Key":{"Id":"TestCase.ManagedMethod","Label":"ManagedMethod","Category":"","Description":"","Attributes":1,"ValueType":"System.String"},"Value":"FloatToHalf_Scalar_ReturnsCorrectBits"},{"Key":{"Id":"XunitTestCaseExplicit","Label":"xUnit.net Test Case Explicit Flag","Category":"","Description":"","Attributes":0,"ValueType":"System.Boolean"},"Value":false}]},"Attachments":[],"Outcome":1,"ErrorMessage":null,"ErrorStackTrace":null,"DisplayName":"SharpMind.Tests.Quantization.HalfToFloatTests.FloatToHalf_Scalar_ReturnsCorrectBits(floatBits: 1073741824, expectedHalf: 16384, _: \"2.0\")","Messages":[],"ComputerName":"LAPTOP-MKMTSO1B","Duration":"00:00:00.0000083","StartTime":"2026-07-20T05:41:46.1821326+00:00","EndTime":"2026-07-20T05:41:46.1822676+00:00","Properties":[]},{"TestCase":{"Id":"0fcc7805-11b5-a008-31f7-9bcf33fa9a55","FullyQualifiedName":"SharpMind.Tests.Quantization.HalfToFloatTests.FloatToHalf_Scalar_ReturnsCorrectBits","DisplayName":"SharpMind.Tests.Quantization.HalfToFloatTests.FloatToHalf_Scalar_ReturnsCorrectBits(floatBits: 3212836864, expectedHalf: 48128, _: \"-1.0\")","ExecutorUri":"executor://xunit/VsTestRunner3/netcore/","Source":"C:\\Integral2u\\source\\repos\\SharpMind\\SharpMind.Tests\\bin\\Debug\\net10.0\\SharpMind.Tests.dll","CodeFilePath":null,"LineNumber":0,"Properties":[{"Key":{"Id":"TestCase.ManagedType","Label":"ManagedType","Category":"","Description":"","Attributes":1,"ValueType":"System.String"},"Value":"SharpMind.Tests.Quantization.HalfToFloatTests"},{"Key":{"Id":"XunitTestCaseUniqueID","Label":"xUnit.net Test Case Unique ID","Category":"","Description":"","Attributes":0,"ValueType":"System.String"},"Value":"ecdf0961827b76d1a4329fcbcbd36ef140b74920"},{"Key":{"Id":"TestCase.ManagedMethod","Label":"ManagedMethod","Category":"","Description":"","Attributes":1,"ValueType":"System.String"},"Value":"FloatToHalf_Scalar_ReturnsCorrectBits"},{"Key":{"Id":"XunitTestCaseExplicit","Label":"xUnit.net Test Case Explicit Flag","Category":"","Description":"","Attributes":0,"ValueType":"System.Boolean"},"Value":false}]},"Attachments":[],"Outcome":1,"ErrorMessage":null,"ErrorStackTrace":null,"DisplayName":"SharpMind.Tests.Quantization.HalfToFloatTests.FloatToHalf_Scalar_ReturnsCorrectBits(floatBits: 3212836864, expectedHalf: 48128, _: \"-1.0\")","Messages":[],"ComputerName":"LAPTOP-MKMTSO1B","Duration":"00:00:00.0000072","StartTime":"2026-07-20T05:41:46.1829625+00:00","EndTime":"2026-07-20T05:41:46.1831131+00:00","Properties":[]},{"TestCase":{"Id":"f1e933d4-3617-8dec-4505-f09d45e7f280","FullyQualifiedName":"SharpMind.Tests.Quantization.HalfToFloatTests.FloatToHalf_Scalar_ReturnsCorrectBits","DisplayName":"SharpMind.Tests.Quantization.HalfToFloatTests.FloatToHalf_Scalar_ReturnsCorrectBits(floatBits: 1065353216, expectedHalf: 15360, _: \"1.0\")","ExecutorUri":"executor://xunit/VsTestRunner3/netcore/","Source":"C:\\Integral2u\\source\\repos\\SharpMind\\SharpMind.Tests\\bin\\Debug\\net10.0\\SharpMind.Tests.dll","CodeFilePath":null,"LineNumber":0,"Properties":[{"Key":{"Id":"TestCase.ManagedType","Label":"ManagedType","Category":"","Description":"","Attributes":1,"ValueType":"System.String"},"Value":"SharpMind.Tests.Quantization.HalfToFloatTests"},{"Key":{"Id":"XunitTestCaseUniqueID","Label":"xUnit.net Test Case Unique ID","Category":"","Description":"","Attributes":0,"ValueType":"System.String"},"Value":"ed0e068defec269c78b8a929bdc810b3f221e812"},{"Key":{"Id":"TestCase.ManagedMethod","Label":"ManagedMethod","Category":"","Description":"","Attributes":1,"ValueType":"System.String"},"Value":"FloatToHalf_Scalar_ReturnsCorrectBits"},{"Key":{"Id":"XunitTestCaseExplicit","Label":"xUnit.net Test Case Explicit Flag","Category":"","Description":"","Attributes":0,"ValueType":"System.Boolean"},"Value":false}]},"Attachments":[],"Outcome":1,"ErrorMessage":null,"ErrorStackTrace":null,"DisplayName":"SharpMind.Tests.Quantization.HalfToFloatTests.FloatToHalf_Scalar_ReturnsCorrectBits(floatBits: 1065353216, expectedHalf: 15360, _: \"1.0\")","Messages":[],"ComputerName":"LAPTOP-MKMTSO1B","Duration":"00:00:00.0000079","StartTime":"2026-07-20T05:41:46.1837225+00:00","EndTime":"2026-07-20T05:41:46.1839155+00:00","Properties":[]}],"TestRunStatistics":{"ExecutedTests":152,"Stats":{"Passed":152}},"ActiveTests":[{"Id":"3fe2b258-0513-cce0-5f84-a5aad7c75f35","FullyQualifiedName":"SharpMind.Tests.GPU.ActivationComparisonTests.ReLU_CPUAndGPU_ProduceSameResults","DisplayName":"SharpMind.Tests.GPU.ActivationComparisonTests.ReLU_CPUAndGPU_ProduceSameResults","ExecutorUri":"executor://xunit/VsTestRunner3/netcore/","Source":"C:\\Integral2u\\source\\repos\\SharpMind\\SharpMind.Tests\\bin\\Debug\\net10.0\\SharpMind.Tests.dll","CodeFilePath":null,"LineNumber":0,"Properties":[{"Key":{"Id":"TestCase.ManagedType","Label":"ManagedType","Category":"","Description":"","Attributes":1,"ValueType":"System.String"},"Value":"SharpMind.Tests.GPU.ActivationComparisonTests"},{"Key":{"Id":"XunitTestCaseUniqueID","Label":"xUnit.net Test Case Unique ID","Category":"","Description":"","Attributes":0,"ValueType":"System.String"},"Value":"17c4c11d12357b65c20e68677a22afa0b17ebdc4"},{"Key":{"Id":"TestCase.ManagedMethod","Label":"ManagedMethod","Category":"","Description":"","Attributes":1,"ValueType":"System.String"},"Value":"ReLU_CPUAndGPU_ProduceSameResults"},{"Key":{"Id":"XunitTestCaseExplicit","Label":"xUnit.net Test Case Explicit Flag","Category":"","Description":"","Attributes":0,"ValueType":"System.Boolean"},"Value":false}]},{"Id":"d92bcd04-c599-1ab8-ee6a-4c39e5ec1773","FullyQualifiedName":"SharpMind.Tests.Quantization.HalfToFloatTests.FloatToHalf_Scalar_ReturnsCorrectBits","DisplayName":"SharpMind.Tests.Quantization.HalfToFloatTests.FloatToHalf_Scalar_ReturnsCorrectBits(floatBits: 0, expectedHalf: 0, _: \"+0\")","ExecutorUri":"executor://xunit/VsTestRunner3/netcore/","Source":"C:\\Integral2u\\source\\repos\\SharpMind\\SharpMind.Tests\\bin\\Debug\\net10.0\\SharpMind.Tests.dll","CodeFilePath":null,"LineNumber":0,"Properties":[{"Key":{"Id":"TestCase.ManagedType","Label":"ManagedType","Category":"","Description":"","Attributes":1,"ValueType":"System.String"},"Value":"SharpMind.Tests.Quantization.HalfToFloatTests"},{"Key":{"Id":"XunitTestCaseUniqueID","Label":"xUnit.net Test Case Unique ID","Category":"","Description":"","Attributes":0,"ValueType":"System.String"},"Value":"f98f8aff0a61c436f9a0012b9c605e267655624b"},{"Key":{"Id":"TestCase.ManagedMethod","Label":"ManagedMethod","Category":"","Description":"","Attributes":1,"ValueType":"System.String"},"Value":"FloatToHalf_Scalar_ReturnsCorrectBits"},{"Key":{"Id":"XunitTestCaseExplicit","Label":"xUnit.net Test Case Explicit Flag","Category":"","Description":"","Attributes":0,"ValueType":"System.Boolean"},"Value":false}]}]}}
TpTrace Verbose: 0 : 15992, 10, 2026/07/20, 17:41:46.194, 374950685150, vstest.console.dll, TestRunRequest:SendTestRunStatsChange: Starting.
TpTrace Verbose: 0 : 15992, 10, 2026/07/20, 17:41:46.194, 374950686688, vstest.console.dll, InProgress is SharpMind.Tests.GPU.ActivationComparisonTests.ReLU_CPUAndGPU_ProduceSameResults
TpTrace Verbose: 0 : 15992, 10, 2026/07/20, 17:41:46.194, 374950687908, vstest.console.dll, InProgress is SharpMind.Tests.Quantization.HalfToFloatTests.FloatToHalf_Scalar_ReturnsCorrectBits(floatBits: 0, expectedHalf: 0, _: "+0")
TpTrace Verbose: 0 : 15992, 10, 2026/07/20, 17:41:46.194, 374950688953, vstest.console.dll, MulticastDelegateUtilities.SafeInvoke: TestRun.RunStatsChanged: Invoking callbacks was skipped because there are no subscribers.
TpTrace Information: 0 : 15992, 10, 2026/07/20, 17:41:46.194, 374950689760, vstest.console.dll, TestRunRequest:SendTestRunStatsChange: Completed.
TpTrace Verbose: 0 : 15992, 10, 2026/07/20, 17:41:46.194, 374950690486, vstest.console.dll, MulticastDelegateUtilities.SafeInvoke: LengthPrefixCommunicationChannel: MessageReceived: Invoking callback 1/1 for Microsoft.VisualStudio.TestPlatform.CommunicationUtilities.TestRequestSender+<>c__DisplayClass34_0., took 3 ms.
TpTrace Verbose: 0 : 15992, 10, 2026/07/20, 17:41:46.194, 374950691131, vstest.console.dll, TcpClientExtensions.MessageLoopAsync: Polling on remoteEndPoint: 127.0.0.1:55740 localEndPoint: 127.0.0.1:55739 after 28 ms
TpTrace Verbose: 0 : 15992, 4, 2026/07/20, 17:41:46.197, 374950720497, vstest.console.dll, MulticastDelegateUtilities.SafeInvoke: InternalTestLoggerEvents.SendTestResult: Invoking callback 1/1 for Microsoft.VisualStudio.TestPlatform.CommandLine.Internal.ConsoleLogger., took 0 ms.
TpTrace Verbose: 0 : 15992, 4, 2026/07/20, 17:41:46.197, 374950721995, vstest.console.dll, MulticastDelegateUtilities.SafeInvoke: InternalTestLoggerEvents.SendTestResult: Invoking callback 1/1 for Microsoft.VisualStudio.TestPlatform.CommandLine.Internal.ConsoleLogger., took 0 ms.
TpTrace Verbose: 0 : 15992, 4, 2026/07/20, 17:41:46.197, 374950722831, vstest.console.dll, MulticastDelegateUtilities.SafeInvoke: InternalTestLoggerEvents.SendTestResult: Invoking callback 1/1 for Microsoft.VisualStudio.TestPlatform.CommandLine.Internal.ConsoleLogger., took 0 ms.
TpTrace Verbose: 0 : 15992, 4, 2026/07/20, 17:41:46.197, 374950723518, vstest.console.dll, MulticastDelegateUtilities.SafeInvoke: InternalTestLoggerEvents.SendTestResult: Invoking callback 1/1 for Microsoft.VisualStudio.TestPlatform.CommandLine.Internal.ConsoleLogger., took 0 ms.
TpTrace Verbose: 0 : 15992, 4, 2026/07/20, 17:41:46.198, 374950724456, vstest.console.dll, MulticastDelegateUtilities.SafeInvoke: InternalTestLoggerEvents.SendTestResult: Invoking callback 1/1 for Microsoft.VisualStudio.TestPlatform.CommandLine.Internal.ConsoleLogger., took 0 ms.
TpTrace Verbose: 0 : 15992, 4, 2026/07/20, 17:41:46.198, 374950725226, vstest.console.dll, MulticastDelegateUtilities.SafeInvoke: InternalTestLoggerEvents.SendTestResult: Invoking callback 1/1 for Microsoft.VisualStudio.TestPlatform.CommandLine.Internal.ConsoleLogger., took 0 ms.
TpTrace Verbose: 0 : 15992, 4, 2026/07/20, 17:41:46.198, 374950725891, vstest.console.dll, MulticastDelegateUtilities.SafeInvoke: InternalTestLoggerEvents.SendTestResult: Invoking callback 1/1 for Microsoft.VisualStudio.TestPlatform.CommandLine.Internal.ConsoleLogger., took 0 ms.
TpTrace Verbose: 0 : 15992, 4, 2026/07/20, 17:41:46.198, 374950726638, vstest.console.dll, MulticastDelegateUtilities.SafeInvoke: InternalTestLoggerEvents.SendTestResult: Invoking callback 1/1 for Microsoft.VisualStudio.TestPlatform.CommandLine.Internal.ConsoleLogger., took 0 ms.
TpTrace Verbose: 0 : 15992, 10, 2026/07/20, 17:41:46.215, 374950899784, vstest.console.dll, TcpClientExtensions.MessageLoopAsync: NotifyDataAvailable remoteEndPoint: 127.0.0.1:55740 localEndPoint: 127.0.0.1:55739
TpTrace Verbose: 0 : 15992, 10, 2026/07/20, 17:41:46.216, 374950904968, vstest.console.dll, TestRequestSender.OnExecutionMessageReceived: Received message: {"Version":7,"MessageType":"TestExecution.StatsChange","Payload":{"NewTestResults":[{"TestCase":{"Id":"d92bcd04-c599-1ab8-ee6a-4c39e5ec1773","FullyQualifiedName":"SharpMind.Tests.Quantization.HalfToFloatTests.FloatToHalf_Scalar_ReturnsCorrectBits","DisplayName":"SharpMind.Tests.Quantization.HalfToFloatTests.FloatToHalf_Scalar_ReturnsCorrectBits(floatBits: 0, expectedHalf: 0, _: \"+0\")","ExecutorUri":"executor://xunit/VsTestRunner3/netcore/","Source":"C:\\Integral2u\\source\\repos\\SharpMind\\SharpMind.Tests\\bin\\Debug\\net10.0\\SharpMind.Tests.dll","CodeFilePath":null,"LineNumber":0,"Properties":[{"Key":{"Id":"TestCase.ManagedType","Label":"ManagedType","Category":"","Description":"","Attributes":1,"ValueType":"System.String"},"Value":"SharpMind.Tests.Quantization.HalfToFloatTests"},{"Key":{"Id":"XunitTestCaseUniqueID","Label":"xUnit.net Test Case Unique ID","Category":"","Description":"","Attributes":0,"ValueType":"System.String"},"Value":"f98f8aff0a61c436f9a0012b9c605e267655624b"},{"Key":{"Id":"TestCase.ManagedMethod","Label":"ManagedMethod","Category":"","Description":"","Attributes":1,"ValueType":"System.String"},"Value":"FloatToHalf_Scalar_ReturnsCorrectBits"},{"Key":{"Id":"XunitTestCaseExplicit","Label":"xUnit.net Test Case Explicit Flag","Category":"","Description":"","Attributes":0,"ValueType":"System.Boolean"},"Value":false}]},"Attachments":[],"Outcome":1,"ErrorMessage":null,"ErrorStackTrace":null,"DisplayName":"SharpMind.Tests.Quantization.HalfToFloatTests.FloatToHalf_Scalar_ReturnsCorrectBits(floatBits: 0, expectedHalf: 0, _: \"+0\")","Messages":[],"ComputerName":"LAPTOP-MKMTSO1B","Duration":"00:00:00.0000064","StartTime":"2026-07-20T05:41:46.1966456+00:00","EndTime":"2026-07-20T05:41:46.1968359+00:00","Properties":[]},{"TestCase":{"Id":"412fbbb3-99c4-a0a8-8150-cb06a44563c8","FullyQualifiedName":"SharpMind.Tests.Quantization.HalfToFloatTests.HalfToFloat_F16C_SubnormalRoundTripBoundary","DisplayName":"SharpMind.Tests.Quantization.HalfToFloatTests.HalfToFloat_F16C_SubnormalRoundTripBoundary","ExecutorUri":"executor://xunit/VsTestRunner3/netcore/","Source":"C:\\Integral2u\\source\\repos\\SharpMind\\SharpMind.Tests\\bin\\Debug\\net10.0\\SharpMind.Tests.dll","CodeFilePath":null,"LineNumber":0,"Properties":[{"Key":{"Id":"TestCase.ManagedType","Label":"ManagedType","Category":"","Description":"","Attributes":1,"ValueType":"System.String"},"Value":"SharpMind.Tests.Quantization.HalfToFloatTests"},{"Key":{"Id":"XunitTestCaseUniqueID","Label":"xUnit.net Test Case Unique ID","Category":"","Description":"","Attributes":0,"ValueType":"System.String"},"Value":"179a743474cb6f34d7f4ecf1795d62889148985f"},{"Key":{"Id":"TestCase.ManagedMethod","Label":"ManagedMethod","Category":"","Description":"","Attributes":1,"ValueType":"System.String"},"Value":"HalfToFloat_F16C_SubnormalRoundTripBoundary"},{"Key":{"Id":"XunitTestCaseExplicit","Label":"xUnit.net Test Case Explicit Flag","Category":"","Description":"","Attributes":0,"ValueType":"System.Boolean"},"Value":false}]},"Attachments":[],"Outcome":1,"ErrorMessage":null,"ErrorStackTrace":null,"DisplayName":"SharpMind.Tests.Quantization.HalfToFloatTests.HalfToFloat_F16C_SubnormalRoundTripBoundary","Messages":[],"ComputerName":"LAPTOP-MKMTSO1B","Duration":"00:00:00.0062170","StartTime":"2026-07-20T05:41:46.2003512+00:00","EndTime":"2026-07-20T05:41:46.2005039+00:00","Properties":[]},{"TestCase":{"Id":"664536ae-143b-9827-cb7e-d54d694232fd","FullyQualifiedName":"SharpMind.Tests.Quantization.HalfToFloatTests.FloatToHalf_F16C_Zero","DisplayName":"SharpMind.Tests.Quantization.HalfToFloatTests.FloatToHalf_F16C_Zero","ExecutorUri":"executor://xunit/VsTestRunner3/netcore/","Source":"C:\\Integral2u\\source\\repos\\SharpMind\\SharpMind.Tests\\bin\\Debug\\net10.0\\SharpMind.Tests.dll","CodeFilePath":null,"LineNumber":0,"Properties":[{"Key":{"Id":"TestCase.ManagedType","Label":"ManagedType","Category":"","Description":"","Attributes":1,"ValueType":"System.String"},"Value":"SharpMind.Tests.Quantization.HalfToFloatTests"},{"Key":{"Id":"XunitTestCaseUniqueID","Label":"xUnit.net Test Case Unique ID","Category":"","Description":"","Attributes":0,"ValueType":"System.String"},"Value":"23afe9964b438f061ddb483bcc99ccf1cca0cfd5"},{"Key":{"Id":"TestCase.ManagedMethod","Label":"ManagedMethod","Category":"","Description":"","Attributes":1,"ValueType":"System.String"},"Value":"FloatToHalf_F16C_Zero"},{"Key":{"Id":"XunitTestCaseExplicit","Label":"xUnit.net Test Case Explicit Flag","Category":"","Description":"","Attributes":0,"ValueType":"System.Boolean"},"Value":false}]},"Attachments":[],"Outcome":1,"ErrorMessage":null,"ErrorStackTrace":null,"DisplayName":"SharpMind.Tests.Quantization.HalfToFloatTests.FloatToHalf_F16C_Zero","Messages":[],"ComputerName":"LAPTOP-MKMTSO1B","Duration":"00:00:00.0005035","StartTime":"2026-07-20T05:41:46.2012969+00:00","EndTime":"2026-07-20T05:41:46.2014352+00:00","Properties":[]},{"TestCase":{"Id":"d12040e6-9ea3-3b28-d042-bd67b674834d","FullyQualifiedName":"SharpMind.Tests.Quantization.HalfToFloatTests.FloatToHalf_F16C_NaN","DisplayName":"SharpMind.Tests.Quantization.HalfToFloatTests.FloatToHalf_F16C_NaN","ExecutorUri":"executor://xunit/VsTestRunner3/netcore/","Source":"C:\\Integral2u\\source\\repos\\SharpMind\\SharpMind.Tests\\bin\\Debug\\net10.0\\SharpMind.Tests.dll","CodeFilePath":null,"LineNumber":0,"Properties":[{"Key":{"Id":"TestCase.ManagedType","Label":"ManagedType","Category":"","Description":"","Attributes":1,"ValueType":"System.String"},"Value":"SharpMind.Tests.Quantization.HalfToFloatTests"},{"Key":{"Id":"XunitTestCaseUniqueID","Label":"xUnit.net Test Case Unique ID","Category":"","Description":"","Attributes":0,"ValueType":"System.String"},"Value":"5c31d6b4769841fb40c413d474079628480bfa2e"},{"Key":{"Id":"TestCase.ManagedMethod","Label":"ManagedMethod","Category":"","Description":"","Attributes":1,"ValueType":"System.String"},"Value":"FloatToHalf_F16C_NaN"},{"Key":{"Id":"XunitTestCaseExplicit","Label":"xUnit.net Test Case Explicit Flag","Category":"","Description":"","Attributes":0,"ValueType":"System.Boolean"},"Value":false}]},"Attachments":[],"Outcome":1,"ErrorMessage":null,"ErrorStackTrace":null,"DisplayName":"SharpMind.Tests.Quantization.HalfToFloatTests.FloatToHalf_F16C_NaN","Messages":[],"ComputerName":"LAPTOP-MKMTSO1B","Duration":"00:00:00.0008093","StartTime":"2026-07-20T05:41:46.202201+00:00","EndTime":"2026-07-20T05:41:46.2023414+00:00","Properties":[]},{"TestCase":{"Id":"e75a2f97-19f5-12a4-4d9c-1f44cf8a32e3","FullyQualifiedName":"SharpMind.Tests.Quantization.HalfToFloatTests.FloatToHalf_F16C_Infinity","DisplayName":"SharpMind.Tests.Quantization.HalfToFloatTests.FloatToHalf_F16C_Infinity","ExecutorUri":"executor://xunit/VsTestRunner3/netcore/","Source":"C:\\Integral2u\\source\\repos\\SharpMind\\SharpMind.Tests\\bin\\Debug\\net10.0\\SharpMind.Tests.dll","CodeFilePath":null,"LineNumber":0,"Properties":[{"Key":{"Id":"TestCase.ManagedType","Label":"ManagedType","Category":"","Description":"","Attributes":1,"ValueType":"System.String"},"Value":"SharpMind.Tests.Quantization.HalfToFloatTests"},{"Key":{"Id":"XunitTestCaseUniqueID","Label":"xUnit.net Test Case Unique ID","Category":"","Description":"","Attributes":0,"ValueType":"System.String"},"Value":"74f0e20cc7480c9b4a6595091f45d95de33e2f85"},{"Key":{"Id":"TestCase.ManagedMethod","Label":"ManagedMethod","Category":"","Description":"","Attributes":1,"ValueType":"System.String"},"Value":"FloatToHalf_F16C_Infinity"},{"Key":{"Id":"XunitTestCaseExplicit","Label":"xUnit.net Test Case Explicit Flag","Category":"","Description":"","Attributes":0,"ValueType":"System.Boolean"},"Value":false}]},"Attachments":[],"Outcome":1,"ErrorMessage":null,"ErrorStackTrace":null,"DisplayName":"SharpMind.Tests.Quantization.HalfToFloatTests.FloatToHalf_F16C_Infinity","Messages":[],"ComputerName":"LAPTOP-MKMTSO1B","Duration":"00:00:00.0002892","StartTime":"2026-07-20T05:41:46.2030592+00:00","EndTime":"2026-07-20T05:41:46.2031927+00:00","Properties":[]},{"TestCase":{"Id":"d0495b80-956a-3d00-513a-ce7c69cfa693","FullyQualifiedName":"SharpMind.Tests.Quantization.HalfToFloatTests.HalfToFloat_F16C_Infinity","DisplayName":"SharpMind.Tests.Quantization.HalfToFloatTests.HalfToFloat_F16C_Infinity","ExecutorUri":"executor://xunit/VsTestRunner3/netcore/","Source":"C:\\Integral2u\\source\\repos\\SharpMind\\SharpMind.Tests\\bin\\Debug\\net10.0\\SharpMind.Tests.dll","CodeFilePath":null,"LineNumber":0,"Properties":[{"Key":{"Id":"TestCase.ManagedType","Label":"ManagedType","Category":"","Description":"","Attributes":1,"ValueType":"System.String"},"Value":"SharpMind.Tests.Quantization.HalfToFloatTests"},{"Key":{"Id":"XunitTestCaseUniqueID","Label":"xUnit.net Test Case Unique ID","Category":"","Description":"","Attributes":0,"ValueType":"System.String"},"Value":"d37e8f3199290ca9888071415c3072adca208d0c"},{"Key":{"Id":"TestCase.ManagedMethod","Label":"ManagedMethod","Category":"","Description":"","Attributes":1,"ValueType":"System.String"},"Value":"HalfToFloat_F16C_Infinity"},{"Key":{"Id":"XunitTestCaseExplicit","Label":"xUnit.net Test Case Explicit Flag","Category":"","Description":"","Attributes":0,"ValueType":"System.Boolean"},"Value":false}]},"Attachments":[],"Outcome":1,"ErrorMessage":null,"ErrorStackTrace":null,"DisplayName":"SharpMind.Tests.Quantization.HalfToFloatTests.HalfToFloat_F16C_Infinity","Messages":[],"ComputerName":"LAPTOP-MKMTSO1B","Duration":"00:00:00.0002400","StartTime":"2026-07-20T05:41:46.2038607+00:00","EndTime":"2026-07-20T05:41:46.2039915+00:00","Properties":[]},{"TestCase":{"Id":"2676559b-5aba-cc34-b252-1046a582fc30","FullyQualifiedName":"SharpMind.Tests.Quantization.HalfToFloatTests.HalfToFloat_F16C_NaN","DisplayName":"SharpMind.Tests.Quantization.HalfToFloatTests.HalfToFloat_F16C_NaN","ExecutorUri":"executor://xunit/VsTestRunner3/netcore/","Source":"C:\\Integral2u\\source\\repos\\SharpMind\\SharpMind.Tests\\bin\\Debug\\net10.0\\SharpMind.Tests.dll","CodeFilePath":null,"LineNumber":0,"Properties":[{"Key":{"Id":"TestCase.ManagedType","Label":"ManagedType","Category":"","Description":"","Attributes":1,"ValueType":"System.String"},"Value":"SharpMind.Tests.Quantization.HalfToFloatTests"},{"Key":{"Id":"XunitTestCaseUniqueID","Label":"xUnit.net Test Case Unique ID","Category":"","Description":"","Attributes":0,"ValueType":"System.String"},"Value":"ec707b43dc9cb65d6f67b02e0cff76f907b141b8"},{"Key":{"Id":"TestCase.ManagedMethod","Label":"ManagedMethod","Category":"","Description":"","Attributes":1,"ValueType":"System.String"},"Value":"HalfToFloat_F16C_NaN"},{"Key":{"Id":"XunitTestCaseExplicit","Label":"xUnit.net Test Case Explicit Flag","Category":"","Description":"","Attributes":0,"ValueType":"System.Boolean"},"Value":false}]},"Attachments":[],"Outcome":1,"ErrorMessage":null,"ErrorStackTrace":null,"DisplayName":"SharpMind.Tests.Quantization.HalfToFloatTests.HalfToFloat_F16C_NaN","Messages":[],"ComputerName":"LAPTOP-MKMTSO1B","Duration":"00:00:00.0003174","StartTime":"2026-07-20T05:41:46.2050978+00:00","EndTime":"2026-07-20T05:41:46.2052688+00:00","Properties":[]},{"TestCase":{"Id":"3c1097d8-12c5-37d0-844a-4a08087c4078","FullyQualifiedName":"SharpMind.Tests.Quantization.HalfToFloatTests.HalfToFloat_F16C_BulkOrdering","DisplayName":"SharpMind.Tests.Quantization.HalfToFloatTests.HalfToFloat_F16C_BulkOrdering","ExecutorUri":"executor://xunit/VsTestRunner3/netcore/","Source":"C:\\Integral2u\\source\\repos\\SharpMind\\SharpMind.Tests\\bin\\Debug\\net10.0\\SharpMind.Tests.dll","CodeFilePath":null,"LineNumber":0,"Properties":[{"Key":{"Id":"TestCase.ManagedType","Label":"ManagedType","Category":"","Description":"","Attributes":1,"ValueType":"System.String"},"Value":"SharpMind.Tests.Quantization.HalfToFloatTests"},{"Key":{"Id":"XunitTestCaseUniqueID","Label":"xUnit.net Test Case Unique ID","Category":"","Description":"","Attributes":0,"ValueType":"System.String"},"Value":"f3c9b2969be1c9fc3b2c0629e53dd1b238ae5a25"},{"Key":{"Id":"TestCase.ManagedMethod","Label":"ManagedMethod","Category":"","Description":"","Attributes":1,"ValueType":"System.String"},"Value":"HalfToFloat_F16C_BulkOrdering"},{"Key":{"Id":"XunitTestCaseExplicit","Label":"xUnit.net Test Case Explicit Flag","Category":"","Description":"","Attributes":0,"ValueType":"System.Boolean"},"Value":false}]},"Attachments":[],"Outcome":1,"ErrorMessage":null,"ErrorStackTrace":null,"DisplayName":"SharpMind.Tests.Quantization.HalfToFloatTests.HalfToFloat_F16C_BulkOrdering","Messages":[],"ComputerName":"LAPTOP-MKMTSO1B","Duration":"00:00:00.0137072","StartTime":"2026-07-20T05:41:46.2106967+00:00","EndTime":"2026-07-20T05:41:46.210857+00:00","Properties":[]},{"TestCase":{"Id":"1dabfc34-56dd-9e91-d736-6fadde5cde29","FullyQualifiedName":"SharpMind.Tests.Quantization.HalfToFloatTests.HalfToFloat_F16C_Zero","DisplayName":"SharpMind.Tests.Quantization.HalfToFloatTests.HalfToFloat_F16C_Zero","ExecutorUri":"executor://xunit/VsTestRunner3/netcore/","Source":"C:\\Integral2u\\source\\repos\\SharpMind\\SharpMind.Tests\\bin\\Debug\\net10.0\\SharpMind.Tests.dll","CodeFilePath":null,"LineNumber":0,"Properties":[{"Key":{"Id":"TestCase.ManagedType","Label":"ManagedType","Category":"","Description":"","Attributes":1,"ValueType":"System.String"},"Value":"SharpMind.Tests.Quantization.HalfToFloatTests"},{"Key":{"Id":"XunitTestCaseUniqueID","Label":"xUnit.net Test Case Unique ID","Category":"","Description":"","Attributes":0,"ValueType":"System.String"},"Value":"f6e8622482b98bc0b233bc29243f6b724006094e"},{"Key":{"Id":"TestCase.ManagedMethod","Label":"ManagedMethod","Category":"","Description":"","Attributes":1,"ValueType":"System.String"},"Value":"HalfToFloat_F16C_Zero"},{"Key":{"Id":"XunitTestCaseExplicit","Label":"xUnit.net Test Case Explicit Flag","Category":"","Description":"","Attributes":0,"ValueType":"System.Boolean"},"Value":false}]},"Attachments":[],"Outcome":1,"ErrorMessage":null,"ErrorStackTrace":null,"DisplayName":"SharpMind.Tests.Quantization.HalfToFloatTests.HalfToFloat_F16C_Zero","Messages":[],"ComputerName":"LAPTOP-MKMTSO1B","Duration":"00:00:00.0003133","StartTime":"2026-07-20T05:41:46.2117013+00:00","EndTime":"2026-07-20T05:41:46.2118635+00:00","Properties":[]}],"TestRunStatistics":{"ExecutedTests":161,"Stats":{"Passed":161}},"ActiveTests":[{"Id":"206a3014-8d6e-5c94-272c-3d32c34e6a75","FullyQualifiedName":"SharpMind.Tests.ModelFormat.SharpMindConfigTests.ToModelConfig_Roundtrip","DisplayName":"SharpMind.Tests.ModelFormat.SharpMindConfigTests.ToModelConfig_Roundtrip","ExecutorUri":"executor://xunit/VsTestRunner3/netcore/","Source":"C:\\Integral2u\\source\\repos\\SharpMind\\SharpMind.Tests\\bin\\Debug\\net10.0\\SharpMind.Tests.dll","CodeFilePath":null,"LineNumber":0,"Properties":[{"Key":{"Id":"TestCase.ManagedType","Label":"ManagedType","Category":"","Description":"","Attributes":1,"ValueType":"System.String"},"Value":"SharpMind.Tests.ModelFormat.SharpMindConfigTests"},{"Key":{"Id":"XunitTestCaseUniqueID","Label":"xUnit.net Test Case Unique ID","Category":"","Description":"","Attributes":0,"ValueType":"System.String"},"Value":"50e90007272ca1631cf5af60241da31aeffd8d79"},{"Key":{"Id":"TestCase.ManagedMethod","Label":"ManagedMethod","Category":"","Description":"","Attributes":1,"ValueType":"System.String"},"Value":"ToModelConfig_Roundtrip"},{"Key":{"Id":"XunitTestCaseExplicit","Label":"xUnit.net Test Case Explicit Flag","Category":"","Description":"","Attributes":0,"ValueType":"System.Boolean"},"Value":false}]}]}}
TpTrace Verbose: 0 : 15992, 10, 2026/07/20, 17:41:46.219, 374950943116, vstest.console.dll, TestRunRequest:SendTestRunStatsChange: Starting.
TpTrace Verbose: 0 : 15992, 10, 2026/07/20, 17:41:46.220, 374950944475, vstest.console.dll, InProgress is SharpMind.Tests.ModelFormat.SharpMindConfigTests.ToModelConfig_Roundtrip
TpTrace Verbose: 0 : 15992, 10, 2026/07/20, 17:41:46.220, 374950945291, vstest.console.dll, MulticastDelegateUtilities.SafeInvoke: TestRun.RunStatsChanged: Invoking callbacks was skipped because there are no subscribers.
TpTrace Information: 0 : 15992, 10, 2026/07/20, 17:41:46.220, 374950945824, vstest.console.dll, TestRunRequest:SendTestRunStatsChange: Completed.
TpTrace Verbose: 0 : 15992, 4, 2026/07/20, 17:41:46.220, 374950945907, vstest.console.dll, MulticastDelegateUtilities.SafeInvoke: InternalTestLoggerEvents.SendTestResult: Invoking callback 1/1 for Microsoft.VisualStudio.TestPlatform.CommandLine.Internal.ConsoleLogger., took 0 ms.
TpTrace Verbose: 0 : 15992, 10, 2026/07/20, 17:41:46.220, 374950946317, vstest.console.dll, MulticastDelegateUtilities.SafeInvoke: LengthPrefixCommunicationChannel: MessageReceived: Invoking callback 1/1 for Microsoft.VisualStudio.TestPlatform.CommunicationUtilities.TestRequestSender+<>c__DisplayClass34_0., took 4 ms.
TpTrace Verbose: 0 : 15992, 4, 2026/07/20, 17:41:46.220, 374950947303, vstest.console.dll, MulticastDelegateUtilities.SafeInvoke: InternalTestLoggerEvents.SendTestResult: Invoking callback 1/1 for Microsoft.VisualStudio.TestPlatform.CommandLine.Internal.ConsoleLogger., took 0 ms.
TpTrace Verbose: 0 : 15992, 10, 2026/07/20, 17:41:46.220, 374950948215, vstest.console.dll, TcpClientExtensions.MessageLoopAsync: Polling on remoteEndPoint: 127.0.0.1:55740 localEndPoint: 127.0.0.1:55739 after 25 ms
TpTrace Verbose: 0 : 15992, 4, 2026/07/20, 17:41:46.220, 374950948332, vstest.console.dll, MulticastDelegateUtilities.SafeInvoke: InternalTestLoggerEvents.SendTestResult: Invoking callback 1/1 for Microsoft.VisualStudio.TestPlatform.CommandLine.Internal.ConsoleLogger., took 0 ms.
TpTrace Verbose: 0 : 15992, 4, 2026/07/20, 17:41:46.220, 374950949747, vstest.console.dll, MulticastDelegateUtilities.SafeInvoke: InternalTestLoggerEvents.SendTestResult: Invoking callback 1/1 for Microsoft.VisualStudio.TestPlatform.CommandLine.Internal.ConsoleLogger., took 0 ms.
TpTrace Verbose: 0 : 15992, 4, 2026/07/20, 17:41:46.220, 374950950423, vstest.console.dll, MulticastDelegateUtilities.SafeInvoke: InternalTestLoggerEvents.SendTestResult: Invoking callback 1/1 for Microsoft.VisualStudio.TestPlatform.CommandLine.Internal.ConsoleLogger., took 0 ms.
TpTrace Verbose: 0 : 15992, 4, 2026/07/20, 17:41:46.220, 374950951518, vstest.console.dll, MulticastDelegateUtilities.SafeInvoke: InternalTestLoggerEvents.SendTestResult: Invoking callback 1/1 for Microsoft.VisualStudio.TestPlatform.CommandLine.Internal.ConsoleLogger., took 0 ms.
TpTrace Verbose: 0 : 15992, 4, 2026/07/20, 17:41:46.220, 374950952149, vstest.console.dll, MulticastDelegateUtilities.SafeInvoke: InternalTestLoggerEvents.SendTestResult: Invoking callback 1/1 for Microsoft.VisualStudio.TestPlatform.CommandLine.Internal.ConsoleLogger., took 0 ms.
TpTrace Verbose: 0 : 15992, 4, 2026/07/20, 17:41:46.220, 374950952757, vstest.console.dll, MulticastDelegateUtilities.SafeInvoke: InternalTestLoggerEvents.SendTestResult: Invoking callback 1/1 for Microsoft.VisualStudio.TestPlatform.CommandLine.Internal.ConsoleLogger., took 0 ms.
TpTrace Verbose: 0 : 15992, 4, 2026/07/20, 17:41:46.220, 374950953637, vstest.console.dll, MulticastDelegateUtilities.SafeInvoke: InternalTestLoggerEvents.SendTestResult: Invoking callback 1/1 for Microsoft.VisualStudio.TestPlatform.CommandLine.Internal.ConsoleLogger., took 0 ms.
TpTrace Verbose: 0 : 15992, 10, 2026/07/20, 17:41:46.414, 374952886664, vstest.console.dll, TcpClientExtensions.MessageLoopAsync: NotifyDataAvailable remoteEndPoint: 127.0.0.1:55740 localEndPoint: 127.0.0.1:55739
TpTrace Verbose: 0 : 15992, 10, 2026/07/20, 17:41:46.414, 374952891591, vstest.console.dll, TestRequestSender.OnExecutionMessageReceived: Received message: {"Version":7,"MessageType":"TestExecution.StatsChange","Payload":{"NewTestResults":[{"TestCase":{"Id":"206a3014-8d6e-5c94-272c-3d32c34e6a75","FullyQualifiedName":"SharpMind.Tests.ModelFormat.SharpMindConfigTests.ToModelConfig_Roundtrip","DisplayName":"SharpMind.Tests.ModelFormat.SharpMindConfigTests.ToModelConfig_Roundtrip","ExecutorUri":"executor://xunit/VsTestRunner3/netcore/","Source":"C:\\Integral2u\\source\\repos\\SharpMind\\SharpMind.Tests\\bin\\Debug\\net10.0\\SharpMind.Tests.dll","CodeFilePath":null,"LineNumber":0,"Properties":[{"Key":{"Id":"TestCase.ManagedType","Label":"ManagedType","Category":"","Description":"","Attributes":1,"ValueType":"System.String"},"Value":"SharpMind.Tests.ModelFormat.SharpMindConfigTests"},{"Key":{"Id":"XunitTestCaseUniqueID","Label":"xUnit.net Test Case Unique ID","Category":"","Description":"","Attributes":0,"ValueType":"System.String"},"Value":"50e90007272ca1631cf5af60241da31aeffd8d79"},{"Key":{"Id":"TestCase.ManagedMethod","Label":"ManagedMethod","Category":"","Description":"","Attributes":1,"ValueType":"System.String"},"Value":"ToModelConfig_Roundtrip"},{"Key":{"Id":"XunitTestCaseExplicit","Label":"xUnit.net Test Case Explicit Flag","Category":"","Description":"","Attributes":0,"ValueType":"System.Boolean"},"Value":false}]},"Attachments":[],"Outcome":1,"ErrorMessage":null,"ErrorStackTrace":null,"DisplayName":"SharpMind.Tests.ModelFormat.SharpMindConfigTests.ToModelConfig_Roundtrip","Messages":[],"ComputerName":"LAPTOP-MKMTSO1B","Duration":"00:00:00.0236916","StartTime":"2026-07-20T05:41:46.216443+00:00","EndTime":"2026-07-20T05:41:46.2166215+00:00","Properties":[]},{"TestCase":{"Id":"c439d3e5-e528-fb08-85c7-a3ddf5242e26","FullyQualifiedName":"SharpMind.Tests.ModelFormat.SharpMindConfigTests.FromModelConfig_Mapper_Configuration","DisplayName":"SharpMind.Tests.ModelFormat.SharpMindConfigTests.FromModelConfig_Mapper_Configuration","ExecutorUri":"executor://xunit/VsTestRunner3/netcore/","Source":"C:\\Integral2u\\source\\repos\\SharpMind\\SharpMind.Tests\\bin\\Debug\\net10.0\\SharpMind.Tests.dll","CodeFilePath":null,"LineNumber":0,"Properties":[{"Key":{"Id":"TestCase.ManagedType","Label":"ManagedType","Category":"","Description":"","Attributes":1,"ValueType":"System.String"},"Value":"SharpMind.Tests.ModelFormat.SharpMindConfigTests"},{"Key":{"Id":"XunitTestCaseUniqueID","Label":"xUnit.net Test Case Unique ID","Category":"","Description":"","Attributes":0,"ValueType":"System.String"},"Value":"5cd5a928309f560715123b01e8c222e918874263"},{"Key":{"Id":"TestCase.ManagedMethod","Label":"ManagedMethod","Category":"","Description":"","Attributes":1,"ValueType":"System.String"},"Value":"FromModelConfig_Mapper_Configuration"},{"Key":{"Id":"XunitTestCaseExplicit","Label":"xUnit.net Test Case Explicit Flag","Category":"","Description":"","Attributes":0,"ValueType":"System.Boolean"},"Value":false}]},"Attachments":[],"Outcome":1,"ErrorMessage":null,"ErrorStackTrace":null,"DisplayName":"SharpMind.Tests.ModelFormat.SharpMindConfigTests.FromModelConfig_Mapper_Configuration","Messages":[],"ComputerName":"LAPTOP-MKMTSO1B","Duration":"00:00:00.0057382","StartTime":"2026-07-20T05:41:46.2183087+00:00","EndTime":"2026-07-20T05:41:46.2184589+00:00","Properties":[]},{"TestCase":{"Id":"3fe2b258-0513-cce0-5f84-a5aad7c75f35","FullyQualifiedName":"SharpMind.Tests.GPU.ActivationComparisonTests.ReLU_CPUAndGPU_ProduceSameResults","DisplayName":"SharpMind.Tests.GPU.ActivationComparisonTests.ReLU_CPUAndGPU_ProduceSameResults","ExecutorUri":"executor://xunit/VsTestRunner3/netcore/","Source":"C:\\Integral2u\\source\\repos\\SharpMind\\SharpMind.Tests\\bin\\Debug\\net10.0\\SharpMind.Tests.dll","CodeFilePath":null,"LineNumber":0,"Properties":[{"Key":{"Id":"TestCase.ManagedType","Label":"ManagedType","Category":"","Description":"","Attributes":1,"ValueType":"System.String"},"Value":"SharpMind.Tests.GPU.ActivationComparisonTests"},{"Key":{"Id":"XunitTestCaseUniqueID","Label":"xUnit.net Test Case Unique ID","Category":"","Description":"","Attributes":0,"ValueType":"System.String"},"Value":"17c4c11d12357b65c20e68677a22afa0b17ebdc4"},{"Key":{"Id":"TestCase.ManagedMethod","Label":"ManagedMethod","Category":"","Description":"","Attributes":1,"ValueType":"System.String"},"Value":"ReLU_CPUAndGPU_ProduceSameResults"},{"Key":{"Id":"XunitTestCaseExplicit","Label":"xUnit.net Test Case Explicit Flag","Category":"","Description":"","Attributes":0,"ValueType":"System.Boolean"},"Value":false}]},"Attachments":[],"Outcome":1,"ErrorMessage":null,"ErrorStackTrace":null,"DisplayName":"SharpMind.Tests.GPU.ActivationComparisonTests.ReLU_CPUAndGPU_ProduceSameResults","Messages":[],"ComputerName":"LAPTOP-MKMTSO1B","Duration":"00:00:00.1714898","StartTime":"2026-07-20T05:41:46.1790451+00:00","EndTime":"2026-07-20T05:41:46.2905063+00:00","Properties":[]},{"TestCase":{"Id":"28925895-894a-ee85-0593-943d1946f7d3","FullyQualifiedName":"SharpMind.Tests.ModelFormat.SharpMindConfigTests.SaveAndLoad_Roundtrip","DisplayName":"SharpMind.Tests.ModelFormat.SharpMindConfigTests.SaveAndLoad_Roundtrip","ExecutorUri":"executor://xunit/VsTestRunner3/netcore/","Source":"C:\\Integral2u\\source\\repos\\SharpMind\\SharpMind.Tests\\bin\\Debug\\net10.0\\SharpMind.Tests.dll","CodeFilePath":null,"LineNumber":0,"Properties":[{"Key":{"Id":"TestCase.ManagedType","Label":"ManagedType","Category":"","Description":"","Attributes":1,"ValueType":"System.String"},"Value":"SharpMind.Tests.ModelFormat.SharpMindConfigTests"},{"Key":{"Id":"XunitTestCaseUniqueID","Label":"xUnit.net Test Case Unique ID","Category":"","Description":"","Attributes":0,"ValueType":"System.String"},"Value":"b6b2806f9a49a1f725b86a40efcee4fb152e5016"},{"Key":{"Id":"TestCase.ManagedMethod","Label":"ManagedMethod","Category":"","Description":"","Attributes":1,"ValueType":"System.String"},"Value":"SaveAndLoad_Roundtrip"},{"Key":{"Id":"XunitTestCaseExplicit","Label":"xUnit.net Test Case Explicit Flag","Category":"","Description":"","Attributes":0,"ValueType":"System.Boolean"},"Value":false}]},"Attachments":[],"Outcome":1,"ErrorMessage":null,"ErrorStackTrace":null,"DisplayName":"SharpMind.Tests.ModelFormat.SharpMindConfigTests.SaveAndLoad_Roundtrip","Messages":[],"ComputerName":"LAPTOP-MKMTSO1B","Duration":"00:00:00.1841220","StartTime":"2026-07-20T05:41:46.2219692+00:00","EndTime":"2026-07-20T05:41:46.3655216+00:00","Properties":[]},{"TestCase":{"Id":"64fac0f6-4f23-6286-0746-97daba366bff","FullyQualifiedName":"SharpMind.Tests.ModelFormat.SharpMindConfigTests.Save_WithOptionalFields","DisplayName":"SharpMind.Tests.ModelFormat.SharpMindConfigTests.Save_WithOptionalFields(includeQuantization: False)","ExecutorUri":"executor://xunit/VsTestRunner3/netcore/","Source":"C:\\Integral2u\\source\\repos\\SharpMind\\SharpMind.Tests\\bin\\Debug\\net10.0\\SharpMind.Tests.dll","CodeFilePath":null,"LineNumber":0,"Properties":[{"Key":{"Id":"TestCase.ManagedType","Label":"ManagedType","Category":"","Description":"","Attributes":1,"ValueType":"System.String"},"Value":"SharpMind.Tests.ModelFormat.SharpMindConfigTests"},{"Key":{"Id":"XunitTestCaseUniqueID","Label":"xUnit.net Test Case Unique ID","Category":"","Description":"","Attributes":0,"ValueType":"System.String"},"Value":"e55addc1741fa97c9fe35f4ce091cd092d608394"},{"Key":{"Id":"TestCase.ManagedMethod","Label":"ManagedMethod","Category":"","Description":"","Attributes":1,"ValueType":"System.String"},"Value":"Save_WithOptionalFields"},{"Key":{"Id":"XunitTestCaseExplicit","Label":"xUnit.net Test Case Explicit Flag","Category":"","Description":"","Attributes":0,"ValueType":"System.Boolean"},"Value":false}]},"Attachments":[],"Outcome":1,"ErrorMessage":null,"ErrorStackTrace":null,"DisplayName":"SharpMind.Tests.ModelFormat.SharpMindConfigTests.Save_WithOptionalFields(includeQuantization: False)","Messages":[],"ComputerName":"LAPTOP-MKMTSO1B","Duration":"00:00:00.0116811","StartTime":"2026-07-20T05:41:46.3671763+00:00","EndTime":"2026-07-20T05:41:46.3769999+00:00","Properties":[]},{"TestCase":{"Id":"5737d235-e21d-c318-ad29-40a9731da8dd","FullyQualifiedName":"SharpMind.Tests.ModelFormat.SharpMindConfigTests.Save_WithOptionalFields","DisplayName":"SharpMind.Tests.ModelFormat.SharpMindConfigTests.Save_WithOptionalFields(includeQuantization: True)","ExecutorUri":"executor://xunit/VsTestRunner3/netcore/","Source":"C:\\Integral2u\\source\\repos\\SharpMind\\SharpMind.Tests\\bin\\Debug\\net10.0\\SharpMind.Tests.dll","CodeFilePath":null,"LineNumber":0,"Properties":[{"Key":{"Id":"TestCase.ManagedType","Label":"ManagedType","Category":"","Description":"","Attributes":1,"ValueType":"System.String"},"Value":"SharpMind.Tests.ModelFormat.SharpMindConfigTests"},{"Key":{"Id":"XunitTestCaseUniqueID","Label":"xUnit.net Test Case Unique ID","Category":"","Description":"","Attributes":0,"ValueType":"System.String"},"Value":"f1ec4e1706fcd6df28ea00e6c37e14b8dbc45385"},{"Key":{"Id":"TestCase.ManagedMethod","Label":"ManagedMethod","Category":"","Description":"","Attributes":1,"ValueType":"System.String"},"Value":"Save_WithOptionalFields"},{"Key":{"Id":"XunitTestCaseExplicit","Label":"xUnit.net Test Case Explicit Flag","Category":"","Description":"","Attributes":0,"ValueType":"System.Boolean"},"Value":false}]},"Attachments":[],"Outcome":1,"ErrorMessage":null,"ErrorStackTrace":null,"DisplayName":"SharpMind.Tests.ModelFormat.SharpMindConfigTests.Save_WithOptionalFields(includeQuantization: True)","Messages":[],"ComputerName":"LAPTOP-MKMTSO1B","Duration":"00:00:00.0153215","StartTime":"2026-07-20T05:41:46.3777773+00:00","EndTime":"2026-07-20T05:41:46.4004835+00:00","Properties":[]},{"TestCase":{"Id":"e84ed3e5-148a-7a74-60be-532aa85e8f24","FullyQualifiedName":"SharpMind.Tests.ModelFormat.DtypeOpsTests.ElementSize_INT4_Returns1","DisplayName":"SharpMind.Tests.ModelFormat.DtypeOpsTests.ElementSize_INT4_Returns1","ExecutorUri":"executor://xunit/VsTestRunner3/netcore/","Source":"C:\\Integral2u\\source\\repos\\SharpMind\\SharpMind.Tests\\bin\\Debug\\net10.0\\SharpMind.Tests.dll","CodeFilePath":null,"LineNumber":0,"Properties":[{"Key":{"Id":"TestCase.ManagedType","Label":"ManagedType","Category":"","Description":"","Attributes":1,"ValueType":"System.String"},"Value":"SharpMind.Tests.ModelFormat.DtypeOpsTests"},{"Key":{"Id":"XunitTestCaseUniqueID","Label":"xUnit.net Test Case Unique ID","Category":"","Description":"","Attributes":0,"ValueType":"System.String"},"Value":"07e6a516947f0d53344ee918e44334793ea81652"},{"Key":{"Id":"TestCase.ManagedMethod","Label":"ManagedMethod","Category":"","Description":"","Attributes":1,"ValueType":"System.String"},"Value":"ElementSize_INT4_Returns1"},{"Key":{"Id":"XunitTestCaseExplicit","Label":"xUnit.net Test Case Explicit Flag","Category":"","Description":"","Attributes":0,"ValueType":"System.Boolean"},"Value":false}]},"Attachments":[],"Outcome":1,"ErrorMessage":null,"ErrorStackTrace":null,"DisplayName":"SharpMind.Tests.ModelFormat.DtypeOpsTests.ElementSize_INT4_Returns1","Messages":[],"ComputerName":"LAPTOP-MKMTSO1B","Duration":"00:00:00.0010815","StartTime":"2026-07-20T05:41:46.4079355+00:00","EndTime":"2026-07-20T05:41:46.4081157+00:00","Properties":[]},{"TestCase":{"Id":"4d73bffc-0aa8-507a-5c01-9306a0900c1b","FullyQualifiedName":"SharpMind.Tests.ModelFormat.DtypeOpsTests.ElementSize_F16_Returns2","DisplayName":"SharpMind.Tests.ModelFormat.DtypeOpsTests.ElementSize_F16_Returns2","ExecutorUri":"executor://xunit/VsTestRunner3/netcore/","Source":"C:\\Integral2u\\source\\repos\\SharpMind\\SharpMind.Tests\\bin\\Debug\\net10.0\\SharpMind.Tests.dll","CodeFilePath":null,"LineNumber":0,"Properties":[{"Key":{"Id":"TestCase.ManagedType","Label":"ManagedType","Category":"","Description":"","Attributes":1,"ValueType":"System.String"},"Value":"SharpMind.Tests.ModelFormat.DtypeOpsTests"},{"Key":{"Id":"XunitTestCaseUniqueID","Label":"xUnit.net Test Case Unique ID","Category":"","Description":"","Attributes":0,"ValueType":"System.String"},"Value":"177564b89759684b8197683c282cec1af1b5c978"},{"Key":{"Id":"TestCase.ManagedMethod","Label":"ManagedMethod","Category":"","Description":"","Attributes":1,"ValueType":"System.String"},"Value":"ElementSize_F16_Returns2"},{"Key":{"Id":"XunitTestCaseExplicit","Label":"xUnit.net Test Case Explicit Flag","Category":"","Description":"","Attributes":0,"ValueType":"System.Boolean"},"Value":false}]},"Attachments":[],"Outcome":1,"ErrorMessage":null,"ErrorStackTrace":null,"DisplayName":"SharpMind.Tests.ModelFormat.DtypeOpsTests.ElementSize_F16_Returns2","Messages":[],"ComputerName":"LAPTOP-MKMTSO1B","Duration":"00:00:00.0003007","StartTime":"2026-07-20T05:41:46.4088958+00:00","EndTime":"2026-07-20T05:41:46.4090269+00:00","Properties":[]}],"TestRunStatistics":{"ExecutedTests":169,"Stats":{"Passed":169}},"ActiveTests":[{"Id":"bf797391-ea6f-941e-5996-567911d565cd","FullyQualifiedName":"SharpMind.Tests.GPU.ActivationComparisonTests.GeGLU_CPUAndGPU_ProduceSameResults","DisplayName":"SharpMind.Tests.GPU.ActivationComparisonTests.GeGLU_CPUAndGPU_ProduceSameResults","ExecutorUri":"executor://xunit/VsTestRunner3/netcore/","Source":"C:\\Integral2u\\source\\repos\\SharpMind\\SharpMind.Tests\\bin\\Debug\\net10.0\\SharpMind.Tests.dll","CodeFilePath":null,"LineNumber":0,"Properties":[{"Key":{"Id":"TestCase.ManagedType","Label":"ManagedType","Category":"","Description":"","Attributes":1,"ValueType":"System.String"},"Value":"SharpMind.Tests.GPU.ActivationComparisonTests"},{"Key":{"Id":"XunitTestCaseUniqueID","Label":"xUnit.net Test Case Unique ID","Category":"","Description":"","Attributes":0,"ValueType":"System.String"},"Value":"1d20bb45fc71b2d84faa198831c81f6a2f3d3ec0"},{"Key":{"Id":"TestCase.ManagedMethod","Label":"ManagedMethod","Category":"","Description":"","Attributes":1,"ValueType":"System.String"},"Value":"GeGLU_CPUAndGPU_ProduceSameResults"},{"Key":{"Id":"XunitTestCaseExplicit","Label":"xUnit.net Test Case Explicit Flag","Category":"","Description":"","Attributes":0,"ValueType":"System.Boolean"},"Value":false}]},{"Id":"1a8cbbb3-b171-5892-99ab-81e2dc146d77","FullyQualifiedName":"SharpMind.Tests.ModelFormat.DtypeOpsTests.ElementSize_F32_Returns4","DisplayName":"SharpMind.Tests.ModelFormat.DtypeOpsTests.ElementSize_F32_Returns4","ExecutorUri":"executor://xunit/VsTestRunner3/netcore/","Source":"C:\\Integral2u\\source\\repos\\SharpMind\\SharpMind.Tests\\bin\\Debug\\net10.0\\SharpMind.Tests.dll","CodeFilePath":null,"LineNumber":0,"Properties":[{"Key":{"Id":"TestCase.ManagedType","Label":"ManagedType","Category":"","Description":"","Attributes":1,"ValueType":"System.String"},"Value":"SharpMind.Tests.ModelFormat.DtypeOpsTests"},{"Key":{"Id":"XunitTestCaseUniqueID","Label":"xUnit.net Test Case Unique ID","Category":"","Description":"","Attributes":0,"ValueType":"System.String"},"Value":"537fc19bfd2f5ece8f79627b42bd1203ae7062a4"},{"Key":{"Id":"TestCase.ManagedMethod","Label":"ManagedMethod","Category":"","Description":"","Attributes":1,"ValueType":"System.String"},"Value":"ElementSize_F32_Returns4"},{"Key":{"Id":"XunitTestCaseExplicit","Label":"xUnit.net Test Case Explicit Flag","Category":"","Description":"","Attributes":0,"ValueType":"System.Boolean"},"Value":false}]}]}}
TpTrace Verbose: 0 : 15992, 10, 2026/07/20, 17:41:46.418, 374952927598, vstest.console.dll, TestRunRequest:SendTestRunStatsChange: Starting.
TpTrace Verbose: 0 : 15992, 10, 2026/07/20, 17:41:46.418, 374952928443, vstest.console.dll, InProgress is SharpMind.Tests.GPU.ActivationComparisonTests.GeGLU_CPUAndGPU_ProduceSameResults
TpTrace Verbose: 0 : 15992, 10, 2026/07/20, 17:41:46.418, 374952929178, vstest.console.dll, InProgress is SharpMind.Tests.ModelFormat.DtypeOpsTests.ElementSize_F32_Returns4
TpTrace Verbose: 0 : 15992, 10, 2026/07/20, 17:41:46.418, 374952930044, vstest.console.dll, MulticastDelegateUtilities.SafeInvoke: TestRun.RunStatsChanged: Invoking callbacks was skipped because there are no subscribers.
TpTrace Information: 0 : 15992, 10, 2026/07/20, 17:41:46.418, 374952930678, vstest.console.dll, TestRunRequest:SendTestRunStatsChange: Completed.
TpTrace Verbose: 0 : 15992, 10, 2026/07/20, 17:41:46.418, 374952931191, vstest.console.dll, MulticastDelegateUtilities.SafeInvoke: LengthPrefixCommunicationChannel: MessageReceived: Invoking callback 1/1 for Microsoft.VisualStudio.TestPlatform.CommunicationUtilities.TestRequestSender+<>c__DisplayClass34_0., took 3 ms.
TpTrace Verbose: 0 : 15992, 4, 2026/07/20, 17:41:46.418, 374952931310, vstest.console.dll, MulticastDelegateUtilities.SafeInvoke: InternalTestLoggerEvents.SendTestResult: Invoking callback 1/1 for Microsoft.VisualStudio.TestPlatform.CommandLine.Internal.ConsoleLogger., took 0 ms.
TpTrace Verbose: 0 : 15992, 10, 2026/07/20, 17:41:46.418, 374952931737, vstest.console.dll, TcpClientExtensions.MessageLoopAsync: Polling on remoteEndPoint: 127.0.0.1:55740 localEndPoint: 127.0.0.1:55739 after 198 ms
TpTrace Verbose: 0 : 15992, 4, 2026/07/20, 17:41:46.418, 374952932760, vstest.console.dll, MulticastDelegateUtilities.SafeInvoke: InternalTestLoggerEvents.SendTestResult: Invoking callback 1/1 for Microsoft.VisualStudio.TestPlatform.CommandLine.Internal.ConsoleLogger., took 0 ms.
TpTrace Verbose: 0 : 15992, 4, 2026/07/20, 17:41:46.418, 374952933994, vstest.console.dll, MulticastDelegateUtilities.SafeInvoke: InternalTestLoggerEvents.SendTestResult: Invoking callback 1/1 for Microsoft.VisualStudio.TestPlatform.CommandLine.Internal.ConsoleLogger., took 0 ms.
TpTrace Verbose: 0 : 15992, 4, 2026/07/20, 17:41:46.419, 374952934706, vstest.console.dll, MulticastDelegateUtilities.SafeInvoke: InternalTestLoggerEvents.SendTestResult: Invoking callback 1/1 for Microsoft.VisualStudio.TestPlatform.CommandLine.Internal.ConsoleLogger., took 0 ms.
TpTrace Verbose: 0 : 15992, 4, 2026/07/20, 17:41:46.419, 374952935397, vstest.console.dll, MulticastDelegateUtilities.SafeInvoke: InternalTestLoggerEvents.SendTestResult: Invoking callback 1/1 for Microsoft.VisualStudio.TestPlatform.CommandLine.Internal.ConsoleLogger., took 0 ms.
TpTrace Verbose: 0 : 15992, 4, 2026/07/20, 17:41:46.419, 374952936155, vstest.console.dll, MulticastDelegateUtilities.SafeInvoke: InternalTestLoggerEvents.SendTestResult: Invoking callback 1/1 for Microsoft.VisualStudio.TestPlatform.CommandLine.Internal.ConsoleLogger., took 0 ms.
TpTrace Verbose: 0 : 15992, 4, 2026/07/20, 17:41:46.419, 374952936961, vstest.console.dll, MulticastDelegateUtilities.SafeInvoke: InternalTestLoggerEvents.SendTestResult: Invoking callback 1/1 for Microsoft.VisualStudio.TestPlatform.CommandLine.Internal.ConsoleLogger., took 0 ms.
TpTrace Verbose: 0 : 15992, 4, 2026/07/20, 17:41:46.419, 374952937722, vstest.console.dll, MulticastDelegateUtilities.SafeInvoke: InternalTestLoggerEvents.SendTestResult: Invoking callback 1/1 for Microsoft.VisualStudio.TestPlatform.CommandLine.Internal.ConsoleLogger., took 0 ms.
TpTrace Verbose: 0 : 15992, 10, 2026/07/20, 17:41:46.439, 374953142323, vstest.console.dll, TcpClientExtensions.MessageLoopAsync: NotifyDataAvailable remoteEndPoint: 127.0.0.1:55740 localEndPoint: 127.0.0.1:55739
TpTrace Verbose: 0 : 15992, 10, 2026/07/20, 17:41:46.440, 374953147175, vstest.console.dll, TestRequestSender.OnExecutionMessageReceived: Received message: {"Version":7,"MessageType":"TestExecution.StatsChange","Payload":{"NewTestResults":[{"TestCase":{"Id":"1a8cbbb3-b171-5892-99ab-81e2dc146d77","FullyQualifiedName":"SharpMind.Tests.ModelFormat.DtypeOpsTests.ElementSize_F32_Returns4","DisplayName":"SharpMind.Tests.ModelFormat.DtypeOpsTests.ElementSize_F32_Returns4","ExecutorUri":"executor://xunit/VsTestRunner3/netcore/","Source":"C:\\Integral2u\\source\\repos\\SharpMind\\SharpMind.Tests\\bin\\Debug\\net10.0\\SharpMind.Tests.dll","CodeFilePath":null,"LineNumber":0,"Properties":[{"Key":{"Id":"TestCase.ManagedType","Label":"ManagedType","Category":"","Description":"","Attributes":1,"ValueType":"System.String"},"Value":"SharpMind.Tests.ModelFormat.DtypeOpsTests"},{"Key":{"Id":"XunitTestCaseUniqueID","Label":"xUnit.net Test Case Unique ID","Category":"","Description":"","Attributes":0,"ValueType":"System.String"},"Value":"537fc19bfd2f5ece8f79627b42bd1203ae7062a4"},{"Key":{"Id":"TestCase.ManagedMethod","Label":"ManagedMethod","Category":"","Description":"","Attributes":1,"ValueType":"System.String"},"Value":"ElementSize_F32_Returns4"},{"Key":{"Id":"XunitTestCaseExplicit","Label":"xUnit.net Test Case Explicit Flag","Category":"","Description":"","Attributes":0,"ValueType":"System.Boolean"},"Value":false}]},"Attachments":[],"Outcome":1,"ErrorMessage":null,"ErrorStackTrace":null,"DisplayName":"SharpMind.Tests.ModelFormat.DtypeOpsTests.ElementSize_F32_Returns4","Messages":[],"ComputerName":"LAPTOP-MKMTSO1B","Duration":"00:00:00.0002240","StartTime":"2026-07-20T05:41:46.4145496+00:00","EndTime":"2026-07-20T05:41:46.4147193+00:00","Properties":[]},{"TestCase":{"Id":"adc27607-1708-efec-aa0d-8fba6b1b833a","FullyQualifiedName":"SharpMind.Tests.ModelFormat.DtypeOpsTests.ConvertToFloat_INT8_Deiquantize","DisplayName":"SharpMind.Tests.ModelFormat.DtypeOpsTests.ConvertToFloat_INT8_Deiquantize","ExecutorUri":"executor://xunit/VsTestRunner3/netcore/","Source":"C:\\Integral2u\\source\\repos\\SharpMind\\SharpMind.Tests\\bin\\Debug\\net10.0\\SharpMind.Tests.dll","CodeFilePath":null,"LineNumber":0,"Properties":[{"Key":{"Id":"TestCase.ManagedType","Label":"ManagedType","Category":"","Description":"","Attributes":1,"ValueType":"System.String"},"Value":"SharpMind.Tests.ModelFormat.DtypeOpsTests"},{"Key":{"Id":"XunitTestCaseUniqueID","Label":"xUnit.net Test Case Unique ID","Category":"","Description":"","Attributes":0,"ValueType":"System.String"},"Value":"677de638ad5b30661a41f50d85e14af201d13bb1"},{"Key":{"Id":"TestCase.ManagedMethod","Label":"ManagedMethod","Category":"","Description":"","Attributes":1,"ValueType":"System.String"},"Value":"ConvertToFloat_INT8_Deiquantize"},{"Key":{"Id":"XunitTestCaseExplicit","Label":"xUnit.net Test Case Explicit Flag","Category":"","Description":"","Attributes":0,"ValueType":"System.Boolean"},"Value":false}]},"Attachments":[],"Outcome":1,"ErrorMessage":null,"ErrorStackTrace":null,"DisplayName":"SharpMind.Tests.ModelFormat.DtypeOpsTests.ConvertToFloat_INT8_Deiquantize","Messages":[],"ComputerName":"LAPTOP-MKMTSO1B","Duration":"00:00:00.0078787","StartTime":"2026-07-20T05:41:46.4178785+00:00","EndTime":"2026-07-20T05:41:46.4180314+00:00","Properties":[]},{"TestCase":{"Id":"9404167a-e4e6-7408-18bf-52f50b5ca937","FullyQualifiedName":"SharpMind.Tests.ModelFormat.DtypeOpsTests.ConvertToFloat_F16_Roundtrip_Close","DisplayName":"SharpMind.Tests.ModelFormat.DtypeOpsTests.ConvertToFloat_F16_Roundtrip_Close","ExecutorUri":"executor://xunit/VsTestRunner3/netcore/","Source":"C:\\Integral2u\\source\\repos\\SharpMind\\SharpMind.Tests\\bin\\Debug\\net10.0\\SharpMind.Tests.dll","CodeFilePath":null,"LineNumber":0,"Properties":[{"Key":{"Id":"TestCase.ManagedType","Label":"ManagedType","Category":"","Description":"","Attributes":1,"ValueType":"System.String"},"Value":"SharpMind.Tests.ModelFormat.DtypeOpsTests"},{"Key":{"Id":"XunitTestCaseUniqueID","Label":"xUnit.net Test Case Unique ID","Category":"","Description":"","Attributes":0,"ValueType":"System.String"},"Value":"786dd8063a006aa02da48f1203fc92b0baa9acd0"},{"Key":{"Id":"TestCase.ManagedMethod","Label":"ManagedMethod","Category":"","Description":"","Attributes":1,"ValueType":"System.String"},"Value":"ConvertToFloat_F16_Roundtrip_Close"},{"Key":{"Id":"XunitTestCaseExplicit","Label":"xUnit.net Test Case Explicit Flag","Category":"","Description":"","Attributes":0,"ValueType":"System.Boolean"},"Value":false}]},"Attachments":[],"Outcome":1,"ErrorMessage":null,"ErrorStackTrace":null,"DisplayName":"SharpMind.Tests.ModelFormat.DtypeOpsTests.ConvertToFloat_F16_Roundtrip_Close","Messages":[],"ComputerName":"LAPTOP-MKMTSO1B","Duration":"00:00:00.0040076","StartTime":"2026-07-20T05:41:46.4249373+00:00","EndTime":"2026-07-20T05:41:46.4250896+00:00","Properties":[]},{"TestCase":{"Id":"921c9c3e-061a-8ef9-b1e1-43ab058540cd","FullyQualifiedName":"SharpMind.Tests.ModelFormat.DtypeOpsTests.ConvertToFloat_InvalidDtype_Throws","DisplayName":"SharpMind.Tests.ModelFormat.DtypeOpsTests.ConvertToFloat_InvalidDtype_Throws","ExecutorUri":"executor://xunit/VsTestRunner3/netcore/","Source":"C:\\Integral2u\\source\\repos\\SharpMind\\SharpMind.Tests\\bin\\Debug\\net10.0\\SharpMind.Tests.dll","CodeFilePath":null,"LineNumber":0,"Properties":[{"Key":{"Id":"TestCase.ManagedType","Label":"ManagedType","Category":"","Description":"","Attributes":1,"ValueType":"System.String"},"Value":"SharpMind.Tests.ModelFormat.DtypeOpsTests"},{"Key":{"Id":"XunitTestCaseUniqueID","Label":"xUnit.net Test Case Unique ID","Category":"","Description":"","Attributes":0,"ValueType":"System.String"},"Value":"97c958a4b85fcf2f2ca2be71eef5264624cbd387"},{"Key":{"Id":"TestCase.ManagedMethod","Label":"ManagedMethod","Category":"","Description":"","Attributes":1,"ValueType":"System.String"},"Value":"ConvertToFloat_InvalidDtype_Throws"},{"Key":{"Id":"XunitTestCaseExplicit","Label":"xUnit.net Test Case Explicit Flag","Category":"","Description":"","Attributes":0,"ValueType":"System.Boolean"},"Value":false}]},"Attachments":[],"Outcome":1,"ErrorMessage":null,"ErrorStackTrace":null,"DisplayName":"SharpMind.Tests.ModelFormat.DtypeOpsTests.ConvertToFloat_InvalidDtype_Throws","Messages":[],"ComputerName":"LAPTOP-MKMTSO1B","Duration":"00:00:00.0048856","StartTime":"2026-07-20T05:41:46.4258536+00:00","EndTime":"2026-07-20T05:41:46.4259923+00:00","Properties":[]},{"TestCase":{"Id":"9ba9a8a8-1ea0-2d80-ee35-34f416520cbf","FullyQualifiedName":"SharpMind.Tests.ModelFormat.DtypeOpsTests.ElementSize_INT8_Returns1","DisplayName":"SharpMind.Tests.ModelFormat.DtypeOpsTests.ElementSize_INT8_Returns1","ExecutorUri":"executor://xunit/VsTestRunner3/netcore/","Source":"C:\\Integral2u\\source\\repos\\SharpMind\\SharpMind.Tests\\bin\\Debug\\net10.0\\SharpMind.Tests.dll","CodeFilePath":null,"LineNumber":0,"Properties":[{"Key":{"Id":"TestCase.ManagedType","Label":"ManagedType","Category":"","Description":"","Attributes":1,"ValueType":"System.String"},"Value":"SharpMind.Tests.ModelFormat.DtypeOpsTests"},{"Key":{"Id":"XunitTestCaseUniqueID","Label":"xUnit.net Test Case Unique ID","Category":"","Description":"","Attributes":0,"ValueType":"System.String"},"Value":"a4e783cfe961a4469b014743a0e7f347d6489eab"},{"Key":{"Id":"TestCase.ManagedMethod","Label":"ManagedMethod","Category":"","Description":"","Attributes":1,"ValueType":"System.String"},"Value":"ElementSize_INT8_Returns1"},{"Key":{"Id":"XunitTestCaseExplicit","Label":"xUnit.net Test Case Explicit Flag","Category":"","Description":"","Attributes":0,"ValueType":"System.Boolean"},"Value":false}]},"Attachments":[],"Outcome":1,"ErrorMessage":null,"ErrorStackTrace":null,"DisplayName":"SharpMind.Tests.ModelFormat.DtypeOpsTests.ElementSize_INT8_Returns1","Messages":[],"ComputerName":"LAPTOP-MKMTSO1B","Duration":"00:00:00.0003198","StartTime":"2026-07-20T05:41:46.4267148+00:00","EndTime":"2026-07-20T05:41:46.4268238+00:00","Properties":[]},{"TestCase":{"Id":"382d0745-e55b-df6a-520e-ba56457d7de6","FullyQualifiedName":"SharpMind.Tests.ModelFormat.DtypeOpsTests.ConvertToFloat_INT4_Unpack","DisplayName":"SharpMind.Tests.ModelFormat.DtypeOpsTests.ConvertToFloat_INT4_Unpack","ExecutorUri":"executor://xunit/VsTestRunner3/netcore/","Source":"C:\\Integral2u\\source\\repos\\SharpMind\\SharpMind.Tests\\bin\\Debug\\net10.0\\SharpMind.Tests.dll","CodeFilePath":null,"LineNumber":0,"Properties":[{"Key":{"Id":"TestCase.ManagedType","Label":"ManagedType","Category":"","Description":"","Attributes":1,"ValueType":"System.String"},"Value":"SharpMind.Tests.ModelFormat.DtypeOpsTests"},{"Key":{"Id":"XunitTestCaseUniqueID","Label":"xUnit.net Test Case Unique ID","Category":"","Description":"","Attributes":0,"ValueType":"System.String"},"Value":"ae8ca9dd91348cd1953df4e1e3bc136cd11de06d"},{"Key":{"Id":"TestCase.ManagedMethod","Label":"ManagedMethod","Category":"","Description":"","Attributes":1,"ValueType":"System.String"},"Value":"ConvertToFloat_INT4_Unpack"},{"Key":{"Id":"XunitTestCaseExplicit","Label":"xUnit.net Test Case Explicit Flag","Category":"","Description":"","Attributes":0,"ValueType":"System.Boolean"},"Value":false}]},"Attachments":[],"Outcome":1,"ErrorMessage":null,"ErrorStackTrace":null,"DisplayName":"SharpMind.Tests.ModelFormat.DtypeOpsTests.ConvertToFloat_INT4_Unpack","Messages":[],"ComputerName":"LAPTOP-MKMTSO1B","Duration":"00:00:00.0011097","StartTime":"2026-07-20T05:41:46.4275355+00:00","EndTime":"2026-07-20T05:41:46.4276722+00:00","Properties":[]},{"TestCase":{"Id":"5bccd1c2-8e00-7406-e53f-cc9a142a4e70","FullyQualifiedName":"SharpMind.Tests.ModelFormat.DtypeOpsTests.ConvertToFloat_F32_Roundtrip_Exact","DisplayName":"SharpMind.Tests.ModelFormat.DtypeOpsTests.ConvertToFloat_F32_Roundtrip_Exact","ExecutorUri":"executor://xunit/VsTestRunner3/netcore/","Source":"C:\\Integral2u\\source\\repos\\SharpMind\\SharpMind.Tests\\bin\\Debug\\net10.0\\SharpMind.Tests.dll","CodeFilePath":null,"LineNumber":0,"Properties":[{"Key":{"Id":"TestCase.ManagedType","Label":"ManagedType","Category":"","Description":"","Attributes":1,"ValueType":"System.String"},"Value":"SharpMind.Tests.ModelFormat.DtypeOpsTests"},{"Key":{"Id":"XunitTestCaseUniqueID","Label":"xUnit.net Test Case Unique ID","Category":"","Description":"","Attributes":0,"ValueType":"System.String"},"Value":"c87bad3aa1b280c13cb2bdfa9f28e8be65d8cae3"},{"Key":{"Id":"TestCase.ManagedMethod","Label":"ManagedMethod","Category":"","Description":"","Attributes":1,"ValueType":"System.String"},"Value":"ConvertToFloat_F32_Roundtrip_Exact"},{"Key":{"Id":"XunitTestCaseExplicit","Label":"xUnit.net Test Case Explicit Flag","Category":"","Description":"","Attributes":0,"ValueType":"System.Boolean"},"Value":false}]},"Attachments":[],"Outcome":1,"ErrorMessage":null,"ErrorStackTrace":null,"DisplayName":"SharpMind.Tests.ModelFormat.DtypeOpsTests.ConvertToFloat_F32_Roundtrip_Exact","Messages":[],"ComputerName":"LAPTOP-MKMTSO1B","Duration":"00:00:00.0014632","StartTime":"2026-07-20T05:41:46.4283364+00:00","EndTime":"2026-07-20T05:41:46.4284794+00:00","Properties":[]},{"TestCase":{"Id":"bf797391-ea6f-941e-5996-567911d565cd","FullyQualifiedName":"SharpMind.Tests.GPU.ActivationComparisonTests.GeGLU_CPUAndGPU_ProduceSameResults","DisplayName":"SharpMind.Tests.GPU.ActivationComparisonTests.GeGLU_CPUAndGPU_ProduceSameResults","ExecutorUri":"executor://xunit/VsTestRunner3/netcore/","Source":"C:\\Integral2u\\source\\repos\\SharpMind\\SharpMind.Tests\\bin\\Debug\\net10.0\\SharpMind.Tests.dll","CodeFilePath":null,"LineNumber":0,"Properties":[{"Key":{"Id":"TestCase.ManagedType","Label":"ManagedType","Category":"","Description":"","Attributes":1,"ValueType":"System.String"},"Value":"SharpMind.Tests.GPU.ActivationComparisonTests"},{"Key":{"Id":"XunitTestCaseUniqueID","Label":"xUnit.net Test Case Unique ID","Category":"","Description":"","Attributes":0,"ValueType":"System.String"},"Value":"1d20bb45fc71b2d84faa198831c81f6a2f3d3ec0"},{"Key":{"Id":"TestCase.ManagedMethod","Label":"ManagedMethod","Category":"","Description":"","Attributes":1,"ValueType":"System.String"},"Value":"GeGLU_CPUAndGPU_ProduceSameResults"},{"Key":{"Id":"XunitTestCaseExplicit","Label":"xUnit.net Test Case Explicit Flag","Category":"","Description":"","Attributes":0,"ValueType":"System.Boolean"},"Value":false}]},"Attachments":[],"Outcome":1,"ErrorMessage":null,"ErrorStackTrace":null,"DisplayName":"SharpMind.Tests.GPU.ActivationComparisonTests.GeGLU_CPUAndGPU_ProduceSameResults","Messages":[],"ComputerName":"LAPTOP-MKMTSO1B","Duration":"00:00:00.1441302","StartTime":"2026-07-20T05:41:46.2916458+00:00","EndTime":"2026-07-20T05:41:46.4352626+00:00","Properties":[]}],"TestRunStatistics":{"ExecutedTests":177,"Stats":{"Passed":177}},"ActiveTests":[{"Id":"fdbbe722-926c-2bb6-4d66-bb962d53e423","FullyQualifiedName":"SharpMind.Tests.Data.DataLoaderIntegrationTests.Describe_ReturnsPipelineSummary","DisplayName":"SharpMind.Tests.Data.DataLoaderIntegrationTests.Describe_ReturnsPipelineSummary","ExecutorUri":"executor://xunit/VsTestRunner3/netcore/","Source":"C:\\Integral2u\\source\\repos\\SharpMind\\SharpMind.Tests\\bin\\Debug\\net10.0\\SharpMind.Tests.dll","CodeFilePath":null,"LineNumber":0,"Properties":[{"Key":{"Id":"TestCase.ManagedType","Label":"ManagedType","Category":"","Description":"","Attributes":1,"ValueType":"System.String"},"Value":"SharpMind.Tests.Data.DataLoaderIntegrationTests"},{"Key":{"Id":"XunitTestCaseUniqueID","Label":"xUnit.net Test Case Unique ID","Category":"","Description":"","Attributes":0,"ValueType":"System.String"},"Value":"44ee66efcce6a93b057f50992e7f4bd6775fab6c"},{"Key":{"Id":"TestCase.ManagedMethod","Label":"ManagedMethod","Category":"","Description":"","Attributes":1,"ValueType":"System.String"},"Value":"Describe_ReturnsPipelineSummary"},{"Key":{"Id":"XunitTestCaseExplicit","Label":"xUnit.net Test Case Explicit Flag","Category":"","Description":"","Attributes":0,"ValueType":"System.Boolean"},"Value":false}]},{"Id":"905c5875-3d00-ef70-b451-6204b194419a","FullyQualifiedName":"SharpMind.Tests.GPU.ActivationComparisonTests.RMSNorm_CPUAndGPU_ProduceSameResults","DisplayName":"SharpMind.Tests.GPU.ActivationComparisonTests.RMSNorm_CPUAndGPU_ProduceSameResults","ExecutorUri":"executor://xunit/VsTestRunner3/netcore/","Source":"C:\\Integral2u\\source\\repos\\SharpMind\\SharpMind.Tests\\bin\\Debug\\net10.0\\SharpMind.Tests.dll","CodeFilePath":null,"LineNumber":0,"Properties":[{"Key":{"Id":"TestCase.ManagedType","Label":"ManagedType","Category":"","Description":"","Attributes":1,"ValueType":"System.String"},"Value":"SharpMind.Tests.GPU.ActivationComparisonTests"},{"Key":{"Id":"XunitTestCaseUniqueID","Label":"xUnit.net Test Case Unique ID","Category":"","Description":"","Attributes":0,"ValueType":"System.String"},"Value":"645efb86b96c4766c57ef7722c3f0afc0f0d1ddd"},{"Key":{"Id":"TestCase.ManagedMethod","Label":"ManagedMethod","Category":"","Description":"","Attributes":1,"ValueType":"System.String"},"Value":"RMSNorm_CPUAndGPU_ProduceSameResults"},{"Key":{"Id":"XunitTestCaseExplicit","Label":"xUnit.net Test Case Explicit Flag","Category":"","Description":"","Attributes":0,"ValueType":"System.Boolean"},"Value":false}]}]}}
TpTrace Verbose: 0 : 15992, 10, 2026/07/20, 17:41:46.448, 374953227423, vstest.console.dll, TestRunRequest:SendTestRunStatsChange: Starting.
TpTrace Verbose: 0 : 15992, 10, 2026/07/20, 17:41:46.448, 374953229020, vstest.console.dll, InProgress is SharpMind.Tests.Data.DataLoaderIntegrationTests.Describe_ReturnsPipelineSummary
TpTrace Verbose: 0 : 15992, 10, 2026/07/20, 17:41:46.448, 374953229501, vstest.console.dll, InProgress is SharpMind.Tests.GPU.ActivationComparisonTests.RMSNorm_CPUAndGPU_ProduceSameResults
TpTrace Verbose: 0 : 15992, 10, 2026/07/20, 17:41:46.448, 374953230177, vstest.console.dll, MulticastDelegateUtilities.SafeInvoke: TestRun.RunStatsChanged: Invoking callbacks was skipped because there are no subscribers.
TpTrace Information: 0 : 15992, 10, 2026/07/20, 17:41:46.448, 374953230655, vstest.console.dll, TestRunRequest:SendTestRunStatsChange: Completed.
TpTrace Verbose: 0 : 15992, 10, 2026/07/20, 17:41:46.448, 374953231248, vstest.console.dll, MulticastDelegateUtilities.SafeInvoke: LengthPrefixCommunicationChannel: MessageReceived: Invoking callback 1/1 for Microsoft.VisualStudio.TestPlatform.CommunicationUtilities.TestRequestSender+<>c__DisplayClass34_0., took 8 ms.
TpTrace Verbose: 0 : 15992, 10, 2026/07/20, 17:41:46.448, 374953231774, vstest.console.dll, TcpClientExtensions.MessageLoopAsync: Polling on remoteEndPoint: 127.0.0.1:55740 localEndPoint: 127.0.0.1:55739 after 29 ms
TpTrace Verbose: 0 : 15992, 4, 2026/07/20, 17:41:46.448, 374953233137, vstest.console.dll, MulticastDelegateUtilities.SafeInvoke: InternalTestLoggerEvents.SendTestResult: Invoking callback 1/1 for Microsoft.VisualStudio.TestPlatform.CommandLine.Internal.ConsoleLogger., took 0 ms.
TpTrace Verbose: 0 : 15992, 4, 2026/07/20, 17:41:46.449, 374953234311, vstest.console.dll, MulticastDelegateUtilities.SafeInvoke: InternalTestLoggerEvents.SendTestResult: Invoking callback 1/1 for Microsoft.VisualStudio.TestPlatform.CommandLine.Internal.ConsoleLogger., took 0 ms.
TpTrace Verbose: 0 : 15992, 4, 2026/07/20, 17:41:46.449, 374953236392, vstest.console.dll, MulticastDelegateUtilities.SafeInvoke: InternalTestLoggerEvents.SendTestResult: Invoking callback 1/1 for Microsoft.VisualStudio.TestPlatform.CommandLine.Internal.ConsoleLogger., took 0 ms.
TpTrace Verbose: 0 : 15992, 4, 2026/07/20, 17:41:46.449, 374953237320, vstest.console.dll, MulticastDelegateUtilities.SafeInvoke: InternalTestLoggerEvents.SendTestResult: Invoking callback 1/1 for Microsoft.VisualStudio.TestPlatform.CommandLine.Internal.ConsoleLogger., took 0 ms.
TpTrace Verbose: 0 : 15992, 4, 2026/07/20, 17:41:46.449, 374953238025, vstest.console.dll, MulticastDelegateUtilities.SafeInvoke: InternalTestLoggerEvents.SendTestResult: Invoking callback 1/1 for Microsoft.VisualStudio.TestPlatform.CommandLine.Internal.ConsoleLogger., took 0 ms.
TpTrace Verbose: 0 : 15992, 4, 2026/07/20, 17:41:46.449, 374953238717, vstest.console.dll, MulticastDelegateUtilities.SafeInvoke: InternalTestLoggerEvents.SendTestResult: Invoking callback 1/1 for Microsoft.VisualStudio.TestPlatform.CommandLine.Internal.ConsoleLogger., took 0 ms.
TpTrace Verbose: 0 : 15992, 4, 2026/07/20, 17:41:46.449, 374953239518, vstest.console.dll, MulticastDelegateUtilities.SafeInvoke: InternalTestLoggerEvents.SendTestResult: Invoking callback 1/1 for Microsoft.VisualStudio.TestPlatform.CommandLine.Internal.ConsoleLogger., took 0 ms.
TpTrace Verbose: 0 : 15992, 4, 2026/07/20, 17:41:46.449, 374953240219, vstest.console.dll, MulticastDelegateUtilities.SafeInvoke: InternalTestLoggerEvents.SendTestResult: Invoking callback 1/1 for Microsoft.VisualStudio.TestPlatform.CommandLine.Internal.ConsoleLogger., took 0 ms.
TpTrace Verbose: 0 : 15992, 10, 2026/07/20, 17:41:46.719, 374955940362, vstest.console.dll, TcpClientExtensions.MessageLoopAsync: NotifyDataAvailable remoteEndPoint: 127.0.0.1:55740 localEndPoint: 127.0.0.1:55739
TpTrace Verbose: 0 : 15992, 10, 2026/07/20, 17:41:46.720, 374955945004, vstest.console.dll, TestRequestSender.OnExecutionMessageReceived: Received message: {"Version":7,"MessageType":"TestExecution.StatsChange","Payload":{"NewTestResults":[{"TestCase":{"Id":"fdbbe722-926c-2bb6-4d66-bb962d53e423","FullyQualifiedName":"SharpMind.Tests.Data.DataLoaderIntegrationTests.Describe_ReturnsPipelineSummary","DisplayName":"SharpMind.Tests.Data.DataLoaderIntegrationTests.Describe_ReturnsPipelineSummary","ExecutorUri":"executor://xunit/VsTestRunner3/netcore/","Source":"C:\\Integral2u\\source\\repos\\SharpMind\\SharpMind.Tests\\bin\\Debug\\net10.0\\SharpMind.Tests.dll","CodeFilePath":null,"LineNumber":0,"Properties":[{"Key":{"Id":"TestCase.ManagedType","Label":"ManagedType","Category":"","Description":"","Attributes":1,"ValueType":"System.String"},"Value":"SharpMind.Tests.Data.DataLoaderIntegrationTests"},{"Key":{"Id":"XunitTestCaseUniqueID","Label":"xUnit.net Test Case Unique ID","Category":"","Description":"","Attributes":0,"ValueType":"System.String"},"Value":"44ee66efcce6a93b057f50992e7f4bd6775fab6c"},{"Key":{"Id":"TestCase.ManagedMethod","Label":"ManagedMethod","Category":"","Description":"","Attributes":1,"ValueType":"System.String"},"Value":"Describe_ReturnsPipelineSummary"},{"Key":{"Id":"XunitTestCaseExplicit","Label":"xUnit.net Test Case Explicit Flag","Category":"","Description":"","Attributes":0,"ValueType":"System.Boolean"},"Value":false}]},"Attachments":[],"Outcome":1,"ErrorMessage":null,"ErrorStackTrace":null,"DisplayName":"SharpMind.Tests.Data.DataLoaderIntegrationTests.Describe_ReturnsPipelineSummary","Messages":[],"ComputerName":"LAPTOP-MKMTSO1B","Duration":"00:00:00.0189054","StartTime":"2026-07-20T05:41:46.4318715+00:00","EndTime":"2026-07-20T05:41:46.4402317+00:00","Properties":[]},{"TestCase":{"Id":"905c5875-3d00-ef70-b451-6204b194419a","FullyQualifiedName":"SharpMind.Tests.GPU.ActivationComparisonTests.RMSNorm_CPUAndGPU_ProduceSameResults","DisplayName":"SharpMind.Tests.GPU.ActivationComparisonTests.RMSNorm_CPUAndGPU_ProduceSameResults","ExecutorUri":"executor://xunit/VsTestRunner3/netcore/","Source":"C:\\Integral2u\\source\\repos\\SharpMind\\SharpMind.Tests\\bin\\Debug\\net10.0\\SharpMind.Tests.dll","CodeFilePath":null,"LineNumber":0,"Properties":[{"Key":{"Id":"TestCase.ManagedType","Label":"ManagedType","Category":"","Description":"","Attributes":1,"ValueType":"System.String"},"Value":"SharpMind.Tests.GPU.ActivationComparisonTests"},{"Key":{"Id":"XunitTestCaseUniqueID","Label":"xUnit.net Test Case Unique ID","Category":"","Description":"","Attributes":0,"ValueType":"System.String"},"Value":"645efb86b96c4766c57ef7722c3f0afc0f0d1ddd"},{"Key":{"Id":"TestCase.ManagedMethod","Label":"ManagedMethod","Category":"","Description":"","Attributes":1,"ValueType":"System.String"},"Value":"RMSNorm_CPUAndGPU_ProduceSameResults"},{"Key":{"Id":"XunitTestCaseExplicit","Label":"xUnit.net Test Case Explicit Flag","Category":"","Description":"","Attributes":0,"ValueType":"System.Boolean"},"Value":false}]},"Attachments":[],"Outcome":1,"ErrorMessage":null,"ErrorStackTrace":null,"DisplayName":"SharpMind.Tests.GPU.ActivationComparisonTests.RMSNorm_CPUAndGPU_ProduceSameResults","Messages":[],"ComputerName":"LAPTOP-MKMTSO1B","Duration":"00:00:00.0016165","StartTime":"2026-07-20T05:41:46.4400658+00:00","EndTime":"2026-07-20T05:41:46.4447847+00:00","Properties":[]},{"TestCase":{"Id":"1b214c5e-22f0-c9c8-7c39-e22fae94a63e","FullyQualifiedName":"SharpMind.Tests.Data.DataLoaderIntegrationTests.EndToEnd_Jsonl_SafetyStages","DisplayName":"SharpMind.Tests.Data.DataLoaderIntegrationTests.EndToEnd_Jsonl_SafetyStages","ExecutorUri":"executor://xunit/VsTestRunner3/netcore/","Source":"C:\\Integral2u\\source\\repos\\SharpMind\\SharpMind.Tests\\bin\\Debug\\net10.0\\SharpMind.Tests.dll","CodeFilePath":null,"LineNumber":0,"Properties":[{"Key":{"Id":"TestCase.ManagedType","Label":"ManagedType","Category":"","Description":"","Attributes":1,"ValueType":"System.String"},"Value":"SharpMind.Tests.Data.DataLoaderIntegrationTests"},{"Key":{"Id":"XunitTestCaseUniqueID","Label":"xUnit.net Test Case Unique ID","Category":"","Description":"","Attributes":0,"ValueType":"System.String"},"Value":"88646102ac73ef7a231b56cf20cccdeb8134c0f8"},{"Key":{"Id":"TestCase.ManagedMethod","Label":"ManagedMethod","Category":"","Description":"","Attributes":1,"ValueType":"System.String"},"Value":"EndToEnd_Jsonl_SafetyStages"},{"Key":{"Id":"XunitTestCaseExplicit","Label":"xUnit.net Test Case Explicit Flag","Category":"","Description":"","Attributes":0,"ValueType":"System.Boolean"},"Value":false}]},"Attachments":[],"Outcome":1,"ErrorMessage":null,"ErrorStackTrace":null,"DisplayName":"SharpMind.Tests.Data.DataLoaderIntegrationTests.EndToEnd_Jsonl_SafetyStages","Messages":[],"ComputerName":"LAPTOP-MKMTSO1B","Duration":"00:00:00.0644101","StartTime":"2026-07-20T05:41:46.4418706+00:00","EndTime":"2026-07-20T05:41:46.5130456+00:00","Properties":[]},{"TestCase":{"Id":"80258c54-96d9-3232-ec10-edf92b9bc23a","FullyQualifiedName":"SharpMind.Tests.Data.CompositeSourceTests.Concatenate_YieldsAllSourcesInOrder","DisplayName":"SharpMind.Tests.Data.CompositeSourceTests.Concatenate_YieldsAllSourcesInOrder","ExecutorUri":"executor://xunit/VsTestRunner3/netcore/","Source":"C:\\Integral2u\\source\\repos\\SharpMind\\SharpMind.Tests\\bin\\Debug\\net10.0\\SharpMind.Tests.dll","CodeFilePath":null,"LineNumber":0,"Properties":[{"Key":{"Id":"TestCase.ManagedType","Label":"ManagedType","Category":"","Description":"","Attributes":1,"ValueType":"System.String"},"Value":"SharpMind.Tests.Data.CompositeSourceTests"},{"Key":{"Id":"XunitTestCaseUniqueID","Label":"xUnit.net Test Case Unique ID","Category":"","Description":"","Attributes":0,"ValueType":"System.String"},"Value":"a8faed9a4aa0bd31b62fd00136b9125362103b91"},{"Key":{"Id":"TestCase.ManagedMethod","Label":"ManagedMethod","Category":"","Description":"","Attributes":1,"ValueType":"System.String"},"Value":"Concatenate_YieldsAllSourcesInOrder"},{"Key":{"Id":"XunitTestCaseExplicit","Label":"xUnit.net Test Case Explicit Flag","Category":"","Description":"","Attributes":0,"ValueType":"System.Boolean"},"Value":false}]},"Attachments":[],"Outcome":1,"ErrorMessage":null,"ErrorStackTrace":null,"DisplayName":"SharpMind.Tests.Data.CompositeSourceTests.Concatenate_YieldsAllSourcesInOrder","Messages":[],"ComputerName":"LAPTOP-MKMTSO1B","Duration":"00:00:00.6164105","StartTime":"2026-07-20T05:41:45.9366856+00:00","EndTime":"2026-07-20T05:41:46.5256466+00:00","Properties":[]},{"TestCase":{"Id":"9bb18cdc-f0bb-b8ef-f19c-2756b6d50427","FullyQualifiedName":"SharpMind.Tests.GPU.ActivationComparisonTests.SiLU_CPUAndGPU_ProduceSameResults","DisplayName":"SharpMind.Tests.GPU.ActivationComparisonTests.SiLU_CPUAndGPU_ProduceSameResults","ExecutorUri":"executor://xunit/VsTestRunner3/netcore/","Source":"C:\\Integral2u\\source\\repos\\SharpMind\\SharpMind.Tests\\bin\\Debug\\net10.0\\SharpMind.Tests.dll","CodeFilePath":null,"LineNumber":0,"Properties":[{"Key":{"Id":"TestCase.ManagedType","Label":"ManagedType","Category":"","Description":"","Attributes":1,"ValueType":"System.String"},"Value":"SharpMind.Tests.GPU.ActivationComparisonTests"},{"Key":{"Id":"XunitTestCaseUniqueID","Label":"xUnit.net Test Case Unique ID","Category":"","Description":"","Attributes":0,"ValueType":"System.String"},"Value":"84433e8c3894b668be53431c6127f82607bca566"},{"Key":{"Id":"TestCase.ManagedMethod","Label":"ManagedMethod","Category":"","Description":"","Attributes":1,"ValueType":"System.String"},"Value":"SiLU_CPUAndGPU_ProduceSameResults"},{"Key":{"Id":"XunitTestCaseExplicit","Label":"xUnit.net Test Case Explicit Flag","Category":"","Description":"","Attributes":0,"ValueType":"System.Boolean"},"Value":false}]},"Attachments":[],"Outcome":1,"ErrorMessage":null,"ErrorStackTrace":null,"DisplayName":"SharpMind.Tests.GPU.ActivationComparisonTests.SiLU_CPUAndGPU_ProduceSameResults","Messages":[],"ComputerName":"LAPTOP-MKMTSO1B","Duration":"00:00:00.1375854","StartTime":"2026-07-20T05:41:46.4458027+00:00","EndTime":"2026-07-20T05:41:46.574204+00:00","Properties":[]},{"TestCase":{"Id":"535c1310-48d8-f3da-31f1-0e66c41f0ae2","FullyQualifiedName":"SharpMind.Tests.GPU.ActivationComparisonTests.GELU_CPUAndGPU_ProduceSameResults","DisplayName":"SharpMind.Tests.GPU.ActivationComparisonTests.GELU_CPUAndGPU_ProduceSameResults","ExecutorUri":"executor://xunit/VsTestRunner3/netcore/","Source":"C:\\Integral2u\\source\\repos\\SharpMind\\SharpMind.Tests\\bin\\Debug\\net10.0\\SharpMind.Tests.dll","CodeFilePath":null,"LineNumber":0,"Properties":[{"Key":{"Id":"TestCase.ManagedType","Label":"ManagedType","Category":"","Description":"","Attributes":1,"ValueType":"System.String"},"Value":"SharpMind.Tests.GPU.ActivationComparisonTests"},{"Key":{"Id":"XunitTestCaseUniqueID","Label":"xUnit.net Test Case Unique ID","Category":"","Description":"","Attributes":0,"ValueType":"System.String"},"Value":"941d5208b2bd60fec0820147dfc253c73a4bac4e"},{"Key":{"Id":"TestCase.ManagedMethod","Label":"ManagedMethod","Category":"","Description":"","Attributes":1,"ValueType":"System.String"},"Value":"GELU_CPUAndGPU_ProduceSameResults"},{"Key":{"Id":"XunitTestCaseExplicit","Label":"xUnit.net Test Case Explicit Flag","Category":"","Description":"","Attributes":0,"ValueType":"System.Boolean"},"Value":false}]},"Attachments":[],"Outcome":1,"ErrorMessage":null,"ErrorStackTrace":null,"DisplayName":"SharpMind.Tests.GPU.ActivationComparisonTests.GELU_CPUAndGPU_ProduceSameResults","Messages":[],"ComputerName":"LAPTOP-MKMTSO1B","Duration":"00:00:00.0014096","StartTime":"2026-07-20T05:41:46.5750904+00:00","EndTime":"2026-07-20T05:41:46.5756801+00:00","Properties":[]},{"TestCase":{"Id":"feb67d10-64ae-c7f9-3544-63d9d665fd5b","FullyQualifiedName":"SharpMind.Tests.GPU.ActivationComparisonTests.SwiGLU_CPUAndGPU_ProduceSameResults","DisplayName":"SharpMind.Tests.GPU.ActivationComparisonTests.SwiGLU_CPUAndGPU_ProduceSameResults","ExecutorUri":"executor://xunit/VsTestRunner3/netcore/","Source":"C:\\Integral2u\\source\\repos\\SharpMind\\SharpMind.Tests\\bin\\Debug\\net10.0\\SharpMind.Tests.dll","CodeFilePath":null,"LineNumber":0,"Properties":[{"Key":{"Id":"TestCase.ManagedType","Label":"ManagedType","Category":"","Description":"","Attributes":1,"ValueType":"System.String"},"Value":"SharpMind.Tests.GPU.ActivationComparisonTests"},{"Key":{"Id":"XunitTestCaseUniqueID","Label":"xUnit.net Test Case Unique ID","Category":"","Description":"","Attributes":0,"ValueType":"System.String"},"Value":"be909f447257d4d11dea21e7b57fbe55cfd141ad"},{"Key":{"Id":"TestCase.ManagedMethod","Label":"ManagedMethod","Category":"","Description":"","Attributes":1,"ValueType":"System.String"},"Value":"SwiGLU_CPUAndGPU_ProduceSameResults"},{"Key":{"Id":"XunitTestCaseExplicit","Label":"xUnit.net Test Case Explicit Flag","Category":"","Description":"","Attributes":0,"ValueType":"System.Boolean"},"Value":false}]},"Attachments":[],"Outcome":1,"ErrorMessage":null,"ErrorStackTrace":null,"DisplayName":"SharpMind.Tests.GPU.ActivationComparisonTests.SwiGLU_CPUAndGPU_ProduceSameResults","Messages":[],"ComputerName":"LAPTOP-MKMTSO1B","Duration":"00:00:00.1335341","StartTime":"2026-07-20T05:41:46.5853898+00:00","EndTime":"2026-07-20T05:41:46.7168995+00:00","Properties":[]}],"TestRunStatistics":{"ExecutedTests":184,"Stats":{"Passed":184}},"ActiveTests":[{"Id":"8005cce7-1d41-d595-74af-7a8cfd85acd6","FullyQualifiedName":"SharpMind.Tests.Data.DataLoaderIntegrationTests.EndToEnd_TextFile_CleanPipeline_PackedBatches","DisplayName":"SharpMind.Tests.Data.DataLoaderIntegrationTests.EndToEnd_TextFile_CleanPipeline_PackedBatches","ExecutorUri":"executor://xunit/VsTestRunner3/netcore/","Source":"C:\\Integral2u\\source\\repos\\SharpMind\\SharpMind.Tests\\bin\\Debug\\net10.0\\SharpMind.Tests.dll","CodeFilePath":null,"LineNumber":0,"Properties":[{"Key":{"Id":"TestCase.ManagedType","Label":"ManagedType","Category":"","Description":"","Attributes":1,"ValueType":"System.String"},"Value":"SharpMind.Tests.Data.DataLoaderIntegrationTests"},{"Key":{"Id":"XunitTestCaseUniqueID","Label":"xUnit.net Test Case Unique ID","Category":"","Description":"","Attributes":0,"ValueType":"System.String"},"Value":"9aa188052f93038ecfd345b5482a16e91b0c5a43"},{"Key":{"Id":"TestCase.ManagedMethod","Label":"ManagedMethod","Category":"","Description":"","Attributes":1,"ValueType":"System.String"},"Value":"EndToEnd_TextFile_CleanPipeline_PackedBatches"},{"Key":{"Id":"XunitTestCaseExplicit","Label":"xUnit.net Test Case Explicit Flag","Category":"","Description":"","Attributes":0,"ValueType":"System.Boolean"},"Value":false}]},{"Id":"6ed0d9da-8373-bcb9-199a-db261ad02be6","FullyQualifiedName":"SharpMind.Tests.Quantization.VecDotTests.TestVecDotQ4_1_ValidBlock","DisplayName":"SharpMind.Tests.Quantization.VecDotTests.TestVecDotQ4_1_ValidBlock","ExecutorUri":"executor://xunit/VsTestRunner3/netcore/","Source":"C:\\Integral2u\\source\\repos\\SharpMind\\SharpMind.Tests\\bin\\Debug\\net10.0\\SharpMind.Tests.dll","CodeFilePath":null,"LineNumber":0,"Properties":[{"Key":{"Id":"TestCase.ManagedType","Label":"ManagedType","Category":"","Description":"","Attributes":1,"ValueType":"System.String"},"Value":"SharpMind.Tests.Quantization.VecDotTests"},{"Key":{"Id":"XunitTestCaseUniqueID","Label":"xUnit.net Test Case Unique ID","Category":"","Description":"","Attributes":0,"ValueType":"System.String"},"Value":"217081bbc8143430c868fce650564fe03ec3ad37"},{"Key":{"Id":"TestCase.ManagedMethod","Label":"ManagedMethod","Category":"","Description":"","Attributes":1,"ValueType":"System.String"},"Value":"TestVecDotQ4_1_ValidBlock"},{"Key":{"Id":"XunitTestCaseExplicit","Label":"xUnit.net Test Case Explicit Flag","Category":"","Description":"","Attributes":0,"ValueType":"System.Boolean"},"Value":false}]},{"Id":"81ea134a-c4b6-b233-cee6-351288c85aa9","FullyQualifiedName":"SharpMind.Tests.GPU.ActivationComparisonTests.MatMul_CPUAndGPU_ProduceSameResults","DisplayName":"SharpMind.Tests.GPU.ActivationComparisonTests.MatMul_CPUAndGPU_ProduceSameResults","ExecutorUri":"executor://xunit/VsTestRunner3/netcore/","Source":"C:\\Integral2u\\source\\repos\\SharpMind\\SharpMind.Tests\\bin\\Debug\\net10.0\\SharpMind.Tests.dll","CodeFilePath":null,"LineNumber":0,"Properties":[{"Key":{"Id":"TestCase.ManagedType","Label":"ManagedType","Category":"","Description":"","Attributes":1,"ValueType":"System.String"},"Value":"SharpMind.Tests.GPU.ActivationComparisonTests"},{"Key":{"Id":"XunitTestCaseUniqueID","Label":"xUnit.net Test Case Unique ID","Category":"","Description":"","Attributes":0,"ValueType":"System.String"},"Value":"cebfcaad25a422b506365ca5ace2d1d87bd23481"},{"Key":{"Id":"TestCase.ManagedMethod","Label":"ManagedMethod","Category":"","Description":"","Attributes":1,"ValueType":"System.String"},"Value":"MatMul_CPUAndGPU_ProduceSameResults"},{"Key":{"Id":"XunitTestCaseExplicit","Label":"xUnit.net Test Case Explicit Flag","Category":"","Description":"","Attributes":0,"ValueType":"System.Boolean"},"Value":false}]}]}}
TpTrace Verbose: 0 : 15992, 10, 2026/07/20, 17:41:46.724, 374955987203, vstest.console.dll, TestRunRequest:SendTestRunStatsChange: Starting.
TpTrace Verbose: 0 : 15992, 10, 2026/07/20, 17:41:46.724, 374955988602, vstest.console.dll, InProgress is SharpMind.Tests.Data.DataLoaderIntegrationTests.EndToEnd_TextFile_CleanPipeline_PackedBatches
TpTrace Verbose: 0 : 15992, 10, 2026/07/20, 17:41:46.724, 374955989157, vstest.console.dll, InProgress is SharpMind.Tests.Quantization.VecDotTests.TestVecDotQ4_1_ValidBlock
TpTrace Verbose: 0 : 15992, 10, 2026/07/20, 17:41:46.724, 374955989649, vstest.console.dll, InProgress is SharpMind.Tests.GPU.ActivationComparisonTests.MatMul_CPUAndGPU_ProduceSameResults
TpTrace Verbose: 0 : 15992, 10, 2026/07/20, 17:41:46.724, 374955990365, vstest.console.dll, MulticastDelegateUtilities.SafeInvoke: TestRun.RunStatsChanged: Invoking callbacks was skipped because there are no subscribers.
TpTrace Information: 0 : 15992, 10, 2026/07/20, 17:41:46.724, 374955991036, vstest.console.dll, TestRunRequest:SendTestRunStatsChange: Completed.
TpTrace Verbose: 0 : 15992, 10, 2026/07/20, 17:41:46.724, 374955991568, vstest.console.dll, MulticastDelegateUtilities.SafeInvoke: LengthPrefixCommunicationChannel: MessageReceived: Invoking callback 1/1 for Microsoft.VisualStudio.TestPlatform.CommunicationUtilities.TestRequestSender+<>c__DisplayClass34_0., took 4 ms.
TpTrace Verbose: 0 : 15992, 10, 2026/07/20, 17:41:46.724, 374955992097, vstest.console.dll, TcpClientExtensions.MessageLoopAsync: Polling on remoteEndPoint: 127.0.0.1:55740 localEndPoint: 127.0.0.1:55739 after 275 ms
TpTrace Verbose: 0 : 15992, 4, 2026/07/20, 17:41:46.724, 374955993857, vstest.console.dll, MulticastDelegateUtilities.SafeInvoke: InternalTestLoggerEvents.SendTestResult: Invoking callback 1/1 for Microsoft.VisualStudio.TestPlatform.CommandLine.Internal.ConsoleLogger., took 0 ms.
TpTrace Verbose: 0 : 15992, 4, 2026/07/20, 17:41:46.725, 374955994756, vstest.console.dll, MulticastDelegateUtilities.SafeInvoke: InternalTestLoggerEvents.SendTestResult: Invoking callback 1/1 for Microsoft.VisualStudio.TestPlatform.CommandLine.Internal.ConsoleLogger., took 0 ms.
TpTrace Verbose: 0 : 15992, 4, 2026/07/20, 17:41:46.725, 374955995481, vstest.console.dll, MulticastDelegateUtilities.SafeInvoke: InternalTestLoggerEvents.SendTestResult: Invoking callback 1/1 for Microsoft.VisualStudio.TestPlatform.CommandLine.Internal.ConsoleLogger., took 0 ms.
TpTrace Verbose: 0 : 15992, 4, 2026/07/20, 17:41:46.725, 374955996178, vstest.console.dll, MulticastDelegateUtilities.SafeInvoke: InternalTestLoggerEvents.SendTestResult: Invoking callback 1/1 for Microsoft.VisualStudio.TestPlatform.CommandLine.Internal.ConsoleLogger., took 0 ms.
TpTrace Verbose: 0 : 15992, 4, 2026/07/20, 17:41:46.725, 374955996888, vstest.console.dll, MulticastDelegateUtilities.SafeInvoke: InternalTestLoggerEvents.SendTestResult: Invoking callback 1/1 for Microsoft.VisualStudio.TestPlatform.CommandLine.Internal.ConsoleLogger., took 0 ms.
TpTrace Verbose: 0 : 15992, 4, 2026/07/20, 17:41:46.725, 374955997613, vstest.console.dll, MulticastDelegateUtilities.SafeInvoke: InternalTestLoggerEvents.SendTestResult: Invoking callback 1/1 for Microsoft.VisualStudio.TestPlatform.CommandLine.Internal.ConsoleLogger., took 0 ms.
TpTrace Verbose: 0 : 15992, 4, 2026/07/20, 17:41:46.725, 374955998295, vstest.console.dll, MulticastDelegateUtilities.SafeInvoke: InternalTestLoggerEvents.SendTestResult: Invoking callback 1/1 for Microsoft.VisualStudio.TestPlatform.CommandLine.Internal.ConsoleLogger., took 0 ms.
TpTrace Verbose: 0 : 15992, 10, 2026/07/20, 17:41:47.730, 374966051554, vstest.console.dll, TcpClientExtensions.MessageLoopAsync: Polling on remoteEndPoint: 127.0.0.1:55740 localEndPoint: 127.0.0.1:55739 after 1005 ms
TpTrace Verbose: 0 : 15992, 10, 2026/07/20, 17:41:48.742, 374976167867, vstest.console.dll, TcpClientExtensions.MessageLoopAsync: Polling on remoteEndPoint: 127.0.0.1:55740 localEndPoint: 127.0.0.1:55739 after 1011 ms
TpTrace Verbose: 0 : 15992, 10, 2026/07/20, 17:41:49.661, 374985355782, vstest.console.dll, TcpClientExtensions.MessageLoopAsync: NotifyDataAvailable remoteEndPoint: 127.0.0.1:55740 localEndPoint: 127.0.0.1:55739
TpTrace Verbose: 0 : 15992, 10, 2026/07/20, 17:41:49.661, 374985362505, vstest.console.dll, TestRequestSender.OnExecutionMessageReceived: Received message: {"Version":7,"MessageType":"TestExecution.StatsChange","Payload":{"NewTestResults":[{"TestCase":{"Id":"81ea134a-c4b6-b233-cee6-351288c85aa9","FullyQualifiedName":"SharpMind.Tests.GPU.ActivationComparisonTests.MatMul_CPUAndGPU_ProduceSameResults","DisplayName":"SharpMind.Tests.GPU.ActivationComparisonTests.MatMul_CPUAndGPU_ProduceSameResults","ExecutorUri":"executor://xunit/VsTestRunner3/netcore/","Source":"C:\\Integral2u\\source\\repos\\SharpMind\\SharpMind.Tests\\bin\\Debug\\net10.0\\SharpMind.Tests.dll","CodeFilePath":null,"LineNumber":0,"Properties":[{"Key":{"Id":"TestCase.ManagedType","Label":"ManagedType","Category":"","Description":"","Attributes":1,"ValueType":"System.String"},"Value":"SharpMind.Tests.GPU.ActivationComparisonTests"},{"Key":{"Id":"XunitTestCaseUniqueID","Label":"xUnit.net Test Case Unique ID","Category":"","Description":"","Attributes":0,"ValueType":"System.String"},"Value":"cebfcaad25a422b506365ca5ace2d1d87bd23481"},{"Key":{"Id":"TestCase.ManagedMethod","Label":"ManagedMethod","Category":"","Description":"","Attributes":1,"ValueType":"System.String"},"Value":"MatMul_CPUAndGPU_ProduceSameResults"},{"Key":{"Id":"XunitTestCaseExplicit","Label":"xUnit.net Test Case Explicit Flag","Category":"","Description":"","Attributes":0,"ValueType":"System.Boolean"},"Value":false}]},"Attachments":[],"Outcome":1,"ErrorMessage":null,"ErrorStackTrace":null,"DisplayName":"SharpMind.Tests.GPU.ActivationComparisonTests.MatMul_CPUAndGPU_ProduceSameResults","Messages":[],"ComputerName":"LAPTOP-MKMTSO1B","Duration":"00:00:02.9495789","StartTime":"2026-07-20T05:41:46.7198936+00:00","EndTime":"2026-07-20T05:41:49.6593538+00:00","Properties":[]}],"TestRunStatistics":{"ExecutedTests":185,"Stats":{"Passed":185}},"ActiveTests":[{"Id":"8719f149-eeb0-e963-fc26-1437e3b9cdcb","FullyQualifiedName":"SharpMind.Tests.GPU.ActivationComparisonTests.Softmax_CPUAndGPU_ProduceSameResults","DisplayName":"SharpMind.Tests.GPU.ActivationComparisonTests.Softmax_CPUAndGPU_ProduceSameResults","ExecutorUri":"executor://xunit/VsTestRunner3/netcore/","Source":"C:\\Integral2u\\source\\repos\\SharpMind\\SharpMind.Tests\\bin\\Debug\\net10.0\\SharpMind.Tests.dll","CodeFilePath":null,"LineNumber":0,"Properties":[{"Key":{"Id":"TestCase.ManagedType","Label":"ManagedType","Category":"","Description":"","Attributes":1,"ValueType":"System.String"},"Value":"SharpMind.Tests.GPU.ActivationComparisonTests"},{"Key":{"Id":"XunitTestCaseUniqueID","Label":"xUnit.net Test Case Unique ID","Category":"","Description":"","Attributes":0,"ValueType":"System.String"},"Value":"ed6ba0373e2db605a646821fd67f4aff225663c4"},{"Key":{"Id":"TestCase.ManagedMethod","Label":"ManagedMethod","Category":"","Description":"","Attributes":1,"ValueType":"System.String"},"Value":"Softmax_CPUAndGPU_ProduceSameResults"},{"Key":{"Id":"XunitTestCaseExplicit","Label":"xUnit.net Test Case Explicit Flag","Category":"","Description":"","Attributes":0,"ValueType":"System.Boolean"},"Value":false}]}]}}
TpTrace Verbose: 0 : 15992, 10, 2026/07/20, 17:41:49.663, 374985375186, vstest.console.dll, TestRunRequest:SendTestRunStatsChange: Starting.
TpTrace Verbose: 0 : 15992, 10, 2026/07/20, 17:41:49.663, 374985376142, vstest.console.dll, InProgress is SharpMind.Tests.GPU.ActivationComparisonTests.Softmax_CPUAndGPU_ProduceSameResults
TpTrace Verbose: 0 : 15992, 10, 2026/07/20, 17:41:49.663, 374985378357, vstest.console.dll, MulticastDelegateUtilities.SafeInvoke: TestRun.RunStatsChanged: Invoking callbacks was skipped because there are no subscribers.
TpTrace Information: 0 : 15992, 10, 2026/07/20, 17:41:49.663, 374985379162, vstest.console.dll, TestRunRequest:SendTestRunStatsChange: Completed.
TpTrace Verbose: 0 : 15992, 4, 2026/07/20, 17:41:49.663, 374985379626, vstest.console.dll, MulticastDelegateUtilities.SafeInvoke: InternalTestLoggerEvents.SendTestResult: Invoking callback 1/1 for Microsoft.VisualStudio.TestPlatform.CommandLine.Internal.ConsoleLogger., took 0 ms.
TpTrace Verbose: 0 : 15992, 10, 2026/07/20, 17:41:49.663, 374985379647, vstest.console.dll, MulticastDelegateUtilities.SafeInvoke: LengthPrefixCommunicationChannel: MessageReceived: Invoking callback 1/1 for Microsoft.VisualStudio.TestPlatform.CommunicationUtilities.TestRequestSender+<>c__DisplayClass34_0., took 1 ms.
TpTrace Verbose: 0 : 15992, 10, 2026/07/20, 17:41:49.663, 374985380853, vstest.console.dll, TcpClientExtensions.MessageLoopAsync: Polling on remoteEndPoint: 127.0.0.1:55740 localEndPoint: 127.0.0.1:55739 after 921 ms
TpTrace Verbose: 0 : 15992, 10, 2026/07/20, 17:41:50.611, 374994861504, vstest.console.dll, TcpClientExtensions.MessageLoopAsync: NotifyDataAvailable remoteEndPoint: 127.0.0.1:55740 localEndPoint: 127.0.0.1:55739
TpTrace Verbose: 0 : 15992, 10, 2026/07/20, 17:41:50.612, 374994866251, vstest.console.dll, TestRequestSender.OnExecutionMessageReceived: Received message: {"Version":7,"MessageType":"TestExecution.StatsChange","Payload":{"NewTestResults":[{"TestCase":{"Id":"8719f149-eeb0-e963-fc26-1437e3b9cdcb","FullyQualifiedName":"SharpMind.Tests.GPU.ActivationComparisonTests.Softmax_CPUAndGPU_ProduceSameResults","DisplayName":"SharpMind.Tests.GPU.ActivationComparisonTests.Softmax_CPUAndGPU_ProduceSameResults","ExecutorUri":"executor://xunit/VsTestRunner3/netcore/","Source":"C:\\Integral2u\\source\\repos\\SharpMind\\SharpMind.Tests\\bin\\Debug\\net10.0\\SharpMind.Tests.dll","CodeFilePath":null,"LineNumber":0,"Properties":[{"Key":{"Id":"TestCase.ManagedType","Label":"ManagedType","Category":"","Description":"","Attributes":1,"ValueType":"System.String"},"Value":"SharpMind.Tests.GPU.ActivationComparisonTests"},{"Key":{"Id":"XunitTestCaseUniqueID","Label":"xUnit.net Test Case Unique ID","Category":"","Description":"","Attributes":0,"ValueType":"System.String"},"Value":"ed6ba0373e2db605a646821fd67f4aff225663c4"},{"Key":{"Id":"TestCase.ManagedMethod","Label":"ManagedMethod","Category":"","Description":"","Attributes":1,"ValueType":"System.String"},"Value":"Softmax_CPUAndGPU_ProduceSameResults"},{"Key":{"Id":"XunitTestCaseExplicit","Label":"xUnit.net Test Case Explicit Flag","Category":"","Description":"","Attributes":0,"ValueType":"System.Boolean"},"Value":false}]},"Attachments":[],"Outcome":1,"ErrorMessage":null,"ErrorStackTrace":null,"DisplayName":"SharpMind.Tests.GPU.ActivationComparisonTests.Softmax_CPUAndGPU_ProduceSameResults","Messages":[],"ComputerName":"LAPTOP-MKMTSO1B","Duration":"00:00:00.0023618","StartTime":"2026-07-20T05:41:49.6619743+00:00","EndTime":"2026-07-20T05:41:49.6621801+00:00","Properties":[]},{"TestCase":{"Id":"0312b0d6-e32d-1c99-13e7-e6b14d1f8249","FullyQualifiedName":"SharpMind.Tests.Quantization.QuantizationAgreementTests.VecDot_AllTiers_Agree","DisplayName":"SharpMind.Tests.Quantization.QuantizationAgreementTests.VecDot_AllTiers_Agree(dtype: Q5_0)","ExecutorUri":"executor://xunit/VsTestRunner3/netcore/","Source":"C:\\Integral2u\\source\\repos\\SharpMind\\SharpMind.Tests\\bin\\Debug\\net10.0\\SharpMind.Tests.dll","CodeFilePath":null,"LineNumber":0,"Properties":[{"Key":{"Id":"TestCase.ManagedType","Label":"ManagedType","Category":"","Description":"","Attributes":1,"ValueType":"System.String"},"Value":"SharpMind.Tests.Quantization.QuantizationAgreementTests"},{"Key":{"Id":"XunitTestCaseUniqueID","Label":"xUnit.net Test Case Unique ID","Category":"","Description":"","Attributes":0,"ValueType":"System.String"},"Value":"04de0139596832bd9c0051597f40f8b5744bfb02"},{"Key":{"Id":"TestCase.ManagedMethod","Label":"ManagedMethod","Category":"","Description":"","Attributes":1,"ValueType":"System.String"},"Value":"VecDot_AllTiers_Agree"},{"Key":{"Id":"XunitTestCaseExplicit","Label":"xUnit.net Test Case Explicit Flag","Category":"","Description":"","Attributes":0,"ValueType":"System.Boolean"},"Value":false}]},"Attachments":[],"Outcome":1,"ErrorMessage":null,"ErrorStackTrace":null,"DisplayName":"SharpMind.Tests.Quantization.QuantizationAgreementTests.VecDot_AllTiers_Agree(dtype: Q5_0)","Messages":[],"ComputerName":"LAPTOP-MKMTSO1B","Duration":"00:00:06.3208660","StartTime":"2026-07-20T05:41:44.2504466+00:00","EndTime":"2026-07-20T05:41:50.502089+00:00","Properties":[]},{"TestCase":{"Id":"bc808133-b7d1-94ee-7c30-9644ddbf05b3","FullyQualifiedName":"SharpMind.Tests.Quantization.QuantizationAgreementTests.VecDot_AllTiers_Agree","DisplayName":"SharpMind.Tests.Quantization.QuantizationAgreementTests.VecDot_AllTiers_Agree(dtype: IQ4_NL)","ExecutorUri":"executor://xunit/VsTestRunner3/netcore/","Source":"C:\\Integral2u\\source\\repos\\SharpMind\\SharpMind.Tests\\bin\\Debug\\net10.0\\SharpMind.Tests.dll","CodeFilePath":null,"LineNumber":0,"Properties":[{"Key":{"Id":"TestCase.ManagedType","Label":"ManagedType","Category":"","Description":"","Attributes":1,"ValueType":"System.String"},"Value":"SharpMind.Tests.Quantization.QuantizationAgreementTests"},{"Key":{"Id":"XunitTestCaseUniqueID","Label":"xUnit.net Test Case Unique ID","Category":"","Description":"","Attributes":0,"ValueType":"System.String"},"Value":"068976735c0fbd77b553c1ff763fd76f995f1ca8"},{"Key":{"Id":"TestCase.ManagedMethod","Label":"ManagedMethod","Category":"","Description":"","Attributes":1,"ValueType":"System.String"},"Value":"VecDot_AllTiers_Agree"},{"Key":{"Id":"XunitTestCaseExplicit","Label":"xUnit.net Test Case Explicit Flag","Category":"","Description":"","Attributes":0,"ValueType":"System.Boolean"},"Value":false}]},"Attachments":[],"Outcome":1,"ErrorMessage":null,"ErrorStackTrace":null,"DisplayName":"SharpMind.Tests.Quantization.QuantizationAgreementTests.VecDot_AllTiers_Agree(dtype: IQ4_NL)","Messages":[],"ComputerName":"LAPTOP-MKMTSO1B","Duration":"00:00:00.0109804","StartTime":"2026-07-20T05:41:50.5033126+00:00","EndTime":"2026-07-20T05:41:50.5131212+00:00","Properties":[]},{"TestCase":{"Id":"bbb310c5-6d26-09cb-34d8-2041ea696dcd","FullyQualifiedName":"SharpMind.Tests.Quantization.QuantizationAgreementTests.VecDot_AllTiers_Agree","DisplayName":"SharpMind.Tests.Quantization.QuantizationAgreementTests.VecDot_AllTiers_Agree(dtype: Q8_0)","ExecutorUri":"executor://xunit/VsTestRunner3/netcore/","Source":"C:\\Integral2u\\source\\repos\\SharpMind\\SharpMind.Tests\\bin\\Debug\\net10.0\\SharpMind.Tests.dll","CodeFilePath":null,"LineNumber":0,"Properties":[{"Key":{"Id":"TestCase.ManagedType","Label":"ManagedType","Category":"","Description":"","Attributes":1,"ValueType":"System.String"},"Value":"SharpMind.Tests.Quantization.QuantizationAgreementTests"},{"Key":{"Id":"XunitTestCaseUniqueID","Label":"xUnit.net Test Case Unique ID","Category":"","Description":"","Attributes":0,"ValueType":"System.String"},"Value":"098f480c382b1d1f327709ba604d87115df90d18"},{"Key":{"Id":"TestCase.ManagedMethod","Label":"ManagedMethod","Category":"","Description":"","Attributes":1,"ValueType":"System.String"},"Value":"VecDot_AllTiers_Agree"},{"Key":{"Id":"XunitTestCaseExplicit","Label":"xUnit.net Test Case Explicit Flag","Category":"","Description":"","Attributes":0,"ValueType":"System.Boolean"},"Value":false}]},"Attachments":[],"Outcome":1,"ErrorMessage":null,"ErrorStackTrace":null,"DisplayName":"SharpMind.Tests.Quantization.QuantizationAgreementTests.VecDot_AllTiers_Agree(dtype: Q8_0)","Messages":[],"ComputerName":"LAPTOP-MKMTSO1B","Duration":"00:00:00.0048164","StartTime":"2026-07-20T05:41:50.513894+00:00","EndTime":"2026-07-20T05:41:50.5180085+00:00","Properties":[]},{"TestCase":{"Id":"5c6bde7f-0826-fffd-d81b-b092c44fc7e7","FullyQualifiedName":"SharpMind.Tests.Quantization.QuantizationAgreementTests.VecDot_AllTiers_Agree","DisplayName":"SharpMind.Tests.Quantization.QuantizationAgreementTests.VecDot_AllTiers_Agree(dtype: Q4_0)","ExecutorUri":"executor://xunit/VsTestRunner3/netcore/","Source":"C:\\Integral2u\\source\\repos\\SharpMind\\SharpMind.Tests\\bin\\Debug\\net10.0\\SharpMind.Tests.dll","CodeFilePath":null,"LineNumber":0,"Properties":[{"Key":{"Id":"TestCase.ManagedType","Label":"ManagedType","Category":"","Description":"","Attributes":1,"ValueType":"System.String"},"Value":"SharpMind.Tests.Quantization.QuantizationAgreementTests"},{"Key":{"Id":"XunitTestCaseUniqueID","Label":"xUnit.net Test Case Unique ID","Category":"","Description":"","Attributes":0,"ValueType":"System.String"},"Value":"36b52e45b3643928a99ce2185ae76b66c55dad26"},{"Key":{"Id":"TestCase.ManagedMethod","Label":"ManagedMethod","Category":"","Description":"","Attributes":1,"ValueType":"System.String"},"Value":"VecDot_AllTiers_Agree"},{"Key":{"Id":"XunitTestCaseExplicit","Label":"xUnit.net Test Case Explicit Flag","Category":"","Description":"","Attributes":0,"ValueType":"System.Boolean"},"Value":false}]},"Attachments":[],"Outcome":1,"ErrorMessage":null,"ErrorStackTrace":null,"DisplayName":"SharpMind.Tests.Quantization.QuantizationAgreementTests.VecDot_AllTiers_Agree(dtype: Q4_0)","Messages":[],"ComputerName":"LAPTOP-MKMTSO1B","Duration":"00:00:00.0073585","StartTime":"2026-07-20T05:41:50.5187739+00:00","EndTime":"2026-07-20T05:41:50.5255834+00:00","Properties":[]},{"TestCase":{"Id":"8005cce7-1d41-d595-74af-7a8cfd85acd6","FullyQualifiedName":"SharpMind.Tests.Data.DataLoaderIntegrationTests.EndToEnd_TextFile_CleanPipeline_PackedBatches","DisplayName":"SharpMind.Tests.Data.DataLoaderIntegrationTests.EndToEnd_TextFile_CleanPipeline_PackedBatches","ExecutorUri":"executor://xunit/VsTestRunner3/netcore/","Source":"C:\\Integral2u\\source\\repos\\SharpMind\\SharpMind.Tests\\bin\\Debug\\net10.0\\SharpMind.Tests.dll","CodeFilePath":null,"LineNumber":0,"Properties":[{"Key":{"Id":"TestCase.ManagedType","Label":"ManagedType","Category":"","Description":"","Attributes":1,"ValueType":"System.String"},"Value":"SharpMind.Tests.Data.DataLoaderIntegrationTests"},{"Key":{"Id":"XunitTestCaseUniqueID","Label":"xUnit.net Test Case Unique ID","Category":"","Description":"","Attributes":0,"ValueType":"System.String"},"Value":"9aa188052f93038ecfd345b5482a16e91b0c5a43"},{"Key":{"Id":"TestCase.ManagedMethod","Label":"ManagedMethod","Category":"","Description":"","Attributes":1,"ValueType":"System.String"},"Value":"EndToEnd_TextFile_CleanPipeline_PackedBatches"},{"Key":{"Id":"XunitTestCaseExplicit","Label":"xUnit.net Test Case Explicit Flag","Category":"","Description":"","Attributes":0,"ValueType":"System.Boolean"},"Value":false}]},"Attachments":[],"Outcome":1,"ErrorMessage":null,"ErrorStackTrace":null,"DisplayName":"SharpMind.Tests.Data.DataLoaderIntegrationTests.EndToEnd_TextFile_CleanPipeline_PackedBatches","Messages":[],"ComputerName":"LAPTOP-MKMTSO1B","Duration":"00:00:04.0398015","StartTime":"2026-07-20T05:41:46.5138452+00:00","EndTime":"2026-07-20T05:41:50.5540611+00:00","Properties":[]},{"TestCase":{"Id":"6ed0d9da-8373-bcb9-199a-db261ad02be6","FullyQualifiedName":"SharpMind.Tests.Quantization.VecDotTests.TestVecDotQ4_1_ValidBlock","DisplayName":"SharpMind.Tests.Quantization.VecDotTests.TestVecDotQ4_1_ValidBlock","ExecutorUri":"executor://xunit/VsTestRunner3/netcore/","Source":"C:\\Integral2u\\source\\repos\\SharpMind\\SharpMind.Tests\\bin\\Debug\\net10.0\\SharpMind.Tests.dll","CodeFilePath":null,"LineNumber":0,"Properties":[{"Key":{"Id":"TestCase.ManagedType","Label":"ManagedType","Category":"","Description":"","Attributes":1,"ValueType":"System.String"},"Value":"SharpMind.Tests.Quantization.VecDotTests"},{"Key":{"Id":"XunitTestCaseUniqueID","Label":"xUnit.net Test Case Unique ID","Category":"","Description":"","Attributes":0,"ValueType":"System.String"},"Value":"217081bbc8143430c868fce650564fe03ec3ad37"},{"Key":{"Id":"TestCase.ManagedMethod","Label":"ManagedMethod","Category":"","Description":"","Attributes":1,"ValueType":"System.String"},"Value":"TestVecDotQ4_1_ValidBlock"},{"Key":{"Id":"XunitTestCaseExplicit","Label":"xUnit.net Test Case Explicit Flag","Category":"","Description":"","Attributes":0,"ValueType":"System.Boolean"},"Value":false}]},"Attachments":[],"Outcome":1,"ErrorMessage":null,"ErrorStackTrace":null,"DisplayName":"SharpMind.Tests.Quantization.VecDotTests.TestVecDotQ4_1_ValidBlock(qOps: QuantizationOps41153804 { })","Messages":[],"ComputerName":"LAPTOP-MKMTSO1B","Duration":"00:00:00.0023907","StartTime":"2026-07-20T05:41:50.6016051+00:00","EndTime":"2026-07-20T05:41:50.605114+00:00","Properties":[]},{"TestCase":{"Id":"6ed0d9da-8373-bcb9-199a-db261ad02be6","FullyQualifiedName":"SharpMind.Tests.Quantization.VecDotTests.TestVecDotQ4_1_ValidBlock","DisplayName":"SharpMind.Tests.Quantization.VecDotTests.TestVecDotQ4_1_ValidBlock","ExecutorUri":"executor://xunit/VsTestRunner3/netcore/","Source":"C:\\Integral2u\\source\\repos\\SharpMind\\SharpMind.Tests\\bin\\Debug\\net10.0\\SharpMind.Tests.dll","CodeFilePath":null,"LineNumber":0,"Properties":[{"Key":{"Id":"TestCase.ManagedType","Label":"ManagedType","Category":"","Description":"","Attributes":1,"ValueType":"System.String"},"Value":"SharpMind.Tests.Quantization.VecDotTests"},{"Key":{"Id":"XunitTestCaseUniqueID","Label":"xUnit.net Test Case Unique ID","Category":"","Description":"","Attributes":0,"ValueType":"System.String"},"Value":"217081bbc8143430c868fce650564fe03ec3ad37"},{"Key":{"Id":"TestCase.ManagedMethod","Label":"ManagedMethod","Category":"","Description":"","Attributes":1,"ValueType":"System.String"},"Value":"TestVecDotQ4_1_ValidBlock"},{"Key":{"Id":"XunitTestCaseExplicit","Label":"xUnit.net Test Case Explicit Flag","Category":"","Description":"","Attributes":0,"ValueType":"System.Boolean"},"Value":false}]},"Attachments":[],"Outcome":1,"ErrorMessage":null,"ErrorStackTrace":null,"DisplayName":"SharpMind.Tests.Quantization.VecDotTests.TestVecDotQ4_1_ValidBlock(qOps: QuantizationOps23912013 { })","Messages":[],"ComputerName":"LAPTOP-MKMTSO1B","Duration":"00:00:00.0021394","StartTime":"2026-07-20T05:41:50.6057904+00:00","EndTime":"2026-07-20T05:41:50.6080577+00:00","Properties":[]},{"TestCase":{"Id":"6ed0d9da-8373-bcb9-199a-db261ad02be6","FullyQualifiedName":"SharpMind.Tests.Quantization.VecDotTests.TestVecDotQ4_1_ValidBlock","DisplayName":"SharpMind.Tests.Quantization.VecDotTests.TestVecDotQ4_1_ValidBlock","ExecutorUri":"executor://xunit/VsTestRunner3/netcore/","Source":"C:\\Integral2u\\source\\repos\\SharpMind\\SharpMind.Tests\\bin\\Debug\\net10.0\\SharpMind.Tests.dll","CodeFilePath":null,"LineNumber":0,"Properties":[{"Key":{"Id":"TestCase.ManagedType","Label":"ManagedType","Category":"","Description":"","Attributes":1,"ValueType":"System.String"},"Value":"SharpMind.Tests.Quantization.VecDotTests"},{"Key":{"Id":"XunitTestCaseUniqueID","Label":"xUnit.net Test Case Unique ID","Category":"","Description":"","Attributes":0,"ValueType":"System.String"},"Value":"217081bbc8143430c868fce650564fe03ec3ad37"},{"Key":{"Id":"TestCase.ManagedMethod","Label":"ManagedMethod","Category":"","Description":"","Attributes":1,"ValueType":"System.String"},"Value":"TestVecDotQ4_1_ValidBlock"},{"Key":{"Id":"XunitTestCaseExplicit","Label":"xUnit.net Test Case Explicit Flag","Category":"","Description":"","Attributes":0,"ValueType":"System.Boolean"},"Value":false}]},"Attachments":[],"Outcome":1,"ErrorMessage":null,"ErrorStackTrace":null,"DisplayName":"SharpMind.Tests.Quantization.VecDotTests.TestVecDotQ4_1_ValidBlock(qOps: QuantizationOps27733429 { })","Messages":[],"ComputerName":"LAPTOP-MKMTSO1B","Duration":"00:00:00.0013149","StartTime":"2026-07-20T05:41:50.6085265+00:00","EndTime":"2026-07-20T05:41:50.609389+00:00","Properties":[]}],"TestRunStatistics":{"ExecutedTests":194,"Stats":{"Passed":194}},"ActiveTests":[{"Id":"e883a16f-9362-ba37-35a9-0a59217800c0","FullyQualifiedName":"SharpMind.Tests.Quantization.QuantizationAgreementTests.VecDot_AllTiers_Agree","DisplayName":"SharpMind.Tests.Quantization.QuantizationAgreementTests.VecDot_AllTiers_Agree(dtype: Q6_K)","ExecutorUri":"executor://xunit/VsTestRunner3/netcore/","Source":"C:\\Integral2u\\source\\repos\\SharpMind\\SharpMind.Tests\\bin\\Debug\\net10.0\\SharpMind.Tests.dll","CodeFilePath":null,"LineNumber":0,"Properties":[{"Key":{"Id":"TestCase.ManagedType","Label":"ManagedType","Category":"","Description":"","Attributes":1,"ValueType":"System.String"},"Value":"SharpMind.Tests.Quantization.QuantizationAgreementTests"},{"Key":{"Id":"XunitTestCaseUniqueID","Label":"xUnit.net Test Case Unique ID","Category":"","Description":"","Attributes":0,"ValueType":"System.String"},"Value":"3f4c638af79fe0e61be75c16456724e0e0d770e2"},{"Key":{"Id":"TestCase.ManagedMethod","Label":"ManagedMethod","Category":"","Description":"","Attributes":1,"ValueType":"System.String"},"Value":"VecDot_AllTiers_Agree"},{"Key":{"Id":"XunitTestCaseExplicit","Label":"xUnit.net Test Case Explicit Flag","Category":"","Description":"","Attributes":0,"ValueType":"System.Boolean"},"Value":false}]}]}}
TpTrace Verbose: 0 : 15992, 10, 2026/07/20, 17:41:50.614, 374994887327, vstest.console.dll, TestRunRequest:SendTestRunStatsChange: Starting.
TpTrace Verbose: 0 : 15992, 10, 2026/07/20, 17:41:50.614, 374994888219, vstest.console.dll, InProgress is SharpMind.Tests.Quantization.QuantizationAgreementTests.VecDot_AllTiers_Agree(dtype: Q6_K)
TpTrace Verbose: 0 : 15992, 10, 2026/07/20, 17:41:50.614, 374994889017, vstest.console.dll, MulticastDelegateUtilities.SafeInvoke: TestRun.RunStatsChanged: Invoking callbacks was skipped because there are no subscribers.
TpTrace Information: 0 : 15992, 10, 2026/07/20, 17:41:50.614, 374994889595, vstest.console.dll, TestRunRequest:SendTestRunStatsChange: Completed.
TpTrace Verbose: 0 : 15992, 4, 2026/07/20, 17:41:50.614, 374994889658, vstest.console.dll, MulticastDelegateUtilities.SafeInvoke: InternalTestLoggerEvents.SendTestResult: Invoking callback 1/1 for Microsoft.VisualStudio.TestPlatform.CommandLine.Internal.ConsoleLogger., took 0 ms.
TpTrace Verbose: 0 : 15992, 10, 2026/07/20, 17:41:50.614, 374994890186, vstest.console.dll, MulticastDelegateUtilities.SafeInvoke: LengthPrefixCommunicationChannel: MessageReceived: Invoking callback 1/1 for Microsoft.VisualStudio.TestPlatform.CommunicationUtilities.TestRequestSender+<>c__DisplayClass34_0., took 2 ms.
TpTrace Verbose: 0 : 15992, 4, 2026/07/20, 17:41:50.614, 374994891085, vstest.console.dll, MulticastDelegateUtilities.SafeInvoke: InternalTestLoggerEvents.SendTestResult: Invoking callback 1/1 for Microsoft.VisualStudio.TestPlatform.CommandLine.Internal.ConsoleLogger., took 0 ms.
TpTrace Verbose: 0 : 15992, 10, 2026/07/20, 17:41:50.614, 374994891509, vstest.console.dll, TcpClientExtensions.MessageLoopAsync: Polling on remoteEndPoint: 127.0.0.1:55740 localEndPoint: 127.0.0.1:55739 after 951 ms
TpTrace Verbose: 0 : 15992, 4, 2026/07/20, 17:41:50.614, 374994892356, vstest.console.dll, MulticastDelegateUtilities.SafeInvoke: InternalTestLoggerEvents.SendTestResult: Invoking callback 1/1 for Microsoft.VisualStudio.TestPlatform.CommandLine.Internal.ConsoleLogger., took 0 ms.
TpTrace Verbose: 0 : 15992, 4, 2026/07/20, 17:41:50.614, 374994893445, vstest.console.dll, MulticastDelegateUtilities.SafeInvoke: InternalTestLoggerEvents.SendTestResult: Invoking callback 1/1 for Microsoft.VisualStudio.TestPlatform.CommandLine.Internal.ConsoleLogger., took 0 ms.
TpTrace Verbose: 0 : 15992, 4, 2026/07/20, 17:41:50.615, 374994894175, vstest.console.dll, MulticastDelegateUtilities.SafeInvoke: InternalTestLoggerEvents.SendTestResult: Invoking callback 1/1 for Microsoft.VisualStudio.TestPlatform.CommandLine.Internal.ConsoleLogger., took 0 ms.
TpTrace Verbose: 0 : 15992, 4, 2026/07/20, 17:41:50.615, 374994894945, vstest.console.dll, MulticastDelegateUtilities.SafeInvoke: InternalTestLoggerEvents.SendTestResult: Invoking callback 1/1 for Microsoft.VisualStudio.TestPlatform.CommandLine.Internal.ConsoleLogger., took 0 ms.
TpTrace Verbose: 0 : 15992, 4, 2026/07/20, 17:41:50.615, 374994895648, vstest.console.dll, MulticastDelegateUtilities.SafeInvoke: InternalTestLoggerEvents.SendTestResult: Invoking callback 1/1 for Microsoft.VisualStudio.TestPlatform.CommandLine.Internal.ConsoleLogger., took 0 ms.
TpTrace Verbose: 0 : 15992, 4, 2026/07/20, 17:41:50.615, 374994896470, vstest.console.dll, MulticastDelegateUtilities.SafeInvoke: InternalTestLoggerEvents.SendTestResult: Invoking callback 1/1 for Microsoft.VisualStudio.TestPlatform.CommandLine.Internal.ConsoleLogger., took 0 ms.
TpTrace Verbose: 0 : 15992, 4, 2026/07/20, 17:41:50.615, 374994897268, vstest.console.dll, MulticastDelegateUtilities.SafeInvoke: InternalTestLoggerEvents.SendTestResult: Invoking callback 1/1 for Microsoft.VisualStudio.TestPlatform.CommandLine.Internal.ConsoleLogger., took 0 ms.
TpTrace Verbose: 0 : 15992, 10, 2026/07/20, 17:41:50.634, 374995091390, vstest.console.dll, TcpClientExtensions.MessageLoopAsync: NotifyDataAvailable remoteEndPoint: 127.0.0.1:55740 localEndPoint: 127.0.0.1:55739
TpTrace Verbose: 0 : 15992, 10, 2026/07/20, 17:41:50.635, 374995094963, vstest.console.dll, TestRequestSender.OnExecutionMessageReceived: Received message: {"Version":7,"MessageType":"TestExecution.StatsChange","Payload":{"NewTestResults":[{"TestCase":{"Id":"6ed0d9da-8373-bcb9-199a-db261ad02be6","FullyQualifiedName":"SharpMind.Tests.Quantization.VecDotTests.TestVecDotQ4_1_ValidBlock","DisplayName":"SharpMind.Tests.Quantization.VecDotTests.TestVecDotQ4_1_ValidBlock","ExecutorUri":"executor://xunit/VsTestRunner3/netcore/","Source":"C:\\Integral2u\\source\\repos\\SharpMind\\SharpMind.Tests\\bin\\Debug\\net10.0\\SharpMind.Tests.dll","CodeFilePath":null,"LineNumber":0,"Properties":[{"Key":{"Id":"TestCase.ManagedType","Label":"ManagedType","Category":"","Description":"","Attributes":1,"ValueType":"System.String"},"Value":"SharpMind.Tests.Quantization.VecDotTests"},{"Key":{"Id":"XunitTestCaseUniqueID","Label":"xUnit.net Test Case Unique ID","Category":"","Description":"","Attributes":0,"ValueType":"System.String"},"Value":"217081bbc8143430c868fce650564fe03ec3ad37"},{"Key":{"Id":"TestCase.ManagedMethod","Label":"ManagedMethod","Category":"","Description":"","Attributes":1,"ValueType":"System.String"},"Value":"TestVecDotQ4_1_ValidBlock"},{"Key":{"Id":"XunitTestCaseExplicit","Label":"xUnit.net Test Case Explicit Flag","Category":"","Description":"","Attributes":0,"ValueType":"System.Boolean"},"Value":false}]},"Attachments":[],"Outcome":1,"ErrorMessage":null,"ErrorStackTrace":null,"DisplayName":"SharpMind.Tests.Quantization.VecDotTests.TestVecDotQ4_1_ValidBlock(qOps: QuantizationOps39155797 { })","Messages":[],"ComputerName":"LAPTOP-MKMTSO1B","Duration":"00:00:00.0001593","StartTime":"2026-07-20T05:41:50.6121467+00:00","EndTime":"2026-07-20T05:41:50.6122803+00:00","Properties":[]},{"TestCase":{"Id":"9a17a11e-5c09-2e36-d6c0-46c1c13f6cc4","FullyQualifiedName":"SharpMind.Tests.Quantization.VecDotTests.TestVecDotQ5K_ValidBlock","DisplayName":"SharpMind.Tests.Quantization.VecDotTests.TestVecDotQ5K_ValidBlock","ExecutorUri":"executor://xunit/VsTestRunner3/netcore/","Source":"C:\\Integral2u\\source\\repos\\SharpMind\\SharpMind.Tests\\bin\\Debug\\net10.0\\SharpMind.Tests.dll","CodeFilePath":null,"LineNumber":0,"Properties":[{"Key":{"Id":"TestCase.ManagedType","Label":"ManagedType","Category":"","Description":"","Attributes":1,"ValueType":"System.String"},"Value":"SharpMind.Tests.Quantization.VecDotTests"},{"Key":{"Id":"XunitTestCaseUniqueID","Label":"xUnit.net Test Case Unique ID","Category":"","Description":"","Attributes":0,"ValueType":"System.String"},"Value":"25cbdd12206bac007224041d2a7c9f4fcf0b171c"},{"Key":{"Id":"TestCase.ManagedMethod","Label":"ManagedMethod","Category":"","Description":"","Attributes":1,"ValueType":"System.String"},"Value":"TestVecDotQ5K_ValidBlock"},{"Key":{"Id":"XunitTestCaseExplicit","Label":"xUnit.net Test Case Explicit Flag","Category":"","Description":"","Attributes":0,"ValueType":"System.Boolean"},"Value":false}]},"Attachments":[],"Outcome":1,"ErrorMessage":null,"ErrorStackTrace":null,"DisplayName":"SharpMind.Tests.Quantization.VecDotTests.TestVecDotQ5K_ValidBlock(qOps: QuantizationOps41153804 { })","Messages":[],"ComputerName":"LAPTOP-MKMTSO1B","Duration":"00:00:00.0023079","StartTime":"2026-07-20T05:41:50.6131987+00:00","EndTime":"2026-07-20T05:41:50.6140392+00:00","Properties":[]},{"TestCase":{"Id":"9a17a11e-5c09-2e36-d6c0-46c1c13f6cc4","FullyQualifiedName":"SharpMind.Tests.Quantization.VecDotTests.TestVecDotQ5K_ValidBlock","DisplayName":"SharpMind.Tests.Quantization.VecDotTests.TestVecDotQ5K_ValidBlock","ExecutorUri":"executor://xunit/VsTestRunner3/netcore/","Source":"C:\\Integral2u\\source\\repos\\SharpMind\\SharpMind.Tests\\bin\\Debug\\net10.0\\SharpMind.Tests.dll","CodeFilePath":null,"LineNumber":0,"Properties":[{"Key":{"Id":"TestCase.ManagedType","Label":"ManagedType","Category":"","Description":"","Attributes":1,"ValueType":"System.String"},"Value":"SharpMind.Tests.Quantization.VecDotTests"},{"Key":{"Id":"XunitTestCaseUniqueID","Label":"xUnit.net Test Case Unique ID","Category":"","Description":"","Attributes":0,"ValueType":"System.String"},"Value":"25cbdd12206bac007224041d2a7c9f4fcf0b171c"},{"Key":{"Id":"TestCase.ManagedMethod","Label":"ManagedMethod","Category":"","Description":"","Attributes":1,"ValueType":"System.String"},"Value":"TestVecDotQ5K_ValidBlock"},{"Key":{"Id":"XunitTestCaseExplicit","Label":"xUnit.net Test Case Explicit Flag","Category":"","Description":"","Attributes":0,"ValueType":"System.Boolean"},"Value":false}]},"Attachments":[],"Outcome":1,"ErrorMessage":null,"ErrorStackTrace":null,"DisplayName":"SharpMind.Tests.Quantization.VecDotTests.TestVecDotQ5K_ValidBlock(qOps: QuantizationOps23912013 { })","Messages":[],"ComputerName":"LAPTOP-MKMTSO1B","Duration":"00:00:00.0004919","StartTime":"2026-07-20T05:41:50.6144209+00:00","EndTime":"2026-07-20T05:41:50.6145761+00:00","Properties":[]},{"TestCase":{"Id":"9a17a11e-5c09-2e36-d6c0-46c1c13f6cc4","FullyQualifiedName":"SharpMind.Tests.Quantization.VecDotTests.TestVecDotQ5K_ValidBlock","DisplayName":"SharpMind.Tests.Quantization.VecDotTests.TestVecDotQ5K_ValidBlock","ExecutorUri":"executor://xunit/VsTestRunner3/netcore/","Source":"C:\\Integral2u\\source\\repos\\SharpMind\\SharpMind.Tests\\bin\\Debug\\net10.0\\SharpMind.Tests.dll","CodeFilePath":null,"LineNumber":0,"Properties":[{"Key":{"Id":"TestCase.ManagedType","Label":"ManagedType","Category":"","Description":"","Attributes":1,"ValueType":"System.String"},"Value":"SharpMind.Tests.Quantization.VecDotTests"},{"Key":{"Id":"XunitTestCaseUniqueID","Label":"xUnit.net Test Case Unique ID","Category":"","Description":"","Attributes":0,"ValueType":"System.String"},"Value":"25cbdd12206bac007224041d2a7c9f4fcf0b171c"},{"Key":{"Id":"TestCase.ManagedMethod","Label":"ManagedMethod","Category":"","Description":"","Attributes":1,"ValueType":"System.String"},"Value":"TestVecDotQ5K_ValidBlock"},{"Key":{"Id":"XunitTestCaseExplicit","Label":"xUnit.net Test Case Explicit Flag","Category":"","Description":"","Attributes":0,"ValueType":"System.Boolean"},"Value":false}]},"Attachments":[],"Outcome":1,"ErrorMessage":null,"ErrorStackTrace":null,"DisplayName":"SharpMind.Tests.Quantization.VecDotTests.TestVecDotQ5K_ValidBlock(qOps: QuantizationOps27733429 { })","Messages":[],"ComputerName":"LAPTOP-MKMTSO1B","Duration":"00:00:00.0039929","StartTime":"2026-07-20T05:41:50.6149923+00:00","EndTime":"2026-07-20T05:41:50.6186676+00:00","Properties":[]},{"TestCase":{"Id":"9a17a11e-5c09-2e36-d6c0-46c1c13f6cc4","FullyQualifiedName":"SharpMind.Tests.Quantization.VecDotTests.TestVecDotQ5K_ValidBlock","DisplayName":"SharpMind.Tests.Quantization.VecDotTests.TestVecDotQ5K_ValidBlock","ExecutorUri":"executor://xunit/VsTestRunner3/netcore/","Source":"C:\\Integral2u\\source\\repos\\SharpMind\\SharpMind.Tests\\bin\\Debug\\net10.0\\SharpMind.Tests.dll","CodeFilePath":null,"LineNumber":0,"Properties":[{"Key":{"Id":"TestCase.ManagedType","Label":"ManagedType","Category":"","Description":"","Attributes":1,"ValueType":"System.String"},"Value":"SharpMind.Tests.Quantization.VecDotTests"},{"Key":{"Id":"XunitTestCaseUniqueID","Label":"xUnit.net Test Case Unique ID","Category":"","Description":"","Attributes":0,"ValueType":"System.String"},"Value":"25cbdd12206bac007224041d2a7c9f4fcf0b171c"},{"Key":{"Id":"TestCase.ManagedMethod","Label":"ManagedMethod","Category":"","Description":"","Attributes":1,"ValueType":"System.String"},"Value":"TestVecDotQ5K_ValidBlock"},{"Key":{"Id":"XunitTestCaseExplicit","Label":"xUnit.net Test Case Explicit Flag","Category":"","Description":"","Attributes":0,"ValueType":"System.Boolean"},"Value":false}]},"Attachments":[],"Outcome":1,"ErrorMessage":null,"ErrorStackTrace":null,"DisplayName":"SharpMind.Tests.Quantization.VecDotTests.TestVecDotQ5K_ValidBlock(qOps: QuantizationOps39155797 { })","Messages":[],"ComputerName":"LAPTOP-MKMTSO1B","Duration":"00:00:00.0046518","StartTime":"2026-07-20T05:41:50.6191807+00:00","EndTime":"2026-07-20T05:41:50.6233833+00:00","Properties":[]},{"TestCase":{"Id":"f78cdc33-d283-abf0-874e-088ac2b32eb1","FullyQualifiedName":"SharpMind.Tests.Quantization.VecDotTests.TestVecDotQ4_0_AgreesAcrossTiers","DisplayName":"SharpMind.Tests.Quantization.VecDotTests.TestVecDotQ4_0_AgreesAcrossTiers","ExecutorUri":"executor://xunit/VsTestRunner3/netcore/","Source":"C:\\Integral2u\\source\\repos\\SharpMind\\SharpMind.Tests\\bin\\Debug\\net10.0\\SharpMind.Tests.dll","CodeFilePath":null,"LineNumber":0,"Properties":[{"Key":{"Id":"TestCase.ManagedType","Label":"ManagedType","Category":"","Description":"","Attributes":1,"ValueType":"System.String"},"Value":"SharpMind.Tests.Quantization.VecDotTests"},{"Key":{"Id":"XunitTestCaseUniqueID","Label":"xUnit.net Test Case Unique ID","Category":"","Description":"","Attributes":0,"ValueType":"System.String"},"Value":"2cb54a2cde0889813b70c7f02251fc1bc364a6e3"},{"Key":{"Id":"TestCase.ManagedMethod","Label":"ManagedMethod","Category":"","Description":"","Attributes":1,"ValueType":"System.String"},"Value":"TestVecDotQ4_0_AgreesAcrossTiers"},{"Key":{"Id":"XunitTestCaseExplicit","Label":"xUnit.net Test Case Explicit Flag","Category":"","Description":"","Attributes":0,"ValueType":"System.Boolean"},"Value":false}]},"Attachments":[],"Outcome":1,"ErrorMessage":null,"ErrorStackTrace":null,"DisplayName":"SharpMind.Tests.Quantization.VecDotTests.TestVecDotQ4_0_AgreesAcrossTiers","Messages":[],"ComputerName":"LAPTOP-MKMTSO1B","Duration":"00:00:00.0033096","StartTime":"2026-07-20T05:41:50.6241879+00:00","EndTime":"2026-07-20T05:41:50.6269464+00:00","Properties":[]},{"TestCase":{"Id":"1da1947e-73c3-9459-4693-b998858a3ce1","FullyQualifiedName":"SharpMind.Tests.Quantization.VecDotTests.TestVecDotQ6K_ValidBlock","DisplayName":"SharpMind.Tests.Quantization.VecDotTests.TestVecDotQ6K_ValidBlock","ExecutorUri":"executor://xunit/VsTestRunner3/netcore/","Source":"C:\\Integral2u\\source\\repos\\SharpMind\\SharpMind.Tests\\bin\\Debug\\net10.0\\SharpMind.Tests.dll","CodeFilePath":null,"LineNumber":0,"Properties":[{"Key":{"Id":"TestCase.ManagedType","Label":"ManagedType","Category":"","Description":"","Attributes":1,"ValueType":"System.String"},"Value":"SharpMind.Tests.Quantization.VecDotTests"},{"Key":{"Id":"XunitTestCaseUniqueID","Label":"xUnit.net Test Case Unique ID","Category":"","Description":"","Attributes":0,"ValueType":"System.String"},"Value":"31786081f9ac485e98bdf49a71fecaf8645bfae4"},{"Key":{"Id":"TestCase.ManagedMethod","Label":"ManagedMethod","Category":"","Description":"","Attributes":1,"ValueType":"System.String"},"Value":"TestVecDotQ6K_ValidBlock"},{"Key":{"Id":"XunitTestCaseExplicit","Label":"xUnit.net Test Case Explicit Flag","Category":"","Description":"","Attributes":0,"ValueType":"System.Boolean"},"Value":false}]},"Attachments":[],"Outcome":1,"ErrorMessage":null,"ErrorStackTrace":null,"DisplayName":"SharpMind.Tests.Quantization.VecDotTests.TestVecDotQ6K_ValidBlock(qOps: QuantizationOps41153804 { })","Messages":[],"ComputerName":"LAPTOP-MKMTSO1B","Duration":"00:00:00.0011605","StartTime":"2026-07-20T05:41:50.6291013+00:00","EndTime":"2026-07-20T05:41:50.6303956+00:00","Properties":[]},{"TestCase":{"Id":"1da1947e-73c3-9459-4693-b998858a3ce1","FullyQualifiedName":"SharpMind.Tests.Quantization.VecDotTests.TestVecDotQ6K_ValidBlock","DisplayName":"SharpMind.Tests.Quantization.VecDotTests.TestVecDotQ6K_ValidBlock","ExecutorUri":"executor://xunit/VsTestRunner3/netcore/","Source":"C:\\Integral2u\\source\\repos\\SharpMind\\SharpMind.Tests\\bin\\Debug\\net10.0\\SharpMind.Tests.dll","CodeFilePath":null,"LineNumber":0,"Properties":[{"Key":{"Id":"TestCase.ManagedType","Label":"ManagedType","Category":"","Description":"","Attributes":1,"ValueType":"System.String"},"Value":"SharpMind.Tests.Quantization.VecDotTests"},{"Key":{"Id":"XunitTestCaseUniqueID","Label":"xUnit.net Test Case Unique ID","Category":"","Description":"","Attributes":0,"ValueType":"System.String"},"Value":"31786081f9ac485e98bdf49a71fecaf8645bfae4"},{"Key":{"Id":"TestCase.ManagedMethod","Label":"ManagedMethod","Category":"","Description":"","Attributes":1,"ValueType":"System.String"},"Value":"TestVecDotQ6K_ValidBlock"},{"Key":{"Id":"XunitTestCaseExplicit","Label":"xUnit.net Test Case Explicit Flag","Category":"","Description":"","Attributes":0,"ValueType":"System.Boolean"},"Value":false}]},"Attachments":[],"Outcome":1,"ErrorMessage":null,"ErrorStackTrace":null,"DisplayName":"SharpMind.Tests.Quantization.VecDotTests.TestVecDotQ6K_ValidBlock(qOps: QuantizationOps23912013 { })","Messages":[],"ComputerName":"LAPTOP-MKMTSO1B","Duration":"00:00:00.0004732","StartTime":"2026-07-20T05:41:50.6307512+00:00","EndTime":"2026-07-20T05:41:50.6308683+00:00","Properties":[]},{"TestCase":{"Id":"1da1947e-73c3-9459-4693-b998858a3ce1","FullyQualifiedName":"SharpMind.Tests.Quantization.VecDotTests.TestVecDotQ6K_ValidBlock","DisplayName":"SharpMind.Tests.Quantization.VecDotTests.TestVecDotQ6K_ValidBlock","ExecutorUri":"executor://xunit/VsTestRunner3/netcore/","Source":"C:\\Integral2u\\source\\repos\\SharpMind\\SharpMind.Tests\\bin\\Debug\\net10.0\\SharpMind.Tests.dll","CodeFilePath":null,"LineNumber":0,"Properties":[{"Key":{"Id":"TestCase.ManagedType","Label":"ManagedType","Category":"","Description":"","Attributes":1,"ValueType":"System.String"},"Value":"SharpMind.Tests.Quantization.VecDotTests"},{"Key":{"Id":"XunitTestCaseUniqueID","Label":"xUnit.net Test Case Unique ID","Category":"","Description":"","Attributes":0,"ValueType":"System.String"},"Value":"31786081f9ac485e98bdf49a71fecaf8645bfae4"},{"Key":{"Id":"TestCase.ManagedMethod","Label":"ManagedMethod","Category":"","Description":"","Attributes":1,"ValueType":"System.String"},"Value":"TestVecDotQ6K_ValidBlock"},{"Key":{"Id":"XunitTestCaseExplicit","Label":"xUnit.net Test Case Explicit Flag","Category":"","Description":"","Attributes":0,"ValueType":"System.Boolean"},"Value":false}]},"Attachments":[],"Outcome":1,"ErrorMessage":null,"ErrorStackTrace":null,"DisplayName":"SharpMind.Tests.Quantization.VecDotTests.TestVecDotQ6K_ValidBlock(qOps: QuantizationOps27733429 { })","Messages":[],"ComputerName":"LAPTOP-MKMTSO1B","Duration":"00:00:00.0001314","StartTime":"2026-07-20T05:41:50.6311827+00:00","EndTime":"2026-07-20T05:41:50.6312804+00:00","Properties":[]},{"TestCase":{"Id":"1da1947e-73c3-9459-4693-b998858a3ce1","FullyQualifiedName":"SharpMind.Tests.Quantization.VecDotTests.TestVecDotQ6K_ValidBlock","DisplayName":"SharpMind.Tests.Quantization.VecDotTests.TestVecDotQ6K_ValidBlock","ExecutorUri":"executor://xunit/VsTestRunner3/netcore/","Source":"C:\\Integral2u\\source\\repos\\SharpMind\\SharpMind.Tests\\bin\\Debug\\net10.0\\SharpMind.Tests.dll","CodeFilePath":null,"LineNumber":0,"Properties":[{"Key":{"Id":"TestCase.ManagedType","Label":"ManagedType","Category":"","Description":"","Attributes":1,"ValueType":"System.String"},"Value":"SharpMind.Tests.Quantization.VecDotTests"},{"Key":{"Id":"XunitTestCaseUniqueID","Label":"xUnit.net Test Case Unique ID","Category":"","Description":"","Attributes":0,"ValueType":"System.String"},"Value":"31786081f9ac485e98bdf49a71fecaf8645bfae4"},{"Key":{"Id":"TestCase.ManagedMethod","Label":"ManagedMethod","Category":"","Description":"","Attributes":1,"ValueType":"System.String"},"Value":"TestVecDotQ6K_ValidBlock"},{"Key":{"Id":"XunitTestCaseExplicit","Label":"xUnit.net Test Case Explicit Flag","Category":"","Description":"","Attributes":0,"ValueType":"System.Boolean"},"Value":false}]},"Attachments":[],"Outcome":1,"ErrorMessage":null,"ErrorStackTrace":null,"DisplayName":"SharpMind.Tests.Quantization.VecDotTests.TestVecDotQ6K_ValidBlock(qOps: QuantizationOps39155797 { })","Messages":[],"ComputerName":"LAPTOP-MKMTSO1B","Duration":"00:00:00.0010630","StartTime":"2026-07-20T05:41:50.6315496+00:00","EndTime":"2026-07-20T05:41:50.6321368+00:00","Properties":[]}],"TestRunStatistics":{"ExecutedTests":204,"Stats":{"Passed":204}},"ActiveTests":[]}}
TpTrace Verbose: 0 : 15992, 10, 2026/07/20, 17:41:50.637, 374995116485, vstest.console.dll, TestRunRequest:SendTestRunStatsChange: Starting.
TpTrace Verbose: 0 : 15992, 10, 2026/07/20, 17:41:50.637, 374995118543, vstest.console.dll, MulticastDelegateUtilities.SafeInvoke: TestRun.RunStatsChanged: Invoking callbacks was skipped because there are no subscribers.
TpTrace Information: 0 : 15992, 10, 2026/07/20, 17:41:50.637, 374995120650, vstest.console.dll, TestRunRequest:SendTestRunStatsChange: Completed.
TpTrace Verbose: 0 : 15992, 10, 2026/07/20, 17:41:50.637, 374995122063, vstest.console.dll, MulticastDelegateUtilities.SafeInvoke: LengthPrefixCommunicationChannel: MessageReceived: Invoking callback 1/1 for Microsoft.VisualStudio.TestPlatform.CommunicationUtilities.TestRequestSender+<>c__DisplayClass34_0., took 2 ms.
TpTrace Verbose: 0 : 15992, 10, 2026/07/20, 17:41:50.637, 374995122698, vstest.console.dll, TcpClientExtensions.MessageLoopAsync: Polling on remoteEndPoint: 127.0.0.1:55740 localEndPoint: 127.0.0.1:55739 after 23 ms
TpTrace Verbose: 0 : 15992, 4, 2026/07/20, 17:41:50.637, 374995119153, vstest.console.dll, MulticastDelegateUtilities.SafeInvoke: InternalTestLoggerEvents.SendTestResult: Invoking callback 1/1 for Microsoft.VisualStudio.TestPlatform.CommandLine.Internal.ConsoleLogger., took 0 ms.
TpTrace Verbose: 0 : 15992, 4, 2026/07/20, 17:41:50.639, 374995135617, vstest.console.dll, MulticastDelegateUtilities.SafeInvoke: InternalTestLoggerEvents.SendTestResult: Invoking callback 1/1 for Microsoft.VisualStudio.TestPlatform.CommandLine.Internal.ConsoleLogger., took 0 ms.
TpTrace Verbose: 0 : 15992, 4, 2026/07/20, 17:41:50.639, 374995136517, vstest.console.dll, MulticastDelegateUtilities.SafeInvoke: InternalTestLoggerEvents.SendTestResult: Invoking callback 1/1 for Microsoft.VisualStudio.TestPlatform.CommandLine.Internal.ConsoleLogger., took 0 ms.
TpTrace Verbose: 0 : 15992, 4, 2026/07/20, 17:41:50.639, 374995137672, vstest.console.dll, MulticastDelegateUtilities.SafeInvoke: InternalTestLoggerEvents.SendTestResult: Invoking callback 1/1 for Microsoft.VisualStudio.TestPlatform.CommandLine.Internal.ConsoleLogger., took 0 ms.
TpTrace Verbose: 0 : 15992, 4, 2026/07/20, 17:41:50.639, 374995138367, vstest.console.dll, MulticastDelegateUtilities.SafeInvoke: InternalTestLoggerEvents.SendTestResult: Invoking callback 1/1 for Microsoft.VisualStudio.TestPlatform.CommandLine.Internal.ConsoleLogger., took 0 ms.
TpTrace Verbose: 0 : 15992, 4, 2026/07/20, 17:41:50.639, 374995138847, vstest.console.dll, MulticastDelegateUtilities.SafeInvoke: InternalTestLoggerEvents.SendTestResult: Invoking callback 1/1 for Microsoft.VisualStudio.TestPlatform.CommandLine.Internal.ConsoleLogger., took 0 ms.
TpTrace Verbose: 0 : 15992, 4, 2026/07/20, 17:41:50.639, 374995139275, vstest.console.dll, MulticastDelegateUtilities.SafeInvoke: InternalTestLoggerEvents.SendTestResult: Invoking callback 1/1 for Microsoft.VisualStudio.TestPlatform.CommandLine.Internal.ConsoleLogger., took 0 ms.
TpTrace Verbose: 0 : 15992, 4, 2026/07/20, 17:41:50.639, 374995139744, vstest.console.dll, MulticastDelegateUtilities.SafeInvoke: InternalTestLoggerEvents.SendTestResult: Invoking callback 1/1 for Microsoft.VisualStudio.TestPlatform.CommandLine.Internal.ConsoleLogger., took 0 ms.
TpTrace Verbose: 0 : 15992, 4, 2026/07/20, 17:41:50.639, 374995140666, vstest.console.dll, MulticastDelegateUtilities.SafeInvoke: InternalTestLoggerEvents.SendTestResult: Invoking callback 1/1 for Microsoft.VisualStudio.TestPlatform.CommandLine.Internal.ConsoleLogger., took 0 ms.
TpTrace Verbose: 0 : 15992, 4, 2026/07/20, 17:41:50.639, 374995141715, vstest.console.dll, MulticastDelegateUtilities.SafeInvoke: InternalTestLoggerEvents.SendTestResult: Invoking callback 1/1 for Microsoft.VisualStudio.TestPlatform.CommandLine.Internal.ConsoleLogger., took 0 ms.
TpTrace Verbose: 0 : 15992, 10, 2026/07/20, 17:41:50.649, 374995238293, vstest.console.dll, TcpClientExtensions.MessageLoopAsync: NotifyDataAvailable remoteEndPoint: 127.0.0.1:55740 localEndPoint: 127.0.0.1:55739
TpTrace Verbose: 0 : 15992, 10, 2026/07/20, 17:41:50.649, 374995241695, vstest.console.dll, TestRequestSender.OnExecutionMessageReceived: Received message: {"Version":7,"MessageType":"TestExecution.StatsChange","Payload":{"NewTestResults":[{"TestCase":{"Id":"ece575c4-cc00-a31d-f3e1-30069d350e99","FullyQualifiedName":"SharpMind.Tests.Quantization.VecDotTests.TestVecDotQ4_0_MultiBlock64_Elements","DisplayName":"SharpMind.Tests.Quantization.VecDotTests.TestVecDotQ4_0_MultiBlock64_Elements","ExecutorUri":"executor://xunit/VsTestRunner3/netcore/","Source":"C:\\Integral2u\\source\\repos\\SharpMind\\SharpMind.Tests\\bin\\Debug\\net10.0\\SharpMind.Tests.dll","CodeFilePath":null,"LineNumber":0,"Properties":[{"Key":{"Id":"TestCase.ManagedType","Label":"ManagedType","Category":"","Description":"","Attributes":1,"ValueType":"System.String"},"Value":"SharpMind.Tests.Quantization.VecDotTests"},{"Key":{"Id":"XunitTestCaseUniqueID","Label":"xUnit.net Test Case Unique ID","Category":"","Description":"","Attributes":0,"ValueType":"System.String"},"Value":"55da6061f8686d8d7de3b11df4de2e03b52863d9"},{"Key":{"Id":"TestCase.ManagedMethod","Label":"ManagedMethod","Category":"","Description":"","Attributes":1,"ValueType":"System.String"},"Value":"TestVecDotQ4_0_MultiBlock64_Elements"},{"Key":{"Id":"XunitTestCaseExplicit","Label":"xUnit.net Test Case Explicit Flag","Category":"","Description":"","Attributes":0,"ValueType":"System.Boolean"},"Value":false}]},"Attachments":[],"Outcome":1,"ErrorMessage":null,"ErrorStackTrace":null,"DisplayName":"SharpMind.Tests.Quantization.VecDotTests.TestVecDotQ4_0_MultiBlock64_Elements(qOps: QuantizationOps41153804 { })","Messages":[],"ComputerName":"LAPTOP-MKMTSO1B","Duration":"00:00:00.0013948","StartTime":"2026-07-20T05:41:50.6357857+00:00","EndTime":"2026-07-20T05:41:50.6362712+00:00","Properties":[]},{"TestCase":{"Id":"ece575c4-cc00-a31d-f3e1-30069d350e99","FullyQualifiedName":"SharpMind.Tests.Quantization.VecDotTests.TestVecDotQ4_0_MultiBlock64_Elements","DisplayName":"SharpMind.Tests.Quantization.VecDotTests.TestVecDotQ4_0_MultiBlock64_Elements","ExecutorUri":"executor://xunit/VsTestRunner3/netcore/","Source":"C:\\Integral2u\\source\\repos\\SharpMind\\SharpMind.Tests\\bin\\Debug\\net10.0\\SharpMind.Tests.dll","CodeFilePath":null,"LineNumber":0,"Properties":[{"Key":{"Id":"TestCase.ManagedType","Label":"ManagedType","Category":"","Description":"","Attributes":1,"ValueType":"System.String"},"Value":"SharpMind.Tests.Quantization.VecDotTests"},{"Key":{"Id":"XunitTestCaseUniqueID","Label":"xUnit.net Test Case Unique ID","Category":"","Description":"","Attributes":0,"ValueType":"System.String"},"Value":"55da6061f8686d8d7de3b11df4de2e03b52863d9"},{"Key":{"Id":"TestCase.ManagedMethod","Label":"ManagedMethod","Category":"","Description":"","Attributes":1,"ValueType":"System.String"},"Value":"TestVecDotQ4_0_MultiBlock64_Elements"},{"Key":{"Id":"XunitTestCaseExplicit","Label":"xUnit.net Test Case Explicit Flag","Category":"","Description":"","Attributes":0,"ValueType":"System.Boolean"},"Value":false}]},"Attachments":[],"Outcome":1,"ErrorMessage":null,"ErrorStackTrace":null,"DisplayName":"SharpMind.Tests.Quantization.VecDotTests.TestVecDotQ4_0_MultiBlock64_Elements(qOps: QuantizationOps23912013 { })","Messages":[],"ComputerName":"LAPTOP-MKMTSO1B","Duration":"00:00:00.0003203","StartTime":"2026-07-20T05:41:50.6367141+00:00","EndTime":"2026-07-20T05:41:50.6368453+00:00","Properties":[]},{"TestCase":{"Id":"ece575c4-cc00-a31d-f3e1-30069d350e99","FullyQualifiedName":"SharpMind.Tests.Quantization.VecDotTests.TestVecDotQ4_0_MultiBlock64_Elements","DisplayName":"SharpMind.Tests.Quantization.VecDotTests.TestVecDotQ4_0_MultiBlock64_Elements","ExecutorUri":"executor://xunit/VsTestRunner3/netcore/","Source":"C:\\Integral2u\\source\\repos\\SharpMind\\SharpMind.Tests\\bin\\Debug\\net10.0\\SharpMind.Tests.dll","CodeFilePath":null,"LineNumber":0,"Properties":[{"Key":{"Id":"TestCase.ManagedType","Label":"ManagedType","Category":"","Description":"","Attributes":1,"ValueType":"System.String"},"Value":"SharpMind.Tests.Quantization.VecDotTests"},{"Key":{"Id":"XunitTestCaseUniqueID","Label":"xUnit.net Test Case Unique ID","Category":"","Description":"","Attributes":0,"ValueType":"System.String"},"Value":"55da6061f8686d8d7de3b11df4de2e03b52863d9"},{"Key":{"Id":"TestCase.ManagedMethod","Label":"ManagedMethod","Category":"","Description":"","Attributes":1,"ValueType":"System.String"},"Value":"TestVecDotQ4_0_MultiBlock64_Elements"},{"Key":{"Id":"XunitTestCaseExplicit","Label":"xUnit.net Test Case Explicit Flag","Category":"","Description":"","Attributes":0,"ValueType":"System.Boolean"},"Value":false}]},"Attachments":[],"Outcome":1,"ErrorMessage":null,"ErrorStackTrace":null,"DisplayName":"SharpMind.Tests.Quantization.VecDotTests.TestVecDotQ4_0_MultiBlock64_Elements(qOps: QuantizationOps27733429 { })","Messages":[],"ComputerName":"LAPTOP-MKMTSO1B","Duration":"00:00:00.0000247","StartTime":"2026-07-20T05:41:50.6372439+00:00","EndTime":"2026-07-20T05:41:50.6373731+00:00","Properties":[]},{"TestCase":{"Id":"ece575c4-cc00-a31d-f3e1-30069d350e99","FullyQualifiedName":"SharpMind.Tests.Quantization.VecDotTests.TestVecDotQ4_0_MultiBlock64_Elements","DisplayName":"SharpMind.Tests.Quantization.VecDotTests.TestVecDotQ4_0_MultiBlock64_Elements","ExecutorUri":"executor://xunit/VsTestRunner3/netcore/","Source":"C:\\Integral2u\\source\\repos\\SharpMind\\SharpMind.Tests\\bin\\Debug\\net10.0\\SharpMind.Tests.dll","CodeFilePath":null,"LineNumber":0,"Properties":[{"Key":{"Id":"TestCase.ManagedType","Label":"ManagedType","Category":"","Description":"","Attributes":1,"ValueType":"System.String"},"Value":"SharpMind.Tests.Quantization.VecDotTests"},{"Key":{"Id":"XunitTestCaseUniqueID","Label":"xUnit.net Test Case Unique ID","Category":"","Description":"","Attributes":0,"ValueType":"System.String"},"Value":"55da6061f8686d8d7de3b11df4de2e03b52863d9"},{"Key":{"Id":"TestCase.ManagedMethod","Label":"ManagedMethod","Category":"","Description":"","Attributes":1,"ValueType":"System.String"},"Value":"TestVecDotQ4_0_MultiBlock64_Elements"},{"Key":{"Id":"XunitTestCaseExplicit","Label":"xUnit.net Test Case Explicit Flag","Category":"","Description":"","Attributes":0,"ValueType":"System.Boolean"},"Value":false}]},"Attachments":[],"Outcome":1,"ErrorMessage":null,"ErrorStackTrace":null,"DisplayName":"SharpMind.Tests.Quantization.VecDotTests.TestVecDotQ4_0_MultiBlock64_Elements(qOps: QuantizationOps39155797 { })","Messages":[],"ComputerName":"LAPTOP-MKMTSO1B","Duration":"00:00:00.0000131","StartTime":"2026-07-20T05:41:50.6379714+00:00","EndTime":"2026-07-20T05:41:50.6423505+00:00","Properties":[]},{"TestCase":{"Id":"f6d1b21a-6779-fd7f-9cd5-3d7a35a4ab09","FullyQualifiedName":"SharpMind.Tests.Quantization.VecDotTests.TestVecDotQ4_0_ValidBlock","DisplayName":"SharpMind.Tests.Quantization.VecDotTests.TestVecDotQ4_0_ValidBlock","ExecutorUri":"executor://xunit/VsTestRunner3/netcore/","Source":"C:\\Integral2u\\source\\repos\\SharpMind\\SharpMind.Tests\\bin\\Debug\\net10.0\\SharpMind.Tests.dll","CodeFilePath":null,"LineNumber":0,"Properties":[{"Key":{"Id":"TestCase.ManagedType","Label":"ManagedType","Category":"","Description":"","Attributes":1,"ValueType":"System.String"},"Value":"SharpMind.Tests.Quantization.VecDotTests"},{"Key":{"Id":"XunitTestCaseUniqueID","Label":"xUnit.net Test Case Unique ID","Category":"","Description":"","Attributes":0,"ValueType":"System.String"},"Value":"5f6b58d168507f9f9b10153e8caf274c6399ad29"},{"Key":{"Id":"TestCase.ManagedMethod","Label":"ManagedMethod","Category":"","Description":"","Attributes":1,"ValueType":"System.String"},"Value":"TestVecDotQ4_0_ValidBlock"},{"Key":{"Id":"XunitTestCaseExplicit","Label":"xUnit.net Test Case Explicit Flag","Category":"","Description":"","Attributes":0,"ValueType":"System.Boolean"},"Value":false}]},"Attachments":[],"Outcome":1,"ErrorMessage":null,"ErrorStackTrace":null,"DisplayName":"SharpMind.Tests.Quantization.VecDotTests.TestVecDotQ4_0_ValidBlock(qOps: QuantizationOps41153804 { })","Messages":[],"ComputerName":"LAPTOP-MKMTSO1B","Duration":"00:00:00.0005199","StartTime":"2026-07-20T05:41:50.6447022+00:00","EndTime":"2026-07-20T05:41:50.6448297+00:00","Properties":[]},{"TestCase":{"Id":"f6d1b21a-6779-fd7f-9cd5-3d7a35a4ab09","FullyQualifiedName":"SharpMind.Tests.Quantization.VecDotTests.TestVecDotQ4_0_ValidBlock","DisplayName":"SharpMind.Tests.Quantization.VecDotTests.TestVecDotQ4_0_ValidBlock","ExecutorUri":"executor://xunit/VsTestRunner3/netcore/","Source":"C:\\Integral2u\\source\\repos\\SharpMind\\SharpMind.Tests\\bin\\Debug\\net10.0\\SharpMind.Tests.dll","CodeFilePath":null,"LineNumber":0,"Properties":[{"Key":{"Id":"TestCase.ManagedType","Label":"ManagedType","Category":"","Description":"","Attributes":1,"ValueType":"System.String"},"Value":"SharpMind.Tests.Quantization.VecDotTests"},{"Key":{"Id":"XunitTestCaseUniqueID","Label":"xUnit.net Test Case Unique ID","Category":"","Description":"","Attributes":0,"ValueType":"System.String"},"Value":"5f6b58d168507f9f9b10153e8caf274c6399ad29"},{"Key":{"Id":"TestCase.ManagedMethod","Label":"ManagedMethod","Category":"","Description":"","Attributes":1,"ValueType":"System.String"},"Value":"TestVecDotQ4_0_ValidBlock"},{"Key":{"Id":"XunitTestCaseExplicit","Label":"xUnit.net Test Case Explicit Flag","Category":"","Description":"","Attributes":0,"ValueType":"System.Boolean"},"Value":false}]},"Attachments":[],"Outcome":1,"ErrorMessage":null,"ErrorStackTrace":null,"DisplayName":"SharpMind.Tests.Quantization.VecDotTests.TestVecDotQ4_0_ValidBlock(qOps: QuantizationOps23912013 { })","Messages":[],"ComputerName":"LAPTOP-MKMTSO1B","Duration":"00:00:00.0050143","StartTime":"2026-07-20T05:41:50.6450719+00:00","EndTime":"2026-07-20T05:41:50.6451862+00:00","Properties":[]},{"TestCase":{"Id":"f6d1b21a-6779-fd7f-9cd5-3d7a35a4ab09","FullyQualifiedName":"SharpMind.Tests.Quantization.VecDotTests.TestVecDotQ4_0_ValidBlock","DisplayName":"SharpMind.Tests.Quantization.VecDotTests.TestVecDotQ4_0_ValidBlock","ExecutorUri":"executor://xunit/VsTestRunner3/netcore/","Source":"C:\\Integral2u\\source\\repos\\SharpMind\\SharpMind.Tests\\bin\\Debug\\net10.0\\SharpMind.Tests.dll","CodeFilePath":null,"LineNumber":0,"Properties":[{"Key":{"Id":"TestCase.ManagedType","Label":"ManagedType","Category":"","Description":"","Attributes":1,"ValueType":"System.String"},"Value":"SharpMind.Tests.Quantization.VecDotTests"},{"Key":{"Id":"XunitTestCaseUniqueID","Label":"xUnit.net Test Case Unique ID","Category":"","Description":"","Attributes":0,"ValueType":"System.String"},"Value":"5f6b58d168507f9f9b10153e8caf274c6399ad29"},{"Key":{"Id":"TestCase.ManagedMethod","Label":"ManagedMethod","Category":"","Description":"","Attributes":1,"ValueType":"System.String"},"Value":"TestVecDotQ4_0_ValidBlock"},{"Key":{"Id":"XunitTestCaseExplicit","Label":"xUnit.net Test Case Explicit Flag","Category":"","Description":"","Attributes":0,"ValueType":"System.Boolean"},"Value":false}]},"Attachments":[],"Outcome":1,"ErrorMessage":null,"ErrorStackTrace":null,"DisplayName":"SharpMind.Tests.Quantization.VecDotTests.TestVecDotQ4_0_ValidBlock(qOps: QuantizationOps27733429 { })","Messages":[],"ComputerName":"LAPTOP-MKMTSO1B","Duration":"00:00:00.0000193","StartTime":"2026-07-20T05:41:50.6454654+00:00","EndTime":"2026-07-20T05:41:50.6455648+00:00","Properties":[]},{"TestCase":{"Id":"f6d1b21a-6779-fd7f-9cd5-3d7a35a4ab09","FullyQualifiedName":"SharpMind.Tests.Quantization.VecDotTests.TestVecDotQ4_0_ValidBlock","DisplayName":"SharpMind.Tests.Quantization.VecDotTests.TestVecDotQ4_0_ValidBlock","ExecutorUri":"executor://xunit/VsTestRunner3/netcore/","Source":"C:\\Integral2u\\source\\repos\\SharpMind\\SharpMind.Tests\\bin\\Debug\\net10.0\\SharpMind.Tests.dll","CodeFilePath":null,"LineNumber":0,"Properties":[{"Key":{"Id":"TestCase.ManagedType","Label":"ManagedType","Category":"","Description":"","Attributes":1,"ValueType":"System.String"},"Value":"SharpMind.Tests.Quantization.VecDotTests"},{"Key":{"Id":"XunitTestCaseUniqueID","Label":"xUnit.net Test Case Unique ID","Category":"","Description":"","Attributes":0,"ValueType":"System.String"},"Value":"5f6b58d168507f9f9b10153e8caf274c6399ad29"},{"Key":{"Id":"TestCase.ManagedMethod","Label":"ManagedMethod","Category":"","Description":"","Attributes":1,"ValueType":"System.String"},"Value":"TestVecDotQ4_0_ValidBlock"},{"Key":{"Id":"XunitTestCaseExplicit","Label":"xUnit.net Test Case Explicit Flag","Category":"","Description":"","Attributes":0,"ValueType":"System.Boolean"},"Value":false}]},"Attachments":[],"Outcome":1,"ErrorMessage":null,"ErrorStackTrace":null,"DisplayName":"SharpMind.Tests.Quantization.VecDotTests.TestVecDotQ4_0_ValidBlock(qOps: QuantizationOps39155797 { })","Messages":[],"ComputerName":"LAPTOP-MKMTSO1B","Duration":"00:00:00.0000046","StartTime":"2026-07-20T05:41:50.6458467+00:00","EndTime":"2026-07-20T05:41:50.6459434+00:00","Properties":[]},{"TestCase":{"Id":"08c11999-3937-5f34-db60-f4dbec29cee9","FullyQualifiedName":"SharpMind.Tests.Quantization.VecDotTests.TestVecDotQ5_0_ValidBlock","DisplayName":"SharpMind.Tests.Quantization.VecDotTests.TestVecDotQ5_0_ValidBlock","ExecutorUri":"executor://xunit/VsTestRunner3/netcore/","Source":"C:\\Integral2u\\source\\repos\\SharpMind\\SharpMind.Tests\\bin\\Debug\\net10.0\\SharpMind.Tests.dll","CodeFilePath":null,"LineNumber":0,"Properties":[{"Key":{"Id":"TestCase.ManagedType","Label":"ManagedType","Category":"","Description":"","Attributes":1,"ValueType":"System.String"},"Value":"SharpMind.Tests.Quantization.VecDotTests"},{"Key":{"Id":"XunitTestCaseUniqueID","Label":"xUnit.net Test Case Unique ID","Category":"","Description":"","Attributes":0,"ValueType":"System.String"},"Value":"620e4b0150d12643d4760b65e0f6f556f4cb7ef1"},{"Key":{"Id":"TestCase.ManagedMethod","Label":"ManagedMethod","Category":"","Description":"","Attributes":1,"ValueType":"System.String"},"Value":"TestVecDotQ5_0_ValidBlock"},{"Key":{"Id":"XunitTestCaseExplicit","Label":"xUnit.net Test Case Explicit Flag","Category":"","Description":"","Attributes":0,"ValueType":"System.Boolean"},"Value":false}]},"Attachments":[],"Outcome":1,"ErrorMessage":null,"ErrorStackTrace":null,"DisplayName":"SharpMind.Tests.Quantization.VecDotTests.TestVecDotQ5_0_ValidBlock(qOps: QuantizationOps41153804 { })","Messages":[],"ComputerName":"LAPTOP-MKMTSO1B","Duration":"00:00:00.0009221","StartTime":"2026-07-20T05:41:50.6466475+00:00","EndTime":"2026-07-20T05:41:50.6467778+00:00","Properties":[]},{"TestCase":{"Id":"08c11999-3937-5f34-db60-f4dbec29cee9","FullyQualifiedName":"SharpMind.Tests.Quantization.VecDotTests.TestVecDotQ5_0_ValidBlock","DisplayName":"SharpMind.Tests.Quantization.VecDotTests.TestVecDotQ5_0_ValidBlock","ExecutorUri":"executor://xunit/VsTestRunner3/netcore/","Source":"C:\\Integral2u\\source\\repos\\SharpMind\\SharpMind.Tests\\bin\\Debug\\net10.0\\SharpMind.Tests.dll","CodeFilePath":null,"LineNumber":0,"Properties":[{"Key":{"Id":"TestCase.ManagedType","Label":"ManagedType","Category":"","Description":"","Attributes":1,"ValueType":"System.String"},"Value":"SharpMind.Tests.Quantization.VecDotTests"},{"Key":{"Id":"XunitTestCaseUniqueID","Label":"xUnit.net Test Case Unique ID","Category":"","Description":"","Attributes":0,"ValueType":"System.String"},"Value":"620e4b0150d12643d4760b65e0f6f556f4cb7ef1"},{"Key":{"Id":"TestCase.ManagedMethod","Label":"ManagedMethod","Category":"","Description":"","Attributes":1,"ValueType":"System.String"},"Value":"TestVecDotQ5_0_ValidBlock"},{"Key":{"Id":"XunitTestCaseExplicit","Label":"xUnit.net Test Case Explicit Flag","Category":"","Description":"","Attributes":0,"ValueType":"System.Boolean"},"Value":false}]},"Attachments":[],"Outcome":1,"ErrorMessage":null,"ErrorStackTrace":null,"DisplayName":"SharpMind.Tests.Quantization.VecDotTests.TestVecDotQ5_0_ValidBlock(qOps: QuantizationOps23912013 { })","Messages":[],"ComputerName":"LAPTOP-MKMTSO1B","Duration":"00:00:00.0005429","StartTime":"2026-07-20T05:41:50.6470324+00:00","EndTime":"2026-07-20T05:41:50.6471495+00:00","Properties":[]}],"TestRunStatistics":{"ExecutedTests":214,"Stats":{"Passed":214}},"ActiveTests":[]}}
TpTrace Verbose: 0 : 15992, 10, 2026/07/20, 17:41:50.653, 374995279360, vstest.console.dll, TestRunRequest:SendTestRunStatsChange: Starting.
TpTrace Verbose: 0 : 15992, 10, 2026/07/20, 17:41:50.653, 374995280962, vstest.console.dll, MulticastDelegateUtilities.SafeInvoke: TestRun.RunStatsChanged: Invoking callbacks was skipped because there are no subscribers.
TpTrace Information: 0 : 15992, 10, 2026/07/20, 17:41:50.653, 374995281415, vstest.console.dll, TestRunRequest:SendTestRunStatsChange: Completed.
TpTrace Verbose: 0 : 15992, 4, 2026/07/20, 17:41:50.653, 374995281611, vstest.console.dll, MulticastDelegateUtilities.SafeInvoke: InternalTestLoggerEvents.SendTestResult: Invoking callback 1/1 for Microsoft.VisualStudio.TestPlatform.CommandLine.Internal.ConsoleLogger., took 0 ms.
TpTrace Verbose: 0 : 15992, 10, 2026/07/20, 17:41:50.653, 374995281970, vstest.console.dll, MulticastDelegateUtilities.SafeInvoke: LengthPrefixCommunicationChannel: MessageReceived: Invoking callback 1/1 for Microsoft.VisualStudio.TestPlatform.CommunicationUtilities.TestRequestSender+<>c__DisplayClass34_0., took 4 ms.
TpTrace Verbose: 0 : 15992, 4, 2026/07/20, 17:41:50.653, 374995282725, vstest.console.dll, MulticastDelegateUtilities.SafeInvoke: InternalTestLoggerEvents.SendTestResult: Invoking callback 1/1 for Microsoft.VisualStudio.TestPlatform.CommandLine.Internal.ConsoleLogger., took 0 ms.
TpTrace Verbose: 0 : 15992, 10, 2026/07/20, 17:41:50.653, 374995282980, vstest.console.dll, TcpClientExtensions.MessageLoopAsync: Polling on remoteEndPoint: 127.0.0.1:55740 localEndPoint: 127.0.0.1:55739 after 15 ms
TpTrace Verbose: 0 : 15992, 4, 2026/07/20, 17:41:50.653, 374995283713, vstest.console.dll, MulticastDelegateUtilities.SafeInvoke: InternalTestLoggerEvents.SendTestResult: Invoking callback 1/1 for Microsoft.VisualStudio.TestPlatform.CommandLine.Internal.ConsoleLogger., took 0 ms.
TpTrace Verbose: 0 : 15992, 4, 2026/07/20, 17:41:50.654, 374995284492, vstest.console.dll, MulticastDelegateUtilities.SafeInvoke: InternalTestLoggerEvents.SendTestResult: Invoking callback 1/1 for Microsoft.VisualStudio.TestPlatform.CommandLine.Internal.ConsoleLogger., took 0 ms.
TpTrace Verbose: 0 : 15992, 4, 2026/07/20, 17:41:50.654, 374995285177, vstest.console.dll, MulticastDelegateUtilities.SafeInvoke: InternalTestLoggerEvents.SendTestResult: Invoking callback 1/1 for Microsoft.VisualStudio.TestPlatform.CommandLine.Internal.ConsoleLogger., took 0 ms.
TpTrace Verbose: 0 : 15992, 4, 2026/07/20, 17:41:50.654, 374995285969, vstest.console.dll, MulticastDelegateUtilities.SafeInvoke: InternalTestLoggerEvents.SendTestResult: Invoking callback 1/1 for Microsoft.VisualStudio.TestPlatform.CommandLine.Internal.ConsoleLogger., took 0 ms.
TpTrace Verbose: 0 : 15992, 4, 2026/07/20, 17:41:50.654, 374995286732, vstest.console.dll, MulticastDelegateUtilities.SafeInvoke: InternalTestLoggerEvents.SendTestResult: Invoking callback 1/1 for Microsoft.VisualStudio.TestPlatform.CommandLine.Internal.ConsoleLogger., took 0 ms.
TpTrace Verbose: 0 : 15992, 4, 2026/07/20, 17:41:50.654, 374995287464, vstest.console.dll, MulticastDelegateUtilities.SafeInvoke: InternalTestLoggerEvents.SendTestResult: Invoking callback 1/1 for Microsoft.VisualStudio.TestPlatform.CommandLine.Internal.ConsoleLogger., took 0 ms.
TpTrace Verbose: 0 : 15992, 4, 2026/07/20, 17:41:50.654, 374995289725, vstest.console.dll, MulticastDelegateUtilities.SafeInvoke: InternalTestLoggerEvents.SendTestResult: Invoking callback 1/1 for Microsoft.VisualStudio.TestPlatform.CommandLine.Internal.ConsoleLogger., took 0 ms.
TpTrace Verbose: 0 : 15992, 4, 2026/07/20, 17:41:50.654, 374995291946, vstest.console.dll, MulticastDelegateUtilities.SafeInvoke: InternalTestLoggerEvents.SendTestResult: Invoking callback 1/1 for Microsoft.VisualStudio.TestPlatform.CommandLine.Internal.ConsoleLogger., took 0 ms.
TpTrace Verbose: 0 : 15992, 10, 2026/07/20, 17:41:50.661, 374995360434, vstest.console.dll, TcpClientExtensions.MessageLoopAsync: NotifyDataAvailable remoteEndPoint: 127.0.0.1:55740 localEndPoint: 127.0.0.1:55739
TpTrace Verbose: 0 : 15992, 10, 2026/07/20, 17:41:50.661, 374995363896, vstest.console.dll, TestRequestSender.OnExecutionMessageReceived: Received message: {"Version":7,"MessageType":"TestExecution.StatsChange","Payload":{"NewTestResults":[{"TestCase":{"Id":"08c11999-3937-5f34-db60-f4dbec29cee9","FullyQualifiedName":"SharpMind.Tests.Quantization.VecDotTests.TestVecDotQ5_0_ValidBlock","DisplayName":"SharpMind.Tests.Quantization.VecDotTests.TestVecDotQ5_0_ValidBlock","ExecutorUri":"executor://xunit/VsTestRunner3/netcore/","Source":"C:\\Integral2u\\source\\repos\\SharpMind\\SharpMind.Tests\\bin\\Debug\\net10.0\\SharpMind.Tests.dll","CodeFilePath":null,"LineNumber":0,"Properties":[{"Key":{"Id":"TestCase.ManagedType","Label":"ManagedType","Category":"","Description":"","Attributes":1,"ValueType":"System.String"},"Value":"SharpMind.Tests.Quantization.VecDotTests"},{"Key":{"Id":"XunitTestCaseUniqueID","Label":"xUnit.net Test Case Unique ID","Category":"","Description":"","Attributes":0,"ValueType":"System.String"},"Value":"620e4b0150d12643d4760b65e0f6f556f4cb7ef1"},{"Key":{"Id":"TestCase.ManagedMethod","Label":"ManagedMethod","Category":"","Description":"","Attributes":1,"ValueType":"System.String"},"Value":"TestVecDotQ5_0_ValidBlock"},{"Key":{"Id":"XunitTestCaseExplicit","Label":"xUnit.net Test Case Explicit Flag","Category":"","Description":"","Attributes":0,"ValueType":"System.Boolean"},"Value":false}]},"Attachments":[],"Outcome":1,"ErrorMessage":null,"ErrorStackTrace":null,"DisplayName":"SharpMind.Tests.Quantization.VecDotTests.TestVecDotQ5_0_ValidBlock(qOps: QuantizationOps27733429 { })","Messages":[],"ComputerName":"LAPTOP-MKMTSO1B","Duration":"00:00:00.0001310","StartTime":"2026-07-20T05:41:50.6496177+00:00","EndTime":"2026-07-20T05:41:50.6497623+00:00","Properties":[]},{"TestCase":{"Id":"08c11999-3937-5f34-db60-f4dbec29cee9","FullyQualifiedName":"SharpMind.Tests.Quantization.VecDotTests.TestVecDotQ5_0_ValidBlock","DisplayName":"SharpMind.Tests.Quantization.VecDotTests.TestVecDotQ5_0_ValidBlock","ExecutorUri":"executor://xunit/VsTestRunner3/netcore/","Source":"C:\\Integral2u\\source\\repos\\SharpMind\\SharpMind.Tests\\bin\\Debug\\net10.0\\SharpMind.Tests.dll","CodeFilePath":null,"LineNumber":0,"Properties":[{"Key":{"Id":"TestCase.ManagedType","Label":"ManagedType","Category":"","Description":"","Attributes":1,"ValueType":"System.String"},"Value":"SharpMind.Tests.Quantization.VecDotTests"},{"Key":{"Id":"XunitTestCaseUniqueID","Label":"xUnit.net Test Case Unique ID","Category":"","Description":"","Attributes":0,"ValueType":"System.String"},"Value":"620e4b0150d12643d4760b65e0f6f556f4cb7ef1"},{"Key":{"Id":"TestCase.ManagedMethod","Label":"ManagedMethod","Category":"","Description":"","Attributes":1,"ValueType":"System.String"},"Value":"TestVecDotQ5_0_ValidBlock"},{"Key":{"Id":"XunitTestCaseExplicit","Label":"xUnit.net Test Case Explicit Flag","Category":"","Description":"","Attributes":0,"ValueType":"System.Boolean"},"Value":false}]},"Attachments":[],"Outcome":1,"ErrorMessage":null,"ErrorStackTrace":null,"DisplayName":"SharpMind.Tests.Quantization.VecDotTests.TestVecDotQ5_0_ValidBlock(qOps: QuantizationOps39155797 { })","Messages":[],"ComputerName":"LAPTOP-MKMTSO1B","Duration":"00:00:00.0001375","StartTime":"2026-07-20T05:41:50.650165+00:00","EndTime":"2026-07-20T05:41:50.6502965+00:00","Properties":[]},{"TestCase":{"Id":"7ffb84c6-da41-fccb-f77b-87880f806c1c","FullyQualifiedName":"SharpMind.Tests.Quantization.VecDotTests.TestVecDotQ8_1_ValidBlock","DisplayName":"SharpMind.Tests.Quantization.VecDotTests.TestVecDotQ8_1_ValidBlock","ExecutorUri":"executor://xunit/VsTestRunner3/netcore/","Source":"C:\\Integral2u\\source\\repos\\SharpMind\\SharpMind.Tests\\bin\\Debug\\net10.0\\SharpMind.Tests.dll","CodeFilePath":null,"LineNumber":0,"Properties":[{"Key":{"Id":"TestCase.ManagedType","Label":"ManagedType","Category":"","Description":"","Attributes":1,"ValueType":"System.String"},"Value":"SharpMind.Tests.Quantization.VecDotTests"},{"Key":{"Id":"XunitTestCaseUniqueID","Label":"xUnit.net Test Case Unique ID","Category":"","Description":"","Attributes":0,"ValueType":"System.String"},"Value":"7071477a717f760c3683edfa410dca270db8c640"},{"Key":{"Id":"TestCase.ManagedMethod","Label":"ManagedMethod","Category":"","Description":"","Attributes":1,"ValueType":"System.String"},"Value":"TestVecDotQ8_1_ValidBlock"},{"Key":{"Id":"XunitTestCaseExplicit","Label":"xUnit.net Test Case Explicit Flag","Category":"","Description":"","Attributes":0,"ValueType":"System.Boolean"},"Value":false}]},"Attachments":[],"Outcome":1,"ErrorMessage":null,"ErrorStackTrace":null,"DisplayName":"SharpMind.Tests.Quantization.VecDotTests.TestVecDotQ8_1_ValidBlock(qOps: QuantizationOps41153804 { })","Messages":[],"ComputerName":"LAPTOP-MKMTSO1B","Duration":"00:00:00.0009947","StartTime":"2026-07-20T05:41:50.6510756+00:00","EndTime":"2026-07-20T05:41:50.6522465+00:00","Properties":[]},{"TestCase":{"Id":"7ffb84c6-da41-fccb-f77b-87880f806c1c","FullyQualifiedName":"SharpMind.Tests.Quantization.VecDotTests.TestVecDotQ8_1_ValidBlock","DisplayName":"SharpMind.Tests.Quantization.VecDotTests.TestVecDotQ8_1_ValidBlock","ExecutorUri":"executor://xunit/VsTestRunner3/netcore/","Source":"C:\\Integral2u\\source\\repos\\SharpMind\\SharpMind.Tests\\bin\\Debug\\net10.0\\SharpMind.Tests.dll","CodeFilePath":null,"LineNumber":0,"Properties":[{"Key":{"Id":"TestCase.ManagedType","Label":"ManagedType","Category":"","Description":"","Attributes":1,"ValueType":"System.String"},"Value":"SharpMind.Tests.Quantization.VecDotTests"},{"Key":{"Id":"XunitTestCaseUniqueID","Label":"xUnit.net Test Case Unique ID","Category":"","Description":"","Attributes":0,"ValueType":"System.String"},"Value":"7071477a717f760c3683edfa410dca270db8c640"},{"Key":{"Id":"TestCase.ManagedMethod","Label":"ManagedMethod","Category":"","Description":"","Attributes":1,"ValueType":"System.String"},"Value":"TestVecDotQ8_1_ValidBlock"},{"Key":{"Id":"XunitTestCaseExplicit","Label":"xUnit.net Test Case Explicit Flag","Category":"","Description":"","Attributes":0,"ValueType":"System.Boolean"},"Value":false}]},"Attachments":[],"Outcome":1,"ErrorMessage":null,"ErrorStackTrace":null,"DisplayName":"SharpMind.Tests.Quantization.VecDotTests.TestVecDotQ8_1_ValidBlock(qOps: QuantizationOps23912013 { })","Messages":[],"ComputerName":"LAPTOP-MKMTSO1B","Duration":"00:00:00.0011056","StartTime":"2026-07-20T05:41:50.6526468+00:00","EndTime":"2026-07-20T05:41:50.6527702+00:00","Properties":[]},{"TestCase":{"Id":"7ffb84c6-da41-fccb-f77b-87880f806c1c","FullyQualifiedName":"SharpMind.Tests.Quantization.VecDotTests.TestVecDotQ8_1_ValidBlock","DisplayName":"SharpMind.Tests.Quantization.VecDotTests.TestVecDotQ8_1_ValidBlock","ExecutorUri":"executor://xunit/VsTestRunner3/netcore/","Source":"C:\\Integral2u\\source\\repos\\SharpMind\\SharpMind.Tests\\bin\\Debug\\net10.0\\SharpMind.Tests.dll","CodeFilePath":null,"LineNumber":0,"Properties":[{"Key":{"Id":"TestCase.ManagedType","Label":"ManagedType","Category":"","Description":"","Attributes":1,"ValueType":"System.String"},"Value":"SharpMind.Tests.Quantization.VecDotTests"},{"Key":{"Id":"XunitTestCaseUniqueID","Label":"xUnit.net Test Case Unique ID","Category":"","Description":"","Attributes":0,"ValueType":"System.String"},"Value":"7071477a717f760c3683edfa410dca270db8c640"},{"Key":{"Id":"TestCase.ManagedMethod","Label":"ManagedMethod","Category":"","Description":"","Attributes":1,"ValueType":"System.String"},"Value":"TestVecDotQ8_1_ValidBlock"},{"Key":{"Id":"XunitTestCaseExplicit","Label":"xUnit.net Test Case Explicit Flag","Category":"","Description":"","Attributes":0,"ValueType":"System.Boolean"},"Value":false}]},"Attachments":[],"Outcome":1,"ErrorMessage":null,"ErrorStackTrace":null,"DisplayName":"SharpMind.Tests.Quantization.VecDotTests.TestVecDotQ8_1_ValidBlock(qOps: QuantizationOps27733429 { })","Messages":[],"ComputerName":"LAPTOP-MKMTSO1B","Duration":"00:00:00.0009246","StartTime":"2026-07-20T05:41:50.6531069+00:00","EndTime":"2026-07-20T05:41:50.6532095+00:00","Properties":[]},{"TestCase":{"Id":"7ffb84c6-da41-fccb-f77b-87880f806c1c","FullyQualifiedName":"SharpMind.Tests.Quantization.VecDotTests.TestVecDotQ8_1_ValidBlock","DisplayName":"SharpMind.Tests.Quantization.VecDotTests.TestVecDotQ8_1_ValidBlock","ExecutorUri":"executor://xunit/VsTestRunner3/netcore/","Source":"C:\\Integral2u\\source\\repos\\SharpMind\\SharpMind.Tests\\bin\\Debug\\net10.0\\SharpMind.Tests.dll","CodeFilePath":null,"LineNumber":0,"Properties":[{"Key":{"Id":"TestCase.ManagedType","Label":"ManagedType","Category":"","Description":"","Attributes":1,"ValueType":"System.String"},"Value":"SharpMind.Tests.Quantization.VecDotTests"},{"Key":{"Id":"XunitTestCaseUniqueID","Label":"xUnit.net Test Case Unique ID","Category":"","Description":"","Attributes":0,"ValueType":"System.String"},"Value":"7071477a717f760c3683edfa410dca270db8c640"},{"Key":{"Id":"TestCase.ManagedMethod","Label":"ManagedMethod","Category":"","Description":"","Attributes":1,"ValueType":"System.String"},"Value":"TestVecDotQ8_1_ValidBlock"},{"Key":{"Id":"XunitTestCaseExplicit","Label":"xUnit.net Test Case Explicit Flag","Category":"","Description":"","Attributes":0,"ValueType":"System.Boolean"},"Value":false}]},"Attachments":[],"Outcome":1,"ErrorMessage":null,"ErrorStackTrace":null,"DisplayName":"SharpMind.Tests.Quantization.VecDotTests.TestVecDotQ8_1_ValidBlock(qOps: QuantizationOps39155797 { })","Messages":[],"ComputerName":"LAPTOP-MKMTSO1B","Duration":"00:00:00.0008702","StartTime":"2026-07-20T05:41:50.6535349+00:00","EndTime":"2026-07-20T05:41:50.6540267+00:00","Properties":[]},{"TestCase":{"Id":"0181f6f3-6efe-e093-e6c8-9e8a71514ac6","FullyQualifiedName":"SharpMind.Tests.Quantization.VecDotTests.TestVecDotQ3K_ValidBlock","DisplayName":"SharpMind.Tests.Quantization.VecDotTests.TestVecDotQ3K_ValidBlock","ExecutorUri":"executor://xunit/VsTestRunner3/netcore/","Source":"C:\\Integral2u\\source\\repos\\SharpMind\\SharpMind.Tests\\bin\\Debug\\net10.0\\SharpMind.Tests.dll","CodeFilePath":null,"LineNumber":0,"Properties":[{"Key":{"Id":"TestCase.ManagedType","Label":"ManagedType","Category":"","Description":"","Attributes":1,"ValueType":"System.String"},"Value":"SharpMind.Tests.Quantization.VecDotTests"},{"Key":{"Id":"XunitTestCaseUniqueID","Label":"xUnit.net Test Case Unique ID","Category":"","Description":"","Attributes":0,"ValueType":"System.String"},"Value":"7a760a2f2b25da0fb19d982b59df01d2c059e4f0"},{"Key":{"Id":"TestCase.ManagedMethod","Label":"ManagedMethod","Category":"","Description":"","Attributes":1,"ValueType":"System.String"},"Value":"TestVecDotQ3K_ValidBlock"},{"Key":{"Id":"XunitTestCaseExplicit","Label":"xUnit.net Test Case Explicit Flag","Category":"","Description":"","Attributes":0,"ValueType":"System.Boolean"},"Value":false}]},"Attachments":[],"Outcome":1,"ErrorMessage":null,"ErrorStackTrace":null,"DisplayName":"SharpMind.Tests.Quantization.VecDotTests.TestVecDotQ3K_ValidBlock(qOps: QuantizationOps41153804 { })","Messages":[],"ComputerName":"LAPTOP-MKMTSO1B","Duration":"00:00:00.0029807","StartTime":"2026-07-20T05:41:50.655716+00:00","EndTime":"2026-07-20T05:41:50.6560392+00:00","Properties":[]},{"TestCase":{"Id":"0181f6f3-6efe-e093-e6c8-9e8a71514ac6","FullyQualifiedName":"SharpMind.Tests.Quantization.VecDotTests.TestVecDotQ3K_ValidBlock","DisplayName":"SharpMind.Tests.Quantization.VecDotTests.TestVecDotQ3K_ValidBlock","ExecutorUri":"executor://xunit/VsTestRunner3/netcore/","Source":"C:\\Integral2u\\source\\repos\\SharpMind\\SharpMind.Tests\\bin\\Debug\\net10.0\\SharpMind.Tests.dll","CodeFilePath":null,"LineNumber":0,"Properties":[{"Key":{"Id":"TestCase.ManagedType","Label":"ManagedType","Category":"","Description":"","Attributes":1,"ValueType":"System.String"},"Value":"SharpMind.Tests.Quantization.VecDotTests"},{"Key":{"Id":"XunitTestCaseUniqueID","Label":"xUnit.net Test Case Unique ID","Category":"","Description":"","Attributes":0,"ValueType":"System.String"},"Value":"7a760a2f2b25da0fb19d982b59df01d2c059e4f0"},{"Key":{"Id":"TestCase.ManagedMethod","Label":"ManagedMethod","Category":"","Description":"","Attributes":1,"ValueType":"System.String"},"Value":"TestVecDotQ3K_ValidBlock"},{"Key":{"Id":"XunitTestCaseExplicit","Label":"xUnit.net Test Case Explicit Flag","Category":"","Description":"","Attributes":0,"ValueType":"System.Boolean"},"Value":false}]},"Attachments":[],"Outcome":1,"ErrorMessage":null,"ErrorStackTrace":null,"DisplayName":"SharpMind.Tests.Quantization.VecDotTests.TestVecDotQ3K_ValidBlock(qOps: QuantizationOps23912013 { })","Messages":[],"ComputerName":"LAPTOP-MKMTSO1B","Duration":"00:00:00.0005264","StartTime":"2026-07-20T05:41:50.6565314+00:00","EndTime":"2026-07-20T05:41:50.6567022+00:00","Properties":[]},{"TestCase":{"Id":"0181f6f3-6efe-e093-e6c8-9e8a71514ac6","FullyQualifiedName":"SharpMind.Tests.Quantization.VecDotTests.TestVecDotQ3K_ValidBlock","DisplayName":"SharpMind.Tests.Quantization.VecDotTests.TestVecDotQ3K_ValidBlock","ExecutorUri":"executor://xunit/VsTestRunner3/netcore/","Source":"C:\\Integral2u\\source\\repos\\SharpMind\\SharpMind.Tests\\bin\\Debug\\net10.0\\SharpMind.Tests.dll","CodeFilePath":null,"LineNumber":0,"Properties":[{"Key":{"Id":"TestCase.ManagedType","Label":"ManagedType","Category":"","Description":"","Attributes":1,"ValueType":"System.String"},"Value":"SharpMind.Tests.Quantization.VecDotTests"},{"Key":{"Id":"XunitTestCaseUniqueID","Label":"xUnit.net Test Case Unique ID","Category":"","Description":"","Attributes":0,"ValueType":"System.String"},"Value":"7a760a2f2b25da0fb19d982b59df01d2c059e4f0"},{"Key":{"Id":"TestCase.ManagedMethod","Label":"ManagedMethod","Category":"","Description":"","Attributes":1,"ValueType":"System.String"},"Value":"TestVecDotQ3K_ValidBlock"},{"Key":{"Id":"XunitTestCaseExplicit","Label":"xUnit.net Test Case Explicit Flag","Category":"","Description":"","Attributes":0,"ValueType":"System.Boolean"},"Value":false}]},"Attachments":[],"Outcome":1,"ErrorMessage":null,"ErrorStackTrace":null,"DisplayName":"SharpMind.Tests.Quantization.VecDotTests.TestVecDotQ3K_ValidBlock(qOps: QuantizationOps27733429 { })","Messages":[],"ComputerName":"LAPTOP-MKMTSO1B","Duration":"00:00:00.0027196","StartTime":"2026-07-20T05:41:50.6570493+00:00","EndTime":"2026-07-20T05:41:50.6572142+00:00","Properties":[]},{"TestCase":{"Id":"0181f6f3-6efe-e093-e6c8-9e8a71514ac6","FullyQualifiedName":"SharpMind.Tests.Quantization.VecDotTests.TestVecDotQ3K_ValidBlock","DisplayName":"SharpMind.Tests.Quantization.VecDotTests.TestVecDotQ3K_ValidBlock","ExecutorUri":"executor://xunit/VsTestRunner3/netcore/","Source":"C:\\Integral2u\\source\\repos\\SharpMind\\SharpMind.Tests\\bin\\Debug\\net10.0\\SharpMind.Tests.dll","CodeFilePath":null,"LineNumber":0,"Properties":[{"Key":{"Id":"TestCase.ManagedType","Label":"ManagedType","Category":"","Description":"","Attributes":1,"ValueType":"System.String"},"Value":"SharpMind.Tests.Quantization.VecDotTests"},{"Key":{"Id":"XunitTestCaseUniqueID","Label":"xUnit.net Test Case Unique ID","Category":"","Description":"","Attributes":0,"ValueType":"System.String"},"Value":"7a760a2f2b25da0fb19d982b59df01d2c059e4f0"},{"Key":{"Id":"TestCase.ManagedMethod","Label":"ManagedMethod","Category":"","Description":"","Attributes":1,"ValueType":"System.String"},"Value":"TestVecDotQ3K_ValidBlock"},{"Key":{"Id":"XunitTestCaseExplicit","Label":"xUnit.net Test Case Explicit Flag","Category":"","Description":"","Attributes":0,"ValueType":"System.Boolean"},"Value":false}]},"Attachments":[],"Outcome":1,"ErrorMessage":null,"ErrorStackTrace":null,"DisplayName":"SharpMind.Tests.Quantization.VecDotTests.TestVecDotQ3K_ValidBlock(qOps: QuantizationOps39155797 { })","Messages":[],"ComputerName":"LAPTOP-MKMTSO1B","Duration":"00:00:00.0021386","StartTime":"2026-07-20T05:41:50.6575664+00:00","EndTime":"2026-07-20T05:41:50.6594461+00:00","Properties":[]}],"TestRunStatistics":{"ExecutedTests":224,"Stats":{"Passed":224}},"ActiveTests":[]}}
TpTrace Verbose: 0 : 15992, 10, 2026/07/20, 17:41:50.663, 374995383679, vstest.console.dll, TestRunRequest:SendTestRunStatsChange: Starting.
TpTrace Verbose: 0 : 15992, 10, 2026/07/20, 17:41:50.664, 374995384793, vstest.console.dll, MulticastDelegateUtilities.SafeInvoke: TestRun.RunStatsChanged: Invoking callbacks was skipped because there are no subscribers.
TpTrace Information: 0 : 15992, 10, 2026/07/20, 17:41:50.664, 374995385254, vstest.console.dll, TestRunRequest:SendTestRunStatsChange: Completed.
TpTrace Verbose: 0 : 15992, 10, 2026/07/20, 17:41:50.664, 374995385853, vstest.console.dll, MulticastDelegateUtilities.SafeInvoke: LengthPrefixCommunicationChannel: MessageReceived: Invoking callback 1/1 for Microsoft.VisualStudio.TestPlatform.CommunicationUtilities.TestRequestSender+<>c__DisplayClass34_0., took 2 ms.
TpTrace Verbose: 0 : 15992, 4, 2026/07/20, 17:41:50.664, 374995385357, vstest.console.dll, MulticastDelegateUtilities.SafeInvoke: InternalTestLoggerEvents.SendTestResult: Invoking callback 1/1 for Microsoft.VisualStudio.TestPlatform.CommandLine.Internal.ConsoleLogger., took 0 ms.
TpTrace Verbose: 0 : 15992, 10, 2026/07/20, 17:41:50.664, 374995386445, vstest.console.dll, TcpClientExtensions.MessageLoopAsync: Polling on remoteEndPoint: 127.0.0.1:55740 localEndPoint: 127.0.0.1:55739 after 10 ms
TpTrace Verbose: 0 : 15992, 4, 2026/07/20, 17:41:50.664, 374995387217, vstest.console.dll, MulticastDelegateUtilities.SafeInvoke: InternalTestLoggerEvents.SendTestResult: Invoking callback 1/1 for Microsoft.VisualStudio.TestPlatform.CommandLine.Internal.ConsoleLogger., took 0 ms.
TpTrace Verbose: 0 : 15992, 4, 2026/07/20, 17:41:50.664, 374995388477, vstest.console.dll, MulticastDelegateUtilities.SafeInvoke: InternalTestLoggerEvents.SendTestResult: Invoking callback 1/1 for Microsoft.VisualStudio.TestPlatform.CommandLine.Internal.ConsoleLogger., took 0 ms.
TpTrace Verbose: 0 : 15992, 4, 2026/07/20, 17:41:50.664, 374995389226, vstest.console.dll, MulticastDelegateUtilities.SafeInvoke: InternalTestLoggerEvents.SendTestResult: Invoking callback 1/1 for Microsoft.VisualStudio.TestPlatform.CommandLine.Internal.ConsoleLogger., took 0 ms.
TpTrace Verbose: 0 : 15992, 4, 2026/07/20, 17:41:50.664, 374995389804, vstest.console.dll, MulticastDelegateUtilities.SafeInvoke: InternalTestLoggerEvents.SendTestResult: Invoking callback 1/1 for Microsoft.VisualStudio.TestPlatform.CommandLine.Internal.ConsoleLogger., took 0 ms.
TpTrace Verbose: 0 : 15992, 4, 2026/07/20, 17:41:50.664, 374995390454, vstest.console.dll, MulticastDelegateUtilities.SafeInvoke: InternalTestLoggerEvents.SendTestResult: Invoking callback 1/1 for Microsoft.VisualStudio.TestPlatform.CommandLine.Internal.ConsoleLogger., took 0 ms.
TpTrace Verbose: 0 : 15992, 4, 2026/07/20, 17:41:50.664, 374995391188, vstest.console.dll, MulticastDelegateUtilities.SafeInvoke: InternalTestLoggerEvents.SendTestResult: Invoking callback 1/1 for Microsoft.VisualStudio.TestPlatform.CommandLine.Internal.ConsoleLogger., took 0 ms.
TpTrace Verbose: 0 : 15992, 4, 2026/07/20, 17:41:50.664, 374995391853, vstest.console.dll, MulticastDelegateUtilities.SafeInvoke: InternalTestLoggerEvents.SendTestResult: Invoking callback 1/1 for Microsoft.VisualStudio.TestPlatform.CommandLine.Internal.ConsoleLogger., took 0 ms.
TpTrace Verbose: 0 : 15992, 4, 2026/07/20, 17:41:50.664, 374995392592, vstest.console.dll, MulticastDelegateUtilities.SafeInvoke: InternalTestLoggerEvents.SendTestResult: Invoking callback 1/1 for Microsoft.VisualStudio.TestPlatform.CommandLine.Internal.ConsoleLogger., took 0 ms.
TpTrace Verbose: 0 : 15992, 4, 2026/07/20, 17:41:50.664, 374995393192, vstest.console.dll, MulticastDelegateUtilities.SafeInvoke: InternalTestLoggerEvents.SendTestResult: Invoking callback 1/1 for Microsoft.VisualStudio.TestPlatform.CommandLine.Internal.ConsoleLogger., took 0 ms.
TpTrace Verbose: 0 : 15992, 10, 2026/07/20, 17:41:50.675, 374995502485, vstest.console.dll, TcpClientExtensions.MessageLoopAsync: NotifyDataAvailable remoteEndPoint: 127.0.0.1:55740 localEndPoint: 127.0.0.1:55739
TpTrace Verbose: 0 : 15992, 10, 2026/07/20, 17:41:50.676, 374995506807, vstest.console.dll, TestRequestSender.OnExecutionMessageReceived: Received message: {"Version":7,"MessageType":"TestExecution.StatsChange","Payload":{"NewTestResults":[{"TestCase":{"Id":"f4ab4241-eb40-baee-a729-d9be6efe3ecf","FullyQualifiedName":"SharpMind.Tests.Quantization.VecDotTests.TestVecDotQ8K_ValidBlock","DisplayName":"SharpMind.Tests.Quantization.VecDotTests.TestVecDotQ8K_ValidBlock","ExecutorUri":"executor://xunit/VsTestRunner3/netcore/","Source":"C:\\Integral2u\\source\\repos\\SharpMind\\SharpMind.Tests\\bin\\Debug\\net10.0\\SharpMind.Tests.dll","CodeFilePath":null,"LineNumber":0,"Properties":[{"Key":{"Id":"TestCase.ManagedType","Label":"ManagedType","Category":"","Description":"","Attributes":1,"ValueType":"System.String"},"Value":"SharpMind.Tests.Quantization.VecDotTests"},{"Key":{"Id":"XunitTestCaseUniqueID","Label":"xUnit.net Test Case Unique ID","Category":"","Description":"","Attributes":0,"ValueType":"System.String"},"Value":"7e01393425befef9e6de0fe14a0d0aa6152d2fb7"},{"Key":{"Id":"TestCase.ManagedMethod","Label":"ManagedMethod","Category":"","Description":"","Attributes":1,"ValueType":"System.String"},"Value":"TestVecDotQ8K_ValidBlock"},{"Key":{"Id":"XunitTestCaseExplicit","Label":"xUnit.net Test Case Explicit Flag","Category":"","Description":"","Attributes":0,"ValueType":"System.Boolean"},"Value":false}]},"Attachments":[],"Outcome":1,"ErrorMessage":null,"ErrorStackTrace":null,"DisplayName":"SharpMind.Tests.Quantization.VecDotTests.TestVecDotQ8K_ValidBlock(qOps: QuantizationOps41153804 { })","Messages":[],"ComputerName":"LAPTOP-MKMTSO1B","Duration":"00:00:00.0010876","StartTime":"2026-07-20T05:41:50.6622345+00:00","EndTime":"2026-07-20T05:41:50.6623667+00:00","Properties":[]},{"TestCase":{"Id":"f4ab4241-eb40-baee-a729-d9be6efe3ecf","FullyQualifiedName":"SharpMind.Tests.Quantization.VecDotTests.TestVecDotQ8K_ValidBlock","DisplayName":"SharpMind.Tests.Quantization.VecDotTests.TestVecDotQ8K_ValidBlock","ExecutorUri":"executor://xunit/VsTestRunner3/netcore/","Source":"C:\\Integral2u\\source\\repos\\SharpMind\\SharpMind.Tests\\bin\\Debug\\net10.0\\SharpMind.Tests.dll","CodeFilePath":null,"LineNumber":0,"Properties":[{"Key":{"Id":"TestCase.ManagedType","Label":"ManagedType","Category":"","Description":"","Attributes":1,"ValueType":"System.String"},"Value":"SharpMind.Tests.Quantization.VecDotTests"},{"Key":{"Id":"XunitTestCaseUniqueID","Label":"xUnit.net Test Case Unique ID","Category":"","Description":"","Attributes":0,"ValueType":"System.String"},"Value":"7e01393425befef9e6de0fe14a0d0aa6152d2fb7"},{"Key":{"Id":"TestCase.ManagedMethod","Label":"ManagedMethod","Category":"","Description":"","Attributes":1,"ValueType":"System.String"},"Value":"TestVecDotQ8K_ValidBlock"},{"Key":{"Id":"XunitTestCaseExplicit","Label":"xUnit.net Test Case Explicit Flag","Category":"","Description":"","Attributes":0,"ValueType":"System.Boolean"},"Value":false}]},"Attachments":[],"Outcome":1,"ErrorMessage":null,"ErrorStackTrace":null,"DisplayName":"SharpMind.Tests.Quantization.VecDotTests.TestVecDotQ8K_ValidBlock(qOps: QuantizationOps23912013 { })","Messages":[],"ComputerName":"LAPTOP-MKMTSO1B","Duration":"00:00:00.0010424","StartTime":"2026-07-20T05:41:50.6626469+00:00","EndTime":"2026-07-20T05:41:50.6627771+00:00","Properties":[]},{"TestCase":{"Id":"f4ab4241-eb40-baee-a729-d9be6efe3ecf","FullyQualifiedName":"SharpMind.Tests.Quantization.VecDotTests.TestVecDotQ8K_ValidBlock","DisplayName":"SharpMind.Tests.Quantization.VecDotTests.TestVecDotQ8K_ValidBlock","ExecutorUri":"executor://xunit/VsTestRunner3/netcore/","Source":"C:\\Integral2u\\source\\repos\\SharpMind\\SharpMind.Tests\\bin\\Debug\\net10.0\\SharpMind.Tests.dll","CodeFilePath":null,"LineNumber":0,"Properties":[{"Key":{"Id":"TestCase.ManagedType","Label":"ManagedType","Category":"","Description":"","Attributes":1,"ValueType":"System.String"},"Value":"SharpMind.Tests.Quantization.VecDotTests"},{"Key":{"Id":"XunitTestCaseUniqueID","Label":"xUnit.net Test Case Unique ID","Category":"","Description":"","Attributes":0,"ValueType":"System.String"},"Value":"7e01393425befef9e6de0fe14a0d0aa6152d2fb7"},{"Key":{"Id":"TestCase.ManagedMethod","Label":"ManagedMethod","Category":"","Description":"","Attributes":1,"ValueType":"System.String"},"Value":"TestVecDotQ8K_ValidBlock"},{"Key":{"Id":"XunitTestCaseExplicit","Label":"xUnit.net Test Case Explicit Flag","Category":"","Description":"","Attributes":0,"ValueType":"System.Boolean"},"Value":false}]},"Attachments":[],"Outcome":1,"ErrorMessage":null,"ErrorStackTrace":null,"DisplayName":"SharpMind.Tests.Quantization.VecDotTests.TestVecDotQ8K_ValidBlock(qOps: QuantizationOps27733429 { })","Messages":[],"ComputerName":"LAPTOP-MKMTSO1B","Duration":"00:00:00.0009363","StartTime":"2026-07-20T05:41:50.663154+00:00","EndTime":"2026-07-20T05:41:50.663392+00:00","Properties":[]},{"TestCase":{"Id":"f4ab4241-eb40-baee-a729-d9be6efe3ecf","FullyQualifiedName":"SharpMind.Tests.Quantization.VecDotTests.TestVecDotQ8K_ValidBlock","DisplayName":"SharpMind.Tests.Quantization.VecDotTests.TestVecDotQ8K_ValidBlock","ExecutorUri":"executor://xunit/VsTestRunner3/netcore/","Source":"C:\\Integral2u\\source\\repos\\SharpMind\\SharpMind.Tests\\bin\\Debug\\net10.0\\SharpMind.Tests.dll","CodeFilePath":null,"LineNumber":0,"Properties":[{"Key":{"Id":"TestCase.ManagedType","Label":"ManagedType","Category":"","Description":"","Attributes":1,"ValueType":"System.String"},"Value":"SharpMind.Tests.Quantization.VecDotTests"},{"Key":{"Id":"XunitTestCaseUniqueID","Label":"xUnit.net Test Case Unique ID","Category":"","Description":"","Attributes":0,"ValueType":"System.String"},"Value":"7e01393425befef9e6de0fe14a0d0aa6152d2fb7"},{"Key":{"Id":"TestCase.ManagedMethod","Label":"ManagedMethod","Category":"","Description":"","Attributes":1,"ValueType":"System.String"},"Value":"TestVecDotQ8K_ValidBlock"},{"Key":{"Id":"XunitTestCaseExplicit","Label":"xUnit.net Test Case Explicit Flag","Category":"","Description":"","Attributes":0,"ValueType":"System.Boolean"},"Value":false}]},"Attachments":[],"Outcome":1,"ErrorMessage":null,"ErrorStackTrace":null,"DisplayName":"SharpMind.Tests.Quantization.VecDotTests.TestVecDotQ8K_ValidBlock(qOps: QuantizationOps39155797 { })","Messages":[],"ComputerName":"LAPTOP-MKMTSO1B","Duration":"00:00:00.0008921","StartTime":"2026-07-20T05:41:50.6638277+00:00","EndTime":"2026-07-20T05:41:50.664335+00:00","Properties":[]},{"TestCase":{"Id":"2675a5f4-baab-93fb-7c48-2ba015597b40","FullyQualifiedName":"SharpMind.Tests.Quantization.VecDotTests.TestVecDotQ4_0_FullBlock32_Elements","DisplayName":"SharpMind.Tests.Quantization.VecDotTests.TestVecDotQ4_0_FullBlock32_Elements","ExecutorUri":"executor://xunit/VsTestRunner3/netcore/","Source":"C:\\Integral2u\\source\\repos\\SharpMind\\SharpMind.Tests\\bin\\Debug\\net10.0\\SharpMind.Tests.dll","CodeFilePath":null,"LineNumber":0,"Properties":[{"Key":{"Id":"TestCase.ManagedType","Label":"ManagedType","Category":"","Description":"","Attributes":1,"ValueType":"System.String"},"Value":"SharpMind.Tests.Quantization.VecDotTests"},{"Key":{"Id":"XunitTestCaseUniqueID","Label":"xUnit.net Test Case Unique ID","Category":"","Description":"","Attributes":0,"ValueType":"System.String"},"Value":"8b50d01ca4f609a20f7fa5dcbf15dd7bf4a5b84e"},{"Key":{"Id":"TestCase.ManagedMethod","Label":"ManagedMethod","Category":"","Description":"","Attributes":1,"ValueType":"System.String"},"Value":"TestVecDotQ4_0_FullBlock32_Elements"},{"Key":{"Id":"XunitTestCaseExplicit","Label":"xUnit.net Test Case Explicit Flag","Category":"","Description":"","Attributes":0,"ValueType":"System.Boolean"},"Value":false}]},"Attachments":[],"Outcome":1,"ErrorMessage":null,"ErrorStackTrace":null,"DisplayName":"SharpMind.Tests.Quantization.VecDotTests.TestVecDotQ4_0_FullBlock32_Elements(qOps: QuantizationOps41153804 { })","Messages":[],"ComputerName":"LAPTOP-MKMTSO1B","Duration":"00:00:00.0008449","StartTime":"2026-07-20T05:41:50.6651614+00:00","EndTime":"2026-07-20T05:41:50.6658021+00:00","Properties":[]},{"TestCase":{"Id":"2675a5f4-baab-93fb-7c48-2ba015597b40","FullyQualifiedName":"SharpMind.Tests.Quantization.VecDotTests.TestVecDotQ4_0_FullBlock32_Elements","DisplayName":"SharpMind.Tests.Quantization.VecDotTests.TestVecDotQ4_0_FullBlock32_Elements","ExecutorUri":"executor://xunit/VsTestRunner3/netcore/","Source":"C:\\Integral2u\\source\\repos\\SharpMind\\SharpMind.Tests\\bin\\Debug\\net10.0\\SharpMind.Tests.dll","CodeFilePath":null,"LineNumber":0,"Properties":[{"Key":{"Id":"TestCase.ManagedType","Label":"ManagedType","Category":"","Description":"","Attributes":1,"ValueType":"System.String"},"Value":"SharpMind.Tests.Quantization.VecDotTests"},{"Key":{"Id":"XunitTestCaseUniqueID","Label":"xUnit.net Test Case Unique ID","Category":"","Description":"","Attributes":0,"ValueType":"System.String"},"Value":"8b50d01ca4f609a20f7fa5dcbf15dd7bf4a5b84e"},{"Key":{"Id":"TestCase.ManagedMethod","Label":"ManagedMethod","Category":"","Description":"","Attributes":1,"ValueType":"System.String"},"Value":"TestVecDotQ4_0_FullBlock32_Elements"},{"Key":{"Id":"XunitTestCaseExplicit","Label":"xUnit.net Test Case Explicit Flag","Category":"","Description":"","Attributes":0,"ValueType":"System.Boolean"},"Value":false}]},"Attachments":[],"Outcome":1,"ErrorMessage":null,"ErrorStackTrace":null,"DisplayName":"SharpMind.Tests.Quantization.VecDotTests.TestVecDotQ4_0_FullBlock32_Elements(qOps: QuantizationOps23912013 { })","Messages":[],"ComputerName":"LAPTOP-MKMTSO1B","Duration":"00:00:00.0003089","StartTime":"2026-07-20T05:41:50.6660627+00:00","EndTime":"2026-07-20T05:41:50.66617+00:00","Properties":[]},{"TestCase":{"Id":"2675a5f4-baab-93fb-7c48-2ba015597b40","FullyQualifiedName":"SharpMind.Tests.Quantization.VecDotTests.TestVecDotQ4_0_FullBlock32_Elements","DisplayName":"SharpMind.Tests.Quantization.VecDotTests.TestVecDotQ4_0_FullBlock32_Elements","ExecutorUri":"executor://xunit/VsTestRunner3/netcore/","Source":"C:\\Integral2u\\source\\repos\\SharpMind\\SharpMind.Tests\\bin\\Debug\\net10.0\\SharpMind.Tests.dll","CodeFilePath":null,"LineNumber":0,"Properties":[{"Key":{"Id":"TestCase.ManagedType","Label":"ManagedType","Category":"","Description":"","Attributes":1,"ValueType":"System.String"},"Value":"SharpMind.Tests.Quantization.VecDotTests"},{"Key":{"Id":"XunitTestCaseUniqueID","Label":"xUnit.net Test Case Unique ID","Category":"","Description":"","Attributes":0,"ValueType":"System.String"},"Value":"8b50d01ca4f609a20f7fa5dcbf15dd7bf4a5b84e"},{"Key":{"Id":"TestCase.ManagedMethod","Label":"ManagedMethod","Category":"","Description":"","Attributes":1,"ValueType":"System.String"},"Value":"TestVecDotQ4_0_FullBlock32_Elements"},{"Key":{"Id":"XunitTestCaseExplicit","Label":"xUnit.net Test Case Explicit Flag","Category":"","Description":"","Attributes":0,"ValueType":"System.Boolean"},"Value":false}]},"Attachments":[],"Outcome":1,"ErrorMessage":null,"ErrorStackTrace":null,"DisplayName":"SharpMind.Tests.Quantization.VecDotTests.TestVecDotQ4_0_FullBlock32_Elements(qOps: QuantizationOps27733429 { })","Messages":[],"ComputerName":"LAPTOP-MKMTSO1B","Duration":"00:00:00.0000219","StartTime":"2026-07-20T05:41:50.6664641+00:00","EndTime":"2026-07-20T05:41:50.6665875+00:00","Properties":[]},{"TestCase":{"Id":"2675a5f4-baab-93fb-7c48-2ba015597b40","FullyQualifiedName":"SharpMind.Tests.Quantization.VecDotTests.TestVecDotQ4_0_FullBlock32_Elements","DisplayName":"SharpMind.Tests.Quantization.VecDotTests.TestVecDotQ4_0_FullBlock32_Elements","ExecutorUri":"executor://xunit/VsTestRunner3/netcore/","Source":"C:\\Integral2u\\source\\repos\\SharpMind\\SharpMind.Tests\\bin\\Debug\\net10.0\\SharpMind.Tests.dll","CodeFilePath":null,"LineNumber":0,"Properties":[{"Key":{"Id":"TestCase.ManagedType","Label":"ManagedType","Category":"","Description":"","Attributes":1,"ValueType":"System.String"},"Value":"SharpMind.Tests.Quantization.VecDotTests"},{"Key":{"Id":"XunitTestCaseUniqueID","Label":"xUnit.net Test Case Unique ID","Category":"","Description":"","Attributes":0,"ValueType":"System.String"},"Value":"8b50d01ca4f609a20f7fa5dcbf15dd7bf4a5b84e"},{"Key":{"Id":"TestCase.ManagedMethod","Label":"ManagedMethod","Category":"","Description":"","Attributes":1,"ValueType":"System.String"},"Value":"TestVecDotQ4_0_FullBlock32_Elements"},{"Key":{"Id":"XunitTestCaseExplicit","Label":"xUnit.net Test Case Explicit Flag","Category":"","Description":"","Attributes":0,"ValueType":"System.Boolean"},"Value":false}]},"Attachments":[],"Outcome":1,"ErrorMessage":null,"ErrorStackTrace":null,"DisplayName":"SharpMind.Tests.Quantization.VecDotTests.TestVecDotQ4_0_FullBlock32_Elements(qOps: QuantizationOps39155797 { })","Messages":[],"ComputerName":"LAPTOP-MKMTSO1B","Duration":"00:00:00.0000119","StartTime":"2026-07-20T05:41:50.6668896+00:00","EndTime":"2026-07-20T05:41:50.6669868+00:00","Properties":[]},{"TestCase":{"Id":"f48b34c9-1874-9e67-02f3-bf10ef13b774","FullyQualifiedName":"SharpMind.Tests.Quantization.VecDotTests.TestVecDotQ5_1_ValidBlock","DisplayName":"SharpMind.Tests.Quantization.VecDotTests.TestVecDotQ5_1_ValidBlock","ExecutorUri":"executor://xunit/VsTestRunner3/netcore/","Source":"C:\\Integral2u\\source\\repos\\SharpMind\\SharpMind.Tests\\bin\\Debug\\net10.0\\SharpMind.Tests.dll","CodeFilePath":null,"LineNumber":0,"Properties":[{"Key":{"Id":"TestCase.ManagedType","Label":"ManagedType","Category":"","Description":"","Attributes":1,"ValueType":"System.String"},"Value":"SharpMind.Tests.Quantization.VecDotTests"},{"Key":{"Id":"XunitTestCaseUniqueID","Label":"xUnit.net Test Case Unique ID","Category":"","Description":"","Attributes":0,"ValueType":"System.String"},"Value":"a5a52bb8ebbdbb1a6265b12986cd82ebc4124c68"},{"Key":{"Id":"TestCase.ManagedMethod","Label":"ManagedMethod","Category":"","Description":"","Attributes":1,"ValueType":"System.String"},"Value":"TestVecDotQ5_1_ValidBlock"},{"Key":{"Id":"XunitTestCaseExplicit","Label":"xUnit.net Test Case Explicit Flag","Category":"","Description":"","Attributes":0,"ValueType":"System.Boolean"},"Value":false}]},"Attachments":[],"Outcome":1,"ErrorMessage":null,"ErrorStackTrace":null,"DisplayName":"SharpMind.Tests.Quantization.VecDotTests.TestVecDotQ5_1_ValidBlock(qOps: QuantizationOps41153804 { })","Messages":[],"ComputerName":"LAPTOP-MKMTSO1B","Duration":"00:00:00.0010034","StartTime":"2026-07-20T05:41:50.6679524+00:00","EndTime":"2026-07-20T05:41:50.6681287+00:00","Properties":[]},{"TestCase":{"Id":"f48b34c9-1874-9e67-02f3-bf10ef13b774","FullyQualifiedName":"SharpMind.Tests.Quantization.VecDotTests.TestVecDotQ5_1_ValidBlock","DisplayName":"SharpMind.Tests.Quantization.VecDotTests.TestVecDotQ5_1_ValidBlock","ExecutorUri":"executor://xunit/VsTestRunner3/netcore/","Source":"C:\\Integral2u\\source\\repos\\SharpMind\\SharpMind.Tests\\bin\\Debug\\net10.0\\SharpMind.Tests.dll","CodeFilePath":null,"LineNumber":0,"Properties":[{"Key":{"Id":"TestCase.ManagedType","Label":"ManagedType","Category":"","Description":"","Attributes":1,"ValueType":"System.String"},"Value":"SharpMind.Tests.Quantization.VecDotTests"},{"Key":{"Id":"XunitTestCaseUniqueID","Label":"xUnit.net Test Case Unique ID","Category":"","Description":"","Attributes":0,"ValueType":"System.String"},"Value":"a5a52bb8ebbdbb1a6265b12986cd82ebc4124c68"},{"Key":{"Id":"TestCase.ManagedMethod","Label":"ManagedMethod","Category":"","Description":"","Attributes":1,"ValueType":"System.String"},"Value":"TestVecDotQ5_1_ValidBlock"},{"Key":{"Id":"XunitTestCaseExplicit","Label":"xUnit.net Test Case Explicit Flag","Category":"","Description":"","Attributes":0,"ValueType":"System.Boolean"},"Value":false}]},"Attachments":[],"Outcome":1,"ErrorMessage":null,"ErrorStackTrace":null,"DisplayName":"SharpMind.Tests.Quantization.VecDotTests.TestVecDotQ5_1_ValidBlock(qOps: QuantizationOps23912013 { })","Messages":[],"ComputerName":"LAPTOP-MKMTSO1B","Duration":"00:00:00.0007526","StartTime":"2026-07-20T05:41:50.6685198+00:00","EndTime":"2026-07-20T05:41:50.6721917+00:00","Properties":[]}],"TestRunStatistics":{"ExecutedTests":234,"Stats":{"Passed":234}},"ActiveTests":[]}}
TpTrace Verbose: 0 : 15992, 10, 2026/07/20, 17:41:50.678, 374995527438, vstest.console.dll, TestRunRequest:SendTestRunStatsChange: Starting.
TpTrace Verbose: 0 : 15992, 10, 2026/07/20, 17:41:50.678, 374995528847, vstest.console.dll, MulticastDelegateUtilities.SafeInvoke: TestRun.RunStatsChanged: Invoking callbacks was skipped because there are no subscribers.
TpTrace Information: 0 : 15992, 10, 2026/07/20, 17:41:50.678, 374995529351, vstest.console.dll, TestRunRequest:SendTestRunStatsChange: Completed.
TpTrace Verbose: 0 : 15992, 4, 2026/07/20, 17:41:50.678, 374995529382, vstest.console.dll, MulticastDelegateUtilities.SafeInvoke: InternalTestLoggerEvents.SendTestResult: Invoking callback 1/1 for Microsoft.VisualStudio.TestPlatform.CommandLine.Internal.ConsoleLogger., took 0 ms.
TpTrace Verbose: 0 : 15992, 10, 2026/07/20, 17:41:50.678, 374995529797, vstest.console.dll, MulticastDelegateUtilities.SafeInvoke: LengthPrefixCommunicationChannel: MessageReceived: Invoking callback 1/1 for Microsoft.VisualStudio.TestPlatform.CommunicationUtilities.TestRequestSender+<>c__DisplayClass34_0., took 2 ms.
TpTrace Verbose: 0 : 15992, 4, 2026/07/20, 17:41:50.678, 374995530744, vstest.console.dll, MulticastDelegateUtilities.SafeInvoke: InternalTestLoggerEvents.SendTestResult: Invoking callback 1/1 for Microsoft.VisualStudio.TestPlatform.CommandLine.Internal.ConsoleLogger., took 0 ms.
TpTrace Verbose: 0 : 15992, 10, 2026/07/20, 17:41:50.678, 374995531469, vstest.console.dll, TcpClientExtensions.MessageLoopAsync: Polling on remoteEndPoint: 127.0.0.1:55740 localEndPoint: 127.0.0.1:55739 after 14 ms
TpTrace Verbose: 0 : 15992, 4, 2026/07/20, 17:41:50.678, 374995531536, vstest.console.dll, MulticastDelegateUtilities.SafeInvoke: InternalTestLoggerEvents.SendTestResult: Invoking callback 1/1 for Microsoft.VisualStudio.TestPlatform.CommandLine.Internal.ConsoleLogger., took 0 ms.
TpTrace Verbose: 0 : 15992, 4, 2026/07/20, 17:41:50.678, 374995532567, vstest.console.dll, MulticastDelegateUtilities.SafeInvoke: InternalTestLoggerEvents.SendTestResult: Invoking callback 1/1 for Microsoft.VisualStudio.TestPlatform.CommandLine.Internal.ConsoleLogger., took 0 ms.
TpTrace Verbose: 0 : 15992, 4, 2026/07/20, 17:41:50.678, 374995533125, vstest.console.dll, MulticastDelegateUtilities.SafeInvoke: InternalTestLoggerEvents.SendTestResult: Invoking callback 1/1 for Microsoft.VisualStudio.TestPlatform.CommandLine.Internal.ConsoleLogger., took 0 ms.
TpTrace Verbose: 0 : 15992, 4, 2026/07/20, 17:41:50.678, 374995533701, vstest.console.dll, MulticastDelegateUtilities.SafeInvoke: InternalTestLoggerEvents.SendTestResult: Invoking callback 1/1 for Microsoft.VisualStudio.TestPlatform.CommandLine.Internal.ConsoleLogger., took 0 ms.
TpTrace Verbose: 0 : 15992, 4, 2026/07/20, 17:41:50.679, 374995534255, vstest.console.dll, MulticastDelegateUtilities.SafeInvoke: InternalTestLoggerEvents.SendTestResult: Invoking callback 1/1 for Microsoft.VisualStudio.TestPlatform.CommandLine.Internal.ConsoleLogger., took 0 ms.
TpTrace Verbose: 0 : 15992, 4, 2026/07/20, 17:41:50.679, 374995534802, vstest.console.dll, MulticastDelegateUtilities.SafeInvoke: InternalTestLoggerEvents.SendTestResult: Invoking callback 1/1 for Microsoft.VisualStudio.TestPlatform.CommandLine.Internal.ConsoleLogger., took 0 ms.
TpTrace Verbose: 0 : 15992, 4, 2026/07/20, 17:41:50.679, 374995535412, vstest.console.dll, MulticastDelegateUtilities.SafeInvoke: InternalTestLoggerEvents.SendTestResult: Invoking callback 1/1 for Microsoft.VisualStudio.TestPlatform.CommandLine.Internal.ConsoleLogger., took 0 ms.
TpTrace Verbose: 0 : 15992, 4, 2026/07/20, 17:41:50.679, 374995536196, vstest.console.dll, MulticastDelegateUtilities.SafeInvoke: InternalTestLoggerEvents.SendTestResult: Invoking callback 1/1 for Microsoft.VisualStudio.TestPlatform.CommandLine.Internal.ConsoleLogger., took 0 ms.
TpTrace Verbose: 0 : 15992, 10, 2026/07/20, 17:41:50.698, 374995727403, vstest.console.dll, TcpClientExtensions.MessageLoopAsync: NotifyDataAvailable remoteEndPoint: 127.0.0.1:55740 localEndPoint: 127.0.0.1:55739
TpTrace Verbose: 0 : 15992, 10, 2026/07/20, 17:41:50.698, 374995731254, vstest.console.dll, TestRequestSender.OnExecutionMessageReceived: Received message: {"Version":7,"MessageType":"TestExecution.StatsChange","Payload":{"NewTestResults":[{"TestCase":{"Id":"f48b34c9-1874-9e67-02f3-bf10ef13b774","FullyQualifiedName":"SharpMind.Tests.Quantization.VecDotTests.TestVecDotQ5_1_ValidBlock","DisplayName":"SharpMind.Tests.Quantization.VecDotTests.TestVecDotQ5_1_ValidBlock","ExecutorUri":"executor://xunit/VsTestRunner3/netcore/","Source":"C:\\Integral2u\\source\\repos\\SharpMind\\SharpMind.Tests\\bin\\Debug\\net10.0\\SharpMind.Tests.dll","CodeFilePath":null,"LineNumber":0,"Properties":[{"Key":{"Id":"TestCase.ManagedType","Label":"ManagedType","Category":"","Description":"","Attributes":1,"ValueType":"System.String"},"Value":"SharpMind.Tests.Quantization.VecDotTests"},{"Key":{"Id":"XunitTestCaseUniqueID","Label":"xUnit.net Test Case Unique ID","Category":"","Description":"","Attributes":0,"ValueType":"System.String"},"Value":"a5a52bb8ebbdbb1a6265b12986cd82ebc4124c68"},{"Key":{"Id":"TestCase.ManagedMethod","Label":"ManagedMethod","Category":"","Description":"","Attributes":1,"ValueType":"System.String"},"Value":"TestVecDotQ5_1_ValidBlock"},{"Key":{"Id":"XunitTestCaseExplicit","Label":"xUnit.net Test Case Explicit Flag","Category":"","Description":"","Attributes":0,"ValueType":"System.Boolean"},"Value":false}]},"Attachments":[],"Outcome":1,"ErrorMessage":null,"ErrorStackTrace":null,"DisplayName":"SharpMind.Tests.Quantization.VecDotTests.TestVecDotQ5_1_ValidBlock(qOps: QuantizationOps27733429 { })","Messages":[],"ComputerName":"LAPTOP-MKMTSO1B","Duration":"00:00:00.0113827","StartTime":"2026-07-20T05:41:50.6769623+00:00","EndTime":"2026-07-20T05:41:50.6800965+00:00","Properties":[]},{"TestCase":{"Id":"e883a16f-9362-ba37-35a9-0a59217800c0","FullyQualifiedName":"SharpMind.Tests.Quantization.QuantizationAgreementTests.VecDot_AllTiers_Agree","DisplayName":"SharpMind.Tests.Quantization.QuantizationAgreementTests.VecDot_AllTiers_Agree(dtype: Q6_K)","ExecutorUri":"executor://xunit/VsTestRunner3/netcore/","Source":"C:\\Integral2u\\source\\repos\\SharpMind\\SharpMind.Tests\\bin\\Debug\\net10.0\\SharpMind.Tests.dll","CodeFilePath":null,"LineNumber":0,"Properties":[{"Key":{"Id":"TestCase.ManagedType","Label":"ManagedType","Category":"","Description":"","Attributes":1,"ValueType":"System.String"},"Value":"SharpMind.Tests.Quantization.QuantizationAgreementTests"},{"Key":{"Id":"XunitTestCaseUniqueID","Label":"xUnit.net Test Case Unique ID","Category":"","Description":"","Attributes":0,"ValueType":"System.String"},"Value":"3f4c638af79fe0e61be75c16456724e0e0d770e2"},{"Key":{"Id":"TestCase.ManagedMethod","Label":"ManagedMethod","Category":"","Description":"","Attributes":1,"ValueType":"System.String"},"Value":"VecDot_AllTiers_Agree"},{"Key":{"Id":"XunitTestCaseExplicit","Label":"xUnit.net Test Case Explicit Flag","Category":"","Description":"","Attributes":0,"ValueType":"System.Boolean"},"Value":false}]},"Attachments":[],"Outcome":1,"ErrorMessage":null,"ErrorStackTrace":null,"DisplayName":"SharpMind.Tests.Quantization.QuantizationAgreementTests.VecDot_AllTiers_Agree(dtype: Q6_K)","Messages":[],"ComputerName":"LAPTOP-MKMTSO1B","Duration":"00:00:00.1564888","StartTime":"2026-07-20T05:41:50.5262682+00:00","EndTime":"2026-07-20T05:41:50.68205+00:00","Properties":[]},{"TestCase":{"Id":"f48b34c9-1874-9e67-02f3-bf10ef13b774","FullyQualifiedName":"SharpMind.Tests.Quantization.VecDotTests.TestVecDotQ5_1_ValidBlock","DisplayName":"SharpMind.Tests.Quantization.VecDotTests.TestVecDotQ5_1_ValidBlock","ExecutorUri":"executor://xunit/VsTestRunner3/netcore/","Source":"C:\\Integral2u\\source\\repos\\SharpMind\\SharpMind.Tests\\bin\\Debug\\net10.0\\SharpMind.Tests.dll","CodeFilePath":null,"LineNumber":0,"Properties":[{"Key":{"Id":"TestCase.ManagedType","Label":"ManagedType","Category":"","Description":"","Attributes":1,"ValueType":"System.String"},"Value":"SharpMind.Tests.Quantization.VecDotTests"},{"Key":{"Id":"XunitTestCaseUniqueID","Label":"xUnit.net Test Case Unique ID","Category":"","Description":"","Attributes":0,"ValueType":"System.String"},"Value":"a5a52bb8ebbdbb1a6265b12986cd82ebc4124c68"},{"Key":{"Id":"TestCase.ManagedMethod","Label":"ManagedMethod","Category":"","Description":"","Attributes":1,"ValueType":"System.String"},"Value":"TestVecDotQ5_1_ValidBlock"},{"Key":{"Id":"XunitTestCaseExplicit","Label":"xUnit.net Test Case Explicit Flag","Category":"","Description":"","Attributes":0,"ValueType":"System.Boolean"},"Value":false}]},"Attachments":[],"Outcome":1,"ErrorMessage":null,"ErrorStackTrace":null,"DisplayName":"SharpMind.Tests.Quantization.VecDotTests.TestVecDotQ5_1_ValidBlock(qOps: QuantizationOps39155797 { })","Messages":[],"ComputerName":"LAPTOP-MKMTSO1B","Duration":"00:00:00.0023767","StartTime":"2026-07-20T05:41:50.6805813+00:00","EndTime":"2026-07-20T05:41:50.6830316+00:00","Properties":[]},{"TestCase":{"Id":"2917080a-bed3-743f-bc55-502b0257b2c6","FullyQualifiedName":"SharpMind.Tests.Quantization.VecDotTests.TestVecDotQ4K_ValidBlock","DisplayName":"SharpMind.Tests.Quantization.VecDotTests.TestVecDotQ4K_ValidBlock","ExecutorUri":"executor://xunit/VsTestRunner3/netcore/","Source":"C:\\Integral2u\\source\\repos\\SharpMind\\SharpMind.Tests\\bin\\Debug\\net10.0\\SharpMind.Tests.dll","CodeFilePath":null,"LineNumber":0,"Properties":[{"Key":{"Id":"TestCase.ManagedType","Label":"ManagedType","Category":"","Description":"","Attributes":1,"ValueType":"System.String"},"Value":"SharpMind.Tests.Quantization.VecDotTests"},{"Key":{"Id":"XunitTestCaseUniqueID","Label":"xUnit.net Test Case Unique ID","Category":"","Description":"","Attributes":0,"ValueType":"System.String"},"Value":"a6516cf8865654557b61671126c7df15d3af813e"},{"Key":{"Id":"TestCase.ManagedMethod","Label":"ManagedMethod","Category":"","Description":"","Attributes":1,"ValueType":"System.String"},"Value":"TestVecDotQ4K_ValidBlock"},{"Key":{"Id":"XunitTestCaseExplicit","Label":"xUnit.net Test Case Explicit Flag","Category":"","Description":"","Attributes":0,"ValueType":"System.Boolean"},"Value":false}]},"Attachments":[],"Outcome":1,"ErrorMessage":null,"ErrorStackTrace":null,"DisplayName":"SharpMind.Tests.Quantization.VecDotTests.TestVecDotQ4K_ValidBlock(qOps: QuantizationOps41153804 { })","Messages":[],"ComputerName":"LAPTOP-MKMTSO1B","Duration":"00:00:00.0014372","StartTime":"2026-07-20T05:41:50.6839553+00:00","EndTime":"2026-07-20T05:41:50.6851836+00:00","Properties":[]},{"TestCase":{"Id":"2917080a-bed3-743f-bc55-502b0257b2c6","FullyQualifiedName":"SharpMind.Tests.Quantization.VecDotTests.TestVecDotQ4K_ValidBlock","DisplayName":"SharpMind.Tests.Quantization.VecDotTests.TestVecDotQ4K_ValidBlock","ExecutorUri":"executor://xunit/VsTestRunner3/netcore/","Source":"C:\\Integral2u\\source\\repos\\SharpMind\\SharpMind.Tests\\bin\\Debug\\net10.0\\SharpMind.Tests.dll","CodeFilePath":null,"LineNumber":0,"Properties":[{"Key":{"Id":"TestCase.ManagedType","Label":"ManagedType","Category":"","Description":"","Attributes":1,"ValueType":"System.String"},"Value":"SharpMind.Tests.Quantization.VecDotTests"},{"Key":{"Id":"XunitTestCaseUniqueID","Label":"xUnit.net Test Case Unique ID","Category":"","Description":"","Attributes":0,"ValueType":"System.String"},"Value":"a6516cf8865654557b61671126c7df15d3af813e"},{"Key":{"Id":"TestCase.ManagedMethod","Label":"ManagedMethod","Category":"","Description":"","Attributes":1,"ValueType":"System.String"},"Value":"TestVecDotQ4K_ValidBlock"},{"Key":{"Id":"XunitTestCaseExplicit","Label":"xUnit.net Test Case Explicit Flag","Category":"","Description":"","Attributes":0,"ValueType":"System.Boolean"},"Value":false}]},"Attachments":[],"Outcome":1,"ErrorMessage":null,"ErrorStackTrace":null,"DisplayName":"SharpMind.Tests.Quantization.VecDotTests.TestVecDotQ4K_ValidBlock(qOps: QuantizationOps23912013 { })","Messages":[],"ComputerName":"LAPTOP-MKMTSO1B","Duration":"00:00:00.0003842","StartTime":"2026-07-20T05:41:50.6854837+00:00","EndTime":"2026-07-20T05:41:50.6856124+00:00","Properties":[]},{"TestCase":{"Id":"2917080a-bed3-743f-bc55-502b0257b2c6","FullyQualifiedName":"SharpMind.Tests.Quantization.VecDotTests.TestVecDotQ4K_ValidBlock","DisplayName":"SharpMind.Tests.Quantization.VecDotTests.TestVecDotQ4K_ValidBlock","ExecutorUri":"executor://xunit/VsTestRunner3/netcore/","Source":"C:\\Integral2u\\source\\repos\\SharpMind\\SharpMind.Tests\\bin\\Debug\\net10.0\\SharpMind.Tests.dll","CodeFilePath":null,"LineNumber":0,"Properties":[{"Key":{"Id":"TestCase.ManagedType","Label":"ManagedType","Category":"","Description":"","Attributes":1,"ValueType":"System.String"},"Value":"SharpMind.Tests.Quantization.VecDotTests"},{"Key":{"Id":"XunitTestCaseUniqueID","Label":"xUnit.net Test Case Unique ID","Category":"","Description":"","Attributes":0,"ValueType":"System.String"},"Value":"a6516cf8865654557b61671126c7df15d3af813e"},{"Key":{"Id":"TestCase.ManagedMethod","Label":"ManagedMethod","Category":"","Description":"","Attributes":1,"ValueType":"System.String"},"Value":"TestVecDotQ4K_ValidBlock"},{"Key":{"Id":"XunitTestCaseExplicit","Label":"xUnit.net Test Case Explicit Flag","Category":"","Description":"","Attributes":0,"ValueType":"System.Boolean"},"Value":false}]},"Attachments":[],"Outcome":1,"ErrorMessage":null,"ErrorStackTrace":null,"DisplayName":"SharpMind.Tests.Quantization.VecDotTests.TestVecDotQ4K_ValidBlock(qOps: QuantizationOps27733429 { })","Messages":[],"ComputerName":"LAPTOP-MKMTSO1B","Duration":"00:00:00.0028415","StartTime":"2026-07-20T05:41:50.6858637+00:00","EndTime":"2026-07-20T05:41:50.6885489+00:00","Properties":[]},{"TestCase":{"Id":"2917080a-bed3-743f-bc55-502b0257b2c6","FullyQualifiedName":"SharpMind.Tests.Quantization.VecDotTests.TestVecDotQ4K_ValidBlock","DisplayName":"SharpMind.Tests.Quantization.VecDotTests.TestVecDotQ4K_ValidBlock","ExecutorUri":"executor://xunit/VsTestRunner3/netcore/","Source":"C:\\Integral2u\\source\\repos\\SharpMind\\SharpMind.Tests\\bin\\Debug\\net10.0\\SharpMind.Tests.dll","CodeFilePath":null,"LineNumber":0,"Properties":[{"Key":{"Id":"TestCase.ManagedType","Label":"ManagedType","Category":"","Description":"","Attributes":1,"ValueType":"System.String"},"Value":"SharpMind.Tests.Quantization.VecDotTests"},{"Key":{"Id":"XunitTestCaseUniqueID","Label":"xUnit.net Test Case Unique ID","Category":"","Description":"","Attributes":0,"ValueType":"System.String"},"Value":"a6516cf8865654557b61671126c7df15d3af813e"},{"Key":{"Id":"TestCase.ManagedMethod","Label":"ManagedMethod","Category":"","Description":"","Attributes":1,"ValueType":"System.String"},"Value":"TestVecDotQ4K_ValidBlock"},{"Key":{"Id":"XunitTestCaseExplicit","Label":"xUnit.net Test Case Explicit Flag","Category":"","Description":"","Attributes":0,"ValueType":"System.Boolean"},"Value":false}]},"Attachments":[],"Outcome":1,"ErrorMessage":null,"ErrorStackTrace":null,"DisplayName":"SharpMind.Tests.Quantization.VecDotTests.TestVecDotQ4K_ValidBlock(qOps: QuantizationOps39155797 { })","Messages":[],"ComputerName":"LAPTOP-MKMTSO1B","Duration":"00:00:00.0039872","StartTime":"2026-07-20T05:41:50.6894417+00:00","EndTime":"2026-07-20T05:41:50.6925948+00:00","Properties":[]},{"TestCase":{"Id":"3ebf83f5-ddf8-b672-1927-3a5167ae71fa","FullyQualifiedName":"SharpMind.Tests.Quantization.VecDotTests.VecDotQ3K_MultiBlockAgrees","DisplayName":"SharpMind.Tests.Quantization.VecDotTests.VecDotQ3K_MultiBlockAgrees","ExecutorUri":"executor://xunit/VsTestRunner3/netcore/","Source":"C:\\Integral2u\\source\\repos\\SharpMind\\SharpMind.Tests\\bin\\Debug\\net10.0\\SharpMind.Tests.dll","CodeFilePath":null,"LineNumber":0,"Properties":[{"Key":{"Id":"TestCase.ManagedType","Label":"ManagedType","Category":"","Description":"","Attributes":1,"ValueType":"System.String"},"Value":"SharpMind.Tests.Quantization.VecDotTests"},{"Key":{"Id":"XunitTestCaseUniqueID","Label":"xUnit.net Test Case Unique ID","Category":"","Description":"","Attributes":0,"ValueType":"System.String"},"Value":"df8a189f9cd8bcabf58d290b6c713f780e022e0c"},{"Key":{"Id":"TestCase.ManagedMethod","Label":"ManagedMethod","Category":"","Description":"","Attributes":1,"ValueType":"System.String"},"Value":"VecDotQ3K_MultiBlockAgrees"},{"Key":{"Id":"XunitTestCaseExplicit","Label":"xUnit.net Test Case Explicit Flag","Category":"","Description":"","Attributes":0,"ValueType":"System.Boolean"},"Value":false}]},"Attachments":[],"Outcome":1,"ErrorMessage":null,"ErrorStackTrace":null,"DisplayName":"SharpMind.Tests.Quantization.VecDotTests.VecDotQ3K_MultiBlockAgrees","Messages":[],"ComputerName":"LAPTOP-MKMTSO1B","Duration":"00:00:00.0012340","StartTime":"2026-07-20T05:41:50.6932693+00:00","EndTime":"2026-07-20T05:41:50.6938809+00:00","Properties":[]}],"TestRunStatistics":{"ExecutedTests":242,"Stats":{"Passed":242}},"ActiveTests":[{"Id":"c18c6e47-70b7-5e88-8e4e-6d16636b7e2a","FullyQualifiedName":"SharpMind.Tests.Quantization.QuantizationAgreementTests.VecDot_AllTiers_Agree","DisplayName":"SharpMind.Tests.Quantization.QuantizationAgreementTests.VecDot_AllTiers_Agree(dtype: F16)","ExecutorUri":"executor://xunit/VsTestRunner3/netcore/","Source":"C:\\Integral2u\\source\\repos\\SharpMind\\SharpMind.Tests\\bin\\Debug\\net10.0\\SharpMind.Tests.dll","CodeFilePath":null,"LineNumber":0,"Properties":[{"Key":{"Id":"TestCase.ManagedType","Label":"ManagedType","Category":"","Description":"","Attributes":1,"ValueType":"System.String"},"Value":"SharpMind.Tests.Quantization.QuantizationAgreementTests"},{"Key":{"Id":"XunitTestCaseUniqueID","Label":"xUnit.net Test Case Unique ID","Category":"","Description":"","Attributes":0,"ValueType":"System.String"},"Value":"43e2e5d3608f02422d406b148966171c5357b319"},{"Key":{"Id":"TestCase.ManagedMethod","Label":"ManagedMethod","Category":"","Description":"","Attributes":1,"ValueType":"System.String"},"Value":"VecDot_AllTiers_Agree"},{"Key":{"Id":"XunitTestCaseExplicit","Label":"xUnit.net Test Case Explicit Flag","Category":"","Description":"","Attributes":0,"ValueType":"System.Boolean"},"Value":false}]},{"Id":"5631dea2-8a06-234c-cea7-9d282cd787ce","FullyQualifiedName":"SharpMind.Tests.Quantization.VecDotTests.TestVecDotQ2K_ValidBlock","DisplayName":"SharpMind.Tests.Quantization.VecDotTests.TestVecDotQ2K_ValidBlock","ExecutorUri":"executor://xunit/VsTestRunner3/netcore/","Source":"C:\\Integral2u\\source\\repos\\SharpMind\\SharpMind.Tests\\bin\\Debug\\net10.0\\SharpMind.Tests.dll","CodeFilePath":null,"LineNumber":0,"Properties":[{"Key":{"Id":"TestCase.ManagedType","Label":"ManagedType","Category":"","Description":"","Attributes":1,"ValueType":"System.String"},"Value":"SharpMind.Tests.Quantization.VecDotTests"},{"Key":{"Id":"XunitTestCaseUniqueID","Label":"xUnit.net Test Case Unique ID","Category":"","Description":"","Attributes":0,"ValueType":"System.String"},"Value":"f749b80647e297989988d5ac4115c668e667a332"},{"Key":{"Id":"TestCase.ManagedMethod","Label":"ManagedMethod","Category":"","Description":"","Attributes":1,"ValueType":"System.String"},"Value":"TestVecDotQ2K_ValidBlock"},{"Key":{"Id":"XunitTestCaseExplicit","Label":"xUnit.net Test Case Explicit Flag","Category":"","Description":"","Attributes":0,"ValueType":"System.Boolean"},"Value":false}]}]}}
TpTrace Verbose: 0 : 15992, 10, 2026/07/20, 17:41:50.700, 374995748419, vstest.console.dll, TestRunRequest:SendTestRunStatsChange: Starting.
TpTrace Verbose: 0 : 15992, 10, 2026/07/20, 17:41:50.700, 374995749583, vstest.console.dll, InProgress is SharpMind.Tests.Quantization.QuantizationAgreementTests.VecDot_AllTiers_Agree(dtype: F16)
TpTrace Verbose: 0 : 15992, 10, 2026/07/20, 17:41:50.700, 374995750001, vstest.console.dll, InProgress is SharpMind.Tests.Quantization.VecDotTests.TestVecDotQ2K_ValidBlock
TpTrace Verbose: 0 : 15992, 10, 2026/07/20, 17:41:50.700, 374995750684, vstest.console.dll, MulticastDelegateUtilities.SafeInvoke: TestRun.RunStatsChanged: Invoking callbacks was skipped because there are no subscribers.
TpTrace Information: 0 : 15992, 10, 2026/07/20, 17:41:50.700, 374995751064, vstest.console.dll, TestRunRequest:SendTestRunStatsChange: Completed.
TpTrace Verbose: 0 : 15992, 4, 2026/07/20, 17:41:50.700, 374995751288, vstest.console.dll, MulticastDelegateUtilities.SafeInvoke: InternalTestLoggerEvents.SendTestResult: Invoking callback 1/1 for Microsoft.VisualStudio.TestPlatform.CommandLine.Internal.ConsoleLogger., took 0 ms.
TpTrace Verbose: 0 : 15992, 10, 2026/07/20, 17:41:50.700, 374995751452, vstest.console.dll, MulticastDelegateUtilities.SafeInvoke: LengthPrefixCommunicationChannel: MessageReceived: Invoking callback 1/1 for Microsoft.VisualStudio.TestPlatform.CommunicationUtilities.TestRequestSender+<>c__DisplayClass34_0., took 2 ms.
TpTrace Verbose: 0 : 15992, 4, 2026/07/20, 17:41:50.700, 374995752285, vstest.console.dll, MulticastDelegateUtilities.SafeInvoke: InternalTestLoggerEvents.SendTestResult: Invoking callback 1/1 for Microsoft.VisualStudio.TestPlatform.CommandLine.Internal.ConsoleLogger., took 0 ms.
TpTrace Verbose: 0 : 15992, 10, 2026/07/20, 17:41:50.700, 374995752635, vstest.console.dll, TcpClientExtensions.MessageLoopAsync: Polling on remoteEndPoint: 127.0.0.1:55740 localEndPoint: 127.0.0.1:55739 after 22 ms
TpTrace Verbose: 0 : 15992, 4, 2026/07/20, 17:41:50.700, 374995753435, vstest.console.dll, MulticastDelegateUtilities.SafeInvoke: InternalTestLoggerEvents.SendTestResult: Invoking callback 1/1 for Microsoft.VisualStudio.TestPlatform.CommandLine.Internal.ConsoleLogger., took 0 ms.
TpTrace Verbose: 0 : 15992, 4, 2026/07/20, 17:41:50.701, 374995754614, vstest.console.dll, MulticastDelegateUtilities.SafeInvoke: InternalTestLoggerEvents.SendTestResult: Invoking callback 1/1 for Microsoft.VisualStudio.TestPlatform.CommandLine.Internal.ConsoleLogger., took 0 ms.
TpTrace Verbose: 0 : 15992, 4, 2026/07/20, 17:41:50.701, 374995755232, vstest.console.dll, MulticastDelegateUtilities.SafeInvoke: InternalTestLoggerEvents.SendTestResult: Invoking callback 1/1 for Microsoft.VisualStudio.TestPlatform.CommandLine.Internal.ConsoleLogger., took 0 ms.
TpTrace Verbose: 0 : 15992, 4, 2026/07/20, 17:41:50.701, 374995755828, vstest.console.dll, MulticastDelegateUtilities.SafeInvoke: InternalTestLoggerEvents.SendTestResult: Invoking callback 1/1 for Microsoft.VisualStudio.TestPlatform.CommandLine.Internal.ConsoleLogger., took 0 ms.
TpTrace Verbose: 0 : 15992, 4, 2026/07/20, 17:41:50.701, 374995756426, vstest.console.dll, MulticastDelegateUtilities.SafeInvoke: InternalTestLoggerEvents.SendTestResult: Invoking callback 1/1 for Microsoft.VisualStudio.TestPlatform.CommandLine.Internal.ConsoleLogger., took 0 ms.
TpTrace Verbose: 0 : 15992, 4, 2026/07/20, 17:41:50.701, 374995756948, vstest.console.dll, MulticastDelegateUtilities.SafeInvoke: InternalTestLoggerEvents.SendTestResult: Invoking callback 1/1 for Microsoft.VisualStudio.TestPlatform.CommandLine.Internal.ConsoleLogger., took 0 ms.
TpTrace Verbose: 0 : 15992, 10, 2026/07/20, 17:41:50.795, 374996698924, vstest.console.dll, TcpClientExtensions.MessageLoopAsync: NotifyDataAvailable remoteEndPoint: 127.0.0.1:55740 localEndPoint: 127.0.0.1:55739
TpTrace Verbose: 0 : 15992, 10, 2026/07/20, 17:41:50.795, 374996703278, vstest.console.dll, TestRequestSender.OnExecutionMessageReceived: Received message: {"Version":7,"MessageType":"TestExecution.StatsChange","Payload":{"NewTestResults":[{"TestCase":{"Id":"5631dea2-8a06-234c-cea7-9d282cd787ce","FullyQualifiedName":"SharpMind.Tests.Quantization.VecDotTests.TestVecDotQ2K_ValidBlock","DisplayName":"SharpMind.Tests.Quantization.VecDotTests.TestVecDotQ2K_ValidBlock","ExecutorUri":"executor://xunit/VsTestRunner3/netcore/","Source":"C:\\Integral2u\\source\\repos\\SharpMind\\SharpMind.Tests\\bin\\Debug\\net10.0\\SharpMind.Tests.dll","CodeFilePath":null,"LineNumber":0,"Properties":[{"Key":{"Id":"TestCase.ManagedType","Label":"ManagedType","Category":"","Description":"","Attributes":1,"ValueType":"System.String"},"Value":"SharpMind.Tests.Quantization.VecDotTests"},{"Key":{"Id":"XunitTestCaseUniqueID","Label":"xUnit.net Test Case Unique ID","Category":"","Description":"","Attributes":0,"ValueType":"System.String"},"Value":"f749b80647e297989988d5ac4115c668e667a332"},{"Key":{"Id":"TestCase.ManagedMethod","Label":"ManagedMethod","Category":"","Description":"","Attributes":1,"ValueType":"System.String"},"Value":"TestVecDotQ2K_ValidBlock"},{"Key":{"Id":"XunitTestCaseExplicit","Label":"xUnit.net Test Case Explicit Flag","Category":"","Description":"","Attributes":0,"ValueType":"System.Boolean"},"Value":false}]},"Attachments":[],"Outcome":1,"ErrorMessage":null,"ErrorStackTrace":null,"DisplayName":"SharpMind.Tests.Quantization.VecDotTests.TestVecDotQ2K_ValidBlock(qOps: QuantizationOps41153804 { })","Messages":[],"ComputerName":"LAPTOP-MKMTSO1B","Duration":"00:00:00.0011928","StartTime":"2026-07-20T05:41:50.6985799+00:00","EndTime":"2026-07-20T05:41:50.6987135+00:00","Properties":[]},{"TestCase":{"Id":"5631dea2-8a06-234c-cea7-9d282cd787ce","FullyQualifiedName":"SharpMind.Tests.Quantization.VecDotTests.TestVecDotQ2K_ValidBlock","DisplayName":"SharpMind.Tests.Quantization.VecDotTests.TestVecDotQ2K_ValidBlock","ExecutorUri":"executor://xunit/VsTestRunner3/netcore/","Source":"C:\\Integral2u\\source\\repos\\SharpMind\\SharpMind.Tests\\bin\\Debug\\net10.0\\SharpMind.Tests.dll","CodeFilePath":null,"LineNumber":0,"Properties":[{"Key":{"Id":"TestCase.ManagedType","Label":"ManagedType","Category":"","Description":"","Attributes":1,"ValueType":"System.String"},"Value":"SharpMind.Tests.Quantization.VecDotTests"},{"Key":{"Id":"XunitTestCaseUniqueID","Label":"xUnit.net Test Case Unique ID","Category":"","Description":"","Attributes":0,"ValueType":"System.String"},"Value":"f749b80647e297989988d5ac4115c668e667a332"},{"Key":{"Id":"TestCase.ManagedMethod","Label":"ManagedMethod","Category":"","Description":"","Attributes":1,"ValueType":"System.String"},"Value":"TestVecDotQ2K_ValidBlock"},{"Key":{"Id":"XunitTestCaseExplicit","Label":"xUnit.net Test Case Explicit Flag","Category":"","Description":"","Attributes":0,"ValueType":"System.Boolean"},"Value":false}]},"Attachments":[],"Outcome":1,"ErrorMessage":null,"ErrorStackTrace":null,"DisplayName":"SharpMind.Tests.Quantization.VecDotTests.TestVecDotQ2K_ValidBlock(qOps: QuantizationOps23912013 { })","Messages":[],"ComputerName":"LAPTOP-MKMTSO1B","Duration":"00:00:00.0003794","StartTime":"2026-07-20T05:41:50.6990227+00:00","EndTime":"2026-07-20T05:41:50.6991218+00:00","Properties":[]},{"TestCase":{"Id":"5631dea2-8a06-234c-cea7-9d282cd787ce","FullyQualifiedName":"SharpMind.Tests.Quantization.VecDotTests.TestVecDotQ2K_ValidBlock","DisplayName":"SharpMind.Tests.Quantization.VecDotTests.TestVecDotQ2K_ValidBlock","ExecutorUri":"executor://xunit/VsTestRunner3/netcore/","Source":"C:\\Integral2u\\source\\repos\\SharpMind\\SharpMind.Tests\\bin\\Debug\\net10.0\\SharpMind.Tests.dll","CodeFilePath":null,"LineNumber":0,"Properties":[{"Key":{"Id":"TestCase.ManagedType","Label":"ManagedType","Category":"","Description":"","Attributes":1,"ValueType":"System.String"},"Value":"SharpMind.Tests.Quantization.VecDotTests"},{"Key":{"Id":"XunitTestCaseUniqueID","Label":"xUnit.net Test Case Unique ID","Category":"","Description":"","Attributes":0,"ValueType":"System.String"},"Value":"f749b80647e297989988d5ac4115c668e667a332"},{"Key":{"Id":"TestCase.ManagedMethod","Label":"ManagedMethod","Category":"","Description":"","Attributes":1,"ValueType":"System.String"},"Value":"TestVecDotQ2K_ValidBlock"},{"Key":{"Id":"XunitTestCaseExplicit","Label":"xUnit.net Test Case Explicit Flag","Category":"","Description":"","Attributes":0,"ValueType":"System.Boolean"},"Value":false}]},"Attachments":[],"Outcome":1,"ErrorMessage":null,"ErrorStackTrace":null,"DisplayName":"SharpMind.Tests.Quantization.VecDotTests.TestVecDotQ2K_ValidBlock(qOps: QuantizationOps27733429 { })","Messages":[],"ComputerName":"LAPTOP-MKMTSO1B","Duration":"00:00:00.0045245","StartTime":"2026-07-20T05:41:50.699477+00:00","EndTime":"2026-07-20T05:41:50.7029481+00:00","Properties":[]},{"TestCase":{"Id":"5631dea2-8a06-234c-cea7-9d282cd787ce","FullyQualifiedName":"SharpMind.Tests.Quantization.VecDotTests.TestVecDotQ2K_ValidBlock","DisplayName":"SharpMind.Tests.Quantization.VecDotTests.TestVecDotQ2K_ValidBlock","ExecutorUri":"executor://xunit/VsTestRunner3/netcore/","Source":"C:\\Integral2u\\source\\repos\\SharpMind\\SharpMind.Tests\\bin\\Debug\\net10.0\\SharpMind.Tests.dll","CodeFilePath":null,"LineNumber":0,"Properties":[{"Key":{"Id":"TestCase.ManagedType","Label":"ManagedType","Category":"","Description":"","Attributes":1,"ValueType":"System.String"},"Value":"SharpMind.Tests.Quantization.VecDotTests"},{"Key":{"Id":"XunitTestCaseUniqueID","Label":"xUnit.net Test Case Unique ID","Category":"","Description":"","Attributes":0,"ValueType":"System.String"},"Value":"f749b80647e297989988d5ac4115c668e667a332"},{"Key":{"Id":"TestCase.ManagedMethod","Label":"ManagedMethod","Category":"","Description":"","Attributes":1,"ValueType":"System.String"},"Value":"TestVecDotQ2K_ValidBlock"},{"Key":{"Id":"XunitTestCaseExplicit","Label":"xUnit.net Test Case Explicit Flag","Category":"","Description":"","Attributes":0,"ValueType":"System.Boolean"},"Value":false}]},"Attachments":[],"Outcome":1,"ErrorMessage":null,"ErrorStackTrace":null,"DisplayName":"SharpMind.Tests.Quantization.VecDotTests.TestVecDotQ2K_ValidBlock(qOps: QuantizationOps39155797 { })","Messages":[],"ComputerName":"LAPTOP-MKMTSO1B","Duration":"00:00:00.0043399","StartTime":"2026-07-20T05:41:50.7034288+00:00","EndTime":"2026-07-20T05:41:50.7073464+00:00","Properties":[]},{"TestCase":{"Id":"f628b142-91a0-15a9-5266-2aeaadaa4bdd","FullyQualifiedName":"SharpMind.Tests.Quantization.VecDotTests.TestVecDotQ8_0_ValidBlock","DisplayName":"SharpMind.Tests.Quantization.VecDotTests.TestVecDotQ8_0_ValidBlock","ExecutorUri":"executor://xunit/VsTestRunner3/netcore/","Source":"C:\\Integral2u\\source\\repos\\SharpMind\\SharpMind.Tests\\bin\\Debug\\net10.0\\SharpMind.Tests.dll","CodeFilePath":null,"LineNumber":0,"Properties":[{"Key":{"Id":"TestCase.ManagedType","Label":"ManagedType","Category":"","Description":"","Attributes":1,"ValueType":"System.String"},"Value":"SharpMind.Tests.Quantization.VecDotTests"},{"Key":{"Id":"XunitTestCaseUniqueID","Label":"xUnit.net Test Case Unique ID","Category":"","Description":"","Attributes":0,"ValueType":"System.String"},"Value":"f86559e47e45e3fc826b4335c5a71be3338bd70c"},{"Key":{"Id":"TestCase.ManagedMethod","Label":"ManagedMethod","Category":"","Description":"","Attributes":1,"ValueType":"System.String"},"Value":"TestVecDotQ8_0_ValidBlock"},{"Key":{"Id":"XunitTestCaseExplicit","Label":"xUnit.net Test Case Explicit Flag","Category":"","Description":"","Attributes":0,"ValueType":"System.Boolean"},"Value":false}]},"Attachments":[],"Outcome":1,"ErrorMessage":null,"ErrorStackTrace":null,"DisplayName":"SharpMind.Tests.Quantization.VecDotTests.TestVecDotQ8_0_ValidBlock(qOps: QuantizationOps41153804 { })","Messages":[],"ComputerName":"LAPTOP-MKMTSO1B","Duration":"00:00:00.0023873","StartTime":"2026-07-20T05:41:50.7087362+00:00","EndTime":"2026-07-20T05:41:50.7114031+00:00","Properties":[]},{"TestCase":{"Id":"f628b142-91a0-15a9-5266-2aeaadaa4bdd","FullyQualifiedName":"SharpMind.Tests.Quantization.VecDotTests.TestVecDotQ8_0_ValidBlock","DisplayName":"SharpMind.Tests.Quantization.VecDotTests.TestVecDotQ8_0_ValidBlock","ExecutorUri":"executor://xunit/VsTestRunner3/netcore/","Source":"C:\\Integral2u\\source\\repos\\SharpMind\\SharpMind.Tests\\bin\\Debug\\net10.0\\SharpMind.Tests.dll","CodeFilePath":null,"LineNumber":0,"Properties":[{"Key":{"Id":"TestCase.ManagedType","Label":"ManagedType","Category":"","Description":"","Attributes":1,"ValueType":"System.String"},"Value":"SharpMind.Tests.Quantization.VecDotTests"},{"Key":{"Id":"XunitTestCaseUniqueID","Label":"xUnit.net Test Case Unique ID","Category":"","Description":"","Attributes":0,"ValueType":"System.String"},"Value":"f86559e47e45e3fc826b4335c5a71be3338bd70c"},{"Key":{"Id":"TestCase.ManagedMethod","Label":"ManagedMethod","Category":"","Description":"","Attributes":1,"ValueType":"System.String"},"Value":"TestVecDotQ8_0_ValidBlock"},{"Key":{"Id":"XunitTestCaseExplicit","Label":"xUnit.net Test Case Explicit Flag","Category":"","Description":"","Attributes":0,"ValueType":"System.Boolean"},"Value":false}]},"Attachments":[],"Outcome":1,"ErrorMessage":null,"ErrorStackTrace":null,"DisplayName":"SharpMind.Tests.Quantization.VecDotTests.TestVecDotQ8_0_ValidBlock(qOps: QuantizationOps23912013 { })","Messages":[],"ComputerName":"LAPTOP-MKMTSO1B","Duration":"00:00:00.0005407","StartTime":"2026-07-20T05:41:50.7119064+00:00","EndTime":"2026-07-20T05:41:50.7120247+00:00","Properties":[]},{"TestCase":{"Id":"f628b142-91a0-15a9-5266-2aeaadaa4bdd","FullyQualifiedName":"SharpMind.Tests.Quantization.VecDotTests.TestVecDotQ8_0_ValidBlock","DisplayName":"SharpMind.Tests.Quantization.VecDotTests.TestVecDotQ8_0_ValidBlock","ExecutorUri":"executor://xunit/VsTestRunner3/netcore/","Source":"C:\\Integral2u\\source\\repos\\SharpMind\\SharpMind.Tests\\bin\\Debug\\net10.0\\SharpMind.Tests.dll","CodeFilePath":null,"LineNumber":0,"Properties":[{"Key":{"Id":"TestCase.ManagedType","Label":"ManagedType","Category":"","Description":"","Attributes":1,"ValueType":"System.String"},"Value":"SharpMind.Tests.Quantization.VecDotTests"},{"Key":{"Id":"XunitTestCaseUniqueID","Label":"xUnit.net Test Case Unique ID","Category":"","Description":"","Attributes":0,"ValueType":"System.String"},"Value":"f86559e47e45e3fc826b4335c5a71be3338bd70c"},{"Key":{"Id":"TestCase.ManagedMethod","Label":"ManagedMethod","Category":"","Description":"","Attributes":1,"ValueType":"System.String"},"Value":"TestVecDotQ8_0_ValidBlock"},{"Key":{"Id":"XunitTestCaseExplicit","Label":"xUnit.net Test Case Explicit Flag","Category":"","Description":"","Attributes":0,"ValueType":"System.Boolean"},"Value":false}]},"Attachments":[],"Outcome":1,"ErrorMessage":null,"ErrorStackTrace":null,"DisplayName":"SharpMind.Tests.Quantization.VecDotTests.TestVecDotQ8_0_ValidBlock(qOps: QuantizationOps27733429 { })","Messages":[],"ComputerName":"LAPTOP-MKMTSO1B","Duration":"00:00:00.0001409","StartTime":"2026-07-20T05:41:50.7123492+00:00","EndTime":"2026-07-20T05:41:50.7124493+00:00","Properties":[]},{"TestCase":{"Id":"f628b142-91a0-15a9-5266-2aeaadaa4bdd","FullyQualifiedName":"SharpMind.Tests.Quantization.VecDotTests.TestVecDotQ8_0_ValidBlock","DisplayName":"SharpMind.Tests.Quantization.VecDotTests.TestVecDotQ8_0_ValidBlock","ExecutorUri":"executor://xunit/VsTestRunner3/netcore/","Source":"C:\\Integral2u\\source\\repos\\SharpMind\\SharpMind.Tests\\bin\\Debug\\net10.0\\SharpMind.Tests.dll","CodeFilePath":null,"LineNumber":0,"Properties":[{"Key":{"Id":"TestCase.ManagedType","Label":"ManagedType","Category":"","Description":"","Attributes":1,"ValueType":"System.String"},"Value":"SharpMind.Tests.Quantization.VecDotTests"},{"Key":{"Id":"XunitTestCaseUniqueID","Label":"xUnit.net Test Case Unique ID","Category":"","Description":"","Attributes":0,"ValueType":"System.String"},"Value":"f86559e47e45e3fc826b4335c5a71be3338bd70c"},{"Key":{"Id":"TestCase.ManagedMethod","Label":"ManagedMethod","Category":"","Description":"","Attributes":1,"ValueType":"System.String"},"Value":"TestVecDotQ8_0_ValidBlock"},{"Key":{"Id":"XunitTestCaseExplicit","Label":"xUnit.net Test Case Explicit Flag","Category":"","Description":"","Attributes":0,"ValueType":"System.Boolean"},"Value":false}]},"Attachments":[],"Outcome":1,"ErrorMessage":null,"ErrorStackTrace":null,"DisplayName":"SharpMind.Tests.Quantization.VecDotTests.TestVecDotQ8_0_ValidBlock(qOps: QuantizationOps39155797 { })","Messages":[],"ComputerName":"LAPTOP-MKMTSO1B","Duration":"00:00:00.0001314","StartTime":"2026-07-20T05:41:50.7127555+00:00","EndTime":"2026-07-20T05:41:50.7128819+00:00","Properties":[]},{"TestCase":{"Id":"c18c6e47-70b7-5e88-8e4e-6d16636b7e2a","FullyQualifiedName":"SharpMind.Tests.Quantization.QuantizationAgreementTests.VecDot_AllTiers_Agree","DisplayName":"SharpMind.Tests.Quantization.QuantizationAgreementTests.VecDot_AllTiers_Agree(dtype: F16)","ExecutorUri":"executor://xunit/VsTestRunner3/netcore/","Source":"C:\\Integral2u\\source\\repos\\SharpMind\\SharpMind.Tests\\bin\\Debug\\net10.0\\SharpMind.Tests.dll","CodeFilePath":null,"LineNumber":0,"Properties":[{"Key":{"Id":"TestCase.ManagedType","Label":"ManagedType","Category":"","Description":"","Attributes":1,"ValueType":"System.String"},"Value":"SharpMind.Tests.Quantization.QuantizationAgreementTests"},{"Key":{"Id":"XunitTestCaseUniqueID","Label":"xUnit.net Test Case Unique ID","Category":"","Description":"","Attributes":0,"ValueType":"System.String"},"Value":"43e2e5d3608f02422d406b148966171c5357b319"},{"Key":{"Id":"TestCase.ManagedMethod","Label":"ManagedMethod","Category":"","Description":"","Attributes":1,"ValueType":"System.String"},"Value":"VecDot_AllTiers_Agree"},{"Key":{"Id":"XunitTestCaseExplicit","Label":"xUnit.net Test Case Explicit Flag","Category":"","Description":"","Attributes":0,"ValueType":"System.Boolean"},"Value":false}]},"Attachments":[],"Outcome":1,"ErrorMessage":null,"ErrorStackTrace":null,"DisplayName":"SharpMind.Tests.Quantization.QuantizationAgreementTests.VecDot_AllTiers_Agree(dtype: F16)","Messages":[],"ComputerName":"LAPTOP-MKMTSO1B","Duration":"00:00:00.1103230","StartTime":"2026-07-20T05:41:50.6828984+00:00","EndTime":"2026-07-20T05:41:50.7926385+00:00","Properties":[]}],"TestRunStatistics":{"ExecutedTests":251,"Stats":{"Passed":251}},"ActiveTests":[{"Id":"fd4857eb-5748-33c1-7bb2-c42d1f7bb7b0","FullyQualifiedName":"SharpMind.Tests.Quantization.QuantizationAgreementTests.VecDot_AllTiers_Agree","DisplayName":"SharpMind.Tests.Quantization.QuantizationAgreementTests.VecDot_AllTiers_Agree(dtype: F32)","ExecutorUri":"executor://xunit/VsTestRunner3/netcore/","Source":"C:\\Integral2u\\source\\repos\\SharpMind\\SharpMind.Tests\\bin\\Debug\\net10.0\\SharpMind.Tests.dll","CodeFilePath":null,"LineNumber":0,"Properties":[{"Key":{"Id":"TestCase.ManagedType","Label":"ManagedType","Category":"","Description":"","Attributes":1,"ValueType":"System.String"},"Value":"SharpMind.Tests.Quantization.QuantizationAgreementTests"},{"Key":{"Id":"XunitTestCaseUniqueID","Label":"xUnit.net Test Case Unique ID","Category":"","Description":"","Attributes":0,"ValueType":"System.String"},"Value":"57592fedd0e85db04810e4ed12ddd74073f4c2ba"},{"Key":{"Id":"TestCase.ManagedMethod","Label":"ManagedMethod","Category":"","Description":"","Attributes":1,"ValueType":"System.String"},"Value":"VecDot_AllTiers_Agree"},{"Key":{"Id":"XunitTestCaseExplicit","Label":"xUnit.net Test Case Explicit Flag","Category":"","Description":"","Attributes":0,"ValueType":"System.Boolean"},"Value":false}]}]}}
TpTrace Verbose: 0 : 15992, 10, 2026/07/20, 17:41:50.797, 374996723766, vstest.console.dll, TestRunRequest:SendTestRunStatsChange: Starting.
TpTrace Verbose: 0 : 15992, 10, 2026/07/20, 17:41:50.798, 374996725223, vstest.console.dll, InProgress is SharpMind.Tests.Quantization.QuantizationAgreementTests.VecDot_AllTiers_Agree(dtype: F32)
TpTrace Verbose: 0 : 15992, 10, 2026/07/20, 17:41:50.798, 374996725976, vstest.console.dll, MulticastDelegateUtilities.SafeInvoke: TestRun.RunStatsChanged: Invoking callbacks was skipped because there are no subscribers.
TpTrace Information: 0 : 15992, 10, 2026/07/20, 17:41:50.798, 374996726450, vstest.console.dll, TestRunRequest:SendTestRunStatsChange: Completed.
TpTrace Verbose: 0 : 15992, 4, 2026/07/20, 17:41:50.798, 374996727614, vstest.console.dll, MulticastDelegateUtilities.SafeInvoke: InternalTestLoggerEvents.SendTestResult: Invoking callback 1/1 for Microsoft.VisualStudio.TestPlatform.CommandLine.Internal.ConsoleLogger., took 0 ms.
TpTrace Verbose: 0 : 15992, 10, 2026/07/20, 17:41:50.798, 374996727741, vstest.console.dll, MulticastDelegateUtilities.SafeInvoke: LengthPrefixCommunicationChannel: MessageReceived: Invoking callback 1/1 for Microsoft.VisualStudio.TestPlatform.CommunicationUtilities.TestRequestSender+<>c__DisplayClass34_0., took 2 ms.
TpTrace Verbose: 0 : 15992, 4, 2026/07/20, 17:41:50.798, 374996732112, vstest.console.dll, MulticastDelegateUtilities.SafeInvoke: InternalTestLoggerEvents.SendTestResult: Invoking callback 1/1 for Microsoft.VisualStudio.TestPlatform.CommandLine.Internal.ConsoleLogger., took 0 ms.
TpTrace Verbose: 0 : 15992, 10, 2026/07/20, 17:41:50.798, 374996732552, vstest.console.dll, TcpClientExtensions.MessageLoopAsync: Polling on remoteEndPoint: 127.0.0.1:55740 localEndPoint: 127.0.0.1:55739 after 97 ms
TpTrace Verbose: 0 : 15992, 4, 2026/07/20, 17:41:50.798, 374996733282, vstest.console.dll, MulticastDelegateUtilities.SafeInvoke: InternalTestLoggerEvents.SendTestResult: Invoking callback 1/1 for Microsoft.VisualStudio.TestPlatform.CommandLine.Internal.ConsoleLogger., took 0 ms.
TpTrace Verbose: 0 : 15992, 4, 2026/07/20, 17:41:50.798, 374996733935, vstest.console.dll, MulticastDelegateUtilities.SafeInvoke: InternalTestLoggerEvents.SendTestResult: Invoking callback 1/1 for Microsoft.VisualStudio.TestPlatform.CommandLine.Internal.ConsoleLogger., took 0 ms.
TpTrace Verbose: 0 : 15992, 4, 2026/07/20, 17:41:50.799, 374996734498, vstest.console.dll, MulticastDelegateUtilities.SafeInvoke: InternalTestLoggerEvents.SendTestResult: Invoking callback 1/1 for Microsoft.VisualStudio.TestPlatform.CommandLine.Internal.ConsoleLogger., took 0 ms.
TpTrace Verbose: 0 : 15992, 4, 2026/07/20, 17:41:50.799, 374996734974, vstest.console.dll, MulticastDelegateUtilities.SafeInvoke: InternalTestLoggerEvents.SendTestResult: Invoking callback 1/1 for Microsoft.VisualStudio.TestPlatform.CommandLine.Internal.ConsoleLogger., took 0 ms.
TpTrace Verbose: 0 : 15992, 4, 2026/07/20, 17:41:50.799, 374996735435, vstest.console.dll, MulticastDelegateUtilities.SafeInvoke: InternalTestLoggerEvents.SendTestResult: Invoking callback 1/1 for Microsoft.VisualStudio.TestPlatform.CommandLine.Internal.ConsoleLogger., took 0 ms.
TpTrace Verbose: 0 : 15992, 4, 2026/07/20, 17:41:50.799, 374996736372, vstest.console.dll, MulticastDelegateUtilities.SafeInvoke: InternalTestLoggerEvents.SendTestResult: Invoking callback 1/1 for Microsoft.VisualStudio.TestPlatform.CommandLine.Internal.ConsoleLogger., took 0 ms.
TpTrace Verbose: 0 : 15992, 4, 2026/07/20, 17:41:50.799, 374996738720, vstest.console.dll, MulticastDelegateUtilities.SafeInvoke: InternalTestLoggerEvents.SendTestResult: Invoking callback 1/1 for Microsoft.VisualStudio.TestPlatform.CommandLine.Internal.ConsoleLogger., took 0 ms.
TpTrace Verbose: 0 : 15992, 10, 2026/07/20, 17:41:51.807, 375006817051, vstest.console.dll, TcpClientExtensions.MessageLoopAsync: Polling on remoteEndPoint: 127.0.0.1:55740 localEndPoint: 127.0.0.1:55739 after 1008 ms
TpTrace Verbose: 0 : 15992, 10, 2026/07/20, 17:41:51.869, 375007443487, vstest.console.dll, TcpClientExtensions.MessageLoopAsync: NotifyDataAvailable remoteEndPoint: 127.0.0.1:55740 localEndPoint: 127.0.0.1:55739
TpTrace Verbose: 0 : 15992, 10, 2026/07/20, 17:41:51.870, 375007444816, vstest.console.dll, TestRequestSender.OnExecutionMessageReceived: Received message: {"Version":7,"MessageType":"TestSession.Message","Payload":{"MessageLevel":2,"Message":"[xUnit.net 00:00:09.37]     SharpMind.Tests.Quantization.QuantizationAgreementTests.VecDot_AllTiers_Agree(dtype: Q8_K) [FAIL]"}}
TpTrace Verbose: 0 : 15992, 10, 2026/07/20, 17:41:51.870, 375007446313, vstest.console.dll, TestRunRequest:SendTestRunMessage: Starting.
TpTrace Verbose: 0 : 15992, 10, 2026/07/20, 17:41:51.870, 375007447290, vstest.console.dll, MulticastDelegateUtilities.SafeInvoke: TestRun.LogMessages: Invoking callback 1/1 for Microsoft.VisualStudio.TestPlatform.CommandLine.TestRunResultAggregator., took 0 ms.
TpTrace Information: 0 : 15992, 10, 2026/07/20, 17:41:51.870, 375007447804, vstest.console.dll, TestRunRequest:SendTestRunMessage: Completed.
TpTrace Verbose: 0 : 15992, 10, 2026/07/20, 17:41:51.870, 375007448324, vstest.console.dll, MulticastDelegateUtilities.SafeInvoke: LengthPrefixCommunicationChannel: MessageReceived: Invoking callback 1/1 for Microsoft.VisualStudio.TestPlatform.CommunicationUtilities.TestRequestSender+<>c__DisplayClass34_0., took 0 ms.
TpTrace Verbose: 0 : 15992, 10, 2026/07/20, 17:41:51.870, 375007448778, vstest.console.dll, TcpClientExtensions.MessageLoopAsync: Polling on remoteEndPoint: 127.0.0.1:55740 localEndPoint: 127.0.0.1:55739 after 62 ms
TpTrace Verbose: 0 : 15992, 4, 2026/07/20, 17:41:51.870, 375007450028, vstest.console.dll, MulticastDelegateUtilities.SafeInvoke: InternalTestLoggerEvents.SendTestRunMessage: Invoking callback 1/1 for Microsoft.VisualStudio.TestPlatform.CommandLine.Internal.ConsoleLogger., took 0 ms.
TpTrace Verbose: 0 : 15992, 10, 2026/07/20, 17:41:51.875, 375007500180, vstest.console.dll, TcpClientExtensions.MessageLoopAsync: NotifyDataAvailable remoteEndPoint: 127.0.0.1:55740 localEndPoint: 127.0.0.1:55739
TpTrace Verbose: 0 : 15992, 10, 2026/07/20, 17:41:51.876, 375007505004, vstest.console.dll, TestRequestSender.OnExecutionMessageReceived: Received message: {"Version":7,"MessageType":"TestSession.Message","Payload":{"MessageLevel":0,"Message":"[xUnit.net 00:00:09.37]       VecDot [Q8_K] SSE differs from Scalar. MaxErr=∞ MaxRel=∞"}}
TpTrace Verbose: 0 : 15992, 10, 2026/07/20, 17:41:51.876, 375007505951, vstest.console.dll, TestRunRequest:SendTestRunMessage: Starting.
TpTrace Verbose: 0 : 15992, 10, 2026/07/20, 17:41:51.876, 375007506542, vstest.console.dll, MulticastDelegateUtilities.SafeInvoke: TestRun.LogMessages: Invoking callback 1/1 for Microsoft.VisualStudio.TestPlatform.CommandLine.TestRunResultAggregator., took 0 ms.
TpTrace Information: 0 : 15992, 10, 2026/07/20, 17:41:51.876, 375007507984, vstest.console.dll, TestRunRequest:SendTestRunMessage: Completed.
TpTrace Verbose: 0 : 15992, 10, 2026/07/20, 17:41:51.876, 375007508376, vstest.console.dll, MulticastDelegateUtilities.SafeInvoke: LengthPrefixCommunicationChannel: MessageReceived: Invoking callback 1/1 for Microsoft.VisualStudio.TestPlatform.CommunicationUtilities.TestRequestSender+<>c__DisplayClass34_0., took 0 ms.
TpTrace Verbose: 0 : 15992, 10, 2026/07/20, 17:41:51.876, 375007508878, vstest.console.dll, TcpClientExtensions.MessageLoopAsync: Polling on remoteEndPoint: 127.0.0.1:55740 localEndPoint: 127.0.0.1:55739 after 5 ms
TpTrace Verbose: 0 : 15992, 4, 2026/07/20, 17:41:51.876, 375007513908, vstest.console.dll, MulticastDelegateUtilities.SafeInvoke: InternalTestLoggerEvents.SendTestRunMessage: Invoking callback 1/1 for Microsoft.VisualStudio.TestPlatform.CommandLine.Internal.ConsoleLogger., took 0 ms.
TpTrace Verbose: 0 : 15992, 10, 2026/07/20, 17:41:51.877, 375007520556, vstest.console.dll, TcpClientExtensions.MessageLoopAsync: NotifyDataAvailable remoteEndPoint: 127.0.0.1:55740 localEndPoint: 127.0.0.1:55739
TpTrace Verbose: 0 : 15992, 10, 2026/07/20, 17:41:51.877, 375007521941, vstest.console.dll, TestRequestSender.OnExecutionMessageReceived: Received message: {"Version":7,"MessageType":"TestSession.Message","Payload":{"MessageLevel":0,"Message":"[xUnit.net 00:00:09.38]       Stack Trace:"}}
TpTrace Verbose: 0 : 15992, 10, 2026/07/20, 17:41:51.877, 375007523317, vstest.console.dll, TestRunRequest:SendTestRunMessage: Starting.
TpTrace Verbose: 0 : 15992, 10, 2026/07/20, 17:41:51.878, 375007525466, vstest.console.dll, MulticastDelegateUtilities.SafeInvoke: TestRun.LogMessages: Invoking callback 1/1 for Microsoft.VisualStudio.TestPlatform.CommandLine.TestRunResultAggregator., took 0 ms.
TpTrace Information: 0 : 15992, 10, 2026/07/20, 17:41:51.878, 375007525969, vstest.console.dll, TestRunRequest:SendTestRunMessage: Completed.
TpTrace Verbose: 0 : 15992, 10, 2026/07/20, 17:41:51.878, 375007526474, vstest.console.dll, MulticastDelegateUtilities.SafeInvoke: LengthPrefixCommunicationChannel: MessageReceived: Invoking callback 1/1 for Microsoft.VisualStudio.TestPlatform.CommunicationUtilities.TestRequestSender+<>c__DisplayClass34_0., took 0 ms.
TpTrace Verbose: 0 : 15992, 10, 2026/07/20, 17:41:51.878, 375007526952, vstest.console.dll, TcpClientExtensions.MessageLoopAsync: Polling on remoteEndPoint: 127.0.0.1:55740 localEndPoint: 127.0.0.1:55739 after 1 ms
TpTrace Verbose: 0 : 15992, 4, 2026/07/20, 17:41:51.878, 375007533930, vstest.console.dll, MulticastDelegateUtilities.SafeInvoke: InternalTestLoggerEvents.SendTestRunMessage: Invoking callback 1/1 for Microsoft.VisualStudio.TestPlatform.CommandLine.Internal.ConsoleLogger., took 0 ms.
TpTrace Verbose: 0 : 15992, 10, 2026/07/20, 17:41:51.879, 375007538580, vstest.console.dll, TcpClientExtensions.MessageLoopAsync: NotifyDataAvailable remoteEndPoint: 127.0.0.1:55740 localEndPoint: 127.0.0.1:55739
TpTrace Verbose: 0 : 15992, 10, 2026/07/20, 17:41:51.879, 375007539644, vstest.console.dll, TestRequestSender.OnExecutionMessageReceived: Received message: {"Version":7,"MessageType":"TestSession.Message","Payload":{"MessageLevel":0,"Message":"[xUnit.net 00:00:09.38]         C:\\Integral2u\\source\\repos\\SharpMind\\SharpMind.Tests\\Quantization\\QuantizationAgreementTests.cs(182,0): at SharpMind.Tests.Quantization.QuantizationAgreementTests.VecDot_AllTiers_Agree(QuantDType dtype)"}}
TpTrace Verbose: 0 : 15992, 10, 2026/07/20, 17:41:51.879, 375007540738, vstest.console.dll, TestRunRequest:SendTestRunMessage: Starting.
TpTrace Verbose: 0 : 15992, 10, 2026/07/20, 17:41:51.879, 375007541461, vstest.console.dll, MulticastDelegateUtilities.SafeInvoke: TestRun.LogMessages: Invoking callback 1/1 for Microsoft.VisualStudio.TestPlatform.CommandLine.TestRunResultAggregator., took 0 ms.
TpTrace Information: 0 : 15992, 10, 2026/07/20, 17:41:51.879, 375007542110, vstest.console.dll, TestRunRequest:SendTestRunMessage: Completed.
TpTrace Verbose: 0 : 15992, 10, 2026/07/20, 17:41:51.879, 375007542791, vstest.console.dll, MulticastDelegateUtilities.SafeInvoke: LengthPrefixCommunicationChannel: MessageReceived: Invoking callback 1/1 for Microsoft.VisualStudio.TestPlatform.CommunicationUtilities.TestRequestSender+<>c__DisplayClass34_0., took 0 ms.
TpTrace Verbose: 0 : 15992, 10, 2026/07/20, 17:41:51.879, 375007543298, vstest.console.dll, TcpClientExtensions.MessageLoopAsync: Polling on remoteEndPoint: 127.0.0.1:55740 localEndPoint: 127.0.0.1:55739 after 1 ms
TpTrace Verbose: 0 : 15992, 10, 2026/07/20, 17:41:51.879, 375007543972, vstest.console.dll, TcpClientExtensions.MessageLoopAsync: NotifyDataAvailable remoteEndPoint: 127.0.0.1:55740 localEndPoint: 127.0.0.1:55739
TpTrace Verbose: 0 : 15992, 10, 2026/07/20, 17:41:51.880, 375007544792, vstest.console.dll, TestRequestSender.OnExecutionMessageReceived: Received message: {"Version":7,"MessageType":"TestSession.Message","Payload":{"MessageLevel":0,"Message":"[xUnit.net 00:00:09.38]            at InvokeStub_QuantizationAgreementTests.VecDot_AllTiers_Agree(Object, Span`1)"}}
TpTrace Verbose: 0 : 15992, 10, 2026/07/20, 17:41:51.880, 375007545559, vstest.console.dll, TestRunRequest:SendTestRunMessage: Starting.
TpTrace Verbose: 0 : 15992, 10, 2026/07/20, 17:41:51.880, 375007546197, vstest.console.dll, MulticastDelegateUtilities.SafeInvoke: TestRun.LogMessages: Invoking callback 1/1 for Microsoft.VisualStudio.TestPlatform.CommandLine.TestRunResultAggregator., took 0 ms.
TpTrace Information: 0 : 15992, 10, 2026/07/20, 17:41:51.880, 375007546603, vstest.console.dll, TestRunRequest:SendTestRunMessage: Completed.
TpTrace Verbose: 0 : 15992, 10, 2026/07/20, 17:41:51.880, 375007547037, vstest.console.dll, MulticastDelegateUtilities.SafeInvoke: LengthPrefixCommunicationChannel: MessageReceived: Invoking callback 1/1 for Microsoft.VisualStudio.TestPlatform.CommunicationUtilities.TestRequestSender+<>c__DisplayClass34_0., took 0 ms.
TpTrace Verbose: 0 : 15992, 10, 2026/07/20, 17:41:51.880, 375007547517, vstest.console.dll, TcpClientExtensions.MessageLoopAsync: Polling on remoteEndPoint: 127.0.0.1:55740 localEndPoint: 127.0.0.1:55739 after 0 ms
TpTrace Verbose: 0 : 15992, 10, 2026/07/20, 17:41:51.880, 375007550169, vstest.console.dll, TcpClientExtensions.MessageLoopAsync: NotifyDataAvailable remoteEndPoint: 127.0.0.1:55740 localEndPoint: 127.0.0.1:55739
TpTrace Verbose: 0 : 15992, 10, 2026/07/20, 17:41:51.880, 375007550843, vstest.console.dll, TestRequestSender.OnExecutionMessageReceived: Received message: {"Version":7,"MessageType":"TestSession.Message","Payload":{"MessageLevel":0,"Message":"[xUnit.net 00:00:09.38]            at System.Reflection.MethodBaseInvoker.InvokeWithOneArg(Object obj, BindingFlags invokeAttr, Binder binder, Object[] parameters, CultureInfo culture)"}}
TpTrace Verbose: 0 : 15992, 10, 2026/07/20, 17:41:51.880, 375007551579, vstest.console.dll, TestRunRequest:SendTestRunMessage: Starting.
TpTrace Verbose: 0 : 15992, 10, 2026/07/20, 17:41:51.880, 375007552161, vstest.console.dll, MulticastDelegateUtilities.SafeInvoke: TestRun.LogMessages: Invoking callback 1/1 for Microsoft.VisualStudio.TestPlatform.CommandLine.TestRunResultAggregator., took 0 ms.
TpTrace Information: 0 : 15992, 10, 2026/07/20, 17:41:51.880, 375007552900, vstest.console.dll, TestRunRequest:SendTestRunMessage: Completed.
TpTrace Verbose: 0 : 15992, 10, 2026/07/20, 17:41:51.880, 375007553339, vstest.console.dll, MulticastDelegateUtilities.SafeInvoke: LengthPrefixCommunicationChannel: MessageReceived: Invoking callback 1/1 for Microsoft.VisualStudio.TestPlatform.CommunicationUtilities.TestRequestSender+<>c__DisplayClass34_0., took 0 ms.
TpTrace Verbose: 0 : 15992, 10, 2026/07/20, 17:41:51.880, 375007553737, vstest.console.dll, TcpClientExtensions.MessageLoopAsync: Polling on remoteEndPoint: 127.0.0.1:55740 localEndPoint: 127.0.0.1:55739 after 0 ms
TpTrace Verbose: 0 : 15992, 4, 2026/07/20, 17:41:51.880, 375007549314, vstest.console.dll, MulticastDelegateUtilities.SafeInvoke: InternalTestLoggerEvents.SendTestRunMessage: Invoking callback 1/1 for Microsoft.VisualStudio.TestPlatform.CommandLine.Internal.ConsoleLogger., took 0 ms.
TpTrace Verbose: 0 : 15992, 4, 2026/07/20, 17:41:51.881, 375007564116, vstest.console.dll, MulticastDelegateUtilities.SafeInvoke: InternalTestLoggerEvents.SendTestRunMessage: Invoking callback 1/1 for Microsoft.VisualStudio.TestPlatform.CommandLine.Internal.ConsoleLogger., took 0 ms.
TpTrace Verbose: 0 : 15992, 4, 2026/07/20, 17:41:51.882, 375007565067, vstest.console.dll, MulticastDelegateUtilities.SafeInvoke: InternalTestLoggerEvents.SendTestRunMessage: Invoking callback 1/1 for Microsoft.VisualStudio.TestPlatform.CommandLine.Internal.ConsoleLogger., took 0 ms.
TpTrace Verbose: 0 : 15992, 10, 2026/07/20, 17:41:51.892, 375007665447, vstest.console.dll, TcpClientExtensions.MessageLoopAsync: NotifyDataAvailable remoteEndPoint: 127.0.0.1:55740 localEndPoint: 127.0.0.1:55739
TpTrace Verbose: 0 : 15992, 10, 2026/07/20, 17:41:51.892, 375007671773, vstest.console.dll, TestRequestSender.OnExecutionMessageReceived: Received message: {"Version":7,"MessageType":"TestExecution.StatsChange","Payload":{"NewTestResults":[{"TestCase":{"Id":"fd4857eb-5748-33c1-7bb2-c42d1f7bb7b0","FullyQualifiedName":"SharpMind.Tests.Quantization.QuantizationAgreementTests.VecDot_AllTiers_Agree","DisplayName":"SharpMind.Tests.Quantization.QuantizationAgreementTests.VecDot_AllTiers_Agree(dtype: F32)","ExecutorUri":"executor://xunit/VsTestRunner3/netcore/","Source":"C:\\Integral2u\\source\\repos\\SharpMind\\SharpMind.Tests\\bin\\Debug\\net10.0\\SharpMind.Tests.dll","CodeFilePath":null,"LineNumber":0,"Properties":[{"Key":{"Id":"TestCase.ManagedType","Label":"ManagedType","Category":"","Description":"","Attributes":1,"ValueType":"System.String"},"Value":"SharpMind.Tests.Quantization.QuantizationAgreementTests"},{"Key":{"Id":"XunitTestCaseUniqueID","Label":"xUnit.net Test Case Unique ID","Category":"","Description":"","Attributes":0,"ValueType":"System.String"},"Value":"57592fedd0e85db04810e4ed12ddd74073f4c2ba"},{"Key":{"Id":"TestCase.ManagedMethod","Label":"ManagedMethod","Category":"","Description":"","Attributes":1,"ValueType":"System.String"},"Value":"VecDot_AllTiers_Agree"},{"Key":{"Id":"XunitTestCaseExplicit","Label":"xUnit.net Test Case Explicit Flag","Category":"","Description":"","Attributes":0,"ValueType":"System.Boolean"},"Value":false}]},"Attachments":[],"Outcome":1,"ErrorMessage":null,"ErrorStackTrace":null,"DisplayName":"SharpMind.Tests.Quantization.QuantizationAgreementTests.VecDot_AllTiers_Agree(dtype: F32)","Messages":[],"ComputerName":"LAPTOP-MKMTSO1B","Duration":"00:00:00.1573812","StartTime":"2026-07-20T05:41:50.795836+00:00","EndTime":"2026-07-20T05:41:50.9501465+00:00","Properties":[]},{"TestCase":{"Id":"396b6fb3-4c81-50e3-df5c-403f9e6c6873","FullyQualifiedName":"SharpMind.Tests.Quantization.QuantizationAgreementTests.VecDot_AllTiers_Agree","DisplayName":"SharpMind.Tests.Quantization.QuantizationAgreementTests.VecDot_AllTiers_Agree(dtype: Q2_K)","ExecutorUri":"executor://xunit/VsTestRunner3/netcore/","Source":"C:\\Integral2u\\source\\repos\\SharpMind\\SharpMind.Tests\\bin\\Debug\\net10.0\\SharpMind.Tests.dll","CodeFilePath":null,"LineNumber":0,"Properties":[{"Key":{"Id":"TestCase.ManagedType","Label":"ManagedType","Category":"","Description":"","Attributes":1,"ValueType":"System.String"},"Value":"SharpMind.Tests.Quantization.QuantizationAgreementTests"},{"Key":{"Id":"XunitTestCaseUniqueID","Label":"xUnit.net Test Case Unique ID","Category":"","Description":"","Attributes":0,"ValueType":"System.String"},"Value":"6293ccc9b08019c689b14d2cdbd572d04a8b2bd5"},{"Key":{"Id":"TestCase.ManagedMethod","Label":"ManagedMethod","Category":"","Description":"","Attributes":1,"ValueType":"System.String"},"Value":"VecDot_AllTiers_Agree"},{"Key":{"Id":"XunitTestCaseExplicit","Label":"xUnit.net Test Case Explicit Flag","Category":"","Description":"","Attributes":0,"ValueType":"System.Boolean"},"Value":false}]},"Attachments":[],"Outcome":1,"ErrorMessage":null,"ErrorStackTrace":null,"DisplayName":"SharpMind.Tests.Quantization.QuantizationAgreementTests.VecDot_AllTiers_Agree(dtype: Q2_K)","Messages":[],"ComputerName":"LAPTOP-MKMTSO1B","Duration":"00:00:00.1589839","StartTime":"2026-07-20T05:41:50.9508949+00:00","EndTime":"2026-07-20T05:41:51.1092019+00:00","Properties":[]},{"TestCase":{"Id":"14d4f9ae-52a0-af17-6922-1777aead7902","FullyQualifiedName":"SharpMind.Tests.Quantization.QuantizationAgreementTests.VecDot_AllTiers_Agree","DisplayName":"SharpMind.Tests.Quantization.QuantizationAgreementTests.VecDot_AllTiers_Agree(dtype: Q3_K)","ExecutorUri":"executor://xunit/VsTestRunner3/netcore/","Source":"C:\\Integral2u\\source\\repos\\SharpMind\\SharpMind.Tests\\bin\\Debug\\net10.0\\SharpMind.Tests.dll","CodeFilePath":null,"LineNumber":0,"Properties":[{"Key":{"Id":"TestCase.ManagedType","Label":"ManagedType","Category":"","Description":"","Attributes":1,"ValueType":"System.String"},"Value":"SharpMind.Tests.Quantization.QuantizationAgreementTests"},{"Key":{"Id":"XunitTestCaseUniqueID","Label":"xUnit.net Test Case Unique ID","Category":"","Description":"","Attributes":0,"ValueType":"System.String"},"Value":"632b26492f3c3027902a35591d708becbf75a166"},{"Key":{"Id":"TestCase.ManagedMethod","Label":"ManagedMethod","Category":"","Description":"","Attributes":1,"ValueType":"System.String"},"Value":"VecDot_AllTiers_Agree"},{"Key":{"Id":"XunitTestCaseExplicit","Label":"xUnit.net Test Case Explicit Flag","Category":"","Description":"","Attributes":0,"ValueType":"System.Boolean"},"Value":false}]},"Attachments":[],"Outcome":1,"ErrorMessage":null,"ErrorStackTrace":null,"DisplayName":"SharpMind.Tests.Quantization.QuantizationAgreementTests.VecDot_AllTiers_Agree(dtype: Q3_K)","Messages":[],"ComputerName":"LAPTOP-MKMTSO1B","Duration":"00:00:00.1672882","StartTime":"2026-07-20T05:41:51.1098684+00:00","EndTime":"2026-07-20T05:41:51.2767458+00:00","Properties":[]},{"TestCase":{"Id":"13437dae-3e37-5ffc-fcb4-2384503fb53e","FullyQualifiedName":"SharpMind.Tests.Quantization.QuantizationAgreementTests.VecDot_AllTiers_Agree","DisplayName":"SharpMind.Tests.Quantization.QuantizationAgreementTests.VecDot_AllTiers_Agree(dtype: Q5_1)","ExecutorUri":"executor://xunit/VsTestRunner3/netcore/","Source":"C:\\Integral2u\\source\\repos\\SharpMind\\SharpMind.Tests\\bin\\Debug\\net10.0\\SharpMind.Tests.dll","CodeFilePath":null,"LineNumber":0,"Properties":[{"Key":{"Id":"TestCase.ManagedType","Label":"ManagedType","Category":"","Description":"","Attributes":1,"ValueType":"System.String"},"Value":"SharpMind.Tests.Quantization.QuantizationAgreementTests"},{"Key":{"Id":"XunitTestCaseUniqueID","Label":"xUnit.net Test Case Unique ID","Category":"","Description":"","Attributes":0,"ValueType":"System.String"},"Value":"6ffce54fe0da85dfad843a6b24ccc48ecc002b9f"},{"Key":{"Id":"TestCase.ManagedMethod","Label":"ManagedMethod","Category":"","Description":"","Attributes":1,"ValueType":"System.String"},"Value":"VecDot_AllTiers_Agree"},{"Key":{"Id":"XunitTestCaseExplicit","Label":"xUnit.net Test Case Explicit Flag","Category":"","Description":"","Attributes":0,"ValueType":"System.Boolean"},"Value":false}]},"Attachments":[],"Outcome":1,"ErrorMessage":null,"ErrorStackTrace":null,"DisplayName":"SharpMind.Tests.Quantization.QuantizationAgreementTests.VecDot_AllTiers_Agree(dtype: Q5_1)","Messages":[],"ComputerName":"LAPTOP-MKMTSO1B","Duration":"00:00:00.0023539","StartTime":"2026-07-20T05:41:51.2774303+00:00","EndTime":"2026-07-20T05:41:51.2791923+00:00","Properties":[]},{"TestCase":{"Id":"5db315f0-62a1-919d-111f-3c37462badef","FullyQualifiedName":"SharpMind.Tests.Quantization.QuantizationAgreementTests.VecDot_AllTiers_Agree","DisplayName":"SharpMind.Tests.Quantization.QuantizationAgreementTests.VecDot_AllTiers_Agree(dtype: Q4_K)","ExecutorUri":"executor://xunit/VsTestRunner3/netcore/","Source":"C:\\Integral2u\\source\\repos\\SharpMind\\SharpMind.Tests\\bin\\Debug\\net10.0\\SharpMind.Tests.dll","CodeFilePath":null,"LineNumber":0,"Properties":[{"Key":{"Id":"TestCase.ManagedType","Label":"ManagedType","Category":"","Description":"","Attributes":1,"ValueType":"System.String"},"Value":"SharpMind.Tests.Quantization.QuantizationAgreementTests"},{"Key":{"Id":"XunitTestCaseUniqueID","Label":"xUnit.net Test Case Unique ID","Category":"","Description":"","Attributes":0,"ValueType":"System.String"},"Value":"80176f79ae425c4c7a7f2fa6644e0a1a43a2e656"},{"Key":{"Id":"TestCase.ManagedMethod","Label":"ManagedMethod","Category":"","Description":"","Attributes":1,"ValueType":"System.String"},"Value":"VecDot_AllTiers_Agree"},{"Key":{"Id":"XunitTestCaseExplicit","Label":"xUnit.net Test Case Explicit Flag","Category":"","Description":"","Attributes":0,"ValueType":"System.Boolean"},"Value":false}]},"Attachments":[],"Outcome":1,"ErrorMessage":null,"ErrorStackTrace":null,"DisplayName":"SharpMind.Tests.Quantization.QuantizationAgreementTests.VecDot_AllTiers_Agree(dtype: Q4_K)","Messages":[],"ComputerName":"LAPTOP-MKMTSO1B","Duration":"00:00:00.1292985","StartTime":"2026-07-20T05:41:51.2805567+00:00","EndTime":"2026-07-20T05:41:51.4087003+00:00","Properties":[]},{"TestCase":{"Id":"f9e3817b-dbbc-83ff-7010-807678cae1af","FullyQualifiedName":"SharpMind.Tests.Quantization.QuantizationAgreementTests.VecDot_AllTiers_Agree","DisplayName":"SharpMind.Tests.Quantization.QuantizationAgreementTests.VecDot_AllTiers_Agree(dtype: Q5_K)","ExecutorUri":"executor://xunit/VsTestRunner3/netcore/","Source":"C:\\Integral2u\\source\\repos\\SharpMind\\SharpMind.Tests\\bin\\Debug\\net10.0\\SharpMind.Tests.dll","CodeFilePath":null,"LineNumber":0,"Properties":[{"Key":{"Id":"TestCase.ManagedType","Label":"ManagedType","Category":"","Description":"","Attributes":1,"ValueType":"System.String"},"Value":"SharpMind.Tests.Quantization.QuantizationAgreementTests"},{"Key":{"Id":"XunitTestCaseUniqueID","Label":"xUnit.net Test Case Unique ID","Category":"","Description":"","Attributes":0,"ValueType":"System.String"},"Value":"994a7e7b8d5db56567025b9aedc57297df7e5c51"},{"Key":{"Id":"TestCase.ManagedMethod","Label":"ManagedMethod","Category":"","Description":"","Attributes":1,"ValueType":"System.String"},"Value":"VecDot_AllTiers_Agree"},{"Key":{"Id":"XunitTestCaseExplicit","Label":"xUnit.net Test Case Explicit Flag","Category":"","Description":"","Attributes":0,"ValueType":"System.Boolean"},"Value":false}]},"Attachments":[],"Outcome":1,"ErrorMessage":null,"ErrorStackTrace":null,"DisplayName":"SharpMind.Tests.Quantization.QuantizationAgreementTests.VecDot_AllTiers_Agree(dtype: Q5_K)","Messages":[],"ComputerName":"LAPTOP-MKMTSO1B","Duration":"00:00:00.3604937","StartTime":"2026-07-20T05:41:51.4094289+00:00","EndTime":"2026-07-20T05:41:51.7692625+00:00","Properties":[]},{"TestCase":{"Id":"f204cefe-8205-429c-8022-5b46571344c7","FullyQualifiedName":"SharpMind.Tests.Quantization.QuantizationAgreementTests.VecDot_AllTiers_Agree","DisplayName":"SharpMind.Tests.Quantization.QuantizationAgreementTests.VecDot_AllTiers_Agree(dtype: Q8_K)","ExecutorUri":"executor://xunit/VsTestRunner3/netcore/","Source":"C:\\Integral2u\\source\\repos\\SharpMind\\SharpMind.Tests\\bin\\Debug\\net10.0\\SharpMind.Tests.dll","CodeFilePath":null,"LineNumber":0,"Properties":[{"Key":{"Id":"TestCase.ManagedType","Label":"ManagedType","Category":"","Description":"","Attributes":1,"ValueType":"System.String"},"Value":"SharpMind.Tests.Quantization.QuantizationAgreementTests"},{"Key":{"Id":"XunitTestCaseUniqueID","Label":"xUnit.net Test Case Unique ID","Category":"","Description":"","Attributes":0,"ValueType":"System.String"},"Value":"c55178561582df68d13e54d9887b0966373d6f8a"},{"Key":{"Id":"TestCase.ManagedMethod","Label":"ManagedMethod","Category":"","Description":"","Attributes":1,"ValueType":"System.String"},"Value":"VecDot_AllTiers_Agree"},{"Key":{"Id":"XunitTestCaseExplicit","Label":"xUnit.net Test Case Explicit Flag","Category":"","Description":"","Attributes":0,"ValueType":"System.Boolean"},"Value":false}]},"Attachments":[],"Outcome":2,"ErrorMessage":"VecDot [Q8_K] SSE differs from Scalar. MaxErr=∞ MaxRel=∞","ErrorStackTrace":"   at SharpMind.Tests.Quantization.QuantizationAgreementTests.VecDot_AllTiers_Agree(QuantDType dtype) in C:\\Integral2u\\source\\repos\\SharpMind\\SharpMind.Tests\\Quantization\\QuantizationAgreementTests.cs:line 182\r\n   at InvokeStub_QuantizationAgreementTests.VecDot_AllTiers_Agree(Object, Span`1)\r\n   at System.Reflection.MethodBaseInvoker.InvokeWithOneArg(Object obj, BindingFlags invokeAttr, Binder binder, Object[] parameters, CultureInfo culture)","DisplayName":"SharpMind.Tests.Quantization.QuantizationAgreementTests.VecDot_AllTiers_Agree(dtype: Q8_K)","Messages":[],"ComputerName":"LAPTOP-MKMTSO1B","Duration":"00:00:00.0625580","StartTime":"2026-07-20T05:41:51.7699153+00:00","EndTime":"2026-07-20T05:41:51.8626772+00:00","Properties":[]},{"TestCase":{"Id":"86f7a741-5ab8-08cf-51c5-6ee013a0a090","FullyQualifiedName":"SharpMind.Tests.Quantization.QuantizationAgreementTests.VecDot_AllTiers_Agree","DisplayName":"SharpMind.Tests.Quantization.QuantizationAgreementTests.VecDot_AllTiers_Agree(dtype: Q8_1)","ExecutorUri":"executor://xunit/VsTestRunner3/netcore/","Source":"C:\\Integral2u\\source\\repos\\SharpMind\\SharpMind.Tests\\bin\\Debug\\net10.0\\SharpMind.Tests.dll","CodeFilePath":null,"LineNumber":0,"Properties":[{"Key":{"Id":"TestCase.ManagedType","Label":"ManagedType","Category":"","Description":"","Attributes":1,"ValueType":"System.String"},"Value":"SharpMind.Tests.Quantization.QuantizationAgreementTests"},{"Key":{"Id":"XunitTestCaseUniqueID","Label":"xUnit.net Test Case Unique ID","Category":"","Description":"","Attributes":0,"ValueType":"System.String"},"Value":"eb2cd4bfddabb7e95bd2015e8c864ede47f9f9b0"},{"Key":{"Id":"TestCase.ManagedMethod","Label":"ManagedMethod","Category":"","Description":"","Attributes":1,"ValueType":"System.String"},"Value":"VecDot_AllTiers_Agree"},{"Key":{"Id":"XunitTestCaseExplicit","Label":"xUnit.net Test Case Explicit Flag","Category":"","Description":"","Attributes":0,"ValueType":"System.Boolean"},"Value":false}]},"Attachments":[],"Outcome":1,"ErrorMessage":null,"ErrorStackTrace":null,"DisplayName":"SharpMind.Tests.Quantization.QuantizationAgreementTests.VecDot_AllTiers_Agree(dtype: Q8_1)","Messages":[],"ComputerName":"LAPTOP-MKMTSO1B","Duration":"00:00:00.0055256","StartTime":"2026-07-20T05:41:51.884675+00:00","EndTime":"2026-07-20T05:41:51.8847901+00:00","Properties":[]},{"TestCase":{"Id":"64d21dac-1a47-e245-5b6d-3fe545cd19b3","FullyQualifiedName":"SharpMind.Tests.Quantization.QuantizationAgreementTests.VecDot_AllTiers_Agree","DisplayName":"SharpMind.Tests.Quantization.QuantizationAgreementTests.VecDot_AllTiers_Agree(dtype: Q4_1)","ExecutorUri":"executor://xunit/VsTestRunner3/netcore/","Source":"C:\\Integral2u\\source\\repos\\SharpMind\\SharpMind.Tests\\bin\\Debug\\net10.0\\SharpMind.Tests.dll","CodeFilePath":null,"LineNumber":0,"Properties":[{"Key":{"Id":"TestCase.ManagedType","Label":"ManagedType","Category":"","Description":"","Attributes":1,"ValueType":"System.String"},"Value":"SharpMind.Tests.Quantization.QuantizationAgreementTests"},{"Key":{"Id":"XunitTestCaseUniqueID","Label":"xUnit.net Test Case Unique ID","Category":"","Description":"","Attributes":0,"ValueType":"System.String"},"Value":"ff464732597fe389380585fa5f88c1eb12b160d0"},{"Key":{"Id":"TestCase.ManagedMethod","Label":"ManagedMethod","Category":"","Description":"","Attributes":1,"ValueType":"System.String"},"Value":"VecDot_AllTiers_Agree"},{"Key":{"Id":"XunitTestCaseExplicit","Label":"xUnit.net Test Case Explicit Flag","Category":"","Description":"","Attributes":0,"ValueType":"System.Boolean"},"Value":false}]},"Attachments":[],"Outcome":1,"ErrorMessage":null,"ErrorStackTrace":null,"DisplayName":"SharpMind.Tests.Quantization.QuantizationAgreementTests.VecDot_AllTiers_Agree(dtype: Q4_1)","Messages":[],"ComputerName":"LAPTOP-MKMTSO1B","Duration":"00:00:00.0050998","StartTime":"2026-07-20T05:41:51.8853346+00:00","EndTime":"2026-07-20T05:41:51.8854355+00:00","Properties":[]}],"TestRunStatistics":{"ExecutedTests":260,"Stats":{"Passed":259,"Failed":1}},"ActiveTests":[{"Id":"c296bc0b-35fd-8fb6-24be-d113abb893cf","FullyQualifiedName":"SharpMind.Tests.Quantization.QuantizationAgreementTests.QuantizedMatMul_AllTiers_Agree","DisplayName":"SharpMind.Tests.Quantization.QuantizationAgreementTests.QuantizedMatMul_AllTiers_Agree(dtype: Q8_K)","ExecutorUri":"executor://xunit/VsTestRunner3/netcore/","Source":"C:\\Integral2u\\source\\repos\\SharpMind\\SharpMind.Tests\\bin\\Debug\\net10.0\\SharpMind.Tests.dll","CodeFilePath":null,"LineNumber":0,"Properties":[{"Key":{"Id":"TestCase.ManagedType","Label":"ManagedType","Category":"","Description":"","Attributes":1,"ValueType":"System.String"},"Value":"SharpMind.Tests.Quantization.QuantizationAgreementTests"},{"Key":{"Id":"XunitTestCaseUniqueID","Label":"xUnit.net Test Case Unique ID","Category":"","Description":"","Attributes":0,"ValueType":"System.String"},"Value":"1d1cd0cb5c22b1de92cbecf4b8cae11b70b03ec1"},{"Key":{"Id":"TestCase.ManagedMethod","Label":"ManagedMethod","Category":"","Description":"","Attributes":1,"ValueType":"System.String"},"Value":"QuantizedMatMul_AllTiers_Agree"},{"Key":{"Id":"XunitTestCaseExplicit","Label":"xUnit.net Test Case Explicit Flag","Category":"","Description":"","Attributes":0,"ValueType":"System.Boolean"},"Value":false}]}]}}
TpTrace Verbose: 0 : 15992, 10, 2026/07/20, 17:41:51.895, 375007694339, vstest.console.dll, TestRunRequest:SendTestRunStatsChange: Starting.
TpTrace Verbose: 0 : 15992, 10, 2026/07/20, 17:41:51.895, 375007695539, vstest.console.dll, InProgress is SharpMind.Tests.Quantization.QuantizationAgreementTests.QuantizedMatMul_AllTiers_Agree(dtype: Q8_K)
TpTrace Verbose: 0 : 15992, 10, 2026/07/20, 17:41:51.895, 375007696327, vstest.console.dll, MulticastDelegateUtilities.SafeInvoke: TestRun.RunStatsChanged: Invoking callbacks was skipped because there are no subscribers.
TpTrace Information: 0 : 15992, 10, 2026/07/20, 17:41:51.895, 375007696725, vstest.console.dll, TestRunRequest:SendTestRunStatsChange: Completed.
TpTrace Verbose: 0 : 15992, 10, 2026/07/20, 17:41:51.895, 375007697097, vstest.console.dll, MulticastDelegateUtilities.SafeInvoke: LengthPrefixCommunicationChannel: MessageReceived: Invoking callback 1/1 for Microsoft.VisualStudio.TestPlatform.CommunicationUtilities.TestRequestSender+<>c__DisplayClass34_0., took 2 ms.
TpTrace Verbose: 0 : 15992, 10, 2026/07/20, 17:41:51.895, 375007697504, vstest.console.dll, TcpClientExtensions.MessageLoopAsync: Polling on remoteEndPoint: 127.0.0.1:55740 localEndPoint: 127.0.0.1:55739 after 14 ms
TpTrace Verbose: 0 : 15992, 4, 2026/07/20, 17:41:51.895, 375007702989, vstest.console.dll, MulticastDelegateUtilities.SafeInvoke: InternalTestLoggerEvents.SendTestResult: Invoking callback 1/1 for Microsoft.VisualStudio.TestPlatform.CommandLine.Internal.ConsoleLogger., took 0 ms.
TpTrace Verbose: 0 : 15992, 4, 2026/07/20, 17:41:51.896, 375007705962, vstest.console.dll, MulticastDelegateUtilities.SafeInvoke: InternalTestLoggerEvents.SendTestResult: Invoking callback 1/1 for Microsoft.VisualStudio.TestPlatform.CommandLine.Internal.ConsoleLogger., took 0 ms.
TpTrace Verbose: 0 : 15992, 4, 2026/07/20, 17:41:51.896, 375007706774, vstest.console.dll, MulticastDelegateUtilities.SafeInvoke: InternalTestLoggerEvents.SendTestResult: Invoking callback 1/1 for Microsoft.VisualStudio.TestPlatform.CommandLine.Internal.ConsoleLogger., took 0 ms.
TpTrace Verbose: 0 : 15992, 4, 2026/07/20, 17:41:51.896, 375007707335, vstest.console.dll, MulticastDelegateUtilities.SafeInvoke: InternalTestLoggerEvents.SendTestResult: Invoking callback 1/1 for Microsoft.VisualStudio.TestPlatform.CommandLine.Internal.ConsoleLogger., took 0 ms.
TpTrace Verbose: 0 : 15992, 4, 2026/07/20, 17:41:51.896, 375007707878, vstest.console.dll, MulticastDelegateUtilities.SafeInvoke: InternalTestLoggerEvents.SendTestResult: Invoking callback 1/1 for Microsoft.VisualStudio.TestPlatform.CommandLine.Internal.ConsoleLogger., took 0 ms.
TpTrace Verbose: 0 : 15992, 4, 2026/07/20, 17:41:51.896, 375007708451, vstest.console.dll, MulticastDelegateUtilities.SafeInvoke: InternalTestLoggerEvents.SendTestResult: Invoking callback 1/1 for Microsoft.VisualStudio.TestPlatform.CommandLine.Internal.ConsoleLogger., took 0 ms.
TpTrace Verbose: 0 : 15992, 4, 2026/07/20, 17:41:51.897, 375007717223, vstest.console.dll, MulticastDelegateUtilities.SafeInvoke: InternalTestLoggerEvents.SendTestResult: Invoking callback 1/1 for Microsoft.VisualStudio.TestPlatform.CommandLine.Internal.ConsoleLogger., took 0 ms.
TpTrace Verbose: 0 : 15992, 4, 2026/07/20, 17:41:51.897, 375007718471, vstest.console.dll, MulticastDelegateUtilities.SafeInvoke: InternalTestLoggerEvents.SendTestResult: Invoking callback 1/1 for Microsoft.VisualStudio.TestPlatform.CommandLine.Internal.ConsoleLogger., took 0 ms.
TpTrace Verbose: 0 : 15992, 4, 2026/07/20, 17:41:51.897, 375007720614, vstest.console.dll, MulticastDelegateUtilities.SafeInvoke: InternalTestLoggerEvents.SendTestResult: Invoking callback 1/1 for Microsoft.VisualStudio.TestPlatform.CommandLine.Internal.ConsoleLogger., took 0 ms.
TpTrace Verbose: 0 : 15992, 10, 2026/07/20, 17:41:52.201, 375010763667, vstest.console.dll, TcpClientExtensions.MessageLoopAsync: NotifyDataAvailable remoteEndPoint: 127.0.0.1:55740 localEndPoint: 127.0.0.1:55739
TpTrace Verbose: 0 : 15992, 10, 2026/07/20, 17:41:52.202, 375010764977, vstest.console.dll, TestRequestSender.OnExecutionMessageReceived: Received message: {"Version":7,"MessageType":"TestSession.Message","Payload":{"MessageLevel":2,"Message":"[xUnit.net 00:00:09.70]     SharpMind.Tests.Quantization.QuantizationAgreementTests.QuantizedMatMul_AllTiers_Agree(dtype: Q8_K) [FAIL]"}}
TpTrace Verbose: 0 : 15992, 10, 2026/07/20, 17:41:52.202, 375010765877, vstest.console.dll, TestRunRequest:SendTestRunMessage: Starting.
TpTrace Verbose: 0 : 15992, 10, 2026/07/20, 17:41:52.202, 375010767072, vstest.console.dll, MulticastDelegateUtilities.SafeInvoke: TestRun.LogMessages: Invoking callback 1/1 for Microsoft.VisualStudio.TestPlatform.CommandLine.TestRunResultAggregator., took 0 ms.
TpTrace Information: 0 : 15992, 10, 2026/07/20, 17:41:52.202, 375010767635, vstest.console.dll, TestRunRequest:SendTestRunMessage: Completed.
TpTrace Verbose: 0 : 15992, 4, 2026/07/20, 17:41:52.202, 375010767917, vstest.console.dll, MulticastDelegateUtilities.SafeInvoke: InternalTestLoggerEvents.SendTestRunMessage: Invoking callback 1/1 for Microsoft.VisualStudio.TestPlatform.CommandLine.Internal.ConsoleLogger., took 0 ms.
TpTrace Verbose: 0 : 15992, 10, 2026/07/20, 17:41:52.202, 375010768086, vstest.console.dll, MulticastDelegateUtilities.SafeInvoke: LengthPrefixCommunicationChannel: MessageReceived: Invoking callback 1/1 for Microsoft.VisualStudio.TestPlatform.CommunicationUtilities.TestRequestSender+<>c__DisplayClass34_0., took 0 ms.
TpTrace Verbose: 0 : 15992, 10, 2026/07/20, 17:41:52.202, 375010769312, vstest.console.dll, TcpClientExtensions.MessageLoopAsync: Polling on remoteEndPoint: 127.0.0.1:55740 localEndPoint: 127.0.0.1:55739 after 307 ms
TpTrace Verbose: 0 : 15992, 10, 2026/07/20, 17:41:52.202, 375010770154, vstest.console.dll, TcpClientExtensions.MessageLoopAsync: NotifyDataAvailable remoteEndPoint: 127.0.0.1:55740 localEndPoint: 127.0.0.1:55739
TpTrace Verbose: 0 : 15992, 10, 2026/07/20, 17:41:52.202, 375010770884, vstest.console.dll, TestRequestSender.OnExecutionMessageReceived: Received message: {"Version":7,"MessageType":"TestSession.Message","Payload":{"MessageLevel":0,"Message":"[xUnit.net 00:00:09.70]       MatMul [Q8_K] Serial AVX2 differs from Serial Scalar. MaxErr=∞ MaxRel=∞"}}
TpTrace Verbose: 0 : 15992, 10, 2026/07/20, 17:41:52.202, 375010771813, vstest.console.dll, TestRunRequest:SendTestRunMessage: Starting.
TpTrace Verbose: 0 : 15992, 10, 2026/07/20, 17:41:52.202, 375010772509, vstest.console.dll, MulticastDelegateUtilities.SafeInvoke: TestRun.LogMessages: Invoking callback 1/1 for Microsoft.VisualStudio.TestPlatform.CommandLine.TestRunResultAggregator., took 0 ms.
TpTrace Verbose: 0 : 15992, 4, 2026/07/20, 17:41:52.202, 375010772663, vstest.console.dll, MulticastDelegateUtilities.SafeInvoke: InternalTestLoggerEvents.SendTestRunMessage: Invoking callback 1/1 for Microsoft.VisualStudio.TestPlatform.CommandLine.Internal.ConsoleLogger., took 0 ms.
TpTrace Information: 0 : 15992, 10, 2026/07/20, 17:41:52.202, 375010773012, vstest.console.dll, TestRunRequest:SendTestRunMessage: Completed.
TpTrace Verbose: 0 : 15992, 10, 2026/07/20, 17:41:52.203, 375010774425, vstest.console.dll, MulticastDelegateUtilities.SafeInvoke: LengthPrefixCommunicationChannel: MessageReceived: Invoking callback 1/1 for Microsoft.VisualStudio.TestPlatform.CommunicationUtilities.TestRequestSender+<>c__DisplayClass34_0., took 0 ms.
TpTrace Verbose: 0 : 15992, 10, 2026/07/20, 17:41:52.203, 375010775334, vstest.console.dll, TcpClientExtensions.MessageLoopAsync: Polling on remoteEndPoint: 127.0.0.1:55740 localEndPoint: 127.0.0.1:55739 after 0 ms
TpTrace Verbose: 0 : 15992, 10, 2026/07/20, 17:41:52.203, 375010776324, vstest.console.dll, TcpClientExtensions.MessageLoopAsync: NotifyDataAvailable remoteEndPoint: 127.0.0.1:55740 localEndPoint: 127.0.0.1:55739
TpTrace Verbose: 0 : 15992, 10, 2026/07/20, 17:41:52.203, 375010777526, vstest.console.dll, TestRequestSender.OnExecutionMessageReceived: Received message: {"Version":7,"MessageType":"TestSession.Message","Payload":{"MessageLevel":0,"Message":"[xUnit.net 00:00:09.70]       Stack Trace:"}}
TpTrace Verbose: 0 : 15992, 10, 2026/07/20, 17:41:52.203, 375010778365, vstest.console.dll, TestRunRequest:SendTestRunMessage: Starting.
TpTrace Verbose: 0 : 15992, 10, 2026/07/20, 17:41:52.203, 375010779021, vstest.console.dll, MulticastDelegateUtilities.SafeInvoke: TestRun.LogMessages: Invoking callback 1/1 for Microsoft.VisualStudio.TestPlatform.CommandLine.TestRunResultAggregator., took 0 ms.
TpTrace Verbose: 0 : 15992, 4, 2026/07/20, 17:41:52.203, 375010779292, vstest.console.dll, MulticastDelegateUtilities.SafeInvoke: InternalTestLoggerEvents.SendTestRunMessage: Invoking callback 1/1 for Microsoft.VisualStudio.TestPlatform.CommandLine.Internal.ConsoleLogger., took 0 ms.
TpTrace Information: 0 : 15992, 10, 2026/07/20, 17:41:52.203, 375010779725, vstest.console.dll, TestRunRequest:SendTestRunMessage: Completed.
TpTrace Verbose: 0 : 15992, 10, 2026/07/20, 17:41:52.203, 375010780559, vstest.console.dll, MulticastDelegateUtilities.SafeInvoke: LengthPrefixCommunicationChannel: MessageReceived: Invoking callback 1/1 for Microsoft.VisualStudio.TestPlatform.CommunicationUtilities.TestRequestSender+<>c__DisplayClass34_0., took 0 ms.
TpTrace Verbose: 0 : 15992, 10, 2026/07/20, 17:41:52.203, 375010780990, vstest.console.dll, TcpClientExtensions.MessageLoopAsync: Polling on remoteEndPoint: 127.0.0.1:55740 localEndPoint: 127.0.0.1:55739 after 0 ms
TpTrace Verbose: 0 : 15992, 10, 2026/07/20, 17:41:52.203, 375010781565, vstest.console.dll, TcpClientExtensions.MessageLoopAsync: NotifyDataAvailable remoteEndPoint: 127.0.0.1:55740 localEndPoint: 127.0.0.1:55739
TpTrace Verbose: 0 : 15992, 10, 2026/07/20, 17:41:52.203, 375010782599, vstest.console.dll, TestRequestSender.OnExecutionMessageReceived: Received message: {"Version":7,"MessageType":"TestSession.Message","Payload":{"MessageLevel":0,"Message":"[xUnit.net 00:00:09.70]         C:\\Integral2u\\source\\repos\\SharpMind\\SharpMind.Tests\\Quantization\\QuantizationAgreementTests.cs(244,0): at SharpMind.Tests.Quantization.QuantizationAgreementTests.QuantizedMatMul_AllTiers_Agree(QuantDType dtype)"}}
TpTrace Verbose: 0 : 15992, 10, 2026/07/20, 17:41:52.203, 375010783462, vstest.console.dll, TestRunRequest:SendTestRunMessage: Starting.
TpTrace Verbose: 0 : 15992, 10, 2026/07/20, 17:41:52.204, 375010784167, vstest.console.dll, MulticastDelegateUtilities.SafeInvoke: TestRun.LogMessages: Invoking callback 1/1 for Microsoft.VisualStudio.TestPlatform.CommandLine.TestRunResultAggregator., took 0 ms.
TpTrace Verbose: 0 : 15992, 4, 2026/07/20, 17:41:52.204, 375010784302, vstest.console.dll, MulticastDelegateUtilities.SafeInvoke: InternalTestLoggerEvents.SendTestRunMessage: Invoking callback 1/1 for Microsoft.VisualStudio.TestPlatform.CommandLine.Internal.ConsoleLogger., took 0 ms.
TpTrace Information: 0 : 15992, 10, 2026/07/20, 17:41:52.204, 375010784687, vstest.console.dll, TestRunRequest:SendTestRunMessage: Completed.
TpTrace Verbose: 0 : 15992, 10, 2026/07/20, 17:41:52.207, 375010816941, vstest.console.dll, MulticastDelegateUtilities.SafeInvoke: LengthPrefixCommunicationChannel: MessageReceived: Invoking callback 1/1 for Microsoft.VisualStudio.TestPlatform.CommunicationUtilities.TestRequestSender+<>c__DisplayClass34_0., took 3 ms.
TpTrace Verbose: 0 : 15992, 10, 2026/07/20, 17:41:52.207, 375010817845, vstest.console.dll, TcpClientExtensions.MessageLoopAsync: Polling on remoteEndPoint: 127.0.0.1:55740 localEndPoint: 127.0.0.1:55739 after 3 ms
TpTrace Verbose: 0 : 15992, 10, 2026/07/20, 17:41:52.207, 375010818645, vstest.console.dll, TcpClientExtensions.MessageLoopAsync: NotifyDataAvailable remoteEndPoint: 127.0.0.1:55740 localEndPoint: 127.0.0.1:55739
TpTrace Verbose: 0 : 15992, 10, 2026/07/20, 17:41:52.207, 375010819649, vstest.console.dll, TestRequestSender.OnExecutionMessageReceived: Received message: {"Version":7,"MessageType":"TestSession.Message","Payload":{"MessageLevel":0,"Message":"[xUnit.net 00:00:09.70]            at System.Reflection.MethodBaseInvoker.InterpretedInvoke_Method(Object obj, IntPtr* args)"}}
TpTrace Verbose: 0 : 15992, 10, 2026/07/20, 17:41:52.207, 375010821295, vstest.console.dll, TestRunRequest:SendTestRunMessage: Starting.
TpTrace Verbose: 0 : 15992, 10, 2026/07/20, 17:41:52.207, 375010822131, vstest.console.dll, MulticastDelegateUtilities.SafeInvoke: TestRun.LogMessages: Invoking callback 1/1 for Microsoft.VisualStudio.TestPlatform.CommandLine.TestRunResultAggregator., took 0 ms.
TpTrace Information: 0 : 15992, 10, 2026/07/20, 17:41:52.207, 375010822618, vstest.console.dll, TestRunRequest:SendTestRunMessage: Completed.
TpTrace Verbose: 0 : 15992, 10, 2026/07/20, 17:41:52.207, 375010823702, vstest.console.dll, MulticastDelegateUtilities.SafeInvoke: LengthPrefixCommunicationChannel: MessageReceived: Invoking callback 1/1 for Microsoft.VisualStudio.TestPlatform.CommunicationUtilities.TestRequestSender+<>c__DisplayClass34_0., took 0 ms.
TpTrace Verbose: 0 : 15992, 10, 2026/07/20, 17:41:52.208, 375010824495, vstest.console.dll, TcpClientExtensions.MessageLoopAsync: Polling on remoteEndPoint: 127.0.0.1:55740 localEndPoint: 127.0.0.1:55739 after 0 ms
TpTrace Verbose: 0 : 15992, 10, 2026/07/20, 17:41:52.208, 375010825214, vstest.console.dll, TcpClientExtensions.MessageLoopAsync: NotifyDataAvailable remoteEndPoint: 127.0.0.1:55740 localEndPoint: 127.0.0.1:55739
TpTrace Verbose: 0 : 15992, 10, 2026/07/20, 17:41:52.208, 375010825966, vstest.console.dll, TestRequestSender.OnExecutionMessageReceived: Received message: {"Version":7,"MessageType":"TestSession.Message","Payload":{"MessageLevel":0,"Message":"[xUnit.net 00:00:09.70]            at System.Reflection.MethodBaseInvoker.InvokeDirectByRefWithFewArgs(Object obj, Span`1 copyOfArgs, BindingFlags invokeAttr)"}}
TpTrace Verbose: 0 : 15992, 10, 2026/07/20, 17:41:52.208, 375010827093, vstest.console.dll, TestRunRequest:SendTestRunMessage: Starting.
TpTrace Verbose: 0 : 15992, 10, 2026/07/20, 17:41:52.208, 375010827723, vstest.console.dll, MulticastDelegateUtilities.SafeInvoke: TestRun.LogMessages: Invoking callback 1/1 for Microsoft.VisualStudio.TestPlatform.CommandLine.TestRunResultAggregator., took 0 ms.
TpTrace Verbose: 0 : 15992, 4, 2026/07/20, 17:41:52.207, 375010823303, vstest.console.dll, MulticastDelegateUtilities.SafeInvoke: InternalTestLoggerEvents.SendTestRunMessage: Invoking callback 1/1 for Microsoft.VisualStudio.TestPlatform.CommandLine.Internal.ConsoleLogger., took 0 ms.
TpTrace Information: 0 : 15992, 10, 2026/07/20, 17:41:52.208, 375010828185, vstest.console.dll, TestRunRequest:SendTestRunMessage: Completed.
TpTrace Verbose: 0 : 15992, 10, 2026/07/20, 17:41:52.208, 375010829247, vstest.console.dll, MulticastDelegateUtilities.SafeInvoke: LengthPrefixCommunicationChannel: MessageReceived: Invoking callback 1/1 for Microsoft.VisualStudio.TestPlatform.CommunicationUtilities.TestRequestSender+<>c__DisplayClass34_0., took 0 ms.
TpTrace Verbose: 0 : 15992, 10, 2026/07/20, 17:41:52.208, 375010829718, vstest.console.dll, TcpClientExtensions.MessageLoopAsync: Polling on remoteEndPoint: 127.0.0.1:55740 localEndPoint: 127.0.0.1:55739 after 0 ms
TpTrace Verbose: 0 : 15992, 4, 2026/07/20, 17:41:52.208, 375010830496, vstest.console.dll, MulticastDelegateUtilities.SafeInvoke: InternalTestLoggerEvents.SendTestRunMessage: Invoking callback 1/1 for Microsoft.VisualStudio.TestPlatform.CommandLine.Internal.ConsoleLogger., took 0 ms.
TpTrace Verbose: 0 : 15992, 10, 2026/07/20, 17:41:52.788, 375016625772, vstest.console.dll, TcpClientExtensions.MessageLoopAsync: NotifyDataAvailable remoteEndPoint: 127.0.0.1:55740 localEndPoint: 127.0.0.1:55739
TpTrace Verbose: 0 : 15992, 10, 2026/07/20, 17:41:52.788, 375016632760, vstest.console.dll, TestRequestSender.OnExecutionMessageReceived: Received message: {"Version":7,"MessageType":"TestSession.Message","Payload":{"MessageLevel":2,"Message":"[xUnit.net 00:00:10.29]     SharpMind.Tests.Quantization.QuantizationAgreementTests.QuantizedMatMul_AllTiers_Agree(dtype: Q4_K) [FAIL]"}}
TpTrace Verbose: 0 : 15992, 10, 2026/07/20, 17:41:52.789, 375016634517, vstest.console.dll, TestRunRequest:SendTestRunMessage: Starting.
TpTrace Verbose: 0 : 15992, 10, 2026/07/20, 17:41:52.789, 375016635278, vstest.console.dll, MulticastDelegateUtilities.SafeInvoke: TestRun.LogMessages: Invoking callback 1/1 for Microsoft.VisualStudio.TestPlatform.CommandLine.TestRunResultAggregator., took 0 ms.
TpTrace Information: 0 : 15992, 10, 2026/07/20, 17:41:52.789, 375016638485, vstest.console.dll, TestRunRequest:SendTestRunMessage: Completed.
TpTrace Verbose: 0 : 15992, 10, 2026/07/20, 17:41:52.790, 375016646263, vstest.console.dll, MulticastDelegateUtilities.SafeInvoke: LengthPrefixCommunicationChannel: MessageReceived: Invoking callback 1/1 for Microsoft.VisualStudio.TestPlatform.CommunicationUtilities.TestRequestSender+<>c__DisplayClass34_0., took 1 ms.
TpTrace Verbose: 0 : 15992, 10, 2026/07/20, 17:41:52.790, 375016647091, vstest.console.dll, TcpClientExtensions.MessageLoopAsync: Polling on remoteEndPoint: 127.0.0.1:55740 localEndPoint: 127.0.0.1:55739 after 581 ms
TpTrace Verbose: 0 : 15992, 10, 2026/07/20, 17:41:52.791, 375016656590, vstest.console.dll, TcpClientExtensions.MessageLoopAsync: NotifyDataAvailable remoteEndPoint: 127.0.0.1:55740 localEndPoint: 127.0.0.1:55739
TpTrace Verbose: 0 : 15992, 10, 2026/07/20, 17:41:52.791, 375016657905, vstest.console.dll, TestRequestSender.OnExecutionMessageReceived: Received message: {"Version":7,"MessageType":"TestSession.Message","Payload":{"MessageLevel":0,"Message":"[xUnit.net 00:00:10.29]       MatMul [Q4_K] Serial AVX2 differs from Serial Scalar. MaxErr=32 MaxRel=0.00125909"}}
TpTrace Verbose: 0 : 15992, 10, 2026/07/20, 17:41:52.791, 375016659049, vstest.console.dll, TestRunRequest:SendTestRunMessage: Starting.
TpTrace Verbose: 0 : 15992, 10, 2026/07/20, 17:41:52.791, 375016659825, vstest.console.dll, MulticastDelegateUtilities.SafeInvoke: TestRun.LogMessages: Invoking callback 1/1 for Microsoft.VisualStudio.TestPlatform.CommandLine.TestRunResultAggregator., took 0 ms.
TpTrace Information: 0 : 15992, 10, 2026/07/20, 17:41:52.791, 375016660376, vstest.console.dll, TestRunRequest:SendTestRunMessage: Completed.
TpTrace Verbose: 0 : 15992, 10, 2026/07/20, 17:41:52.791, 375016660848, vstest.console.dll, MulticastDelegateUtilities.SafeInvoke: LengthPrefixCommunicationChannel: MessageReceived: Invoking callback 1/1 for Microsoft.VisualStudio.TestPlatform.CommunicationUtilities.TestRequestSender+<>c__DisplayClass34_0., took 0 ms.
TpTrace Verbose: 0 : 15992, 10, 2026/07/20, 17:41:52.791, 375016661379, vstest.console.dll, TcpClientExtensions.MessageLoopAsync: Polling on remoteEndPoint: 127.0.0.1:55740 localEndPoint: 127.0.0.1:55739 after 1 ms
TpTrace Verbose: 0 : 15992, 10, 2026/07/20, 17:41:52.792, 375016672820, vstest.console.dll, TcpClientExtensions.MessageLoopAsync: NotifyDataAvailable remoteEndPoint: 127.0.0.1:55740 localEndPoint: 127.0.0.1:55739
TpTrace Verbose: 0 : 15992, 10, 2026/07/20, 17:41:52.792, 375016674111, vstest.console.dll, TestRequestSender.OnExecutionMessageReceived: Received message: {"Version":7,"MessageType":"TestSession.Message","Payload":{"MessageLevel":0,"Message":"[xUnit.net 00:00:10.29]       Stack Trace:"}}
TpTrace Verbose: 0 : 15992, 10, 2026/07/20, 17:41:52.793, 375016675014, vstest.console.dll, TestRunRequest:SendTestRunMessage: Starting.
TpTrace Verbose: 0 : 15992, 10, 2026/07/20, 17:41:52.793, 375016676227, vstest.console.dll, MulticastDelegateUtilities.SafeInvoke: TestRun.LogMessages: Invoking callback 1/1 for Microsoft.VisualStudio.TestPlatform.CommandLine.TestRunResultAggregator., took 0 ms.
TpTrace Information: 0 : 15992, 10, 2026/07/20, 17:41:52.793, 375016676951, vstest.console.dll, TestRunRequest:SendTestRunMessage: Completed.
TpTrace Verbose: 0 : 15992, 10, 2026/07/20, 17:41:52.793, 375016678677, vstest.console.dll, MulticastDelegateUtilities.SafeInvoke: LengthPrefixCommunicationChannel: MessageReceived: Invoking callback 1/1 for Microsoft.VisualStudio.TestPlatform.CommunicationUtilities.TestRequestSender+<>c__DisplayClass34_0., took 0 ms.
TpTrace Verbose: 0 : 15992, 10, 2026/07/20, 17:41:52.793, 375016681297, vstest.console.dll, TcpClientExtensions.MessageLoopAsync: Polling on remoteEndPoint: 127.0.0.1:55740 localEndPoint: 127.0.0.1:55739 after 1 ms
TpTrace Verbose: 0 : 15992, 4, 2026/07/20, 17:41:52.793, 375016682364, vstest.console.dll, MulticastDelegateUtilities.SafeInvoke: InternalTestLoggerEvents.SendTestRunMessage: Invoking callback 1/1 for Microsoft.VisualStudio.TestPlatform.CommandLine.Internal.ConsoleLogger., took 2 ms.
TpTrace Verbose: 0 : 15992, 10, 2026/07/20, 17:41:52.794, 375016686245, vstest.console.dll, TcpClientExtensions.MessageLoopAsync: NotifyDataAvailable remoteEndPoint: 127.0.0.1:55740 localEndPoint: 127.0.0.1:55739
TpTrace Verbose: 0 : 15992, 10, 2026/07/20, 17:41:52.794, 375016687407, vstest.console.dll, TestRequestSender.OnExecutionMessageReceived: Received message: {"Version":7,"MessageType":"TestSession.Message","Payload":{"MessageLevel":0,"Message":"[xUnit.net 00:00:10.29]         C:\\Integral2u\\source\\repos\\SharpMind\\SharpMind.Tests\\Quantization\\QuantizationAgreementTests.cs(244,0): at SharpMind.Tests.Quantization.QuantizationAgreementTests.QuantizedMatMul_AllTiers_Agree(QuantDType dtype)"}}
TpTrace Verbose: 0 : 15992, 10, 2026/07/20, 17:41:52.794, 375016688401, vstest.console.dll, TestRunRequest:SendTestRunMessage: Starting.
TpTrace Verbose: 0 : 15992, 10, 2026/07/20, 17:41:52.794, 375016690087, vstest.console.dll, MulticastDelegateUtilities.SafeInvoke: TestRun.LogMessages: Invoking callback 1/1 for Microsoft.VisualStudio.TestPlatform.CommandLine.TestRunResultAggregator., took 0 ms.
TpTrace Information: 0 : 15992, 10, 2026/07/20, 17:41:52.794, 375016690752, vstest.console.dll, TestRunRequest:SendTestRunMessage: Completed.
TpTrace Verbose: 0 : 15992, 10, 2026/07/20, 17:41:52.794, 375016691253, vstest.console.dll, MulticastDelegateUtilities.SafeInvoke: LengthPrefixCommunicationChannel: MessageReceived: Invoking callback 1/1 for Microsoft.VisualStudio.TestPlatform.CommunicationUtilities.TestRequestSender+<>c__DisplayClass34_0., took 0 ms.
TpTrace Verbose: 0 : 15992, 10, 2026/07/20, 17:41:52.794, 375016691694, vstest.console.dll, TcpClientExtensions.MessageLoopAsync: Polling on remoteEndPoint: 127.0.0.1:55740 localEndPoint: 127.0.0.1:55739 after 0 ms
TpTrace Verbose: 0 : 15992, 4, 2026/07/20, 17:41:52.794, 375016688947, vstest.console.dll, MulticastDelegateUtilities.SafeInvoke: InternalTestLoggerEvents.SendTestRunMessage: Invoking callback 1/1 for Microsoft.VisualStudio.TestPlatform.CommandLine.Internal.ConsoleLogger., took 0 ms.
TpTrace Verbose: 0 : 15992, 10, 2026/07/20, 17:41:52.794, 375016692725, vstest.console.dll, TcpClientExtensions.MessageLoopAsync: NotifyDataAvailable remoteEndPoint: 127.0.0.1:55740 localEndPoint: 127.0.0.1:55739
TpTrace Verbose: 0 : 15992, 4, 2026/07/20, 17:41:52.794, 375016693818, vstest.console.dll, MulticastDelegateUtilities.SafeInvoke: InternalTestLoggerEvents.SendTestRunMessage: Invoking callback 1/1 for Microsoft.VisualStudio.TestPlatform.CommandLine.Internal.ConsoleLogger., took 0 ms.
TpTrace Verbose: 0 : 15992, 10, 2026/07/20, 17:41:52.795, 375016694374, vstest.console.dll, TestRequestSender.OnExecutionMessageReceived: Received message: {"Version":7,"MessageType":"TestSession.Message","Payload":{"MessageLevel":0,"Message":"[xUnit.net 00:00:10.29]            at InvokeStub_QuantizationAgreementTests.QuantizedMatMul_AllTiers_Agree(Object, Span`1)"}}
TpTrace Verbose: 0 : 15992, 4, 2026/07/20, 17:41:52.795, 375016694811, vstest.console.dll, MulticastDelegateUtilities.SafeInvoke: InternalTestLoggerEvents.SendTestRunMessage: Invoking callback 1/1 for Microsoft.VisualStudio.TestPlatform.CommandLine.Internal.ConsoleLogger., took 0 ms.
TpTrace Verbose: 0 : 15992, 10, 2026/07/20, 17:41:52.795, 375016695357, vstest.console.dll, TestRunRequest:SendTestRunMessage: Starting.
TpTrace Verbose: 0 : 15992, 10, 2026/07/20, 17:41:52.795, 375016696331, vstest.console.dll, MulticastDelegateUtilities.SafeInvoke: TestRun.LogMessages: Invoking callback 1/1 for Microsoft.VisualStudio.TestPlatform.CommandLine.TestRunResultAggregator., took 0 ms.
TpTrace Information: 0 : 15992, 10, 2026/07/20, 17:41:52.795, 375016696745, vstest.console.dll, TestRunRequest:SendTestRunMessage: Completed.
TpTrace Verbose: 0 : 15992, 10, 2026/07/20, 17:41:52.795, 375016697124, vstest.console.dll, MulticastDelegateUtilities.SafeInvoke: LengthPrefixCommunicationChannel: MessageReceived: Invoking callback 1/1 for Microsoft.VisualStudio.TestPlatform.CommunicationUtilities.TestRequestSender+<>c__DisplayClass34_0., took 0 ms.
TpTrace Verbose: 0 : 15992, 4, 2026/07/20, 17:41:52.795, 375016697204, vstest.console.dll, MulticastDelegateUtilities.SafeInvoke: InternalTestLoggerEvents.SendTestRunMessage: Invoking callback 1/1 for Microsoft.VisualStudio.TestPlatform.CommandLine.Internal.ConsoleLogger., took 0 ms.
TpTrace Verbose: 0 : 15992, 10, 2026/07/20, 17:41:52.795, 375016697758, vstest.console.dll, TcpClientExtensions.MessageLoopAsync: Polling on remoteEndPoint: 127.0.0.1:55740 localEndPoint: 127.0.0.1:55739 after 0 ms
TpTrace Verbose: 0 : 15992, 10, 2026/07/20, 17:41:52.795, 375016700483, vstest.console.dll, TcpClientExtensions.MessageLoopAsync: NotifyDataAvailable remoteEndPoint: 127.0.0.1:55740 localEndPoint: 127.0.0.1:55739
TpTrace Verbose: 0 : 15992, 10, 2026/07/20, 17:41:52.795, 375016701290, vstest.console.dll, TestRequestSender.OnExecutionMessageReceived: Received message: {"Version":7,"MessageType":"TestSession.Message","Payload":{"MessageLevel":0,"Message":"[xUnit.net 00:00:10.29]            at System.Reflection.MethodBaseInvoker.InvokeWithOneArg(Object obj, BindingFlags invokeAttr, Binder binder, Object[] parameters, CultureInfo culture)"}}
TpTrace Verbose: 0 : 15992, 10, 2026/07/20, 17:41:52.795, 375016702231, vstest.console.dll, TestRunRequest:SendTestRunMessage: Starting.
TpTrace Verbose: 0 : 15992, 10, 2026/07/20, 17:41:52.795, 375016702808, vstest.console.dll, MulticastDelegateUtilities.SafeInvoke: TestRun.LogMessages: Invoking callback 1/1 for Microsoft.VisualStudio.TestPlatform.CommandLine.TestRunResultAggregator., took 0 ms.
TpTrace Information: 0 : 15992, 10, 2026/07/20, 17:41:52.795, 375016703263, vstest.console.dll, TestRunRequest:SendTestRunMessage: Completed.
TpTrace Verbose: 0 : 15992, 10, 2026/07/20, 17:41:52.795, 375016703724, vstest.console.dll, MulticastDelegateUtilities.SafeInvoke: LengthPrefixCommunicationChannel: MessageReceived: Invoking callback 1/1 for Microsoft.VisualStudio.TestPlatform.CommunicationUtilities.TestRequestSender+<>c__DisplayClass34_0., took 0 ms.
TpTrace Verbose: 0 : 15992, 10, 2026/07/20, 17:41:52.796, 375016704180, vstest.console.dll, TcpClientExtensions.MessageLoopAsync: Polling on remoteEndPoint: 127.0.0.1:55740 localEndPoint: 127.0.0.1:55739 after 0 ms
TpTrace Verbose: 0 : 15992, 4, 2026/07/20, 17:41:52.796, 375016712286, vstest.console.dll, MulticastDelegateUtilities.SafeInvoke: InternalTestLoggerEvents.SendTestRunMessage: Invoking callback 1/1 for Microsoft.VisualStudio.TestPlatform.CommandLine.Internal.ConsoleLogger., took 0 ms.
TpTrace Verbose: 0 : 15992, 10, 2026/07/20, 17:41:53.410, 375022852727, vstest.console.dll, TcpClientExtensions.MessageLoopAsync: NotifyDataAvailable remoteEndPoint: 127.0.0.1:55740 localEndPoint: 127.0.0.1:55739
TpTrace Verbose: 0 : 15992, 10, 2026/07/20, 17:41:53.411, 375022855182, vstest.console.dll, TestRequestSender.OnExecutionMessageReceived: Received message: {"Version":7,"MessageType":"TestExecution.StatsChange","Payload":{"NewTestResults":[{"TestCase":{"Id":"c296bc0b-35fd-8fb6-24be-d113abb893cf","FullyQualifiedName":"SharpMind.Tests.Quantization.QuantizationAgreementTests.QuantizedMatMul_AllTiers_Agree","DisplayName":"SharpMind.Tests.Quantization.QuantizationAgreementTests.QuantizedMatMul_AllTiers_Agree(dtype: Q8_K)","ExecutorUri":"executor://xunit/VsTestRunner3/netcore/","Source":"C:\\Integral2u\\source\\repos\\SharpMind\\SharpMind.Tests\\bin\\Debug\\net10.0\\SharpMind.Tests.dll","CodeFilePath":null,"LineNumber":0,"Properties":[{"Key":{"Id":"TestCase.ManagedType","Label":"ManagedType","Category":"","Description":"","Attributes":1,"ValueType":"System.String"},"Value":"SharpMind.Tests.Quantization.QuantizationAgreementTests"},{"Key":{"Id":"XunitTestCaseUniqueID","Label":"xUnit.net Test Case Unique ID","Category":"","Description":"","Attributes":0,"ValueType":"System.String"},"Value":"1d1cd0cb5c22b1de92cbecf4b8cae11b70b03ec1"},{"Key":{"Id":"TestCase.ManagedMethod","Label":"ManagedMethod","Category":"","Description":"","Attributes":1,"ValueType":"System.String"},"Value":"QuantizedMatMul_AllTiers_Agree"},{"Key":{"Id":"XunitTestCaseExplicit","Label":"xUnit.net Test Case Explicit Flag","Category":"","Description":"","Attributes":0,"ValueType":"System.Boolean"},"Value":false}]},"Attachments":[],"Outcome":2,"ErrorMessage":"MatMul [Q8_K] Serial AVX2 differs from Serial Scalar. MaxErr=∞ MaxRel=∞","ErrorStackTrace":"   at SharpMind.Tests.Quantization.QuantizationAgreementTests.QuantizedMatMul_AllTiers_Agree(QuantDType dtype) in C:\\Integral2u\\source\\repos\\SharpMind\\SharpMind.Tests\\Quantization\\QuantizationAgreementTests.cs:line 244\r\n   at System.Reflection.MethodBaseInvoker.InterpretedInvoke_Method(Object obj, IntPtr* args)\r\n   at System.Reflection.MethodBaseInvoker.InvokeDirectByRefWithFewArgs(Object obj, Span`1 copyOfArgs, BindingFlags invokeAttr)","DisplayName":"SharpMind.Tests.Quantization.QuantizationAgreementTests.QuantizedMatMul_AllTiers_Agree(dtype: Q8_K)","Messages":[],"ComputerName":"LAPTOP-MKMTSO1B","Duration":"00:00:00.3315935","StartTime":"2026-07-20T05:41:51.8955637+00:00","EndTime":"2026-07-20T05:41:52.2013971+00:00","Properties":[]},{"TestCase":{"Id":"fcb4abe8-a71c-d828-b35c-2fc20a91b77e","FullyQualifiedName":"SharpMind.Tests.Quantization.QuantizationAgreementTests.QuantizedMatMul_AllTiers_Agree","DisplayName":"SharpMind.Tests.Quantization.QuantizationAgreementTests.QuantizedMatMul_AllTiers_Agree(dtype: Q4_K)","ExecutorUri":"executor://xunit/VsTestRunner3/netcore/","Source":"C:\\Integral2u\\source\\repos\\SharpMind\\SharpMind.Tests\\bin\\Debug\\net10.0\\SharpMind.Tests.dll","CodeFilePath":null,"LineNumber":0,"Properties":[{"Key":{"Id":"TestCase.ManagedType","Label":"ManagedType","Category":"","Description":"","Attributes":1,"ValueType":"System.String"},"Value":"SharpMind.Tests.Quantization.QuantizationAgreementTests"},{"Key":{"Id":"XunitTestCaseUniqueID","Label":"xUnit.net Test Case Unique ID","Category":"","Description":"","Attributes":0,"ValueType":"System.String"},"Value":"22952e35442b89e60a31b805460d87518fc064e3"},{"Key":{"Id":"TestCase.ManagedMethod","Label":"ManagedMethod","Category":"","Description":"","Attributes":1,"ValueType":"System.String"},"Value":"QuantizedMatMul_AllTiers_Agree"},{"Key":{"Id":"XunitTestCaseExplicit","Label":"xUnit.net Test Case Explicit Flag","Category":"","Description":"","Attributes":0,"ValueType":"System.Boolean"},"Value":false}]},"Attachments":[],"Outcome":2,"ErrorMessage":"MatMul [Q4_K] Serial AVX2 differs from Serial Scalar. MaxErr=32 MaxRel=0.00125909","ErrorStackTrace":"   at SharpMind.Tests.Quantization.QuantizationAgreementTests.QuantizedMatMul_AllTiers_Agree(QuantDType dtype) in C:\\Integral2u\\source\\repos\\SharpMind\\SharpMind.Tests\\Quantization\\QuantizationAgreementTests.cs:line 244\r\n   at InvokeStub_QuantizationAgreementTests.QuantizedMatMul_AllTiers_Agree(Object, Span`1)\r\n   at System.Reflection.MethodBaseInvoker.InvokeWithOneArg(Object obj, BindingFlags invokeAttr, Binder binder, Object[] parameters, CultureInfo culture)","DisplayName":"SharpMind.Tests.Quantization.QuantizationAgreementTests.QuantizedMatMul_AllTiers_Agree(dtype: Q4_K)","Messages":[],"ComputerName":"LAPTOP-MKMTSO1B","Duration":"00:00:00.5856227","StartTime":"2026-07-20T05:41:52.2085767+00:00","EndTime":"2026-07-20T05:41:52.7872457+00:00","Properties":[]},{"TestCase":{"Id":"79009a60-7672-2d62-3f71-dba16f888f52","FullyQualifiedName":"SharpMind.Tests.Quantization.QuantizationAgreementTests.QuantizedMatMul_AllTiers_Agree","DisplayName":"SharpMind.Tests.Quantization.QuantizationAgreementTests.QuantizedMatMul_AllTiers_Agree(dtype: Q4_1)","ExecutorUri":"executor://xunit/VsTestRunner3/netcore/","Source":"C:\\Integral2u\\source\\repos\\SharpMind\\SharpMind.Tests\\bin\\Debug\\net10.0\\SharpMind.Tests.dll","CodeFilePath":null,"LineNumber":0,"Properties":[{"Key":{"Id":"TestCase.ManagedType","Label":"ManagedType","Category":"","Description":"","Attributes":1,"ValueType":"System.String"},"Value":"SharpMind.Tests.Quantization.QuantizationAgreementTests"},{"Key":{"Id":"XunitTestCaseUniqueID","Label":"xUnit.net Test Case Unique ID","Category":"","Description":"","Attributes":0,"ValueType":"System.String"},"Value":"27a95cdf95097c8130d72b2f3827cb143d278534"},{"Key":{"Id":"TestCase.ManagedMethod","Label":"ManagedMethod","Category":"","Description":"","Attributes":1,"ValueType":"System.String"},"Value":"QuantizedMatMul_AllTiers_Agree"},{"Key":{"Id":"XunitTestCaseExplicit","Label":"xUnit.net Test Case Explicit Flag","Category":"","Description":"","Attributes":0,"ValueType":"System.Boolean"},"Value":false}]},"Attachments":[],"Outcome":1,"ErrorMessage":null,"ErrorStackTrace":null,"DisplayName":"SharpMind.Tests.Quantization.QuantizationAgreementTests.QuantizedMatMul_AllTiers_Agree(dtype: Q4_1)","Messages":[],"ComputerName":"LAPTOP-MKMTSO1B","Duration":"00:00:00.0298792","StartTime":"2026-07-20T05:41:52.7970886+00:00","EndTime":"2026-07-20T05:41:52.8172166+00:00","Properties":[]}],"TestRunStatistics":{"ExecutedTests":263,"Stats":{"Passed":260,"Failed":3}},"ActiveTests":[{"Id":"19f9158d-08dc-bead-36fa-7886f579b64a","FullyQualifiedName":"SharpMind.Tests.Quantization.QuantizationAgreementTests.QuantizedMatMul_AllTiers_Agree","DisplayName":"SharpMind.Tests.Quantization.QuantizationAgreementTests.QuantizedMatMul_AllTiers_Agree(dtype: Q6_K)","ExecutorUri":"executor://xunit/VsTestRunner3/netcore/","Source":"C:\\Integral2u\\source\\repos\\SharpMind\\SharpMind.Tests\\bin\\Debug\\net10.0\\SharpMind.Tests.dll","CodeFilePath":null,"LineNumber":0,"Properties":[{"Key":{"Id":"TestCase.ManagedType","Label":"ManagedType","Category":"","Description":"","Attributes":1,"ValueType":"System.String"},"Value":"SharpMind.Tests.Quantization.QuantizationAgreementTests"},{"Key":{"Id":"XunitTestCaseUniqueID","Label":"xUnit.net Test Case Unique ID","Category":"","Description":"","Attributes":0,"ValueType":"System.String"},"Value":"35bb6f3c10a596e6e46289b739a7a2616c940e0e"},{"Key":{"Id":"TestCase.ManagedMethod","Label":"ManagedMethod","Category":"","Description":"","Attributes":1,"ValueType":"System.String"},"Value":"QuantizedMatMul_AllTiers_Agree"},{"Key":{"Id":"XunitTestCaseExplicit","Label":"xUnit.net Test Case Explicit Flag","Category":"","Description":"","Attributes":0,"ValueType":"System.Boolean"},"Value":false}]}]}}
TpTrace Verbose: 0 : 15992, 10, 2026/07/20, 17:41:53.411, 375022863501, vstest.console.dll, TestRunRequest:SendTestRunStatsChange: Starting.
TpTrace Verbose: 0 : 15992, 10, 2026/07/20, 17:41:53.411, 375022864092, vstest.console.dll, InProgress is SharpMind.Tests.Quantization.QuantizationAgreementTests.QuantizedMatMul_AllTiers_Agree(dtype: Q6_K)
TpTrace Verbose: 0 : 15992, 10, 2026/07/20, 17:41:53.412, 375022864610, vstest.console.dll, MulticastDelegateUtilities.SafeInvoke: TestRun.RunStatsChanged: Invoking callbacks was skipped because there are no subscribers.
TpTrace Information: 0 : 15992, 10, 2026/07/20, 17:41:53.412, 375022865019, vstest.console.dll, TestRunRequest:SendTestRunStatsChange: Completed.
TpTrace Verbose: 0 : 15992, 10, 2026/07/20, 17:41:53.412, 375022865444, vstest.console.dll, MulticastDelegateUtilities.SafeInvoke: LengthPrefixCommunicationChannel: MessageReceived: Invoking callback 1/1 for Microsoft.VisualStudio.TestPlatform.CommunicationUtilities.TestRequestSender+<>c__DisplayClass34_0., took 1 ms.
TpTrace Verbose: 0 : 15992, 10, 2026/07/20, 17:41:53.412, 375022865982, vstest.console.dll, TcpClientExtensions.MessageLoopAsync: Polling on remoteEndPoint: 127.0.0.1:55740 localEndPoint: 127.0.0.1:55739 after 616 ms
TpTrace Verbose: 0 : 15992, 4, 2026/07/20, 17:41:53.412, 375022868740, vstest.console.dll, MulticastDelegateUtilities.SafeInvoke: InternalTestLoggerEvents.SendTestResult: Invoking callback 1/1 for Microsoft.VisualStudio.TestPlatform.CommandLine.Internal.ConsoleLogger., took 0 ms.
TpTrace Verbose: 0 : 15992, 4, 2026/07/20, 17:41:53.412, 375022871466, vstest.console.dll, MulticastDelegateUtilities.SafeInvoke: InternalTestLoggerEvents.SendTestResult: Invoking callback 1/1 for Microsoft.VisualStudio.TestPlatform.CommandLine.Internal.ConsoleLogger., took 0 ms.
TpTrace Verbose: 0 : 15992, 4, 2026/07/20, 17:41:53.412, 375022872023, vstest.console.dll, MulticastDelegateUtilities.SafeInvoke: InternalTestLoggerEvents.SendTestResult: Invoking callback 1/1 for Microsoft.VisualStudio.TestPlatform.CommandLine.Internal.ConsoleLogger., took 0 ms.
TpTrace Verbose: 0 : 15992, 10, 2026/07/20, 17:41:54.413, 375032875616, vstest.console.dll, TcpClientExtensions.MessageLoopAsync: Polling on remoteEndPoint: 127.0.0.1:55740 localEndPoint: 127.0.0.1:55739 after 1000 ms
TpTrace Verbose: 0 : 15992, 10, 2026/07/20, 17:41:54.950, 375038247507, vstest.console.dll, TcpClientExtensions.MessageLoopAsync: NotifyDataAvailable remoteEndPoint: 127.0.0.1:55740 localEndPoint: 127.0.0.1:55739
TpTrace Verbose: 0 : 15992, 10, 2026/07/20, 17:41:54.950, 375038249490, vstest.console.dll, TestRequestSender.OnExecutionMessageReceived: Received message: {"Version":7,"MessageType":"TestExecution.StatsChange","Payload":{"NewTestResults":[{"TestCase":{"Id":"19f9158d-08dc-bead-36fa-7886f579b64a","FullyQualifiedName":"SharpMind.Tests.Quantization.QuantizationAgreementTests.QuantizedMatMul_AllTiers_Agree","DisplayName":"SharpMind.Tests.Quantization.QuantizationAgreementTests.QuantizedMatMul_AllTiers_Agree(dtype: Q6_K)","ExecutorUri":"executor://xunit/VsTestRunner3/netcore/","Source":"C:\\Integral2u\\source\\repos\\SharpMind\\SharpMind.Tests\\bin\\Debug\\net10.0\\SharpMind.Tests.dll","CodeFilePath":null,"LineNumber":0,"Properties":[{"Key":{"Id":"TestCase.ManagedType","Label":"ManagedType","Category":"","Description":"","Attributes":1,"ValueType":"System.String"},"Value":"SharpMind.Tests.Quantization.QuantizationAgreementTests"},{"Key":{"Id":"XunitTestCaseUniqueID","Label":"xUnit.net Test Case Unique ID","Category":"","Description":"","Attributes":0,"ValueType":"System.String"},"Value":"35bb6f3c10a596e6e46289b739a7a2616c940e0e"},{"Key":{"Id":"TestCase.ManagedMethod","Label":"ManagedMethod","Category":"","Description":"","Attributes":1,"ValueType":"System.String"},"Value":"QuantizedMatMul_AllTiers_Agree"},{"Key":{"Id":"XunitTestCaseExplicit","Label":"xUnit.net Test Case Explicit Flag","Category":"","Description":"","Attributes":0,"ValueType":"System.Boolean"},"Value":false}]},"Attachments":[],"Outcome":1,"ErrorMessage":null,"ErrorStackTrace":null,"DisplayName":"SharpMind.Tests.Quantization.QuantizationAgreementTests.QuantizedMatMul_AllTiers_Agree(dtype: Q6_K)","Messages":[],"ComputerName":"LAPTOP-MKMTSO1B","Duration":"00:00:00.6978892","StartTime":"2026-07-20T05:41:52.8317238+00:00","EndTime":"2026-07-20T05:41:53.5152981+00:00","Properties":[]}],"TestRunStatistics":{"ExecutedTests":264,"Stats":{"Passed":261,"Failed":3}},"ActiveTests":[{"Id":"c5afc81f-9217-74d4-e87d-3cd61a116d8a","FullyQualifiedName":"SharpMind.Tests.Quantization.QuantizationAgreementTests.QuantizedMatMul_AllTiers_Agree","DisplayName":"SharpMind.Tests.Quantization.QuantizationAgreementTests.QuantizedMatMul_AllTiers_Agree(dtype: Q5_K)","ExecutorUri":"executor://xunit/VsTestRunner3/netcore/","Source":"C:\\Integral2u\\source\\repos\\SharpMind\\SharpMind.Tests\\bin\\Debug\\net10.0\\SharpMind.Tests.dll","CodeFilePath":null,"LineNumber":0,"Properties":[{"Key":{"Id":"TestCase.ManagedType","Label":"ManagedType","Category":"","Description":"","Attributes":1,"ValueType":"System.String"},"Value":"SharpMind.Tests.Quantization.QuantizationAgreementTests"},{"Key":{"Id":"XunitTestCaseUniqueID","Label":"xUnit.net Test Case Unique ID","Category":"","Description":"","Attributes":0,"ValueType":"System.String"},"Value":"41035462aeeaad7cbf5cef4ab6bbf7e34d78a4bd"},{"Key":{"Id":"TestCase.ManagedMethod","Label":"ManagedMethod","Category":"","Description":"","Attributes":1,"ValueType":"System.String"},"Value":"QuantizedMatMul_AllTiers_Agree"},{"Key":{"Id":"XunitTestCaseExplicit","Label":"xUnit.net Test Case Explicit Flag","Category":"","Description":"","Attributes":0,"ValueType":"System.Boolean"},"Value":false}]}]}}
TpTrace Verbose: 0 : 15992, 10, 2026/07/20, 17:41:54.950, 375038253314, vstest.console.dll, TestRunRequest:SendTestRunStatsChange: Starting.
TpTrace Verbose: 0 : 15992, 10, 2026/07/20, 17:41:54.950, 375038253895, vstest.console.dll, InProgress is SharpMind.Tests.Quantization.QuantizationAgreementTests.QuantizedMatMul_AllTiers_Agree(dtype: Q5_K)
TpTrace Verbose: 0 : 15992, 10, 2026/07/20, 17:41:54.951, 375038254376, vstest.console.dll, MulticastDelegateUtilities.SafeInvoke: TestRun.RunStatsChanged: Invoking callbacks was skipped because there are no subscribers.
TpTrace Information: 0 : 15992, 10, 2026/07/20, 17:41:54.951, 375038254784, vstest.console.dll, TestRunRequest:SendTestRunStatsChange: Completed.
TpTrace Verbose: 0 : 15992, 4, 2026/07/20, 17:41:54.951, 375038254807, vstest.console.dll, MulticastDelegateUtilities.SafeInvoke: InternalTestLoggerEvents.SendTestResult: Invoking callback 1/1 for Microsoft.VisualStudio.TestPlatform.CommandLine.Internal.ConsoleLogger., took 0 ms.
TpTrace Verbose: 0 : 15992, 10, 2026/07/20, 17:41:54.951, 375038255260, vstest.console.dll, MulticastDelegateUtilities.SafeInvoke: LengthPrefixCommunicationChannel: MessageReceived: Invoking callback 1/1 for Microsoft.VisualStudio.TestPlatform.CommunicationUtilities.TestRequestSender+<>c__DisplayClass34_0., took 0 ms.
TpTrace Verbose: 0 : 15992, 10, 2026/07/20, 17:41:54.951, 375038256210, vstest.console.dll, TcpClientExtensions.MessageLoopAsync: Polling on remoteEndPoint: 127.0.0.1:55740 localEndPoint: 127.0.0.1:55739 after 537 ms
TpTrace Verbose: 0 : 15992, 10, 2026/07/20, 17:41:55.964, 375048390180, vstest.console.dll, TcpClientExtensions.MessageLoopAsync: Polling on remoteEndPoint: 127.0.0.1:55740 localEndPoint: 127.0.0.1:55739 after 1013 ms
TpTrace Verbose: 0 : 15992, 10, 2026/07/20, 17:41:56.468, 375053432563, vstest.console.dll, TcpClientExtensions.MessageLoopAsync: NotifyDataAvailable remoteEndPoint: 127.0.0.1:55740 localEndPoint: 127.0.0.1:55739
TpTrace Verbose: 0 : 15992, 10, 2026/07/20, 17:41:56.469, 375053435589, vstest.console.dll, TestRequestSender.OnExecutionMessageReceived: Received message: {"Version":7,"MessageType":"TestExecution.StatsChange","Payload":{"NewTestResults":[{"TestCase":{"Id":"c5afc81f-9217-74d4-e87d-3cd61a116d8a","FullyQualifiedName":"SharpMind.Tests.Quantization.QuantizationAgreementTests.QuantizedMatMul_AllTiers_Agree","DisplayName":"SharpMind.Tests.Quantization.QuantizationAgreementTests.QuantizedMatMul_AllTiers_Agree(dtype: Q5_K)","ExecutorUri":"executor://xunit/VsTestRunner3/netcore/","Source":"C:\\Integral2u\\source\\repos\\SharpMind\\SharpMind.Tests\\bin\\Debug\\net10.0\\SharpMind.Tests.dll","CodeFilePath":null,"LineNumber":0,"Properties":[{"Key":{"Id":"TestCase.ManagedType","Label":"ManagedType","Category":"","Description":"","Attributes":1,"ValueType":"System.String"},"Value":"SharpMind.Tests.Quantization.QuantizationAgreementTests"},{"Key":{"Id":"XunitTestCaseUniqueID","Label":"xUnit.net Test Case Unique ID","Category":"","Description":"","Attributes":0,"ValueType":"System.String"},"Value":"41035462aeeaad7cbf5cef4ab6bbf7e34d78a4bd"},{"Key":{"Id":"TestCase.ManagedMethod","Label":"ManagedMethod","Category":"","Description":"","Attributes":1,"ValueType":"System.String"},"Value":"QuantizedMatMul_AllTiers_Agree"},{"Key":{"Id":"XunitTestCaseExplicit","Label":"xUnit.net Test Case Explicit Flag","Category":"","Description":"","Attributes":0,"ValueType":"System.Boolean"},"Value":false}]},"Attachments":[],"Outcome":1,"ErrorMessage":null,"ErrorStackTrace":null,"DisplayName":"SharpMind.Tests.Quantization.QuantizationAgreementTests.QuantizedMatMul_AllTiers_Agree(dtype: Q5_K)","Messages":[],"ComputerName":"LAPTOP-MKMTSO1B","Duration":"00:00:01.7455337","StartTime":"2026-07-20T05:41:53.5159663+00:00","EndTime":"2026-07-20T05:41:55.2610311+00:00","Properties":[]},{"TestCase":{"Id":"94babaee-211b-1d50-85d5-f5868f732f01","FullyQualifiedName":"SharpMind.Tests.Quantization.QuantizationAgreementTests.QuantizedMatMul_AllTiers_Agree","DisplayName":"SharpMind.Tests.Quantization.QuantizationAgreementTests.QuantizedMatMul_AllTiers_Agree(dtype: Q2_K)","ExecutorUri":"executor://xunit/VsTestRunner3/netcore/","Source":"C:\\Integral2u\\source\\repos\\SharpMind\\SharpMind.Tests\\bin\\Debug\\net10.0\\SharpMind.Tests.dll","CodeFilePath":null,"LineNumber":0,"Properties":[{"Key":{"Id":"TestCase.ManagedType","Label":"ManagedType","Category":"","Description":"","Attributes":1,"ValueType":"System.String"},"Value":"SharpMind.Tests.Quantization.QuantizationAgreementTests"},{"Key":{"Id":"XunitTestCaseUniqueID","Label":"xUnit.net Test Case Unique ID","Category":"","Description":"","Attributes":0,"ValueType":"System.String"},"Value":"459f67f5402e4ca29feab4dc0d1e2866d400f8cc"},{"Key":{"Id":"TestCase.ManagedMethod","Label":"ManagedMethod","Category":"","Description":"","Attributes":1,"ValueType":"System.String"},"Value":"QuantizedMatMul_AllTiers_Agree"},{"Key":{"Id":"XunitTestCaseExplicit","Label":"xUnit.net Test Case Explicit Flag","Category":"","Description":"","Attributes":0,"ValueType":"System.Boolean"},"Value":false}]},"Attachments":[],"Outcome":1,"ErrorMessage":null,"ErrorStackTrace":null,"DisplayName":"SharpMind.Tests.Quantization.QuantizationAgreementTests.QuantizedMatMul_AllTiers_Agree(dtype: Q2_K)","Messages":[],"ComputerName":"LAPTOP-MKMTSO1B","Duration":"00:00:00.8838999","StartTime":"2026-07-20T05:41:55.262926+00:00","EndTime":"2026-07-20T05:41:56.1481055+00:00","Properties":[]},{"TestCase":{"Id":"2169e67e-4672-a2f3-dd11-e0d7e3bc4c15","FullyQualifiedName":"SharpMind.Tests.Quantization.QuantizationAgreementTests.QuantizedMatMul_AllTiers_Agree","DisplayName":"SharpMind.Tests.Quantization.QuantizationAgreementTests.QuantizedMatMul_AllTiers_Agree(dtype: Q5_1)","ExecutorUri":"executor://xunit/VsTestRunner3/netcore/","Source":"C:\\Integral2u\\source\\repos\\SharpMind\\SharpMind.Tests\\bin\\Debug\\net10.0\\SharpMind.Tests.dll","CodeFilePath":null,"LineNumber":0,"Properties":[{"Key":{"Id":"TestCase.ManagedType","Label":"ManagedType","Category":"","Description":"","Attributes":1,"ValueType":"System.String"},"Value":"SharpMind.Tests.Quantization.QuantizationAgreementTests"},{"Key":{"Id":"XunitTestCaseUniqueID","Label":"xUnit.net Test Case Unique ID","Category":"","Description":"","Attributes":0,"ValueType":"System.String"},"Value":"497c2ea1eb6d352beda69932f0d52bfaa1fa3317"},{"Key":{"Id":"TestCase.ManagedMethod","Label":"ManagedMethod","Category":"","Description":"","Attributes":1,"ValueType":"System.String"},"Value":"QuantizedMatMul_AllTiers_Agree"},{"Key":{"Id":"XunitTestCaseExplicit","Label":"xUnit.net Test Case Explicit Flag","Category":"","Description":"","Attributes":0,"ValueType":"System.Boolean"},"Value":false}]},"Attachments":[],"Outcome":1,"ErrorMessage":null,"ErrorStackTrace":null,"DisplayName":"SharpMind.Tests.Quantization.QuantizationAgreementTests.QuantizedMatMul_AllTiers_Agree(dtype: Q5_1)","Messages":[],"ComputerName":"LAPTOP-MKMTSO1B","Duration":"00:00:00.0195671","StartTime":"2026-07-20T05:41:56.1489076+00:00","EndTime":"2026-07-20T05:41:56.1671945+00:00","Properties":[]},{"TestCase":{"Id":"325f1a00-3439-c5d5-d522-e2cd5e04d5b9","FullyQualifiedName":"SharpMind.Tests.Quantization.QuantizationAgreementTests.QuantizedMatMul_AllTiers_Agree","DisplayName":"SharpMind.Tests.Quantization.QuantizationAgreementTests.QuantizedMatMul_AllTiers_Agree(dtype: Q8_1)","ExecutorUri":"executor://xunit/VsTestRunner3/netcore/","Source":"C:\\Integral2u\\source\\repos\\SharpMind\\SharpMind.Tests\\bin\\Debug\\net10.0\\SharpMind.Tests.dll","CodeFilePath":null,"LineNumber":0,"Properties":[{"Key":{"Id":"TestCase.ManagedType","Label":"ManagedType","Category":"","Description":"","Attributes":1,"ValueType":"System.String"},"Value":"SharpMind.Tests.Quantization.QuantizationAgreementTests"},{"Key":{"Id":"XunitTestCaseUniqueID","Label":"xUnit.net Test Case Unique ID","Category":"","Description":"","Attributes":0,"ValueType":"System.String"},"Value":"58e3634df6ad21c3241351b1be3cd3f0f4f33083"},{"Key":{"Id":"TestCase.ManagedMethod","Label":"ManagedMethod","Category":"","Description":"","Attributes":1,"ValueType":"System.String"},"Value":"QuantizedMatMul_AllTiers_Agree"},{"Key":{"Id":"XunitTestCaseExplicit","Label":"xUnit.net Test Case Explicit Flag","Category":"","Description":"","Attributes":0,"ValueType":"System.Boolean"},"Value":false}]},"Attachments":[],"Outcome":1,"ErrorMessage":null,"ErrorStackTrace":null,"DisplayName":"SharpMind.Tests.Quantization.QuantizationAgreementTests.QuantizedMatMul_AllTiers_Agree(dtype: Q8_1)","Messages":[],"ComputerName":"LAPTOP-MKMTSO1B","Duration":"00:00:00.0271547","StartTime":"2026-07-20T05:41:56.1677993+00:00","EndTime":"2026-07-20T05:41:56.1944917+00:00","Properties":[]}],"TestRunStatistics":{"ExecutedTests":268,"Stats":{"Passed":265,"Failed":3}},"ActiveTests":[{"Id":"becbfb6f-1946-8e56-c87b-4f33c2024935","FullyQualifiedName":"SharpMind.Tests.Quantization.QuantizationAgreementTests.QuantizedMatMul_AllTiers_Agree","DisplayName":"SharpMind.Tests.Quantization.QuantizationAgreementTests.QuantizedMatMul_AllTiers_Agree(dtype: Q3_K)","ExecutorUri":"executor://xunit/VsTestRunner3/netcore/","Source":"C:\\Integral2u\\source\\repos\\SharpMind\\SharpMind.Tests\\bin\\Debug\\net10.0\\SharpMind.Tests.dll","CodeFilePath":null,"LineNumber":0,"Properties":[{"Key":{"Id":"TestCase.ManagedType","Label":"ManagedType","Category":"","Description":"","Attributes":1,"ValueType":"System.String"},"Value":"SharpMind.Tests.Quantization.QuantizationAgreementTests"},{"Key":{"Id":"XunitTestCaseUniqueID","Label":"xUnit.net Test Case Unique ID","Category":"","Description":"","Attributes":0,"ValueType":"System.String"},"Value":"77ad3cd5c4175655e99e8768c32cec4153c240cc"},{"Key":{"Id":"TestCase.ManagedMethod","Label":"ManagedMethod","Category":"","Description":"","Attributes":1,"ValueType":"System.String"},"Value":"QuantizedMatMul_AllTiers_Agree"},{"Key":{"Id":"XunitTestCaseExplicit","Label":"xUnit.net Test Case Explicit Flag","Category":"","Description":"","Attributes":0,"ValueType":"System.Boolean"},"Value":false}]}]}}
TpTrace Verbose: 0 : 15992, 10, 2026/07/20, 17:41:56.470, 375053448048, vstest.console.dll, TestRunRequest:SendTestRunStatsChange: Starting.
TpTrace Verbose: 0 : 15992, 10, 2026/07/20, 17:41:56.470, 375053448976, vstest.console.dll, InProgress is SharpMind.Tests.Quantization.QuantizationAgreementTests.QuantizedMatMul_AllTiers_Agree(dtype: Q3_K)
TpTrace Verbose: 0 : 15992, 10, 2026/07/20, 17:41:56.470, 375053449576, vstest.console.dll, MulticastDelegateUtilities.SafeInvoke: TestRun.RunStatsChanged: Invoking callbacks was skipped because there are no subscribers.
TpTrace Information: 0 : 15992, 10, 2026/07/20, 17:41:56.473, 375053482304, vstest.console.dll, TestRunRequest:SendTestRunStatsChange: Completed.
TpTrace Verbose: 0 : 15992, 10, 2026/07/20, 17:41:56.473, 375053483643, vstest.console.dll, MulticastDelegateUtilities.SafeInvoke: LengthPrefixCommunicationChannel: MessageReceived: Invoking callback 1/1 for Microsoft.VisualStudio.TestPlatform.CommunicationUtilities.TestRequestSender+<>c__DisplayClass34_0., took 4 ms.
TpTrace Verbose: 0 : 15992, 10, 2026/07/20, 17:41:56.474, 375053484203, vstest.console.dll, TcpClientExtensions.MessageLoopAsync: Polling on remoteEndPoint: 127.0.0.1:55740 localEndPoint: 127.0.0.1:55739 after 509 ms
TpTrace Verbose: 0 : 15992, 4, 2026/07/20, 17:41:56.470, 375053450117, vstest.console.dll, MulticastDelegateUtilities.SafeInvoke: InternalTestLoggerEvents.SendTestResult: Invoking callback 1/1 for Microsoft.VisualStudio.TestPlatform.CommandLine.Internal.ConsoleLogger., took 0 ms.
TpTrace Verbose: 0 : 15992, 4, 2026/07/20, 17:41:56.474, 375053493884, vstest.console.dll, MulticastDelegateUtilities.SafeInvoke: InternalTestLoggerEvents.SendTestResult: Invoking callback 1/1 for Microsoft.VisualStudio.TestPlatform.CommandLine.Internal.ConsoleLogger., took 0 ms.
TpTrace Verbose: 0 : 15992, 4, 2026/07/20, 17:41:56.475, 375053494725, vstest.console.dll, MulticastDelegateUtilities.SafeInvoke: InternalTestLoggerEvents.SendTestResult: Invoking callback 1/1 for Microsoft.VisualStudio.TestPlatform.CommandLine.Internal.ConsoleLogger., took 0 ms.
TpTrace Verbose: 0 : 15992, 4, 2026/07/20, 17:41:56.475, 375053495373, vstest.console.dll, MulticastDelegateUtilities.SafeInvoke: InternalTestLoggerEvents.SendTestResult: Invoking callback 1/1 for Microsoft.VisualStudio.TestPlatform.CommandLine.Internal.ConsoleLogger., took 0 ms.
TpTrace Verbose: 0 : 15992, 10, 2026/07/20, 17:41:57.480, 375063553713, vstest.console.dll, TcpClientExtensions.MessageLoopAsync: Polling on remoteEndPoint: 127.0.0.1:55740 localEndPoint: 127.0.0.1:55739 after 1006 ms
TpTrace Verbose: 0 : 15992, 10, 2026/07/20, 17:41:57.977, 375068520887, vstest.console.dll, TcpClientExtensions.MessageLoopAsync: NotifyDataAvailable remoteEndPoint: 127.0.0.1:55740 localEndPoint: 127.0.0.1:55739
TpTrace Verbose: 0 : 15992, 10, 2026/07/20, 17:41:57.977, 375068523369, vstest.console.dll, TestRequestSender.OnExecutionMessageReceived: Received message: {"Version":7,"MessageType":"TestExecution.StatsChange","Payload":{"NewTestResults":[{"TestCase":{"Id":"becbfb6f-1946-8e56-c87b-4f33c2024935","FullyQualifiedName":"SharpMind.Tests.Quantization.QuantizationAgreementTests.QuantizedMatMul_AllTiers_Agree","DisplayName":"SharpMind.Tests.Quantization.QuantizationAgreementTests.QuantizedMatMul_AllTiers_Agree(dtype: Q3_K)","ExecutorUri":"executor://xunit/VsTestRunner3/netcore/","Source":"C:\\Integral2u\\source\\repos\\SharpMind\\SharpMind.Tests\\bin\\Debug\\net10.0\\SharpMind.Tests.dll","CodeFilePath":null,"LineNumber":0,"Properties":[{"Key":{"Id":"TestCase.ManagedType","Label":"ManagedType","Category":"","Description":"","Attributes":1,"ValueType":"System.String"},"Value":"SharpMind.Tests.Quantization.QuantizationAgreementTests"},{"Key":{"Id":"XunitTestCaseUniqueID","Label":"xUnit.net Test Case Unique ID","Category":"","Description":"","Attributes":0,"ValueType":"System.String"},"Value":"77ad3cd5c4175655e99e8768c32cec4153c240cc"},{"Key":{"Id":"TestCase.ManagedMethod","Label":"ManagedMethod","Category":"","Description":"","Attributes":1,"ValueType":"System.String"},"Value":"QuantizedMatMul_AllTiers_Agree"},{"Key":{"Id":"XunitTestCaseExplicit","Label":"xUnit.net Test Case Explicit Flag","Category":"","Description":"","Attributes":0,"ValueType":"System.Boolean"},"Value":false}]},"Attachments":[],"Outcome":1,"ErrorMessage":null,"ErrorStackTrace":null,"DisplayName":"SharpMind.Tests.Quantization.QuantizationAgreementTests.QuantizedMatMul_AllTiers_Agree(dtype: Q3_K)","Messages":[],"ComputerName":"LAPTOP-MKMTSO1B","Duration":"00:00:01.0509384","StartTime":"2026-07-20T05:41:56.1951299+00:00","EndTime":"2026-07-20T05:41:57.2455845+00:00","Properties":[]},{"TestCase":{"Id":"f07763e5-4a12-fafa-cca6-6bf8ae8dcf0c","FullyQualifiedName":"SharpMind.Tests.Quantization.QuantizationAgreementTests.QuantizedMatMul_AllTiers_Agree","DisplayName":"SharpMind.Tests.Quantization.QuantizationAgreementTests.QuantizedMatMul_AllTiers_Agree(dtype: F32)","ExecutorUri":"executor://xunit/VsTestRunner3/netcore/","Source":"C:\\Integral2u\\source\\repos\\SharpMind\\SharpMind.Tests\\bin\\Debug\\net10.0\\SharpMind.Tests.dll","CodeFilePath":null,"LineNumber":0,"Properties":[{"Key":{"Id":"TestCase.ManagedType","Label":"ManagedType","Category":"","Description":"","Attributes":1,"ValueType":"System.String"},"Value":"SharpMind.Tests.Quantization.QuantizationAgreementTests"},{"Key":{"Id":"XunitTestCaseUniqueID","Label":"xUnit.net Test Case Unique ID","Category":"","Description":"","Attributes":0,"ValueType":"System.String"},"Value":"983abae0ab4a86281ff7e498fdce9d4937f8c193"},{"Key":{"Id":"TestCase.ManagedMethod","Label":"ManagedMethod","Category":"","Description":"","Attributes":1,"ValueType":"System.String"},"Value":"QuantizedMatMul_AllTiers_Agree"},{"Key":{"Id":"XunitTestCaseExplicit","Label":"xUnit.net Test Case Explicit Flag","Category":"","Description":"","Attributes":0,"ValueType":"System.Boolean"},"Value":false}]},"Attachments":[],"Outcome":1,"ErrorMessage":null,"ErrorStackTrace":null,"DisplayName":"SharpMind.Tests.Quantization.QuantizationAgreementTests.QuantizedMatMul_AllTiers_Agree(dtype: F32)","Messages":[],"ComputerName":"LAPTOP-MKMTSO1B","Duration":"00:00:00.4889782","StartTime":"2026-07-20T05:41:57.2471421+00:00","EndTime":"2026-07-20T05:41:57.7347461+00:00","Properties":[]},{"TestCase":{"Id":"daf52e58-677d-27df-8421-b60372c3bcff","FullyQualifiedName":"SharpMind.Tests.Quantization.QuantizationAgreementTests.QuantizedMatMul_AllTiers_Agree","DisplayName":"SharpMind.Tests.Quantization.QuantizationAgreementTests.QuantizedMatMul_AllTiers_Agree(dtype: Q4_0)","ExecutorUri":"executor://xunit/VsTestRunner3/netcore/","Source":"C:\\Integral2u\\source\\repos\\SharpMind\\SharpMind.Tests\\bin\\Debug\\net10.0\\SharpMind.Tests.dll","CodeFilePath":null,"LineNumber":0,"Properties":[{"Key":{"Id":"TestCase.ManagedType","Label":"ManagedType","Category":"","Description":"","Attributes":1,"ValueType":"System.String"},"Value":"SharpMind.Tests.Quantization.QuantizationAgreementTests"},{"Key":{"Id":"XunitTestCaseUniqueID","Label":"xUnit.net Test Case Unique ID","Category":"","Description":"","Attributes":0,"ValueType":"System.String"},"Value":"ca8916504e70db3cc364d946a6ca009f0237f371"},{"Key":{"Id":"TestCase.ManagedMethod","Label":"ManagedMethod","Category":"","Description":"","Attributes":1,"ValueType":"System.String"},"Value":"QuantizedMatMul_AllTiers_Agree"},{"Key":{"Id":"XunitTestCaseExplicit","Label":"xUnit.net Test Case Explicit Flag","Category":"","Description":"","Attributes":0,"ValueType":"System.Boolean"},"Value":false}]},"Attachments":[],"Outcome":1,"ErrorMessage":null,"ErrorStackTrace":null,"DisplayName":"SharpMind.Tests.Quantization.QuantizationAgreementTests.QuantizedMatMul_AllTiers_Agree(dtype: Q4_0)","Messages":[],"ComputerName":"LAPTOP-MKMTSO1B","Duration":"00:00:00.0654082","StartTime":"2026-07-20T05:41:57.7484715+00:00","EndTime":"2026-07-20T05:41:57.8147488+00:00","Properties":[]},{"TestCase":{"Id":"2a32f21f-12d2-fcab-e04a-7d41943430ac","FullyQualifiedName":"SharpMind.Tests.Quantization.QuantizationAgreementTests.QuantizedMatMul_AllTiers_Agree","DisplayName":"SharpMind.Tests.Quantization.QuantizationAgreementTests.QuantizedMatMul_AllTiers_Agree(dtype: IQ4_NL)","ExecutorUri":"executor://xunit/VsTestRunner3/netcore/","Source":"C:\\Integral2u\\source\\repos\\SharpMind\\SharpMind.Tests\\bin\\Debug\\net10.0\\SharpMind.Tests.dll","CodeFilePath":null,"LineNumber":0,"Properties":[{"Key":{"Id":"TestCase.ManagedType","Label":"ManagedType","Category":"","Description":"","Attributes":1,"ValueType":"System.String"},"Value":"SharpMind.Tests.Quantization.QuantizationAgreementTests"},{"Key":{"Id":"XunitTestCaseUniqueID","Label":"xUnit.net Test Case Unique ID","Category":"","Description":"","Attributes":0,"ValueType":"System.String"},"Value":"dbe5691523a5c1316f711d68b6fd677e9e879566"},{"Key":{"Id":"TestCase.ManagedMethod","Label":"ManagedMethod","Category":"","Description":"","Attributes":1,"ValueType":"System.String"},"Value":"QuantizedMatMul_AllTiers_Agree"},{"Key":{"Id":"XunitTestCaseExplicit","Label":"xUnit.net Test Case Explicit Flag","Category":"","Description":"","Attributes":0,"ValueType":"System.Boolean"},"Value":false}]},"Attachments":[],"Outcome":1,"ErrorMessage":null,"ErrorStackTrace":null,"DisplayName":"SharpMind.Tests.Quantization.QuantizationAgreementTests.QuantizedMatMul_AllTiers_Agree(dtype: IQ4_NL)","Messages":[],"ComputerName":"LAPTOP-MKMTSO1B","Duration":"00:00:00.0774418","StartTime":"2026-07-20T05:41:57.8163685+00:00","EndTime":"2026-07-20T05:41:57.8928316+00:00","Properties":[]}],"TestRunStatistics":{"ExecutedTests":272,"Stats":{"Passed":269,"Failed":3}},"ActiveTests":[{"Id":"fa8faea8-aa20-363d-f3f4-f94c1457ba7d","FullyQualifiedName":"SharpMind.Tests.Quantization.QuantizationAgreementTests.QuantizedMatMul_AllTiers_Agree","DisplayName":"SharpMind.Tests.Quantization.QuantizationAgreementTests.QuantizedMatMul_AllTiers_Agree(dtype: F16)","ExecutorUri":"executor://xunit/VsTestRunner3/netcore/","Source":"C:\\Integral2u\\source\\repos\\SharpMind\\SharpMind.Tests\\bin\\Debug\\net10.0\\SharpMind.Tests.dll","CodeFilePath":null,"LineNumber":0,"Properties":[{"Key":{"Id":"TestCase.ManagedType","Label":"ManagedType","Category":"","Description":"","Attributes":1,"ValueType":"System.String"},"Value":"SharpMind.Tests.Quantization.QuantizationAgreementTests"},{"Key":{"Id":"XunitTestCaseUniqueID","Label":"xUnit.net Test Case Unique ID","Category":"","Description":"","Attributes":0,"ValueType":"System.String"},"Value":"e1640a12ba50c69daa6a61758941d587172e6b7e"},{"Key":{"Id":"TestCase.ManagedMethod","Label":"ManagedMethod","Category":"","Description":"","Attributes":1,"ValueType":"System.String"},"Value":"QuantizedMatMul_AllTiers_Agree"},{"Key":{"Id":"XunitTestCaseExplicit","Label":"xUnit.net Test Case Explicit Flag","Category":"","Description":"","Attributes":0,"ValueType":"System.Boolean"},"Value":false}]}]}}
TpTrace Verbose: 0 : 15992, 10, 2026/07/20, 17:41:57.978, 375068530923, vstest.console.dll, TestRunRequest:SendTestRunStatsChange: Starting.
TpTrace Verbose: 0 : 15992, 10, 2026/07/20, 17:41:57.978, 375068531620, vstest.console.dll, InProgress is SharpMind.Tests.Quantization.QuantizationAgreementTests.QuantizedMatMul_AllTiers_Agree(dtype: F16)
TpTrace Verbose: 0 : 15992, 10, 2026/07/20, 17:41:57.978, 375068532194, vstest.console.dll, MulticastDelegateUtilities.SafeInvoke: TestRun.RunStatsChanged: Invoking callbacks was skipped because there are no subscribers.
TpTrace Verbose: 0 : 15992, 4, 2026/07/20, 17:41:57.978, 375068532615, vstest.console.dll, MulticastDelegateUtilities.SafeInvoke: InternalTestLoggerEvents.SendTestResult: Invoking callback 1/1 for Microsoft.VisualStudio.TestPlatform.CommandLine.Internal.ConsoleLogger., took 0 ms.
TpTrace Information: 0 : 15992, 10, 2026/07/20, 17:41:57.978, 375068532663, vstest.console.dll, TestRunRequest:SendTestRunStatsChange: Completed.
TpTrace Verbose: 0 : 15992, 4, 2026/07/20, 17:41:57.978, 375068533534, vstest.console.dll, MulticastDelegateUtilities.SafeInvoke: InternalTestLoggerEvents.SendTestResult: Invoking callback 1/1 for Microsoft.VisualStudio.TestPlatform.CommandLine.Internal.ConsoleLogger., took 0 ms.
TpTrace Verbose: 0 : 15992, 10, 2026/07/20, 17:41:57.978, 375068534013, vstest.console.dll, MulticastDelegateUtilities.SafeInvoke: LengthPrefixCommunicationChannel: MessageReceived: Invoking callback 1/1 for Microsoft.VisualStudio.TestPlatform.CommunicationUtilities.TestRequestSender+<>c__DisplayClass34_0., took 1 ms.
TpTrace Verbose: 0 : 15992, 4, 2026/07/20, 17:41:57.979, 375068534627, vstest.console.dll, MulticastDelegateUtilities.SafeInvoke: InternalTestLoggerEvents.SendTestResult: Invoking callback 1/1 for Microsoft.VisualStudio.TestPlatform.CommandLine.Internal.ConsoleLogger., took 0 ms.
TpTrace Verbose: 0 : 15992, 10, 2026/07/20, 17:41:57.979, 375068534936, vstest.console.dll, TcpClientExtensions.MessageLoopAsync: Polling on remoteEndPoint: 127.0.0.1:55740 localEndPoint: 127.0.0.1:55739 after 497 ms
TpTrace Verbose: 0 : 15992, 4, 2026/07/20, 17:41:57.979, 375068535589, vstest.console.dll, MulticastDelegateUtilities.SafeInvoke: InternalTestLoggerEvents.SendTestResult: Invoking callback 1/1 for Microsoft.VisualStudio.TestPlatform.CommandLine.Internal.ConsoleLogger., took 0 ms.
TpTrace Verbose: 0 : 15992, 10, 2026/07/20, 17:41:58.086, 375069612832, vstest.console.dll, TcpClientExtensions.MessageLoopAsync: NotifyDataAvailable remoteEndPoint: 127.0.0.1:55740 localEndPoint: 127.0.0.1:55739
TpTrace Verbose: 0 : 15992, 10, 2026/07/20, 17:41:58.087, 375069616180, vstest.console.dll, TestRequestSender.OnExecutionMessageReceived: Received message: {"Version":7,"MessageType":"TestExecution.StatsChange","Payload":{"NewTestResults":[{"TestCase":{"Id":"fa8faea8-aa20-363d-f3f4-f94c1457ba7d","FullyQualifiedName":"SharpMind.Tests.Quantization.QuantizationAgreementTests.QuantizedMatMul_AllTiers_Agree","DisplayName":"SharpMind.Tests.Quantization.QuantizationAgreementTests.QuantizedMatMul_AllTiers_Agree(dtype: F16)","ExecutorUri":"executor://xunit/VsTestRunner3/netcore/","Source":"C:\\Integral2u\\source\\repos\\SharpMind\\SharpMind.Tests\\bin\\Debug\\net10.0\\SharpMind.Tests.dll","CodeFilePath":null,"LineNumber":0,"Properties":[{"Key":{"Id":"TestCase.ManagedType","Label":"ManagedType","Category":"","Description":"","Attributes":1,"ValueType":"System.String"},"Value":"SharpMind.Tests.Quantization.QuantizationAgreementTests"},{"Key":{"Id":"XunitTestCaseUniqueID","Label":"xUnit.net Test Case Unique ID","Category":"","Description":"","Attributes":0,"ValueType":"System.String"},"Value":"e1640a12ba50c69daa6a61758941d587172e6b7e"},{"Key":{"Id":"TestCase.ManagedMethod","Label":"ManagedMethod","Category":"","Description":"","Attributes":1,"ValueType":"System.String"},"Value":"QuantizedMatMul_AllTiers_Agree"},{"Key":{"Id":"XunitTestCaseExplicit","Label":"xUnit.net Test Case Explicit Flag","Category":"","Description":"","Attributes":0,"ValueType":"System.Boolean"},"Value":false}]},"Attachments":[],"Outcome":1,"ErrorMessage":null,"ErrorStackTrace":null,"DisplayName":"SharpMind.Tests.Quantization.QuantizationAgreementTests.QuantizedMatMul_AllTiers_Agree(dtype: F16)","Messages":[],"ComputerName":"LAPTOP-MKMTSO1B","Duration":"00:00:00.1253821","StartTime":"2026-07-20T05:41:57.8936992+00:00","EndTime":"2026-07-20T05:41:58.0192775+00:00","Properties":[]},{"TestCase":{"Id":"1953ec86-1d12-24c7-7163-76e89233d771","FullyQualifiedName":"SharpMind.Tests.Quantization.QuantizationAgreementTests.QuantizedMatMul_AllTiers_Agree","DisplayName":"SharpMind.Tests.Quantization.QuantizationAgreementTests.QuantizedMatMul_AllTiers_Agree(dtype: Q5_0)","ExecutorUri":"executor://xunit/VsTestRunner3/netcore/","Source":"C:\\Integral2u\\source\\repos\\SharpMind\\SharpMind.Tests\\bin\\Debug\\net10.0\\SharpMind.Tests.dll","CodeFilePath":null,"LineNumber":0,"Properties":[{"Key":{"Id":"TestCase.ManagedType","Label":"ManagedType","Category":"","Description":"","Attributes":1,"ValueType":"System.String"},"Value":"SharpMind.Tests.Quantization.QuantizationAgreementTests"},{"Key":{"Id":"XunitTestCaseUniqueID","Label":"xUnit.net Test Case Unique ID","Category":"","Description":"","Attributes":0,"ValueType":"System.String"},"Value":"e3abeb5ab226a02f5dbd179b9bac39708b0175bf"},{"Key":{"Id":"TestCase.ManagedMethod","Label":"ManagedMethod","Category":"","Description":"","Attributes":1,"ValueType":"System.String"},"Value":"QuantizedMatMul_AllTiers_Agree"},{"Key":{"Id":"XunitTestCaseExplicit","Label":"xUnit.net Test Case Explicit Flag","Category":"","Description":"","Attributes":0,"ValueType":"System.Boolean"},"Value":false}]},"Attachments":[],"Outcome":1,"ErrorMessage":null,"ErrorStackTrace":null,"DisplayName":"SharpMind.Tests.Quantization.QuantizationAgreementTests.QuantizedMatMul_AllTiers_Agree(dtype: Q5_0)","Messages":[],"ComputerName":"LAPTOP-MKMTSO1B","Duration":"00:00:00.0243809","StartTime":"2026-07-20T05:41:58.0201869+00:00","EndTime":"2026-07-20T05:41:58.0437015+00:00","Properties":[]},{"TestCase":{"Id":"1713a945-6340-4227-986a-52da1bebb7cd","FullyQualifiedName":"SharpMind.Tests.Quantization.QuantizationAgreementTests.QuantizedMatMul_AllTiers_Agree","DisplayName":"SharpMind.Tests.Quantization.QuantizationAgreementTests.QuantizedMatMul_AllTiers_Agree(dtype: Q8_0)","ExecutorUri":"executor://xunit/VsTestRunner3/netcore/","Source":"C:\\Integral2u\\source\\repos\\SharpMind\\SharpMind.Tests\\bin\\Debug\\net10.0\\SharpMind.Tests.dll","CodeFilePath":null,"LineNumber":0,"Properties":[{"Key":{"Id":"TestCase.ManagedType","Label":"ManagedType","Category":"","Description":"","Attributes":1,"ValueType":"System.String"},"Value":"SharpMind.Tests.Quantization.QuantizationAgreementTests"},{"Key":{"Id":"XunitTestCaseUniqueID","Label":"xUnit.net Test Case Unique ID","Category":"","Description":"","Attributes":0,"ValueType":"System.String"},"Value":"fa28380b0ff920eee94962cd8abe9e6d4f45b6c2"},{"Key":{"Id":"TestCase.ManagedMethod","Label":"ManagedMethod","Category":"","Description":"","Attributes":1,"ValueType":"System.String"},"Value":"QuantizedMatMul_AllTiers_Agree"},{"Key":{"Id":"XunitTestCaseExplicit","Label":"xUnit.net Test Case Explicit Flag","Category":"","Description":"","Attributes":0,"ValueType":"System.Boolean"},"Value":false}]},"Attachments":[],"Outcome":1,"ErrorMessage":null,"ErrorStackTrace":null,"DisplayName":"SharpMind.Tests.Quantization.QuantizationAgreementTests.QuantizedMatMul_AllTiers_Agree(dtype: Q8_0)","Messages":[],"ComputerName":"LAPTOP-MKMTSO1B","Duration":"00:00:00.0191958","StartTime":"2026-07-20T05:41:58.0444792+00:00","EndTime":"2026-07-20T05:41:58.063025+00:00","Properties":[]},{"TestCase":{"Id":"5029143a-02fc-10b6-042c-124b96f09d03","FullyQualifiedName":"SharpMind.Tests.Core.TensorOpsTests.Variance_Correct","DisplayName":"SharpMind.Tests.Core.TensorOpsTests.Variance_Correct","ExecutorUri":"executor://xunit/VsTestRunner3/netcore/","Source":"C:\\Integral2u\\source\\repos\\SharpMind\\SharpMind.Tests\\bin\\Debug\\net10.0\\SharpMind.Tests.dll","CodeFilePath":null,"LineNumber":0,"Properties":[{"Key":{"Id":"TestCase.ManagedType","Label":"ManagedType","Category":"","Description":"","Attributes":1,"ValueType":"System.String"},"Value":"SharpMind.Tests.Core.TensorOpsTests"},{"Key":{"Id":"XunitTestCaseUniqueID","Label":"xUnit.net Test Case Unique ID","Category":"","Description":"","Attributes":0,"ValueType":"System.String"},"Value":"176ecd0e5ca85d0a9369e7ccbb746c4e08de96c9"},{"Key":{"Id":"TestCase.ManagedMethod","Label":"ManagedMethod","Category":"","Description":"","Attributes":1,"ValueType":"System.String"},"Value":"Variance_Correct"},{"Key":{"Id":"XunitTestCaseExplicit","Label":"xUnit.net Test Case Explicit Flag","Category":"","Description":"","Attributes":0,"ValueType":"System.Boolean"},"Value":false}]},"Attachments":[],"Outcome":1,"ErrorMessage":null,"ErrorStackTrace":null,"DisplayName":"SharpMind.Tests.Core.TensorOpsTests.Variance_Correct","Messages":[],"ComputerName":"LAPTOP-MKMTSO1B","Duration":"00:00:00.0041601","StartTime":"2026-07-20T05:41:58.0646752+00:00","EndTime":"2026-07-20T05:41:58.0686431+00:00","Properties":[]},{"TestCase":{"Id":"a05147e1-2244-2667-e3c3-dd75216f9cdc","FullyQualifiedName":"SharpMind.Tests.Core.TensorOpsTests.Transpose_2D","DisplayName":"SharpMind.Tests.Core.TensorOpsTests.Transpose_2D","ExecutorUri":"executor://xunit/VsTestRunner3/netcore/","Source":"C:\\Integral2u\\source\\repos\\SharpMind\\SharpMind.Tests\\bin\\Debug\\net10.0\\SharpMind.Tests.dll","CodeFilePath":null,"LineNumber":0,"Properties":[{"Key":{"Id":"TestCase.ManagedType","Label":"ManagedType","Category":"","Description":"","Attributes":1,"ValueType":"System.String"},"Value":"SharpMind.Tests.Core.TensorOpsTests"},{"Key":{"Id":"XunitTestCaseUniqueID","Label":"xUnit.net Test Case Unique ID","Category":"","Description":"","Attributes":0,"ValueType":"System.String"},"Value":"2180762e1d1c03add9259a621c7b95b2fef6772a"},{"Key":{"Id":"TestCase.ManagedMethod","Label":"ManagedMethod","Category":"","Description":"","Attributes":1,"ValueType":"System.String"},"Value":"Transpose_2D"},{"Key":{"Id":"XunitTestCaseExplicit","Label":"xUnit.net Test Case Explicit Flag","Category":"","Description":"","Attributes":0,"ValueType":"System.Boolean"},"Value":false}]},"Attachments":[],"Outcome":1,"ErrorMessage":null,"ErrorStackTrace":null,"DisplayName":"SharpMind.Tests.Core.TensorOpsTests.Transpose_2D","Messages":[],"ComputerName":"LAPTOP-MKMTSO1B","Duration":"00:00:00.0008004","StartTime":"2026-07-20T05:41:58.0695132+00:00","EndTime":"2026-07-20T05:41:58.0696545+00:00","Properties":[]},{"TestCase":{"Id":"5458182b-d281-fba4-1140-2cc127306284","FullyQualifiedName":"SharpMind.Tests.Core.TensorOpsTests.Multiply_Elementwise","DisplayName":"SharpMind.Tests.Core.TensorOpsTests.Multiply_Elementwise","ExecutorUri":"executor://xunit/VsTestRunner3/netcore/","Source":"C:\\Integral2u\\source\\repos\\SharpMind\\SharpMind.Tests\\bin\\Debug\\net10.0\\SharpMind.Tests.dll","CodeFilePath":null,"LineNumber":0,"Properties":[{"Key":{"Id":"TestCase.ManagedType","Label":"ManagedType","Category":"","Description":"","Attributes":1,"ValueType":"System.String"},"Value":"SharpMind.Tests.Core.TensorOpsTests"},{"Key":{"Id":"XunitTestCaseUniqueID","Label":"xUnit.net Test Case Unique ID","Category":"","Description":"","Attributes":0,"ValueType":"System.String"},"Value":"2969bbba2e1a759033e61cf12239157f874f4f63"},{"Key":{"Id":"TestCase.ManagedMethod","Label":"ManagedMethod","Category":"","Description":"","Attributes":1,"ValueType":"System.String"},"Value":"Multiply_Elementwise"},{"Key":{"Id":"XunitTestCaseExplicit","Label":"xUnit.net Test Case Explicit Flag","Category":"","Description":"","Attributes":0,"ValueType":"System.Boolean"},"Value":false}]},"Attachments":[],"Outcome":1,"ErrorMessage":null,"ErrorStackTrace":null,"DisplayName":"SharpMind.Tests.Core.TensorOpsTests.Multiply_Elementwise","Messages":[],"ComputerName":"LAPTOP-MKMTSO1B","Duration":"00:00:00.0073610","StartTime":"2026-07-20T05:41:58.0704655+00:00","EndTime":"2026-07-20T05:41:58.0772245+00:00","Properties":[]},{"TestCase":{"Id":"2c128b8e-3937-89a3-79ce-7f2f1ffeb243","FullyQualifiedName":"SharpMind.Tests.Core.TensorOpsTests.Subtract_KnownValues","DisplayName":"SharpMind.Tests.Core.TensorOpsTests.Subtract_KnownValues","ExecutorUri":"executor://xunit/VsTestRunner3/netcore/","Source":"C:\\Integral2u\\source\\repos\\SharpMind\\SharpMind.Tests\\bin\\Debug\\net10.0\\SharpMind.Tests.dll","CodeFilePath":null,"LineNumber":0,"Properties":[{"Key":{"Id":"TestCase.ManagedType","Label":"ManagedType","Category":"","Description":"","Attributes":1,"ValueType":"System.String"},"Value":"SharpMind.Tests.Core.TensorOpsTests"},{"Key":{"Id":"XunitTestCaseUniqueID","Label":"xUnit.net Test Case Unique ID","Category":"","Description":"","Attributes":0,"ValueType":"System.String"},"Value":"3a225684ccb30b27c7e92b5726a31094ada4c44b"},{"Key":{"Id":"TestCase.ManagedMethod","Label":"ManagedMethod","Category":"","Description":"","Attributes":1,"ValueType":"System.String"},"Value":"Subtract_KnownValues"},{"Key":{"Id":"XunitTestCaseExplicit","Label":"xUnit.net Test Case Explicit Flag","Category":"","Description":"","Attributes":0,"ValueType":"System.Boolean"},"Value":false}]},"Attachments":[],"Outcome":1,"ErrorMessage":null,"ErrorStackTrace":null,"DisplayName":"SharpMind.Tests.Core.TensorOpsTests.Subtract_KnownValues","Messages":[],"ComputerName":"LAPTOP-MKMTSO1B","Duration":"00:00:00.0031762","StartTime":"2026-07-20T05:41:58.0783188+00:00","EndTime":"2026-07-20T05:41:58.0805681+00:00","Properties":[]},{"TestCase":{"Id":"7653f996-5088-8cb8-14f1-7926dea280fb","FullyQualifiedName":"SharpMind.Tests.Core.TensorOpsTests.Add_KnownValues","DisplayName":"SharpMind.Tests.Core.TensorOpsTests.Add_KnownValues","ExecutorUri":"executor://xunit/VsTestRunner3/netcore/","Source":"C:\\Integral2u\\source\\repos\\SharpMind\\SharpMind.Tests\\bin\\Debug\\net10.0\\SharpMind.Tests.dll","CodeFilePath":null,"LineNumber":0,"Properties":[{"Key":{"Id":"TestCase.ManagedType","Label":"ManagedType","Category":"","Description":"","Attributes":1,"ValueType":"System.String"},"Value":"SharpMind.Tests.Core.TensorOpsTests"},{"Key":{"Id":"XunitTestCaseUniqueID","Label":"xUnit.net Test Case Unique ID","Category":"","Description":"","Attributes":0,"ValueType":"System.String"},"Value":"802a9c6bdaa5d6f284e444ccc66da8f99984a8cf"},{"Key":{"Id":"TestCase.ManagedMethod","Label":"ManagedMethod","Category":"","Description":"","Attributes":1,"ValueType":"System.String"},"Value":"Add_KnownValues"},{"Key":{"Id":"XunitTestCaseExplicit","Label":"xUnit.net Test Case Explicit Flag","Category":"","Description":"","Attributes":0,"ValueType":"System.Boolean"},"Value":false}]},"Attachments":[],"Outcome":1,"ErrorMessage":null,"ErrorStackTrace":null,"DisplayName":"SharpMind.Tests.Core.TensorOpsTests.Add_KnownValues","Messages":[],"ComputerName":"LAPTOP-MKMTSO1B","Duration":"00:00:00.0021965","StartTime":"2026-07-20T05:41:58.0815701+00:00","EndTime":"2026-07-20T05:41:58.0829101+00:00","Properties":[]},{"TestCase":{"Id":"ac3fd2ab-326c-6a2f-5dca-1e6eb76c3e84","FullyQualifiedName":"SharpMind.Tests.Core.TensorOpsTests.MaskedFill_FillsSelectedPositions","DisplayName":"SharpMind.Tests.Core.TensorOpsTests.MaskedFill_FillsSelectedPositions","ExecutorUri":"executor://xunit/VsTestRunner3/netcore/","Source":"C:\\Integral2u\\source\\repos\\SharpMind\\SharpMind.Tests\\bin\\Debug\\net10.0\\SharpMind.Tests.dll","CodeFilePath":null,"LineNumber":0,"Properties":[{"Key":{"Id":"TestCase.ManagedType","Label":"ManagedType","Category":"","Description":"","Attributes":1,"ValueType":"System.String"},"Value":"SharpMind.Tests.Core.TensorOpsTests"},{"Key":{"Id":"XunitTestCaseUniqueID","Label":"xUnit.net Test Case Unique ID","Category":"","Description":"","Attributes":0,"ValueType":"System.String"},"Value":"955e4777029fe014842d4589d9a849c15c91c75d"},{"Key":{"Id":"TestCase.ManagedMethod","Label":"ManagedMethod","Category":"","Description":"","Attributes":1,"ValueType":"System.String"},"Value":"MaskedFill_FillsSelectedPositions"},{"Key":{"Id":"XunitTestCaseExplicit","Label":"xUnit.net Test Case Explicit Flag","Category":"","Description":"","Attributes":0,"ValueType":"System.Boolean"},"Value":false}]},"Attachments":[],"Outcome":1,"ErrorMessage":null,"ErrorStackTrace":null,"DisplayName":"SharpMind.Tests.Core.TensorOpsTests.MaskedFill_FillsSelectedPositions","Messages":[],"ComputerName":"LAPTOP-MKMTSO1B","Duration":"00:00:00.0011469","StartTime":"2026-07-20T05:41:58.0841076+00:00","EndTime":"2026-07-20T05:41:58.0843009+00:00","Properties":[]}],"TestRunStatistics":{"ExecutedTests":281,"Stats":{"Passed":278,"Failed":3}},"ActiveTests":[{"Id":"5a31d95f-4002-8ec6-4b71-c7ba15b00d75","FullyQualifiedName":"SharpMind.Tests.Core.TensorOpsTests.Scale_ScalesAllElements","DisplayName":"SharpMind.Tests.Core.TensorOpsTests.Scale_ScalesAllElements","ExecutorUri":"executor://xunit/VsTestRunner3/netcore/","Source":"C:\\Integral2u\\source\\repos\\SharpMind\\SharpMind.Tests\\bin\\Debug\\net10.0\\SharpMind.Tests.dll","CodeFilePath":null,"LineNumber":0,"Properties":[{"Key":{"Id":"TestCase.ManagedType","Label":"ManagedType","Category":"","Description":"","Attributes":1,"ValueType":"System.String"},"Value":"SharpMind.Tests.Core.TensorOpsTests"},{"Key":{"Id":"XunitTestCaseUniqueID","Label":"xUnit.net Test Case Unique ID","Category":"","Description":"","Attributes":0,"ValueType":"System.String"},"Value":"99a79d5f98dbf593b4d3c4d8ee35c5ab5fb95708"},{"Key":{"Id":"TestCase.ManagedMethod","Label":"ManagedMethod","Category":"","Description":"","Attributes":1,"ValueType":"System.String"},"Value":"Scale_ScalesAllElements"},{"Key":{"Id":"XunitTestCaseExplicit","Label":"xUnit.net Test Case Explicit Flag","Category":"","Description":"","Attributes":0,"ValueType":"System.Boolean"},"Value":false}]}]}}
TpTrace Verbose: 0 : 15992, 10, 2026/07/20, 17:41:58.094, 375069687872, vstest.console.dll, TestRunRequest:SendTestRunStatsChange: Starting.
TpTrace Verbose: 0 : 15992, 10, 2026/07/20, 17:41:58.094, 375069690043, vstest.console.dll, InProgress is SharpMind.Tests.Core.TensorOpsTests.Scale_ScalesAllElements
TpTrace Verbose: 0 : 15992, 10, 2026/07/20, 17:41:58.094, 375069690726, vstest.console.dll, MulticastDelegateUtilities.SafeInvoke: TestRun.RunStatsChanged: Invoking callbacks was skipped because there are no subscribers.
TpTrace Information: 0 : 15992, 10, 2026/07/20, 17:41:58.094, 375069691210, vstest.console.dll, TestRunRequest:SendTestRunStatsChange: Completed.
TpTrace Verbose: 0 : 15992, 10, 2026/07/20, 17:41:58.094, 375069691835, vstest.console.dll, MulticastDelegateUtilities.SafeInvoke: LengthPrefixCommunicationChannel: MessageReceived: Invoking callback 1/1 for Microsoft.VisualStudio.TestPlatform.CommunicationUtilities.TestRequestSender+<>c__DisplayClass34_0., took 7 ms.
TpTrace Verbose: 0 : 15992, 10, 2026/07/20, 17:41:58.094, 375069692380, vstest.console.dll, TcpClientExtensions.MessageLoopAsync: Polling on remoteEndPoint: 127.0.0.1:55740 localEndPoint: 127.0.0.1:55739 after 115 ms
TpTrace Verbose: 0 : 15992, 4, 2026/07/20, 17:41:58.095, 375069703050, vstest.console.dll, MulticastDelegateUtilities.SafeInvoke: InternalTestLoggerEvents.SendTestResult: Invoking callback 1/1 for Microsoft.VisualStudio.TestPlatform.CommandLine.Internal.ConsoleLogger., took 0 ms.
TpTrace Verbose: 0 : 15992, 4, 2026/07/20, 17:41:58.096, 375069704872, vstest.console.dll, MulticastDelegateUtilities.SafeInvoke: InternalTestLoggerEvents.SendTestResult: Invoking callback 1/1 for Microsoft.VisualStudio.TestPlatform.CommandLine.Internal.ConsoleLogger., took 0 ms.
TpTrace Verbose: 0 : 15992, 4, 2026/07/20, 17:41:58.096, 375069713562, vstest.console.dll, MulticastDelegateUtilities.SafeInvoke: InternalTestLoggerEvents.SendTestResult: Invoking callback 1/1 for Microsoft.VisualStudio.TestPlatform.CommandLine.Internal.ConsoleLogger., took 0 ms.
TpTrace Verbose: 0 : 15992, 4, 2026/07/20, 17:41:58.097, 375069714312, vstest.console.dll, MulticastDelegateUtilities.SafeInvoke: InternalTestLoggerEvents.SendTestResult: Invoking callback 1/1 for Microsoft.VisualStudio.TestPlatform.CommandLine.Internal.ConsoleLogger., took 0 ms.
TpTrace Verbose: 0 : 15992, 4, 2026/07/20, 17:41:58.097, 375069714902, vstest.console.dll, MulticastDelegateUtilities.SafeInvoke: InternalTestLoggerEvents.SendTestResult: Invoking callback 1/1 for Microsoft.VisualStudio.TestPlatform.CommandLine.Internal.ConsoleLogger., took 0 ms.
TpTrace Verbose: 0 : 15992, 4, 2026/07/20, 17:41:58.097, 375069715536, vstest.console.dll, MulticastDelegateUtilities.SafeInvoke: InternalTestLoggerEvents.SendTestResult: Invoking callback 1/1 for Microsoft.VisualStudio.TestPlatform.CommandLine.Internal.ConsoleLogger., took 0 ms.
TpTrace Verbose: 0 : 15992, 4, 2026/07/20, 17:41:58.097, 375069716449, vstest.console.dll, MulticastDelegateUtilities.SafeInvoke: InternalTestLoggerEvents.SendTestResult: Invoking callback 1/1 for Microsoft.VisualStudio.TestPlatform.CommandLine.Internal.ConsoleLogger., took 0 ms.
TpTrace Verbose: 0 : 15992, 4, 2026/07/20, 17:41:58.097, 375069717103, vstest.console.dll, MulticastDelegateUtilities.SafeInvoke: InternalTestLoggerEvents.SendTestResult: Invoking callback 1/1 for Microsoft.VisualStudio.TestPlatform.CommandLine.Internal.ConsoleLogger., took 0 ms.
TpTrace Verbose: 0 : 15992, 4, 2026/07/20, 17:41:58.097, 375069718321, vstest.console.dll, MulticastDelegateUtilities.SafeInvoke: InternalTestLoggerEvents.SendTestResult: Invoking callback 1/1 for Microsoft.VisualStudio.TestPlatform.CommandLine.Internal.ConsoleLogger., took 0 ms.
TpTrace Verbose: 0 : 15992, 10, 2026/07/20, 17:41:58.520, 375073950349, vstest.console.dll, TcpClientExtensions.MessageLoopAsync: NotifyDataAvailable remoteEndPoint: 127.0.0.1:55740 localEndPoint: 127.0.0.1:55739
TpTrace Verbose: 0 : 15992, 10, 2026/07/20, 17:41:58.521, 375073954281, vstest.console.dll, TestRequestSender.OnExecutionMessageReceived: Received message: {"Version":7,"MessageType":"TestExecution.StatsChange","Payload":{"NewTestResults":[{"TestCase":{"Id":"5a31d95f-4002-8ec6-4b71-c7ba15b00d75","FullyQualifiedName":"SharpMind.Tests.Core.TensorOpsTests.Scale_ScalesAllElements","DisplayName":"SharpMind.Tests.Core.TensorOpsTests.Scale_ScalesAllElements","ExecutorUri":"executor://xunit/VsTestRunner3/netcore/","Source":"C:\\Integral2u\\source\\repos\\SharpMind\\SharpMind.Tests\\bin\\Debug\\net10.0\\SharpMind.Tests.dll","CodeFilePath":null,"LineNumber":0,"Properties":[{"Key":{"Id":"TestCase.ManagedType","Label":"ManagedType","Category":"","Description":"","Attributes":1,"ValueType":"System.String"},"Value":"SharpMind.Tests.Core.TensorOpsTests"},{"Key":{"Id":"XunitTestCaseUniqueID","Label":"xUnit.net Test Case Unique ID","Category":"","Description":"","Attributes":0,"ValueType":"System.String"},"Value":"99a79d5f98dbf593b4d3c4d8ee35c5ab5fb95708"},{"Key":{"Id":"TestCase.ManagedMethod","Label":"ManagedMethod","Category":"","Description":"","Attributes":1,"ValueType":"System.String"},"Value":"Scale_ScalesAllElements"},{"Key":{"Id":"XunitTestCaseExplicit","Label":"xUnit.net Test Case Explicit Flag","Category":"","Description":"","Attributes":0,"ValueType":"System.Boolean"},"Value":false}]},"Attachments":[],"Outcome":1,"ErrorMessage":null,"ErrorStackTrace":null,"DisplayName":"SharpMind.Tests.Core.TensorOpsTests.Scale_ScalesAllElements","Messages":[],"ComputerName":"LAPTOP-MKMTSO1B","Duration":"00:00:00.0021097","StartTime":"2026-07-20T05:41:58.0870895+00:00","EndTime":"2026-07-20T05:41:58.0872805+00:00","Properties":[]},{"TestCase":{"Id":"32ce4ec2-7712-1af6-b286-4d535512ed8e","FullyQualifiedName":"SharpMind.Tests.Core.TensorOpsTests.Sum_Correct","DisplayName":"SharpMind.Tests.Core.TensorOpsTests.Sum_Correct","ExecutorUri":"executor://xunit/VsTestRunner3/netcore/","Source":"C:\\Integral2u\\source\\repos\\SharpMind\\SharpMind.Tests\\bin\\Debug\\net10.0\\SharpMind.Tests.dll","CodeFilePath":null,"LineNumber":0,"Properties":[{"Key":{"Id":"TestCase.ManagedType","Label":"ManagedType","Category":"","Description":"","Attributes":1,"ValueType":"System.String"},"Value":"SharpMind.Tests.Core.TensorOpsTests"},{"Key":{"Id":"XunitTestCaseUniqueID","Label":"xUnit.net Test Case Unique ID","Category":"","Description":"","Attributes":0,"ValueType":"System.String"},"Value":"ac5bcc5dbb4916791249ec92b81896b19dcba768"},{"Key":{"Id":"TestCase.ManagedMethod","Label":"ManagedMethod","Category":"","Description":"","Attributes":1,"ValueType":"System.String"},"Value":"Sum_Correct"},{"Key":{"Id":"XunitTestCaseExplicit","Label":"xUnit.net Test Case Explicit Flag","Category":"","Description":"","Attributes":0,"ValueType":"System.Boolean"},"Value":false}]},"Attachments":[],"Outcome":1,"ErrorMessage":null,"ErrorStackTrace":null,"DisplayName":"SharpMind.Tests.Core.TensorOpsTests.Sum_Correct","Messages":[],"ComputerName":"LAPTOP-MKMTSO1B","Duration":"00:00:00.0004336","StartTime":"2026-07-20T05:41:58.0919051+00:00","EndTime":"2026-07-20T05:41:58.0921039+00:00","Properties":[]},{"TestCase":{"Id":"4bd4cdd2-10e6-607a-56f9-23d1262eca66","FullyQualifiedName":"SharpMind.Tests.Core.TensorOpsTests.Mean_Correct","DisplayName":"SharpMind.Tests.Core.TensorOpsTests.Mean_Correct","ExecutorUri":"executor://xunit/VsTestRunner3/netcore/","Source":"C:\\Integral2u\\source\\repos\\SharpMind\\SharpMind.Tests\\bin\\Debug\\net10.0\\SharpMind.Tests.dll","CodeFilePath":null,"LineNumber":0,"Properties":[{"Key":{"Id":"TestCase.ManagedType","Label":"ManagedType","Category":"","Description":"","Attributes":1,"ValueType":"System.String"},"Value":"SharpMind.Tests.Core.TensorOpsTests"},{"Key":{"Id":"XunitTestCaseUniqueID","Label":"xUnit.net Test Case Unique ID","Category":"","Description":"","Attributes":0,"ValueType":"System.String"},"Value":"c3a954c81c13cea9303d899e3ea9ff18b2815391"},{"Key":{"Id":"TestCase.ManagedMethod","Label":"ManagedMethod","Category":"","Description":"","Attributes":1,"ValueType":"System.String"},"Value":"Mean_Correct"},{"Key":{"Id":"XunitTestCaseExplicit","Label":"xUnit.net Test Case Explicit Flag","Category":"","Description":"","Attributes":0,"ValueType":"System.Boolean"},"Value":false}]},"Attachments":[],"Outcome":1,"ErrorMessage":null,"ErrorStackTrace":null,"DisplayName":"SharpMind.Tests.Core.TensorOpsTests.Mean_Correct","Messages":[],"ComputerName":"LAPTOP-MKMTSO1B","Duration":"00:00:00.0039915","StartTime":"2026-07-20T05:41:58.0934763+00:00","EndTime":"2026-07-20T05:41:58.0936497+00:00","Properties":[]},{"TestCase":{"Id":"bdf0ba4e-6451-0dc0-ec37-7dbce6b07460","FullyQualifiedName":"SharpMind.Tests.Core.TensorOpsTests.Sqrt_Correct","DisplayName":"SharpMind.Tests.Core.TensorOpsTests.Sqrt_Correct","ExecutorUri":"executor://xunit/VsTestRunner3/netcore/","Source":"C:\\Integral2u\\source\\repos\\SharpMind\\SharpMind.Tests\\bin\\Debug\\net10.0\\SharpMind.Tests.dll","CodeFilePath":null,"LineNumber":0,"Properties":[{"Key":{"Id":"TestCase.ManagedType","Label":"ManagedType","Category":"","Description":"","Attributes":1,"ValueType":"System.String"},"Value":"SharpMind.Tests.Core.TensorOpsTests"},{"Key":{"Id":"XunitTestCaseUniqueID","Label":"xUnit.net Test Case Unique ID","Category":"","Description":"","Attributes":0,"ValueType":"System.String"},"Value":"cf9248b5647b821d6c92cf3be60f32c6a45a5892"},{"Key":{"Id":"TestCase.ManagedMethod","Label":"ManagedMethod","Category":"","Description":"","Attributes":1,"ValueType":"System.String"},"Value":"Sqrt_Correct"},{"Key":{"Id":"XunitTestCaseExplicit","Label":"xUnit.net Test Case Explicit Flag","Category":"","Description":"","Attributes":0,"ValueType":"System.Boolean"},"Value":false}]},"Attachments":[],"Outcome":1,"ErrorMessage":null,"ErrorStackTrace":null,"DisplayName":"SharpMind.Tests.Core.TensorOpsTests.Sqrt_Correct","Messages":[],"ComputerName":"LAPTOP-MKMTSO1B","Duration":"00:00:00.0015442","StartTime":"2026-07-20T05:41:58.0946807+00:00","EndTime":"2026-07-20T05:41:58.0948519+00:00","Properties":[]},{"TestCase":{"Id":"0f9c0028-6ba9-ccf7-845a-281cd81147e1","FullyQualifiedName":"SharpMind.Tests.Core.TensorOpsTests.ArgMax_ReturnsCorrectIndex","DisplayName":"SharpMind.Tests.Core.TensorOpsTests.ArgMax_ReturnsCorrectIndex","ExecutorUri":"executor://xunit/VsTestRunner3/netcore/","Source":"C:\\Integral2u\\source\\repos\\SharpMind\\SharpMind.Tests\\bin\\Debug\\net10.0\\SharpMind.Tests.dll","CodeFilePath":null,"LineNumber":0,"Properties":[{"Key":{"Id":"TestCase.ManagedType","Label":"ManagedType","Category":"","Description":"","Attributes":1,"ValueType":"System.String"},"Value":"SharpMind.Tests.Core.TensorOpsTests"},{"Key":{"Id":"XunitTestCaseUniqueID","Label":"xUnit.net Test Case Unique ID","Category":"","Description":"","Attributes":0,"ValueType":"System.String"},"Value":"db1ae0d8b01b0a5eb035b5002592883b55501c25"},{"Key":{"Id":"TestCase.ManagedMethod","Label":"ManagedMethod","Category":"","Description":"","Attributes":1,"ValueType":"System.String"},"Value":"ArgMax_ReturnsCorrectIndex"},{"Key":{"Id":"XunitTestCaseExplicit","Label":"xUnit.net Test Case Explicit Flag","Category":"","Description":"","Attributes":0,"ValueType":"System.Boolean"},"Value":false}]},"Attachments":[],"Outcome":1,"ErrorMessage":null,"ErrorStackTrace":null,"DisplayName":"SharpMind.Tests.Core.TensorOpsTests.ArgMax_ReturnsCorrectIndex","Messages":[],"ComputerName":"LAPTOP-MKMTSO1B","Duration":"00:00:00.0010376","StartTime":"2026-07-20T05:41:58.0956445+00:00","EndTime":"2026-07-20T05:41:58.0957874+00:00","Properties":[]},{"TestCase":{"Id":"ac81dc60-bcc0-a7e1-7bd0-eb8c53bd4415","FullyQualifiedName":"SharpMind.Tests.Core.TensorOpsTests.Abs_NegativeValues","DisplayName":"SharpMind.Tests.Core.TensorOpsTests.Abs_NegativeValues","ExecutorUri":"executor://xunit/VsTestRunner3/netcore/","Source":"C:\\Integral2u\\source\\repos\\SharpMind\\SharpMind.Tests\\bin\\Debug\\net10.0\\SharpMind.Tests.dll","CodeFilePath":null,"LineNumber":0,"Properties":[{"Key":{"Id":"TestCase.ManagedType","Label":"ManagedType","Category":"","Description":"","Attributes":1,"ValueType":"System.String"},"Value":"SharpMind.Tests.Core.TensorOpsTests"},{"Key":{"Id":"XunitTestCaseUniqueID","Label":"xUnit.net Test Case Unique ID","Category":"","Description":"","Attributes":0,"ValueType":"System.String"},"Value":"db4c78b723440f8a2cdd89a427cfe108ef66705b"},{"Key":{"Id":"TestCase.ManagedMethod","Label":"ManagedMethod","Category":"","Description":"","Attributes":1,"ValueType":"System.String"},"Value":"Abs_NegativeValues"},{"Key":{"Id":"XunitTestCaseExplicit","Label":"xUnit.net Test Case Explicit Flag","Category":"","Description":"","Attributes":0,"ValueType":"System.Boolean"},"Value":false}]},"Attachments":[],"Outcome":1,"ErrorMessage":null,"ErrorStackTrace":null,"DisplayName":"SharpMind.Tests.Core.TensorOpsTests.Abs_NegativeValues","Messages":[],"ComputerName":"LAPTOP-MKMTSO1B","Duration":"00:00:00.0012904","StartTime":"2026-07-20T05:41:58.0975769+00:00","EndTime":"2026-07-20T05:41:58.0977682+00:00","Properties":[]},{"TestCase":{"Id":"09defdad-830e-eb8f-60a2-98db63da0292","FullyQualifiedName":"SharpMind.Tests.Core.TensorOpsTests.Clamp_ClampsToRange","DisplayName":"SharpMind.Tests.Core.TensorOpsTests.Clamp_ClampsToRange","ExecutorUri":"executor://xunit/VsTestRunner3/netcore/","Source":"C:\\Integral2u\\source\\repos\\SharpMind\\SharpMind.Tests\\bin\\Debug\\net10.0\\SharpMind.Tests.dll","CodeFilePath":null,"LineNumber":0,"Properties":[{"Key":{"Id":"TestCase.ManagedType","Label":"ManagedType","Category":"","Description":"","Attributes":1,"ValueType":"System.String"},"Value":"SharpMind.Tests.Core.TensorOpsTests"},{"Key":{"Id":"XunitTestCaseUniqueID","Label":"xUnit.net Test Case Unique ID","Category":"","Description":"","Attributes":0,"ValueType":"System.String"},"Value":"fd6ecd77b247fe3a3c1d48acbf02f638b57bee13"},{"Key":{"Id":"TestCase.ManagedMethod","Label":"ManagedMethod","Category":"","Description":"","Attributes":1,"ValueType":"System.String"},"Value":"Clamp_ClampsToRange"},{"Key":{"Id":"XunitTestCaseExplicit","Label":"xUnit.net Test Case Explicit Flag","Category":"","Description":"","Attributes":0,"ValueType":"System.Boolean"},"Value":false}]},"Attachments":[],"Outcome":1,"ErrorMessage":null,"ErrorStackTrace":null,"DisplayName":"SharpMind.Tests.Core.TensorOpsTests.Clamp_ClampsToRange","Messages":[],"ComputerName":"LAPTOP-MKMTSO1B","Duration":"00:00:00.0016057","StartTime":"2026-07-20T05:41:58.0988774+00:00","EndTime":"2026-07-20T05:41:58.099037+00:00","Properties":[]},{"TestCase":{"Id":"e71b7b3a-7b4c-c762-9f7f-29443bdcff2e","FullyQualifiedName":"SharpMind.Tests.Core.ActivationTests.ActivationParity_ScalarMatchesAvx2_SwiGLU","DisplayName":"SharpMind.Tests.Core.ActivationTests.ActivationParity_ScalarMatchesAvx2_SwiGLU","ExecutorUri":"executor://xunit/VsTestRunner3/netcore/","Source":"C:\\Integral2u\\source\\repos\\SharpMind\\SharpMind.Tests\\bin\\Debug\\net10.0\\SharpMind.Tests.dll","CodeFilePath":null,"LineNumber":0,"Properties":[{"Key":{"Id":"TestCase.ManagedType","Label":"ManagedType","Category":"","Description":"","Attributes":1,"ValueType":"System.String"},"Value":"SharpMind.Tests.Core.ActivationTests"},{"Key":{"Id":"XunitTestCaseUniqueID","Label":"xUnit.net Test Case Unique ID","Category":"","Description":"","Attributes":0,"ValueType":"System.String"},"Value":"0cc9ab984a6813430a43abb92c9bc070d6f86f9b"},{"Key":{"Id":"TestCase.ManagedMethod","Label":"ManagedMethod","Category":"","Description":"","Attributes":1,"ValueType":"System.String"},"Value":"ActivationParity_ScalarMatchesAvx2_SwiGLU"},{"Key":{"Id":"XunitTestCaseExplicit","Label":"xUnit.net Test Case Explicit Flag","Category":"","Description":"","Attributes":0,"ValueType":"System.Boolean"},"Value":false}]},"Attachments":[],"Outcome":1,"ErrorMessage":null,"ErrorStackTrace":null,"DisplayName":"SharpMind.Tests.Core.ActivationTests.ActivationParity_ScalarMatchesAvx2_SwiGLU","Messages":[],"ComputerName":"LAPTOP-MKMTSO1B","Duration":"00:00:00.2065387","StartTime":"2026-07-20T05:41:58.1003093+00:00","EndTime":"2026-07-20T05:41:58.3107331+00:00","Properties":[]},{"TestCase":{"Id":"d85a3dec-a9fa-cd79-e05a-3072952d608c","FullyQualifiedName":"SharpMind.Tests.Core.ActivationTests.ActivationParity_ScalarMatchesAvx2_RMSNorm","DisplayName":"SharpMind.Tests.Core.ActivationTests.ActivationParity_ScalarMatchesAvx2_RMSNorm","ExecutorUri":"executor://xunit/VsTestRunner3/netcore/","Source":"C:\\Integral2u\\source\\repos\\SharpMind\\SharpMind.Tests\\bin\\Debug\\net10.0\\SharpMind.Tests.dll","CodeFilePath":null,"LineNumber":0,"Properties":[{"Key":{"Id":"TestCase.ManagedType","Label":"ManagedType","Category":"","Description":"","Attributes":1,"ValueType":"System.String"},"Value":"SharpMind.Tests.Core.ActivationTests"},{"Key":{"Id":"XunitTestCaseUniqueID","Label":"xUnit.net Test Case Unique ID","Category":"","Description":"","Attributes":0,"ValueType":"System.String"},"Value":"119110a9ac65359b0fab688c4c18b9614118797c"},{"Key":{"Id":"TestCase.ManagedMethod","Label":"ManagedMethod","Category":"","Description":"","Attributes":1,"ValueType":"System.String"},"Value":"ActivationParity_ScalarMatchesAvx2_RMSNorm"},{"Key":{"Id":"XunitTestCaseExplicit","Label":"xUnit.net Test Case Explicit Flag","Category":"","Description":"","Attributes":0,"ValueType":"System.Boolean"},"Value":false}]},"Attachments":[],"Outcome":1,"ErrorMessage":null,"ErrorStackTrace":null,"DisplayName":"SharpMind.Tests.Core.ActivationTests.ActivationParity_ScalarMatchesAvx2_RMSNorm","Messages":[],"ComputerName":"LAPTOP-MKMTSO1B","Duration":"00:00:00.2026586","StartTime":"2026-07-20T05:41:58.3254705+00:00","EndTime":"2026-07-20T05:41:58.5176459+00:00","Properties":[]}],"TestRunStatistics":{"ExecutedTests":290,"Stats":{"Passed":287,"Failed":3}},"ActiveTests":[{"Id":"5665ec4a-43ec-493b-feff-01930a0f8af4","FullyQualifiedName":"SharpMind.Tests.Core.ActivationTests.ActivationParity_ScalarMatchesAvx2_GeGLU","DisplayName":"SharpMind.Tests.Core.ActivationTests.ActivationParity_ScalarMatchesAvx2_GeGLU","ExecutorUri":"executor://xunit/VsTestRunner3/netcore/","Source":"C:\\Integral2u\\source\\repos\\SharpMind\\SharpMind.Tests\\bin\\Debug\\net10.0\\SharpMind.Tests.dll","CodeFilePath":null,"LineNumber":0,"Properties":[{"Key":{"Id":"TestCase.ManagedType","Label":"ManagedType","Category":"","Description":"","Attributes":1,"ValueType":"System.String"},"Value":"SharpMind.Tests.Core.ActivationTests"},{"Key":{"Id":"XunitTestCaseUniqueID","Label":"xUnit.net Test Case Unique ID","Category":"","Description":"","Attributes":0,"ValueType":"System.String"},"Value":"28395d6fa6cd1e71e1484ec03c8630562d8e85b6"},{"Key":{"Id":"TestCase.ManagedMethod","Label":"ManagedMethod","Category":"","Description":"","Attributes":1,"ValueType":"System.String"},"Value":"ActivationParity_ScalarMatchesAvx2_GeGLU"},{"Key":{"Id":"XunitTestCaseExplicit","Label":"xUnit.net Test Case Explicit Flag","Category":"","Description":"","Attributes":0,"ValueType":"System.Boolean"},"Value":false}]}]}}
TpTrace Verbose: 0 : 15992, 10, 2026/07/20, 17:41:58.523, 375073982003, vstest.console.dll, TestRunRequest:SendTestRunStatsChange: Starting.
TpTrace Verbose: 0 : 15992, 10, 2026/07/20, 17:41:58.523, 375073983885, vstest.console.dll, InProgress is SharpMind.Tests.Core.ActivationTests.ActivationParity_ScalarMatchesAvx2_GeGLU
TpTrace Verbose: 0 : 15992, 10, 2026/07/20, 17:41:58.524, 375073985329, vstest.console.dll, MulticastDelegateUtilities.SafeInvoke: TestRun.RunStatsChanged: Invoking callbacks was skipped because there are no subscribers.
TpTrace Information: 0 : 15992, 10, 2026/07/20, 17:41:58.524, 375073985955, vstest.console.dll, TestRunRequest:SendTestRunStatsChange: Completed.
TpTrace Verbose: 0 : 15992, 10, 2026/07/20, 17:41:58.524, 375073986468, vstest.console.dll, MulticastDelegateUtilities.SafeInvoke: LengthPrefixCommunicationChannel: MessageReceived: Invoking callback 1/1 for Microsoft.VisualStudio.TestPlatform.CommunicationUtilities.TestRequestSender+<>c__DisplayClass34_0., took 3 ms.
TpTrace Verbose: 0 : 15992, 10, 2026/07/20, 17:41:58.524, 375073986947, vstest.console.dll, TcpClientExtensions.MessageLoopAsync: Polling on remoteEndPoint: 127.0.0.1:55740 localEndPoint: 127.0.0.1:55739 after 429 ms
TpTrace Verbose: 0 : 15992, 4, 2026/07/20, 17:41:58.525, 375074002071, vstest.console.dll, MulticastDelegateUtilities.SafeInvoke: InternalTestLoggerEvents.SendTestResult: Invoking callback 1/1 for Microsoft.VisualStudio.TestPlatform.CommandLine.Internal.ConsoleLogger., took 0 ms.
TpTrace Verbose: 0 : 15992, 4, 2026/07/20, 17:41:58.525, 375074003716, vstest.console.dll, MulticastDelegateUtilities.SafeInvoke: InternalTestLoggerEvents.SendTestResult: Invoking callback 1/1 for Microsoft.VisualStudio.TestPlatform.CommandLine.Internal.ConsoleLogger., took 0 ms.
TpTrace Verbose: 0 : 15992, 4, 2026/07/20, 17:41:58.526, 375074004307, vstest.console.dll, MulticastDelegateUtilities.SafeInvoke: InternalTestLoggerEvents.SendTestResult: Invoking callback 1/1 for Microsoft.VisualStudio.TestPlatform.CommandLine.Internal.ConsoleLogger., took 0 ms.
TpTrace Verbose: 0 : 15992, 4, 2026/07/20, 17:41:58.526, 375074004861, vstest.console.dll, MulticastDelegateUtilities.SafeInvoke: InternalTestLoggerEvents.SendTestResult: Invoking callback 1/1 for Microsoft.VisualStudio.TestPlatform.CommandLine.Internal.ConsoleLogger., took 0 ms.
TpTrace Verbose: 0 : 15992, 4, 2026/07/20, 17:41:58.526, 375074005385, vstest.console.dll, MulticastDelegateUtilities.SafeInvoke: InternalTestLoggerEvents.SendTestResult: Invoking callback 1/1 for Microsoft.VisualStudio.TestPlatform.CommandLine.Internal.ConsoleLogger., took 0 ms.
TpTrace Verbose: 0 : 15992, 4, 2026/07/20, 17:41:58.526, 375074012010, vstest.console.dll, MulticastDelegateUtilities.SafeInvoke: InternalTestLoggerEvents.SendTestResult: Invoking callback 1/1 for Microsoft.VisualStudio.TestPlatform.CommandLine.Internal.ConsoleLogger., took 0 ms.
TpTrace Verbose: 0 : 15992, 4, 2026/07/20, 17:41:58.526, 375074013355, vstest.console.dll, MulticastDelegateUtilities.SafeInvoke: InternalTestLoggerEvents.SendTestResult: Invoking callback 1/1 for Microsoft.VisualStudio.TestPlatform.CommandLine.Internal.ConsoleLogger., took 0 ms.
TpTrace Verbose: 0 : 15992, 4, 2026/07/20, 17:41:58.526, 375074013998, vstest.console.dll, MulticastDelegateUtilities.SafeInvoke: InternalTestLoggerEvents.SendTestResult: Invoking callback 1/1 for Microsoft.VisualStudio.TestPlatform.CommandLine.Internal.ConsoleLogger., took 0 ms.
TpTrace Verbose: 0 : 15992, 4, 2026/07/20, 17:41:58.527, 375074014559, vstest.console.dll, MulticastDelegateUtilities.SafeInvoke: InternalTestLoggerEvents.SendTestResult: Invoking callback 1/1 for Microsoft.VisualStudio.TestPlatform.CommandLine.Internal.ConsoleLogger., took 0 ms.
TpTrace Verbose: 0 : 15992, 10, 2026/07/20, 17:41:58.734, 375076090694, vstest.console.dll, TcpClientExtensions.MessageLoopAsync: NotifyDataAvailable remoteEndPoint: 127.0.0.1:55740 localEndPoint: 127.0.0.1:55739
TpTrace Verbose: 0 : 15992, 10, 2026/07/20, 17:41:58.734, 375076093901, vstest.console.dll, TestRequestSender.OnExecutionMessageReceived: Received message: {"Version":7,"MessageType":"TestExecution.StatsChange","Payload":{"NewTestResults":[{"TestCase":{"Id":"5665ec4a-43ec-493b-feff-01930a0f8af4","FullyQualifiedName":"SharpMind.Tests.Core.ActivationTests.ActivationParity_ScalarMatchesAvx2_GeGLU","DisplayName":"SharpMind.Tests.Core.ActivationTests.ActivationParity_ScalarMatchesAvx2_GeGLU","ExecutorUri":"executor://xunit/VsTestRunner3/netcore/","Source":"C:\\Integral2u\\source\\repos\\SharpMind\\SharpMind.Tests\\bin\\Debug\\net10.0\\SharpMind.Tests.dll","CodeFilePath":null,"LineNumber":0,"Properties":[{"Key":{"Id":"TestCase.ManagedType","Label":"ManagedType","Category":"","Description":"","Attributes":1,"ValueType":"System.String"},"Value":"SharpMind.Tests.Core.ActivationTests"},{"Key":{"Id":"XunitTestCaseUniqueID","Label":"xUnit.net Test Case Unique ID","Category":"","Description":"","Attributes":0,"ValueType":"System.String"},"Value":"28395d6fa6cd1e71e1484ec03c8630562d8e85b6"},{"Key":{"Id":"TestCase.ManagedMethod","Label":"ManagedMethod","Category":"","Description":"","Attributes":1,"ValueType":"System.String"},"Value":"ActivationParity_ScalarMatchesAvx2_GeGLU"},{"Key":{"Id":"XunitTestCaseExplicit","Label":"xUnit.net Test Case Explicit Flag","Category":"","Description":"","Attributes":0,"ValueType":"System.Boolean"},"Value":false}]},"Attachments":[],"Outcome":1,"ErrorMessage":null,"ErrorStackTrace":null,"DisplayName":"SharpMind.Tests.Core.ActivationTests.ActivationParity_ScalarMatchesAvx2_GeGLU","Messages":[],"ComputerName":"LAPTOP-MKMTSO1B","Duration":"00:00:00.1934518","StartTime":"2026-07-20T05:41:58.5208396+00:00","EndTime":"2026-07-20T05:41:58.7112985+00:00","Properties":[]},{"TestCase":{"Id":"389919cc-8bf3-8b99-561c-34e92093a964","FullyQualifiedName":"SharpMind.Tests.Core.ActivationTests.SiLU_AlwaysGtNegativeHalf","DisplayName":"SharpMind.Tests.Core.ActivationTests.SiLU_AlwaysGtNegativeHalf","ExecutorUri":"executor://xunit/VsTestRunner3/netcore/","Source":"C:\\Integral2u\\source\\repos\\SharpMind\\SharpMind.Tests\\bin\\Debug\\net10.0\\SharpMind.Tests.dll","CodeFilePath":null,"LineNumber":0,"Properties":[{"Key":{"Id":"TestCase.ManagedType","Label":"ManagedType","Category":"","Description":"","Attributes":1,"ValueType":"System.String"},"Value":"SharpMind.Tests.Core.ActivationTests"},{"Key":{"Id":"XunitTestCaseUniqueID","Label":"xUnit.net Test Case Unique ID","Category":"","Description":"","Attributes":0,"ValueType":"System.String"},"Value":"2e94c0b6faa2627003b8e335050f3290b011c445"},{"Key":{"Id":"TestCase.ManagedMethod","Label":"ManagedMethod","Category":"","Description":"","Attributes":1,"ValueType":"System.String"},"Value":"SiLU_AlwaysGtNegativeHalf"},{"Key":{"Id":"XunitTestCaseExplicit","Label":"xUnit.net Test Case Explicit Flag","Category":"","Description":"","Attributes":0,"ValueType":"System.Boolean"},"Value":false}]},"Attachments":[],"Outcome":1,"ErrorMessage":null,"ErrorStackTrace":null,"DisplayName":"SharpMind.Tests.Core.ActivationTests.SiLU_AlwaysGtNegativeHalf","Messages":[],"ComputerName":"LAPTOP-MKMTSO1B","Duration":"00:00:00.0024269","StartTime":"2026-07-20T05:41:58.7122357+00:00","EndTime":"2026-07-20T05:41:58.7138548+00:00","Properties":[]},{"TestCase":{"Id":"7c75b070-cfb3-8863-d1f6-1245292746c7","FullyQualifiedName":"SharpMind.Tests.Core.ActivationTests.GELU_NegativeLarge_ApproachesZero","DisplayName":"SharpMind.Tests.Core.ActivationTests.GELU_NegativeLarge_ApproachesZero","ExecutorUri":"executor://xunit/VsTestRunner3/netcore/","Source":"C:\\Integral2u\\source\\repos\\SharpMind\\SharpMind.Tests\\bin\\Debug\\net10.0\\SharpMind.Tests.dll","CodeFilePath":null,"LineNumber":0,"Properties":[{"Key":{"Id":"TestCase.ManagedType","Label":"ManagedType","Category":"","Description":"","Attributes":1,"ValueType":"System.String"},"Value":"SharpMind.Tests.Core.ActivationTests"},{"Key":{"Id":"XunitTestCaseUniqueID","Label":"xUnit.net Test Case Unique ID","Category":"","Description":"","Attributes":0,"ValueType":"System.String"},"Value":"2fd71e1c2a0bb2158023188357020e83b625546b"},{"Key":{"Id":"TestCase.ManagedMethod","Label":"ManagedMethod","Category":"","Description":"","Attributes":1,"ValueType":"System.String"},"Value":"GELU_NegativeLarge_ApproachesZero"},{"Key":{"Id":"XunitTestCaseExplicit","Label":"xUnit.net Test Case Explicit Flag","Category":"","Description":"","Attributes":0,"ValueType":"System.Boolean"},"Value":false}]},"Attachments":[],"Outcome":1,"ErrorMessage":null,"ErrorStackTrace":null,"DisplayName":"SharpMind.Tests.Core.ActivationTests.GELU_NegativeLarge_ApproachesZero","Messages":[],"ComputerName":"LAPTOP-MKMTSO1B","Duration":"00:00:00.0010439","StartTime":"2026-07-20T05:41:58.7147948+00:00","EndTime":"2026-07-20T05:41:58.7149562+00:00","Properties":[]},{"TestCase":{"Id":"d9f9583b-d197-5140-7d0e-91c9e57df785","FullyQualifiedName":"SharpMind.Tests.Core.ActivationTests.ActivationParity_ScalarMatchesAvx2_GELU","DisplayName":"SharpMind.Tests.Core.ActivationTests.ActivationParity_ScalarMatchesAvx2_GELU","ExecutorUri":"executor://xunit/VsTestRunner3/netcore/","Source":"C:\\Integral2u\\source\\repos\\SharpMind\\SharpMind.Tests\\bin\\Debug\\net10.0\\SharpMind.Tests.dll","CodeFilePath":null,"LineNumber":0,"Properties":[{"Key":{"Id":"TestCase.ManagedType","Label":"ManagedType","Category":"","Description":"","Attributes":1,"ValueType":"System.String"},"Value":"SharpMind.Tests.Core.ActivationTests"},{"Key":{"Id":"XunitTestCaseUniqueID","Label":"xUnit.net Test Case Unique ID","Category":"","Description":"","Attributes":0,"ValueType":"System.String"},"Value":"3cea95efc4ca2fcd0e032809acfda69274a74339"},{"Key":{"Id":"TestCase.ManagedMethod","Label":"ManagedMethod","Category":"","Description":"","Attributes":1,"ValueType":"System.String"},"Value":"ActivationParity_ScalarMatchesAvx2_GELU"},{"Key":{"Id":"XunitTestCaseExplicit","Label":"xUnit.net Test Case Explicit Flag","Category":"","Description":"","Attributes":0,"ValueType":"System.Boolean"},"Value":false}]},"Attachments":[],"Outcome":1,"ErrorMessage":null,"ErrorStackTrace":null,"DisplayName":"SharpMind.Tests.Core.ActivationTests.ActivationParity_ScalarMatchesAvx2_GELU","Messages":[],"ComputerName":"LAPTOP-MKMTSO1B","Duration":"00:00:00.0025414","StartTime":"2026-07-20T05:41:58.7157106+00:00","EndTime":"2026-07-20T05:41:58.7177205+00:00","Properties":[]},{"TestCase":{"Id":"ac067db7-2585-590b-5745-f55424f3b40b","FullyQualifiedName":"SharpMind.Tests.Core.ActivationTests.GELU_Zero_ReturnsZero","DisplayName":"SharpMind.Tests.Core.ActivationTests.GELU_Zero_ReturnsZero","ExecutorUri":"executor://xunit/VsTestRunner3/netcore/","Source":"C:\\Integral2u\\source\\repos\\SharpMind\\SharpMind.Tests\\bin\\Debug\\net10.0\\SharpMind.Tests.dll","CodeFilePath":null,"LineNumber":0,"Properties":[{"Key":{"Id":"TestCase.ManagedType","Label":"ManagedType","Category":"","Description":"","Attributes":1,"ValueType":"System.String"},"Value":"SharpMind.Tests.Core.ActivationTests"},{"Key":{"Id":"XunitTestCaseUniqueID","Label":"xUnit.net Test Case Unique ID","Category":"","Description":"","Attributes":0,"ValueType":"System.String"},"Value":"479b323bc71cc2f48b18927d55370b3855ab0508"},{"Key":{"Id":"TestCase.ManagedMethod","Label":"ManagedMethod","Category":"","Description":"","Attributes":1,"ValueType":"System.String"},"Value":"GELU_Zero_ReturnsZero"},{"Key":{"Id":"XunitTestCaseExplicit","Label":"xUnit.net Test Case Explicit Flag","Category":"","Description":"","Attributes":0,"ValueType":"System.Boolean"},"Value":false}]},"Attachments":[],"Outcome":1,"ErrorMessage":null,"ErrorStackTrace":null,"DisplayName":"SharpMind.Tests.Core.ActivationTests.GELU_Zero_ReturnsZero","Messages":[],"ComputerName":"LAPTOP-MKMTSO1B","Duration":"00:00:00.0016566","StartTime":"2026-07-20T05:41:58.7187163+00:00","EndTime":"2026-07-20T05:41:58.7196764+00:00","Properties":[]},{"TestCase":{"Id":"b2ea43a7-8696-f9ec-e1f9-8e8d61da150f","FullyQualifiedName":"SharpMind.Tests.Core.ActivationTests.ActivationParity_ScalarMatchesAvx2_SiLU","DisplayName":"SharpMind.Tests.Core.ActivationTests.ActivationParity_ScalarMatchesAvx2_SiLU","ExecutorUri":"executor://xunit/VsTestRunner3/netcore/","Source":"C:\\Integral2u\\source\\repos\\SharpMind\\SharpMind.Tests\\bin\\Debug\\net10.0\\SharpMind.Tests.dll","CodeFilePath":null,"LineNumber":0,"Properties":[{"Key":{"Id":"TestCase.ManagedType","Label":"ManagedType","Category":"","Description":"","Attributes":1,"ValueType":"System.String"},"Value":"SharpMind.Tests.Core.ActivationTests"},{"Key":{"Id":"XunitTestCaseUniqueID","Label":"xUnit.net Test Case Unique ID","Category":"","Description":"","Attributes":0,"ValueType":"System.String"},"Value":"66c59bcaa5cec2a97c3a8fa1576f6fd2ffb44bc8"},{"Key":{"Id":"TestCase.ManagedMethod","Label":"ManagedMethod","Category":"","Description":"","Attributes":1,"ValueType":"System.String"},"Value":"ActivationParity_ScalarMatchesAvx2_SiLU"},{"Key":{"Id":"XunitTestCaseExplicit","Label":"xUnit.net Test Case Explicit Flag","Category":"","Description":"","Attributes":0,"ValueType":"System.Boolean"},"Value":false}]},"Attachments":[],"Outcome":1,"ErrorMessage":null,"ErrorStackTrace":null,"DisplayName":"SharpMind.Tests.Core.ActivationTests.ActivationParity_ScalarMatchesAvx2_SiLU","Messages":[],"ComputerName":"LAPTOP-MKMTSO1B","Duration":"00:00:00.0077132","StartTime":"2026-07-20T05:41:58.7249312+00:00","EndTime":"2026-07-20T05:41:58.7275898+00:00","Properties":[]},{"TestCase":{"Id":"bb63b2ee-961a-60c1-fa18-2e7b25364b79","FullyQualifiedName":"SharpMind.Tests.Core.ActivationTests.GELU_PositiveLarge_ApproachesIdentity","DisplayName":"SharpMind.Tests.Core.ActivationTests.GELU_PositiveLarge_ApproachesIdentity","ExecutorUri":"executor://xunit/VsTestRunner3/netcore/","Source":"C:\\Integral2u\\source\\repos\\SharpMind\\SharpMind.Tests\\bin\\Debug\\net10.0\\SharpMind.Tests.dll","CodeFilePath":null,"LineNumber":0,"Properties":[{"Key":{"Id":"TestCase.ManagedType","Label":"ManagedType","Category":"","Description":"","Attributes":1,"ValueType":"System.String"},"Value":"SharpMind.Tests.Core.ActivationTests"},{"Key":{"Id":"XunitTestCaseUniqueID","Label":"xUnit.net Test Case Unique ID","Category":"","Description":"","Attributes":0,"ValueType":"System.String"},"Value":"6780e37d394d37ab615984d7ea8a75bfd579d79e"},{"Key":{"Id":"TestCase.ManagedMethod","Label":"ManagedMethod","Category":"","Description":"","Attributes":1,"ValueType":"System.String"},"Value":"GELU_PositiveLarge_ApproachesIdentity"},{"Key":{"Id":"XunitTestCaseExplicit","Label":"xUnit.net Test Case Explicit Flag","Category":"","Description":"","Attributes":0,"ValueType":"System.Boolean"},"Value":false}]},"Attachments":[],"Outcome":1,"ErrorMessage":null,"ErrorStackTrace":null,"DisplayName":"SharpMind.Tests.Core.ActivationTests.GELU_PositiveLarge_ApproachesIdentity","Messages":[],"ComputerName":"LAPTOP-MKMTSO1B","Duration":"00:00:00.0008690","StartTime":"2026-07-20T05:41:58.7284003+00:00","EndTime":"2026-07-20T05:41:58.7291146+00:00","Properties":[]},{"TestCase":{"Id":"eaa61558-2b26-2529-3400-5f734bc6df65","FullyQualifiedName":"SharpMind.Tests.Core.ActivationTests.Softmax_2D_AppliedRowWise","DisplayName":"SharpMind.Tests.Core.ActivationTests.Softmax_2D_AppliedRowWise","ExecutorUri":"executor://xunit/VsTestRunner3/netcore/","Source":"C:\\Integral2u\\source\\repos\\SharpMind\\SharpMind.Tests\\bin\\Debug\\net10.0\\SharpMind.Tests.dll","CodeFilePath":null,"LineNumber":0,"Properties":[{"Key":{"Id":"TestCase.ManagedType","Label":"ManagedType","Category":"","Description":"","Attributes":1,"ValueType":"System.String"},"Value":"SharpMind.Tests.Core.ActivationTests"},{"Key":{"Id":"XunitTestCaseUniqueID","Label":"xUnit.net Test Case Unique ID","Category":"","Description":"","Attributes":0,"ValueType":"System.String"},"Value":"71704f5e44c4f20d143e7266c2928f01ce6a770b"},{"Key":{"Id":"TestCase.ManagedMethod","Label":"ManagedMethod","Category":"","Description":"","Attributes":1,"ValueType":"System.String"},"Value":"Softmax_2D_AppliedRowWise"},{"Key":{"Id":"XunitTestCaseExplicit","Label":"xUnit.net Test Case Explicit Flag","Category":"","Description":"","Attributes":0,"ValueType":"System.Boolean"},"Value":false}]},"Attachments":[],"Outcome":1,"ErrorMessage":null,"ErrorStackTrace":null,"DisplayName":"SharpMind.Tests.Core.ActivationTests.Softmax_2D_AppliedRowWise","Messages":[],"ComputerName":"LAPTOP-MKMTSO1B","Duration":"00:00:00.0014009","StartTime":"2026-07-20T05:41:58.7298829+00:00","EndTime":"2026-07-20T05:41:58.7305831+00:00","Properties":[]},{"TestCase":{"Id":"2368c636-353c-cd4e-92b9-05f32c20a373","FullyQualifiedName":"SharpMind.Tests.Core.ActivationTests.Softmax_SumsToOne","DisplayName":"SharpMind.Tests.Core.ActivationTests.Softmax_SumsToOne","ExecutorUri":"executor://xunit/VsTestRunner3/netcore/","Source":"C:\\Integral2u\\source\\repos\\SharpMind\\SharpMind.Tests\\bin\\Debug\\net10.0\\SharpMind.Tests.dll","CodeFilePath":null,"LineNumber":0,"Properties":[{"Key":{"Id":"TestCase.ManagedType","Label":"ManagedType","Category":"","Description":"","Attributes":1,"ValueType":"System.String"},"Value":"SharpMind.Tests.Core.ActivationTests"},{"Key":{"Id":"XunitTestCaseUniqueID","Label":"xUnit.net Test Case Unique ID","Category":"","Description":"","Attributes":0,"ValueType":"System.String"},"Value":"78acde88d83b0c09487707338d0e545176e8ccd0"},{"Key":{"Id":"TestCase.ManagedMethod","Label":"ManagedMethod","Category":"","Description":"","Attributes":1,"ValueType":"System.String"},"Value":"Softmax_SumsToOne"},{"Key":{"Id":"XunitTestCaseExplicit","Label":"xUnit.net Test Case Explicit Flag","Category":"","Description":"","Attributes":0,"ValueType":"System.Boolean"},"Value":false}]},"Attachments":[],"Outcome":1,"ErrorMessage":null,"ErrorStackTrace":null,"DisplayName":"SharpMind.Tests.Core.ActivationTests.Softmax_SumsToOne","Messages":[],"ComputerName":"LAPTOP-MKMTSO1B","Duration":"00:00:00.0008150","StartTime":"2026-07-20T05:41:58.7311236+00:00","EndTime":"2026-07-20T05:41:58.7316748+00:00","Properties":[]}],"TestRunStatistics":{"ExecutedTests":299,"Stats":{"Passed":296,"Failed":3}},"ActiveTests":[{"Id":"9a6f68ac-c22b-5674-06d9-3821857e4a81","FullyQualifiedName":"SharpMind.Tests.Core.ActivationTests.RMSNorm_UnitWeights_NormalisesInput","DisplayName":"SharpMind.Tests.Core.ActivationTests.RMSNorm_UnitWeights_NormalisesInput","ExecutorUri":"executor://xunit/VsTestRunner3/netcore/","Source":"C:\\Integral2u\\source\\repos\\SharpMind\\SharpMind.Tests\\bin\\Debug\\net10.0\\SharpMind.Tests.dll","CodeFilePath":null,"LineNumber":0,"Properties":[{"Key":{"Id":"TestCase.ManagedType","Label":"ManagedType","Category":"","Description":"","Attributes":1,"ValueType":"System.String"},"Value":"SharpMind.Tests.Core.ActivationTests"},{"Key":{"Id":"XunitTestCaseUniqueID","Label":"xUnit.net Test Case Unique ID","Category":"","Description":"","Attributes":0,"ValueType":"System.String"},"Value":"89ab50696d20b0f45f868eb39709bd517182e784"},{"Key":{"Id":"TestCase.ManagedMethod","Label":"ManagedMethod","Category":"","Description":"","Attributes":1,"ValueType":"System.String"},"Value":"RMSNorm_UnitWeights_NormalisesInput"},{"Key":{"Id":"XunitTestCaseExplicit","Label":"xUnit.net Test Case Explicit Flag","Category":"","Description":"","Attributes":0,"ValueType":"System.Boolean"},"Value":false}]}]}}
TpTrace Verbose: 0 : 15992, 10, 2026/07/20, 17:41:58.736, 375076104725, vstest.console.dll, TestRunRequest:SendTestRunStatsChange: Starting.
TpTrace Verbose: 0 : 15992, 10, 2026/07/20, 17:41:58.736, 375076105365, vstest.console.dll, InProgress is SharpMind.Tests.Core.ActivationTests.RMSNorm_UnitWeights_NormalisesInput
TpTrace Verbose: 0 : 15992, 10, 2026/07/20, 17:41:58.736, 375076105852, vstest.console.dll, MulticastDelegateUtilities.SafeInvoke: TestRun.RunStatsChanged: Invoking callbacks was skipped because there are no subscribers.
TpTrace Verbose: 0 : 15992, 4, 2026/07/20, 17:41:58.736, 375076106278, vstest.console.dll, MulticastDelegateUtilities.SafeInvoke: InternalTestLoggerEvents.SendTestResult: Invoking callback 1/1 for Microsoft.VisualStudio.TestPlatform.CommandLine.Internal.ConsoleLogger., took 0 ms.
TpTrace Information: 0 : 15992, 10, 2026/07/20, 17:41:58.736, 375076106305, vstest.console.dll, TestRunRequest:SendTestRunStatsChange: Completed.
TpTrace Verbose: 0 : 15992, 4, 2026/07/20, 17:41:58.736, 375076106973, vstest.console.dll, MulticastDelegateUtilities.SafeInvoke: InternalTestLoggerEvents.SendTestResult: Invoking callback 1/1 for Microsoft.VisualStudio.TestPlatform.CommandLine.Internal.ConsoleLogger., took 0 ms.
TpTrace Verbose: 0 : 15992, 10, 2026/07/20, 17:41:58.736, 375076107299, vstest.console.dll, MulticastDelegateUtilities.SafeInvoke: LengthPrefixCommunicationChannel: MessageReceived: Invoking callback 1/1 for Microsoft.VisualStudio.TestPlatform.CommunicationUtilities.TestRequestSender+<>c__DisplayClass34_0., took 1 ms.
TpTrace Verbose: 0 : 15992, 4, 2026/07/20, 17:41:58.736, 375076107702, vstest.console.dll, MulticastDelegateUtilities.SafeInvoke: InternalTestLoggerEvents.SendTestResult: Invoking callback 1/1 for Microsoft.VisualStudio.TestPlatform.CommandLine.Internal.ConsoleLogger., took 0 ms.
TpTrace Verbose: 0 : 15992, 10, 2026/07/20, 17:41:58.736, 375076108179, vstest.console.dll, TcpClientExtensions.MessageLoopAsync: Polling on remoteEndPoint: 127.0.0.1:55740 localEndPoint: 127.0.0.1:55739 after 211 ms
TpTrace Verbose: 0 : 15992, 4, 2026/07/20, 17:41:58.736, 375076109033, vstest.console.dll, MulticastDelegateUtilities.SafeInvoke: InternalTestLoggerEvents.SendTestResult: Invoking callback 1/1 for Microsoft.VisualStudio.TestPlatform.CommandLine.Internal.ConsoleLogger., took 0 ms.
TpTrace Verbose: 0 : 15992, 4, 2026/07/20, 17:41:58.736, 375076109831, vstest.console.dll, MulticastDelegateUtilities.SafeInvoke: InternalTestLoggerEvents.SendTestResult: Invoking callback 1/1 for Microsoft.VisualStudio.TestPlatform.CommandLine.Internal.ConsoleLogger., took 0 ms.
TpTrace Verbose: 0 : 15992, 4, 2026/07/20, 17:41:58.736, 375076110264, vstest.console.dll, MulticastDelegateUtilities.SafeInvoke: InternalTestLoggerEvents.SendTestResult: Invoking callback 1/1 for Microsoft.VisualStudio.TestPlatform.CommandLine.Internal.ConsoleLogger., took 0 ms.
TpTrace Verbose: 0 : 15992, 4, 2026/07/20, 17:41:58.736, 375076110720, vstest.console.dll, MulticastDelegateUtilities.SafeInvoke: InternalTestLoggerEvents.SendTestResult: Invoking callback 1/1 for Microsoft.VisualStudio.TestPlatform.CommandLine.Internal.ConsoleLogger., took 0 ms.
TpTrace Verbose: 0 : 15992, 4, 2026/07/20, 17:41:58.736, 375076111149, vstest.console.dll, MulticastDelegateUtilities.SafeInvoke: InternalTestLoggerEvents.SendTestResult: Invoking callback 1/1 for Microsoft.VisualStudio.TestPlatform.CommandLine.Internal.ConsoleLogger., took 0 ms.
TpTrace Verbose: 0 : 15992, 4, 2026/07/20, 17:41:58.736, 375076111635, vstest.console.dll, MulticastDelegateUtilities.SafeInvoke: InternalTestLoggerEvents.SendTestResult: Invoking callback 1/1 for Microsoft.VisualStudio.TestPlatform.CommandLine.Internal.ConsoleLogger., took 0 ms.
TpTrace Verbose: 0 : 15992, 10, 2026/07/20, 17:41:58.761, 375076357475, vstest.console.dll, TcpClientExtensions.MessageLoopAsync: NotifyDataAvailable remoteEndPoint: 127.0.0.1:55740 localEndPoint: 127.0.0.1:55739
TpTrace Verbose: 0 : 15992, 10, 2026/07/20, 17:41:58.761, 375076359586, vstest.console.dll, TestRequestSender.OnExecutionMessageReceived: Received message: {"Version":7,"MessageType":"TestSession.Message","Payload":{"MessageLevel":0,"Message":"[xUnit.net 00:00:16.26]   Finished:    SharpMind.Tests"}}
TpTrace Verbose: 0 : 15992, 10, 2026/07/20, 17:41:58.761, 375076360890, vstest.console.dll, TestRunRequest:SendTestRunMessage: Starting.
TpTrace Verbose: 0 : 15992, 10, 2026/07/20, 17:41:58.761, 375076361908, vstest.console.dll, MulticastDelegateUtilities.SafeInvoke: TestRun.LogMessages: Invoking callback 1/1 for Microsoft.VisualStudio.TestPlatform.CommandLine.TestRunResultAggregator., took 0 ms.
TpTrace Information: 0 : 15992, 10, 2026/07/20, 17:41:58.761, 375076362481, vstest.console.dll, TestRunRequest:SendTestRunMessage: Completed.
TpTrace Verbose: 0 : 15992, 10, 2026/07/20, 17:41:58.761, 375076362999, vstest.console.dll, MulticastDelegateUtilities.SafeInvoke: LengthPrefixCommunicationChannel: MessageReceived: Invoking callback 1/1 for Microsoft.VisualStudio.TestPlatform.CommunicationUtilities.TestRequestSender+<>c__DisplayClass34_0., took 0 ms.
TpTrace Verbose: 0 : 15992, 10, 2026/07/20, 17:41:58.761, 375076363504, vstest.console.dll, TcpClientExtensions.MessageLoopAsync: Polling on remoteEndPoint: 127.0.0.1:55740 localEndPoint: 127.0.0.1:55739 after 25 ms
TpTrace Verbose: 0 : 15992, 4, 2026/07/20, 17:41:58.762, 375076364972, vstest.console.dll, MulticastDelegateUtilities.SafeInvoke: InternalTestLoggerEvents.SendTestRunMessage: Invoking callback 1/1 for Microsoft.VisualStudio.TestPlatform.CommandLine.Internal.ConsoleLogger., took 0 ms.
TpTrace Verbose: 0 : 15992, 10, 2026/07/20, 17:41:58.818, 375076925765, vstest.console.dll, TcpClientExtensions.MessageLoopAsync: NotifyDataAvailable remoteEndPoint: 127.0.0.1:55740 localEndPoint: 127.0.0.1:55739
TpTrace Verbose: 0 : 15992, 10, 2026/07/20, 17:41:58.818, 375076928430, vstest.console.dll, TestRequestSender.OnExecutionMessageReceived: Received message: {"Version":7,"MessageType":"TestExecution.Completed","Payload":{"TestRunCompleteArgs":{"TestRunStatistics":{"ExecutedTests":306,"Stats":{"Passed":303,"Failed":3}},"IsCanceled":false,"IsAborted":false,"Error":null,"AttachmentSets":[],"InvokedDataCollectors":[],"ElapsedTimeInRunningTests":"00:00:16.2989225","Metrics":{},"DiscoveredExtensions":{"TestDiscoverers":["Xunit.Runner.VisualStudio.VsTestRunner, xunit.runner.visualstudio.testadapter, Version=3.1.5.0, Culture=neutral, PublicKeyToken=null"],"TestExecutors":["executor://xunit/VsTestRunner3/netcore/"],"TestExecutors2":[],"TestSettingsProviders":[]}},"LastRunTests":{"NewTestResults":[{"TestCase":{"Id":"9a6f68ac-c22b-5674-06d9-3821857e4a81","FullyQualifiedName":"SharpMind.Tests.Core.ActivationTests.RMSNorm_UnitWeights_NormalisesInput","DisplayName":"SharpMind.Tests.Core.ActivationTests.RMSNorm_UnitWeights_NormalisesInput","ExecutorUri":"executor://xunit/VsTestRunner3/netcore/","Source":"C:\\Integral2u\\source\\repos\\SharpMind\\SharpMind.Tests\\bin\\Debug\\net10.0\\SharpMind.Tests.dll","CodeFilePath":null,"LineNumber":0,"Properties":[{"Key":{"Id":"TestCase.ManagedType","Label":"ManagedType","Category":"","Description":"","Attributes":1,"ValueType":"System.String"},"Value":"SharpMind.Tests.Core.ActivationTests"},{"Key":{"Id":"XunitTestCaseUniqueID","Label":"xUnit.net Test Case Unique ID","Category":"","Description":"","Attributes":0,"ValueType":"System.String"},"Value":"89ab50696d20b0f45f868eb39709bd517182e784"},{"Key":{"Id":"TestCase.ManagedMethod","Label":"ManagedMethod","Category":"","Description":"","Attributes":1,"ValueType":"System.String"},"Value":"RMSNorm_UnitWeights_NormalisesInput"},{"Key":{"Id":"XunitTestCaseExplicit","Label":"xUnit.net Test Case Explicit Flag","Category":"","Description":"","Attributes":0,"ValueType":"System.Boolean"},"Value":false}]},"Attachments":[],"Outcome":1,"ErrorMessage":null,"ErrorStackTrace":null,"DisplayName":"SharpMind.Tests.Core.ActivationTests.RMSNorm_UnitWeights_NormalisesInput","Messages":[],"ComputerName":"LAPTOP-MKMTSO1B","Duration":"00:00:00.0051069","StartTime":"2026-07-20T05:41:58.7348704+00:00","EndTime":"2026-07-20T05:41:58.7370547+00:00","Properties":[]},{"TestCase":{"Id":"dd764530-aa6e-12b5-6bd9-c759c105a55f","FullyQualifiedName":"SharpMind.Tests.Core.ActivationTests.Softmax_MonotonicallyOrdered","DisplayName":"SharpMind.Tests.Core.ActivationTests.Softmax_MonotonicallyOrdered","ExecutorUri":"executor://xunit/VsTestRunner3/netcore/","Source":"C:\\Integral2u\\source\\repos\\SharpMind\\SharpMind.Tests\\bin\\Debug\\net10.0\\SharpMind.Tests.dll","CodeFilePath":null,"LineNumber":0,"Properties":[{"Key":{"Id":"TestCase.ManagedType","Label":"ManagedType","Category":"","Description":"","Attributes":1,"ValueType":"System.String"},"Value":"SharpMind.Tests.Core.ActivationTests"},{"Key":{"Id":"XunitTestCaseUniqueID","Label":"xUnit.net Test Case Unique ID","Category":"","Description":"","Attributes":0,"ValueType":"System.String"},"Value":"93027bde71676f7292a34389978e0695e89ccb39"},{"Key":{"Id":"TestCase.ManagedMethod","Label":"ManagedMethod","Category":"","Description":"","Attributes":1,"ValueType":"System.String"},"Value":"Softmax_MonotonicallyOrdered"},{"Key":{"Id":"XunitTestCaseExplicit","Label":"xUnit.net Test Case Explicit Flag","Category":"","Description":"","Attributes":0,"ValueType":"System.Boolean"},"Value":false}]},"Attachments":[],"Outcome":1,"ErrorMessage":null,"ErrorStackTrace":null,"DisplayName":"SharpMind.Tests.Core.ActivationTests.Softmax_MonotonicallyOrdered","Messages":[],"ComputerName":"LAPTOP-MKMTSO1B","Duration":"00:00:00.0036929","StartTime":"2026-07-20T05:41:58.7404519+00:00","EndTime":"2026-07-20T05:41:58.7412522+00:00","Properties":[]},{"TestCase":{"Id":"4f88785c-bf50-b7d9-0f60-0c0dc7c63f96","FullyQualifiedName":"SharpMind.Tests.Core.ActivationTests.RMSNorm_WeightScales","DisplayName":"SharpMind.Tests.Core.ActivationTests.RMSNorm_WeightScales","ExecutorUri":"executor://xunit/VsTestRunner3/netcore/","Source":"C:\\Integral2u\\source\\repos\\SharpMind\\SharpMind.Tests\\bin\\Debug\\net10.0\\SharpMind.Tests.dll","CodeFilePath":null,"LineNumber":0,"Properties":[{"Key":{"Id":"TestCase.ManagedType","Label":"ManagedType","Category":"","Description":"","Attributes":1,"ValueType":"System.String"},"Value":"SharpMind.Tests.Core.ActivationTests"},{"Key":{"Id":"XunitTestCaseUniqueID","Label":"xUnit.net Test Case Unique ID","Category":"","Description":"","Attributes":0,"ValueType":"System.String"},"Value":"93b8359fcc03c333bc8051a39ea06c4c3bd632b1"},{"Key":{"Id":"TestCase.ManagedMethod","Label":"ManagedMethod","Category":"","Description":"","Attributes":1,"ValueType":"System.String"},"Value":"RMSNorm_WeightScales"},{"Key":{"Id":"XunitTestCaseExplicit","Label":"xUnit.net Test Case Explicit Flag","Category":"","Description":"","Attributes":0,"ValueType":"System.Boolean"},"Value":false}]},"Attachments":[],"Outcome":1,"ErrorMessage":null,"ErrorStackTrace":null,"DisplayName":"SharpMind.Tests.Core.ActivationTests.RMSNorm_WeightScales","Messages":[],"ComputerName":"LAPTOP-MKMTSO1B","Duration":"00:00:00.0011943","StartTime":"2026-07-20T05:41:58.7421677+00:00","EndTime":"2026-07-20T05:41:58.7430183+00:00","Properties":[]},{"TestCase":{"Id":"cad85664-65d3-e686-8acf-22547fd79e14","FullyQualifiedName":"SharpMind.Tests.Core.ActivationTests.SiLU_Zero_ReturnsZero","DisplayName":"SharpMind.Tests.Core.ActivationTests.SiLU_Zero_ReturnsZero","ExecutorUri":"executor://xunit/VsTestRunner3/netcore/","Source":"C:\\Integral2u\\source\\repos\\SharpMind\\SharpMind.Tests\\bin\\Debug\\net10.0\\SharpMind.Tests.dll","CodeFilePath":null,"LineNumber":0,"Properties":[{"Key":{"Id":"TestCase.ManagedType","Label":"ManagedType","Category":"","Description":"","Attributes":1,"ValueType":"System.String"},"Value":"SharpMind.Tests.Core.ActivationTests"},{"Key":{"Id":"XunitTestCaseUniqueID","Label":"xUnit.net Test Case Unique ID","Category":"","Description":"","Attributes":0,"ValueType":"System.String"},"Value":"a9a5611c4c6839e531e75c58df9844063f788690"},{"Key":{"Id":"TestCase.ManagedMethod","Label":"ManagedMethod","Category":"","Description":"","Attributes":1,"ValueType":"System.String"},"Value":"SiLU_Zero_ReturnsZero"},{"Key":{"Id":"XunitTestCaseExplicit","Label":"xUnit.net Test Case Explicit Flag","Category":"","Description":"","Attributes":0,"ValueType":"System.Boolean"},"Value":false}]},"Attachments":[],"Outcome":1,"ErrorMessage":null,"ErrorStackTrace":null,"DisplayName":"SharpMind.Tests.Core.ActivationTests.SiLU_Zero_ReturnsZero","Messages":[],"ComputerName":"LAPTOP-MKMTSO1B","Duration":"00:00:00.0012990","StartTime":"2026-07-20T05:41:58.7438413+00:00","EndTime":"2026-07-20T05:41:58.7444128+00:00","Properties":[]},{"TestCase":{"Id":"e7e521f4-25be-d651-701d-01c02b6b3a94","FullyQualifiedName":"SharpMind.Tests.Core.ActivationTests.SwiGLU_ZeroGate_ZeroOutput","DisplayName":"SharpMind.Tests.Core.ActivationTests.SwiGLU_ZeroGate_ZeroOutput","ExecutorUri":"executor://xunit/VsTestRunner3/netcore/","Source":"C:\\Integral2u\\source\\repos\\SharpMind\\SharpMind.Tests\\bin\\Debug\\net10.0\\SharpMind.Tests.dll","CodeFilePath":null,"LineNumber":0,"Properties":[{"Key":{"Id":"TestCase.ManagedType","Label":"ManagedType","Category":"","Description":"","Attributes":1,"ValueType":"System.String"},"Value":"SharpMind.Tests.Core.ActivationTests"},{"Key":{"Id":"XunitTestCaseUniqueID","Label":"xUnit.net Test Case Unique ID","Category":"","Description":"","Attributes":0,"ValueType":"System.String"},"Value":"adfb7a40734633f7470bede31a2ab019a9595b4a"},{"Key":{"Id":"TestCase.ManagedMethod","Label":"ManagedMethod","Category":"","Description":"","Attributes":1,"ValueType":"System.String"},"Value":"SwiGLU_ZeroGate_ZeroOutput"},{"Key":{"Id":"XunitTestCaseExplicit","Label":"xUnit.net Test Case Explicit Flag","Category":"","Description":"","Attributes":0,"ValueType":"System.Boolean"},"Value":false}]},"Attachments":[],"Outcome":1,"ErrorMessage":null,"ErrorStackTrace":null,"DisplayName":"SharpMind.Tests.Core.ActivationTests.SwiGLU_ZeroGate_ZeroOutput","Messages":[],"ComputerName":"LAPTOP-MKMTSO1B","Duration":"00:00:00.0009976","StartTime":"2026-07-20T05:41:58.7449212+00:00","EndTime":"2026-07-20T05:41:58.7455119+00:00","Properties":[]},{"TestCase":{"Id":"15542401-5826-f496-13d2-5a876a6b44e5","FullyQualifiedName":"SharpMind.Tests.Core.ActivationTests.SwiGLU_PositiveGate_ScalesUp","DisplayName":"SharpMind.Tests.Core.ActivationTests.SwiGLU_PositiveGate_ScalesUp","ExecutorUri":"executor://xunit/VsTestRunner3/netcore/","Source":"C:\\Integral2u\\source\\repos\\SharpMind\\SharpMind.Tests\\bin\\Debug\\net10.0\\SharpMind.Tests.dll","CodeFilePath":null,"LineNumber":0,"Properties":[{"Key":{"Id":"TestCase.ManagedType","Label":"ManagedType","Category":"","Description":"","Attributes":1,"ValueType":"System.String"},"Value":"SharpMind.Tests.Core.ActivationTests"},{"Key":{"Id":"XunitTestCaseUniqueID","Label":"xUnit.net Test Case Unique ID","Category":"","Description":"","Attributes":0,"ValueType":"System.String"},"Value":"cc7271232e89f08247dfa69e0cdea86672c0fb74"},{"Key":{"Id":"TestCase.ManagedMethod","Label":"ManagedMethod","Category":"","Description":"","Attributes":1,"ValueType":"System.String"},"Value":"SwiGLU_PositiveGate_ScalesUp"},{"Key":{"Id":"XunitTestCaseExplicit","Label":"xUnit.net Test Case Explicit Flag","Category":"","Description":"","Attributes":0,"ValueType":"System.Boolean"},"Value":false}]},"Attachments":[],"Outcome":1,"ErrorMessage":null,"ErrorStackTrace":null,"DisplayName":"SharpMind.Tests.Core.ActivationTests.SwiGLU_PositiveGate_ScalesUp","Messages":[],"ComputerName":"LAPTOP-MKMTSO1B","Duration":"00:00:00.0008806","StartTime":"2026-07-20T05:41:58.7461419+00:00","EndTime":"2026-07-20T05:41:58.7493071+00:00","Properties":[]},{"TestCase":{"Id":"ca83a521-b697-f5cd-0643-047f641b0d0c","FullyQualifiedName":"SharpMind.Tests.Core.ActivationTests.Softmax_NumericallyStable_LargeInputs","DisplayName":"SharpMind.Tests.Core.ActivationTests.Softmax_NumericallyStable_LargeInputs","ExecutorUri":"executor://xunit/VsTestRunner3/netcore/","Source":"C:\\Integral2u\\source\\repos\\SharpMind\\SharpMind.Tests\\bin\\Debug\\net10.0\\SharpMind.Tests.dll","CodeFilePath":null,"LineNumber":0,"Properties":[{"Key":{"Id":"TestCase.ManagedType","Label":"ManagedType","Category":"","Description":"","Attributes":1,"ValueType":"System.String"},"Value":"SharpMind.Tests.Core.ActivationTests"},{"Key":{"Id":"XunitTestCaseUniqueID","Label":"xUnit.net Test Case Unique ID","Category":"","Description":"","Attributes":0,"ValueType":"System.String"},"Value":"d7d911ab56ecbb82b15c12191da3ab7dd9d7f8d4"},{"Key":{"Id":"TestCase.ManagedMethod","Label":"ManagedMethod","Category":"","Description":"","Attributes":1,"ValueType":"System.String"},"Value":"Softmax_NumericallyStable_LargeInputs"},{"Key":{"Id":"XunitTestCaseExplicit","Label":"xUnit.net Test Case Explicit Flag","Category":"","Description":"","Attributes":0,"ValueType":"System.Boolean"},"Value":false}]},"Attachments":[],"Outcome":1,"ErrorMessage":null,"ErrorStackTrace":null,"DisplayName":"SharpMind.Tests.Core.ActivationTests.Softmax_NumericallyStable_LargeInputs","Messages":[],"ComputerName":"LAPTOP-MKMTSO1B","Duration":"00:00:00.0011293","StartTime":"2026-07-20T05:41:58.7499317+00:00","EndTime":"2026-07-20T05:41:58.7504719+00:00","Properties":[]}],"TestRunStatistics":{"ExecutedTests":306,"Stats":{"Passed":303,"Failed":3}},"ActiveTests":[]},"RunAttachments":[],"ExecutorUris":["executor://xunit/VsTestRunner3/netcore/"]}}
TpTrace Verbose: 0 : 15992, 10, 2026/07/20, 17:41:58.818, 375076931456, vstest.console.dll, TestRequestSender.EndSession: Sending end session.
TpTrace Verbose: 0 : 15992, 10, 2026/07/20, 17:41:58.818, 375076933715, vstest.console.dll, ProxyOperationManager.Close: waiting for test host to exit for 100 ms
TpTrace Warning: 0 : 15992, 10, 2026/07/20, 17:41:58.933, 375078078033, vstest.console.dll, ProxyOperationManager: Timed out waiting for test host to exit. Will terminate process.
TpTrace Information: 0 : 15992, 10, 2026/07/20, 17:41:58.933, 375078080113, vstest.console.dll, SocketServer.Stop: Stop server endPoint: 127.0.0.1:55739
TpTrace Information: 0 : 15992, 10, 2026/07/20, 17:41:58.933, 375078080626, vstest.console.dll, SocketServer.Stop: Cancellation requested. Stopping message loop.
TpTrace Information: 0 : 15992, 10, 2026/07/20, 17:41:58.933, 375078082545, vstest.console.dll, Closing the connection
TpTrace Verbose: 0 : 15992, 7, 2026/07/20, 17:41:58.944, 375078192794, vstest.console.dll, TestHostManagerCallbacks.StandardOutputReceivedCallback Test host standard output line: 
TpTrace Warning: 0 : 15992, 11, 2026/07/20, 17:41:58.944, 375078192867, vstest.console.dll, TestHostManagerCallbacks.ErrorReceivedCallback Test host standard error line: 
TpTrace Verbose: 0 : 15992, 7, 2026/07/20, 17:41:58.950, 375078245068, vstest.console.dll, TestHostProvider.ExitCallBack: Host exited starting callback.
TpTrace Error: 0 : 15992, 7, 2026/07/20, 17:41:58.952, 375078267132, vstest.console.dll, TestHostProvider.ExitCallBack: could not get proccess id from process, error: System.InvalidOperationException: No process is associated with this object.
   at System.Diagnostics.Process.EnsureState(State state)
   at System.Diagnostics.Process.EnsureState(State state)
   at System.Diagnostics.Process.get_Id()
   at Microsoft.TestPlatform.TestHostProvider.Hosting.TestHostManagerCallbacks.ExitCallBack(IProcessHelper processHelper, Object process, StringBuilder testHostProcessStdError, Action`1 onHostExited) in /_/src/vstest/src/Microsoft.TestPlatform.TestHostProvider/Hosting/TestHostManagerCallbacks.cs:line 92.
TpTrace Information: 0 : 15992, 7, 2026/07/20, 17:41:58.952, 375078268953, vstest.console.dll, TestHostManagerCallbacks.ExitCallBack: Testhost processId: -1 exited with exitcode: 0 error: ''
TpTrace Verbose: 0 : 15992, 7, 2026/07/20, 17:41:58.952, 375078269604, vstest.console.dll, DotnetTestHostManager.OnHostExited: invoking OnHostExited callback
TpTrace Verbose: 0 : 15992, 10, 2026/07/20, 17:41:58.982, 375078573443, vstest.console.dll, ParallelRunEventsHandler.HandleTestRunComplete: Handling a run completion, this can be either one part of parallel run completing, or the whole parallel run completing.
TpTrace Verbose: 0 : 15992, 10, 2026/07/20, 17:41:59.025, 375078997451, vstest.console.dll, TestRunRequest:SendTestRunStatsChange: Starting.
TpTrace Verbose: 0 : 15992, 4, 2026/07/20, 17:41:59.025, 375078999937, vstest.console.dll, MulticastDelegateUtilities.SafeInvoke: InternalTestLoggerEvents.SendTestResult: Invoking callback 1/1 for Microsoft.VisualStudio.TestPlatform.CommandLine.Internal.ConsoleLogger., took 0 ms.
TpTrace Verbose: 0 : 15992, 4, 2026/07/20, 17:41:59.025, 375079001038, vstest.console.dll, MulticastDelegateUtilities.SafeInvoke: InternalTestLoggerEvents.SendTestResult: Invoking callback 1/1 for Microsoft.VisualStudio.TestPlatform.CommandLine.Internal.ConsoleLogger., took 0 ms.
TpTrace Verbose: 0 : 15992, 4, 2026/07/20, 17:41:59.025, 375079001890, vstest.console.dll, MulticastDelegateUtilities.SafeInvoke: InternalTestLoggerEvents.SendTestResult: Invoking callback 1/1 for Microsoft.VisualStudio.TestPlatform.CommandLine.Internal.ConsoleLogger., took 0 ms.
TpTrace Verbose: 0 : 15992, 4, 2026/07/20, 17:41:59.025, 375079002978, vstest.console.dll, MulticastDelegateUtilities.SafeInvoke: InternalTestLoggerEvents.SendTestResult: Invoking callback 1/1 for Microsoft.VisualStudio.TestPlatform.CommandLine.Internal.ConsoleLogger., took 0 ms.
TpTrace Verbose: 0 : 15992, 10, 2026/07/20, 17:41:59.025, 375079003180, vstest.console.dll, MulticastDelegateUtilities.SafeInvoke: TestRun.RunStatsChanged: Invoking callbacks was skipped because there are no subscribers.
TpTrace Verbose: 0 : 15992, 4, 2026/07/20, 17:41:59.025, 375079003711, vstest.console.dll, MulticastDelegateUtilities.SafeInvoke: InternalTestLoggerEvents.SendTestResult: Invoking callback 1/1 for Microsoft.VisualStudio.TestPlatform.CommandLine.Internal.ConsoleLogger., took 0 ms.
TpTrace Information: 0 : 15992, 10, 2026/07/20, 17:41:59.026, 375079004222, vstest.console.dll, TestRunRequest:SendTestRunStatsChange: Completed.
TpTrace Verbose: 0 : 15992, 4, 2026/07/20, 17:41:59.026, 375079004823, vstest.console.dll, MulticastDelegateUtilities.SafeInvoke: InternalTestLoggerEvents.SendTestResult: Invoking callback 1/1 for Microsoft.VisualStudio.TestPlatform.CommandLine.Internal.ConsoleLogger., took 0 ms.
TpTrace Verbose: 0 : 15992, 4, 2026/07/20, 17:41:59.026, 375079005760, vstest.console.dll, MulticastDelegateUtilities.SafeInvoke: InternalTestLoggerEvents.SendTestResult: Invoking callback 1/1 for Microsoft.VisualStudio.TestPlatform.CommandLine.Internal.ConsoleLogger., took 0 ms.
TpTrace Verbose: 0 : 15992, 10, 2026/07/20, 17:41:59.026, 375079012515, vstest.console.dll, ParallelProxyExecutionManager: HandlePartialRunComplete: Total workloads = 1, Total started clients = 1 Total completed clients = 1, Run complete = True, Run canceled: False.
TpTrace Verbose: 0 : 15992, 10, 2026/07/20, 17:41:59.026, 375079013155, vstest.console.dll, ParallelProxyExecutionManager: HandlePartialRunComplete: All runs completed stopping all managers.
TpTrace Verbose: 0 : 15992, 10, 2026/07/20, 17:41:59.026, 375079013669, vstest.console.dll, ParallelOperationManager.StopAllManagers: Stopping all managers.
TpTrace Verbose: 0 : 15992, 10, 2026/07/20, 17:41:59.027, 375079014792, vstest.console.dll, ParallelOperationManager.ClearSlots: Clearing all slots. Slots should accept more work: False
TpTrace Verbose: 0 : 15992, 10, 2026/07/20, 17:41:59.027, 375079015584, vstest.console.dll, ParallelOperationManager.SetOccupiedSlotCount: Setting slot counts AvailableSlotCount = 1, OccupiedSlotCount = 0.
TpTrace Verbose: 0 : 15992, 10, 2026/07/20, 17:41:59.027, 375079016303, vstest.console.dll, Occupied slots:

TpTrace Verbose: 0 : 15992, 10, 2026/07/20, 17:41:59.027, 375079016714, vstest.console.dll, ParallelRunEventsHandler.HandleTestRunComplete: Whole parallel run completed.
TpTrace Verbose: 0 : 15992, 4, 2026/07/20, 17:41:59.046, 375079204876, vstest.console.dll, MulticastDelegateUtilities.SafeInvoke: InternalTestLoggerEvents.SendTestRunComplete: Invoking callback 1/1 for Microsoft.VisualStudio.TestPlatform.CommandLine.Internal.ConsoleLogger., took 11 ms.
TpTrace Verbose: 0 : 15992, 10, 2026/07/20, 17:41:59.047, 375079218961, vstest.console.dll, TestRunRequest:TestRunComplete: Starting. IsAborted:False IsCanceled:False.
TpTrace Verbose: 0 : 15992, 10, 2026/07/20, 17:41:59.047, 375079222134, vstest.console.dll, ParallelOperationManager.DoActionOnAllManagers: Calling an action on all managers.
TpTrace Verbose: 0 : 15992, 10, 2026/07/20, 17:41:59.050, 375079251871, vstest.console.dll, TestLoggerManager.HandleTestRunComplete: Ignoring as the object is disposed.
TpTrace Verbose: 0 : 15992, 10, 2026/07/20, 17:41:59.051, 375079260769, vstest.console.dll, MulticastDelegateUtilities.SafeInvoke: TestRun.TestRunComplete: Invoking callback 1/2 for Microsoft.VisualStudio.TestPlatform.CommandLine.TestRunResultAggregator., took 0 ms.
TpTrace Verbose: 0 : 15992, 10, 2026/07/20, 17:41:59.052, 375079269567, vstest.console.dll, MulticastDelegateUtilities.SafeInvoke: TestRun.TestRunComplete: Invoking callback 2/2 for Microsoft.VisualStudio.TestPlatform.CommandLine.Processors.RunTestsArgumentExecutor+TestRunRequestEventsRegistrar., took 0 ms.
TpTrace Verbose: 0 : 15992, 2, 2026/07/20, 17:41:59.052, 375079273039, vstest.console.dll, TestRunRequest.Dispose: Starting.
TpTrace Information: 0 : 15992, 10, 2026/07/20, 17:41:59.053, 375079281000, vstest.console.dll, TestRunRequest:TestRunComplete: Completed.
TpTrace Verbose: 0 : 15992, 10, 2026/07/20, 17:41:59.053, 375079282363, vstest.console.dll, TestRequestSender.SetOperationComplete: Setting operation complete.
TpTrace Information: 0 : 15992, 2, 2026/07/20, 17:41:59.053, 375079282718, vstest.console.dll, TestRunRequest.Dispose: Completed.
TpTrace Information: 0 : 15992, 10, 2026/07/20, 17:41:59.053, 375079283078, vstest.console.dll, SocketServer.Stop: Stop server endPoint: 127.0.0.1:55739
TpTrace Information: 0 : 15992, 2, 2026/07/20, 17:41:59.053, 375079283984, vstest.console.dll, TestRequestManager.RunTests: run tests completed.
TpTrace Information: 0 : 15992, 10, 2026/07/20, 17:41:59.053, 375079284071, vstest.console.dll, SocketServer.Stop: Cancellation requested. Stopping message loop.
TpTrace Verbose: 0 : 15992, 10, 2026/07/20, 17:41:59.054, 375079285163, vstest.console.dll, MulticastDelegateUtilities.SafeInvoke: LengthPrefixCommunicationChannel: MessageReceived: Invoking callback 1/1 for Microsoft.VisualStudio.TestPlatform.CommunicationUtilities.TestRequestSender+<>c__DisplayClass34_0., took 235 ms.
TpTrace Information: 0 : 15992, 10, 2026/07/20, 17:41:59.054, 375079285967, vstest.console.dll, SocketServer.PrivateStop: Stopping server endPoint: 127.0.0.1:55739 error: 
TpTrace Information: 0 : 15992, 2, 2026/07/20, 17:41:59.054, 375079286050, vstest.console.dll, RunTestsArgumentProcessor:Execute: Test run is completed.
TpTrace Verbose: 0 : 15992, 10, 2026/07/20, 17:41:59.057, 375079321575, vstest.console.dll, LengthPrefixCommunicationChannel.Dispose: Dispose reader and writer.
TpTrace Information: 0 : 15992, 10, 2026/07/20, 17:41:59.057, 375079323712, vstest.console.dll, SocketServer.Stop: Raise disconnected event endPoint: 127.0.0.1:55739 error: 
TpTrace Verbose: 0 : 15992, 10, 2026/07/20, 17:41:59.058, 375079325260, vstest.console.dll, TestRequestSender: OnTestRunAbort: Operation is already complete. Skip error message.
TpTrace Verbose: 0 : 15992, 10, 2026/07/20, 17:41:59.058, 375079326008, vstest.console.dll, MulticastDelegateUtilities.SafeInvoke: SocketServer: ClientDisconnected: Invoking callback 1/1 for Microsoft.VisualStudio.TestPlatform.CommunicationUtilities.TestRequestSender., took 0 ms.
TpTrace Verbose: 0 : 15992, 10, 2026/07/20, 17:41:59.058, 375079326582, vstest.console.dll, TcpClientExtensions.MessageLoopAsync: exiting MessageLoopAsync remoteEndPoint: 127.0.0.1:55740 localEndPoint: 127.0.0.1:55739
TpTrace Verbose: 0 : 15992, 2, 2026/07/20, 17:41:59.058, 375079328102, vstest.console.dll, Executor.Execute: Exiting with exit code of 1
TpTrace Verbose: 0 : 2304, 2, 2026/07/20, 17:44:05.713, 376345882510, vstest.console.dll, Version: 18.7.0-release-26322-102 Current process architecture: X64
TpTrace Verbose: 0 : 2304, 2, 2026/07/20, 17:44:05.720, 376345953281, vstest.console.dll, Runtime location: C:\Program Files\dotnet\shared\Microsoft.NETCore.App\10.0.9
TpTrace Information: 0 : 2304, 2, 2026/07/20, 17:44:05.729, 376346042007, vstest.console.dll, Using .Net Framework version:.NETCoreApp,Version=v10.0
TpTrace Verbose: 0 : 2304, 2, 2026/07/20, 17:44:05.730, 376346044316, vstest.console.dll, ArtifactProcessingPostProcessModeProcessorExecutor.Initialize: ArtifactProcessingMode.Collect
TpTrace Verbose: 0 : 2304, 2, 2026/07/20, 17:44:05.730, 376346045636, vstest.console.dll, TestSessionCorrelationIdProcessorModeProcessorExecutor.Initialize: TestSessionCorrelationId '11768_f8ff016b-7d8c-4650-bb88-0022f18bdd70'
TpTrace Information: 0 : 2304, 2, 2026/07/20, 17:44:05.747, 376346219422, vstest.console.dll, FilePatternParser: The given file C:\Integral2u\source\repos\SharpMind\SharpMind.Tests\bin\Debug\net10.0\SharpMind.Tests.dll is a full path.
TpTrace Verbose: 0 : 2304, 2, 2026/07/20, 17:44:05.762, 376346371504, vstest.console.dll, TestPluginCache.DiscoverTestExtensions: finding test extensions in assemblies ends with: RuntimeProvider.dll TPluginInfo: Microsoft.VisualStudio.TestPlatform.Common.ExtensionFramework.Utilities.TestRuntimePluginInformation TExtension: Microsoft.VisualStudio.TestPlatform.ObjectModel.Host.ITestRuntimeProvider
TpTrace Verbose: 0 : 2304, 2, 2026/07/20, 17:44:05.763, 376346378092, vstest.console.dll, TestPluginCache.GetExtensionPaths: Filtered extension paths: 
TpTrace Verbose: 0 : 2304, 2, 2026/07/20, 17:44:05.763, 376346379527, vstest.console.dll, TestPluginCache.GetExtensionPaths: Added default extension paths: C:\Program Files\dotnet\sdk\10.0.400-preview.0.26322.102\Extensions\Microsoft.Diagnostics.NETCore.Client.dll
C:\Program Files\dotnet\sdk\10.0.400-preview.0.26322.102\Extensions\Microsoft.TestPlatform.Extensions.BlameDataCollector.dll
C:\Program Files\dotnet\sdk\10.0.400-preview.0.26322.102\Extensions\Microsoft.TestPlatform.Extensions.EventLogCollector.dll
C:\Program Files\dotnet\sdk\10.0.400-preview.0.26322.102\Extensions\Microsoft.TestPlatform.TestHostRuntimeProvider.dll
C:\Program Files\dotnet\sdk\10.0.400-preview.0.26322.102\Extensions\Microsoft.VisualStudio.TestPlatform.Extensions.Html.TestLogger.dll
C:\Program Files\dotnet\sdk\10.0.400-preview.0.26322.102\Extensions\Microsoft.VisualStudio.TestPlatform.Extensions.Trx.TestLogger.dll
TpTrace Verbose: 0 : 2304, 2, 2026/07/20, 17:44:05.763, 376346380160, vstest.console.dll, TestPluginCache.GetExtensionPaths: Added unfilterableExtensionPaths: 
TpTrace Information: 0 : 2304, 2, 2026/07/20, 17:44:05.764, 376346392868, vstest.console.dll, AssemblyResolver.ctor: Creating AssemblyResolver with searchDirectories C:\Program Files\dotnet\sdk\10.0.400-preview.0.26322.102\Extensions,C:\Program Files\dotnet\sdk\10.0.400-preview.0.26322.102
TpTrace Verbose: 0 : 2304, 2, 2026/07/20, 17:44:05.772, 376346474043, vstest.console.dll, TestPluginCache.DiscoverTestExtensions: Discovering the extensions using extension path.
TpTrace Verbose: 0 : 2304, 2, 2026/07/20, 17:44:05.773, 376346477348, vstest.console.dll, TestPluginCache.GetExtensionPaths: Filtered extension paths: 
TpTrace Verbose: 0 : 2304, 2, 2026/07/20, 17:44:05.773, 376346478310, vstest.console.dll, TestPluginCache.GetExtensionPaths: Added default extension paths: C:\Program Files\dotnet\sdk\10.0.400-preview.0.26322.102\Extensions\Microsoft.Diagnostics.NETCore.Client.dll
C:\Program Files\dotnet\sdk\10.0.400-preview.0.26322.102\Extensions\Microsoft.TestPlatform.Extensions.BlameDataCollector.dll
C:\Program Files\dotnet\sdk\10.0.400-preview.0.26322.102\Extensions\Microsoft.TestPlatform.Extensions.EventLogCollector.dll
C:\Program Files\dotnet\sdk\10.0.400-preview.0.26322.102\Extensions\Microsoft.TestPlatform.TestHostRuntimeProvider.dll
C:\Program Files\dotnet\sdk\10.0.400-preview.0.26322.102\Extensions\Microsoft.VisualStudio.TestPlatform.Extensions.Html.TestLogger.dll
C:\Program Files\dotnet\sdk\10.0.400-preview.0.26322.102\Extensions\Microsoft.VisualStudio.TestPlatform.Extensions.Trx.TestLogger.dll
TpTrace Verbose: 0 : 2304, 2, 2026/07/20, 17:44:05.773, 376346478976, vstest.console.dll, TestPluginCache.GetExtensionPaths: Added unfilterableExtensionPaths: 
TpTrace Verbose: 0 : 2304, 2, 2026/07/20, 17:44:05.773, 376346481610, vstest.console.dll, TestPluginCache.DiscoverTestExtensions: Discovering the extensions using allExtensionPaths: C:\Program Files\dotnet\sdk\10.0.400-preview.0.26322.102\Extensions\Microsoft.Diagnostics.NETCore.Client.dll
C:\Program Files\dotnet\sdk\10.0.400-preview.0.26322.102\Extensions\Microsoft.TestPlatform.Extensions.BlameDataCollector.dll
C:\Program Files\dotnet\sdk\10.0.400-preview.0.26322.102\Extensions\Microsoft.TestPlatform.Extensions.EventLogCollector.dll
C:\Program Files\dotnet\sdk\10.0.400-preview.0.26322.102\Extensions\Microsoft.TestPlatform.TestHostRuntimeProvider.dll
C:\Program Files\dotnet\sdk\10.0.400-preview.0.26322.102\Extensions\Microsoft.VisualStudio.TestPlatform.Extensions.Html.TestLogger.dll
C:\Program Files\dotnet\sdk\10.0.400-preview.0.26322.102\Extensions\Microsoft.VisualStudio.TestPlatform.Extensions.Trx.TestLogger.dll
TpTrace Information: 0 : 2304, 2, 2026/07/20, 17:44:05.773, 376346483823, vstest.console.dll, AssemblyResolver.AddSearchDirectories: Adding more searchDirectories C:\Program Files\dotnet\sdk\10.0.400-preview.0.26322.102\Extensions,C:\Program Files\dotnet\sdk\10.0.400-preview.0.26322.102
TpTrace Information: 0 : 2304, 2, 2026/07/20, 17:44:05.774, 376346485062, vstest.console.dll, AssemblyResolver.AddSearchDirectories: Adding more searchDirectories C:\Program Files\dotnet\sdk\10.0.400-preview.0.26322.102\Extensions,C:\Program Files\dotnet\sdk\10.0.400-preview.0.26322.102
TpTrace Information: 0 : 2304, 2, 2026/07/20, 17:44:05.774, 376346485781, vstest.console.dll, AssemblyResolver.AddSearchDirectories: Adding more searchDirectories C:\Program Files\dotnet\sdk\10.0.400-preview.0.26322.102\Extensions,C:\Program Files\dotnet\sdk\10.0.400-preview.0.26322.102
TpTrace Information: 0 : 2304, 2, 2026/07/20, 17:44:05.774, 376346486414, vstest.console.dll, AssemblyResolver.AddSearchDirectories: Adding more searchDirectories C:\Program Files\dotnet\sdk\10.0.400-preview.0.26322.102\Extensions,C:\Program Files\dotnet\sdk\10.0.400-preview.0.26322.102
TpTrace Information: 0 : 2304, 2, 2026/07/20, 17:44:05.774, 376346487097, vstest.console.dll, AssemblyResolver.AddSearchDirectories: Adding more searchDirectories C:\Program Files\dotnet\sdk\10.0.400-preview.0.26322.102\Extensions,C:\Program Files\dotnet\sdk\10.0.400-preview.0.26322.102
TpTrace Information: 0 : 2304, 2, 2026/07/20, 17:44:05.774, 376346487723, vstest.console.dll, AssemblyResolver.AddSearchDirectories: Adding more searchDirectories C:\Program Files\dotnet\sdk\10.0.400-preview.0.26322.102\Extensions,C:\Program Files\dotnet\sdk\10.0.400-preview.0.26322.102
TpTrace Information: 0 : 2304, 2, 2026/07/20, 17:44:05.775, 376346498567, vstest.console.dll, AssemblyResolver.OnResolve: Microsoft.Diagnostics.NETCore.Client: Resolving assembly.
TpTrace Information: 0 : 2304, 2, 2026/07/20, 17:44:05.775, 376346500646, vstest.console.dll, AssemblyResolver.OnResolve: Microsoft.Diagnostics.NETCore.Client: Searching in: 'C:\Program Files\dotnet\sdk\10.0.400-preview.0.26322.102\Extensions'.
TpTrace Information: 0 : 2304, 2, 2026/07/20, 17:44:05.799, 376346740668, vstest.console.dll, AssemblyResolver.OnResolve: Microsoft.Diagnostics.NETCore.Client: Loading assembly 'C:\Program Files\dotnet\sdk\10.0.400-preview.0.26322.102\Extensions\Microsoft.Diagnostics.NETCore.Client.dll'.
TpTrace Information: 0 : 2304, 2, 2026/07/20, 17:44:05.807, 376346814539, vstest.console.dll, AssemblyResolver.TrackProvidedDependency: Resolved 'Microsoft.Diagnostics.NETCore.Client' from 'C:\Program Files\dotnet\sdk\10.0.400-preview.0.26322.102\Extensions' for 'unknown'.
TpTrace Information: 0 : 2304, 2, 2026/07/20, 17:44:05.807, 376346816169, vstest.console.dll, AssemblyResolver.OnResolve: Resolved assembly: Microsoft.Diagnostics.NETCore.Client, from path: C:\Program Files\dotnet\sdk\10.0.400-preview.0.26322.102\Extensions\Microsoft.Diagnostics.NETCore.Client.dll
TpTrace Verbose: 0 : 2304, 2, 2026/07/20, 17:44:05.810, 376346852294, vstest.console.dll, MetadataReaderExtensionsHelper: Discovering extensions inside assembly 'Microsoft.Diagnostics.NETCore.Client, Version=0.2.14.32302, Culture=neutral, PublicKeyToken=31bf3856ad364e35' file path 'C:\Program Files\dotnet\sdk\10.0.400-preview.0.26322.102\Extensions\Microsoft.Diagnostics.NETCore.Client.dll'
TpTrace Information: 0 : 2304, 2, 2026/07/20, 17:44:05.815, 376346894728, vstest.console.dll, AssemblyResolver.OnResolve: Microsoft.Bcl.AsyncInterfaces: Resolving assembly.
TpTrace Information: 0 : 2304, 2, 2026/07/20, 17:44:05.815, 376346896324, vstest.console.dll, AssemblyResolver.OnResolve: Microsoft.Bcl.AsyncInterfaces: Searching in: 'C:\Program Files\dotnet\sdk\10.0.400-preview.0.26322.102\Extensions'.
TpTrace Information: 0 : 2304, 2, 2026/07/20, 17:44:05.815, 376346898112, vstest.console.dll, AssemblyResolver.OnResolve: Microsoft.Bcl.AsyncInterfaces: Assembly path does not exist: 'C:\Program Files\dotnet\sdk\10.0.400-preview.0.26322.102\Extensions\Microsoft.Bcl.AsyncInterfaces.dll', returning.
TpTrace Information: 0 : 2304, 2, 2026/07/20, 17:44:05.815, 376346899164, vstest.console.dll, AssemblyResolver.OnResolve: Microsoft.Bcl.AsyncInterfaces: Assembly path does not exist: 'C:\Program Files\dotnet\sdk\10.0.400-preview.0.26322.102\Extensions\Microsoft.Bcl.AsyncInterfaces.exe', returning.
TpTrace Information: 0 : 2304, 2, 2026/07/20, 17:44:05.815, 376346899701, vstest.console.dll, AssemblyResolver.OnResolve: Microsoft.Bcl.AsyncInterfaces: Searching in: 'C:\Program Files\dotnet\sdk\10.0.400-preview.0.26322.102'.
TpTrace Information: 0 : 2304, 2, 2026/07/20, 17:44:05.815, 376346900752, vstest.console.dll, AssemblyResolver.OnResolve: Microsoft.Bcl.AsyncInterfaces: Assembly path does not exist: 'C:\Program Files\dotnet\sdk\10.0.400-preview.0.26322.102\Microsoft.Bcl.AsyncInterfaces.dll', returning.
TpTrace Information: 0 : 2304, 2, 2026/07/20, 17:44:05.815, 376346902355, vstest.console.dll, AssemblyResolver.OnResolve: Microsoft.Bcl.AsyncInterfaces: Assembly path does not exist: 'C:\Program Files\dotnet\sdk\10.0.400-preview.0.26322.102\Microsoft.Bcl.AsyncInterfaces.exe', returning.
TpTrace Information: 0 : 2304, 2, 2026/07/20, 17:44:05.815, 376346902833, vstest.console.dll, AssemblyResolver.OnResolve: Microsoft.Bcl.AsyncInterfaces: Failed to load assembly.
TpTrace Verbose: 0 : 2304, 2, 2026/07/20, 17:44:05.815, 376346903426, vstest.console.dll, CurrentDomainAssemblyResolve: Resolving assembly 'Microsoft.Bcl.AsyncInterfaces'.
TpTrace Information: 0 : 2304, 2, 2026/07/20, 17:44:05.816, 376346904463, vstest.console.dll, AssemblyResolver.OnResolve: Microsoft.Bcl.AsyncInterfaces: Resolving assembly.
TpTrace Information: 0 : 2304, 2, 2026/07/20, 17:44:05.816, 376346905037, vstest.console.dll, AssemblyResolver.OnResolve: Microsoft.Bcl.AsyncInterfaces: Resolved from cache.
TpTrace Verbose: 0 : 2304, 2, 2026/07/20, 17:44:05.816, 376346905426, vstest.console.dll, CurrentDomainAssemblyResolve: Resolving assembly 'Microsoft.Bcl.AsyncInterfaces'.
TpTrace Verbose: 0 : 2304, 2, 2026/07/20, 17:44:05.816, 376346905910, vstest.console.dll, CurrentDomainAssemblyResolve: Failed to resolve assembly 'Microsoft.Bcl.AsyncInterfaces'.
TpTrace Verbose: 0 : 2304, 2, 2026/07/20, 17:44:05.820, 376346946754, vstest.console.dll, CurrentDomainAssemblyResolve: Failed to resolve assembly 'Microsoft.Bcl.AsyncInterfaces'.
TpTrace Information: 0 : 2304, 2, 2026/07/20, 17:44:05.826, 376347008237, vstest.console.dll, AssemblyResolver.OnResolve: Microsoft.Bcl.AsyncInterfaces: Resolving assembly.
TpTrace Information: 0 : 2304, 2, 2026/07/20, 17:44:05.826, 376347009711, vstest.console.dll, AssemblyResolver.OnResolve: Microsoft.Bcl.AsyncInterfaces: Resolved from cache.
TpTrace Verbose: 0 : 2304, 2, 2026/07/20, 17:44:05.826, 376347010129, vstest.console.dll, CurrentDomainAssemblyResolve: Resolving assembly 'Microsoft.Bcl.AsyncInterfaces'.
TpTrace Verbose: 0 : 2304, 2, 2026/07/20, 17:44:05.826, 376347010499, vstest.console.dll, CurrentDomainAssemblyResolve: Failed to resolve assembly 'Microsoft.Bcl.AsyncInterfaces'.
TpTrace Information: 0 : 2304, 2, 2026/07/20, 17:44:05.829, 376347036012, vstest.console.dll, AssemblyResolver.OnResolve: Microsoft.Bcl.AsyncInterfaces: Resolving assembly.
TpTrace Information: 0 : 2304, 2, 2026/07/20, 17:44:05.829, 376347038546, vstest.console.dll, AssemblyResolver.OnResolve: Microsoft.Bcl.AsyncInterfaces: Resolved from cache.
TpTrace Verbose: 0 : 2304, 2, 2026/07/20, 17:44:05.829, 376347039179, vstest.console.dll, CurrentDomainAssemblyResolve: Resolving assembly 'Microsoft.Bcl.AsyncInterfaces'.
TpTrace Verbose: 0 : 2304, 2, 2026/07/20, 17:44:05.829, 376347039634, vstest.console.dll, CurrentDomainAssemblyResolve: Failed to resolve assembly 'Microsoft.Bcl.AsyncInterfaces'.
TpTrace Warning: 0 : 2304, 2, 2026/07/20, 17:44:05.864, 376347384328, vstest.console.dll, TestPluginDiscoverer: Failed to get types from assembly 'Microsoft.Diagnostics.NETCore.Client, Version=0.2.14.32302, Culture=neutral, PublicKeyToken=31bf3856ad364e35'. Error: System.Reflection.ReflectionTypeLoadException: Unable to load one or more of the requested types.
Could not load file or assembly 'Microsoft.Bcl.AsyncInterfaces, Version=9.0.0.8, Culture=neutral, PublicKeyToken=cc7b13ffcd2ddd51'. The system cannot find the file specified.
Could not load file or assembly 'Microsoft.Bcl.AsyncInterfaces, Version=9.0.0.8, Culture=neutral, PublicKeyToken=cc7b13ffcd2ddd51'. The system cannot find the file specified.
Could not load file or assembly 'Microsoft.Bcl.AsyncInterfaces, Version=9.0.0.8, Culture=neutral, PublicKeyToken=cc7b13ffcd2ddd51'. The system cannot find the file specified.
   at System.Reflection.RuntimeModule.GetDefinedTypes()
   at System.Reflection.RuntimeModule.GetTypes()
   at Microsoft.VisualStudio.TestPlatform.Common.ExtensionFramework.TestPluginDiscoverer.GetTestExtensionsFromAssembly[TPluginInfo,TExtension](Assembly assembly, Dictionary`2 pluginInfos, String filePath) in /_/src/vstest/src/Microsoft.TestPlatform.Common/ExtensionFramework/TestPluginDiscoverer.cs:line 159
System.IO.FileNotFoundException: Could not load file or assembly 'Microsoft.Bcl.AsyncInterfaces, Version=9.0.0.8, Culture=neutral, PublicKeyToken=cc7b13ffcd2ddd51'. The system cannot find the file specified.
File name: 'Microsoft.Bcl.AsyncInterfaces, Version=9.0.0.8, Culture=neutral, PublicKeyToken=cc7b13ffcd2ddd51'
 ---> System.IO.FileNotFoundException: Could not load file or assembly 'Microsoft.Bcl.AsyncInterfaces, Culture=neutral, PublicKeyToken=null'. The system cannot find the file specified.
File name: 'Microsoft.Bcl.AsyncInterfaces, Culture=neutral, PublicKeyToken=null'
   at System.Reflection.RuntimeAssembly.InternalLoad(AssemblyName assemblyName, StackCrawlMark& stackMark, AssemblyLoadContext assemblyLoadContext, RuntimeAssembly requestingAssembly, Boolean throwOnFileNotFound)
   at System.Reflection.Assembly.Load(AssemblyName assemblyRef)
   at Microsoft.VisualStudio.TestPlatform.Common.ExtensionFramework.TestPluginCache.CurrentDomainAssemblyResolve(Object sender, AssemblyResolveEventArgs args) in /_/src/vstest/src/Microsoft.TestPlatform.Common/ExtensionFramework/TestPluginCache.cs:line 514
   at System.Runtime.Loader.AssemblyLoadContext.GetFirstResolvedAssemblyFromResolvingEvent(AssemblyName assemblyName)
   at System.Runtime.Loader.AssemblyLoadContext.ResolveUsingEvent(AssemblyName assemblyName)
System.IO.FileNotFoundException: Could not load file or assembly 'Microsoft.Bcl.AsyncInterfaces, Version=9.0.0.8, Culture=neutral, PublicKeyToken=cc7b13ffcd2ddd51'. The system cannot find the file specified.
File name: 'Microsoft.Bcl.AsyncInterfaces, Version=9.0.0.8, Culture=neutral, PublicKeyToken=cc7b13ffcd2ddd51'
System.IO.FileNotFoundException: Could not load file or assembly 'Microsoft.Bcl.AsyncInterfaces, Version=9.0.0.8, Culture=neutral, PublicKeyToken=cc7b13ffcd2ddd51'. The system cannot find the file specified.
File name: 'Microsoft.Bcl.AsyncInterfaces, Version=9.0.0.8, Culture=neutral, PublicKeyToken=cc7b13ffcd2ddd51'
TpTrace Warning: 0 : 2304, 2, 2026/07/20, 17:44:05.865, 376347397749, vstest.console.dll, LoaderExceptions: System.IO.FileNotFoundException: Could not load file or assembly 'Microsoft.Bcl.AsyncInterfaces, Version=9.0.0.8, Culture=neutral, PublicKeyToken=cc7b13ffcd2ddd51'. The system cannot find the file specified.
File name: 'Microsoft.Bcl.AsyncInterfaces, Version=9.0.0.8, Culture=neutral, PublicKeyToken=cc7b13ffcd2ddd51'
 ---> System.IO.FileNotFoundException: Could not load file or assembly 'Microsoft.Bcl.AsyncInterfaces, Culture=neutral, PublicKeyToken=null'. The system cannot find the file specified.
File name: 'Microsoft.Bcl.AsyncInterfaces, Culture=neutral, PublicKeyToken=null'
   at System.Reflection.RuntimeAssembly.InternalLoad(AssemblyName assemblyName, StackCrawlMark& stackMark, AssemblyLoadContext assemblyLoadContext, RuntimeAssembly requestingAssembly, Boolean throwOnFileNotFound)
   at System.Reflection.Assembly.Load(AssemblyName assemblyRef)
   at Microsoft.VisualStudio.TestPlatform.Common.ExtensionFramework.TestPluginCache.CurrentDomainAssemblyResolve(Object sender, AssemblyResolveEventArgs args) in /_/src/vstest/src/Microsoft.TestPlatform.Common/ExtensionFramework/TestPluginCache.cs:line 514
   at System.Runtime.Loader.AssemblyLoadContext.GetFirstResolvedAssemblyFromResolvingEvent(AssemblyName assemblyName)
   at System.Runtime.Loader.AssemblyLoadContext.ResolveUsingEvent(AssemblyName assemblyName)
TpTrace Warning: 0 : 2304, 2, 2026/07/20, 17:44:05.865, 376347399342, vstest.console.dll, LoaderExceptions: System.IO.FileNotFoundException: Could not load file or assembly 'Microsoft.Bcl.AsyncInterfaces, Version=9.0.0.8, Culture=neutral, PublicKeyToken=cc7b13ffcd2ddd51'. The system cannot find the file specified.
File name: 'Microsoft.Bcl.AsyncInterfaces, Version=9.0.0.8, Culture=neutral, PublicKeyToken=cc7b13ffcd2ddd51'
TpTrace Warning: 0 : 2304, 2, 2026/07/20, 17:44:05.865, 376347400213, vstest.console.dll, LoaderExceptions: System.IO.FileNotFoundException: Could not load file or assembly 'Microsoft.Bcl.AsyncInterfaces, Version=9.0.0.8, Culture=neutral, PublicKeyToken=cc7b13ffcd2ddd51'. The system cannot find the file specified.
File name: 'Microsoft.Bcl.AsyncInterfaces, Version=9.0.0.8, Culture=neutral, PublicKeyToken=cc7b13ffcd2ddd51'
TpTrace Information: 0 : 2304, 2, 2026/07/20, 17:44:05.865, 376347402502, vstest.console.dll, AssemblyResolver.OnResolve: Microsoft.TestPlatform.Extensions.BlameDataCollector: Resolving assembly.
TpTrace Information: 0 : 2304, 2, 2026/07/20, 17:44:05.865, 376347403357, vstest.console.dll, AssemblyResolver.OnResolve: Microsoft.TestPlatform.Extensions.BlameDataCollector: Searching in: 'C:\Program Files\dotnet\sdk\10.0.400-preview.0.26322.102\Extensions'.
TpTrace Information: 0 : 2304, 2, 2026/07/20, 17:44:05.866, 376347409181, vstest.console.dll, AssemblyResolver.OnResolve: Microsoft.TestPlatform.Extensions.BlameDataCollector: Loading assembly 'C:\Program Files\dotnet\sdk\10.0.400-preview.0.26322.102\Extensions\Microsoft.TestPlatform.Extensions.BlameDataCollector.dll'.
TpTrace Information: 0 : 2304, 2, 2026/07/20, 17:44:05.869, 376347443767, vstest.console.dll, AssemblyResolver.TrackProvidedDependency: Resolved 'Microsoft.TestPlatform.Extensions.BlameDataCollector' from 'C:\Program Files\dotnet\sdk\10.0.400-preview.0.26322.102\Extensions' for 'unknown'.
TpTrace Information: 0 : 2304, 2, 2026/07/20, 17:44:05.870, 376347445592, vstest.console.dll, AssemblyResolver.OnResolve: Resolved assembly: Microsoft.TestPlatform.Extensions.BlameDataCollector, from path: C:\Program Files\dotnet\sdk\10.0.400-preview.0.26322.102\Extensions\Microsoft.TestPlatform.Extensions.BlameDataCollector.dll
TpTrace Verbose: 0 : 2304, 2, 2026/07/20, 17:44:05.871, 376347458502, vstest.console.dll, MetadataReaderExtensionsHelper: Discovering extensions inside assembly 'Microsoft.TestPlatform.Extensions.BlameDataCollector, Version=15.0.0.0, Culture=neutral, PublicKeyToken=b03f5f7f11d50a3a' file path 'C:\Program Files\dotnet\sdk\10.0.400-preview.0.26322.102\Extensions\Microsoft.TestPlatform.Extensions.BlameDataCollector.dll'
TpTrace Information: 0 : 2304, 2, 2026/07/20, 17:44:05.874, 376347485333, vstest.console.dll, AssemblyResolver.OnResolve: Microsoft.TestPlatform.Extensions.EventLogCollector: Resolving assembly.
TpTrace Information: 0 : 2304, 2, 2026/07/20, 17:44:05.874, 376347486883, vstest.console.dll, AssemblyResolver.OnResolve: Microsoft.TestPlatform.Extensions.EventLogCollector: Searching in: 'C:\Program Files\dotnet\sdk\10.0.400-preview.0.26322.102\Extensions'.
TpTrace Information: 0 : 2304, 2, 2026/07/20, 17:44:05.875, 376347497532, vstest.console.dll, AssemblyResolver.OnResolve: Microsoft.TestPlatform.Extensions.EventLogCollector: Loading assembly 'C:\Program Files\dotnet\sdk\10.0.400-preview.0.26322.102\Extensions\Microsoft.TestPlatform.Extensions.EventLogCollector.dll'.
TpTrace Information: 0 : 2304, 2, 2026/07/20, 17:44:05.876, 376347510911, vstest.console.dll, AssemblyResolver.TrackProvidedDependency: Resolved 'Microsoft.TestPlatform.Extensions.EventLogCollector' from 'C:\Program Files\dotnet\sdk\10.0.400-preview.0.26322.102\Extensions' for 'unknown'.
TpTrace Information: 0 : 2304, 2, 2026/07/20, 17:44:05.876, 376347512301, vstest.console.dll, AssemblyResolver.OnResolve: Resolved assembly: Microsoft.TestPlatform.Extensions.EventLogCollector, from path: C:\Program Files\dotnet\sdk\10.0.400-preview.0.26322.102\Extensions\Microsoft.TestPlatform.Extensions.EventLogCollector.dll
TpTrace Verbose: 0 : 2304, 2, 2026/07/20, 17:44:05.876, 376347513482, vstest.console.dll, MetadataReaderExtensionsHelper: Discovering extensions inside assembly 'Microsoft.TestPlatform.Extensions.EventLogCollector, Version=15.0.0.0, Culture=neutral, PublicKeyToken=b03f5f7f11d50a3a' file path 'C:\Program Files\dotnet\sdk\10.0.400-preview.0.26322.102\Extensions\Microsoft.TestPlatform.Extensions.EventLogCollector.dll'
TpTrace Information: 0 : 2304, 2, 2026/07/20, 17:44:05.882, 376347565656, vstest.console.dll, AssemblyResolver.OnResolve: Microsoft.TestPlatform.TestHostRuntimeProvider: Resolving assembly.
TpTrace Information: 0 : 2304, 2, 2026/07/20, 17:44:05.882, 376347566960, vstest.console.dll, AssemblyResolver.OnResolve: Microsoft.TestPlatform.TestHostRuntimeProvider: Searching in: 'C:\Program Files\dotnet\sdk\10.0.400-preview.0.26322.102\Extensions'.
TpTrace Information: 0 : 2304, 2, 2026/07/20, 17:44:05.882, 376347571825, vstest.console.dll, AssemblyResolver.OnResolve: Microsoft.TestPlatform.TestHostRuntimeProvider: Loading assembly 'C:\Program Files\dotnet\sdk\10.0.400-preview.0.26322.102\Extensions\Microsoft.TestPlatform.TestHostRuntimeProvider.dll'.
TpTrace Information: 0 : 2304, 2, 2026/07/20, 17:44:05.883, 376347578358, vstest.console.dll, AssemblyResolver.TrackProvidedDependency: Resolved 'Microsoft.TestPlatform.TestHostRuntimeProvider' from 'C:\Program Files\dotnet\sdk\10.0.400-preview.0.26322.102\Extensions' for 'unknown'.
TpTrace Information: 0 : 2304, 2, 2026/07/20, 17:44:05.883, 376347579339, vstest.console.dll, AssemblyResolver.OnResolve: Resolved assembly: Microsoft.TestPlatform.TestHostRuntimeProvider, from path: C:\Program Files\dotnet\sdk\10.0.400-preview.0.26322.102\Extensions\Microsoft.TestPlatform.TestHostRuntimeProvider.dll
TpTrace Verbose: 0 : 2304, 2, 2026/07/20, 17:44:05.883, 376347580327, vstest.console.dll, MetadataReaderExtensionsHelper: Discovering extensions inside assembly 'Microsoft.TestPlatform.TestHostRuntimeProvider, Version=15.0.0.0, Culture=neutral, PublicKeyToken=b03f5f7f11d50a3a' file path 'C:\Program Files\dotnet\sdk\10.0.400-preview.0.26322.102\Extensions\Microsoft.TestPlatform.TestHostRuntimeProvider.dll'
TpTrace Information: 0 : 2304, 2, 2026/07/20, 17:44:05.888, 376347624514, vstest.console.dll, GetTestExtensionFromType: Register extension with identifier data 'HostProvider://DefaultTestHost' and type 'Microsoft.VisualStudio.TestPlatform.CrossPlatEngine.Hosting.DefaultTestHostManager, Microsoft.TestPlatform.TestHostRuntimeProvider, Version=15.0.0.0, Culture=neutral, PublicKeyToken=b03f5f7f11d50a3a' inside file 'C:\Program Files\dotnet\sdk\10.0.400-preview.0.26322.102\Extensions\Microsoft.TestPlatform.TestHostRuntimeProvider.dll'
TpTrace Information: 0 : 2304, 2, 2026/07/20, 17:44:05.888, 376347632671, vstest.console.dll, GetTestExtensionFromType: Register extension with identifier data 'HostProvider://DotnetTestHost' and type 'Microsoft.VisualStudio.TestPlatform.CrossPlatEngine.Hosting.DotnetTestHostManager, Microsoft.TestPlatform.TestHostRuntimeProvider, Version=15.0.0.0, Culture=neutral, PublicKeyToken=b03f5f7f11d50a3a' inside file 'C:\Program Files\dotnet\sdk\10.0.400-preview.0.26322.102\Extensions\Microsoft.TestPlatform.TestHostRuntimeProvider.dll'
TpTrace Information: 0 : 2304, 2, 2026/07/20, 17:44:05.889, 376347634668, vstest.console.dll, AssemblyResolver.OnResolve: Microsoft.VisualStudio.TestPlatform.Extensions.Html.TestLogger: Resolving assembly.
TpTrace Information: 0 : 2304, 2, 2026/07/20, 17:44:05.889, 376347635453, vstest.console.dll, AssemblyResolver.OnResolve: Microsoft.VisualStudio.TestPlatform.Extensions.Html.TestLogger: Searching in: 'C:\Program Files\dotnet\sdk\10.0.400-preview.0.26322.102\Extensions'.
TpTrace Information: 0 : 2304, 2, 2026/07/20, 17:44:05.889, 376347641697, vstest.console.dll, AssemblyResolver.OnResolve: Microsoft.VisualStudio.TestPlatform.Extensions.Html.TestLogger: Loading assembly 'C:\Program Files\dotnet\sdk\10.0.400-preview.0.26322.102\Extensions\Microsoft.VisualStudio.TestPlatform.Extensions.Html.TestLogger.dll'.
TpTrace Information: 0 : 2304, 2, 2026/07/20, 17:44:05.890, 376347648909, vstest.console.dll, AssemblyResolver.TrackProvidedDependency: Resolved 'Microsoft.VisualStudio.TestPlatform.Extensions.Html.TestLogger' from 'C:\Program Files\dotnet\sdk\10.0.400-preview.0.26322.102\Extensions' for 'unknown'.
TpTrace Information: 0 : 2304, 2, 2026/07/20, 17:44:05.890, 376347649972, vstest.console.dll, AssemblyResolver.OnResolve: Resolved assembly: Microsoft.VisualStudio.TestPlatform.Extensions.Html.TestLogger, from path: C:\Program Files\dotnet\sdk\10.0.400-preview.0.26322.102\Extensions\Microsoft.VisualStudio.TestPlatform.Extensions.Html.TestLogger.dll
TpTrace Verbose: 0 : 2304, 2, 2026/07/20, 17:44:05.890, 376347651001, vstest.console.dll, MetadataReaderExtensionsHelper: Discovering extensions inside assembly 'Microsoft.VisualStudio.TestPlatform.Extensions.Html.TestLogger, Version=15.0.0.0, Culture=neutral, PublicKeyToken=b03f5f7f11d50a3a' file path 'C:\Program Files\dotnet\sdk\10.0.400-preview.0.26322.102\Extensions\Microsoft.VisualStudio.TestPlatform.Extensions.Html.TestLogger.dll'
TpTrace Information: 0 : 2304, 2, 2026/07/20, 17:44:05.892, 376347668920, vstest.console.dll, AssemblyResolver.OnResolve: Microsoft.VisualStudio.TestPlatform.Extensions.Trx.TestLogger: Resolving assembly.
TpTrace Information: 0 : 2304, 2, 2026/07/20, 17:44:05.892, 376347671219, vstest.console.dll, AssemblyResolver.OnResolve: Microsoft.VisualStudio.TestPlatform.Extensions.Trx.TestLogger: Searching in: 'C:\Program Files\dotnet\sdk\10.0.400-preview.0.26322.102\Extensions'.
TpTrace Information: 0 : 2304, 2, 2026/07/20, 17:44:05.893, 376347677405, vstest.console.dll, AssemblyResolver.OnResolve: Microsoft.VisualStudio.TestPlatform.Extensions.Trx.TestLogger: Loading assembly 'C:\Program Files\dotnet\sdk\10.0.400-preview.0.26322.102\Extensions\Microsoft.VisualStudio.TestPlatform.Extensions.Trx.TestLogger.dll'.
TpTrace Information: 0 : 2304, 2, 2026/07/20, 17:44:05.894, 376347689220, vstest.console.dll, AssemblyResolver.TrackProvidedDependency: Resolved 'Microsoft.VisualStudio.TestPlatform.Extensions.Trx.TestLogger' from 'C:\Program Files\dotnet\sdk\10.0.400-preview.0.26322.102\Extensions' for 'unknown'.
TpTrace Information: 0 : 2304, 2, 2026/07/20, 17:44:05.894, 376347692094, vstest.console.dll, AssemblyResolver.OnResolve: Resolved assembly: Microsoft.VisualStudio.TestPlatform.Extensions.Trx.TestLogger, from path: C:\Program Files\dotnet\sdk\10.0.400-preview.0.26322.102\Extensions\Microsoft.VisualStudio.TestPlatform.Extensions.Trx.TestLogger.dll
TpTrace Verbose: 0 : 2304, 2, 2026/07/20, 17:44:05.894, 376347693648, vstest.console.dll, MetadataReaderExtensionsHelper: Discovering extensions inside assembly 'Microsoft.VisualStudio.TestPlatform.Extensions.Trx.TestLogger, Version=15.0.0.0, Culture=neutral, PublicKeyToken=b03f5f7f11d50a3a' file path 'C:\Program Files\dotnet\sdk\10.0.400-preview.0.26322.102\Extensions\Microsoft.VisualStudio.TestPlatform.Extensions.Trx.TestLogger.dll'
TpTrace Verbose: 0 : 2304, 2, 2026/07/20, 17:44:05.897, 376347722359, vstest.console.dll, TestPluginCache: Discovered the extensions using extension path ''.
TpTrace Verbose: 0 : 2304, 2, 2026/07/20, 17:44:05.897, 376347724015, vstest.console.dll, TestPluginCache: Discoverers are ''.
TpTrace Verbose: 0 : 2304, 2, 2026/07/20, 17:44:05.898, 376347724595, vstest.console.dll, TestPluginCache: Executors are ''.
TpTrace Verbose: 0 : 2304, 2, 2026/07/20, 17:44:05.898, 376347725097, vstest.console.dll, TestPluginCache: Executors2 are ''.
TpTrace Verbose: 0 : 2304, 2, 2026/07/20, 17:44:05.898, 376347725572, vstest.console.dll, TestPluginCache: Setting providers are ''.
TpTrace Verbose: 0 : 2304, 2, 2026/07/20, 17:44:05.898, 376347726059, vstest.console.dll, TestPluginCache: Loggers are ''.
TpTrace Verbose: 0 : 2304, 2, 2026/07/20, 17:44:05.898, 376347729710, vstest.console.dll, TestPluginCache: TestHosts are 'HostProvider://DefaultTestHost,HostProvider://DotnetTestHost'.
TpTrace Verbose: 0 : 2304, 2, 2026/07/20, 17:44:05.898, 376347730734, vstest.console.dll, TestPluginCache: DataCollectors are ''.
TpTrace Information: 0 : 2304, 2, 2026/07/20, 17:44:05.928, 376348024328, vstest.console.dll, RunTestsArgumentProcessor:Execute: Test run is starting.
TpTrace Verbose: 0 : 2304, 2, 2026/07/20, 17:44:05.928, 376348025648, vstest.console.dll, RunTestsArgumentProcessor:Execute: Queuing Test run.
TpTrace Information: 0 : 2304, 2, 2026/07/20, 17:44:05.928, 376348029350, vstest.console.dll, TestRequestManager.RunTests: run tests started.
TpTrace Information: 0 : 2304, 2, 2026/07/20, 17:44:05.930, 376348052001, vstest.console.dll, AssemblyMetadataProvider.GetFrameworkName: Determined framework:'.NETCoreApp,Version=v10.0' for source: 'C:\Integral2u\source\repos\SharpMind\SharpMind.Tests\bin\Debug\net10.0\SharpMind.Tests.dll'
TpTrace Information: 0 : 2304, 2, 2026/07/20, 17:44:05.931, 376348055336, vstest.console.dll, Determined framework for all sources: .NETCoreApp,Version=v10.0
TpTrace Verbose: 0 : 2304, 2, 2026/07/20, 17:44:05.940, 376348151061, vstest.console.dll, TestRequestManager.UpdateRunSettingsIfRequired: Default architecture: X64 IsDefaultTargetArchitecture: True, Current process architecture: X64 OperatingSystem: Windows.
TpTrace Information: 0 : 2304, 2, 2026/07/20, 17:44:05.945, 376348196891, vstest.console.dll, AssemblyMetadataProvider.GetArchitecture: Determined architecture:AnyCPU info for assembly: C:\Integral2u\source\repos\SharpMind\SharpMind.Tests\bin\Debug\net10.0\SharpMind.Tests.dll
TpTrace Information: 0 : 2304, 2, 2026/07/20, 17:44:05.945, 376348198614, vstest.console.dll, Determined platform for source 'C:\Integral2u\source\repos\SharpMind\SharpMind.Tests\bin\Debug\net10.0\SharpMind.Tests.dll' was AnyCPU and it will use the default plaform X64.
TpTrace Information: 0 : 2304, 2, 2026/07/20, 17:44:05.945, 376348199268, vstest.console.dll, None of the sources provided any runnable platform, using the default platform: X64
TpTrace Information: 0 : 2304, 2, 2026/07/20, 17:44:05.945, 376348201800, vstest.console.dll, Platform was updated to 'X64'.
TpTrace Information: 0 : 2304, 2, 2026/07/20, 17:44:05.949, 376348239847, vstest.console.dll, Compatible sources list: 
TpTrace Information: 0 : 2304, 2, 2026/07/20, 17:44:05.949, 376348241300, vstest.console.dll, C:\Integral2u\source\repos\SharpMind\SharpMind.Tests\bin\Debug\net10.0\SharpMind.Tests.dll
TpTrace Information: 0 : 2304, 2, 2026/07/20, 17:44:05.958, 376348331019, vstest.console.dll, InferRunSettingsHelper.IsTestSettingsEnabled: Unable to navigate to RunSettings/MSTest. Current node: RunSettings
TpTrace Information: 0 : 2304, 2, 2026/07/20, 17:44:05.960, 376348345518, vstest.console.dll, AssemblyResolver.OnResolve: Microsoft.VisualStudio.TestPlatform.Fakes: Resolving assembly.
TpTrace Information: 0 : 2304, 2, 2026/07/20, 17:44:05.960, 376348347428, vstest.console.dll, AssemblyResolver.OnResolve: Microsoft.VisualStudio.TestPlatform.Fakes: Searching in: 'C:\Program Files\dotnet\sdk\10.0.400-preview.0.26322.102\Extensions'.
TpTrace Information: 0 : 2304, 2, 2026/07/20, 17:44:05.960, 376348349824, vstest.console.dll, AssemblyResolver.OnResolve: Microsoft.VisualStudio.TestPlatform.Fakes: Assembly path does not exist: 'C:\Program Files\dotnet\sdk\10.0.400-preview.0.26322.102\Extensions\Microsoft.VisualStudio.TestPlatform.Fakes.dll', returning.
TpTrace Information: 0 : 2304, 2, 2026/07/20, 17:44:05.960, 376348351211, vstest.console.dll, AssemblyResolver.OnResolve: Microsoft.VisualStudio.TestPlatform.Fakes: Assembly path does not exist: 'C:\Program Files\dotnet\sdk\10.0.400-preview.0.26322.102\Extensions\Microsoft.VisualStudio.TestPlatform.Fakes.exe', returning.
TpTrace Information: 0 : 2304, 2, 2026/07/20, 17:44:05.960, 376348351870, vstest.console.dll, AssemblyResolver.OnResolve: Microsoft.VisualStudio.TestPlatform.Fakes: Searching in: 'C:\Program Files\dotnet\sdk\10.0.400-preview.0.26322.102'.
TpTrace Information: 0 : 2304, 2, 2026/07/20, 17:44:05.960, 376348353042, vstest.console.dll, AssemblyResolver.OnResolve: Microsoft.VisualStudio.TestPlatform.Fakes: Assembly path does not exist: 'C:\Program Files\dotnet\sdk\10.0.400-preview.0.26322.102\Microsoft.VisualStudio.TestPlatform.Fakes.dll', returning.
TpTrace Information: 0 : 2304, 2, 2026/07/20, 17:44:05.961, 376348354197, vstest.console.dll, AssemblyResolver.OnResolve: Microsoft.VisualStudio.TestPlatform.Fakes: Assembly path does not exist: 'C:\Program Files\dotnet\sdk\10.0.400-preview.0.26322.102\Microsoft.VisualStudio.TestPlatform.Fakes.exe', returning.
TpTrace Information: 0 : 2304, 2, 2026/07/20, 17:44:05.961, 376348354749, vstest.console.dll, AssemblyResolver.OnResolve: Microsoft.VisualStudio.TestPlatform.Fakes: Failed to load assembly.
TpTrace Information: 0 : 2304, 2, 2026/07/20, 17:44:05.961, 376348359239, vstest.console.dll, Failed to load assembly Microsoft.VisualStudio.TestPlatform.Fakes, Version=18.0.0.0, Culture=neutral. Reason:System.IO.FileNotFoundException: Could not load file or assembly 'Microsoft.VisualStudio.TestPlatform.Fakes, Version=18.0.0.0, Culture=neutral, PublicKeyToken=null'. The system cannot find the file specified.
File name: 'Microsoft.VisualStudio.TestPlatform.Fakes, Version=18.0.0.0, Culture=neutral, PublicKeyToken=null'
   at System.Reflection.RuntimeAssembly.InternalLoad(AssemblyName assemblyName, StackCrawlMark& stackMark, AssemblyLoadContext assemblyLoadContext, RuntimeAssembly requestingAssembly, Boolean throwOnFileNotFound)
   at System.Reflection.Assembly.Load(AssemblyName assemblyRef)
   at Microsoft.VisualStudio.TestPlatform.Common.Utilities.FakesUtilities.LoadTestPlatformAssembly() in /_/src/vstest/src/Microsoft.TestPlatform.Common/Utilities/FakesUtilities.cs:line 200
TpTrace Verbose: 0 : 2304, 2, 2026/07/20, 17:44:05.963, 376348380889, vstest.console.dll, TestPluginCache: Update extensions started. Skip filter = False
TpTrace Verbose: 0 : 2304, 2, 2026/07/20, 17:44:05.966, 376348408771, vstest.console.dll, TestPluginCache: Using directories for assembly resolution 'C:\Users\tarra\.nuget\packages\coverlet.collector\10.0.0\build\net10.0'.
TpTrace Verbose: 0 : 2304, 2, 2026/07/20, 17:44:05.966, 376348410071, vstest.console.dll, TestPluginCache: Updated the available extensions to 'C:\Users\tarra\.nuget\packages\coverlet.collector\10.0.0\build\net10.0\coverlet.collector.dll'.
TpTrace Verbose: 0 : 2304, 2, 2026/07/20, 17:44:05.991, 376348663346, vstest.console.dll, TestEngine: Initializing Parallel Execution as MaxCpuCount is set to: 1
TpTrace Information: 0 : 2304, 2, 2026/07/20, 17:44:05.994, 376348687473, vstest.console.dll, TestPluginManager.CreateTestExtension: Attempting to load test extension: Microsoft.VisualStudio.TestPlatform.CrossPlatEngine.Hosting.DefaultTestHostManager
TpTrace Information: 0 : 2304, 2, 2026/07/20, 17:44:05.995, 376348700296, vstest.console.dll, TestPluginManager.CreateTestExtension: Attempting to load test extension: Microsoft.VisualStudio.TestPlatform.CrossPlatEngine.Hosting.DotnetTestHostManager
TpTrace Verbose: 0 : 2304, 2, 2026/07/20, 17:44:05.996, 376348705811, vstest.console.dll, TestHostManagerCallbacks.ctor: Forwarding output is enabled.
TpTrace Information: 0 : 2304, 2, 2026/07/20, 17:44:05.996, 376348712912, vstest.console.dll, InferRunSettingsHelper.IsTestSettingsEnabled: Unable to navigate to RunSettings/MSTest. Current node: RunSettings
TpTrace Verbose: 0 : 2304, 2, 2026/07/20, 17:44:05.997, 376348722497, vstest.console.dll, ParallelOperationManager.ClearSlots: Clearing all slots. Slots should accept more work: True
TpTrace Verbose: 0 : 2304, 2, 2026/07/20, 17:44:06.001, 376348755355, vstest.console.dll, ParallelOperationManager.SetOccupiedSlotCount: Setting slot counts AvailableSlotCount = 1, OccupiedSlotCount = 0.
TpTrace Verbose: 0 : 2304, 2, 2026/07/20, 17:44:06.003, 376348780462, vstest.console.dll, Occupied slots:

TpTrace Verbose: 0 : 2304, 2, 2026/07/20, 17:44:06.011, 376348855676, vstest.console.dll, TestEngine.GetExecutionManager: Chosen execution manager 'Microsoft.VisualStudio.TestPlatform.CrossPlatEngine.Client.Parallel.ParallelProxyExecutionManager, Microsoft.TestPlatform.CrossPlatEngine, Version=15.0.0.0, Culture=neutral, PublicKeyToken=b03f5f7f11d50a3a' ParallelLevel '1'.
TpTrace Verbose: 0 : 2304, 2, 2026/07/20, 17:44:06.011, 376348858993, vstest.console.dll, TestPlatform.GetSkipDefaultAdapters: Not skipping default adapters SkipDefaultAdapters was false.
TpTrace Verbose: 0 : 2304, 2, 2026/07/20, 17:44:06.011, 376348860407, vstest.console.dll, TestRunRequest.ExecuteAsync: Creating test run request.
TpTrace Verbose: 0 : 2304, 2, 2026/07/20, 17:44:06.012, 376348868728, vstest.console.dll, TestRunRequest.ExecuteAsync: Starting.
TpTrace Information: 0 : 2304, 2, 2026/07/20, 17:44:06.012, 376348872886, vstest.console.dll, TestRunRequest.ExecuteAsync: Starting run with settings:TestRunCriteria:
   KeepAlive=False,FrequencyOfRunStatsChangeEvent=10,RunStatsChangeEventTimeout=00:00:01.5000000,TestCaseFilter=,TestExecutorLauncher=
   Settingsxml=<RunSettings>
  <RunConfiguration>
    <ResultsDirectory>C:\Integral2u\source\repos\SharpMind\SharpMind.Tests\TestResults</ResultsDirectory>
    <TargetPlatform>X64</TargetPlatform>
    <TargetFrameworkVersion>.NETCoreApp,Version=v10.0</TargetFrameworkVersion>
    <TestAdaptersPaths>C:\Users\tarra\.nuget\packages\coverlet.collector\10.0.0\build\net10.0\</TestAdaptersPaths>
    <DesignMode>False</DesignMode>
    <CollectSourceInformation>False</CollectSourceInformation>
  </RunConfiguration>
  <LoggerRunSettings>
    <Loggers>
      <Logger friendlyName="Console" assemblyQualifiedName="Microsoft.VisualStudio.TestPlatform.CommandLine.Internal.ConsoleLogger, vstest.console, Version=15.0.0.0, Culture=neutral, PublicKeyToken=b03f5f7f11d50a3a" codeBase="C:\Program Files\dotnet\sdk\10.0.400-preview.0.26322.102\vstest.console.dll" enabled="True">
        <Configuration>
          <Verbosity>minimal</Verbosity>
        </Configuration>
      </Logger>
    </Loggers>
  </LoggerRunSettings>
</RunSettings>

TpTrace Verbose: 0 : 2304, 2, 2026/07/20, 17:44:06.012, 376348873619, vstest.console.dll, TestRunRequest.ExecuteAsync: Wait for the first run request is over.
TpTrace Verbose: 0 : 2304, 2, 2026/07/20, 17:44:06.013, 376348878110, vstest.console.dll, MulticastDelegateUtilities.SafeInvoke: TestRun.TestRunStart: Invoking callbacks was skipped because there are no subscribers.
TpTrace Verbose: 0 : 2304, 4, 2026/07/20, 17:44:06.013, 376348883110, vstest.console.dll, MulticastDelegateUtilities.SafeInvoke: InternalTestLoggerEvents.SendTestRunStart: Invoking callback 1/1 for Microsoft.VisualStudio.TestPlatform.CommandLine.Internal.ConsoleLogger., took 0 ms.
TpTrace Verbose: 0 : 2304, 2, 2026/07/20, 17:44:06.015, 376348896914, vstest.console.dll, ParallelProxyExecutionManager: Start execution. Total sources: 1
TpTrace Verbose: 0 : 2304, 2, 2026/07/20, 17:44:06.023, 376348978893, vstest.console.dll, ParallelOperationManager.StartWork: Starting adding 1 workloads.
TpTrace Verbose: 0 : 2304, 2, 2026/07/20, 17:44:06.023, 376348981878, vstest.console.dll, ParallelOperationManager.ClearSlots: Clearing all slots. Slots should accept more work: True
TpTrace Verbose: 0 : 2304, 2, 2026/07/20, 17:44:06.024, 376348984925, vstest.console.dll, ParallelOperationManager.SetOccupiedSlotCount: Setting slot counts AvailableSlotCount = 1, OccupiedSlotCount = 0.
TpTrace Verbose: 0 : 2304, 2, 2026/07/20, 17:44:06.024, 376348985785, vstest.console.dll, Occupied slots:

TpTrace Verbose: 0 : 2304, 2, 2026/07/20, 17:44:06.028, 376349024828, vstest.console.dll, TestHostManagerCallbacks.ctor: Forwarding output is enabled.
TpTrace Verbose: 0 : 2304, 2, 2026/07/20, 17:44:06.028, 376349029853, vstest.console.dll, TestRequestSender is acting as server.
TpTrace Verbose: 0 : 2304, 2, 2026/07/20, 17:44:06.029, 376349034711, vstest.console.dll, ParallelOperationManager.RunWorkInParallel: Adding 1 workload to slot, remaining workloads 0.
TpTrace Verbose: 0 : 2304, 2, 2026/07/20, 17:44:06.029, 376349035482, vstest.console.dll, ParallelOperationManager.SetOccupiedSlotCount: Setting slot counts AvailableSlotCount = 0, OccupiedSlotCount = 1.
TpTrace Verbose: 0 : 2304, 2, 2026/07/20, 17:44:06.029, 376349037385, vstest.console.dll, Occupied slots:
0: C:\Integral2u\source\repos\SharpMind\SharpMind.Tests\bin\Debug\net10.0\SharpMind.Tests.dll
TpTrace Verbose: 0 : 2304, 2, 2026/07/20, 17:44:06.032, 376349067310, vstest.console.dll, ParallelOperationManager.RunWorkInParallel: Started host in slot number 0 for work (source): C:\Integral2u\source\repos\SharpMind\SharpMind.Tests\bin\Debug\net10.0\SharpMind.Tests.dll.
TpTrace Verbose: 0 : 2304, 2, 2026/07/20, 17:44:06.034, 376349084306, vstest.console.dll, ParallelOperationManager.RunWorkInParallel: We started 1 work items, which is the max parallel level. Won't start more work.
TpTrace Verbose: 0 : 2304, 2, 2026/07/20, 17:44:06.036, 376349109568, vstest.console.dll, ParallelOperationManager.RunWorkInParallel: We started 1 work items in here, returning True.
TpTrace Information: 0 : 2304, 2, 2026/07/20, 17:44:06.036, 376349111660, vstest.console.dll, TestRunRequest.ExecuteAsync: Started.
TpTrace Verbose: 0 : 2304, 2, 2026/07/20, 17:44:06.037, 376349114288, vstest.console.dll, TestRunRequest.WaitForCompletion: Waiting with timeout -1.
TpTrace Verbose: 0 : 2304, 5, 2026/07/20, 17:44:06.039, 376349135345, vstest.console.dll, ParallelProxyExecutionManager.StartTestRunOnConcurrentManager: Initializing uninitialized client. Started clients: 0
TpTrace Verbose: 0 : 2304, 5, 2026/07/20, 17:44:06.039, 376349136927, vstest.console.dll, ParallelProxyExecutionManager.StartTestRunOnConcurrentManager: Initializing test run. Started clients: 0
TpTrace Verbose: 0 : 2304, 5, 2026/07/20, 17:44:06.039, 376349138595, vstest.console.dll, ProxyExecutionManager: Test host is always Lazy initialize.
TpTrace Verbose: 0 : 2304, 5, 2026/07/20, 17:44:06.040, 376349144433, vstest.console.dll, TestRequestSender.InitializeCommunication: initialize communication. 
TpTrace Information: 0 : 2304, 5, 2026/07/20, 17:44:06.063, 376349379021, vstest.console.dll, SocketServer.Start: Listening on endpoint : 127.0.0.1:55768
TpTrace Verbose: 0 : 2304, 5, 2026/07/20, 17:44:06.089, 376349637779, vstest.console.dll, DotnetTestHostmanager.GetTestHostProcessStartInfo: Platform environment 'X64' target architecture 'X64' framework '.NETCoreApp,Version=v10.0' OS 'Windows'
TpTrace Verbose: 0 : 2304, 5, 2026/07/20, 17:44:06.089, 376349640434, vstest.console.dll, DotnetTestHostmanager.LaunchTestHostAsync: VSTEST_DOTNET_ROOT_PATH=C:\Program Files\dotnet
TpTrace Verbose: 0 : 2304, 5, 2026/07/20, 17:44:06.089, 376349641137, vstest.console.dll, DotnetTestHostmanager.LaunchTestHostAsync: VSTEST_DOTNET_ROOT_ARCHITECTURE=X64
TpTrace Verbose: 0 : 2304, 5, 2026/07/20, 17:44:06.089, 376349642950, vstest.console.dll, DotnetTestHostManager.SetDotnetRootForArchitecture: Adding DOTNET_ROOT_X64=C:\Program Files\dotnet to testhost start info.
TpTrace Verbose: 0 : 2304, 5, 2026/07/20, 17:44:06.090, 376349646625, vstest.console.dll, DotnetTestHostmanager: Adding  --runtimeconfig "C:\Integral2u\source\repos\SharpMind\SharpMind.Tests\bin\Debug\net10.0\SharpMind.Tests.runtimeconfig.json" in args
TpTrace Verbose: 0 : 2304, 5, 2026/07/20, 17:44:06.090, 376349649860, vstest.console.dll, DotnetTestHostmanager: Adding  --depsfile "C:\Integral2u\source\repos\SharpMind\SharpMind.Tests\bin\Debug\net10.0\SharpMind.Tests.deps.json" in args
TpTrace Verbose: 0 : 2304, 5, 2026/07/20, 17:44:06.091, 376349654261, vstest.console.dll, DotnetTestHostmanager.IsWinOnArm: Current PROCESSOR_ARCHITECTURE from environment variable 'AMD64'
TpTrace Verbose: 0 : 2304, 5, 2026/07/20, 17:44:06.091, 376349656029, vstest.console.dll, DotnetTestHostmanager.IsWinOnArm: Is Windows on ARM 'False'
TpTrace Verbose: 0 : 2304, 5, 2026/07/20, 17:44:06.091, 376349658740, vstest.console.dll, DotnetTestHostManager: testhost.exe found at path: C:\Integral2u\source\repos\SharpMind\SharpMind.Tests\bin\Debug\net10.0\testhost.exe
TpTrace Verbose: 0 : 2304, 5, 2026/07/20, 17:44:06.091, 376349659698, vstest.console.dll, DotnetTestHostmanager: Full path of host exe is C:\Integral2u\source\repos\SharpMind\SharpMind.Tests\bin\Debug\net10.0\testhost.exe
TpTrace Verbose: 0 : 2304, 5, 2026/07/20, 17:44:06.097, 376349720608, vstest.console.dll, DotnetTestHostManager: Starting process '0' with command line '1' and DOTNET environment: DOTNET_ROOT_X64=C:\Program Files\dotnet, DOTNET_ROOT=C:\Program Files\dotnet 
TpTrace Verbose: 0 : 2304, 5, 2026/07/20, 17:44:06.097, 376349722546, vstest.console.dll, DotnetTestHostManager: Launching testhost with CreateNoWindow=True
TpTrace Verbose: 0 : 2304, 5, 2026/07/20, 17:44:06.135, 376350100178, vstest.console.dll, Test Runtime launched
TpTrace Verbose: 0 : 2304, 5, 2026/07/20, 17:44:06.135, 376350103411, vstest.console.dll, MulticastDelegateUtilities.SafeInvoke: HostProviderEvents.OnHostLaunched: Invoking callback 1/1 for Microsoft.VisualStudio.TestPlatform.CrossPlatEngine.Client.ProxyOperationManager., took 0 ms.
TpTrace Verbose: 0 : 2304, 5, 2026/07/20, 17:44:06.136, 376350113760, vstest.console.dll, TestRequestSender.WaitForRequestHandlerConnection: waiting for connection with timeout: 90000.
TpTrace Verbose: 0 : 2304, 12, 2026/07/20, 17:44:06.577, 376354522282, vstest.console.dll, MulticastDelegateUtilities.SafeInvoke: SocketServer: ClientConnected: Invoking callback 1/1 for Microsoft.VisualStudio.TestPlatform.CommunicationUtilities.TestRequestSender., took 0 ms.
TpTrace Verbose: 0 : 2304, 5, 2026/07/20, 17:44:06.577, 376354522282, vstest.console.dll, TestRequestSender.WaitForRequestHandlerConnection: waiting took 440 ms, with timeout 90000 ms, and result 0, which is success.
TpTrace Verbose: 0 : 2304, 12, 2026/07/20, 17:44:06.578, 376354524417, vstest.console.dll, SocketServer.OnClientConnected: Client connected for endPoint: 127.0.0.1:55768, starting MessageLoopAsync:
TpTrace Verbose: 0 : 2304, 12, 2026/07/20, 17:44:06.578, 376354533986, vstest.console.dll, TcpClientExtensions.MessageLoopAsync: Polling on remoteEndPoint: 127.0.0.1:55769 localEndPoint: 127.0.0.1:55768 after 0 ms
TpTrace Verbose: 0 : 2304, 5, 2026/07/20, 17:44:06.675, 376355498465, vstest.console.dll, TestRequestSender.CheckVersionWithTestHost: Sending check version message: {"MessageType":"ProtocolVersion","Payload":7}
TpTrace Verbose: 0 : 2304, 12, 2026/07/20, 17:44:06.961, 376358356582, vstest.console.dll, TcpClientExtensions.MessageLoopAsync: NotifyDataAvailable remoteEndPoint: 127.0.0.1:55769 localEndPoint: 127.0.0.1:55768
TpTrace Verbose: 0 : 2304, 12, 2026/07/20, 17:44:06.961, 376358362272, vstest.console.dll, TestRequestSender.CheckVersionWithTestHost: onMessageReceived received message: (ProtocolVersion) -> {"MessageType":"ProtocolVersion","Payload":7}
TpTrace Verbose: 0 : 2304, 12, 2026/07/20, 17:44:06.972, 376358466374, vstest.console.dll, MulticastDelegateUtilities.SafeInvoke: LengthPrefixCommunicationChannel: MessageReceived: Invoking callback 1/1 for Microsoft.VisualStudio.TestPlatform.CommunicationUtilities.TestRequestSender+<>c__DisplayClass29_0., took 10 ms.
TpTrace Verbose: 0 : 2304, 12, 2026/07/20, 17:44:06.972, 376358468461, vstest.console.dll, TcpClientExtensions.MessageLoopAsync: Polling on remoteEndPoint: 127.0.0.1:55769 localEndPoint: 127.0.0.1:55768 after 393 ms
TpTrace Verbose: 0 : 2304, 5, 2026/07/20, 17:44:06.972, 376358468663, vstest.console.dll, TestPluginCache.GetExtensionPaths: Filtered extension paths: 
TpTrace Verbose: 0 : 2304, 5, 2026/07/20, 17:44:06.972, 376358471919, vstest.console.dll, TestPluginCache.GetExtensionPaths: Added default extension paths: C:\Program Files\dotnet\sdk\10.0.400-preview.0.26322.102\Extensions\Microsoft.Diagnostics.NETCore.Client.dll
C:\Program Files\dotnet\sdk\10.0.400-preview.0.26322.102\Extensions\Microsoft.TestPlatform.Extensions.BlameDataCollector.dll
C:\Program Files\dotnet\sdk\10.0.400-preview.0.26322.102\Extensions\Microsoft.TestPlatform.Extensions.EventLogCollector.dll
C:\Program Files\dotnet\sdk\10.0.400-preview.0.26322.102\Extensions\Microsoft.TestPlatform.TestHostRuntimeProvider.dll
C:\Program Files\dotnet\sdk\10.0.400-preview.0.26322.102\Extensions\Microsoft.VisualStudio.TestPlatform.Extensions.Html.TestLogger.dll
C:\Program Files\dotnet\sdk\10.0.400-preview.0.26322.102\Extensions\Microsoft.VisualStudio.TestPlatform.Extensions.Trx.TestLogger.dll
TpTrace Verbose: 0 : 2304, 5, 2026/07/20, 17:44:06.972, 376358472906, vstest.console.dll, TestPluginCache.GetExtensionPaths: Added unfilterableExtensionPaths: 
TpTrace Verbose: 0 : 2304, 12, 2026/07/20, 17:44:06.978, 376358525361, vstest.console.dll, TcpClientExtensions.MessageLoopAsync: NotifyDataAvailable remoteEndPoint: 127.0.0.1:55769 localEndPoint: 127.0.0.1:55768
TpTrace Verbose: 0 : 2304, 5, 2026/07/20, 17:44:06.985, 376358603051, vstest.console.dll, TestRequestSender.InitializeExecution: Sending initialize execution with message: {"Version":7,"MessageType":"TestExecution.Initialize","Payload":["C:\\Integral2u\\source\\repos\\SharpMind\\SharpMind.Tests\\bin\\Debug\\net10.0\\xunit.runner.visualstudio.testadapter.dll"]}
TpTrace Verbose: 0 : 2304, 5, 2026/07/20, 17:44:06.986, 376358611738, vstest.console.dll, ParallelProxyExecutionManager.StartTestRunOnConcurrentManager: Execution starting. Started clients: 1
TpTrace Warning: 0 : 2304, 5, 2026/07/20, 17:44:06.988, 376358630637, vstest.console.dll, InferRunSettingsHelper.MakeRunsettingsCompatible: Removing the following settings: TargetPlatform from RunSettings file. To use those settings please move to latest version of Microsoft.NET.Test.Sdk
TpTrace Verbose: 0 : 2304, 12, 2026/07/20, 17:44:06.990, 376358646772, vstest.console.dll, TestRequestSender.OnExecutionMessageReceived: Received message: {"Version":7,"MessageType":"TestSession.Message","Payload":{"MessageLevel":0,"Message":"Logging TestHost Diagnostics in file: C:\\Integral2u\\source\\repos\\SharpMind\\test-results.host.26-07-20_17-44-06_08825_5.txt"}}
TpTrace Verbose: 0 : 2304, 12, 2026/07/20, 17:44:06.997, 376358720829, vstest.console.dll, TestRunRequest:SendTestRunMessage: Starting.
TpTrace Verbose: 0 : 2304, 12, 2026/07/20, 17:44:06.998, 376358724467, vstest.console.dll, MulticastDelegateUtilities.SafeInvoke: TestRun.LogMessages: Invoking callback 1/1 for Microsoft.VisualStudio.TestPlatform.CommandLine.TestRunResultAggregator., took 0 ms.
TpTrace Information: 0 : 2304, 12, 2026/07/20, 17:44:06.998, 376358725418, vstest.console.dll, TestRunRequest:SendTestRunMessage: Completed.
TpTrace Verbose: 0 : 2304, 12, 2026/07/20, 17:44:06.998, 376358726292, vstest.console.dll, MulticastDelegateUtilities.SafeInvoke: LengthPrefixCommunicationChannel: MessageReceived: Invoking callback 1/1 for Microsoft.VisualStudio.TestPlatform.CommunicationUtilities.TestRequestSender+<>c__DisplayClass34_0., took 8 ms.
TpTrace Verbose: 0 : 2304, 12, 2026/07/20, 17:44:06.998, 376358727145, vstest.console.dll, TcpClientExtensions.MessageLoopAsync: Polling on remoteEndPoint: 127.0.0.1:55769 localEndPoint: 127.0.0.1:55768 after 25 ms
TpTrace Verbose: 0 : 2304, 4, 2026/07/20, 17:44:06.998, 376358728140, vstest.console.dll, MulticastDelegateUtilities.SafeInvoke: InternalTestLoggerEvents.SendTestRunMessage: Invoking callback 1/1 for Microsoft.VisualStudio.TestPlatform.CommandLine.Internal.ConsoleLogger., took 0 ms.
TpTrace Verbose: 0 : 2304, 5, 2026/07/20, 17:44:07.011, 376358855818, vstest.console.dll, TestRequestSender.StartTestRun: Sending test run with message: {"Version":7,"MessageType":"TestExecution.StartWithSources","Payload":{"AdapterSourceMap":{"_none_":["C:\\Integral2u\\source\\repos\\SharpMind\\SharpMind.Tests\\bin\\Debug\\net10.0\\SharpMind.Tests.dll"]},"RunSettings":"<RunSettings>\r\n  <RunConfiguration>\r\n    <ResultsDirectory>C:\\Integral2u\\source\\repos\\SharpMind\\SharpMind.Tests\\TestResults</ResultsDirectory>\r\n    <TargetFrameworkVersion>.NETCoreApp,Version=v10.0</TargetFrameworkVersion>\r\n    <TestAdaptersPaths>C:\\Users\\tarra\\.nuget\\packages\\coverlet.collector\\10.0.0\\build\\net10.0\\</TestAdaptersPaths>\r\n    <DesignMode>False</DesignMode>\r\n    <CollectSourceInformation>False</CollectSourceInformation>\r\n  </RunConfiguration>\r\n  <LoggerRunSettings>\r\n    <Loggers>\r\n      <Logger friendlyName=\"Console\" assemblyQualifiedName=\"Microsoft.VisualStudio.TestPlatform.CommandLine.Internal.ConsoleLogger, vstest.console, Version=15.0.0.0, Culture=neutral, PublicKeyToken=b03f5f7f11d50a3a\" codeBase=\"C:\\Program Files\\dotnet\\sdk\\10.0.400-preview.0.26322.102\\vstest.console.dll\" enabled=\"True\">\r\n        <Configuration>\r\n          <Verbosity>minimal</Verbosity>\r\n        </Configuration>\r\n      </Logger>\r\n    </Loggers>\r\n  </LoggerRunSettings>\r\n</RunSettings>","TestExecutionContext":{"FrequencyOfRunStatsChangeEvent":10,"RunStatsChangeEventTimeout":"00:00:01.5000000","InIsolation":false,"KeepAlive":false,"AreTestCaseLevelEventsRequired":false,"IsDebug":false,"TestCaseFilter":null,"FilterOptions":null},"Package":null}}
TpTrace Verbose: 0 : 2304, 5, 2026/07/20, 17:44:07.011, 376358858976, vstest.console.dll, ParallelProxyExecutionManager.StartTestRunOnConcurrentManager: Execution started. Started clients: 1
TpTrace Verbose: 0 : 2304, 12, 2026/07/20, 17:44:07.589, 376364641180, vstest.console.dll, TcpClientExtensions.MessageLoopAsync: NotifyDataAvailable remoteEndPoint: 127.0.0.1:55769 localEndPoint: 127.0.0.1:55768
TpTrace Verbose: 0 : 2304, 12, 2026/07/20, 17:44:07.589, 376364643761, vstest.console.dll, TestRequestSender.OnExecutionMessageReceived: Received message: {"Version":7,"MessageType":"TestSession.Message","Payload":{"MessageLevel":0,"Message":"[xUnit.net 00:00:00.01] xUnit.net VSTest Adapter v3.1.5+1b188a7b0a (64-bit .NET 10.0.9)"}}
TpTrace Verbose: 0 : 2304, 12, 2026/07/20, 17:44:07.590, 376364647785, vstest.console.dll, TestRunRequest:SendTestRunMessage: Starting.
TpTrace Verbose: 0 : 2304, 12, 2026/07/20, 17:44:07.590, 376364649287, vstest.console.dll, MulticastDelegateUtilities.SafeInvoke: TestRun.LogMessages: Invoking callback 1/1 for Microsoft.VisualStudio.TestPlatform.CommandLine.TestRunResultAggregator., took 0 ms.
TpTrace Verbose: 0 : 2304, 4, 2026/07/20, 17:44:07.590, 376364649649, vstest.console.dll, MulticastDelegateUtilities.SafeInvoke: InternalTestLoggerEvents.SendTestRunMessage: Invoking callback 1/1 for Microsoft.VisualStudio.TestPlatform.CommandLine.Internal.ConsoleLogger., took 0 ms.
TpTrace Information: 0 : 2304, 12, 2026/07/20, 17:44:07.590, 376364650120, vstest.console.dll, TestRunRequest:SendTestRunMessage: Completed.
TpTrace Verbose: 0 : 2304, 12, 2026/07/20, 17:44:07.590, 376364651794, vstest.console.dll, MulticastDelegateUtilities.SafeInvoke: LengthPrefixCommunicationChannel: MessageReceived: Invoking callback 1/1 for Microsoft.VisualStudio.TestPlatform.CommunicationUtilities.TestRequestSender+<>c__DisplayClass34_0., took 0 ms.
TpTrace Verbose: 0 : 2304, 12, 2026/07/20, 17:44:07.590, 376364652604, vstest.console.dll, TcpClientExtensions.MessageLoopAsync: Polling on remoteEndPoint: 127.0.0.1:55769 localEndPoint: 127.0.0.1:55768 after 592 ms
TpTrace Verbose: 0 : 2304, 12, 2026/07/20, 17:44:08.498, 376373726763, vstest.console.dll, TcpClientExtensions.MessageLoopAsync: NotifyDataAvailable remoteEndPoint: 127.0.0.1:55769 localEndPoint: 127.0.0.1:55768
TpTrace Verbose: 0 : 2304, 12, 2026/07/20, 17:44:08.498, 376373729804, vstest.console.dll, TestRequestSender.OnExecutionMessageReceived: Received message: {"Version":7,"MessageType":"TestSession.Message","Payload":{"MessageLevel":0,"Message":"[xUnit.net 00:00:00.92]   Discovering: SharpMind.Tests"}}
TpTrace Verbose: 0 : 2304, 12, 2026/07/20, 17:44:08.498, 376373731625, vstest.console.dll, TestRunRequest:SendTestRunMessage: Starting.
TpTrace Verbose: 0 : 2304, 12, 2026/07/20, 17:44:08.498, 376373733098, vstest.console.dll, MulticastDelegateUtilities.SafeInvoke: TestRun.LogMessages: Invoking callback 1/1 for Microsoft.VisualStudio.TestPlatform.CommandLine.TestRunResultAggregator., took 0 ms.
TpTrace Verbose: 0 : 2304, 4, 2026/07/20, 17:44:08.498, 376373733247, vstest.console.dll, MulticastDelegateUtilities.SafeInvoke: InternalTestLoggerEvents.SendTestRunMessage: Invoking callback 1/1 for Microsoft.VisualStudio.TestPlatform.CommandLine.Internal.ConsoleLogger., took 0 ms.
TpTrace Information: 0 : 2304, 12, 2026/07/20, 17:44:08.498, 376373733977, vstest.console.dll, TestRunRequest:SendTestRunMessage: Completed.
TpTrace Verbose: 0 : 2304, 12, 2026/07/20, 17:44:08.499, 376373735285, vstest.console.dll, MulticastDelegateUtilities.SafeInvoke: LengthPrefixCommunicationChannel: MessageReceived: Invoking callback 1/1 for Microsoft.VisualStudio.TestPlatform.CommunicationUtilities.TestRequestSender+<>c__DisplayClass34_0., took 0 ms.
TpTrace Verbose: 0 : 2304, 12, 2026/07/20, 17:44:08.499, 376373735763, vstest.console.dll, TcpClientExtensions.MessageLoopAsync: Polling on remoteEndPoint: 127.0.0.1:55769 localEndPoint: 127.0.0.1:55768 after 908 ms
TpTrace Verbose: 0 : 2304, 12, 2026/07/20, 17:44:09.499, 376383742353, vstest.console.dll, TcpClientExtensions.MessageLoopAsync: Polling on remoteEndPoint: 127.0.0.1:55769 localEndPoint: 127.0.0.1:55768 after 1000 ms
TpTrace Verbose: 0 : 2304, 12, 2026/07/20, 17:44:10.003, 376388775084, vstest.console.dll, TcpClientExtensions.MessageLoopAsync: NotifyDataAvailable remoteEndPoint: 127.0.0.1:55769 localEndPoint: 127.0.0.1:55768
TpTrace Verbose: 0 : 2304, 12, 2026/07/20, 17:44:10.003, 376388777451, vstest.console.dll, TestRequestSender.OnExecutionMessageReceived: Received message: {"Version":7,"MessageType":"TestSession.Message","Payload":{"MessageLevel":0,"Message":"[xUnit.net 00:00:02.42]   Discovered:  SharpMind.Tests"}}
TpTrace Verbose: 0 : 2304, 12, 2026/07/20, 17:44:10.003, 376388779167, vstest.console.dll, TestRunRequest:SendTestRunMessage: Starting.
TpTrace Verbose: 0 : 2304, 12, 2026/07/20, 17:44:10.003, 376388780157, vstest.console.dll, MulticastDelegateUtilities.SafeInvoke: TestRun.LogMessages: Invoking callback 1/1 for Microsoft.VisualStudio.TestPlatform.CommandLine.TestRunResultAggregator., took 0 ms.
TpTrace Verbose: 0 : 2304, 4, 2026/07/20, 17:44:10.003, 376388780487, vstest.console.dll, MulticastDelegateUtilities.SafeInvoke: InternalTestLoggerEvents.SendTestRunMessage: Invoking callback 1/1 for Microsoft.VisualStudio.TestPlatform.CommandLine.Internal.ConsoleLogger., took 0 ms.
TpTrace Information: 0 : 2304, 12, 2026/07/20, 17:44:10.003, 376388780819, vstest.console.dll, TestRunRequest:SendTestRunMessage: Completed.
TpTrace Verbose: 0 : 2304, 12, 2026/07/20, 17:44:10.003, 376388782644, vstest.console.dll, MulticastDelegateUtilities.SafeInvoke: LengthPrefixCommunicationChannel: MessageReceived: Invoking callback 1/1 for Microsoft.VisualStudio.TestPlatform.CommunicationUtilities.TestRequestSender+<>c__DisplayClass34_0., took 0 ms.
TpTrace Verbose: 0 : 2304, 12, 2026/07/20, 17:44:10.003, 376388783363, vstest.console.dll, TcpClientExtensions.MessageLoopAsync: Polling on remoteEndPoint: 127.0.0.1:55769 localEndPoint: 127.0.0.1:55768 after 503 ms
TpTrace Verbose: 0 : 2304, 12, 2026/07/20, 17:44:10.246, 376391205283, vstest.console.dll, TcpClientExtensions.MessageLoopAsync: NotifyDataAvailable remoteEndPoint: 127.0.0.1:55769 localEndPoint: 127.0.0.1:55768
TpTrace Verbose: 0 : 2304, 12, 2026/07/20, 17:44:10.246, 376391207199, vstest.console.dll, TestRequestSender.OnExecutionMessageReceived: Received message: {"Version":7,"MessageType":"TestSession.Message","Payload":{"MessageLevel":0,"Message":"[xUnit.net 00:00:02.67]   Starting:    SharpMind.Tests"}}
TpTrace Verbose: 0 : 2304, 12, 2026/07/20, 17:44:10.246, 376391208912, vstest.console.dll, TestRunRequest:SendTestRunMessage: Starting.
TpTrace Verbose: 0 : 2304, 12, 2026/07/20, 17:44:10.246, 376391210102, vstest.console.dll, MulticastDelegateUtilities.SafeInvoke: TestRun.LogMessages: Invoking callback 1/1 for Microsoft.VisualStudio.TestPlatform.CommandLine.TestRunResultAggregator., took 0 ms.
TpTrace Verbose: 0 : 2304, 4, 2026/07/20, 17:44:10.246, 376391210259, vstest.console.dll, MulticastDelegateUtilities.SafeInvoke: InternalTestLoggerEvents.SendTestRunMessage: Invoking callback 1/1 for Microsoft.VisualStudio.TestPlatform.CommandLine.Internal.ConsoleLogger., took 0 ms.
TpTrace Information: 0 : 2304, 12, 2026/07/20, 17:44:10.246, 376391210804, vstest.console.dll, TestRunRequest:SendTestRunMessage: Completed.
TpTrace Verbose: 0 : 2304, 12, 2026/07/20, 17:44:10.246, 376391212267, vstest.console.dll, MulticastDelegateUtilities.SafeInvoke: LengthPrefixCommunicationChannel: MessageReceived: Invoking callback 1/1 for Microsoft.VisualStudio.TestPlatform.CommunicationUtilities.TestRequestSender+<>c__DisplayClass34_0., took 0 ms.
TpTrace Verbose: 0 : 2304, 12, 2026/07/20, 17:44:10.246, 376391213371, vstest.console.dll, TcpClientExtensions.MessageLoopAsync: Polling on remoteEndPoint: 127.0.0.1:55769 localEndPoint: 127.0.0.1:55768 after 242 ms
TpTrace Verbose: 0 : 2304, 12, 2026/07/20, 17:44:10.441, 376393161447, vstest.console.dll, TcpClientExtensions.MessageLoopAsync: NotifyDataAvailable remoteEndPoint: 127.0.0.1:55769 localEndPoint: 127.0.0.1:55768
TpTrace Verbose: 0 : 2304, 12, 2026/07/20, 17:44:10.442, 376393166116, vstest.console.dll, TestRequestSender.OnExecutionMessageReceived: Received message: {"Version":7,"MessageType":"TestExecution.StatsChange","Payload":{"NewTestResults":[],"TestRunStatistics":{"ExecutedTests":0,"Stats":{}},"ActiveTests":[{"Id":"0234c310-4ee4-c7eb-a54d-fd2c8e4aedd2","FullyQualifiedName":"SharpMind.Tests.Quantization.HalfToFloatTests.HalfToFloat_Scalar_ReturnsCorrectBits","DisplayName":"SharpMind.Tests.Quantization.HalfToFloatTests.HalfToFloat_Scalar_ReturnsCorrectBits(half: 1024, expectedBits: 947912704, _: \"min normal\")","ExecutorUri":"executor://xunit/VsTestRunner3/netcore/","Source":"C:\\Integral2u\\source\\repos\\SharpMind\\SharpMind.Tests\\bin\\Debug\\net10.0\\SharpMind.Tests.dll","CodeFilePath":null,"LineNumber":0,"Properties":[{"Key":{"Id":"TestCase.ManagedMethod","Label":"ManagedMethod","Category":"","Description":"","Attributes":1,"ValueType":"System.String"},"Value":"HalfToFloat_Scalar_ReturnsCorrectBits"},{"Key":{"Id":"XunitTestCaseUniqueID","Label":"xUnit.net Test Case Unique ID","Category":"","Description":"","Attributes":0,"ValueType":"System.String"},"Value":"106d3079837396d147b40aece941dd31358844f2"},{"Key":{"Id":"XunitTestCaseExplicit","Label":"xUnit.net Test Case Explicit Flag","Category":"","Description":"","Attributes":0,"ValueType":"System.Boolean"},"Value":false},{"Key":{"Id":"TestCase.ManagedType","Label":"ManagedType","Category":"","Description":"","Attributes":1,"ValueType":"System.String"},"Value":"SharpMind.Tests.Quantization.HalfToFloatTests"}]}]}}
TpTrace Verbose: 0 : 2304, 12, 2026/07/20, 17:44:10.495, 376393702759, vstest.console.dll, TestRunRequest:SendTestRunStatsChange: Starting.
TpTrace Verbose: 0 : 2304, 12, 2026/07/20, 17:44:10.496, 376393705360, vstest.console.dll, InProgress is SharpMind.Tests.Quantization.HalfToFloatTests.HalfToFloat_Scalar_ReturnsCorrectBits(half: 1024, expectedBits: 947912704, _: "min normal")
TpTrace Verbose: 0 : 2304, 12, 2026/07/20, 17:44:10.496, 376393707214, vstest.console.dll, MulticastDelegateUtilities.SafeInvoke: TestRun.RunStatsChanged: Invoking callbacks was skipped because there are no subscribers.
TpTrace Information: 0 : 2304, 12, 2026/07/20, 17:44:10.496, 376393707855, vstest.console.dll, TestRunRequest:SendTestRunStatsChange: Completed.
TpTrace Verbose: 0 : 2304, 12, 2026/07/20, 17:44:10.496, 376393708501, vstest.console.dll, MulticastDelegateUtilities.SafeInvoke: LengthPrefixCommunicationChannel: MessageReceived: Invoking callback 1/1 for Microsoft.VisualStudio.TestPlatform.CommunicationUtilities.TestRequestSender+<>c__DisplayClass34_0., took 54 ms.
TpTrace Verbose: 0 : 2304, 12, 2026/07/20, 17:44:10.496, 376393709162, vstest.console.dll, TcpClientExtensions.MessageLoopAsync: Polling on remoteEndPoint: 127.0.0.1:55769 localEndPoint: 127.0.0.1:55768 after 249 ms
TpTrace Verbose: 0 : 2304, 12, 2026/07/20, 17:44:10.496, 376393709967, vstest.console.dll, TcpClientExtensions.MessageLoopAsync: NotifyDataAvailable remoteEndPoint: 127.0.0.1:55769 localEndPoint: 127.0.0.1:55768
TpTrace Verbose: 0 : 2304, 12, 2026/07/20, 17:44:10.496, 376393711332, vstest.console.dll, TestRequestSender.OnExecutionMessageReceived: Received message: {"Version":7,"MessageType":"TestExecution.StatsChange","Payload":{"NewTestResults":[],"TestRunStatistics":{"ExecutedTests":0,"Stats":{}},"ActiveTests":[{"Id":"6c79de35-46d3-e965-923c-ebc496aac112","FullyQualifiedName":"SharpMind.Tests.Data.PseudoLanguageGeneratorTests.Generator_GeneratePatterns_ReturnsValidSequences","DisplayName":"SharpMind.Tests.Data.PseudoLanguageGeneratorTests.Generator_GeneratePatterns_ReturnsValidSequences","ExecutorUri":"executor://xunit/VsTestRunner3/netcore/","Source":"C:\\Integral2u\\source\\repos\\SharpMind\\SharpMind.Tests\\bin\\Debug\\net10.0\\SharpMind.Tests.dll","CodeFilePath":null,"LineNumber":0,"Properties":[{"Key":{"Id":"TestCase.ManagedMethod","Label":"ManagedMethod","Category":"","Description":"","Attributes":1,"ValueType":"System.String"},"Value":"Generator_GeneratePatterns_ReturnsValidSequences"},{"Key":{"Id":"XunitTestCaseUniqueID","Label":"xUnit.net Test Case Unique ID","Category":"","Description":"","Attributes":0,"ValueType":"System.String"},"Value":"12f9eff7587a03a02e6a537d5021b2da094a662f"},{"Key":{"Id":"XunitTestCaseExplicit","Label":"xUnit.net Test Case Explicit Flag","Category":"","Description":"","Attributes":0,"ValueType":"System.Boolean"},"Value":false},{"Key":{"Id":"TestCase.ManagedType","Label":"ManagedType","Category":"","Description":"","Attributes":1,"ValueType":"System.String"},"Value":"SharpMind.Tests.Data.PseudoLanguageGeneratorTests"}]}]}}
TpTrace Verbose: 0 : 2304, 12, 2026/07/20, 17:44:10.503, 376393774454, vstest.console.dll, TestRunRequest:SendTestRunStatsChange: Starting.
TpTrace Verbose: 0 : 2304, 12, 2026/07/20, 17:44:10.503, 376393776332, vstest.console.dll, InProgress is SharpMind.Tests.Data.PseudoLanguageGeneratorTests.Generator_GeneratePatterns_ReturnsValidSequences
TpTrace Verbose: 0 : 2304, 12, 2026/07/20, 17:44:10.503, 376393777303, vstest.console.dll, MulticastDelegateUtilities.SafeInvoke: TestRun.RunStatsChanged: Invoking callbacks was skipped because there are no subscribers.
TpTrace Information: 0 : 2304, 12, 2026/07/20, 17:44:10.503, 376393778221, vstest.console.dll, TestRunRequest:SendTestRunStatsChange: Completed.
TpTrace Verbose: 0 : 2304, 12, 2026/07/20, 17:44:10.503, 376393778932, vstest.console.dll, MulticastDelegateUtilities.SafeInvoke: LengthPrefixCommunicationChannel: MessageReceived: Invoking callback 1/1 for Microsoft.VisualStudio.TestPlatform.CommunicationUtilities.TestRequestSender+<>c__DisplayClass34_0., took 6 ms.
TpTrace Verbose: 0 : 2304, 12, 2026/07/20, 17:44:10.503, 376393779526, vstest.console.dll, TcpClientExtensions.MessageLoopAsync: Polling on remoteEndPoint: 127.0.0.1:55769 localEndPoint: 127.0.0.1:55768 after 6 ms
TpTrace Verbose: 0 : 2304, 12, 2026/07/20, 17:44:10.572, 376394470642, vstest.console.dll, TcpClientExtensions.MessageLoopAsync: NotifyDataAvailable remoteEndPoint: 127.0.0.1:55769 localEndPoint: 127.0.0.1:55768
TpTrace Verbose: 0 : 2304, 12, 2026/07/20, 17:44:10.573, 376394475603, vstest.console.dll, TestRequestSender.OnExecutionMessageReceived: Received message: {"Version":7,"MessageType":"TestExecution.StatsChange","Payload":{"NewTestResults":[{"TestCase":{"Id":"0234c310-4ee4-c7eb-a54d-fd2c8e4aedd2","FullyQualifiedName":"SharpMind.Tests.Quantization.HalfToFloatTests.HalfToFloat_Scalar_ReturnsCorrectBits","DisplayName":"SharpMind.Tests.Quantization.HalfToFloatTests.HalfToFloat_Scalar_ReturnsCorrectBits(half: 1024, expectedBits: 947912704, _: \"min normal\")","ExecutorUri":"executor://xunit/VsTestRunner3/netcore/","Source":"C:\\Integral2u\\source\\repos\\SharpMind\\SharpMind.Tests\\bin\\Debug\\net10.0\\SharpMind.Tests.dll","CodeFilePath":null,"LineNumber":0,"Properties":[{"Key":{"Id":"TestCase.ManagedMethod","Label":"ManagedMethod","Category":"","Description":"","Attributes":1,"ValueType":"System.String"},"Value":"HalfToFloat_Scalar_ReturnsCorrectBits"},{"Key":{"Id":"XunitTestCaseUniqueID","Label":"xUnit.net Test Case Unique ID","Category":"","Description":"","Attributes":0,"ValueType":"System.String"},"Value":"106d3079837396d147b40aece941dd31358844f2"},{"Key":{"Id":"XunitTestCaseExplicit","Label":"xUnit.net Test Case Explicit Flag","Category":"","Description":"","Attributes":0,"ValueType":"System.Boolean"},"Value":false},{"Key":{"Id":"TestCase.ManagedType","Label":"ManagedType","Category":"","Description":"","Attributes":1,"ValueType":"System.String"},"Value":"SharpMind.Tests.Quantization.HalfToFloatTests"}]},"Attachments":[],"Outcome":1,"ErrorMessage":null,"ErrorStackTrace":null,"DisplayName":"SharpMind.Tests.Quantization.HalfToFloatTests.HalfToFloat_Scalar_ReturnsCorrectBits(half: 1024, expectedBits: 947912704, _: \"min normal\")","Messages":[],"ComputerName":"LAPTOP-MKMTSO1B","Duration":"00:00:00.0198278","StartTime":"2026-07-20T05:44:10.4496996+00:00","EndTime":"2026-07-20T05:44:10.4881029+00:00","Properties":[]},{"TestCase":{"Id":"a1365717-05be-4b2e-7b75-f4caeb03fbe3","FullyQualifiedName":"SharpMind.Tests.Quantization.HalfToFloatTests.HalfToFloat_Scalar_ReturnsCorrectBits","DisplayName":"SharpMind.Tests.Quantization.HalfToFloatTests.HalfToFloat_Scalar_ReturnsCorrectBits(half: 1, expectedBits: 864026624, _: \"min subnormal\")","ExecutorUri":"executor://xunit/VsTestRunner3/netcore/","Source":"C:\\Integral2u\\source\\repos\\SharpMind\\SharpMind.Tests\\bin\\Debug\\net10.0\\SharpMind.Tests.dll","CodeFilePath":null,"LineNumber":0,"Properties":[{"Key":{"Id":"TestCase.ManagedMethod","Label":"ManagedMethod","Category":"","Description":"","Attributes":1,"ValueType":"System.String"},"Value":"HalfToFloat_Scalar_ReturnsCorrectBits"},{"Key":{"Id":"XunitTestCaseUniqueID","Label":"xUnit.net Test Case Unique ID","Category":"","Description":"","Attributes":0,"ValueType":"System.String"},"Value":"23e1c1dc6ecd77ce55c0a045c5318140e9ca1787"},{"Key":{"Id":"XunitTestCaseExplicit","Label":"xUnit.net Test Case Explicit Flag","Category":"","Description":"","Attributes":0,"ValueType":"System.Boolean"},"Value":false},{"Key":{"Id":"TestCase.ManagedType","Label":"ManagedType","Category":"","Description":"","Attributes":1,"ValueType":"System.String"},"Value":"SharpMind.Tests.Quantization.HalfToFloatTests"}]},"Attachments":[],"Outcome":1,"ErrorMessage":null,"ErrorStackTrace":null,"DisplayName":"SharpMind.Tests.Quantization.HalfToFloatTests.HalfToFloat_Scalar_ReturnsCorrectBits(half: 1, expectedBits: 864026624, _: \"min subnormal\")","Messages":[],"ComputerName":"LAPTOP-MKMTSO1B","Duration":"00:00:00.0006101","StartTime":"2026-07-20T05:44:10.5382583+00:00","EndTime":"2026-07-20T05:44:10.5391131+00:00","Properties":[]},{"TestCase":{"Id":"612f7162-9934-706f-7ab4-d47341d26055","FullyQualifiedName":"SharpMind.Tests.Quantization.HalfToFloatTests.HalfToFloat_Scalar_ReturnsCorrectBits","DisplayName":"SharpMind.Tests.Quantization.HalfToFloatTests.HalfToFloat_Scalar_ReturnsCorrectBits(half: 15360, expectedBits: 1065353216, _: \"1.0\")","ExecutorUri":"executor://xunit/VsTestRunner3/netcore/","Source":"C:\\Integral2u\\source\\repos\\SharpMind\\SharpMind.Tests\\bin\\Debug\\net10.0\\SharpMind.Tests.dll","CodeFilePath":null,"LineNumber":0,"Properties":[{"Key":{"Id":"TestCase.ManagedMethod","Label":"ManagedMethod","Category":"","Description":"","Attributes":1,"ValueType":"System.String"},"Value":"HalfToFloat_Scalar_ReturnsCorrectBits"},{"Key":{"Id":"XunitTestCaseUniqueID","Label":"xUnit.net Test Case Unique ID","Category":"","Description":"","Attributes":0,"ValueType":"System.String"},"Value":"37bd60e6d8dd38bb304618a57e98ca83d29abb3d"},{"Key":{"Id":"XunitTestCaseExplicit","Label":"xUnit.net Test Case Explicit Flag","Category":"","Description":"","Attributes":0,"ValueType":"System.Boolean"},"Value":false},{"Key":{"Id":"TestCase.ManagedType","Label":"ManagedType","Category":"","Description":"","Attributes":1,"ValueType":"System.String"},"Value":"SharpMind.Tests.Quantization.HalfToFloatTests"}]},"Attachments":[],"Outcome":1,"ErrorMessage":null,"ErrorStackTrace":null,"DisplayName":"SharpMind.Tests.Quantization.HalfToFloatTests.HalfToFloat_Scalar_ReturnsCorrectBits(half: 15360, expectedBits: 1065353216, _: \"1.0\")","Messages":[],"ComputerName":"LAPTOP-MKMTSO1B","Duration":"00:00:00.0000197","StartTime":"2026-07-20T05:44:10.5455958+00:00","EndTime":"2026-07-20T05:44:10.5457764+00:00","Properties":[]},{"TestCase":{"Id":"bf81b800-34c2-f423-67b5-34522b50b012","FullyQualifiedName":"SharpMind.Tests.Quantization.HalfToFloatTests.HalfToFloat_Scalar_ReturnsCorrectBits","DisplayName":"SharpMind.Tests.Quantization.HalfToFloatTests.HalfToFloat_Scalar_ReturnsCorrectBits(half: 1023, expectedBits: 947896320, _: \"max subnormal\")","ExecutorUri":"executor://xunit/VsTestRunner3/netcore/","Source":"C:\\Integral2u\\source\\repos\\SharpMind\\SharpMind.Tests\\bin\\Debug\\net10.0\\SharpMind.Tests.dll","CodeFilePath":null,"LineNumber":0,"Properties":[{"Key":{"Id":"TestCase.ManagedMethod","Label":"ManagedMethod","Category":"","Description":"","Attributes":1,"ValueType":"System.String"},"Value":"HalfToFloat_Scalar_ReturnsCorrectBits"},{"Key":{"Id":"XunitTestCaseUniqueID","Label":"xUnit.net Test Case Unique ID","Category":"","Description":"","Attributes":0,"ValueType":"System.String"},"Value":"395efc6a74b39ab746236c457fb5eb75babc758c"},{"Key":{"Id":"XunitTestCaseExplicit","Label":"xUnit.net Test Case Explicit Flag","Category":"","Description":"","Attributes":0,"ValueType":"System.Boolean"},"Value":false},{"Key":{"Id":"TestCase.ManagedType","Label":"ManagedType","Category":"","Description":"","Attributes":1,"ValueType":"System.String"},"Value":"SharpMind.Tests.Quantization.HalfToFloatTests"}]},"Attachments":[],"Outcome":1,"ErrorMessage":null,"ErrorStackTrace":null,"DisplayName":"SharpMind.Tests.Quantization.HalfToFloatTests.HalfToFloat_Scalar_ReturnsCorrectBits(half: 1023, expectedBits: 947896320, _: \"max subnormal\")","Messages":[],"ComputerName":"LAPTOP-MKMTSO1B","Duration":"00:00:00.0000101","StartTime":"2026-07-20T05:44:10.5464884+00:00","EndTime":"2026-07-20T05:44:10.5466547+00:00","Properties":[]},{"TestCase":{"Id":"5fb11e75-c2e5-07d8-7f34-4557303014c2","FullyQualifiedName":"SharpMind.Tests.Quantization.HalfToFloatTests.HalfToFloat_Scalar_ReturnsCorrectBits","DisplayName":"SharpMind.Tests.Quantization.HalfToFloatTests.HalfToFloat_Scalar_ReturnsCorrectBits(half: 32768, expectedBits: 2147483648, _: \"-0\")","ExecutorUri":"executor://xunit/VsTestRunner3/netcore/","Source":"C:\\Integral2u\\source\\repos\\SharpMind\\SharpMind.Tests\\bin\\Debug\\net10.0\\SharpMind.Tests.dll","CodeFilePath":null,"LineNumber":0,"Properties":[{"Key":{"Id":"TestCase.ManagedMethod","Label":"ManagedMethod","Category":"","Description":"","Attributes":1,"ValueType":"System.String"},"Value":"HalfToFloat_Scalar_ReturnsCorrectBits"},{"Key":{"Id":"XunitTestCaseUniqueID","Label":"xUnit.net Test Case Unique ID","Category":"","Description":"","Attributes":0,"ValueType":"System.String"},"Value":"8612f6db2b8605865213c93f114a62b8a8d7fb75"},{"Key":{"Id":"XunitTestCaseExplicit","Label":"xUnit.net Test Case Explicit Flag","Category":"","Description":"","Attributes":0,"ValueType":"System.Boolean"},"Value":false},{"Key":{"Id":"TestCase.ManagedType","Label":"ManagedType","Category":"","Description":"","Attributes":1,"ValueType":"System.String"},"Value":"SharpMind.Tests.Quantization.HalfToFloatTests"}]},"Attachments":[],"Outcome":1,"ErrorMessage":null,"ErrorStackTrace":null,"DisplayName":"SharpMind.Tests.Quantization.HalfToFloatTests.HalfToFloat_Scalar_ReturnsCorrectBits(half: 32768, expectedBits: 2147483648, _: \"-0\")","Messages":[],"ComputerName":"LAPTOP-MKMTSO1B","Duration":"00:00:00.0000100","StartTime":"2026-07-20T05:44:10.5474395+00:00","EndTime":"2026-07-20T05:44:10.5479032+00:00","Properties":[]},{"TestCase":{"Id":"39110929-b75b-2b8d-cb10-b1f20c8b1dd2","FullyQualifiedName":"SharpMind.Tests.Quantization.HalfToFloatTests.HalfToFloat_Scalar_ReturnsCorrectBits","DisplayName":"SharpMind.Tests.Quantization.HalfToFloatTests.HalfToFloat_Scalar_ReturnsCorrectBits(half: 31743, expectedBits: 1199562752, _: \"max normal\")","ExecutorUri":"executor://xunit/VsTestRunner3/netcore/","Source":"C:\\Integral2u\\source\\repos\\SharpMind\\SharpMind.Tests\\bin\\Debug\\net10.0\\SharpMind.Tests.dll","CodeFilePath":null,"LineNumber":0,"Properties":[{"Key":{"Id":"TestCase.ManagedMethod","Label":"ManagedMethod","Category":"","Description":"","Attributes":1,"ValueType":"System.String"},"Value":"HalfToFloat_Scalar_ReturnsCorrectBits"},{"Key":{"Id":"XunitTestCaseUniqueID","Label":"xUnit.net Test Case Unique ID","Category":"","Description":"","Attributes":0,"ValueType":"System.String"},"Value":"87a853189516f34ebcdc56c113c9a5896e2a41e2"},{"Key":{"Id":"XunitTestCaseExplicit","Label":"xUnit.net Test Case Explicit Flag","Category":"","Description":"","Attributes":0,"ValueType":"System.Boolean"},"Value":false},{"Key":{"Id":"TestCase.ManagedType","Label":"ManagedType","Category":"","Description":"","Attributes":1,"ValueType":"System.String"},"Value":"SharpMind.Tests.Quantization.HalfToFloatTests"}]},"Attachments":[],"Outcome":1,"ErrorMessage":null,"ErrorStackTrace":null,"DisplayName":"SharpMind.Tests.Quantization.HalfToFloatTests.HalfToFloat_Scalar_ReturnsCorrectBits(half: 31743, expectedBits: 1199562752, _: \"max normal\")","Messages":[],"ComputerName":"LAPTOP-MKMTSO1B","Duration":"00:00:00.0000294","StartTime":"2026-07-20T05:44:10.5487919+00:00","EndTime":"2026-07-20T05:44:10.5489234+00:00","Properties":[]},{"TestCase":{"Id":"9558e300-5cba-aaad-5cb7-84e178fb498a","FullyQualifiedName":"SharpMind.Tests.Quantization.HalfToFloatTests.HalfToFloat_Scalar_ReturnsCorrectBits","DisplayName":"SharpMind.Tests.Quantization.HalfToFloatTests.HalfToFloat_Scalar_ReturnsCorrectBits(half: 14336, expectedBits: 1056964608, _: \"0.5\")","ExecutorUri":"executor://xunit/VsTestRunner3/netcore/","Source":"C:\\Integral2u\\source\\repos\\SharpMind\\SharpMind.Tests\\bin\\Debug\\net10.0\\SharpMind.Tests.dll","CodeFilePath":null,"LineNumber":0,"Properties":[{"Key":{"Id":"TestCase.ManagedMethod","Label":"ManagedMethod","Category":"","Description":"","Attributes":1,"ValueType":"System.String"},"Value":"HalfToFloat_Scalar_ReturnsCorrectBits"},{"Key":{"Id":"XunitTestCaseUniqueID","Label":"xUnit.net Test Case Unique ID","Category":"","Description":"","Attributes":0,"ValueType":"System.String"},"Value":"88faab731b2d63fc9a145af7071e1e1a68258614"},{"Key":{"Id":"XunitTestCaseExplicit","Label":"xUnit.net Test Case Explicit Flag","Category":"","Description":"","Attributes":0,"ValueType":"System.Boolean"},"Value":false},{"Key":{"Id":"TestCase.ManagedType","Label":"ManagedType","Category":"","Description":"","Attributes":1,"ValueType":"System.String"},"Value":"SharpMind.Tests.Quantization.HalfToFloatTests"}]},"Attachments":[],"Outcome":1,"ErrorMessage":null,"ErrorStackTrace":null,"DisplayName":"SharpMind.Tests.Quantization.HalfToFloatTests.HalfToFloat_Scalar_ReturnsCorrectBits(half: 14336, expectedBits: 1056964608, _: \"0.5\")","Messages":[],"ComputerName":"LAPTOP-MKMTSO1B","Duration":"00:00:00.0000186","StartTime":"2026-07-20T05:44:10.549506+00:00","EndTime":"2026-07-20T05:44:10.549635+00:00","Properties":[]},{"TestCase":{"Id":"f8a4e0c8-b5bd-ed9d-b3f2-1d186b9c095c","FullyQualifiedName":"SharpMind.Tests.Quantization.HalfToFloatTests.HalfToFloat_Scalar_ReturnsCorrectBits","DisplayName":"SharpMind.Tests.Quantization.HalfToFloatTests.HalfToFloat_Scalar_ReturnsCorrectBits(half: 26623, expectedBits: 1157619712, _: \"large normal\")","ExecutorUri":"executor://xunit/VsTestRunner3/netcore/","Source":"C:\\Integral2u\\source\\repos\\SharpMind\\SharpMind.Tests\\bin\\Debug\\net10.0\\SharpMind.Tests.dll","CodeFilePath":null,"LineNumber":0,"Properties":[{"Key":{"Id":"TestCase.ManagedMethod","Label":"ManagedMethod","Category":"","Description":"","Attributes":1,"ValueType":"System.String"},"Value":"HalfToFloat_Scalar_ReturnsCorrectBits"},{"Key":{"Id":"XunitTestCaseUniqueID","Label":"xUnit.net Test Case Unique ID","Category":"","Description":"","Attributes":0,"ValueType":"System.String"},"Value":"940dd5be74a54a364e7e5faa7b4a4be1c48a4299"},{"Key":{"Id":"XunitTestCaseExplicit","Label":"xUnit.net Test Case Explicit Flag","Category":"","Description":"","Attributes":0,"ValueType":"System.Boolean"},"Value":false},{"Key":{"Id":"TestCase.ManagedType","Label":"ManagedType","Category":"","Description":"","Attributes":1,"ValueType":"System.String"},"Value":"SharpMind.Tests.Quantization.HalfToFloatTests"}]},"Attachments":[],"Outcome":1,"ErrorMessage":null,"ErrorStackTrace":null,"DisplayName":"SharpMind.Tests.Quantization.HalfToFloatTests.HalfToFloat_Scalar_ReturnsCorrectBits(half: 26623, expectedBits: 1157619712, _: \"large normal\")","Messages":[],"ComputerName":"LAPTOP-MKMTSO1B","Duration":"00:00:00.0000127","StartTime":"2026-07-20T05:44:10.5502102+00:00","EndTime":"2026-07-20T05:44:10.5515408+00:00","Properties":[]},{"TestCase":{"Id":"8dc7ad9a-1ab5-d626-551e-77bff629aa1a","FullyQualifiedName":"SharpMind.Tests.Quantization.HalfToFloatTests.HalfToFloat_Scalar_ReturnsCorrectBits","DisplayName":"SharpMind.Tests.Quantization.HalfToFloatTests.HalfToFloat_Scalar_ReturnsCorrectBits(half: 16384, expectedBits: 1073741824, _: \"2.0\")","ExecutorUri":"executor://xunit/VsTestRunner3/netcore/","Source":"C:\\Integral2u\\source\\repos\\SharpMind\\SharpMind.Tests\\bin\\Debug\\net10.0\\SharpMind.Tests.dll","CodeFilePath":null,"LineNumber":0,"Properties":[{"Key":{"Id":"TestCase.ManagedMethod","Label":"ManagedMethod","Category":"","Description":"","Attributes":1,"ValueType":"System.String"},"Value":"HalfToFloat_Scalar_ReturnsCorrectBits"},{"Key":{"Id":"XunitTestCaseUniqueID","Label":"xUnit.net Test Case Unique ID","Category":"","Description":"","Attributes":0,"ValueType":"System.String"},"Value":"df84ebe70d56b7e7d4c538e9a69d74e480b0dd80"},{"Key":{"Id":"XunitTestCaseExplicit","Label":"xUnit.net Test Case Explicit Flag","Category":"","Description":"","Attributes":0,"ValueType":"System.Boolean"},"Value":false},{"Key":{"Id":"TestCase.ManagedType","Label":"ManagedType","Category":"","Description":"","Attributes":1,"ValueType":"System.String"},"Value":"SharpMind.Tests.Quantization.HalfToFloatTests"}]},"Attachments":[],"Outcome":1,"ErrorMessage":null,"ErrorStackTrace":null,"DisplayName":"SharpMind.Tests.Quantization.HalfToFloatTests.HalfToFloat_Scalar_ReturnsCorrectBits(half: 16384, expectedBits: 1073741824, _: \"2.0\")","Messages":[],"ComputerName":"LAPTOP-MKMTSO1B","Duration":"00:00:00.0000087","StartTime":"2026-07-20T05:44:10.5522638+00:00","EndTime":"2026-07-20T05:44:10.5524012+00:00","Properties":[]}],"TestRunStatistics":{"ExecutedTests":9,"Stats":{"Passed":9}},"ActiveTests":[{"Id":"29c93075-3ec8-9255-2c02-a1497a2f6928","FullyQualifiedName":"SharpMind.Tests.Quantization.HalfToFloatTests.HalfToFloat_Scalar_ReturnsCorrectBits","DisplayName":"SharpMind.Tests.Quantization.HalfToFloatTests.HalfToFloat_Scalar_ReturnsCorrectBits(half: 48128, expectedBits: 3212836864, _: \"-1.0\")","ExecutorUri":"executor://xunit/VsTestRunner3/netcore/","Source":"C:\\Integral2u\\source\\repos\\SharpMind\\SharpMind.Tests\\bin\\Debug\\net10.0\\SharpMind.Tests.dll","CodeFilePath":null,"LineNumber":0,"Properties":[{"Key":{"Id":"TestCase.ManagedMethod","Label":"ManagedMethod","Category":"","Description":"","Attributes":1,"ValueType":"System.String"},"Value":"HalfToFloat_Scalar_ReturnsCorrectBits"},{"Key":{"Id":"XunitTestCaseUniqueID","Label":"xUnit.net Test Case Unique ID","Category":"","Description":"","Attributes":0,"ValueType":"System.String"},"Value":"e07f7f1d3aa1f343156d065463ffe72864488427"},{"Key":{"Id":"XunitTestCaseExplicit","Label":"xUnit.net Test Case Explicit Flag","Category":"","Description":"","Attributes":0,"ValueType":"System.Boolean"},"Value":false},{"Key":{"Id":"TestCase.ManagedType","Label":"ManagedType","Category":"","Description":"","Attributes":1,"ValueType":"System.String"},"Value":"SharpMind.Tests.Quantization.HalfToFloatTests"}]}]}}
TpTrace Verbose: 0 : 2304, 12, 2026/07/20, 17:44:10.596, 376394710134, vstest.console.dll, TestRunRequest:SendTestRunStatsChange: Starting.
TpTrace Verbose: 0 : 2304, 12, 2026/07/20, 17:44:10.596, 376394711567, vstest.console.dll, InProgress is SharpMind.Tests.Quantization.HalfToFloatTests.HalfToFloat_Scalar_ReturnsCorrectBits(half: 48128, expectedBits: 3212836864, _: "-1.0")
TpTrace Verbose: 0 : 2304, 12, 2026/07/20, 17:44:10.597, 376394715422, vstest.console.dll, MulticastDelegateUtilities.SafeInvoke: TestRun.RunStatsChanged: Invoking callbacks was skipped because there are no subscribers.
TpTrace Information: 0 : 2304, 12, 2026/07/20, 17:44:10.597, 376394716372, vstest.console.dll, TestRunRequest:SendTestRunStatsChange: Completed.
TpTrace Verbose: 0 : 2304, 12, 2026/07/20, 17:44:10.597, 376394717065, vstest.console.dll, MulticastDelegateUtilities.SafeInvoke: LengthPrefixCommunicationChannel: MessageReceived: Invoking callback 1/1 for Microsoft.VisualStudio.TestPlatform.CommunicationUtilities.TestRequestSender+<>c__DisplayClass34_0., took 24 ms.
TpTrace Verbose: 0 : 2304, 12, 2026/07/20, 17:44:10.597, 376394717717, vstest.console.dll, TcpClientExtensions.MessageLoopAsync: Polling on remoteEndPoint: 127.0.0.1:55769 localEndPoint: 127.0.0.1:55768 after 93 ms
TpTrace Verbose: 0 : 2304, 4, 2026/07/20, 17:44:10.601, 376394754727, vstest.console.dll, MulticastDelegateUtilities.SafeInvoke: InternalTestLoggerEvents.SendTestResult: Invoking callback 1/1 for Microsoft.VisualStudio.TestPlatform.CommandLine.Internal.ConsoleLogger., took 3 ms.
TpTrace Verbose: 0 : 2304, 4, 2026/07/20, 17:44:10.602, 376394768841, vstest.console.dll, MulticastDelegateUtilities.SafeInvoke: InternalTestLoggerEvents.SendTestResult: Invoking callback 1/1 for Microsoft.VisualStudio.TestPlatform.CommandLine.Internal.ConsoleLogger., took 0 ms.
TpTrace Verbose: 0 : 2304, 4, 2026/07/20, 17:44:10.602, 376394770403, vstest.console.dll, MulticastDelegateUtilities.SafeInvoke: InternalTestLoggerEvents.SendTestResult: Invoking callback 1/1 for Microsoft.VisualStudio.TestPlatform.CommandLine.Internal.ConsoleLogger., took 0 ms.
TpTrace Verbose: 0 : 2304, 4, 2026/07/20, 17:44:10.602, 376394771360, vstest.console.dll, MulticastDelegateUtilities.SafeInvoke: InternalTestLoggerEvents.SendTestResult: Invoking callback 1/1 for Microsoft.VisualStudio.TestPlatform.CommandLine.Internal.ConsoleLogger., took 0 ms.
TpTrace Verbose: 0 : 2304, 4, 2026/07/20, 17:44:10.602, 376394772244, vstest.console.dll, MulticastDelegateUtilities.SafeInvoke: InternalTestLoggerEvents.SendTestResult: Invoking callback 1/1 for Microsoft.VisualStudio.TestPlatform.CommandLine.Internal.ConsoleLogger., took 0 ms.
TpTrace Verbose: 0 : 2304, 4, 2026/07/20, 17:44:10.602, 376394773153, vstest.console.dll, MulticastDelegateUtilities.SafeInvoke: InternalTestLoggerEvents.SendTestResult: Invoking callback 1/1 for Microsoft.VisualStudio.TestPlatform.CommandLine.Internal.ConsoleLogger., took 0 ms.
TpTrace Verbose: 0 : 2304, 4, 2026/07/20, 17:44:10.602, 376394774000, vstest.console.dll, MulticastDelegateUtilities.SafeInvoke: InternalTestLoggerEvents.SendTestResult: Invoking callback 1/1 for Microsoft.VisualStudio.TestPlatform.CommandLine.Internal.ConsoleLogger., took 0 ms.
TpTrace Verbose: 0 : 2304, 4, 2026/07/20, 17:44:10.603, 376394774873, vstest.console.dll, MulticastDelegateUtilities.SafeInvoke: InternalTestLoggerEvents.SendTestResult: Invoking callback 1/1 for Microsoft.VisualStudio.TestPlatform.CommandLine.Internal.ConsoleLogger., took 0 ms.
TpTrace Verbose: 0 : 2304, 4, 2026/07/20, 17:44:10.603, 376394776173, vstest.console.dll, MulticastDelegateUtilities.SafeInvoke: InternalTestLoggerEvents.SendTestResult: Invoking callback 1/1 for Microsoft.VisualStudio.TestPlatform.CommandLine.Internal.ConsoleLogger., took 0 ms.
TpTrace Verbose: 0 : 2304, 12, 2026/07/20, 17:44:10.615, 376394895705, vstest.console.dll, TcpClientExtensions.MessageLoopAsync: NotifyDataAvailable remoteEndPoint: 127.0.0.1:55769 localEndPoint: 127.0.0.1:55768
TpTrace Verbose: 0 : 2304, 12, 2026/07/20, 17:44:10.615, 376394901127, vstest.console.dll, TestRequestSender.OnExecutionMessageReceived: Received message: {"Version":7,"MessageType":"TestExecution.StatsChange","Payload":{"NewTestResults":[{"TestCase":{"Id":"29c93075-3ec8-9255-2c02-a1497a2f6928","FullyQualifiedName":"SharpMind.Tests.Quantization.HalfToFloatTests.HalfToFloat_Scalar_ReturnsCorrectBits","DisplayName":"SharpMind.Tests.Quantization.HalfToFloatTests.HalfToFloat_Scalar_ReturnsCorrectBits(half: 48128, expectedBits: 3212836864, _: \"-1.0\")","ExecutorUri":"executor://xunit/VsTestRunner3/netcore/","Source":"C:\\Integral2u\\source\\repos\\SharpMind\\SharpMind.Tests\\bin\\Debug\\net10.0\\SharpMind.Tests.dll","CodeFilePath":null,"LineNumber":0,"Properties":[{"Key":{"Id":"TestCase.ManagedMethod","Label":"ManagedMethod","Category":"","Description":"","Attributes":1,"ValueType":"System.String"},"Value":"HalfToFloat_Scalar_ReturnsCorrectBits"},{"Key":{"Id":"XunitTestCaseUniqueID","Label":"xUnit.net Test Case Unique ID","Category":"","Description":"","Attributes":0,"ValueType":"System.String"},"Value":"e07f7f1d3aa1f343156d065463ffe72864488427"},{"Key":{"Id":"XunitTestCaseExplicit","Label":"xUnit.net Test Case Explicit Flag","Category":"","Description":"","Attributes":0,"ValueType":"System.Boolean"},"Value":false},{"Key":{"Id":"TestCase.ManagedType","Label":"ManagedType","Category":"","Description":"","Attributes":1,"ValueType":"System.String"},"Value":"SharpMind.Tests.Quantization.HalfToFloatTests"}]},"Attachments":[],"Outcome":1,"ErrorMessage":null,"ErrorStackTrace":null,"DisplayName":"SharpMind.Tests.Quantization.HalfToFloatTests.HalfToFloat_Scalar_ReturnsCorrectBits(half: 48128, expectedBits: 3212836864, _: \"-1.0\")","Messages":[],"ComputerName":"LAPTOP-MKMTSO1B","Duration":"00:00:00.0000092","StartTime":"2026-07-20T05:44:10.5729163+00:00","EndTime":"2026-07-20T05:44:10.5731016+00:00","Properties":[]},{"TestCase":{"Id":"2056d6db-d4a0-791d-8181-c4c12643a8c6","FullyQualifiedName":"SharpMind.Tests.Quantization.HalfToFloatTests.HalfToFloat_Scalar_ReturnsCorrectBits","DisplayName":"SharpMind.Tests.Quantization.HalfToFloatTests.HalfToFloat_Scalar_ReturnsCorrectBits(half: 6485, expectedBits: 992649216, _: \"arbitrary normal\")","ExecutorUri":"executor://xunit/VsTestRunner3/netcore/","Source":"C:\\Integral2u\\source\\repos\\SharpMind\\SharpMind.Tests\\bin\\Debug\\net10.0\\SharpMind.Tests.dll","CodeFilePath":null,"LineNumber":0,"Properties":[{"Key":{"Id":"TestCase.ManagedMethod","Label":"ManagedMethod","Category":"","Description":"","Attributes":1,"ValueType":"System.String"},"Value":"HalfToFloat_Scalar_ReturnsCorrectBits"},{"Key":{"Id":"XunitTestCaseUniqueID","Label":"xUnit.net Test Case Unique ID","Category":"","Description":"","Attributes":0,"ValueType":"System.String"},"Value":"f48fc543af736d21cdfc5126c7158aa0f59e1b8b"},{"Key":{"Id":"XunitTestCaseExplicit","Label":"xUnit.net Test Case Explicit Flag","Category":"","Description":"","Attributes":0,"ValueType":"System.Boolean"},"Value":false},{"Key":{"Id":"TestCase.ManagedType","Label":"ManagedType","Category":"","Description":"","Attributes":1,"ValueType":"System.String"},"Value":"SharpMind.Tests.Quantization.HalfToFloatTests"}]},"Attachments":[],"Outcome":1,"ErrorMessage":null,"ErrorStackTrace":null,"DisplayName":"SharpMind.Tests.Quantization.HalfToFloatTests.HalfToFloat_Scalar_ReturnsCorrectBits(half: 6485, expectedBits: 992649216, _: \"arbitrary normal\")","Messages":[],"ComputerName":"LAPTOP-MKMTSO1B","Duration":"00:00:00.0000081","StartTime":"2026-07-20T05:44:10.5759974+00:00","EndTime":"2026-07-20T05:44:10.5762159+00:00","Properties":[]},{"TestCase":{"Id":"5d4b66ec-ca45-de57-e643-95add498b0dd","FullyQualifiedName":"SharpMind.Tests.Quantization.HalfToFloatTests.HalfToFloat_Scalar_ReturnsCorrectBits","DisplayName":"SharpMind.Tests.Quantization.HalfToFloatTests.HalfToFloat_Scalar_ReturnsCorrectBits(half: 0, expectedBits: 0, _: \"+0\")","ExecutorUri":"executor://xunit/VsTestRunner3/netcore/","Source":"C:\\Integral2u\\source\\repos\\SharpMind\\SharpMind.Tests\\bin\\Debug\\net10.0\\SharpMind.Tests.dll","CodeFilePath":null,"LineNumber":0,"Properties":[{"Key":{"Id":"TestCase.ManagedMethod","Label":"ManagedMethod","Category":"","Description":"","Attributes":1,"ValueType":"System.String"},"Value":"HalfToFloat_Scalar_ReturnsCorrectBits"},{"Key":{"Id":"XunitTestCaseUniqueID","Label":"xUnit.net Test Case Unique ID","Category":"","Description":"","Attributes":0,"ValueType":"System.String"},"Value":"fe949dac89d455b8aa488ae1bb002b33909d7aed"},{"Key":{"Id":"XunitTestCaseExplicit","Label":"xUnit.net Test Case Explicit Flag","Category":"","Description":"","Attributes":0,"ValueType":"System.Boolean"},"Value":false},{"Key":{"Id":"TestCase.ManagedType","Label":"ManagedType","Category":"","Description":"","Attributes":1,"ValueType":"System.String"},"Value":"SharpMind.Tests.Quantization.HalfToFloatTests"}]},"Attachments":[],"Outcome":1,"ErrorMessage":null,"ErrorStackTrace":null,"DisplayName":"SharpMind.Tests.Quantization.HalfToFloatTests.HalfToFloat_Scalar_ReturnsCorrectBits(half: 0, expectedBits: 0, _: \"+0\")","Messages":[],"ComputerName":"LAPTOP-MKMTSO1B","Duration":"00:00:00.0000070","StartTime":"2026-07-20T05:44:10.578095+00:00","EndTime":"2026-07-20T05:44:10.5782963+00:00","Properties":[]},{"TestCase":{"Id":"d3452a15-131b-dc07-4480-48b8564facfd","FullyQualifiedName":"SharpMind.Tests.Quantization.HalfToFloatTests.FloatToHalf_Scalar_ReturnsCorrectBits","DisplayName":"SharpMind.Tests.Quantization.HalfToFloatTests.FloatToHalf_Scalar_ReturnsCorrectBits(floatBits: 1056964608, expectedHalf: 14336, _: \"0.5\")","ExecutorUri":"executor://xunit/VsTestRunner3/netcore/","Source":"C:\\Integral2u\\source\\repos\\SharpMind\\SharpMind.Tests\\bin\\Debug\\net10.0\\SharpMind.Tests.dll","CodeFilePath":null,"LineNumber":0,"Properties":[{"Key":{"Id":"TestCase.ManagedMethod","Label":"ManagedMethod","Category":"","Description":"","Attributes":1,"ValueType":"System.String"},"Value":"FloatToHalf_Scalar_ReturnsCorrectBits"},{"Key":{"Id":"XunitTestCaseUniqueID","Label":"xUnit.net Test Case Unique ID","Category":"","Description":"","Attributes":0,"ValueType":"System.String"},"Value":"109fe35215da26b51c4fe67c2564240b2e256d94"},{"Key":{"Id":"XunitTestCaseExplicit","Label":"xUnit.net Test Case Explicit Flag","Category":"","Description":"","Attributes":0,"ValueType":"System.Boolean"},"Value":false},{"Key":{"Id":"TestCase.ManagedType","Label":"ManagedType","Category":"","Description":"","Attributes":1,"ValueType":"System.String"},"Value":"SharpMind.Tests.Quantization.HalfToFloatTests"}]},"Attachments":[],"Outcome":1,"ErrorMessage":null,"ErrorStackTrace":null,"DisplayName":"SharpMind.Tests.Quantization.HalfToFloatTests.FloatToHalf_Scalar_ReturnsCorrectBits(floatBits: 1056964608, expectedHalf: 14336, _: \"0.5\")","Messages":[],"ComputerName":"LAPTOP-MKMTSO1B","Duration":"00:00:00.0061376","StartTime":"2026-07-20T05:44:10.5993024+00:00","EndTime":"2026-07-20T05:44:10.5995847+00:00","Properties":[]},{"TestCase":{"Id":"597c1f1c-a696-ec9b-be43-21d25285df22","FullyQualifiedName":"SharpMind.Tests.Quantization.HalfToFloatTests.FloatToHalf_Scalar_ReturnsCorrectBits","DisplayName":"SharpMind.Tests.Quantization.HalfToFloatTests.FloatToHalf_Scalar_ReturnsCorrectBits(floatBits: 1199562752, expectedHalf: 31743, _: \"max normal\")","ExecutorUri":"executor://xunit/VsTestRunner3/netcore/","Source":"C:\\Integral2u\\source\\repos\\SharpMind\\SharpMind.Tests\\bin\\Debug\\net10.0\\SharpMind.Tests.dll","CodeFilePath":null,"LineNumber":0,"Properties":[{"Key":{"Id":"TestCase.ManagedMethod","Label":"ManagedMethod","Category":"","Description":"","Attributes":1,"ValueType":"System.String"},"Value":"FloatToHalf_Scalar_ReturnsCorrectBits"},{"Key":{"Id":"XunitTestCaseUniqueID","Label":"xUnit.net Test Case Unique ID","Category":"","Description":"","Attributes":0,"ValueType":"System.String"},"Value":"2976298ea566596402972114d8d788f19ad3955b"},{"Key":{"Id":"XunitTestCaseExplicit","Label":"xUnit.net Test Case Explicit Flag","Category":"","Description":"","Attributes":0,"ValueType":"System.Boolean"},"Value":false},{"Key":{"Id":"TestCase.ManagedType","Label":"ManagedType","Category":"","Description":"","Attributes":1,"ValueType":"System.String"},"Value":"SharpMind.Tests.Quantization.HalfToFloatTests"}]},"Attachments":[],"Outcome":1,"ErrorMessage":null,"ErrorStackTrace":null,"DisplayName":"SharpMind.Tests.Quantization.HalfToFloatTests.FloatToHalf_Scalar_ReturnsCorrectBits(floatBits: 1199562752, expectedHalf: 31743, _: \"max normal\")","Messages":[],"ComputerName":"LAPTOP-MKMTSO1B","Duration":"00:00:00.0006187","StartTime":"2026-07-20T05:44:10.6016296+00:00","EndTime":"2026-07-20T05:44:10.6017955+00:00","Properties":[]},{"TestCase":{"Id":"a9a19ba9-3728-34e4-c824-64df27ec2b02","FullyQualifiedName":"SharpMind.Tests.Quantization.HalfToFloatTests.FloatToHalf_Scalar_ReturnsCorrectBits","DisplayName":"SharpMind.Tests.Quantization.HalfToFloatTests.FloatToHalf_Scalar_ReturnsCorrectBits(floatBits: 2147483648, expectedHalf: 32768, _: \"-0\")","ExecutorUri":"executor://xunit/VsTestRunner3/netcore/","Source":"C:\\Integral2u\\source\\repos\\SharpMind\\SharpMind.Tests\\bin\\Debug\\net10.0\\SharpMind.Tests.dll","CodeFilePath":null,"LineNumber":0,"Properties":[{"Key":{"Id":"TestCase.ManagedMethod","Label":"ManagedMethod","Category":"","Description":"","Attributes":1,"ValueType":"System.String"},"Value":"FloatToHalf_Scalar_ReturnsCorrectBits"},{"Key":{"Id":"XunitTestCaseUniqueID","Label":"xUnit.net Test Case Unique ID","Category":"","Description":"","Attributes":0,"ValueType":"System.String"},"Value":"56c3f9029f0ffcc2477123f08dc7b066c033ac04"},{"Key":{"Id":"XunitTestCaseExplicit","Label":"xUnit.net Test Case Explicit Flag","Category":"","Description":"","Attributes":0,"ValueType":"System.Boolean"},"Value":false},{"Key":{"Id":"TestCase.ManagedType","Label":"ManagedType","Category":"","Description":"","Attributes":1,"ValueType":"System.String"},"Value":"SharpMind.Tests.Quantization.HalfToFloatTests"}]},"Attachments":[],"Outcome":1,"ErrorMessage":null,"ErrorStackTrace":null,"DisplayName":"SharpMind.Tests.Quantization.HalfToFloatTests.FloatToHalf_Scalar_ReturnsCorrectBits(floatBits: 2147483648, expectedHalf: 32768, _: \"-0\")","Messages":[],"ComputerName":"LAPTOP-MKMTSO1B","Duration":"00:00:00.0000177","StartTime":"2026-07-20T05:44:10.60247+00:00","EndTime":"2026-07-20T05:44:10.602603+00:00","Properties":[]},{"TestCase":{"Id":"feee4a3d-e019-660e-9802-9f87b8b1e5ce","FullyQualifiedName":"SharpMind.Tests.Quantization.HalfToFloatTests.FloatToHalf_Scalar_ReturnsCorrectBits","DisplayName":"SharpMind.Tests.Quantization.HalfToFloatTests.FloatToHalf_Scalar_ReturnsCorrectBits(floatBits: 1073741824, expectedHalf: 16384, _: \"2.0\")","ExecutorUri":"executor://xunit/VsTestRunner3/netcore/","Source":"C:\\Integral2u\\source\\repos\\SharpMind\\SharpMind.Tests\\bin\\Debug\\net10.0\\SharpMind.Tests.dll","CodeFilePath":null,"LineNumber":0,"Properties":[{"Key":{"Id":"TestCase.ManagedMethod","Label":"ManagedMethod","Category":"","Description":"","Attributes":1,"ValueType":"System.String"},"Value":"FloatToHalf_Scalar_ReturnsCorrectBits"},{"Key":{"Id":"XunitTestCaseUniqueID","Label":"xUnit.net Test Case Unique ID","Category":"","Description":"","Attributes":0,"ValueType":"System.String"},"Value":"6b8bad8823a01a2092d79ad40a1adc1906ba2aba"},{"Key":{"Id":"XunitTestCaseExplicit","Label":"xUnit.net Test Case Explicit Flag","Category":"","Description":"","Attributes":0,"ValueType":"System.Boolean"},"Value":false},{"Key":{"Id":"TestCase.ManagedType","Label":"ManagedType","Category":"","Description":"","Attributes":1,"ValueType":"System.String"},"Value":"SharpMind.Tests.Quantization.HalfToFloatTests"}]},"Attachments":[],"Outcome":1,"ErrorMessage":null,"ErrorStackTrace":null,"DisplayName":"SharpMind.Tests.Quantization.HalfToFloatTests.FloatToHalf_Scalar_ReturnsCorrectBits(floatBits: 1073741824, expectedHalf: 16384, _: \"2.0\")","Messages":[],"ComputerName":"LAPTOP-MKMTSO1B","Duration":"00:00:00.0000090","StartTime":"2026-07-20T05:44:10.6031811+00:00","EndTime":"2026-07-20T05:44:10.6033762+00:00","Properties":[]},{"TestCase":{"Id":"0fcc7805-11b5-a008-31f7-9bcf33fa9a55","FullyQualifiedName":"SharpMind.Tests.Quantization.HalfToFloatTests.FloatToHalf_Scalar_ReturnsCorrectBits","DisplayName":"SharpMind.Tests.Quantization.HalfToFloatTests.FloatToHalf_Scalar_ReturnsCorrectBits(floatBits: 3212836864, expectedHalf: 48128, _: \"-1.0\")","ExecutorUri":"executor://xunit/VsTestRunner3/netcore/","Source":"C:\\Integral2u\\source\\repos\\SharpMind\\SharpMind.Tests\\bin\\Debug\\net10.0\\SharpMind.Tests.dll","CodeFilePath":null,"LineNumber":0,"Properties":[{"Key":{"Id":"TestCase.ManagedMethod","Label":"ManagedMethod","Category":"","Description":"","Attributes":1,"ValueType":"System.String"},"Value":"FloatToHalf_Scalar_ReturnsCorrectBits"},{"Key":{"Id":"XunitTestCaseUniqueID","Label":"xUnit.net Test Case Unique ID","Category":"","Description":"","Attributes":0,"ValueType":"System.String"},"Value":"ecdf0961827b76d1a4329fcbcbd36ef140b74920"},{"Key":{"Id":"XunitTestCaseExplicit","Label":"xUnit.net Test Case Explicit Flag","Category":"","Description":"","Attributes":0,"ValueType":"System.Boolean"},"Value":false},{"Key":{"Id":"TestCase.ManagedType","Label":"ManagedType","Category":"","Description":"","Attributes":1,"ValueType":"System.String"},"Value":"SharpMind.Tests.Quantization.HalfToFloatTests"}]},"Attachments":[],"Outcome":1,"ErrorMessage":null,"ErrorStackTrace":null,"DisplayName":"SharpMind.Tests.Quantization.HalfToFloatTests.FloatToHalf_Scalar_ReturnsCorrectBits(floatBits: 3212836864, expectedHalf: 48128, _: \"-1.0\")","Messages":[],"ComputerName":"LAPTOP-MKMTSO1B","Duration":"00:00:00.0000090","StartTime":"2026-07-20T05:44:10.6041664+00:00","EndTime":"2026-07-20T05:44:10.6043954+00:00","Properties":[]},{"TestCase":{"Id":"f1e933d4-3617-8dec-4505-f09d45e7f280","FullyQualifiedName":"SharpMind.Tests.Quantization.HalfToFloatTests.FloatToHalf_Scalar_ReturnsCorrectBits","DisplayName":"SharpMind.Tests.Quantization.HalfToFloatTests.FloatToHalf_Scalar_ReturnsCorrectBits(floatBits: 1065353216, expectedHalf: 15360, _: \"1.0\")","ExecutorUri":"executor://xunit/VsTestRunner3/netcore/","Source":"C:\\Integral2u\\source\\repos\\SharpMind\\SharpMind.Tests\\bin\\Debug\\net10.0\\SharpMind.Tests.dll","CodeFilePath":null,"LineNumber":0,"Properties":[{"Key":{"Id":"TestCase.ManagedMethod","Label":"ManagedMethod","Category":"","Description":"","Attributes":1,"ValueType":"System.String"},"Value":"FloatToHalf_Scalar_ReturnsCorrectBits"},{"Key":{"Id":"XunitTestCaseUniqueID","Label":"xUnit.net Test Case Unique ID","Category":"","Description":"","Attributes":0,"ValueType":"System.String"},"Value":"ed0e068defec269c78b8a929bdc810b3f221e812"},{"Key":{"Id":"XunitTestCaseExplicit","Label":"xUnit.net Test Case Explicit Flag","Category":"","Description":"","Attributes":0,"ValueType":"System.Boolean"},"Value":false},{"Key":{"Id":"TestCase.ManagedType","Label":"ManagedType","Category":"","Description":"","Attributes":1,"ValueType":"System.String"},"Value":"SharpMind.Tests.Quantization.HalfToFloatTests"}]},"Attachments":[],"Outcome":1,"ErrorMessage":null,"ErrorStackTrace":null,"DisplayName":"SharpMind.Tests.Quantization.HalfToFloatTests.FloatToHalf_Scalar_ReturnsCorrectBits(floatBits: 1065353216, expectedHalf: 15360, _: \"1.0\")","Messages":[],"ComputerName":"LAPTOP-MKMTSO1B","Duration":"00:00:00.0000116","StartTime":"2026-07-20T05:44:10.6056113+00:00","EndTime":"2026-07-20T05:44:10.6058098+00:00","Properties":[]}],"TestRunStatistics":{"ExecutedTests":18,"Stats":{"Passed":18}},"ActiveTests":[{"Id":"d92bcd04-c599-1ab8-ee6a-4c39e5ec1773","FullyQualifiedName":"SharpMind.Tests.Quantization.HalfToFloatTests.FloatToHalf_Scalar_ReturnsCorrectBits","DisplayName":"SharpMind.Tests.Quantization.HalfToFloatTests.FloatToHalf_Scalar_ReturnsCorrectBits(floatBits: 0, expectedHalf: 0, _: \"+0\")","ExecutorUri":"executor://xunit/VsTestRunner3/netcore/","Source":"C:\\Integral2u\\source\\repos\\SharpMind\\SharpMind.Tests\\bin\\Debug\\net10.0\\SharpMind.Tests.dll","CodeFilePath":null,"LineNumber":0,"Properties":[{"Key":{"Id":"TestCase.ManagedMethod","Label":"ManagedMethod","Category":"","Description":"","Attributes":1,"ValueType":"System.String"},"Value":"FloatToHalf_Scalar_ReturnsCorrectBits"},{"Key":{"Id":"XunitTestCaseUniqueID","Label":"xUnit.net Test Case Unique ID","Category":"","Description":"","Attributes":0,"ValueType":"System.String"},"Value":"f98f8aff0a61c436f9a0012b9c605e267655624b"},{"Key":{"Id":"XunitTestCaseExplicit","Label":"xUnit.net Test Case Explicit Flag","Category":"","Description":"","Attributes":0,"ValueType":"System.Boolean"},"Value":false},{"Key":{"Id":"TestCase.ManagedType","Label":"ManagedType","Category":"","Description":"","Attributes":1,"ValueType":"System.String"},"Value":"SharpMind.Tests.Quantization.HalfToFloatTests"}]}]}}
TpTrace Verbose: 0 : 2304, 12, 2026/07/20, 17:44:10.622, 376394968351, vstest.console.dll, TestRunRequest:SendTestRunStatsChange: Starting.
TpTrace Verbose: 0 : 2304, 12, 2026/07/20, 17:44:10.622, 376394969349, vstest.console.dll, InProgress is SharpMind.Tests.Quantization.HalfToFloatTests.FloatToHalf_Scalar_ReturnsCorrectBits(floatBits: 0, expectedHalf: 0, _: "+0")
TpTrace Verbose: 0 : 2304, 12, 2026/07/20, 17:44:10.622, 376394970275, vstest.console.dll, MulticastDelegateUtilities.SafeInvoke: TestRun.RunStatsChanged: Invoking callbacks was skipped because there are no subscribers.
TpTrace Information: 0 : 2304, 12, 2026/07/20, 17:44:10.622, 376394970816, vstest.console.dll, TestRunRequest:SendTestRunStatsChange: Completed.
TpTrace Verbose: 0 : 2304, 4, 2026/07/20, 17:44:10.622, 376394970877, vstest.console.dll, MulticastDelegateUtilities.SafeInvoke: InternalTestLoggerEvents.SendTestResult: Invoking callback 1/1 for Microsoft.VisualStudio.TestPlatform.CommandLine.Internal.ConsoleLogger., took 0 ms.
TpTrace Verbose: 0 : 2304, 12, 2026/07/20, 17:44:10.622, 376394971441, vstest.console.dll, MulticastDelegateUtilities.SafeInvoke: LengthPrefixCommunicationChannel: MessageReceived: Invoking callback 1/1 for Microsoft.VisualStudio.TestPlatform.CommunicationUtilities.TestRequestSender+<>c__DisplayClass34_0., took 7 ms.
TpTrace Verbose: 0 : 2304, 4, 2026/07/20, 17:44:10.622, 376394972351, vstest.console.dll, MulticastDelegateUtilities.SafeInvoke: InternalTestLoggerEvents.SendTestResult: Invoking callback 1/1 for Microsoft.VisualStudio.TestPlatform.CommandLine.Internal.ConsoleLogger., took 0 ms.
TpTrace Verbose: 0 : 2304, 12, 2026/07/20, 17:44:10.622, 376394972686, vstest.console.dll, TcpClientExtensions.MessageLoopAsync: Polling on remoteEndPoint: 127.0.0.1:55769 localEndPoint: 127.0.0.1:55768 after 25 ms
TpTrace Verbose: 0 : 2304, 4, 2026/07/20, 17:44:10.622, 376394973685, vstest.console.dll, MulticastDelegateUtilities.SafeInvoke: InternalTestLoggerEvents.SendTestResult: Invoking callback 1/1 for Microsoft.VisualStudio.TestPlatform.CommandLine.Internal.ConsoleLogger., took 0 ms.
TpTrace Verbose: 0 : 2304, 4, 2026/07/20, 17:44:10.623, 376394975053, vstest.console.dll, MulticastDelegateUtilities.SafeInvoke: InternalTestLoggerEvents.SendTestResult: Invoking callback 1/1 for Microsoft.VisualStudio.TestPlatform.CommandLine.Internal.ConsoleLogger., took 0 ms.
TpTrace Verbose: 0 : 2304, 4, 2026/07/20, 17:44:10.623, 376394976037, vstest.console.dll, MulticastDelegateUtilities.SafeInvoke: InternalTestLoggerEvents.SendTestResult: Invoking callback 1/1 for Microsoft.VisualStudio.TestPlatform.CommandLine.Internal.ConsoleLogger., took 0 ms.
TpTrace Verbose: 0 : 2304, 4, 2026/07/20, 17:44:10.623, 376394976892, vstest.console.dll, MulticastDelegateUtilities.SafeInvoke: InternalTestLoggerEvents.SendTestResult: Invoking callback 1/1 for Microsoft.VisualStudio.TestPlatform.CommandLine.Internal.ConsoleLogger., took 0 ms.
TpTrace Verbose: 0 : 2304, 4, 2026/07/20, 17:44:10.623, 376394977716, vstest.console.dll, MulticastDelegateUtilities.SafeInvoke: InternalTestLoggerEvents.SendTestResult: Invoking callback 1/1 for Microsoft.VisualStudio.TestPlatform.CommandLine.Internal.ConsoleLogger., took 0 ms.
TpTrace Verbose: 0 : 2304, 4, 2026/07/20, 17:44:10.623, 376394978667, vstest.console.dll, MulticastDelegateUtilities.SafeInvoke: InternalTestLoggerEvents.SendTestResult: Invoking callback 1/1 for Microsoft.VisualStudio.TestPlatform.CommandLine.Internal.ConsoleLogger., took 0 ms.
TpTrace Verbose: 0 : 2304, 4, 2026/07/20, 17:44:10.623, 376394979669, vstest.console.dll, MulticastDelegateUtilities.SafeInvoke: InternalTestLoggerEvents.SendTestResult: Invoking callback 1/1 for Microsoft.VisualStudio.TestPlatform.CommandLine.Internal.ConsoleLogger., took 0 ms.
TpTrace Verbose: 0 : 2304, 12, 2026/07/20, 17:44:10.649, 376395234478, vstest.console.dll, TcpClientExtensions.MessageLoopAsync: NotifyDataAvailable remoteEndPoint: 127.0.0.1:55769 localEndPoint: 127.0.0.1:55768
TpTrace Verbose: 0 : 2304, 12, 2026/07/20, 17:44:10.649, 376395240405, vstest.console.dll, TestRequestSender.OnExecutionMessageReceived: Received message: {"Version":7,"MessageType":"TestExecution.StatsChange","Payload":{"NewTestResults":[{"TestCase":{"Id":"d92bcd04-c599-1ab8-ee6a-4c39e5ec1773","FullyQualifiedName":"SharpMind.Tests.Quantization.HalfToFloatTests.FloatToHalf_Scalar_ReturnsCorrectBits","DisplayName":"SharpMind.Tests.Quantization.HalfToFloatTests.FloatToHalf_Scalar_ReturnsCorrectBits(floatBits: 0, expectedHalf: 0, _: \"+0\")","ExecutorUri":"executor://xunit/VsTestRunner3/netcore/","Source":"C:\\Integral2u\\source\\repos\\SharpMind\\SharpMind.Tests\\bin\\Debug\\net10.0\\SharpMind.Tests.dll","CodeFilePath":null,"LineNumber":0,"Properties":[{"Key":{"Id":"TestCase.ManagedMethod","Label":"ManagedMethod","Category":"","Description":"","Attributes":1,"ValueType":"System.String"},"Value":"FloatToHalf_Scalar_ReturnsCorrectBits"},{"Key":{"Id":"XunitTestCaseUniqueID","Label":"xUnit.net Test Case Unique ID","Category":"","Description":"","Attributes":0,"ValueType":"System.String"},"Value":"f98f8aff0a61c436f9a0012b9c605e267655624b"},{"Key":{"Id":"XunitTestCaseExplicit","Label":"xUnit.net Test Case Explicit Flag","Category":"","Description":"","Attributes":0,"ValueType":"System.Boolean"},"Value":false},{"Key":{"Id":"TestCase.ManagedType","Label":"ManagedType","Category":"","Description":"","Attributes":1,"ValueType":"System.String"},"Value":"SharpMind.Tests.Quantization.HalfToFloatTests"}]},"Attachments":[],"Outcome":1,"ErrorMessage":null,"ErrorStackTrace":null,"DisplayName":"SharpMind.Tests.Quantization.HalfToFloatTests.FloatToHalf_Scalar_ReturnsCorrectBits(floatBits: 0, expectedHalf: 0, _: \"+0\")","Messages":[],"ComputerName":"LAPTOP-MKMTSO1B","Duration":"00:00:00.0000095","StartTime":"2026-07-20T05:44:10.6156323+00:00","EndTime":"2026-07-20T05:44:10.6159812+00:00","Properties":[]},{"TestCase":{"Id":"412fbbb3-99c4-a0a8-8150-cb06a44563c8","FullyQualifiedName":"SharpMind.Tests.Quantization.HalfToFloatTests.HalfToFloat_F16C_SubnormalRoundTripBoundary","DisplayName":"SharpMind.Tests.Quantization.HalfToFloatTests.HalfToFloat_F16C_SubnormalRoundTripBoundary","ExecutorUri":"executor://xunit/VsTestRunner3/netcore/","Source":"C:\\Integral2u\\source\\repos\\SharpMind\\SharpMind.Tests\\bin\\Debug\\net10.0\\SharpMind.Tests.dll","CodeFilePath":null,"LineNumber":0,"Properties":[{"Key":{"Id":"TestCase.ManagedMethod","Label":"ManagedMethod","Category":"","Description":"","Attributes":1,"ValueType":"System.String"},"Value":"HalfToFloat_F16C_SubnormalRoundTripBoundary"},{"Key":{"Id":"XunitTestCaseUniqueID","Label":"xUnit.net Test Case Unique ID","Category":"","Description":"","Attributes":0,"ValueType":"System.String"},"Value":"179a743474cb6f34d7f4ecf1795d62889148985f"},{"Key":{"Id":"XunitTestCaseExplicit","Label":"xUnit.net Test Case Explicit Flag","Category":"","Description":"","Attributes":0,"ValueType":"System.Boolean"},"Value":false},{"Key":{"Id":"TestCase.ManagedType","Label":"ManagedType","Category":"","Description":"","Attributes":1,"ValueType":"System.String"},"Value":"SharpMind.Tests.Quantization.HalfToFloatTests"}]},"Attachments":[],"Outcome":1,"ErrorMessage":null,"ErrorStackTrace":null,"DisplayName":"SharpMind.Tests.Quantization.HalfToFloatTests.HalfToFloat_F16C_SubnormalRoundTripBoundary","Messages":[],"ComputerName":"LAPTOP-MKMTSO1B","Duration":"00:00:00.0026535","StartTime":"2026-07-20T05:44:10.6189329+00:00","EndTime":"2026-07-20T05:44:10.6191282+00:00","Properties":[]},{"TestCase":{"Id":"664536ae-143b-9827-cb7e-d54d694232fd","FullyQualifiedName":"SharpMind.Tests.Quantization.HalfToFloatTests.FloatToHalf_F16C_Zero","DisplayName":"SharpMind.Tests.Quantization.HalfToFloatTests.FloatToHalf_F16C_Zero","ExecutorUri":"executor://xunit/VsTestRunner3/netcore/","Source":"C:\\Integral2u\\source\\repos\\SharpMind\\SharpMind.Tests\\bin\\Debug\\net10.0\\SharpMind.Tests.dll","CodeFilePath":null,"LineNumber":0,"Properties":[{"Key":{"Id":"TestCase.ManagedMethod","Label":"ManagedMethod","Category":"","Description":"","Attributes":1,"ValueType":"System.String"},"Value":"FloatToHalf_F16C_Zero"},{"Key":{"Id":"XunitTestCaseUniqueID","Label":"xUnit.net Test Case Unique ID","Category":"","Description":"","Attributes":0,"ValueType":"System.String"},"Value":"23afe9964b438f061ddb483bcc99ccf1cca0cfd5"},{"Key":{"Id":"XunitTestCaseExplicit","Label":"xUnit.net Test Case Explicit Flag","Category":"","Description":"","Attributes":0,"ValueType":"System.Boolean"},"Value":false},{"Key":{"Id":"TestCase.ManagedType","Label":"ManagedType","Category":"","Description":"","Attributes":1,"ValueType":"System.String"},"Value":"SharpMind.Tests.Quantization.HalfToFloatTests"}]},"Attachments":[],"Outcome":1,"ErrorMessage":null,"ErrorStackTrace":null,"DisplayName":"SharpMind.Tests.Quantization.HalfToFloatTests.FloatToHalf_F16C_Zero","Messages":[],"ComputerName":"LAPTOP-MKMTSO1B","Duration":"00:00:00.0074475","StartTime":"2026-07-20T05:44:10.6202446+00:00","EndTime":"2026-07-20T05:44:10.6215955+00:00","Properties":[]},{"TestCase":{"Id":"d12040e6-9ea3-3b28-d042-bd67b674834d","FullyQualifiedName":"SharpMind.Tests.Quantization.HalfToFloatTests.FloatToHalf_F16C_NaN","DisplayName":"SharpMind.Tests.Quantization.HalfToFloatTests.FloatToHalf_F16C_NaN","ExecutorUri":"executor://xunit/VsTestRunner3/netcore/","Source":"C:\\Integral2u\\source\\repos\\SharpMind\\SharpMind.Tests\\bin\\Debug\\net10.0\\SharpMind.Tests.dll","CodeFilePath":null,"LineNumber":0,"Properties":[{"Key":{"Id":"TestCase.ManagedMethod","Label":"ManagedMethod","Category":"","Description":"","Attributes":1,"ValueType":"System.String"},"Value":"FloatToHalf_F16C_NaN"},{"Key":{"Id":"XunitTestCaseUniqueID","Label":"xUnit.net Test Case Unique ID","Category":"","Description":"","Attributes":0,"ValueType":"System.String"},"Value":"5c31d6b4769841fb40c413d474079628480bfa2e"},{"Key":{"Id":"XunitTestCaseExplicit","Label":"xUnit.net Test Case Explicit Flag","Category":"","Description":"","Attributes":0,"ValueType":"System.Boolean"},"Value":false},{"Key":{"Id":"TestCase.ManagedType","Label":"ManagedType","Category":"","Description":"","Attributes":1,"ValueType":"System.String"},"Value":"SharpMind.Tests.Quantization.HalfToFloatTests"}]},"Attachments":[],"Outcome":1,"ErrorMessage":null,"ErrorStackTrace":null,"DisplayName":"SharpMind.Tests.Quantization.HalfToFloatTests.FloatToHalf_F16C_NaN","Messages":[],"ComputerName":"LAPTOP-MKMTSO1B","Duration":"00:00:00.0022757","StartTime":"2026-07-20T05:44:10.6225259+00:00","EndTime":"2026-07-20T05:44:10.6226737+00:00","Properties":[]},{"TestCase":{"Id":"e75a2f97-19f5-12a4-4d9c-1f44cf8a32e3","FullyQualifiedName":"SharpMind.Tests.Quantization.HalfToFloatTests.FloatToHalf_F16C_Infinity","DisplayName":"SharpMind.Tests.Quantization.HalfToFloatTests.FloatToHalf_F16C_Infinity","ExecutorUri":"executor://xunit/VsTestRunner3/netcore/","Source":"C:\\Integral2u\\source\\repos\\SharpMind\\SharpMind.Tests\\bin\\Debug\\net10.0\\SharpMind.Tests.dll","CodeFilePath":null,"LineNumber":0,"Properties":[{"Key":{"Id":"TestCase.ManagedMethod","Label":"ManagedMethod","Category":"","Description":"","Attributes":1,"ValueType":"System.String"},"Value":"FloatToHalf_F16C_Infinity"},{"Key":{"Id":"XunitTestCaseUniqueID","Label":"xUnit.net Test Case Unique ID","Category":"","Description":"","Attributes":0,"ValueType":"System.String"},"Value":"74f0e20cc7480c9b4a6595091f45d95de33e2f85"},{"Key":{"Id":"XunitTestCaseExplicit","Label":"xUnit.net Test Case Explicit Flag","Category":"","Description":"","Attributes":0,"ValueType":"System.Boolean"},"Value":false},{"Key":{"Id":"TestCase.ManagedType","Label":"ManagedType","Category":"","Description":"","Attributes":1,"ValueType":"System.String"},"Value":"SharpMind.Tests.Quantization.HalfToFloatTests"}]},"Attachments":[],"Outcome":1,"ErrorMessage":null,"ErrorStackTrace":null,"DisplayName":"SharpMind.Tests.Quantization.HalfToFloatTests.FloatToHalf_F16C_Infinity","Messages":[],"ComputerName":"LAPTOP-MKMTSO1B","Duration":"00:00:00.0002715","StartTime":"2026-07-20T05:44:10.6235023+00:00","EndTime":"2026-07-20T05:44:10.6236504+00:00","Properties":[]},{"TestCase":{"Id":"d0495b80-956a-3d00-513a-ce7c69cfa693","FullyQualifiedName":"SharpMind.Tests.Quantization.HalfToFloatTests.HalfToFloat_F16C_Infinity","DisplayName":"SharpMind.Tests.Quantization.HalfToFloatTests.HalfToFloat_F16C_Infinity","ExecutorUri":"executor://xunit/VsTestRunner3/netcore/","Source":"C:\\Integral2u\\source\\repos\\SharpMind\\SharpMind.Tests\\bin\\Debug\\net10.0\\SharpMind.Tests.dll","CodeFilePath":null,"LineNumber":0,"Properties":[{"Key":{"Id":"TestCase.ManagedMethod","Label":"ManagedMethod","Category":"","Description":"","Attributes":1,"ValueType":"System.String"},"Value":"HalfToFloat_F16C_Infinity"},{"Key":{"Id":"XunitTestCaseUniqueID","Label":"xUnit.net Test Case Unique ID","Category":"","Description":"","Attributes":0,"ValueType":"System.String"},"Value":"d37e8f3199290ca9888071415c3072adca208d0c"},{"Key":{"Id":"XunitTestCaseExplicit","Label":"xUnit.net Test Case Explicit Flag","Category":"","Description":"","Attributes":0,"ValueType":"System.Boolean"},"Value":false},{"Key":{"Id":"TestCase.ManagedType","Label":"ManagedType","Category":"","Description":"","Attributes":1,"ValueType":"System.String"},"Value":"SharpMind.Tests.Quantization.HalfToFloatTests"}]},"Attachments":[],"Outcome":1,"ErrorMessage":null,"ErrorStackTrace":null,"DisplayName":"SharpMind.Tests.Quantization.HalfToFloatTests.HalfToFloat_F16C_Infinity","Messages":[],"ComputerName":"LAPTOP-MKMTSO1B","Duration":"00:00:00.0002471","StartTime":"2026-07-20T05:44:10.6244499+00:00","EndTime":"2026-07-20T05:44:10.6245994+00:00","Properties":[]},{"TestCase":{"Id":"2676559b-5aba-cc34-b252-1046a582fc30","FullyQualifiedName":"SharpMind.Tests.Quantization.HalfToFloatTests.HalfToFloat_F16C_NaN","DisplayName":"SharpMind.Tests.Quantization.HalfToFloatTests.HalfToFloat_F16C_NaN","ExecutorUri":"executor://xunit/VsTestRunner3/netcore/","Source":"C:\\Integral2u\\source\\repos\\SharpMind\\SharpMind.Tests\\bin\\Debug\\net10.0\\SharpMind.Tests.dll","CodeFilePath":null,"LineNumber":0,"Properties":[{"Key":{"Id":"TestCase.ManagedMethod","Label":"ManagedMethod","Category":"","Description":"","Attributes":1,"ValueType":"System.String"},"Value":"HalfToFloat_F16C_NaN"},{"Key":{"Id":"XunitTestCaseUniqueID","Label":"xUnit.net Test Case Unique ID","Category":"","Description":"","Attributes":0,"ValueType":"System.String"},"Value":"ec707b43dc9cb65d6f67b02e0cff76f907b141b8"},{"Key":{"Id":"XunitTestCaseExplicit","Label":"xUnit.net Test Case Explicit Flag","Category":"","Description":"","Attributes":0,"ValueType":"System.Boolean"},"Value":false},{"Key":{"Id":"TestCase.ManagedType","Label":"ManagedType","Category":"","Description":"","Attributes":1,"ValueType":"System.String"},"Value":"SharpMind.Tests.Quantization.HalfToFloatTests"}]},"Attachments":[],"Outcome":1,"ErrorMessage":null,"ErrorStackTrace":null,"DisplayName":"SharpMind.Tests.Quantization.HalfToFloatTests.HalfToFloat_F16C_NaN","Messages":[],"ComputerName":"LAPTOP-MKMTSO1B","Duration":"00:00:00.0003518","StartTime":"2026-07-20T05:44:10.6274359+00:00","EndTime":"2026-07-20T05:44:10.6275911+00:00","Properties":[]},{"TestCase":{"Id":"3c1097d8-12c5-37d0-844a-4a08087c4078","FullyQualifiedName":"SharpMind.Tests.Quantization.HalfToFloatTests.HalfToFloat_F16C_BulkOrdering","DisplayName":"SharpMind.Tests.Quantization.HalfToFloatTests.HalfToFloat_F16C_BulkOrdering","ExecutorUri":"executor://xunit/VsTestRunner3/netcore/","Source":"C:\\Integral2u\\source\\repos\\SharpMind\\SharpMind.Tests\\bin\\Debug\\net10.0\\SharpMind.Tests.dll","CodeFilePath":null,"LineNumber":0,"Properties":[{"Key":{"Id":"TestCase.ManagedMethod","Label":"ManagedMethod","Category":"","Description":"","Attributes":1,"ValueType":"System.String"},"Value":"HalfToFloat_F16C_BulkOrdering"},{"Key":{"Id":"XunitTestCaseUniqueID","Label":"xUnit.net Test Case Unique ID","Category":"","Description":"","Attributes":0,"ValueType":"System.String"},"Value":"f3c9b2969be1c9fc3b2c0629e53dd1b238ae5a25"},{"Key":{"Id":"XunitTestCaseExplicit","Label":"xUnit.net Test Case Explicit Flag","Category":"","Description":"","Attributes":0,"ValueType":"System.Boolean"},"Value":false},{"Key":{"Id":"TestCase.ManagedType","Label":"ManagedType","Category":"","Description":"","Attributes":1,"ValueType":"System.String"},"Value":"SharpMind.Tests.Quantization.HalfToFloatTests"}]},"Attachments":[],"Outcome":1,"ErrorMessage":null,"ErrorStackTrace":null,"DisplayName":"SharpMind.Tests.Quantization.HalfToFloatTests.HalfToFloat_F16C_BulkOrdering","Messages":[],"ComputerName":"LAPTOP-MKMTSO1B","Duration":"00:00:00.0149833","StartTime":"2026-07-20T05:44:10.6290916+00:00","EndTime":"2026-07-20T05:44:10.6292875+00:00","Properties":[]},{"TestCase":{"Id":"1dabfc34-56dd-9e91-d736-6fadde5cde29","FullyQualifiedName":"SharpMind.Tests.Quantization.HalfToFloatTests.HalfToFloat_F16C_Zero","DisplayName":"SharpMind.Tests.Quantization.HalfToFloatTests.HalfToFloat_F16C_Zero","ExecutorUri":"executor://xunit/VsTestRunner3/netcore/","Source":"C:\\Integral2u\\source\\repos\\SharpMind\\SharpMind.Tests\\bin\\Debug\\net10.0\\SharpMind.Tests.dll","CodeFilePath":null,"LineNumber":0,"Properties":[{"Key":{"Id":"TestCase.ManagedMethod","Label":"ManagedMethod","Category":"","Description":"","Attributes":1,"ValueType":"System.String"},"Value":"HalfToFloat_F16C_Zero"},{"Key":{"Id":"XunitTestCaseUniqueID","Label":"xUnit.net Test Case Unique ID","Category":"","Description":"","Attributes":0,"ValueType":"System.String"},"Value":"f6e8622482b98bc0b233bc29243f6b724006094e"},{"Key":{"Id":"XunitTestCaseExplicit","Label":"xUnit.net Test Case Explicit Flag","Category":"","Description":"","Attributes":0,"ValueType":"System.Boolean"},"Value":false},{"Key":{"Id":"TestCase.ManagedType","Label":"ManagedType","Category":"","Description":"","Attributes":1,"ValueType":"System.String"},"Value":"SharpMind.Tests.Quantization.HalfToFloatTests"}]},"Attachments":[],"Outcome":1,"ErrorMessage":null,"ErrorStackTrace":null,"DisplayName":"SharpMind.Tests.Quantization.HalfToFloatTests.HalfToFloat_F16C_Zero","Messages":[],"ComputerName":"LAPTOP-MKMTSO1B","Duration":"00:00:00.0119989","StartTime":"2026-07-20T05:44:10.6301456+00:00","EndTime":"2026-07-20T05:44:10.6303133+00:00","Properties":[]}],"TestRunStatistics":{"ExecutedTests":27,"Stats":{"Passed":27}},"ActiveTests":[{"Id":"17fee511-8364-a0ba-0462-21067592d629","FullyQualifiedName":"SharpMind.Tests.Data.TextFileSourceTests.SkipsEmptyLines","DisplayName":"SharpMind.Tests.Data.TextFileSourceTests.SkipsEmptyLines","ExecutorUri":"executor://xunit/VsTestRunner3/netcore/","Source":"C:\\Integral2u\\source\\repos\\SharpMind\\SharpMind.Tests\\bin\\Debug\\net10.0\\SharpMind.Tests.dll","CodeFilePath":null,"LineNumber":0,"Properties":[{"Key":{"Id":"TestCase.ManagedMethod","Label":"ManagedMethod","Category":"","Description":"","Attributes":1,"ValueType":"System.String"},"Value":"SkipsEmptyLines"},{"Key":{"Id":"XunitTestCaseUniqueID","Label":"xUnit.net Test Case Unique ID","Category":"","Description":"","Attributes":0,"ValueType":"System.String"},"Value":"09b511849c321e141dbb502dffe12cdac80be26b"},{"Key":{"Id":"XunitTestCaseExplicit","Label":"xUnit.net Test Case Explicit Flag","Category":"","Description":"","Attributes":0,"ValueType":"System.Boolean"},"Value":false},{"Key":{"Id":"TestCase.ManagedType","Label":"ManagedType","Category":"","Description":"","Attributes":1,"ValueType":"System.String"},"Value":"SharpMind.Tests.Data.TextFileSourceTests"}]}]}}
TpTrace Verbose: 0 : 2304, 12, 2026/07/20, 17:44:10.656, 376395306376, vstest.console.dll, TestRunRequest:SendTestRunStatsChange: Starting.
TpTrace Verbose: 0 : 2304, 12, 2026/07/20, 17:44:10.656, 376395307932, vstest.console.dll, InProgress is SharpMind.Tests.Data.TextFileSourceTests.SkipsEmptyLines
TpTrace Verbose: 0 : 2304, 12, 2026/07/20, 17:44:10.656, 376395309429, vstest.console.dll, MulticastDelegateUtilities.SafeInvoke: TestRun.RunStatsChanged: Invoking callbacks was skipped because there are no subscribers.
TpTrace Verbose: 0 : 2304, 4, 2026/07/20, 17:44:10.656, 376395309964, vstest.console.dll, MulticastDelegateUtilities.SafeInvoke: InternalTestLoggerEvents.SendTestResult: Invoking callback 1/1 for Microsoft.VisualStudio.TestPlatform.CommandLine.Internal.ConsoleLogger., took 0 ms.
TpTrace Information: 0 : 2304, 12, 2026/07/20, 17:44:10.656, 376395310228, vstest.console.dll, TestRunRequest:SendTestRunStatsChange: Completed.
TpTrace Verbose: 0 : 2304, 4, 2026/07/20, 17:44:10.656, 376395311394, vstest.console.dll, MulticastDelegateUtilities.SafeInvoke: InternalTestLoggerEvents.SendTestResult: Invoking callback 1/1 for Microsoft.VisualStudio.TestPlatform.CommandLine.Internal.ConsoleLogger., took 0 ms.
TpTrace Verbose: 0 : 2304, 12, 2026/07/20, 17:44:10.656, 376395311636, vstest.console.dll, MulticastDelegateUtilities.SafeInvoke: LengthPrefixCommunicationChannel: MessageReceived: Invoking callback 1/1 for Microsoft.VisualStudio.TestPlatform.CommunicationUtilities.TestRequestSender+<>c__DisplayClass34_0., took 7 ms.
TpTrace Verbose: 0 : 2304, 4, 2026/07/20, 17:44:10.656, 376395312558, vstest.console.dll, MulticastDelegateUtilities.SafeInvoke: InternalTestLoggerEvents.SendTestResult: Invoking callback 1/1 for Microsoft.VisualStudio.TestPlatform.CommandLine.Internal.ConsoleLogger., took 0 ms.
TpTrace Verbose: 0 : 2304, 12, 2026/07/20, 17:44:10.656, 376395312893, vstest.console.dll, TcpClientExtensions.MessageLoopAsync: Polling on remoteEndPoint: 127.0.0.1:55769 localEndPoint: 127.0.0.1:55768 after 33 ms
TpTrace Verbose: 0 : 2304, 4, 2026/07/20, 17:44:10.656, 376395313811, vstest.console.dll, MulticastDelegateUtilities.SafeInvoke: InternalTestLoggerEvents.SendTestResult: Invoking callback 1/1 for Microsoft.VisualStudio.TestPlatform.CommandLine.Internal.ConsoleLogger., took 0 ms.
TpTrace Verbose: 0 : 2304, 4, 2026/07/20, 17:44:10.657, 376395314959, vstest.console.dll, MulticastDelegateUtilities.SafeInvoke: InternalTestLoggerEvents.SendTestResult: Invoking callback 1/1 for Microsoft.VisualStudio.TestPlatform.CommandLine.Internal.ConsoleLogger., took 0 ms.
TpTrace Verbose: 0 : 2304, 4, 2026/07/20, 17:44:10.657, 376395316027, vstest.console.dll, MulticastDelegateUtilities.SafeInvoke: InternalTestLoggerEvents.SendTestResult: Invoking callback 1/1 for Microsoft.VisualStudio.TestPlatform.CommandLine.Internal.ConsoleLogger., took 0 ms.
TpTrace Verbose: 0 : 2304, 4, 2026/07/20, 17:44:10.657, 376395316947, vstest.console.dll, MulticastDelegateUtilities.SafeInvoke: InternalTestLoggerEvents.SendTestResult: Invoking callback 1/1 for Microsoft.VisualStudio.TestPlatform.CommandLine.Internal.ConsoleLogger., took 0 ms.
TpTrace Verbose: 0 : 2304, 4, 2026/07/20, 17:44:10.657, 376395317893, vstest.console.dll, MulticastDelegateUtilities.SafeInvoke: InternalTestLoggerEvents.SendTestResult: Invoking callback 1/1 for Microsoft.VisualStudio.TestPlatform.CommandLine.Internal.ConsoleLogger., took 0 ms.
TpTrace Verbose: 0 : 2304, 4, 2026/07/20, 17:44:10.657, 376395318842, vstest.console.dll, MulticastDelegateUtilities.SafeInvoke: InternalTestLoggerEvents.SendTestResult: Invoking callback 1/1 for Microsoft.VisualStudio.TestPlatform.CommandLine.Internal.ConsoleLogger., took 0 ms.
TpTrace Verbose: 0 : 2304, 12, 2026/07/20, 17:44:10.763, 376396376567, vstest.console.dll, TcpClientExtensions.MessageLoopAsync: NotifyDataAvailable remoteEndPoint: 127.0.0.1:55769 localEndPoint: 127.0.0.1:55768
TpTrace Verbose: 0 : 2304, 12, 2026/07/20, 17:44:10.763, 376396381014, vstest.console.dll, TestRequestSender.OnExecutionMessageReceived: Received message: {"Version":7,"MessageType":"TestExecution.StatsChange","Payload":{"NewTestResults":[{"TestCase":{"Id":"6c79de35-46d3-e965-923c-ebc496aac112","FullyQualifiedName":"SharpMind.Tests.Data.PseudoLanguageGeneratorTests.Generator_GeneratePatterns_ReturnsValidSequences","DisplayName":"SharpMind.Tests.Data.PseudoLanguageGeneratorTests.Generator_GeneratePatterns_ReturnsValidSequences","ExecutorUri":"executor://xunit/VsTestRunner3/netcore/","Source":"C:\\Integral2u\\source\\repos\\SharpMind\\SharpMind.Tests\\bin\\Debug\\net10.0\\SharpMind.Tests.dll","CodeFilePath":null,"LineNumber":0,"Properties":[{"Key":{"Id":"TestCase.ManagedMethod","Label":"ManagedMethod","Category":"","Description":"","Attributes":1,"ValueType":"System.String"},"Value":"Generator_GeneratePatterns_ReturnsValidSequences"},{"Key":{"Id":"XunitTestCaseUniqueID","Label":"xUnit.net Test Case Unique ID","Category":"","Description":"","Attributes":0,"ValueType":"System.String"},"Value":"12f9eff7587a03a02e6a537d5021b2da094a662f"},{"Key":{"Id":"XunitTestCaseExplicit","Label":"xUnit.net Test Case Explicit Flag","Category":"","Description":"","Attributes":0,"ValueType":"System.Boolean"},"Value":false},{"Key":{"Id":"TestCase.ManagedType","Label":"ManagedType","Category":"","Description":"","Attributes":1,"ValueType":"System.String"},"Value":"SharpMind.Tests.Data.PseudoLanguageGeneratorTests"}]},"Attachments":[],"Outcome":1,"ErrorMessage":null,"ErrorStackTrace":null,"DisplayName":"SharpMind.Tests.Data.PseudoLanguageGeneratorTests.Generator_GeneratePatterns_ReturnsValidSequences","Messages":[],"ComputerName":"LAPTOP-MKMTSO1B","Duration":"00:00:00.1581656","StartTime":"2026-07-20T05:44:10.4833682+00:00","EndTime":"2026-07-20T05:44:10.6647541+00:00","Properties":[]},{"TestCase":{"Id":"c70561fa-f61c-d081-25e2-423e4dedc33f","FullyQualifiedName":"SharpMind.Tests.Data.PseudoLanguageGeneratorTests.Generator_ContainsDerivedWords","DisplayName":"SharpMind.Tests.Data.PseudoLanguageGeneratorTests.Generator_ContainsDerivedWords","ExecutorUri":"executor://xunit/VsTestRunner3/netcore/","Source":"C:\\Integral2u\\source\\repos\\SharpMind\\SharpMind.Tests\\bin\\Debug\\net10.0\\SharpMind.Tests.dll","CodeFilePath":null,"LineNumber":0,"Properties":[{"Key":{"Id":"TestCase.ManagedMethod","Label":"ManagedMethod","Category":"","Description":"","Attributes":1,"ValueType":"System.String"},"Value":"Generator_ContainsDerivedWords"},{"Key":{"Id":"XunitTestCaseUniqueID","Label":"xUnit.net Test Case Unique ID","Category":"","Description":"","Attributes":0,"ValueType":"System.String"},"Value":"2ee3809629d9776023fe86880a4e109bd29f3ae6"},{"Key":{"Id":"XunitTestCaseExplicit","Label":"xUnit.net Test Case Explicit Flag","Category":"","Description":"","Attributes":0,"ValueType":"System.Boolean"},"Value":false},{"Key":{"Id":"TestCase.ManagedType","Label":"ManagedType","Category":"","Description":"","Attributes":1,"ValueType":"System.String"},"Value":"SharpMind.Tests.Data.PseudoLanguageGeneratorTests"}]},"Attachments":[],"Outcome":1,"ErrorMessage":null,"ErrorStackTrace":null,"DisplayName":"SharpMind.Tests.Data.PseudoLanguageGeneratorTests.Generator_ContainsDerivedWords","Messages":[],"ComputerName":"LAPTOP-MKMTSO1B","Duration":"00:00:00.0136179","StartTime":"2026-07-20T05:44:10.6658352+00:00","EndTime":"2026-07-20T05:44:10.6667761+00:00","Properties":[]},{"TestCase":{"Id":"17fee511-8364-a0ba-0462-21067592d629","FullyQualifiedName":"SharpMind.Tests.Data.TextFileSourceTests.SkipsEmptyLines","DisplayName":"SharpMind.Tests.Data.TextFileSourceTests.SkipsEmptyLines","ExecutorUri":"executor://xunit/VsTestRunner3/netcore/","Source":"C:\\Integral2u\\source\\repos\\SharpMind\\SharpMind.Tests\\bin\\Debug\\net10.0\\SharpMind.Tests.dll","CodeFilePath":null,"LineNumber":0,"Properties":[{"Key":{"Id":"TestCase.ManagedMethod","Label":"ManagedMethod","Category":"","Description":"","Attributes":1,"ValueType":"System.String"},"Value":"SkipsEmptyLines"},{"Key":{"Id":"XunitTestCaseUniqueID","Label":"xUnit.net Test Case Unique ID","Category":"","Description":"","Attributes":0,"ValueType":"System.String"},"Value":"09b511849c321e141dbb502dffe12cdac80be26b"},{"Key":{"Id":"XunitTestCaseExplicit","Label":"xUnit.net Test Case Explicit Flag","Category":"","Description":"","Attributes":0,"ValueType":"System.Boolean"},"Value":false},{"Key":{"Id":"TestCase.ManagedType","Label":"ManagedType","Category":"","Description":"","Attributes":1,"ValueType":"System.String"},"Value":"SharpMind.Tests.Data.TextFileSourceTests"}]},"Attachments":[],"Outcome":1,"ErrorMessage":null,"ErrorStackTrace":null,"DisplayName":"SharpMind.Tests.Data.TextFileSourceTests.SkipsEmptyLines","Messages":[],"ComputerName":"LAPTOP-MKMTSO1B","Duration":"00:00:00.0742723","StartTime":"2026-07-20T05:44:10.6645573+00:00","EndTime":"2026-07-20T05:44:10.6742771+00:00","Properties":[]},{"TestCase":{"Id":"0facabd4-a9f7-2d52-1bc3-933f4e579915","FullyQualifiedName":"SharpMind.Tests.Data.SafetyStageTests.Hap_AdditionalTerms_AlsoBlocked","DisplayName":"SharpMind.Tests.Data.SafetyStageTests.Hap_AdditionalTerms_AlsoBlocked","ExecutorUri":"executor://xunit/VsTestRunner3/netcore/","Source":"C:\\Integral2u\\source\\repos\\SharpMind\\SharpMind.Tests\\bin\\Debug\\net10.0\\SharpMind.Tests.dll","CodeFilePath":null,"LineNumber":0,"Properties":[{"Key":{"Id":"TestCase.ManagedMethod","Label":"ManagedMethod","Category":"","Description":"","Attributes":1,"ValueType":"System.String"},"Value":"Hap_AdditionalTerms_AlsoBlocked"},{"Key":{"Id":"XunitTestCaseUniqueID","Label":"xUnit.net Test Case Unique ID","Category":"","Description":"","Attributes":0,"ValueType":"System.String"},"Value":"1409fb889c18339233da2608c06aa285f9282ac6"},{"Key":{"Id":"XunitTestCaseExplicit","Label":"xUnit.net Test Case Explicit Flag","Category":"","Description":"","Attributes":0,"ValueType":"System.Boolean"},"Value":false},{"Key":{"Id":"TestCase.ManagedType","Label":"ManagedType","Category":"","Description":"","Attributes":1,"ValueType":"System.String"},"Value":"SharpMind.Tests.Data.SafetyStageTests"}]},"Attachments":[],"Outcome":1,"ErrorMessage":null,"ErrorStackTrace":null,"DisplayName":"SharpMind.Tests.Data.SafetyStageTests.Hap_AdditionalTerms_AlsoBlocked","Messages":[],"ComputerName":"LAPTOP-MKMTSO1B","Duration":"00:00:00.0531839","StartTime":"2026-07-20T05:44:10.6771363+00:00","EndTime":"2026-07-20T05:44:10.677341+00:00","Properties":[]},{"TestCase":{"Id":"7175757c-55c8-8ac2-d8b7-79e0d0fbb0cc","FullyQualifiedName":"SharpMind.Tests.Data.SafetyStageTests.Blacklist_WholeWord_DoesNotMatchPartial","DisplayName":"SharpMind.Tests.Data.SafetyStageTests.Blacklist_WholeWord_DoesNotMatchPartial","ExecutorUri":"executor://xunit/VsTestRunner3/netcore/","Source":"C:\\Integral2u\\source\\repos\\SharpMind\\SharpMind.Tests\\bin\\Debug\\net10.0\\SharpMind.Tests.dll","CodeFilePath":null,"LineNumber":0,"Properties":[{"Key":{"Id":"TestCase.ManagedMethod","Label":"ManagedMethod","Category":"","Description":"","Attributes":1,"ValueType":"System.String"},"Value":"Blacklist_WholeWord_DoesNotMatchPartial"},{"Key":{"Id":"XunitTestCaseUniqueID","Label":"xUnit.net Test Case Unique ID","Category":"","Description":"","Attributes":0,"ValueType":"System.String"},"Value":"1e63c1ac1d48d84fb7faf2ed90d4b561a39adee6"},{"Key":{"Id":"XunitTestCaseExplicit","Label":"xUnit.net Test Case Explicit Flag","Category":"","Description":"","Attributes":0,"ValueType":"System.Boolean"},"Value":false},{"Key":{"Id":"TestCase.ManagedType","Label":"ManagedType","Category":"","Description":"","Attributes":1,"ValueType":"System.String"},"Value":"SharpMind.Tests.Data.SafetyStageTests"}]},"Attachments":[],"Outcome":1,"ErrorMessage":null,"ErrorStackTrace":null,"DisplayName":"SharpMind.Tests.Data.SafetyStageTests.Blacklist_WholeWord_DoesNotMatchPartial","Messages":[],"ComputerName":"LAPTOP-MKMTSO1B","Duration":"00:00:00.0166239","StartTime":"2026-07-20T05:44:10.6782317+00:00","EndTime":"2026-07-20T05:44:10.6797841+00:00","Properties":[]},{"TestCase":{"Id":"8a4286e3-526e-08e4-be7a-6aa74afd99a6","FullyQualifiedName":"SharpMind.Tests.Data.SafetyStageTests.Pii_AllTypes_MasksEverything","DisplayName":"SharpMind.Tests.Data.SafetyStageTests.Pii_AllTypes_MasksEverything","ExecutorUri":"executor://xunit/VsTestRunner3/netcore/","Source":"C:\\Integral2u\\source\\repos\\SharpMind\\SharpMind.Tests\\bin\\Debug\\net10.0\\SharpMind.Tests.dll","CodeFilePath":null,"LineNumber":0,"Properties":[{"Key":{"Id":"TestCase.ManagedMethod","Label":"ManagedMethod","Category":"","Description":"","Attributes":1,"ValueType":"System.String"},"Value":"Pii_AllTypes_MasksEverything"},{"Key":{"Id":"XunitTestCaseUniqueID","Label":"xUnit.net Test Case Unique ID","Category":"","Description":"","Attributes":0,"ValueType":"System.String"},"Value":"32e9af03b2d9070e68b960bfd9779f082a3a8db3"},{"Key":{"Id":"XunitTestCaseExplicit","Label":"xUnit.net Test Case Explicit Flag","Category":"","Description":"","Attributes":0,"ValueType":"System.Boolean"},"Value":false},{"Key":{"Id":"TestCase.ManagedType","Label":"ManagedType","Category":"","Description":"","Attributes":1,"ValueType":"System.String"},"Value":"SharpMind.Tests.Data.SafetyStageTests"}]},"Attachments":[],"Outcome":1,"ErrorMessage":null,"ErrorStackTrace":null,"DisplayName":"SharpMind.Tests.Data.SafetyStageTests.Pii_AllTypes_MasksEverything","Messages":[],"ComputerName":"LAPTOP-MKMTSO1B","Duration":"00:00:00.0655129","StartTime":"2026-07-20T05:44:10.6807496+00:00","EndTime":"2026-07-20T05:44:10.7454646+00:00","Properties":[]},{"TestCase":{"Id":"21d1de5f-0147-b952-01a6-769643bbd079","FullyQualifiedName":"SharpMind.Tests.Data.SafetyStageTests.Hap_Discard_RemovesDocumentWithHapContent","DisplayName":"SharpMind.Tests.Data.SafetyStageTests.Hap_Discard_RemovesDocumentWithHapContent","ExecutorUri":"executor://xunit/VsTestRunner3/netcore/","Source":"C:\\Integral2u\\source\\repos\\SharpMind\\SharpMind.Tests\\bin\\Debug\\net10.0\\SharpMind.Tests.dll","CodeFilePath":null,"LineNumber":0,"Properties":[{"Key":{"Id":"TestCase.ManagedMethod","Label":"ManagedMethod","Category":"","Description":"","Attributes":1,"ValueType":"System.String"},"Value":"Hap_Discard_RemovesDocumentWithHapContent"},{"Key":{"Id":"XunitTestCaseUniqueID","Label":"xUnit.net Test Case Unique ID","Category":"","Description":"","Attributes":0,"ValueType":"System.String"},"Value":"333d3d4b1bf07b6d99b1e6a95378126b74221b54"},{"Key":{"Id":"XunitTestCaseExplicit","Label":"xUnit.net Test Case Explicit Flag","Category":"","Description":"","Attributes":0,"ValueType":"System.Boolean"},"Value":false},{"Key":{"Id":"TestCase.ManagedType","Label":"ManagedType","Category":"","Description":"","Attributes":1,"ValueType":"System.String"},"Value":"SharpMind.Tests.Data.SafetyStageTests"}]},"Attachments":[],"Outcome":1,"ErrorMessage":null,"ErrorStackTrace":null,"DisplayName":"SharpMind.Tests.Data.SafetyStageTests.Hap_Discard_RemovesDocumentWithHapContent","Messages":[],"ComputerName":"LAPTOP-MKMTSO1B","Duration":"00:00:00.0144251","StartTime":"2026-07-20T05:44:10.7464159+00:00","EndTime":"2026-07-20T05:44:10.7600239+00:00","Properties":[]}],"TestRunStatistics":{"ExecutedTests":34,"Stats":{"Passed":34}},"ActiveTests":[{"Id":"012d398e-d422-ecf6-4193-7fae80f4523d","FullyQualifiedName":"SharpMind.Tests.Data.PseudoLanguageGeneratorTests.Generator_ContainsNegations","DisplayName":"SharpMind.Tests.Data.PseudoLanguageGeneratorTests.Generator_ContainsNegations","ExecutorUri":"executor://xunit/VsTestRunner3/netcore/","Source":"C:\\Integral2u\\source\\repos\\SharpMind\\SharpMind.Tests\\bin\\Debug\\net10.0\\SharpMind.Tests.dll","CodeFilePath":null,"LineNumber":0,"Properties":[{"Key":{"Id":"TestCase.ManagedMethod","Label":"ManagedMethod","Category":"","Description":"","Attributes":1,"ValueType":"System.String"},"Value":"Generator_ContainsNegations"},{"Key":{"Id":"XunitTestCaseUniqueID","Label":"xUnit.net Test Case Unique ID","Category":"","Description":"","Attributes":0,"ValueType":"System.String"},"Value":"3602363a4c1b7b8234ca603113d6606e4bf153d3"},{"Key":{"Id":"XunitTestCaseExplicit","Label":"xUnit.net Test Case Explicit Flag","Category":"","Description":"","Attributes":0,"ValueType":"System.Boolean"},"Value":false},{"Key":{"Id":"TestCase.ManagedType","Label":"ManagedType","Category":"","Description":"","Attributes":1,"ValueType":"System.String"},"Value":"SharpMind.Tests.Data.PseudoLanguageGeneratorTests"}]},{"Id":"fc44f0fd-4ae2-32bd-8deb-e593dfc8f7e0","FullyQualifiedName":"SharpMind.Tests.Data.TextFileSourceTests.FileMode_YieldsWholeFileAsOneDocument","DisplayName":"SharpMind.Tests.Data.TextFileSourceTests.FileMode_YieldsWholeFileAsOneDocument","ExecutorUri":"executor://xunit/VsTestRunner3/netcore/","Source":"C:\\Integral2u\\source\\repos\\SharpMind\\SharpMind.Tests\\bin\\Debug\\net10.0\\SharpMind.Tests.dll","CodeFilePath":null,"LineNumber":0,"Properties":[{"Key":{"Id":"TestCase.ManagedMethod","Label":"ManagedMethod","Category":"","Description":"","Attributes":1,"ValueType":"System.String"},"Value":"FileMode_YieldsWholeFileAsOneDocument"},{"Key":{"Id":"XunitTestCaseUniqueID","Label":"xUnit.net Test Case Unique ID","Category":"","Description":"","Attributes":0,"ValueType":"System.String"},"Value":"116816727fd784a4d7c883499ac9a61fed9d7f4b"},{"Key":{"Id":"XunitTestCaseExplicit","Label":"xUnit.net Test Case Explicit Flag","Category":"","Description":"","Attributes":0,"ValueType":"System.Boolean"},"Value":false},{"Key":{"Id":"TestCase.ManagedType","Label":"ManagedType","Category":"","Description":"","Attributes":1,"ValueType":"System.String"},"Value":"SharpMind.Tests.Data.TextFileSourceTests"}]},{"Id":"2baf20a1-2f6d-9f41-43f2-ad37d2986fa5","FullyQualifiedName":"SharpMind.Tests.Data.SafetyStageTests.Hap_Discard_PassesCleanDocument","DisplayName":"SharpMind.Tests.Data.SafetyStageTests.Hap_Discard_PassesCleanDocument","ExecutorUri":"executor://xunit/VsTestRunner3/netcore/","Source":"C:\\Integral2u\\source\\repos\\SharpMind\\SharpMind.Tests\\bin\\Debug\\net10.0\\SharpMind.Tests.dll","CodeFilePath":null,"LineNumber":0,"Properties":[{"Key":{"Id":"TestCase.ManagedMethod","Label":"ManagedMethod","Category":"","Description":"","Attributes":1,"ValueType":"System.String"},"Value":"Hap_Discard_PassesCleanDocument"},{"Key":{"Id":"XunitTestCaseUniqueID","Label":"xUnit.net Test Case Unique ID","Category":"","Description":"","Attributes":0,"ValueType":"System.String"},"Value":"35747c9458fd16be82ba79d0ab34569843f91094"},{"Key":{"Id":"XunitTestCaseExplicit","Label":"xUnit.net Test Case Explicit Flag","Category":"","Description":"","Attributes":0,"ValueType":"System.Boolean"},"Value":false},{"Key":{"Id":"TestCase.ManagedType","Label":"ManagedType","Category":"","Description":"","Attributes":1,"ValueType":"System.String"},"Value":"SharpMind.Tests.Data.SafetyStageTests"}]}]}}
TpTrace Verbose: 0 : 2304, 12, 2026/07/20, 17:44:10.766, 376396411672, vstest.console.dll, TestRunRequest:SendTestRunStatsChange: Starting.
TpTrace Verbose: 0 : 2304, 12, 2026/07/20, 17:44:10.766, 376396413235, vstest.console.dll, InProgress is SharpMind.Tests.Data.PseudoLanguageGeneratorTests.Generator_ContainsNegations
TpTrace Verbose: 0 : 2304, 12, 2026/07/20, 17:44:10.766, 376396413785, vstest.console.dll, InProgress is SharpMind.Tests.Data.TextFileSourceTests.FileMode_YieldsWholeFileAsOneDocument
TpTrace Verbose: 0 : 2304, 12, 2026/07/20, 17:44:10.767, 376396415259, vstest.console.dll, InProgress is SharpMind.Tests.Data.SafetyStageTests.Hap_Discard_PassesCleanDocument
TpTrace Verbose: 0 : 2304, 12, 2026/07/20, 17:44:10.767, 376396416832, vstest.console.dll, MulticastDelegateUtilities.SafeInvoke: TestRun.RunStatsChanged: Invoking callbacks was skipped because there are no subscribers.
TpTrace Verbose: 0 : 2304, 4, 2026/07/20, 17:44:10.767, 376396417378, vstest.console.dll, MulticastDelegateUtilities.SafeInvoke: InternalTestLoggerEvents.SendTestResult: Invoking callback 1/1 for Microsoft.VisualStudio.TestPlatform.CommandLine.Internal.ConsoleLogger., took 0 ms.
TpTrace Information: 0 : 2304, 12, 2026/07/20, 17:44:10.767, 376396417481, vstest.console.dll, TestRunRequest:SendTestRunStatsChange: Completed.
TpTrace Verbose: 0 : 2304, 12, 2026/07/20, 17:44:10.767, 376396421676, vstest.console.dll, MulticastDelegateUtilities.SafeInvoke: LengthPrefixCommunicationChannel: MessageReceived: Invoking callback 1/1 for Microsoft.VisualStudio.TestPlatform.CommunicationUtilities.TestRequestSender+<>c__DisplayClass34_0., took 4 ms.
TpTrace Verbose: 0 : 2304, 12, 2026/07/20, 17:44:10.768, 376396425441, vstest.console.dll, TcpClientExtensions.MessageLoopAsync: Polling on remoteEndPoint: 127.0.0.1:55769 localEndPoint: 127.0.0.1:55768 after 111 ms
TpTrace Verbose: 0 : 2304, 4, 2026/07/20, 17:44:10.771, 376396463381, vstest.console.dll, MulticastDelegateUtilities.SafeInvoke: InternalTestLoggerEvents.SendTestResult: Invoking callback 1/1 for Microsoft.VisualStudio.TestPlatform.CommandLine.Internal.ConsoleLogger., took 3 ms.
TpTrace Verbose: 0 : 2304, 4, 2026/07/20, 17:44:10.772, 376396466254, vstest.console.dll, MulticastDelegateUtilities.SafeInvoke: InternalTestLoggerEvents.SendTestResult: Invoking callback 1/1 for Microsoft.VisualStudio.TestPlatform.CommandLine.Internal.ConsoleLogger., took 0 ms.
TpTrace Verbose: 0 : 2304, 4, 2026/07/20, 17:44:10.772, 376396467194, vstest.console.dll, MulticastDelegateUtilities.SafeInvoke: InternalTestLoggerEvents.SendTestResult: Invoking callback 1/1 for Microsoft.VisualStudio.TestPlatform.CommandLine.Internal.ConsoleLogger., took 0 ms.
TpTrace Verbose: 0 : 2304, 4, 2026/07/20, 17:44:10.772, 376396467888, vstest.console.dll, MulticastDelegateUtilities.SafeInvoke: InternalTestLoggerEvents.SendTestResult: Invoking callback 1/1 for Microsoft.VisualStudio.TestPlatform.CommandLine.Internal.ConsoleLogger., took 0 ms.
TpTrace Verbose: 0 : 2304, 4, 2026/07/20, 17:44:10.772, 376396468744, vstest.console.dll, MulticastDelegateUtilities.SafeInvoke: InternalTestLoggerEvents.SendTestResult: Invoking callback 1/1 for Microsoft.VisualStudio.TestPlatform.CommandLine.Internal.ConsoleLogger., took 0 ms.
TpTrace Verbose: 0 : 2304, 4, 2026/07/20, 17:44:10.772, 376396469406, vstest.console.dll, MulticastDelegateUtilities.SafeInvoke: InternalTestLoggerEvents.SendTestResult: Invoking callback 1/1 for Microsoft.VisualStudio.TestPlatform.CommandLine.Internal.ConsoleLogger., took 0 ms.
TpTrace Verbose: 0 : 2304, 12, 2026/07/20, 17:44:10.882, 376397571214, vstest.console.dll, TcpClientExtensions.MessageLoopAsync: NotifyDataAvailable remoteEndPoint: 127.0.0.1:55769 localEndPoint: 127.0.0.1:55768
TpTrace Verbose: 0 : 2304, 12, 2026/07/20, 17:44:10.883, 376397576649, vstest.console.dll, TestRequestSender.OnExecutionMessageReceived: Received message: {"Version":7,"MessageType":"TestExecution.StatsChange","Payload":{"NewTestResults":[{"TestCase":{"Id":"2baf20a1-2f6d-9f41-43f2-ad37d2986fa5","FullyQualifiedName":"SharpMind.Tests.Data.SafetyStageTests.Hap_Discard_PassesCleanDocument","DisplayName":"SharpMind.Tests.Data.SafetyStageTests.Hap_Discard_PassesCleanDocument","ExecutorUri":"executor://xunit/VsTestRunner3/netcore/","Source":"C:\\Integral2u\\source\\repos\\SharpMind\\SharpMind.Tests\\bin\\Debug\\net10.0\\SharpMind.Tests.dll","CodeFilePath":null,"LineNumber":0,"Properties":[{"Key":{"Id":"TestCase.ManagedMethod","Label":"ManagedMethod","Category":"","Description":"","Attributes":1,"ValueType":"System.String"},"Value":"Hap_Discard_PassesCleanDocument"},{"Key":{"Id":"XunitTestCaseUniqueID","Label":"xUnit.net Test Case Unique ID","Category":"","Description":"","Attributes":0,"ValueType":"System.String"},"Value":"35747c9458fd16be82ba79d0ab34569843f91094"},{"Key":{"Id":"XunitTestCaseExplicit","Label":"xUnit.net Test Case Explicit Flag","Category":"","Description":"","Attributes":0,"ValueType":"System.Boolean"},"Value":false},{"Key":{"Id":"TestCase.ManagedType","Label":"ManagedType","Category":"","Description":"","Attributes":1,"ValueType":"System.String"},"Value":"SharpMind.Tests.Data.SafetyStageTests"}]},"Attachments":[],"Outcome":1,"ErrorMessage":null,"ErrorStackTrace":null,"DisplayName":"SharpMind.Tests.Data.SafetyStageTests.Hap_Discard_PassesCleanDocument","Messages":[],"ComputerName":"LAPTOP-MKMTSO1B","Duration":"00:00:00.0166895","StartTime":"2026-07-20T05:44:10.7635092+00:00","EndTime":"2026-07-20T05:44:10.7769065+00:00","Properties":[]},{"TestCase":{"Id":"d5156903-b7a3-eb79-49c6-172b44d1c13d","FullyQualifiedName":"SharpMind.Tests.Data.SafetyStageTests.Pii_MasksEmail","DisplayName":"SharpMind.Tests.Data.SafetyStageTests.Pii_MasksEmail","ExecutorUri":"executor://xunit/VsTestRunner3/netcore/","Source":"C:\\Integral2u\\source\\repos\\SharpMind\\SharpMind.Tests\\bin\\Debug\\net10.0\\SharpMind.Tests.dll","CodeFilePath":null,"LineNumber":0,"Properties":[{"Key":{"Id":"TestCase.ManagedMethod","Label":"ManagedMethod","Category":"","Description":"","Attributes":1,"ValueType":"System.String"},"Value":"Pii_MasksEmail"},{"Key":{"Id":"XunitTestCaseUniqueID","Label":"xUnit.net Test Case Unique ID","Category":"","Description":"","Attributes":0,"ValueType":"System.String"},"Value":"3d648858d9a8dd3914dfdb991e86b0fa7655e37e"},{"Key":{"Id":"XunitTestCaseExplicit","Label":"xUnit.net Test Case Explicit Flag","Category":"","Description":"","Attributes":0,"ValueType":"System.Boolean"},"Value":false},{"Key":{"Id":"TestCase.ManagedType","Label":"ManagedType","Category":"","Description":"","Attributes":1,"ValueType":"System.String"},"Value":"SharpMind.Tests.Data.SafetyStageTests"}]},"Attachments":[],"Outcome":1,"ErrorMessage":null,"ErrorStackTrace":null,"DisplayName":"SharpMind.Tests.Data.SafetyStageTests.Pii_MasksEmail","Messages":[],"ComputerName":"LAPTOP-MKMTSO1B","Duration":"00:00:00.0166892","StartTime":"2026-07-20T05:44:10.7782189+00:00","EndTime":"2026-07-20T05:44:10.7937901+00:00","Properties":[]},{"TestCase":{"Id":"6a8d4509-2098-772f-8c3e-291cfebbbc60","FullyQualifiedName":"SharpMind.Tests.Data.SafetyStageTests.Pii_MasksIpv4","DisplayName":"SharpMind.Tests.Data.SafetyStageTests.Pii_MasksIpv4","ExecutorUri":"executor://xunit/VsTestRunner3/netcore/","Source":"C:\\Integral2u\\source\\repos\\SharpMind\\SharpMind.Tests\\bin\\Debug\\net10.0\\SharpMind.Tests.dll","CodeFilePath":null,"LineNumber":0,"Properties":[{"Key":{"Id":"TestCase.ManagedMethod","Label":"ManagedMethod","Category":"","Description":"","Attributes":1,"ValueType":"System.String"},"Value":"Pii_MasksIpv4"},{"Key":{"Id":"XunitTestCaseUniqueID","Label":"xUnit.net Test Case Unique ID","Category":"","Description":"","Attributes":0,"ValueType":"System.String"},"Value":"3eb9989c455b911f758771f97a4b2438e724de40"},{"Key":{"Id":"XunitTestCaseExplicit","Label":"xUnit.net Test Case Explicit Flag","Category":"","Description":"","Attributes":0,"ValueType":"System.Boolean"},"Value":false},{"Key":{"Id":"TestCase.ManagedType","Label":"ManagedType","Category":"","Description":"","Attributes":1,"ValueType":"System.String"},"Value":"SharpMind.Tests.Data.SafetyStageTests"}]},"Attachments":[],"Outcome":1,"ErrorMessage":null,"ErrorStackTrace":null,"DisplayName":"SharpMind.Tests.Data.SafetyStageTests.Pii_MasksIpv4","Messages":[],"ComputerName":"LAPTOP-MKMTSO1B","Duration":"00:00:00.0140724","StartTime":"2026-07-20T05:44:10.7948079+00:00","EndTime":"2026-07-20T05:44:10.8081857+00:00","Properties":[]},{"TestCase":{"Id":"1d8fe6a9-55f8-6dde-839e-b20090668bf7","FullyQualifiedName":"SharpMind.Tests.Data.SafetyStageTests.Pii_SelectiveTypes_OnlyMasksEnabled","DisplayName":"SharpMind.Tests.Data.SafetyStageTests.Pii_SelectiveTypes_OnlyMasksEnabled","ExecutorUri":"executor://xunit/VsTestRunner3/netcore/","Source":"C:\\Integral2u\\source\\repos\\SharpMind\\SharpMind.Tests\\bin\\Debug\\net10.0\\SharpMind.Tests.dll","CodeFilePath":null,"LineNumber":0,"Properties":[{"Key":{"Id":"TestCase.ManagedMethod","Label":"ManagedMethod","Category":"","Description":"","Attributes":1,"ValueType":"System.String"},"Value":"Pii_SelectiveTypes_OnlyMasksEnabled"},{"Key":{"Id":"XunitTestCaseUniqueID","Label":"xUnit.net Test Case Unique ID","Category":"","Description":"","Attributes":0,"ValueType":"System.String"},"Value":"544b4764eb485b1ef7153cdafd9eb71fbb93cfda"},{"Key":{"Id":"XunitTestCaseExplicit","Label":"xUnit.net Test Case Explicit Flag","Category":"","Description":"","Attributes":0,"ValueType":"System.Boolean"},"Value":false},{"Key":{"Id":"TestCase.ManagedType","Label":"ManagedType","Category":"","Description":"","Attributes":1,"ValueType":"System.String"},"Value":"SharpMind.Tests.Data.SafetyStageTests"}]},"Attachments":[],"Outcome":1,"ErrorMessage":null,"ErrorStackTrace":null,"DisplayName":"SharpMind.Tests.Data.SafetyStageTests.Pii_SelectiveTypes_OnlyMasksEnabled","Messages":[],"ComputerName":"LAPTOP-MKMTSO1B","Duration":"00:00:00.0054889","StartTime":"2026-07-20T05:44:10.80946+00:00","EndTime":"2026-07-20T05:44:10.8138398+00:00","Properties":[]},{"TestCase":{"Id":"5be501d2-42fa-b9c2-cfd5-315a9612212a","FullyQualifiedName":"SharpMind.Tests.Data.SafetyStageTests.Pii_MasksSsn","DisplayName":"SharpMind.Tests.Data.SafetyStageTests.Pii_MasksSsn","ExecutorUri":"executor://xunit/VsTestRunner3/netcore/","Source":"C:\\Integral2u\\source\\repos\\SharpMind\\SharpMind.Tests\\bin\\Debug\\net10.0\\SharpMind.Tests.dll","CodeFilePath":null,"LineNumber":0,"Properties":[{"Key":{"Id":"TestCase.ManagedMethod","Label":"ManagedMethod","Category":"","Description":"","Attributes":1,"ValueType":"System.String"},"Value":"Pii_MasksSsn"},{"Key":{"Id":"XunitTestCaseUniqueID","Label":"xUnit.net Test Case Unique ID","Category":"","Description":"","Attributes":0,"ValueType":"System.String"},"Value":"590140c9b6f33cdfb31e4de7ba3d4b09c5273056"},{"Key":{"Id":"XunitTestCaseExplicit","Label":"xUnit.net Test Case Explicit Flag","Category":"","Description":"","Attributes":0,"ValueType":"System.Boolean"},"Value":false},{"Key":{"Id":"TestCase.ManagedType","Label":"ManagedType","Category":"","Description":"","Attributes":1,"ValueType":"System.String"},"Value":"SharpMind.Tests.Data.SafetyStageTests"}]},"Attachments":[],"Outcome":1,"ErrorMessage":null,"ErrorStackTrace":null,"DisplayName":"SharpMind.Tests.Data.SafetyStageTests.Pii_MasksSsn","Messages":[],"ComputerName":"LAPTOP-MKMTSO1B","Duration":"00:00:00.0185549","StartTime":"2026-07-20T05:44:10.8149418+00:00","EndTime":"2026-07-20T05:44:10.8325688+00:00","Properties":[]},{"TestCase":{"Id":"49e27dca-d620-12a0-9dab-8f9a3c49ab31","FullyQualifiedName":"SharpMind.Tests.Data.SafetyStageTests.Pii_MasksUsPhone","DisplayName":"SharpMind.Tests.Data.SafetyStageTests.Pii_MasksUsPhone","ExecutorUri":"executor://xunit/VsTestRunner3/netcore/","Source":"C:\\Integral2u\\source\\repos\\SharpMind\\SharpMind.Tests\\bin\\Debug\\net10.0\\SharpMind.Tests.dll","CodeFilePath":null,"LineNumber":0,"Properties":[{"Key":{"Id":"TestCase.ManagedMethod","Label":"ManagedMethod","Category":"","Description":"","Attributes":1,"ValueType":"System.String"},"Value":"Pii_MasksUsPhone"},{"Key":{"Id":"XunitTestCaseUniqueID","Label":"xUnit.net Test Case Unique ID","Category":"","Description":"","Attributes":0,"ValueType":"System.String"},"Value":"6208f584f3a88a0027e63bcd1df139dddc93a89f"},{"Key":{"Id":"XunitTestCaseExplicit","Label":"xUnit.net Test Case Explicit Flag","Category":"","Description":"","Attributes":0,"ValueType":"System.Boolean"},"Value":false},{"Key":{"Id":"TestCase.ManagedType","Label":"ManagedType","Category":"","Description":"","Attributes":1,"ValueType":"System.String"},"Value":"SharpMind.Tests.Data.SafetyStageTests"}]},"Attachments":[],"Outcome":1,"ErrorMessage":null,"ErrorStackTrace":null,"DisplayName":"SharpMind.Tests.Data.SafetyStageTests.Pii_MasksUsPhone","Messages":[],"ComputerName":"LAPTOP-MKMTSO1B","Duration":"00:00:00.0128833","StartTime":"2026-07-20T05:44:10.8336226+00:00","EndTime":"2026-07-20T05:44:10.8456325+00:00","Properties":[]},{"TestCase":{"Id":"25498a5b-f04e-96bd-a30f-c789cc3e1841","FullyQualifiedName":"SharpMind.Tests.Data.SafetyStageTests.Blocklist_FromFile_LoadsTerms","DisplayName":"SharpMind.Tests.Data.SafetyStageTests.Blocklist_FromFile_LoadsTerms","ExecutorUri":"executor://xunit/VsTestRunner3/netcore/","Source":"C:\\Integral2u\\source\\repos\\SharpMind\\SharpMind.Tests\\bin\\Debug\\net10.0\\SharpMind.Tests.dll","CodeFilePath":null,"LineNumber":0,"Properties":[{"Key":{"Id":"TestCase.ManagedMethod","Label":"ManagedMethod","Category":"","Description":"","Attributes":1,"ValueType":"System.String"},"Value":"Blocklist_FromFile_LoadsTerms"},{"Key":{"Id":"XunitTestCaseUniqueID","Label":"xUnit.net Test Case Unique ID","Category":"","Description":"","Attributes":0,"ValueType":"System.String"},"Value":"6e405e55ab8a4841de374d74cae58bf01fc76c0b"},{"Key":{"Id":"XunitTestCaseExplicit","Label":"xUnit.net Test Case Explicit Flag","Category":"","Description":"","Attributes":0,"ValueType":"System.Boolean"},"Value":false},{"Key":{"Id":"TestCase.ManagedType","Label":"ManagedType","Category":"","Description":"","Attributes":1,"ValueType":"System.String"},"Value":"SharpMind.Tests.Data.SafetyStageTests"}]},"Attachments":[],"Outcome":1,"ErrorMessage":null,"ErrorStackTrace":null,"DisplayName":"SharpMind.Tests.Data.SafetyStageTests.Blocklist_FromFile_LoadsTerms","Messages":[],"ComputerName":"LAPTOP-MKMTSO1B","Duration":"00:00:00.0090059","StartTime":"2026-07-20T05:44:10.846666+00:00","EndTime":"2026-07-20T05:44:10.8548408+00:00","Properties":[]},{"TestCase":{"Id":"d14d2a06-6326-e1fd-63a2-e02d92eacda7","FullyQualifiedName":"SharpMind.Tests.Data.SafetyStageTests.Hap_Redact_ReplacesMatchWithPlaceholder","DisplayName":"SharpMind.Tests.Data.SafetyStageTests.Hap_Redact_ReplacesMatchWithPlaceholder","ExecutorUri":"executor://xunit/VsTestRunner3/netcore/","Source":"C:\\Integral2u\\source\\repos\\SharpMind\\SharpMind.Tests\\bin\\Debug\\net10.0\\SharpMind.Tests.dll","CodeFilePath":null,"LineNumber":0,"Properties":[{"Key":{"Id":"TestCase.ManagedMethod","Label":"ManagedMethod","Category":"","Description":"","Attributes":1,"ValueType":"System.String"},"Value":"Hap_Redact_ReplacesMatchWithPlaceholder"},{"Key":{"Id":"XunitTestCaseUniqueID","Label":"xUnit.net Test Case Unique ID","Category":"","Description":"","Attributes":0,"ValueType":"System.String"},"Value":"738b11e29cbe69f4b68196b66db6c400d0f27533"},{"Key":{"Id":"XunitTestCaseExplicit","Label":"xUnit.net Test Case Explicit Flag","Category":"","Description":"","Attributes":0,"ValueType":"System.Boolean"},"Value":false},{"Key":{"Id":"TestCase.ManagedType","Label":"ManagedType","Category":"","Description":"","Attributes":1,"ValueType":"System.String"},"Value":"SharpMind.Tests.Data.SafetyStageTests"}]},"Attachments":[],"Outcome":1,"ErrorMessage":null,"ErrorStackTrace":null,"DisplayName":"SharpMind.Tests.Data.SafetyStageTests.Hap_Redact_ReplacesMatchWithPlaceholder","Messages":[],"ComputerName":"LAPTOP-MKMTSO1B","Duration":"00:00:00.0125637","StartTime":"2026-07-20T05:44:10.8563987+00:00","EndTime":"2026-07-20T05:44:10.8701533+00:00","Properties":[]},{"TestCase":{"Id":"5efa946e-c6c2-6430-5d6f-93ec0eae2ca7","FullyQualifiedName":"SharpMind.Tests.Data.SafetyStageTests.Blocklist_NonWholeWord_MatchesPartial","DisplayName":"SharpMind.Tests.Data.SafetyStageTests.Blocklist_NonWholeWord_MatchesPartial","ExecutorUri":"executor://xunit/VsTestRunner3/netcore/","Source":"C:\\Integral2u\\source\\repos\\SharpMind\\SharpMind.Tests\\bin\\Debug\\net10.0\\SharpMind.Tests.dll","CodeFilePath":null,"LineNumber":0,"Properties":[{"Key":{"Id":"TestCase.ManagedMethod","Label":"ManagedMethod","Category":"","Description":"","Attributes":1,"ValueType":"System.String"},"Value":"Blocklist_NonWholeWord_MatchesPartial"},{"Key":{"Id":"XunitTestCaseUniqueID","Label":"xUnit.net Test Case Unique ID","Category":"","Description":"","Attributes":0,"ValueType":"System.String"},"Value":"90e96d18aa4ca3cd597e0f7255ac887aa5080c50"},{"Key":{"Id":"XunitTestCaseExplicit","Label":"xUnit.net Test Case Explicit Flag","Category":"","Description":"","Attributes":0,"ValueType":"System.Boolean"},"Value":false},{"Key":{"Id":"TestCase.ManagedType","Label":"ManagedType","Category":"","Description":"","Attributes":1,"ValueType":"System.String"},"Value":"SharpMind.Tests.Data.SafetyStageTests"}]},"Attachments":[],"Outcome":1,"ErrorMessage":null,"ErrorStackTrace":null,"DisplayName":"SharpMind.Tests.Data.SafetyStageTests.Blocklist_NonWholeWord_MatchesPartial","Messages":[],"ComputerName":"LAPTOP-MKMTSO1B","Duration":"00:00:00.0015056","StartTime":"2026-07-20T05:44:10.8724557+00:00","EndTime":"2026-07-20T05:44:10.8726193+00:00","Properties":[]}],"TestRunStatistics":{"ExecutedTests":43,"Stats":{"Passed":43}},"ActiveTests":[{"Id":"52dc2d31-9097-8e65-c55e-4b744bc1594a","FullyQualifiedName":"SharpMind.Tests.Data.SafetyStageTests.Hap_Redact_KeepsRestOfDocument","DisplayName":"SharpMind.Tests.Data.SafetyStageTests.Hap_Redact_KeepsRestOfDocument","ExecutorUri":"executor://xunit/VsTestRunner3/netcore/","Source":"C:\\Integral2u\\source\\repos\\SharpMind\\SharpMind.Tests\\bin\\Debug\\net10.0\\SharpMind.Tests.dll","CodeFilePath":null,"LineNumber":0,"Properties":[{"Key":{"Id":"TestCase.ManagedMethod","Label":"ManagedMethod","Category":"","Description":"","Attributes":1,"ValueType":"System.String"},"Value":"Hap_Redact_KeepsRestOfDocument"},{"Key":{"Id":"XunitTestCaseUniqueID","Label":"xUnit.net Test Case Unique ID","Category":"","Description":"","Attributes":0,"ValueType":"System.String"},"Value":"a6ced43475b18438ae0eb3d7a52170eef539471f"},{"Key":{"Id":"XunitTestCaseExplicit","Label":"xUnit.net Test Case Explicit Flag","Category":"","Description":"","Attributes":0,"ValueType":"System.Boolean"},"Value":false},{"Key":{"Id":"TestCase.ManagedType","Label":"ManagedType","Category":"","Description":"","Attributes":1,"ValueType":"System.String"},"Value":"SharpMind.Tests.Data.SafetyStageTests"}]}]}}
TpTrace Verbose: 0 : 2304, 12, 2026/07/20, 17:44:10.888, 376397629024, vstest.console.dll, TestRunRequest:SendTestRunStatsChange: Starting.
TpTrace Verbose: 0 : 2304, 12, 2026/07/20, 17:44:10.888, 376397630586, vstest.console.dll, InProgress is SharpMind.Tests.Data.SafetyStageTests.Hap_Redact_KeepsRestOfDocument
TpTrace Verbose: 0 : 2304, 12, 2026/07/20, 17:44:10.888, 376397631540, vstest.console.dll, MulticastDelegateUtilities.SafeInvoke: TestRun.RunStatsChanged: Invoking callbacks was skipped because there are no subscribers.
TpTrace Information: 0 : 2304, 12, 2026/07/20, 17:44:10.888, 376397632119, vstest.console.dll, TestRunRequest:SendTestRunStatsChange: Completed.
TpTrace Verbose: 0 : 2304, 12, 2026/07/20, 17:44:10.888, 376397632689, vstest.console.dll, MulticastDelegateUtilities.SafeInvoke: LengthPrefixCommunicationChannel: MessageReceived: Invoking callback 1/1 for Microsoft.VisualStudio.TestPlatform.CommunicationUtilities.TestRequestSender+<>c__DisplayClass34_0., took 5 ms.
TpTrace Verbose: 0 : 2304, 12, 2026/07/20, 17:44:10.888, 376397633263, vstest.console.dll, TcpClientExtensions.MessageLoopAsync: Polling on remoteEndPoint: 127.0.0.1:55769 localEndPoint: 127.0.0.1:55768 after 120 ms
TpTrace Verbose: 0 : 2304, 4, 2026/07/20, 17:44:10.889, 376397635042, vstest.console.dll, MulticastDelegateUtilities.SafeInvoke: InternalTestLoggerEvents.SendTestResult: Invoking callback 1/1 for Microsoft.VisualStudio.TestPlatform.CommandLine.Internal.ConsoleLogger., took 0 ms.
TpTrace Verbose: 0 : 2304, 4, 2026/07/20, 17:44:10.889, 376397636091, vstest.console.dll, MulticastDelegateUtilities.SafeInvoke: InternalTestLoggerEvents.SendTestResult: Invoking callback 1/1 for Microsoft.VisualStudio.TestPlatform.CommandLine.Internal.ConsoleLogger., took 0 ms.
TpTrace Verbose: 0 : 2304, 4, 2026/07/20, 17:44:10.889, 376397636914, vstest.console.dll, MulticastDelegateUtilities.SafeInvoke: InternalTestLoggerEvents.SendTestResult: Invoking callback 1/1 for Microsoft.VisualStudio.TestPlatform.CommandLine.Internal.ConsoleLogger., took 0 ms.
TpTrace Verbose: 0 : 2304, 4, 2026/07/20, 17:44:10.889, 376397637709, vstest.console.dll, MulticastDelegateUtilities.SafeInvoke: InternalTestLoggerEvents.SendTestResult: Invoking callback 1/1 for Microsoft.VisualStudio.TestPlatform.CommandLine.Internal.ConsoleLogger., took 0 ms.
TpTrace Verbose: 0 : 2304, 4, 2026/07/20, 17:44:10.889, 376397638610, vstest.console.dll, MulticastDelegateUtilities.SafeInvoke: InternalTestLoggerEvents.SendTestResult: Invoking callback 1/1 for Microsoft.VisualStudio.TestPlatform.CommandLine.Internal.ConsoleLogger., took 0 ms.
TpTrace Verbose: 0 : 2304, 4, 2026/07/20, 17:44:10.889, 376397639396, vstest.console.dll, MulticastDelegateUtilities.SafeInvoke: InternalTestLoggerEvents.SendTestResult: Invoking callback 1/1 for Microsoft.VisualStudio.TestPlatform.CommandLine.Internal.ConsoleLogger., took 0 ms.
TpTrace Verbose: 0 : 2304, 4, 2026/07/20, 17:44:10.889, 376397640183, vstest.console.dll, MulticastDelegateUtilities.SafeInvoke: InternalTestLoggerEvents.SendTestResult: Invoking callback 1/1 for Microsoft.VisualStudio.TestPlatform.CommandLine.Internal.ConsoleLogger., took 0 ms.
TpTrace Verbose: 0 : 2304, 4, 2026/07/20, 17:44:10.889, 376397641043, vstest.console.dll, MulticastDelegateUtilities.SafeInvoke: InternalTestLoggerEvents.SendTestResult: Invoking callback 1/1 for Microsoft.VisualStudio.TestPlatform.CommandLine.Internal.ConsoleLogger., took 0 ms.
TpTrace Verbose: 0 : 2304, 4, 2026/07/20, 17:44:10.889, 376397641823, vstest.console.dll, MulticastDelegateUtilities.SafeInvoke: InternalTestLoggerEvents.SendTestResult: Invoking callback 1/1 for Microsoft.VisualStudio.TestPlatform.CommandLine.Internal.ConsoleLogger., took 0 ms.
TpTrace Verbose: 0 : 2304, 12, 2026/07/20, 17:44:11.038, 376399124989, vstest.console.dll, TcpClientExtensions.MessageLoopAsync: NotifyDataAvailable remoteEndPoint: 127.0.0.1:55769 localEndPoint: 127.0.0.1:55768
TpTrace Verbose: 0 : 2304, 12, 2026/07/20, 17:44:11.038, 376399130309, vstest.console.dll, TestRequestSender.OnExecutionMessageReceived: Received message: {"Version":7,"MessageType":"TestExecution.StatsChange","Payload":{"NewTestResults":[{"TestCase":{"Id":"52dc2d31-9097-8e65-c55e-4b744bc1594a","FullyQualifiedName":"SharpMind.Tests.Data.SafetyStageTests.Hap_Redact_KeepsRestOfDocument","DisplayName":"SharpMind.Tests.Data.SafetyStageTests.Hap_Redact_KeepsRestOfDocument","ExecutorUri":"executor://xunit/VsTestRunner3/netcore/","Source":"C:\\Integral2u\\source\\repos\\SharpMind\\SharpMind.Tests\\bin\\Debug\\net10.0\\SharpMind.Tests.dll","CodeFilePath":null,"LineNumber":0,"Properties":[{"Key":{"Id":"TestCase.ManagedMethod","Label":"ManagedMethod","Category":"","Description":"","Attributes":1,"ValueType":"System.String"},"Value":"Hap_Redact_KeepsRestOfDocument"},{"Key":{"Id":"XunitTestCaseUniqueID","Label":"xUnit.net Test Case Unique ID","Category":"","Description":"","Attributes":0,"ValueType":"System.String"},"Value":"a6ced43475b18438ae0eb3d7a52170eef539471f"},{"Key":{"Id":"XunitTestCaseExplicit","Label":"xUnit.net Test Case Explicit Flag","Category":"","Description":"","Attributes":0,"ValueType":"System.Boolean"},"Value":false},{"Key":{"Id":"TestCase.ManagedType","Label":"ManagedType","Category":"","Description":"","Attributes":1,"ValueType":"System.String"},"Value":"SharpMind.Tests.Data.SafetyStageTests"}]},"Attachments":[],"Outcome":1,"ErrorMessage":null,"ErrorStackTrace":null,"DisplayName":"SharpMind.Tests.Data.SafetyStageTests.Hap_Redact_KeepsRestOfDocument","Messages":[],"ComputerName":"LAPTOP-MKMTSO1B","Duration":"00:00:00.0239993","StartTime":"2026-07-20T05:44:10.8830189+00:00","EndTime":"2026-07-20T05:44:10.893493+00:00","Properties":[]},{"TestCase":{"Id":"fde13104-68a7-be09-85d3-ab6a244d44af","FullyQualifiedName":"SharpMind.Tests.Data.SafetyStageTests.Blocklist_PassesCleanDocument","DisplayName":"SharpMind.Tests.Data.SafetyStageTests.Blocklist_PassesCleanDocument","ExecutorUri":"executor://xunit/VsTestRunner3/netcore/","Source":"C:\\Integral2u\\source\\repos\\SharpMind\\SharpMind.Tests\\bin\\Debug\\net10.0\\SharpMind.Tests.dll","CodeFilePath":null,"LineNumber":0,"Properties":[{"Key":{"Id":"TestCase.ManagedMethod","Label":"ManagedMethod","Category":"","Description":"","Attributes":1,"ValueType":"System.String"},"Value":"Blocklist_PassesCleanDocument"},{"Key":{"Id":"XunitTestCaseUniqueID","Label":"xUnit.net Test Case Unique ID","Category":"","Description":"","Attributes":0,"ValueType":"System.String"},"Value":"a7fceb211843a8f54a1ed004541c18af3e522265"},{"Key":{"Id":"XunitTestCaseExplicit","Label":"xUnit.net Test Case Explicit Flag","Category":"","Description":"","Attributes":0,"ValueType":"System.Boolean"},"Value":false},{"Key":{"Id":"TestCase.ManagedType","Label":"ManagedType","Category":"","Description":"","Attributes":1,"ValueType":"System.String"},"Value":"SharpMind.Tests.Data.SafetyStageTests"}]},"Attachments":[],"Outcome":1,"ErrorMessage":null,"ErrorStackTrace":null,"DisplayName":"SharpMind.Tests.Data.SafetyStageTests.Blocklist_PassesCleanDocument","Messages":[],"ComputerName":"LAPTOP-MKMTSO1B","Duration":"00:00:00.0004078","StartTime":"2026-07-20T05:44:10.8946728+00:00","EndTime":"2026-07-20T05:44:10.8948401+00:00","Properties":[]},{"TestCase":{"Id":"973a0363-2a69-bb99-2fae-8be1feb2b875","FullyQualifiedName":"SharpMind.Tests.Data.SafetyStageTests.Blocklist_CaseInsensitive","DisplayName":"SharpMind.Tests.Data.SafetyStageTests.Blocklist_CaseInsensitive","ExecutorUri":"executor://xunit/VsTestRunner3/netcore/","Source":"C:\\Integral2u\\source\\repos\\SharpMind\\SharpMind.Tests\\bin\\Debug\\net10.0\\SharpMind.Tests.dll","CodeFilePath":null,"LineNumber":0,"Properties":[{"Key":{"Id":"TestCase.ManagedMethod","Label":"ManagedMethod","Category":"","Description":"","Attributes":1,"ValueType":"System.String"},"Value":"Blocklist_CaseInsensitive"},{"Key":{"Id":"XunitTestCaseUniqueID","Label":"xUnit.net Test Case Unique ID","Category":"","Description":"","Attributes":0,"ValueType":"System.String"},"Value":"b30e984a219e374a65a3f82ce2c0ca8a2523a468"},{"Key":{"Id":"XunitTestCaseExplicit","Label":"xUnit.net Test Case Explicit Flag","Category":"","Description":"","Attributes":0,"ValueType":"System.Boolean"},"Value":false},{"Key":{"Id":"TestCase.ManagedType","Label":"ManagedType","Category":"","Description":"","Attributes":1,"ValueType":"System.String"},"Value":"SharpMind.Tests.Data.SafetyStageTests"}]},"Attachments":[],"Outcome":1,"ErrorMessage":null,"ErrorStackTrace":null,"DisplayName":"SharpMind.Tests.Data.SafetyStageTests.Blocklist_CaseInsensitive","Messages":[],"ComputerName":"LAPTOP-MKMTSO1B","Duration":"00:00:00.0002709","StartTime":"2026-07-20T05:44:10.8957235+00:00","EndTime":"2026-07-20T05:44:10.8958841+00:00","Properties":[]},{"TestCase":{"Id":"205de52c-bdec-73ae-b538-6874b8dd184a","FullyQualifiedName":"SharpMind.Tests.Data.SafetyStageTests.Blocklist_DiscardsDocumentContainingTerm","DisplayName":"SharpMind.Tests.Data.SafetyStageTests.Blocklist_DiscardsDocumentContainingTerm","ExecutorUri":"executor://xunit/VsTestRunner3/netcore/","Source":"C:\\Integral2u\\source\\repos\\SharpMind\\SharpMind.Tests\\bin\\Debug\\net10.0\\SharpMind.Tests.dll","CodeFilePath":null,"LineNumber":0,"Properties":[{"Key":{"Id":"TestCase.ManagedMethod","Label":"ManagedMethod","Category":"","Description":"","Attributes":1,"ValueType":"System.String"},"Value":"Blocklist_DiscardsDocumentContainingTerm"},{"Key":{"Id":"XunitTestCaseUniqueID","Label":"xUnit.net Test Case Unique ID","Category":"","Description":"","Attributes":0,"ValueType":"System.String"},"Value":"c2ce22414ff76a44b1269f0f2b02c034f48bfbdf"},{"Key":{"Id":"XunitTestCaseExplicit","Label":"xUnit.net Test Case Explicit Flag","Category":"","Description":"","Attributes":0,"ValueType":"System.Boolean"},"Value":false},{"Key":{"Id":"TestCase.ManagedType","Label":"ManagedType","Category":"","Description":"","Attributes":1,"ValueType":"System.String"},"Value":"SharpMind.Tests.Data.SafetyStageTests"}]},"Attachments":[],"Outcome":1,"ErrorMessage":null,"ErrorStackTrace":null,"DisplayName":"SharpMind.Tests.Data.SafetyStageTests.Blocklist_DiscardsDocumentContainingTerm","Messages":[],"ComputerName":"LAPTOP-MKMTSO1B","Duration":"00:00:00.0002173","StartTime":"2026-07-20T05:44:10.8967382+00:00","EndTime":"2026-07-20T05:44:10.8968856+00:00","Properties":[]},{"TestCase":{"Id":"3536bbb8-3e55-814d-25b8-0d85427b2d9d","FullyQualifiedName":"SharpMind.Tests.Data.SafetyStageTests.Pii_NoMatch_ReturnsDocumentUnchanged","DisplayName":"SharpMind.Tests.Data.SafetyStageTests.Pii_NoMatch_ReturnsDocumentUnchanged","ExecutorUri":"executor://xunit/VsTestRunner3/netcore/","Source":"C:\\Integral2u\\source\\repos\\SharpMind\\SharpMind.Tests\\bin\\Debug\\net10.0\\SharpMind.Tests.dll","CodeFilePath":null,"LineNumber":0,"Properties":[{"Key":{"Id":"TestCase.ManagedMethod","Label":"ManagedMethod","Category":"","Description":"","Attributes":1,"ValueType":"System.String"},"Value":"Pii_NoMatch_ReturnsDocumentUnchanged"},{"Key":{"Id":"XunitTestCaseUniqueID","Label":"xUnit.net Test Case Unique ID","Category":"","Description":"","Attributes":0,"ValueType":"System.String"},"Value":"db2a71e07f277de3499e84d7fc80045d2f10ebaa"},{"Key":{"Id":"XunitTestCaseExplicit","Label":"xUnit.net Test Case Explicit Flag","Category":"","Description":"","Attributes":0,"ValueType":"System.Boolean"},"Value":false},{"Key":{"Id":"TestCase.ManagedType","Label":"ManagedType","Category":"","Description":"","Attributes":1,"ValueType":"System.String"},"Value":"SharpMind.Tests.Data.SafetyStageTests"}]},"Attachments":[],"Outcome":1,"ErrorMessage":null,"ErrorStackTrace":null,"DisplayName":"SharpMind.Tests.Data.SafetyStageTests.Pii_NoMatch_ReturnsDocumentUnchanged","Messages":[],"ComputerName":"LAPTOP-MKMTSO1B","Duration":"00:00:00.0345322","StartTime":"2026-07-20T05:44:10.8977498+00:00","EndTime":"2026-07-20T05:44:10.9293785+00:00","Properties":[]},{"TestCase":{"Id":"d5d76b52-6acb-9560-2e7c-869101d73cd3","FullyQualifiedName":"SharpMind.Tests.Data.SafetyStageTests.Blocklist_MultipleTerms_AnyMatchDiscards","DisplayName":"SharpMind.Tests.Data.SafetyStageTests.Blocklist_MultipleTerms_AnyMatchDiscards","ExecutorUri":"executor://xunit/VsTestRunner3/netcore/","Source":"C:\\Integral2u\\source\\repos\\SharpMind\\SharpMind.Tests\\bin\\Debug\\net10.0\\SharpMind.Tests.dll","CodeFilePath":null,"LineNumber":0,"Properties":[{"Key":{"Id":"TestCase.ManagedMethod","Label":"ManagedMethod","Category":"","Description":"","Attributes":1,"ValueType":"System.String"},"Value":"Blocklist_MultipleTerms_AnyMatchDiscards"},{"Key":{"Id":"XunitTestCaseUniqueID","Label":"xUnit.net Test Case Unique ID","Category":"","Description":"","Attributes":0,"ValueType":"System.String"},"Value":"ea1e54f035875210edbfdafaf335e54f5356a53d"},{"Key":{"Id":"XunitTestCaseExplicit","Label":"xUnit.net Test Case Explicit Flag","Category":"","Description":"","Attributes":0,"ValueType":"System.Boolean"},"Value":false},{"Key":{"Id":"TestCase.ManagedType","Label":"ManagedType","Category":"","Description":"","Attributes":1,"ValueType":"System.String"},"Value":"SharpMind.Tests.Data.SafetyStageTests"}]},"Attachments":[],"Outcome":1,"ErrorMessage":null,"ErrorStackTrace":null,"DisplayName":"SharpMind.Tests.Data.SafetyStageTests.Blocklist_MultipleTerms_AnyMatchDiscards","Messages":[],"ComputerName":"LAPTOP-MKMTSO1B","Duration":"00:00:00.0011267","StartTime":"2026-07-20T05:44:10.9311472+00:00","EndTime":"2026-07-20T05:44:10.9325842+00:00","Properties":[]},{"TestCase":{"Id":"5df17b79-a438-41cc-ec0c-5822fdef612e","FullyQualifiedName":"SharpMind.Tests.Data.SafetyStageTests.Pii_MasksUrl","DisplayName":"SharpMind.Tests.Data.SafetyStageTests.Pii_MasksUrl","ExecutorUri":"executor://xunit/VsTestRunner3/netcore/","Source":"C:\\Integral2u\\source\\repos\\SharpMind\\SharpMind.Tests\\bin\\Debug\\net10.0\\SharpMind.Tests.dll","CodeFilePath":null,"LineNumber":0,"Properties":[{"Key":{"Id":"TestCase.ManagedMethod","Label":"ManagedMethod","Category":"","Description":"","Attributes":1,"ValueType":"System.String"},"Value":"Pii_MasksUrl"},{"Key":{"Id":"XunitTestCaseUniqueID","Label":"xUnit.net Test Case Unique ID","Category":"","Description":"","Attributes":0,"ValueType":"System.String"},"Value":"f27ac3f54ce691377e992dec0c7e37a3839909e9"},{"Key":{"Id":"XunitTestCaseExplicit","Label":"xUnit.net Test Case Explicit Flag","Category":"","Description":"","Attributes":0,"ValueType":"System.Boolean"},"Value":false},{"Key":{"Id":"TestCase.ManagedType","Label":"ManagedType","Category":"","Description":"","Attributes":1,"ValueType":"System.String"},"Value":"SharpMind.Tests.Data.SafetyStageTests"}]},"Attachments":[],"Outcome":1,"ErrorMessage":null,"ErrorStackTrace":null,"DisplayName":"SharpMind.Tests.Data.SafetyStageTests.Pii_MasksUrl","Messages":[],"ComputerName":"LAPTOP-MKMTSO1B","Duration":"00:00:00.0097419","StartTime":"2026-07-20T05:44:10.9369517+00:00","EndTime":"2026-07-20T05:44:10.946731+00:00","Properties":[]},{"TestCase":{"Id":"043e7edd-3441-689a-572c-cb0d06b7cb51","FullyQualifiedName":"SharpMind.Tests.Data.PackingBatcherTests.DocumentLongerThanSeqLen_Truncated","DisplayName":"SharpMind.Tests.Data.PackingBatcherTests.DocumentLongerThanSeqLen_Truncated","ExecutorUri":"executor://xunit/VsTestRunner3/netcore/","Source":"C:\\Integral2u\\source\\repos\\SharpMind\\SharpMind.Tests\\bin\\Debug\\net10.0\\SharpMind.Tests.dll","CodeFilePath":null,"LineNumber":0,"Properties":[{"Key":{"Id":"TestCase.ManagedMethod","Label":"ManagedMethod","Category":"","Description":"","Attributes":1,"ValueType":"System.String"},"Value":"DocumentLongerThanSeqLen_Truncated"},{"Key":{"Id":"XunitTestCaseUniqueID","Label":"xUnit.net Test Case Unique ID","Category":"","Description":"","Attributes":0,"ValueType":"System.String"},"Value":"00a9d72adcbcce02bea0582129ab57966fa37041"},{"Key":{"Id":"XunitTestCaseExplicit","Label":"xUnit.net Test Case Explicit Flag","Category":"","Description":"","Attributes":0,"ValueType":"System.Boolean"},"Value":false},{"Key":{"Id":"TestCase.ManagedType","Label":"ManagedType","Category":"","Description":"","Attributes":1,"ValueType":"System.String"},"Value":"SharpMind.Tests.Data.PackingBatcherTests"}]},"Attachments":[],"Outcome":1,"ErrorMessage":null,"ErrorStackTrace":null,"DisplayName":"SharpMind.Tests.Data.PackingBatcherTests.DocumentLongerThanSeqLen_Truncated","Messages":[],"ComputerName":"LAPTOP-MKMTSO1B","Duration":"00:00:00.0439347","StartTime":"2026-07-20T05:44:10.963543+00:00","EndTime":"2026-07-20T05:44:11.007338+00:00","Properties":[]},{"TestCase":{"Id":"5ab34d3b-7a4d-4cd2-df75-5e8909b9b5b5","FullyQualifiedName":"SharpMind.Tests.Data.PackingBatcherTests.Labels_ShiftedByOne_PaddingIsMinusOneHundred","DisplayName":"SharpMind.Tests.Data.PackingBatcherTests.Labels_ShiftedByOne_PaddingIsMinusOneHundred","ExecutorUri":"executor://xunit/VsTestRunner3/netcore/","Source":"C:\\Integral2u\\source\\repos\\SharpMind\\SharpMind.Tests\\bin\\Debug\\net10.0\\SharpMind.Tests.dll","CodeFilePath":null,"LineNumber":0,"Properties":[{"Key":{"Id":"TestCase.ManagedMethod","Label":"ManagedMethod","Category":"","Description":"","Attributes":1,"ValueType":"System.String"},"Value":"Labels_ShiftedByOne_PaddingIsMinusOneHundred"},{"Key":{"Id":"XunitTestCaseUniqueID","Label":"xUnit.net Test Case Unique ID","Category":"","Description":"","Attributes":0,"ValueType":"System.String"},"Value":"104561f1ae84ef63afd2721d1f38c66e4299c37e"},{"Key":{"Id":"XunitTestCaseExplicit","Label":"xUnit.net Test Case Explicit Flag","Category":"","Description":"","Attributes":0,"ValueType":"System.Boolean"},"Value":false},{"Key":{"Id":"TestCase.ManagedType","Label":"ManagedType","Category":"","Description":"","Attributes":1,"ValueType":"System.String"},"Value":"SharpMind.Tests.Data.PackingBatcherTests"}]},"Attachments":[],"Outcome":1,"ErrorMessage":null,"ErrorStackTrace":null,"DisplayName":"SharpMind.Tests.Data.PackingBatcherTests.Labels_ShiftedByOne_PaddingIsMinusOneHundred","Messages":[],"ComputerName":"LAPTOP-MKMTSO1B","Duration":"00:00:00.0253474","StartTime":"2026-07-20T05:44:11.0083526+00:00","EndTime":"2026-07-20T05:44:11.0328528+00:00","Properties":[]}],"TestRunStatistics":{"ExecutedTests":52,"Stats":{"Passed":52}},"ActiveTests":[{"Id":"b62234ab-b3a3-09c0-e851-8a3d63af75c5","FullyQualifiedName":"SharpMind.Tests.Data.PackingBatcherTests.RealTokenCount_ExcludesPadding","DisplayName":"SharpMind.Tests.Data.PackingBatcherTests.RealTokenCount_ExcludesPadding","ExecutorUri":"executor://xunit/VsTestRunner3/netcore/","Source":"C:\\Integral2u\\source\\repos\\SharpMind\\SharpMind.Tests\\bin\\Debug\\net10.0\\SharpMind.Tests.dll","CodeFilePath":null,"LineNumber":0,"Properties":[{"Key":{"Id":"TestCase.ManagedMethod","Label":"ManagedMethod","Category":"","Description":"","Attributes":1,"ValueType":"System.String"},"Value":"RealTokenCount_ExcludesPadding"},{"Key":{"Id":"XunitTestCaseUniqueID","Label":"xUnit.net Test Case Unique ID","Category":"","Description":"","Attributes":0,"ValueType":"System.String"},"Value":"20746a097db515bd0f30073ab80b9d3634e0ffdc"},{"Key":{"Id":"XunitTestCaseExplicit","Label":"xUnit.net Test Case Explicit Flag","Category":"","Description":"","Attributes":0,"ValueType":"System.Boolean"},"Value":false},{"Key":{"Id":"TestCase.ManagedType","Label":"ManagedType","Category":"","Description":"","Attributes":1,"ValueType":"System.String"},"Value":"SharpMind.Tests.Data.PackingBatcherTests"}]}]}}
TpTrace Verbose: 0 : 2304, 12, 2026/07/20, 17:44:11.042, 376399169183, vstest.console.dll, TestRunRequest:SendTestRunStatsChange: Starting.
TpTrace Verbose: 0 : 2304, 12, 2026/07/20, 17:44:11.042, 376399170808, vstest.console.dll, InProgress is SharpMind.Tests.Data.PackingBatcherTests.RealTokenCount_ExcludesPadding
TpTrace Verbose: 0 : 2304, 12, 2026/07/20, 17:44:11.042, 376399171814, vstest.console.dll, MulticastDelegateUtilities.SafeInvoke: TestRun.RunStatsChanged: Invoking callbacks was skipped because there are no subscribers.
TpTrace Information: 0 : 2304, 12, 2026/07/20, 17:44:11.042, 376399172461, vstest.console.dll, TestRunRequest:SendTestRunStatsChange: Completed.
TpTrace Verbose: 0 : 2304, 4, 2026/07/20, 17:44:11.042, 376399173095, vstest.console.dll, MulticastDelegateUtilities.SafeInvoke: InternalTestLoggerEvents.SendTestResult: Invoking callback 1/1 for Microsoft.VisualStudio.TestPlatform.CommandLine.Internal.ConsoleLogger., took 0 ms.
TpTrace Verbose: 0 : 2304, 12, 2026/07/20, 17:44:11.043, 376399174281, vstest.console.dll, MulticastDelegateUtilities.SafeInvoke: LengthPrefixCommunicationChannel: MessageReceived: Invoking callback 1/1 for Microsoft.VisualStudio.TestPlatform.CommunicationUtilities.TestRequestSender+<>c__DisplayClass34_0., took 4 ms.
TpTrace Verbose: 0 : 2304, 4, 2026/07/20, 17:44:11.043, 376399175519, vstest.console.dll, MulticastDelegateUtilities.SafeInvoke: InternalTestLoggerEvents.SendTestResult: Invoking callback 1/1 for Microsoft.VisualStudio.TestPlatform.CommandLine.Internal.ConsoleLogger., took 0 ms.
TpTrace Verbose: 0 : 2304, 12, 2026/07/20, 17:44:11.043, 376399175854, vstest.console.dll, TcpClientExtensions.MessageLoopAsync: Polling on remoteEndPoint: 127.0.0.1:55769 localEndPoint: 127.0.0.1:55768 after 154 ms
TpTrace Verbose: 0 : 2304, 4, 2026/07/20, 17:44:11.043, 376399176790, vstest.console.dll, MulticastDelegateUtilities.SafeInvoke: InternalTestLoggerEvents.SendTestResult: Invoking callback 1/1 for Microsoft.VisualStudio.TestPlatform.CommandLine.Internal.ConsoleLogger., took 0 ms.
TpTrace Verbose: 0 : 2304, 4, 2026/07/20, 17:44:11.043, 376399178235, vstest.console.dll, MulticastDelegateUtilities.SafeInvoke: InternalTestLoggerEvents.SendTestResult: Invoking callback 1/1 for Microsoft.VisualStudio.TestPlatform.CommandLine.Internal.ConsoleLogger., took 0 ms.
TpTrace Verbose: 0 : 2304, 4, 2026/07/20, 17:44:11.043, 376399179010, vstest.console.dll, MulticastDelegateUtilities.SafeInvoke: InternalTestLoggerEvents.SendTestResult: Invoking callback 1/1 for Microsoft.VisualStudio.TestPlatform.CommandLine.Internal.ConsoleLogger., took 0 ms.
TpTrace Verbose: 0 : 2304, 4, 2026/07/20, 17:44:11.043, 376399179653, vstest.console.dll, MulticastDelegateUtilities.SafeInvoke: InternalTestLoggerEvents.SendTestResult: Invoking callback 1/1 for Microsoft.VisualStudio.TestPlatform.CommandLine.Internal.ConsoleLogger., took 0 ms.
TpTrace Verbose: 0 : 2304, 4, 2026/07/20, 17:44:11.043, 376399180385, vstest.console.dll, MulticastDelegateUtilities.SafeInvoke: InternalTestLoggerEvents.SendTestResult: Invoking callback 1/1 for Microsoft.VisualStudio.TestPlatform.CommandLine.Internal.ConsoleLogger., took 0 ms.
TpTrace Verbose: 0 : 2304, 4, 2026/07/20, 17:44:11.043, 376399181537, vstest.console.dll, MulticastDelegateUtilities.SafeInvoke: InternalTestLoggerEvents.SendTestResult: Invoking callback 1/1 for Microsoft.VisualStudio.TestPlatform.CommandLine.Internal.ConsoleLogger., took 0 ms.
TpTrace Verbose: 0 : 2304, 4, 2026/07/20, 17:44:11.043, 376399182480, vstest.console.dll, MulticastDelegateUtilities.SafeInvoke: InternalTestLoggerEvents.SendTestResult: Invoking callback 1/1 for Microsoft.VisualStudio.TestPlatform.CommandLine.Internal.ConsoleLogger., took 0 ms.
TpTrace Verbose: 0 : 2304, 12, 2026/07/20, 17:44:11.074, 376399490310, vstest.console.dll, TcpClientExtensions.MessageLoopAsync: NotifyDataAvailable remoteEndPoint: 127.0.0.1:55769 localEndPoint: 127.0.0.1:55768
TpTrace Verbose: 0 : 2304, 12, 2026/07/20, 17:44:11.075, 376399495110, vstest.console.dll, TestRequestSender.OnExecutionMessageReceived: Received message: {"Version":7,"MessageType":"TestExecution.StatsChange","Payload":{"NewTestResults":[{"TestCase":{"Id":"b62234ab-b3a3-09c0-e851-8a3d63af75c5","FullyQualifiedName":"SharpMind.Tests.Data.PackingBatcherTests.RealTokenCount_ExcludesPadding","DisplayName":"SharpMind.Tests.Data.PackingBatcherTests.RealTokenCount_ExcludesPadding","ExecutorUri":"executor://xunit/VsTestRunner3/netcore/","Source":"C:\\Integral2u\\source\\repos\\SharpMind\\SharpMind.Tests\\bin\\Debug\\net10.0\\SharpMind.Tests.dll","CodeFilePath":null,"LineNumber":0,"Properties":[{"Key":{"Id":"TestCase.ManagedMethod","Label":"ManagedMethod","Category":"","Description":"","Attributes":1,"ValueType":"System.String"},"Value":"RealTokenCount_ExcludesPadding"},{"Key":{"Id":"XunitTestCaseUniqueID","Label":"xUnit.net Test Case Unique ID","Category":"","Description":"","Attributes":0,"ValueType":"System.String"},"Value":"20746a097db515bd0f30073ab80b9d3634e0ffdc"},{"Key":{"Id":"XunitTestCaseExplicit","Label":"xUnit.net Test Case Explicit Flag","Category":"","Description":"","Attributes":0,"ValueType":"System.Boolean"},"Value":false},{"Key":{"Id":"TestCase.ManagedType","Label":"ManagedType","Category":"","Description":"","Attributes":1,"ValueType":"System.String"},"Value":"SharpMind.Tests.Data.PackingBatcherTests"}]},"Attachments":[],"Outcome":1,"ErrorMessage":null,"ErrorStackTrace":null,"DisplayName":"SharpMind.Tests.Data.PackingBatcherTests.RealTokenCount_ExcludesPadding","Messages":[],"ComputerName":"LAPTOP-MKMTSO1B","Duration":"00:00:00.0058769","StartTime":"2026-07-20T05:44:11.0384198+00:00","EndTime":"2026-07-20T05:44:11.0387776+00:00","Properties":[]},{"TestCase":{"Id":"f223733e-60fb-742b-d2e2-2a0fad0aff2a","FullyQualifiedName":"SharpMind.Tests.Data.PackingBatcherTests.PartialLastBatch_StillEmitted","DisplayName":"SharpMind.Tests.Data.PackingBatcherTests.PartialLastBatch_StillEmitted","ExecutorUri":"executor://xunit/VsTestRunner3/netcore/","Source":"C:\\Integral2u\\source\\repos\\SharpMind\\SharpMind.Tests\\bin\\Debug\\net10.0\\SharpMind.Tests.dll","CodeFilePath":null,"LineNumber":0,"Properties":[{"Key":{"Id":"TestCase.ManagedMethod","Label":"ManagedMethod","Category":"","Description":"","Attributes":1,"ValueType":"System.String"},"Value":"PartialLastBatch_StillEmitted"},{"Key":{"Id":"XunitTestCaseUniqueID","Label":"xUnit.net Test Case Unique ID","Category":"","Description":"","Attributes":0,"ValueType":"System.String"},"Value":"29efa4e65a5c149e228bde1ce0f7621bb9f8437b"},{"Key":{"Id":"XunitTestCaseExplicit","Label":"xUnit.net Test Case Explicit Flag","Category":"","Description":"","Attributes":0,"ValueType":"System.Boolean"},"Value":false},{"Key":{"Id":"TestCase.ManagedType","Label":"ManagedType","Category":"","Description":"","Attributes":1,"ValueType":"System.String"},"Value":"SharpMind.Tests.Data.PackingBatcherTests"}]},"Attachments":[],"Outcome":1,"ErrorMessage":null,"ErrorStackTrace":null,"DisplayName":"SharpMind.Tests.Data.PackingBatcherTests.PartialLastBatch_StillEmitted","Messages":[],"ComputerName":"LAPTOP-MKMTSO1B","Duration":"00:00:00.0034674","StartTime":"2026-07-20T05:44:11.0398633+00:00","EndTime":"2026-07-20T05:44:11.0436674+00:00","Properties":[]},{"TestCase":{"Id":"705474b3-facf-db19-e480-cc4a6ff4c214","FullyQualifiedName":"SharpMind.Tests.Data.PackingBatcherTests.EmptyDocumentStream_YieldsNoBatches","DisplayName":"SharpMind.Tests.Data.PackingBatcherTests.EmptyDocumentStream_YieldsNoBatches","ExecutorUri":"executor://xunit/VsTestRunner3/netcore/","Source":"C:\\Integral2u\\source\\repos\\SharpMind\\SharpMind.Tests\\bin\\Debug\\net10.0\\SharpMind.Tests.dll","CodeFilePath":null,"LineNumber":0,"Properties":[{"Key":{"Id":"TestCase.ManagedMethod","Label":"ManagedMethod","Category":"","Description":"","Attributes":1,"ValueType":"System.String"},"Value":"EmptyDocumentStream_YieldsNoBatches"},{"Key":{"Id":"XunitTestCaseUniqueID","Label":"xUnit.net Test Case Unique ID","Category":"","Description":"","Attributes":0,"ValueType":"System.String"},"Value":"317adb6767b24e676ec218325f9ae37358c3644a"},{"Key":{"Id":"XunitTestCaseExplicit","Label":"xUnit.net Test Case Explicit Flag","Category":"","Description":"","Attributes":0,"ValueType":"System.Boolean"},"Value":false},{"Key":{"Id":"TestCase.ManagedType","Label":"ManagedType","Category":"","Description":"","Attributes":1,"ValueType":"System.String"},"Value":"SharpMind.Tests.Data.PackingBatcherTests"}]},"Attachments":[],"Outcome":1,"ErrorMessage":null,"ErrorStackTrace":null,"DisplayName":"SharpMind.Tests.Data.PackingBatcherTests.EmptyDocumentStream_YieldsNoBatches","Messages":[],"ComputerName":"LAPTOP-MKMTSO1B","Duration":"00:00:00.0028822","StartTime":"2026-07-20T05:44:11.0444786+00:00","EndTime":"2026-07-20T05:44:11.0467037+00:00","Properties":[]},{"TestCase":{"Id":"0f13b574-6fad-957a-bf2d-5670b2ffe5a3","FullyQualifiedName":"SharpMind.Tests.Data.PackingBatcherTests.AttentionMask_OneForRealTokens_ZeroForPadding","DisplayName":"SharpMind.Tests.Data.PackingBatcherTests.AttentionMask_OneForRealTokens_ZeroForPadding","ExecutorUri":"executor://xunit/VsTestRunner3/netcore/","Source":"C:\\Integral2u\\source\\repos\\SharpMind\\SharpMind.Tests\\bin\\Debug\\net10.0\\SharpMind.Tests.dll","CodeFilePath":null,"LineNumber":0,"Properties":[{"Key":{"Id":"TestCase.ManagedMethod","Label":"ManagedMethod","Category":"","Description":"","Attributes":1,"ValueType":"System.String"},"Value":"AttentionMask_OneForRealTokens_ZeroForPadding"},{"Key":{"Id":"XunitTestCaseUniqueID","Label":"xUnit.net Test Case Unique ID","Category":"","Description":"","Attributes":0,"ValueType":"System.String"},"Value":"5a495e6e78b042721b1e2362e05efdae71e3feda"},{"Key":{"Id":"XunitTestCaseExplicit","Label":"xUnit.net Test Case Explicit Flag","Category":"","Description":"","Attributes":0,"ValueType":"System.Boolean"},"Value":false},{"Key":{"Id":"TestCase.ManagedType","Label":"ManagedType","Category":"","Description":"","Attributes":1,"ValueType":"System.String"},"Value":"SharpMind.Tests.Data.PackingBatcherTests"}]},"Attachments":[],"Outcome":1,"ErrorMessage":null,"ErrorStackTrace":null,"DisplayName":"SharpMind.Tests.Data.PackingBatcherTests.AttentionMask_OneForRealTokens_ZeroForPadding","Messages":[],"ComputerName":"LAPTOP-MKMTSO1B","Duration":"00:00:00.0098324","StartTime":"2026-07-20T05:44:11.0476698+00:00","EndTime":"2026-07-20T05:44:11.0566935+00:00","Properties":[]},{"TestCase":{"Id":"92bbc193-396f-70d3-fae7-68ab082d1913","FullyQualifiedName":"SharpMind.Tests.Data.PackingBatcherTests.Dispose_ReleasesAllTensors","DisplayName":"SharpMind.Tests.Data.PackingBatcherTests.Dispose_ReleasesAllTensors","ExecutorUri":"executor://xunit/VsTestRunner3/netcore/","Source":"C:\\Integral2u\\source\\repos\\SharpMind\\SharpMind.Tests\\bin\\Debug\\net10.0\\SharpMind.Tests.dll","CodeFilePath":null,"LineNumber":0,"Properties":[{"Key":{"Id":"TestCase.ManagedMethod","Label":"ManagedMethod","Category":"","Description":"","Attributes":1,"ValueType":"System.String"},"Value":"Dispose_ReleasesAllTensors"},{"Key":{"Id":"XunitTestCaseUniqueID","Label":"xUnit.net Test Case Unique ID","Category":"","Description":"","Attributes":0,"ValueType":"System.String"},"Value":"b21fa2314331a0f8372b56a97cb08b044c6da1e2"},{"Key":{"Id":"XunitTestCaseExplicit","Label":"xUnit.net Test Case Explicit Flag","Category":"","Description":"","Attributes":0,"ValueType":"System.Boolean"},"Value":false},{"Key":{"Id":"TestCase.ManagedType","Label":"ManagedType","Category":"","Description":"","Attributes":1,"ValueType":"System.String"},"Value":"SharpMind.Tests.Data.PackingBatcherTests"}]},"Attachments":[],"Outcome":1,"ErrorMessage":null,"ErrorStackTrace":null,"DisplayName":"SharpMind.Tests.Data.PackingBatcherTests.Dispose_ReleasesAllTensors","Messages":[],"ComputerName":"LAPTOP-MKMTSO1B","Duration":"00:00:00.0022112","StartTime":"2026-07-20T05:44:11.0577117+00:00","EndTime":"2026-07-20T05:44:11.0590721+00:00","Properties":[]},{"TestCase":{"Id":"efda5545-30d1-bd46-7e12-50ba8bd9bcb2","FullyQualifiedName":"SharpMind.Tests.Data.PackingBatcherTests.PacksMultipleDocumentsPerRow","DisplayName":"SharpMind.Tests.Data.PackingBatcherTests.PacksMultipleDocumentsPerRow","ExecutorUri":"executor://xunit/VsTestRunner3/netcore/","Source":"C:\\Integral2u\\source\\repos\\SharpMind\\SharpMind.Tests\\bin\\Debug\\net10.0\\SharpMind.Tests.dll","CodeFilePath":null,"LineNumber":0,"Properties":[{"Key":{"Id":"TestCase.ManagedMethod","Label":"ManagedMethod","Category":"","Description":"","Attributes":1,"ValueType":"System.String"},"Value":"PacksMultipleDocumentsPerRow"},{"Key":{"Id":"XunitTestCaseUniqueID","Label":"xUnit.net Test Case Unique ID","Category":"","Description":"","Attributes":0,"ValueType":"System.String"},"Value":"d49a468ed1b5ce169cd1f4763910be83f6422c3d"},{"Key":{"Id":"XunitTestCaseExplicit","Label":"xUnit.net Test Case Explicit Flag","Category":"","Description":"","Attributes":0,"ValueType":"System.Boolean"},"Value":false},{"Key":{"Id":"TestCase.ManagedType","Label":"ManagedType","Category":"","Description":"","Attributes":1,"ValueType":"System.String"},"Value":"SharpMind.Tests.Data.PackingBatcherTests"}]},"Attachments":[],"Outcome":1,"ErrorMessage":null,"ErrorStackTrace":null,"DisplayName":"SharpMind.Tests.Data.PackingBatcherTests.PacksMultipleDocumentsPerRow","Messages":[],"ComputerName":"LAPTOP-MKMTSO1B","Duration":"00:00:00.0012853","StartTime":"2026-07-20T05:44:11.0600684+00:00","EndTime":"2026-07-20T05:44:11.0604631+00:00","Properties":[]},{"TestCase":{"Id":"94ae36c9-94b2-256c-72be-ef812892528f","FullyQualifiedName":"SharpMind.Tests.Data.PackingBatcherTests.BatchShape_IsCorrect","DisplayName":"SharpMind.Tests.Data.PackingBatcherTests.BatchShape_IsCorrect","ExecutorUri":"executor://xunit/VsTestRunner3/netcore/","Source":"C:\\Integral2u\\source\\repos\\SharpMind\\SharpMind.Tests\\bin\\Debug\\net10.0\\SharpMind.Tests.dll","CodeFilePath":null,"LineNumber":0,"Properties":[{"Key":{"Id":"TestCase.ManagedMethod","Label":"ManagedMethod","Category":"","Description":"","Attributes":1,"ValueType":"System.String"},"Value":"BatchShape_IsCorrect"},{"Key":{"Id":"XunitTestCaseUniqueID","Label":"xUnit.net Test Case Unique ID","Category":"","Description":"","Attributes":0,"ValueType":"System.String"},"Value":"e72e208a2ddb91efc64caefd554f65ade4072cf6"},{"Key":{"Id":"XunitTestCaseExplicit","Label":"xUnit.net Test Case Explicit Flag","Category":"","Description":"","Attributes":0,"ValueType":"System.Boolean"},"Value":false},{"Key":{"Id":"TestCase.ManagedType","Label":"ManagedType","Category":"","Description":"","Attributes":1,"ValueType":"System.String"},"Value":"SharpMind.Tests.Data.PackingBatcherTests"}]},"Attachments":[],"Outcome":1,"ErrorMessage":null,"ErrorStackTrace":null,"DisplayName":"SharpMind.Tests.Data.PackingBatcherTests.BatchShape_IsCorrect","Messages":[],"ComputerName":"LAPTOP-MKMTSO1B","Duration":"00:00:00.0032580","StartTime":"2026-07-20T05:44:11.0614539+00:00","EndTime":"2026-07-20T05:44:11.0639284+00:00","Properties":[]},{"TestCase":{"Id":"e84ed3e5-148a-7a74-60be-532aa85e8f24","FullyQualifiedName":"SharpMind.Tests.ModelFormat.DtypeOpsTests.ElementSize_INT4_Returns1","DisplayName":"SharpMind.Tests.ModelFormat.DtypeOpsTests.ElementSize_INT4_Returns1","ExecutorUri":"executor://xunit/VsTestRunner3/netcore/","Source":"C:\\Integral2u\\source\\repos\\SharpMind\\SharpMind.Tests\\bin\\Debug\\net10.0\\SharpMind.Tests.dll","CodeFilePath":null,"LineNumber":0,"Properties":[{"Key":{"Id":"TestCase.ManagedMethod","Label":"ManagedMethod","Category":"","Description":"","Attributes":1,"ValueType":"System.String"},"Value":"ElementSize_INT4_Returns1"},{"Key":{"Id":"XunitTestCaseUniqueID","Label":"xUnit.net Test Case Unique ID","Category":"","Description":"","Attributes":0,"ValueType":"System.String"},"Value":"07e6a516947f0d53344ee918e44334793ea81652"},{"Key":{"Id":"XunitTestCaseExplicit","Label":"xUnit.net Test Case Explicit Flag","Category":"","Description":"","Attributes":0,"ValueType":"System.Boolean"},"Value":false},{"Key":{"Id":"TestCase.ManagedType","Label":"ManagedType","Category":"","Description":"","Attributes":1,"ValueType":"System.String"},"Value":"SharpMind.Tests.ModelFormat.DtypeOpsTests"}]},"Attachments":[],"Outcome":1,"ErrorMessage":null,"ErrorStackTrace":null,"DisplayName":"SharpMind.Tests.ModelFormat.DtypeOpsTests.ElementSize_INT4_Returns1","Messages":[],"ComputerName":"LAPTOP-MKMTSO1B","Duration":"00:00:00.0020875","StartTime":"2026-07-20T05:44:11.0654092+00:00","EndTime":"2026-07-20T05:44:11.0665032+00:00","Properties":[]},{"TestCase":{"Id":"4d73bffc-0aa8-507a-5c01-9306a0900c1b","FullyQualifiedName":"SharpMind.Tests.ModelFormat.DtypeOpsTests.ElementSize_F16_Returns2","DisplayName":"SharpMind.Tests.ModelFormat.DtypeOpsTests.ElementSize_F16_Returns2","ExecutorUri":"executor://xunit/VsTestRunner3/netcore/","Source":"C:\\Integral2u\\source\\repos\\SharpMind\\SharpMind.Tests\\bin\\Debug\\net10.0\\SharpMind.Tests.dll","CodeFilePath":null,"LineNumber":0,"Properties":[{"Key":{"Id":"TestCase.ManagedMethod","Label":"ManagedMethod","Category":"","Description":"","Attributes":1,"ValueType":"System.String"},"Value":"ElementSize_F16_Returns2"},{"Key":{"Id":"XunitTestCaseUniqueID","Label":"xUnit.net Test Case Unique ID","Category":"","Description":"","Attributes":0,"ValueType":"System.String"},"Value":"177564b89759684b8197683c282cec1af1b5c978"},{"Key":{"Id":"XunitTestCaseExplicit","Label":"xUnit.net Test Case Explicit Flag","Category":"","Description":"","Attributes":0,"ValueType":"System.Boolean"},"Value":false},{"Key":{"Id":"TestCase.ManagedType","Label":"ManagedType","Category":"","Description":"","Attributes":1,"ValueType":"System.String"},"Value":"SharpMind.Tests.ModelFormat.DtypeOpsTests"}]},"Attachments":[],"Outcome":1,"ErrorMessage":null,"ErrorStackTrace":null,"DisplayName":"SharpMind.Tests.ModelFormat.DtypeOpsTests.ElementSize_F16_Returns2","Messages":[],"ComputerName":"LAPTOP-MKMTSO1B","Duration":"00:00:00.0002025","StartTime":"2026-07-20T05:44:11.0708716+00:00","EndTime":"2026-07-20T05:44:11.0717504+00:00","Properties":[]}],"TestRunStatistics":{"ExecutedTests":61,"Stats":{"Passed":61}},"ActiveTests":[{"Id":"1a8cbbb3-b171-5892-99ab-81e2dc146d77","FullyQualifiedName":"SharpMind.Tests.ModelFormat.DtypeOpsTests.ElementSize_F32_Returns4","DisplayName":"SharpMind.Tests.ModelFormat.DtypeOpsTests.ElementSize_F32_Returns4","ExecutorUri":"executor://xunit/VsTestRunner3/netcore/","Source":"C:\\Integral2u\\source\\repos\\SharpMind\\SharpMind.Tests\\bin\\Debug\\net10.0\\SharpMind.Tests.dll","CodeFilePath":null,"LineNumber":0,"Properties":[{"Key":{"Id":"TestCase.ManagedMethod","Label":"ManagedMethod","Category":"","Description":"","Attributes":1,"ValueType":"System.String"},"Value":"ElementSize_F32_Returns4"},{"Key":{"Id":"XunitTestCaseUniqueID","Label":"xUnit.net Test Case Unique ID","Category":"","Description":"","Attributes":0,"ValueType":"System.String"},"Value":"537fc19bfd2f5ece8f79627b42bd1203ae7062a4"},{"Key":{"Id":"XunitTestCaseExplicit","Label":"xUnit.net Test Case Explicit Flag","Category":"","Description":"","Attributes":0,"ValueType":"System.Boolean"},"Value":false},{"Key":{"Id":"TestCase.ManagedType","Label":"ManagedType","Category":"","Description":"","Attributes":1,"ValueType":"System.String"},"Value":"SharpMind.Tests.ModelFormat.DtypeOpsTests"}]}]}}
TpTrace Verbose: 0 : 2304, 12, 2026/07/20, 17:44:11.081, 376399557516, vstest.console.dll, TestRunRequest:SendTestRunStatsChange: Starting.
TpTrace Verbose: 0 : 2304, 12, 2026/07/20, 17:44:11.081, 376399559080, vstest.console.dll, InProgress is SharpMind.Tests.ModelFormat.DtypeOpsTests.ElementSize_F32_Returns4
TpTrace Verbose: 0 : 2304, 12, 2026/07/20, 17:44:11.081, 376399559862, vstest.console.dll, MulticastDelegateUtilities.SafeInvoke: TestRun.RunStatsChanged: Invoking callbacks was skipped because there are no subscribers.
TpTrace Information: 0 : 2304, 12, 2026/07/20, 17:44:11.081, 376399560410, vstest.console.dll, TestRunRequest:SendTestRunStatsChange: Completed.
TpTrace Verbose: 0 : 2304, 4, 2026/07/20, 17:44:11.081, 376399560670, vstest.console.dll, MulticastDelegateUtilities.SafeInvoke: InternalTestLoggerEvents.SendTestResult: Invoking callback 1/1 for Microsoft.VisualStudio.TestPlatform.CommandLine.Internal.ConsoleLogger., took 0 ms.
TpTrace Verbose: 0 : 2304, 12, 2026/07/20, 17:44:11.081, 376399560833, vstest.console.dll, MulticastDelegateUtilities.SafeInvoke: LengthPrefixCommunicationChannel: MessageReceived: Invoking callback 1/1 for Microsoft.VisualStudio.TestPlatform.CommunicationUtilities.TestRequestSender+<>c__DisplayClass34_0., took 6 ms.
TpTrace Verbose: 0 : 2304, 4, 2026/07/20, 17:44:11.081, 376399561878, vstest.console.dll, MulticastDelegateUtilities.SafeInvoke: InternalTestLoggerEvents.SendTestResult: Invoking callback 1/1 for Microsoft.VisualStudio.TestPlatform.CommandLine.Internal.ConsoleLogger., took 0 ms.
TpTrace Verbose: 0 : 2304, 12, 2026/07/20, 17:44:11.081, 376399562388, vstest.console.dll, TcpClientExtensions.MessageLoopAsync: Polling on remoteEndPoint: 127.0.0.1:55769 localEndPoint: 127.0.0.1:55768 after 38 ms
TpTrace Verbose: 0 : 2304, 4, 2026/07/20, 17:44:11.081, 376399563388, vstest.console.dll, MulticastDelegateUtilities.SafeInvoke: InternalTestLoggerEvents.SendTestResult: Invoking callback 1/1 for Microsoft.VisualStudio.TestPlatform.CommandLine.Internal.ConsoleLogger., took 0 ms.
TpTrace Verbose: 0 : 2304, 4, 2026/07/20, 17:44:11.082, 376399564511, vstest.console.dll, MulticastDelegateUtilities.SafeInvoke: InternalTestLoggerEvents.SendTestResult: Invoking callback 1/1 for Microsoft.VisualStudio.TestPlatform.CommandLine.Internal.ConsoleLogger., took 0 ms.
TpTrace Verbose: 0 : 2304, 4, 2026/07/20, 17:44:11.082, 376399565298, vstest.console.dll, MulticastDelegateUtilities.SafeInvoke: InternalTestLoggerEvents.SendTestResult: Invoking callback 1/1 for Microsoft.VisualStudio.TestPlatform.CommandLine.Internal.ConsoleLogger., took 0 ms.
TpTrace Verbose: 0 : 2304, 4, 2026/07/20, 17:44:11.082, 376399566432, vstest.console.dll, MulticastDelegateUtilities.SafeInvoke: InternalTestLoggerEvents.SendTestResult: Invoking callback 1/1 for Microsoft.VisualStudio.TestPlatform.CommandLine.Internal.ConsoleLogger., took 0 ms.
TpTrace Verbose: 0 : 2304, 4, 2026/07/20, 17:44:11.082, 376399567157, vstest.console.dll, MulticastDelegateUtilities.SafeInvoke: InternalTestLoggerEvents.SendTestResult: Invoking callback 1/1 for Microsoft.VisualStudio.TestPlatform.CommandLine.Internal.ConsoleLogger., took 0 ms.
TpTrace Verbose: 0 : 2304, 4, 2026/07/20, 17:44:11.082, 376399568573, vstest.console.dll, MulticastDelegateUtilities.SafeInvoke: InternalTestLoggerEvents.SendTestResult: Invoking callback 1/1 for Microsoft.VisualStudio.TestPlatform.CommandLine.Internal.ConsoleLogger., took 0 ms.
TpTrace Verbose: 0 : 2304, 4, 2026/07/20, 17:44:11.082, 376399569321, vstest.console.dll, MulticastDelegateUtilities.SafeInvoke: InternalTestLoggerEvents.SendTestResult: Invoking callback 1/1 for Microsoft.VisualStudio.TestPlatform.CommandLine.Internal.ConsoleLogger., took 0 ms.
TpTrace Verbose: 0 : 2304, 12, 2026/07/20, 17:44:11.137, 376400116780, vstest.console.dll, TcpClientExtensions.MessageLoopAsync: NotifyDataAvailable remoteEndPoint: 127.0.0.1:55769 localEndPoint: 127.0.0.1:55768
TpTrace Verbose: 0 : 2304, 12, 2026/07/20, 17:44:11.137, 376400121974, vstest.console.dll, TestRequestSender.OnExecutionMessageReceived: Received message: {"Version":7,"MessageType":"TestExecution.StatsChange","Payload":{"NewTestResults":[{"TestCase":{"Id":"1a8cbbb3-b171-5892-99ab-81e2dc146d77","FullyQualifiedName":"SharpMind.Tests.ModelFormat.DtypeOpsTests.ElementSize_F32_Returns4","DisplayName":"SharpMind.Tests.ModelFormat.DtypeOpsTests.ElementSize_F32_Returns4","ExecutorUri":"executor://xunit/VsTestRunner3/netcore/","Source":"C:\\Integral2u\\source\\repos\\SharpMind\\SharpMind.Tests\\bin\\Debug\\net10.0\\SharpMind.Tests.dll","CodeFilePath":null,"LineNumber":0,"Properties":[{"Key":{"Id":"TestCase.ManagedMethod","Label":"ManagedMethod","Category":"","Description":"","Attributes":1,"ValueType":"System.String"},"Value":"ElementSize_F32_Returns4"},{"Key":{"Id":"XunitTestCaseUniqueID","Label":"xUnit.net Test Case Unique ID","Category":"","Description":"","Attributes":0,"ValueType":"System.String"},"Value":"537fc19bfd2f5ece8f79627b42bd1203ae7062a4"},{"Key":{"Id":"XunitTestCaseExplicit","Label":"xUnit.net Test Case Explicit Flag","Category":"","Description":"","Attributes":0,"ValueType":"System.Boolean"},"Value":false},{"Key":{"Id":"TestCase.ManagedType","Label":"ManagedType","Category":"","Description":"","Attributes":1,"ValueType":"System.String"},"Value":"SharpMind.Tests.ModelFormat.DtypeOpsTests"}]},"Attachments":[],"Outcome":1,"ErrorMessage":null,"ErrorStackTrace":null,"DisplayName":"SharpMind.Tests.ModelFormat.DtypeOpsTests.ElementSize_F32_Returns4","Messages":[],"ComputerName":"LAPTOP-MKMTSO1B","Duration":"00:00:00.0049156","StartTime":"2026-07-20T05:44:11.0748402+00:00","EndTime":"2026-07-20T05:44:11.0750064+00:00","Properties":[]},{"TestCase":{"Id":"adc27607-1708-efec-aa0d-8fba6b1b833a","FullyQualifiedName":"SharpMind.Tests.ModelFormat.DtypeOpsTests.ConvertToFloat_INT8_Deiquantize","DisplayName":"SharpMind.Tests.ModelFormat.DtypeOpsTests.ConvertToFloat_INT8_Deiquantize","ExecutorUri":"executor://xunit/VsTestRunner3/netcore/","Source":"C:\\Integral2u\\source\\repos\\SharpMind\\SharpMind.Tests\\bin\\Debug\\net10.0\\SharpMind.Tests.dll","CodeFilePath":null,"LineNumber":0,"Properties":[{"Key":{"Id":"TestCase.ManagedMethod","Label":"ManagedMethod","Category":"","Description":"","Attributes":1,"ValueType":"System.String"},"Value":"ConvertToFloat_INT8_Deiquantize"},{"Key":{"Id":"XunitTestCaseUniqueID","Label":"xUnit.net Test Case Unique ID","Category":"","Description":"","Attributes":0,"ValueType":"System.String"},"Value":"677de638ad5b30661a41f50d85e14af201d13bb1"},{"Key":{"Id":"XunitTestCaseExplicit","Label":"xUnit.net Test Case Explicit Flag","Category":"","Description":"","Attributes":0,"ValueType":"System.Boolean"},"Value":false},{"Key":{"Id":"TestCase.ManagedType","Label":"ManagedType","Category":"","Description":"","Attributes":1,"ValueType":"System.String"},"Value":"SharpMind.Tests.ModelFormat.DtypeOpsTests"}]},"Attachments":[],"Outcome":1,"ErrorMessage":null,"ErrorStackTrace":null,"DisplayName":"SharpMind.Tests.ModelFormat.DtypeOpsTests.ConvertToFloat_INT8_Deiquantize","Messages":[],"ComputerName":"LAPTOP-MKMTSO1B","Duration":"00:00:00.0197972","StartTime":"2026-07-20T05:44:11.0759189+00:00","EndTime":"2026-07-20T05:44:11.0918335+00:00","Properties":[]},{"TestCase":{"Id":"9404167a-e4e6-7408-18bf-52f50b5ca937","FullyQualifiedName":"SharpMind.Tests.ModelFormat.DtypeOpsTests.ConvertToFloat_F16_Roundtrip_Close","DisplayName":"SharpMind.Tests.ModelFormat.DtypeOpsTests.ConvertToFloat_F16_Roundtrip_Close","ExecutorUri":"executor://xunit/VsTestRunner3/netcore/","Source":"C:\\Integral2u\\source\\repos\\SharpMind\\SharpMind.Tests\\bin\\Debug\\net10.0\\SharpMind.Tests.dll","CodeFilePath":null,"LineNumber":0,"Properties":[{"Key":{"Id":"TestCase.ManagedMethod","Label":"ManagedMethod","Category":"","Description":"","Attributes":1,"ValueType":"System.String"},"Value":"ConvertToFloat_F16_Roundtrip_Close"},{"Key":{"Id":"XunitTestCaseUniqueID","Label":"xUnit.net Test Case Unique ID","Category":"","Description":"","Attributes":0,"ValueType":"System.String"},"Value":"786dd8063a006aa02da48f1203fc92b0baa9acd0"},{"Key":{"Id":"XunitTestCaseExplicit","Label":"xUnit.net Test Case Explicit Flag","Category":"","Description":"","Attributes":0,"ValueType":"System.Boolean"},"Value":false},{"Key":{"Id":"TestCase.ManagedType","Label":"ManagedType","Category":"","Description":"","Attributes":1,"ValueType":"System.String"},"Value":"SharpMind.Tests.ModelFormat.DtypeOpsTests"}]},"Attachments":[],"Outcome":1,"ErrorMessage":null,"ErrorStackTrace":null,"DisplayName":"SharpMind.Tests.ModelFormat.DtypeOpsTests.ConvertToFloat_F16_Roundtrip_Close","Messages":[],"ComputerName":"LAPTOP-MKMTSO1B","Duration":"00:00:00.0035875","StartTime":"2026-07-20T05:44:11.0927491+00:00","EndTime":"2026-07-20T05:44:11.0957065+00:00","Properties":[]},{"TestCase":{"Id":"921c9c3e-061a-8ef9-b1e1-43ab058540cd","FullyQualifiedName":"SharpMind.Tests.ModelFormat.DtypeOpsTests.ConvertToFloat_InvalidDtype_Throws","DisplayName":"SharpMind.Tests.ModelFormat.DtypeOpsTests.ConvertToFloat_InvalidDtype_Throws","ExecutorUri":"executor://xunit/VsTestRunner3/netcore/","Source":"C:\\Integral2u\\source\\repos\\SharpMind\\SharpMind.Tests\\bin\\Debug\\net10.0\\SharpMind.Tests.dll","CodeFilePath":null,"LineNumber":0,"Properties":[{"Key":{"Id":"TestCase.ManagedMethod","Label":"ManagedMethod","Category":"","Description":"","Attributes":1,"ValueType":"System.String"},"Value":"ConvertToFloat_InvalidDtype_Throws"},{"Key":{"Id":"XunitTestCaseUniqueID","Label":"xUnit.net Test Case Unique ID","Category":"","Description":"","Attributes":0,"ValueType":"System.String"},"Value":"97c958a4b85fcf2f2ca2be71eef5264624cbd387"},{"Key":{"Id":"XunitTestCaseExplicit","Label":"xUnit.net Test Case Explicit Flag","Category":"","Description":"","Attributes":0,"ValueType":"System.Boolean"},"Value":false},{"Key":{"Id":"TestCase.ManagedType","Label":"ManagedType","Category":"","Description":"","Attributes":1,"ValueType":"System.String"},"Value":"SharpMind.Tests.ModelFormat.DtypeOpsTests"}]},"Attachments":[],"Outcome":1,"ErrorMessage":null,"ErrorStackTrace":null,"DisplayName":"SharpMind.Tests.ModelFormat.DtypeOpsTests.ConvertToFloat_InvalidDtype_Throws","Messages":[],"ComputerName":"LAPTOP-MKMTSO1B","Duration":"00:00:00.0033862","StartTime":"2026-07-20T05:44:11.0970031+00:00","EndTime":"2026-07-20T05:44:11.0992852+00:00","Properties":[]},{"TestCase":{"Id":"9ba9a8a8-1ea0-2d80-ee35-34f416520cbf","FullyQualifiedName":"SharpMind.Tests.ModelFormat.DtypeOpsTests.ElementSize_INT8_Returns1","DisplayName":"SharpMind.Tests.ModelFormat.DtypeOpsTests.ElementSize_INT8_Returns1","ExecutorUri":"executor://xunit/VsTestRunner3/netcore/","Source":"C:\\Integral2u\\source\\repos\\SharpMind\\SharpMind.Tests\\bin\\Debug\\net10.0\\SharpMind.Tests.dll","CodeFilePath":null,"LineNumber":0,"Properties":[{"Key":{"Id":"TestCase.ManagedMethod","Label":"ManagedMethod","Category":"","Description":"","Attributes":1,"ValueType":"System.String"},"Value":"ElementSize_INT8_Returns1"},{"Key":{"Id":"XunitTestCaseUniqueID","Label":"xUnit.net Test Case Unique ID","Category":"","Description":"","Attributes":0,"ValueType":"System.String"},"Value":"a4e783cfe961a4469b014743a0e7f347d6489eab"},{"Key":{"Id":"XunitTestCaseExplicit","Label":"xUnit.net Test Case Explicit Flag","Category":"","Description":"","Attributes":0,"ValueType":"System.Boolean"},"Value":false},{"Key":{"Id":"TestCase.ManagedType","Label":"ManagedType","Category":"","Description":"","Attributes":1,"ValueType":"System.String"},"Value":"SharpMind.Tests.ModelFormat.DtypeOpsTests"}]},"Attachments":[],"Outcome":1,"ErrorMessage":null,"ErrorStackTrace":null,"DisplayName":"SharpMind.Tests.ModelFormat.DtypeOpsTests.ElementSize_INT8_Returns1","Messages":[],"ComputerName":"LAPTOP-MKMTSO1B","Duration":"00:00:00.0003824","StartTime":"2026-07-20T05:44:11.1043918+00:00","EndTime":"2026-07-20T05:44:11.1045777+00:00","Properties":[]},{"TestCase":{"Id":"382d0745-e55b-df6a-520e-ba56457d7de6","FullyQualifiedName":"SharpMind.Tests.ModelFormat.DtypeOpsTests.ConvertToFloat_INT4_Unpack","DisplayName":"SharpMind.Tests.ModelFormat.DtypeOpsTests.ConvertToFloat_INT4_Unpack","ExecutorUri":"executor://xunit/VsTestRunner3/netcore/","Source":"C:\\Integral2u\\source\\repos\\SharpMind\\SharpMind.Tests\\bin\\Debug\\net10.0\\SharpMind.Tests.dll","CodeFilePath":null,"LineNumber":0,"Properties":[{"Key":{"Id":"TestCase.ManagedMethod","Label":"ManagedMethod","Category":"","Description":"","Attributes":1,"ValueType":"System.String"},"Value":"ConvertToFloat_INT4_Unpack"},{"Key":{"Id":"XunitTestCaseUniqueID","Label":"xUnit.net Test Case Unique ID","Category":"","Description":"","Attributes":0,"ValueType":"System.String"},"Value":"ae8ca9dd91348cd1953df4e1e3bc136cd11de06d"},{"Key":{"Id":"XunitTestCaseExplicit","Label":"xUnit.net Test Case Explicit Flag","Category":"","Description":"","Attributes":0,"ValueType":"System.Boolean"},"Value":false},{"Key":{"Id":"TestCase.ManagedType","Label":"ManagedType","Category":"","Description":"","Attributes":1,"ValueType":"System.String"},"Value":"SharpMind.Tests.ModelFormat.DtypeOpsTests"}]},"Attachments":[],"Outcome":1,"ErrorMessage":null,"ErrorStackTrace":null,"DisplayName":"SharpMind.Tests.ModelFormat.DtypeOpsTests.ConvertToFloat_INT4_Unpack","Messages":[],"ComputerName":"LAPTOP-MKMTSO1B","Duration":"00:00:00.0078806","StartTime":"2026-07-20T05:44:11.1063667+00:00","EndTime":"2026-07-20T05:44:11.1078258+00:00","Properties":[]},{"TestCase":{"Id":"5bccd1c2-8e00-7406-e53f-cc9a142a4e70","FullyQualifiedName":"SharpMind.Tests.ModelFormat.DtypeOpsTests.ConvertToFloat_F32_Roundtrip_Exact","DisplayName":"SharpMind.Tests.ModelFormat.DtypeOpsTests.ConvertToFloat_F32_Roundtrip_Exact","ExecutorUri":"executor://xunit/VsTestRunner3/netcore/","Source":"C:\\Integral2u\\source\\repos\\SharpMind\\SharpMind.Tests\\bin\\Debug\\net10.0\\SharpMind.Tests.dll","CodeFilePath":null,"LineNumber":0,"Properties":[{"Key":{"Id":"TestCase.ManagedMethod","Label":"ManagedMethod","Category":"","Description":"","Attributes":1,"ValueType":"System.String"},"Value":"ConvertToFloat_F32_Roundtrip_Exact"},{"Key":{"Id":"XunitTestCaseUniqueID","Label":"xUnit.net Test Case Unique ID","Category":"","Description":"","Attributes":0,"ValueType":"System.String"},"Value":"c87bad3aa1b280c13cb2bdfa9f28e8be65d8cae3"},{"Key":{"Id":"XunitTestCaseExplicit","Label":"xUnit.net Test Case Explicit Flag","Category":"","Description":"","Attributes":0,"ValueType":"System.Boolean"},"Value":false},{"Key":{"Id":"TestCase.ManagedType","Label":"ManagedType","Category":"","Description":"","Attributes":1,"ValueType":"System.String"},"Value":"SharpMind.Tests.ModelFormat.DtypeOpsTests"}]},"Attachments":[],"Outcome":1,"ErrorMessage":null,"ErrorStackTrace":null,"DisplayName":"SharpMind.Tests.ModelFormat.DtypeOpsTests.ConvertToFloat_F32_Roundtrip_Exact","Messages":[],"ComputerName":"LAPTOP-MKMTSO1B","Duration":"00:00:00.0024430","StartTime":"2026-07-20T05:44:11.1091448+00:00","EndTime":"2026-07-20T05:44:11.1119757+00:00","Properties":[]},{"TestCase":{"Id":"1f76eda1-c214-b2c4-92f8-bc8b0ebd8007","FullyQualifiedName":"SharpMind.Tests.Core.EmbeddingTableTests.Forward_OutOfRangeId_Throws","DisplayName":"SharpMind.Tests.Core.EmbeddingTableTests.Forward_OutOfRangeId_Throws","ExecutorUri":"executor://xunit/VsTestRunner3/netcore/","Source":"C:\\Integral2u\\source\\repos\\SharpMind\\SharpMind.Tests\\bin\\Debug\\net10.0\\SharpMind.Tests.dll","CodeFilePath":null,"LineNumber":0,"Properties":[{"Key":{"Id":"TestCase.ManagedMethod","Label":"ManagedMethod","Category":"","Description":"","Attributes":1,"ValueType":"System.String"},"Value":"Forward_OutOfRangeId_Throws"},{"Key":{"Id":"XunitTestCaseUniqueID","Label":"xUnit.net Test Case Unique ID","Category":"","Description":"","Attributes":0,"ValueType":"System.String"},"Value":"5fe8cedc5cb30edb219a53c64309b65e151d715b"},{"Key":{"Id":"XunitTestCaseExplicit","Label":"xUnit.net Test Case Explicit Flag","Category":"","Description":"","Attributes":0,"ValueType":"System.Boolean"},"Value":false},{"Key":{"Id":"TestCase.ManagedType","Label":"ManagedType","Category":"","Description":"","Attributes":1,"ValueType":"System.String"},"Value":"SharpMind.Tests.Core.EmbeddingTableTests"}]},"Attachments":[],"Outcome":1,"ErrorMessage":null,"ErrorStackTrace":null,"DisplayName":"SharpMind.Tests.Core.EmbeddingTableTests.Forward_OutOfRangeId_Throws","Messages":[],"ComputerName":"LAPTOP-MKMTSO1B","Duration":"00:00:00.0028449","StartTime":"2026-07-20T05:44:11.1133395+00:00","EndTime":"2026-07-20T05:44:11.1151795+00:00","Properties":[]},{"TestCase":{"Id":"bc74f2dc-08e1-c8fc-7e34-f3ade3412f6f","FullyQualifiedName":"SharpMind.Tests.Core.EmbeddingTableTests.Forward_ReturnsCorrectRows","DisplayName":"SharpMind.Tests.Core.EmbeddingTableTests.Forward_ReturnsCorrectRows","ExecutorUri":"executor://xunit/VsTestRunner3/netcore/","Source":"C:\\Integral2u\\source\\repos\\SharpMind\\SharpMind.Tests\\bin\\Debug\\net10.0\\SharpMind.Tests.dll","CodeFilePath":null,"LineNumber":0,"Properties":[{"Key":{"Id":"TestCase.ManagedMethod","Label":"ManagedMethod","Category":"","Description":"","Attributes":1,"ValueType":"System.String"},"Value":"Forward_ReturnsCorrectRows"},{"Key":{"Id":"XunitTestCaseUniqueID","Label":"xUnit.net Test Case Unique ID","Category":"","Description":"","Attributes":0,"ValueType":"System.String"},"Value":"7b8148ccd08de789bf19b11e6b529f4db33c6356"},{"Key":{"Id":"XunitTestCaseExplicit","Label":"xUnit.net Test Case Explicit Flag","Category":"","Description":"","Attributes":0,"ValueType":"System.Boolean"},"Value":false},{"Key":{"Id":"TestCase.ManagedType","Label":"ManagedType","Category":"","Description":"","Attributes":1,"ValueType":"System.String"},"Value":"SharpMind.Tests.Core.EmbeddingTableTests"}]},"Attachments":[],"Outcome":1,"ErrorMessage":null,"ErrorStackTrace":null,"DisplayName":"SharpMind.Tests.Core.EmbeddingTableTests.Forward_ReturnsCorrectRows","Messages":[],"ComputerName":"LAPTOP-MKMTSO1B","Duration":"00:00:00.0092878","StartTime":"2026-07-20T05:44:11.1160836+00:00","EndTime":"2026-07-20T05:44:11.1246322+00:00","Properties":[]}],"TestRunStatistics":{"ExecutedTests":70,"Stats":{"Passed":70}},"ActiveTests":[{"Id":"13941500-4cb1-560f-d6a6-8f0473817f13","FullyQualifiedName":"SharpMind.Tests.Core.EmbeddingTableTests.Dispose_Safe","DisplayName":"SharpMind.Tests.Core.EmbeddingTableTests.Dispose_Safe","ExecutorUri":"executor://xunit/VsTestRunner3/netcore/","Source":"C:\\Integral2u\\source\\repos\\SharpMind\\SharpMind.Tests\\bin\\Debug\\net10.0\\SharpMind.Tests.dll","CodeFilePath":null,"LineNumber":0,"Properties":[{"Key":{"Id":"TestCase.ManagedMethod","Label":"ManagedMethod","Category":"","Description":"","Attributes":1,"ValueType":"System.String"},"Value":"Dispose_Safe"},{"Key":{"Id":"XunitTestCaseUniqueID","Label":"xUnit.net Test Case Unique ID","Category":"","Description":"","Attributes":0,"ValueType":"System.String"},"Value":"cf0ca66362d0f8d1e056612bda7fb5468538806f"},{"Key":{"Id":"XunitTestCaseExplicit","Label":"xUnit.net Test Case Explicit Flag","Category":"","Description":"","Attributes":0,"ValueType":"System.Boolean"},"Value":false},{"Key":{"Id":"TestCase.ManagedType","Label":"ManagedType","Category":"","Description":"","Attributes":1,"ValueType":"System.String"},"Value":"SharpMind.Tests.Core.EmbeddingTableTests"}]}]}}
TpTrace Verbose: 0 : 2304, 12, 2026/07/20, 17:44:11.141, 376400158136, vstest.console.dll, TestRunRequest:SendTestRunStatsChange: Starting.
TpTrace Verbose: 0 : 2304, 12, 2026/07/20, 17:44:11.141, 376400159550, vstest.console.dll, InProgress is SharpMind.Tests.Core.EmbeddingTableTests.Dispose_Safe
TpTrace Verbose: 0 : 2304, 12, 2026/07/20, 17:44:11.141, 376400160585, vstest.console.dll, MulticastDelegateUtilities.SafeInvoke: TestRun.RunStatsChanged: Invoking callbacks was skipped because there are no subscribers.
TpTrace Information: 0 : 2304, 12, 2026/07/20, 17:44:11.141, 376400161192, vstest.console.dll, TestRunRequest:SendTestRunStatsChange: Completed.
TpTrace Verbose: 0 : 2304, 4, 2026/07/20, 17:44:11.141, 376400161402, vstest.console.dll, MulticastDelegateUtilities.SafeInvoke: InternalTestLoggerEvents.SendTestResult: Invoking callback 1/1 for Microsoft.VisualStudio.TestPlatform.CommandLine.Internal.ConsoleLogger., took 0 ms.
TpTrace Verbose: 0 : 2304, 12, 2026/07/20, 17:44:11.141, 376400161951, vstest.console.dll, MulticastDelegateUtilities.SafeInvoke: LengthPrefixCommunicationChannel: MessageReceived: Invoking callback 1/1 for Microsoft.VisualStudio.TestPlatform.CommunicationUtilities.TestRequestSender+<>c__DisplayClass34_0., took 4 ms.
TpTrace Verbose: 0 : 2304, 4, 2026/07/20, 17:44:11.141, 376400163257, vstest.console.dll, MulticastDelegateUtilities.SafeInvoke: InternalTestLoggerEvents.SendTestResult: Invoking callback 1/1 for Microsoft.VisualStudio.TestPlatform.CommandLine.Internal.ConsoleLogger., took 0 ms.
TpTrace Verbose: 0 : 2304, 12, 2026/07/20, 17:44:11.141, 376400163489, vstest.console.dll, TcpClientExtensions.MessageLoopAsync: Polling on remoteEndPoint: 127.0.0.1:55769 localEndPoint: 127.0.0.1:55768 after 59 ms
TpTrace Verbose: 0 : 2304, 4, 2026/07/20, 17:44:11.142, 376400164201, vstest.console.dll, MulticastDelegateUtilities.SafeInvoke: InternalTestLoggerEvents.SendTestResult: Invoking callback 1/1 for Microsoft.VisualStudio.TestPlatform.CommandLine.Internal.ConsoleLogger., took 0 ms.
TpTrace Verbose: 0 : 2304, 4, 2026/07/20, 17:44:11.142, 376400165677, vstest.console.dll, MulticastDelegateUtilities.SafeInvoke: InternalTestLoggerEvents.SendTestResult: Invoking callback 1/1 for Microsoft.VisualStudio.TestPlatform.CommandLine.Internal.ConsoleLogger., took 0 ms.
TpTrace Verbose: 0 : 2304, 4, 2026/07/20, 17:44:11.142, 376400166772, vstest.console.dll, MulticastDelegateUtilities.SafeInvoke: InternalTestLoggerEvents.SendTestResult: Invoking callback 1/1 for Microsoft.VisualStudio.TestPlatform.CommandLine.Internal.ConsoleLogger., took 0 ms.
TpTrace Verbose: 0 : 2304, 4, 2026/07/20, 17:44:11.142, 376400167644, vstest.console.dll, MulticastDelegateUtilities.SafeInvoke: InternalTestLoggerEvents.SendTestResult: Invoking callback 1/1 for Microsoft.VisualStudio.TestPlatform.CommandLine.Internal.ConsoleLogger., took 0 ms.
TpTrace Verbose: 0 : 2304, 4, 2026/07/20, 17:44:11.142, 376400168733, vstest.console.dll, MulticastDelegateUtilities.SafeInvoke: InternalTestLoggerEvents.SendTestResult: Invoking callback 1/1 for Microsoft.VisualStudio.TestPlatform.CommandLine.Internal.ConsoleLogger., took 0 ms.
TpTrace Verbose: 0 : 2304, 4, 2026/07/20, 17:44:11.143, 376400174979, vstest.console.dll, MulticastDelegateUtilities.SafeInvoke: InternalTestLoggerEvents.SendTestResult: Invoking callback 1/1 for Microsoft.VisualStudio.TestPlatform.CommandLine.Internal.ConsoleLogger., took 0 ms.
TpTrace Verbose: 0 : 2304, 4, 2026/07/20, 17:44:11.143, 376400175999, vstest.console.dll, MulticastDelegateUtilities.SafeInvoke: InternalTestLoggerEvents.SendTestResult: Invoking callback 1/1 for Microsoft.VisualStudio.TestPlatform.CommandLine.Internal.ConsoleLogger., took 0 ms.
TpTrace Verbose: 0 : 2304, 12, 2026/07/20, 17:44:11.192, 376400670008, vstest.console.dll, TcpClientExtensions.MessageLoopAsync: NotifyDataAvailable remoteEndPoint: 127.0.0.1:55769 localEndPoint: 127.0.0.1:55768
TpTrace Verbose: 0 : 2304, 12, 2026/07/20, 17:44:11.193, 376400676966, vstest.console.dll, TestRequestSender.OnExecutionMessageReceived: Received message: {"Version":7,"MessageType":"TestExecution.StatsChange","Payload":{"NewTestResults":[{"TestCase":{"Id":"13941500-4cb1-560f-d6a6-8f0473817f13","FullyQualifiedName":"SharpMind.Tests.Core.EmbeddingTableTests.Dispose_Safe","DisplayName":"SharpMind.Tests.Core.EmbeddingTableTests.Dispose_Safe","ExecutorUri":"executor://xunit/VsTestRunner3/netcore/","Source":"C:\\Integral2u\\source\\repos\\SharpMind\\SharpMind.Tests\\bin\\Debug\\net10.0\\SharpMind.Tests.dll","CodeFilePath":null,"LineNumber":0,"Properties":[{"Key":{"Id":"TestCase.ManagedMethod","Label":"ManagedMethod","Category":"","Description":"","Attributes":1,"ValueType":"System.String"},"Value":"Dispose_Safe"},{"Key":{"Id":"XunitTestCaseUniqueID","Label":"xUnit.net Test Case Unique ID","Category":"","Description":"","Attributes":0,"ValueType":"System.String"},"Value":"cf0ca66362d0f8d1e056612bda7fb5468538806f"},{"Key":{"Id":"XunitTestCaseExplicit","Label":"xUnit.net Test Case Explicit Flag","Category":"","Description":"","Attributes":0,"ValueType":"System.Boolean"},"Value":false},{"Key":{"Id":"TestCase.ManagedType","Label":"ManagedType","Category":"","Description":"","Attributes":1,"ValueType":"System.String"},"Value":"SharpMind.Tests.Core.EmbeddingTableTests"}]},"Attachments":[],"Outcome":1,"ErrorMessage":null,"ErrorStackTrace":null,"DisplayName":"SharpMind.Tests.Core.EmbeddingTableTests.Dispose_Safe","Messages":[],"ComputerName":"LAPTOP-MKMTSO1B","Duration":"00:00:00.0005826","StartTime":"2026-07-20T05:44:11.1388217+00:00","EndTime":"2026-07-20T05:44:11.1390534+00:00","Properties":[]},{"TestCase":{"Id":"4338c324-cfee-716e-0b2b-960a4359457d","FullyQualifiedName":"SharpMind.Tests.Core.NativeBufferTests.Allocate_ZeroInitialised","DisplayName":"SharpMind.Tests.Core.NativeBufferTests.Allocate_ZeroInitialised","ExecutorUri":"executor://xunit/VsTestRunner3/netcore/","Source":"C:\\Integral2u\\source\\repos\\SharpMind\\SharpMind.Tests\\bin\\Debug\\net10.0\\SharpMind.Tests.dll","CodeFilePath":null,"LineNumber":0,"Properties":[{"Key":{"Id":"TestCase.ManagedMethod","Label":"ManagedMethod","Category":"","Description":"","Attributes":1,"ValueType":"System.String"},"Value":"Allocate_ZeroInitialised"},{"Key":{"Id":"XunitTestCaseUniqueID","Label":"xUnit.net Test Case Unique ID","Category":"","Description":"","Attributes":0,"ValueType":"System.String"},"Value":"3106aabe9c21a98615e3a7e6f29dff62a5c27bcb"},{"Key":{"Id":"XunitTestCaseExplicit","Label":"xUnit.net Test Case Explicit Flag","Category":"","Description":"","Attributes":0,"ValueType":"System.Boolean"},"Value":false},{"Key":{"Id":"TestCase.ManagedType","Label":"ManagedType","Category":"","Description":"","Attributes":1,"ValueType":"System.String"},"Value":"SharpMind.Tests.Core.NativeBufferTests"}]},"Attachments":[],"Outcome":1,"ErrorMessage":null,"ErrorStackTrace":null,"DisplayName":"SharpMind.Tests.Core.NativeBufferTests.Allocate_ZeroInitialised","Messages":[],"ComputerName":"LAPTOP-MKMTSO1B","Duration":"00:00:00.0008904","StartTime":"2026-07-20T05:44:11.1410084+00:00","EndTime":"2026-07-20T05:44:11.1411419+00:00","Properties":[]},{"TestCase":{"Id":"b4db558c-5cec-fc1b-1d1c-c3748cd99ea0","FullyQualifiedName":"SharpMind.Tests.Core.NativeBufferTests.Dispose_AfterFree_DoesNotThrow","DisplayName":"SharpMind.Tests.Core.NativeBufferTests.Dispose_AfterFree_DoesNotThrow","ExecutorUri":"executor://xunit/VsTestRunner3/netcore/","Source":"C:\\Integral2u\\source\\repos\\SharpMind\\SharpMind.Tests\\bin\\Debug\\net10.0\\SharpMind.Tests.dll","CodeFilePath":null,"LineNumber":0,"Properties":[{"Key":{"Id":"TestCase.ManagedMethod","Label":"ManagedMethod","Category":"","Description":"","Attributes":1,"ValueType":"System.String"},"Value":"Dispose_AfterFree_DoesNotThrow"},{"Key":{"Id":"XunitTestCaseUniqueID","Label":"xUnit.net Test Case Unique ID","Category":"","Description":"","Attributes":0,"ValueType":"System.String"},"Value":"619fcf063506866a09c85be8f6b168a43fc6a36b"},{"Key":{"Id":"XunitTestCaseExplicit","Label":"xUnit.net Test Case Explicit Flag","Category":"","Description":"","Attributes":0,"ValueType":"System.Boolean"},"Value":false},{"Key":{"Id":"TestCase.ManagedType","Label":"ManagedType","Category":"","Description":"","Attributes":1,"ValueType":"System.String"},"Value":"SharpMind.Tests.Core.NativeBufferTests"}]},"Attachments":[],"Outcome":1,"ErrorMessage":null,"ErrorStackTrace":null,"DisplayName":"SharpMind.Tests.Core.NativeBufferTests.Dispose_AfterFree_DoesNotThrow","Messages":[],"ComputerName":"LAPTOP-MKMTSO1B","Duration":"00:00:00.0007579","StartTime":"2026-07-20T05:44:11.1419566+00:00","EndTime":"2026-07-20T05:44:11.1421464+00:00","Properties":[]},{"TestCase":{"Id":"d983d0f0-5b4b-1e87-40d3-e17b57b218b1","FullyQualifiedName":"SharpMind.Tests.Core.NativeBufferTests.AddRef_PreventsFreeUntilAllDisposed","DisplayName":"SharpMind.Tests.Core.NativeBufferTests.AddRef_PreventsFreeUntilAllDisposed","ExecutorUri":"executor://xunit/VsTestRunner3/netcore/","Source":"C:\\Integral2u\\source\\repos\\SharpMind\\SharpMind.Tests\\bin\\Debug\\net10.0\\SharpMind.Tests.dll","CodeFilePath":null,"LineNumber":0,"Properties":[{"Key":{"Id":"TestCase.ManagedMethod","Label":"ManagedMethod","Category":"","Description":"","Attributes":1,"ValueType":"System.String"},"Value":"AddRef_PreventsFreeUntilAllDisposed"},{"Key":{"Id":"XunitTestCaseUniqueID","Label":"xUnit.net Test Case Unique ID","Category":"","Description":"","Attributes":0,"ValueType":"System.String"},"Value":"e5fef5bdf3ad366d2f2067b9ca565904da01e7bc"},{"Key":{"Id":"XunitTestCaseExplicit","Label":"xUnit.net Test Case Explicit Flag","Category":"","Description":"","Attributes":0,"ValueType":"System.Boolean"},"Value":false},{"Key":{"Id":"TestCase.ManagedType","Label":"ManagedType","Category":"","Description":"","Attributes":1,"ValueType":"System.String"},"Value":"SharpMind.Tests.Core.NativeBufferTests"}]},"Attachments":[],"Outcome":1,"ErrorMessage":null,"ErrorStackTrace":null,"DisplayName":"SharpMind.Tests.Core.NativeBufferTests.AddRef_PreventsFreeUntilAllDisposed","Messages":[],"ComputerName":"LAPTOP-MKMTSO1B","Duration":"00:00:00.0012009","StartTime":"2026-07-20T05:44:11.1429904+00:00","EndTime":"2026-07-20T05:44:11.1431126+00:00","Properties":[]},{"TestCase":{"Id":"fc44f0fd-4ae2-32bd-8deb-e593dfc8f7e0","FullyQualifiedName":"SharpMind.Tests.Data.TextFileSourceTests.FileMode_YieldsWholeFileAsOneDocument","DisplayName":"SharpMind.Tests.Data.TextFileSourceTests.FileMode_YieldsWholeFileAsOneDocument","ExecutorUri":"executor://xunit/VsTestRunner3/netcore/","Source":"C:\\Integral2u\\source\\repos\\SharpMind\\SharpMind.Tests\\bin\\Debug\\net10.0\\SharpMind.Tests.dll","CodeFilePath":null,"LineNumber":0,"Properties":[{"Key":{"Id":"TestCase.ManagedMethod","Label":"ManagedMethod","Category":"","Description":"","Attributes":1,"ValueType":"System.String"},"Value":"FileMode_YieldsWholeFileAsOneDocument"},{"Key":{"Id":"XunitTestCaseUniqueID","Label":"xUnit.net Test Case Unique ID","Category":"","Description":"","Attributes":0,"ValueType":"System.String"},"Value":"116816727fd784a4d7c883499ac9a61fed9d7f4b"},{"Key":{"Id":"XunitTestCaseExplicit","Label":"xUnit.net Test Case Explicit Flag","Category":"","Description":"","Attributes":0,"ValueType":"System.Boolean"},"Value":false},{"Key":{"Id":"TestCase.ManagedType","Label":"ManagedType","Category":"","Description":"","Attributes":1,"ValueType":"System.String"},"Value":"SharpMind.Tests.Data.TextFileSourceTests"}]},"Attachments":[],"Outcome":1,"ErrorMessage":null,"ErrorStackTrace":null,"DisplayName":"SharpMind.Tests.Data.TextFileSourceTests.FileMode_YieldsWholeFileAsOneDocument","Messages":[],"ComputerName":"LAPTOP-MKMTSO1B","Duration":"00:00:00.6036962","StartTime":"2026-07-20T05:44:10.6764313+00:00","EndTime":"2026-07-20T05:44:11.1750052+00:00","Properties":[]},{"TestCase":{"Id":"625124a9-8ed0-af0a-a2f3-aa38033b1ae0","FullyQualifiedName":"SharpMind.Tests.Data.TextFileSourceTests.MissingFile_Throws","DisplayName":"SharpMind.Tests.Data.TextFileSourceTests.MissingFile_Throws","ExecutorUri":"executor://xunit/VsTestRunner3/netcore/","Source":"C:\\Integral2u\\source\\repos\\SharpMind\\SharpMind.Tests\\bin\\Debug\\net10.0\\SharpMind.Tests.dll","CodeFilePath":null,"LineNumber":0,"Properties":[{"Key":{"Id":"TestCase.ManagedMethod","Label":"ManagedMethod","Category":"","Description":"","Attributes":1,"ValueType":"System.String"},"Value":"MissingFile_Throws"},{"Key":{"Id":"XunitTestCaseUniqueID","Label":"xUnit.net Test Case Unique ID","Category":"","Description":"","Attributes":0,"ValueType":"System.String"},"Value":"245211b5899e8cd6f6879c16cedd506a1701a2c1"},{"Key":{"Id":"XunitTestCaseExplicit","Label":"xUnit.net Test Case Explicit Flag","Category":"","Description":"","Attributes":0,"ValueType":"System.Boolean"},"Value":false},{"Key":{"Id":"TestCase.ManagedType","Label":"ManagedType","Category":"","Description":"","Attributes":1,"ValueType":"System.String"},"Value":"SharpMind.Tests.Data.TextFileSourceTests"}]},"Attachments":[],"Outcome":1,"ErrorMessage":null,"ErrorStackTrace":null,"DisplayName":"SharpMind.Tests.Data.TextFileSourceTests.MissingFile_Throws","Messages":[],"ComputerName":"LAPTOP-MKMTSO1B","Duration":"00:00:00.0029622","StartTime":"2026-07-20T05:44:11.1791492+00:00","EndTime":"2026-07-20T05:44:11.1819678+00:00","Properties":[]},{"TestCase":{"Id":"4a8d2912-78ef-bc93-1205-f7c256ac9771","FullyQualifiedName":"SharpMind.Tests.Data.TextFileSourceTests.EstimatedCount_LineMode_ReturnsNull","DisplayName":"SharpMind.Tests.Data.TextFileSourceTests.EstimatedCount_LineMode_ReturnsNull","ExecutorUri":"executor://xunit/VsTestRunner3/netcore/","Source":"C:\\Integral2u\\source\\repos\\SharpMind\\SharpMind.Tests\\bin\\Debug\\net10.0\\SharpMind.Tests.dll","CodeFilePath":null,"LineNumber":0,"Properties":[{"Key":{"Id":"TestCase.ManagedMethod","Label":"ManagedMethod","Category":"","Description":"","Attributes":1,"ValueType":"System.String"},"Value":"EstimatedCount_LineMode_ReturnsNull"},{"Key":{"Id":"XunitTestCaseUniqueID","Label":"xUnit.net Test Case Unique ID","Category":"","Description":"","Attributes":0,"ValueType":"System.String"},"Value":"2e902ba4a9f5a1c8baa4b0473809e8863d2b8fa3"},{"Key":{"Id":"XunitTestCaseExplicit","Label":"xUnit.net Test Case Explicit Flag","Category":"","Description":"","Attributes":0,"ValueType":"System.Boolean"},"Value":false},{"Key":{"Id":"TestCase.ManagedType","Label":"ManagedType","Category":"","Description":"","Attributes":1,"ValueType":"System.String"},"Value":"SharpMind.Tests.Data.TextFileSourceTests"}]},"Attachments":[],"Outcome":1,"ErrorMessage":null,"ErrorStackTrace":null,"DisplayName":"SharpMind.Tests.Data.TextFileSourceTests.EstimatedCount_LineMode_ReturnsNull","Messages":[],"ComputerName":"LAPTOP-MKMTSO1B","Duration":"00:00:00.0068815","StartTime":"2026-07-20T05:44:11.1828863+00:00","EndTime":"2026-07-20T05:44:11.1891164+00:00","Properties":[]}],"TestRunStatistics":{"ExecutedTests":77,"Stats":{"Passed":77}},"ActiveTests":[{"Id":"3a733a7c-1d3d-084b-d207-a323c2811581","FullyQualifiedName":"SharpMind.Tests.Data.CleaningPipelineTests.ChainedStages_ApplyInOrder","DisplayName":"SharpMind.Tests.Data.CleaningPipelineTests.ChainedStages_ApplyInOrder","ExecutorUri":"executor://xunit/VsTestRunner3/netcore/","Source":"C:\\Integral2u\\source\\repos\\SharpMind\\SharpMind.Tests\\bin\\Debug\\net10.0\\SharpMind.Tests.dll","CodeFilePath":null,"LineNumber":0,"Properties":[{"Key":{"Id":"TestCase.ManagedMethod","Label":"ManagedMethod","Category":"","Description":"","Attributes":1,"ValueType":"System.String"},"Value":"ChainedStages_ApplyInOrder"},{"Key":{"Id":"XunitTestCaseUniqueID","Label":"xUnit.net Test Case Unique ID","Category":"","Description":"","Attributes":0,"ValueType":"System.String"},"Value":"042e069108db28735d951ae8abdbd60c6101a54d"},{"Key":{"Id":"XunitTestCaseExplicit","Label":"xUnit.net Test Case Explicit Flag","Category":"","Description":"","Attributes":0,"ValueType":"System.Boolean"},"Value":false},{"Key":{"Id":"TestCase.ManagedType","Label":"ManagedType","Category":"","Description":"","Attributes":1,"ValueType":"System.String"},"Value":"SharpMind.Tests.Data.CleaningPipelineTests"}]},{"Id":"0312b0d6-e32d-1c99-13e7-e6b14d1f8249","FullyQualifiedName":"SharpMind.Tests.Quantization.QuantizationAgreementTests.VecDot_AllTiers_Agree","DisplayName":"SharpMind.Tests.Quantization.QuantizationAgreementTests.VecDot_AllTiers_Agree(dtype: Q5_0)","ExecutorUri":"executor://xunit/VsTestRunner3/netcore/","Source":"C:\\Integral2u\\source\\repos\\SharpMind\\SharpMind.Tests\\bin\\Debug\\net10.0\\SharpMind.Tests.dll","CodeFilePath":null,"LineNumber":0,"Properties":[{"Key":{"Id":"TestCase.ManagedMethod","Label":"ManagedMethod","Category":"","Description":"","Attributes":1,"ValueType":"System.String"},"Value":"VecDot_AllTiers_Agree"},{"Key":{"Id":"XunitTestCaseUniqueID","Label":"xUnit.net Test Case Unique ID","Category":"","Description":"","Attributes":0,"ValueType":"System.String"},"Value":"04de0139596832bd9c0051597f40f8b5744bfb02"},{"Key":{"Id":"XunitTestCaseExplicit","Label":"xUnit.net Test Case Explicit Flag","Category":"","Description":"","Attributes":0,"ValueType":"System.Boolean"},"Value":false},{"Key":{"Id":"TestCase.ManagedType","Label":"ManagedType","Category":"","Description":"","Attributes":1,"ValueType":"System.String"},"Value":"SharpMind.Tests.Quantization.QuantizationAgreementTests"}]},{"Id":"85f6dbee-27ad-fd77-6a2e-501d9d592650","FullyQualifiedName":"SharpMind.Tests.Data.TextFileSourceTests.EstimatedCount_FileMode_ReturnsFileCount","DisplayName":"SharpMind.Tests.Data.TextFileSourceTests.EstimatedCount_FileMode_ReturnsFileCount","ExecutorUri":"executor://xunit/VsTestRunner3/netcore/","Source":"C:\\Integral2u\\source\\repos\\SharpMind\\SharpMind.Tests\\bin\\Debug\\net10.0\\SharpMind.Tests.dll","CodeFilePath":null,"LineNumber":0,"Properties":[{"Key":{"Id":"TestCase.ManagedMethod","Label":"ManagedMethod","Category":"","Description":"","Attributes":1,"ValueType":"System.String"},"Value":"EstimatedCount_FileMode_ReturnsFileCount"},{"Key":{"Id":"XunitTestCaseUniqueID","Label":"xUnit.net Test Case Unique ID","Category":"","Description":"","Attributes":0,"ValueType":"System.String"},"Value":"3962c137545af61f2e5d28e16551e1cfe33f3bca"},{"Key":{"Id":"XunitTestCaseExplicit","Label":"xUnit.net Test Case Explicit Flag","Category":"","Description":"","Attributes":0,"ValueType":"System.Boolean"},"Value":false},{"Key":{"Id":"TestCase.ManagedType","Label":"ManagedType","Category":"","Description":"","Attributes":1,"ValueType":"System.String"},"Value":"SharpMind.Tests.Data.TextFileSourceTests"}]}]}}
TpTrace Verbose: 0 : 2304, 12, 2026/07/20, 17:44:11.196, 376400710547, vstest.console.dll, TestRunRequest:SendTestRunStatsChange: Starting.
TpTrace Verbose: 0 : 2304, 12, 2026/07/20, 17:44:11.196, 376400711837, vstest.console.dll, InProgress is SharpMind.Tests.Data.CleaningPipelineTests.ChainedStages_ApplyInOrder
TpTrace Verbose: 0 : 2304, 12, 2026/07/20, 17:44:11.196, 376400712276, vstest.console.dll, InProgress is SharpMind.Tests.Quantization.QuantizationAgreementTests.VecDot_AllTiers_Agree(dtype: Q5_0)
TpTrace Verbose: 0 : 2304, 12, 2026/07/20, 17:44:11.196, 376400712747, vstest.console.dll, InProgress is SharpMind.Tests.Data.TextFileSourceTests.EstimatedCount_FileMode_ReturnsFileCount
TpTrace Verbose: 0 : 2304, 12, 2026/07/20, 17:44:11.196, 376400713564, vstest.console.dll, MulticastDelegateUtilities.SafeInvoke: TestRun.RunStatsChanged: Invoking callbacks was skipped because there are no subscribers.
TpTrace Information: 0 : 2304, 12, 2026/07/20, 17:44:11.196, 376400714065, vstest.console.dll, TestRunRequest:SendTestRunStatsChange: Completed.
TpTrace Verbose: 0 : 2304, 4, 2026/07/20, 17:44:11.197, 376400714203, vstest.console.dll, MulticastDelegateUtilities.SafeInvoke: InternalTestLoggerEvents.SendTestResult: Invoking callback 1/1 for Microsoft.VisualStudio.TestPlatform.CommandLine.Internal.ConsoleLogger., took 0 ms.
TpTrace Verbose: 0 : 2304, 12, 2026/07/20, 17:44:11.197, 376400714610, vstest.console.dll, MulticastDelegateUtilities.SafeInvoke: LengthPrefixCommunicationChannel: MessageReceived: Invoking callback 1/1 for Microsoft.VisualStudio.TestPlatform.CommunicationUtilities.TestRequestSender+<>c__DisplayClass34_0., took 3 ms.
TpTrace Verbose: 0 : 2304, 4, 2026/07/20, 17:44:11.197, 376400715859, vstest.console.dll, MulticastDelegateUtilities.SafeInvoke: InternalTestLoggerEvents.SendTestResult: Invoking callback 1/1 for Microsoft.VisualStudio.TestPlatform.CommandLine.Internal.ConsoleLogger., took 0 ms.
TpTrace Verbose: 0 : 2304, 12, 2026/07/20, 17:44:11.197, 376400716360, vstest.console.dll, TcpClientExtensions.MessageLoopAsync: Polling on remoteEndPoint: 127.0.0.1:55769 localEndPoint: 127.0.0.1:55768 after 55 ms
TpTrace Verbose: 0 : 2304, 4, 2026/07/20, 17:44:11.197, 376400717435, vstest.console.dll, MulticastDelegateUtilities.SafeInvoke: InternalTestLoggerEvents.SendTestResult: Invoking callback 1/1 for Microsoft.VisualStudio.TestPlatform.CommandLine.Internal.ConsoleLogger., took 0 ms.
TpTrace Verbose: 0 : 2304, 4, 2026/07/20, 17:44:11.197, 376400718190, vstest.console.dll, MulticastDelegateUtilities.SafeInvoke: InternalTestLoggerEvents.SendTestResult: Invoking callback 1/1 for Microsoft.VisualStudio.TestPlatform.CommandLine.Internal.ConsoleLogger., took 0 ms.
TpTrace Verbose: 0 : 2304, 4, 2026/07/20, 17:44:11.197, 376400719087, vstest.console.dll, MulticastDelegateUtilities.SafeInvoke: InternalTestLoggerEvents.SendTestResult: Invoking callback 1/1 for Microsoft.VisualStudio.TestPlatform.CommandLine.Internal.ConsoleLogger., took 0 ms.
TpTrace Verbose: 0 : 2304, 4, 2026/07/20, 17:44:11.197, 376400719932, vstest.console.dll, MulticastDelegateUtilities.SafeInvoke: InternalTestLoggerEvents.SendTestResult: Invoking callback 1/1 for Microsoft.VisualStudio.TestPlatform.CommandLine.Internal.ConsoleLogger., took 0 ms.
TpTrace Verbose: 0 : 2304, 4, 2026/07/20, 17:44:11.197, 376400720785, vstest.console.dll, MulticastDelegateUtilities.SafeInvoke: InternalTestLoggerEvents.SendTestResult: Invoking callback 1/1 for Microsoft.VisualStudio.TestPlatform.CommandLine.Internal.ConsoleLogger., took 0 ms.
TpTrace Verbose: 0 : 2304, 12, 2026/07/20, 17:44:11.457, 376403318252, vstest.console.dll, TcpClientExtensions.MessageLoopAsync: NotifyDataAvailable remoteEndPoint: 127.0.0.1:55769 localEndPoint: 127.0.0.1:55768
TpTrace Verbose: 0 : 2304, 12, 2026/07/20, 17:44:11.457, 376403322545, vstest.console.dll, TestRequestSender.OnExecutionMessageReceived: Received message: {"Version":7,"MessageType":"TestExecution.StatsChange","Payload":{"NewTestResults":[{"TestCase":{"Id":"85f6dbee-27ad-fd77-6a2e-501d9d592650","FullyQualifiedName":"SharpMind.Tests.Data.TextFileSourceTests.EstimatedCount_FileMode_ReturnsFileCount","DisplayName":"SharpMind.Tests.Data.TextFileSourceTests.EstimatedCount_FileMode_ReturnsFileCount","ExecutorUri":"executor://xunit/VsTestRunner3/netcore/","Source":"C:\\Integral2u\\source\\repos\\SharpMind\\SharpMind.Tests\\bin\\Debug\\net10.0\\SharpMind.Tests.dll","CodeFilePath":null,"LineNumber":0,"Properties":[{"Key":{"Id":"TestCase.ManagedMethod","Label":"ManagedMethod","Category":"","Description":"","Attributes":1,"ValueType":"System.String"},"Value":"EstimatedCount_FileMode_ReturnsFileCount"},{"Key":{"Id":"XunitTestCaseUniqueID","Label":"xUnit.net Test Case Unique ID","Category":"","Description":"","Attributes":0,"ValueType":"System.String"},"Value":"3962c137545af61f2e5d28e16551e1cfe33f3bca"},{"Key":{"Id":"XunitTestCaseExplicit","Label":"xUnit.net Test Case Explicit Flag","Category":"","Description":"","Attributes":0,"ValueType":"System.Boolean"},"Value":false},{"Key":{"Id":"TestCase.ManagedType","Label":"ManagedType","Category":"","Description":"","Attributes":1,"ValueType":"System.String"},"Value":"SharpMind.Tests.Data.TextFileSourceTests"}]},"Attachments":[],"Outcome":1,"ErrorMessage":null,"ErrorStackTrace":null,"DisplayName":"SharpMind.Tests.Data.TextFileSourceTests.EstimatedCount_FileMode_ReturnsFileCount","Messages":[],"ComputerName":"LAPTOP-MKMTSO1B","Duration":"00:00:00.0342915","StartTime":"2026-07-20T05:44:11.1930787+00:00","EndTime":"2026-07-20T05:44:11.2235523+00:00","Properties":[]},{"TestCase":{"Id":"621c0932-6aa9-033b-e6ba-2ea8982d665f","FullyQualifiedName":"SharpMind.Tests.Data.TextFileSourceTests.Cancellation_StopsStream","DisplayName":"SharpMind.Tests.Data.TextFileSourceTests.Cancellation_StopsStream","ExecutorUri":"executor://xunit/VsTestRunner3/netcore/","Source":"C:\\Integral2u\\source\\repos\\SharpMind\\SharpMind.Tests\\bin\\Debug\\net10.0\\SharpMind.Tests.dll","CodeFilePath":null,"LineNumber":0,"Properties":[{"Key":{"Id":"TestCase.ManagedMethod","Label":"ManagedMethod","Category":"","Description":"","Attributes":1,"ValueType":"System.String"},"Value":"Cancellation_StopsStream"},{"Key":{"Id":"XunitTestCaseUniqueID","Label":"xUnit.net Test Case Unique ID","Category":"","Description":"","Attributes":0,"ValueType":"System.String"},"Value":"4f4441929ff37614c6231b26df50e669bd874820"},{"Key":{"Id":"XunitTestCaseExplicit","Label":"xUnit.net Test Case Explicit Flag","Category":"","Description":"","Attributes":0,"ValueType":"System.Boolean"},"Value":false},{"Key":{"Id":"TestCase.ManagedType","Label":"ManagedType","Category":"","Description":"","Attributes":1,"ValueType":"System.String"},"Value":"SharpMind.Tests.Data.TextFileSourceTests"}]},"Attachments":[],"Outcome":1,"ErrorMessage":null,"ErrorStackTrace":null,"DisplayName":"SharpMind.Tests.Data.TextFileSourceTests.Cancellation_StopsStream","Messages":[],"ComputerName":"LAPTOP-MKMTSO1B","Duration":"00:00:00.0704418","StartTime":"2026-07-20T05:44:11.2246174+00:00","EndTime":"2026-07-20T05:44:11.294369+00:00","Properties":[]},{"TestCase":{"Id":"012d398e-d422-ecf6-4193-7fae80f4523d","FullyQualifiedName":"SharpMind.Tests.Data.PseudoLanguageGeneratorTests.Generator_ContainsNegations","DisplayName":"SharpMind.Tests.Data.PseudoLanguageGeneratorTests.Generator_ContainsNegations","ExecutorUri":"executor://xunit/VsTestRunner3/netcore/","Source":"C:\\Integral2u\\source\\repos\\SharpMind\\SharpMind.Tests\\bin\\Debug\\net10.0\\SharpMind.Tests.dll","CodeFilePath":null,"LineNumber":0,"Properties":[{"Key":{"Id":"TestCase.ManagedMethod","Label":"ManagedMethod","Category":"","Description":"","Attributes":1,"ValueType":"System.String"},"Value":"Generator_ContainsNegations"},{"Key":{"Id":"XunitTestCaseUniqueID","Label":"xUnit.net Test Case Unique ID","Category":"","Description":"","Attributes":0,"ValueType":"System.String"},"Value":"3602363a4c1b7b8234ca603113d6606e4bf153d3"},{"Key":{"Id":"XunitTestCaseExplicit","Label":"xUnit.net Test Case Explicit Flag","Category":"","Description":"","Attributes":0,"ValueType":"System.Boolean"},"Value":false},{"Key":{"Id":"TestCase.ManagedType","Label":"ManagedType","Category":"","Description":"","Attributes":1,"ValueType":"System.String"},"Value":"SharpMind.Tests.Data.PseudoLanguageGeneratorTests"}]},"Attachments":[],"Outcome":1,"ErrorMessage":null,"ErrorStackTrace":null,"DisplayName":"SharpMind.Tests.Data.PseudoLanguageGeneratorTests.Generator_ContainsNegations","Messages":[],"ComputerName":"LAPTOP-MKMTSO1B","Duration":"00:00:00.8583358","StartTime":"2026-07-20T05:44:10.6724895+00:00","EndTime":"2026-07-20T05:44:11.3723412+00:00","Properties":[]},{"TestCase":{"Id":"3a733a7c-1d3d-084b-d207-a323c2811581","FullyQualifiedName":"SharpMind.Tests.Data.CleaningPipelineTests.ChainedStages_ApplyInOrder","DisplayName":"SharpMind.Tests.Data.CleaningPipelineTests.ChainedStages_ApplyInOrder","ExecutorUri":"executor://xunit/VsTestRunner3/netcore/","Source":"C:\\Integral2u\\source\\repos\\SharpMind\\SharpMind.Tests\\bin\\Debug\\net10.0\\SharpMind.Tests.dll","CodeFilePath":null,"LineNumber":0,"Properties":[{"Key":{"Id":"TestCase.ManagedMethod","Label":"ManagedMethod","Category":"","Description":"","Attributes":1,"ValueType":"System.String"},"Value":"ChainedStages_ApplyInOrder"},{"Key":{"Id":"XunitTestCaseUniqueID","Label":"xUnit.net Test Case Unique ID","Category":"","Description":"","Attributes":0,"ValueType":"System.String"},"Value":"042e069108db28735d951ae8abdbd60c6101a54d"},{"Key":{"Id":"XunitTestCaseExplicit","Label":"xUnit.net Test Case Explicit Flag","Category":"","Description":"","Attributes":0,"ValueType":"System.Boolean"},"Value":false},{"Key":{"Id":"TestCase.ManagedType","Label":"ManagedType","Category":"","Description":"","Attributes":1,"ValueType":"System.String"},"Value":"SharpMind.Tests.Data.CleaningPipelineTests"}]},"Attachments":[],"Outcome":1,"ErrorMessage":null,"ErrorStackTrace":null,"DisplayName":"SharpMind.Tests.Data.CleaningPipelineTests.ChainedStages_ApplyInOrder","Messages":[],"ComputerName":"LAPTOP-MKMTSO1B","Duration":"00:00:00.2102912","StartTime":"2026-07-20T05:44:11.1441298+00:00","EndTime":"2026-07-20T05:44:11.3870008+00:00","Properties":[]},{"TestCase":{"Id":"3418fe64-8e5f-2978-4227-ca5c252a64f6","FullyQualifiedName":"SharpMind.Tests.Data.PseudoLanguageGeneratorTests.Generator_GenerateOptions_ReturnsValidSequences","DisplayName":"SharpMind.Tests.Data.PseudoLanguageGeneratorTests.Generator_GenerateOptions_ReturnsValidSequences","ExecutorUri":"executor://xunit/VsTestRunner3/netcore/","Source":"C:\\Integral2u\\source\\repos\\SharpMind\\SharpMind.Tests\\bin\\Debug\\net10.0\\SharpMind.Tests.dll","CodeFilePath":null,"LineNumber":0,"Properties":[{"Key":{"Id":"TestCase.ManagedMethod","Label":"ManagedMethod","Category":"","Description":"","Attributes":1,"ValueType":"System.String"},"Value":"Generator_GenerateOptions_ReturnsValidSequences"},{"Key":{"Id":"XunitTestCaseUniqueID","Label":"xUnit.net Test Case Unique ID","Category":"","Description":"","Attributes":0,"ValueType":"System.String"},"Value":"37a399fa4ba01976cef25ef4709f33a271c98d72"},{"Key":{"Id":"XunitTestCaseExplicit","Label":"xUnit.net Test Case Explicit Flag","Category":"","Description":"","Attributes":0,"ValueType":"System.Boolean"},"Value":false},{"Key":{"Id":"TestCase.ManagedType","Label":"ManagedType","Category":"","Description":"","Attributes":1,"ValueType":"System.String"},"Value":"SharpMind.Tests.Data.PseudoLanguageGeneratorTests"}]},"Attachments":[],"Outcome":1,"ErrorMessage":null,"ErrorStackTrace":null,"DisplayName":"SharpMind.Tests.Data.PseudoLanguageGeneratorTests.Generator_GenerateOptions_ReturnsValidSequences","Messages":[],"ComputerName":"LAPTOP-MKMTSO1B","Duration":"00:00:00.0568629","StartTime":"2026-07-20T05:44:11.3733121+00:00","EndTime":"2026-07-20T05:44:11.4293902+00:00","Properties":[]},{"TestCase":{"Id":"0973e0a8-58c4-5895-8e22-8ac76e56d751","FullyQualifiedName":"SharpMind.Tests.Data.PseudoLanguageGeneratorTests.VocabConfig_Tiny_HasExpectedDefaults","DisplayName":"SharpMind.Tests.Data.PseudoLanguageGeneratorTests.VocabConfig_Tiny_HasExpectedDefaults","ExecutorUri":"executor://xunit/VsTestRunner3/netcore/","Source":"C:\\Integral2u\\source\\repos\\SharpMind\\SharpMind.Tests\\bin\\Debug\\net10.0\\SharpMind.Tests.dll","CodeFilePath":null,"LineNumber":0,"Properties":[{"Key":{"Id":"TestCase.ManagedMethod","Label":"ManagedMethod","Category":"","Description":"","Attributes":1,"ValueType":"System.String"},"Value":"VocabConfig_Tiny_HasExpectedDefaults"},{"Key":{"Id":"XunitTestCaseUniqueID","Label":"xUnit.net Test Case Unique ID","Category":"","Description":"","Attributes":0,"ValueType":"System.String"},"Value":"4034b411c895d7be90ea1bd60102f1ca2599423e"},{"Key":{"Id":"XunitTestCaseExplicit","Label":"xUnit.net Test Case Explicit Flag","Category":"","Description":"","Attributes":0,"ValueType":"System.Boolean"},"Value":false},{"Key":{"Id":"TestCase.ManagedType","Label":"ManagedType","Category":"","Description":"","Attributes":1,"ValueType":"System.String"},"Value":"SharpMind.Tests.Data.PseudoLanguageGeneratorTests"}]},"Attachments":[],"Outcome":1,"ErrorMessage":null,"ErrorStackTrace":null,"DisplayName":"SharpMind.Tests.Data.PseudoLanguageGeneratorTests.VocabConfig_Tiny_HasExpectedDefaults","Messages":[],"ComputerName":"LAPTOP-MKMTSO1B","Duration":"00:00:00.0004219","StartTime":"2026-07-20T05:44:11.4303824+00:00","EndTime":"2026-07-20T05:44:11.4305225+00:00","Properties":[]},{"TestCase":{"Id":"0dae4950-7998-7caa-587f-5a4dbea8343a","FullyQualifiedName":"SharpMind.Tests.Data.PseudoLanguageGeneratorTests.Generator_IdToText_ReturnsCorrectWord","DisplayName":"SharpMind.Tests.Data.PseudoLanguageGeneratorTests.Generator_IdToText_ReturnsCorrectWord","ExecutorUri":"executor://xunit/VsTestRunner3/netcore/","Source":"C:\\Integral2u\\source\\repos\\SharpMind\\SharpMind.Tests\\bin\\Debug\\net10.0\\SharpMind.Tests.dll","CodeFilePath":null,"LineNumber":0,"Properties":[{"Key":{"Id":"TestCase.ManagedMethod","Label":"ManagedMethod","Category":"","Description":"","Attributes":1,"ValueType":"System.String"},"Value":"Generator_IdToText_ReturnsCorrectWord"},{"Key":{"Id":"XunitTestCaseUniqueID","Label":"xUnit.net Test Case Unique ID","Category":"","Description":"","Attributes":0,"ValueType":"System.String"},"Value":"877e432fee05ca384e3b306d0a90a47e92b43862"},{"Key":{"Id":"XunitTestCaseExplicit","Label":"xUnit.net Test Case Explicit Flag","Category":"","Description":"","Attributes":0,"ValueType":"System.Boolean"},"Value":false},{"Key":{"Id":"TestCase.ManagedType","Label":"ManagedType","Category":"","Description":"","Attributes":1,"ValueType":"System.String"},"Value":"SharpMind.Tests.Data.PseudoLanguageGeneratorTests"}]},"Attachments":[],"Outcome":1,"ErrorMessage":null,"ErrorStackTrace":null,"DisplayName":"SharpMind.Tests.Data.PseudoLanguageGeneratorTests.Generator_IdToText_ReturnsCorrectWord","Messages":[],"ComputerName":"LAPTOP-MKMTSO1B","Duration":"00:00:00.0150141","StartTime":"2026-07-20T05:44:11.4311705+00:00","EndTime":"2026-07-20T05:44:11.4489322+00:00","Properties":[]}],"TestRunStatistics":{"ExecutedTests":84,"Stats":{"Passed":84}},"ActiveTests":[{"Id":"ee3efff8-fbc7-824a-5cde-b4fd4b6e67ea","FullyQualifiedName":"SharpMind.Tests.Data.TextFileSourceTests.LineMode_YieldsEachNonEmptyLine","DisplayName":"SharpMind.Tests.Data.TextFileSourceTests.LineMode_YieldsEachNonEmptyLine","ExecutorUri":"executor://xunit/VsTestRunner3/netcore/","Source":"C:\\Integral2u\\source\\repos\\SharpMind\\SharpMind.Tests\\bin\\Debug\\net10.0\\SharpMind.Tests.dll","CodeFilePath":null,"LineNumber":0,"Properties":[{"Key":{"Id":"TestCase.ManagedMethod","Label":"ManagedMethod","Category":"","Description":"","Attributes":1,"ValueType":"System.String"},"Value":"LineMode_YieldsEachNonEmptyLine"},{"Key":{"Id":"XunitTestCaseUniqueID","Label":"xUnit.net Test Case Unique ID","Category":"","Description":"","Attributes":0,"ValueType":"System.String"},"Value":"53654e480dbd7895a8290afa40f3ded723949ccf"},{"Key":{"Id":"XunitTestCaseExplicit","Label":"xUnit.net Test Case Explicit Flag","Category":"","Description":"","Attributes":0,"ValueType":"System.Boolean"},"Value":false},{"Key":{"Id":"TestCase.ManagedType","Label":"ManagedType","Category":"","Description":"","Attributes":1,"ValueType":"System.String"},"Value":"SharpMind.Tests.Data.TextFileSourceTests"}]},{"Id":"2db0f4cb-6169-e7ae-be0e-b9c430f587b8","FullyQualifiedName":"SharpMind.Tests.Data.CleaningPipelineTests.StageReturningNull_DiscardsDocument","DisplayName":"SharpMind.Tests.Data.CleaningPipelineTests.StageReturningNull_DiscardsDocument","ExecutorUri":"executor://xunit/VsTestRunner3/netcore/","Source":"C:\\Integral2u\\source\\repos\\SharpMind\\SharpMind.Tests\\bin\\Debug\\net10.0\\SharpMind.Tests.dll","CodeFilePath":null,"LineNumber":0,"Properties":[{"Key":{"Id":"TestCase.ManagedMethod","Label":"ManagedMethod","Category":"","Description":"","Attributes":1,"ValueType":"System.String"},"Value":"StageReturningNull_DiscardsDocument"},{"Key":{"Id":"XunitTestCaseUniqueID","Label":"xUnit.net Test Case Unique ID","Category":"","Description":"","Attributes":0,"ValueType":"System.String"},"Value":"10ec47a2769a297963f473a288a1581a3b44ca80"},{"Key":{"Id":"XunitTestCaseExplicit","Label":"xUnit.net Test Case Explicit Flag","Category":"","Description":"","Attributes":0,"ValueType":"System.Boolean"},"Value":false},{"Key":{"Id":"TestCase.ManagedType","Label":"ManagedType","Category":"","Description":"","Attributes":1,"ValueType":"System.String"},"Value":"SharpMind.Tests.Data.CleaningPipelineTests"}]},{"Id":"7c0e7e82-0504-aa0e-9fb7-92fd07a76e50","FullyQualifiedName":"SharpMind.Tests.Data.PseudoLanguageGeneratorTests.ModelSizeRecommendation_ProvidesReasonableValues","DisplayName":"SharpMind.Tests.Data.PseudoLanguageGeneratorTests.ModelSizeRecommendation_ProvidesReasonableValues","ExecutorUri":"executor://xunit/VsTestRunner3/netcore/","Source":"C:\\Integral2u\\source\\repos\\SharpMind\\SharpMind.Tests\\bin\\Debug\\net10.0\\SharpMind.Tests.dll","CodeFilePath":null,"LineNumber":0,"Properties":[{"Key":{"Id":"TestCase.ManagedMethod","Label":"ManagedMethod","Category":"","Description":"","Attributes":1,"ValueType":"System.String"},"Value":"ModelSizeRecommendation_ProvidesReasonableValues"},{"Key":{"Id":"XunitTestCaseUniqueID","Label":"xUnit.net Test Case Unique ID","Category":"","Description":"","Attributes":0,"ValueType":"System.String"},"Value":"8f92dbf488577108f32930d465c31a62a5b1f9ea"},{"Key":{"Id":"XunitTestCaseExplicit","Label":"xUnit.net Test Case Explicit Flag","Category":"","Description":"","Attributes":0,"ValueType":"System.Boolean"},"Value":false},{"Key":{"Id":"TestCase.ManagedType","Label":"ManagedType","Category":"","Description":"","Attributes":1,"ValueType":"System.String"},"Value":"SharpMind.Tests.Data.PseudoLanguageGeneratorTests"}]}]}}
TpTrace Verbose: 0 : 2304, 12, 2026/07/20, 17:44:11.461, 376403355835, vstest.console.dll, TestRunRequest:SendTestRunStatsChange: Starting.
TpTrace Verbose: 0 : 2304, 12, 2026/07/20, 17:44:11.461, 376403357207, vstest.console.dll, InProgress is SharpMind.Tests.Data.TextFileSourceTests.LineMode_YieldsEachNonEmptyLine
TpTrace Verbose: 0 : 2304, 12, 2026/07/20, 17:44:11.461, 376403357839, vstest.console.dll, InProgress is SharpMind.Tests.Data.CleaningPipelineTests.StageReturningNull_DiscardsDocument
TpTrace Verbose: 0 : 2304, 12, 2026/07/20, 17:44:11.461, 376403358323, vstest.console.dll, InProgress is SharpMind.Tests.Data.PseudoLanguageGeneratorTests.ModelSizeRecommendation_ProvidesReasonableValues
TpTrace Verbose: 0 : 2304, 12, 2026/07/20, 17:44:11.461, 376403359050, vstest.console.dll, MulticastDelegateUtilities.SafeInvoke: TestRun.RunStatsChanged: Invoking callbacks was skipped because there are no subscribers.
TpTrace Information: 0 : 2304, 12, 2026/07/20, 17:44:11.461, 376403359540, vstest.console.dll, TestRunRequest:SendTestRunStatsChange: Completed.
TpTrace Verbose: 0 : 2304, 4, 2026/07/20, 17:44:11.461, 376403359992, vstest.console.dll, MulticastDelegateUtilities.SafeInvoke: InternalTestLoggerEvents.SendTestResult: Invoking callback 1/1 for Microsoft.VisualStudio.TestPlatform.CommandLine.Internal.ConsoleLogger., took 0 ms.
TpTrace Verbose: 0 : 2304, 12, 2026/07/20, 17:44:11.461, 376403360039, vstest.console.dll, MulticastDelegateUtilities.SafeInvoke: LengthPrefixCommunicationChannel: MessageReceived: Invoking callback 1/1 for Microsoft.VisualStudio.TestPlatform.CommunicationUtilities.TestRequestSender+<>c__DisplayClass34_0., took 3 ms.
TpTrace Verbose: 0 : 2304, 4, 2026/07/20, 17:44:11.461, 376403360992, vstest.console.dll, MulticastDelegateUtilities.SafeInvoke: InternalTestLoggerEvents.SendTestResult: Invoking callback 1/1 for Microsoft.VisualStudio.TestPlatform.CommandLine.Internal.ConsoleLogger., took 0 ms.
TpTrace Verbose: 0 : 2304, 12, 2026/07/20, 17:44:11.461, 376403361418, vstest.console.dll, TcpClientExtensions.MessageLoopAsync: Polling on remoteEndPoint: 127.0.0.1:55769 localEndPoint: 127.0.0.1:55768 after 264 ms
TpTrace Verbose: 0 : 2304, 4, 2026/07/20, 17:44:11.461, 376403362227, vstest.console.dll, MulticastDelegateUtilities.SafeInvoke: InternalTestLoggerEvents.SendTestResult: Invoking callback 1/1 for Microsoft.VisualStudio.TestPlatform.CommandLine.Internal.ConsoleLogger., took 0 ms.
TpTrace Verbose: 0 : 2304, 4, 2026/07/20, 17:44:11.461, 376403363247, vstest.console.dll, MulticastDelegateUtilities.SafeInvoke: InternalTestLoggerEvents.SendTestResult: Invoking callback 1/1 for Microsoft.VisualStudio.TestPlatform.CommandLine.Internal.ConsoleLogger., took 0 ms.
TpTrace Verbose: 0 : 2304, 4, 2026/07/20, 17:44:11.461, 376403363993, vstest.console.dll, MulticastDelegateUtilities.SafeInvoke: InternalTestLoggerEvents.SendTestResult: Invoking callback 1/1 for Microsoft.VisualStudio.TestPlatform.CommandLine.Internal.ConsoleLogger., took 0 ms.
TpTrace Verbose: 0 : 2304, 4, 2026/07/20, 17:44:11.462, 376403364638, vstest.console.dll, MulticastDelegateUtilities.SafeInvoke: InternalTestLoggerEvents.SendTestResult: Invoking callback 1/1 for Microsoft.VisualStudio.TestPlatform.CommandLine.Internal.ConsoleLogger., took 0 ms.
TpTrace Verbose: 0 : 2304, 4, 2026/07/20, 17:44:11.462, 376403365319, vstest.console.dll, MulticastDelegateUtilities.SafeInvoke: InternalTestLoggerEvents.SendTestResult: Invoking callback 1/1 for Microsoft.VisualStudio.TestPlatform.CommandLine.Internal.ConsoleLogger., took 0 ms.
TpTrace Verbose: 0 : 2304, 12, 2026/07/20, 17:44:12.464, 376413391775, vstest.console.dll, TcpClientExtensions.MessageLoopAsync: NotifyDataAvailable remoteEndPoint: 127.0.0.1:55769 localEndPoint: 127.0.0.1:55768
TpTrace Verbose: 0 : 2304, 12, 2026/07/20, 17:44:12.465, 376413396498, vstest.console.dll, TestRequestSender.OnExecutionMessageReceived: Received message: {"Version":7,"MessageType":"TestExecution.StatsChange","Payload":{"NewTestResults":[{"TestCase":{"Id":"7c0e7e82-0504-aa0e-9fb7-92fd07a76e50","FullyQualifiedName":"SharpMind.Tests.Data.PseudoLanguageGeneratorTests.ModelSizeRecommendation_ProvidesReasonableValues","DisplayName":"SharpMind.Tests.Data.PseudoLanguageGeneratorTests.ModelSizeRecommendation_ProvidesReasonableValues","ExecutorUri":"executor://xunit/VsTestRunner3/netcore/","Source":"C:\\Integral2u\\source\\repos\\SharpMind\\SharpMind.Tests\\bin\\Debug\\net10.0\\SharpMind.Tests.dll","CodeFilePath":null,"LineNumber":0,"Properties":[{"Key":{"Id":"TestCase.ManagedMethod","Label":"ManagedMethod","Category":"","Description":"","Attributes":1,"ValueType":"System.String"},"Value":"ModelSizeRecommendation_ProvidesReasonableValues"},{"Key":{"Id":"XunitTestCaseUniqueID","Label":"xUnit.net Test Case Unique ID","Category":"","Description":"","Attributes":0,"ValueType":"System.String"},"Value":"8f92dbf488577108f32930d465c31a62a5b1f9ea"},{"Key":{"Id":"XunitTestCaseExplicit","Label":"xUnit.net Test Case Explicit Flag","Category":"","Description":"","Attributes":0,"ValueType":"System.Boolean"},"Value":false},{"Key":{"Id":"TestCase.ManagedType","Label":"ManagedType","Category":"","Description":"","Attributes":1,"ValueType":"System.String"},"Value":"SharpMind.Tests.Data.PseudoLanguageGeneratorTests"}]},"Attachments":[],"Outcome":1,"ErrorMessage":null,"ErrorStackTrace":null,"DisplayName":"SharpMind.Tests.Data.PseudoLanguageGeneratorTests.ModelSizeRecommendation_ProvidesReasonableValues","Messages":[],"ComputerName":"LAPTOP-MKMTSO1B","Duration":"00:00:00.0145784","StartTime":"2026-07-20T05:44:11.4578476+00:00","EndTime":"2026-07-20T05:44:11.463637+00:00","Properties":[]},{"TestCase":{"Id":"bd6b2295-04c6-9493-8a20-9be82054cbf0","FullyQualifiedName":"SharpMind.Tests.Data.PseudoLanguageGeneratorTests.PseudoWord_HasCorrectBase","DisplayName":"SharpMind.Tests.Data.PseudoLanguageGeneratorTests.PseudoWord_HasCorrectBase","ExecutorUri":"executor://xunit/VsTestRunner3/netcore/","Source":"C:\\Integral2u\\source\\repos\\SharpMind\\SharpMind.Tests\\bin\\Debug\\net10.0\\SharpMind.Tests.dll","CodeFilePath":null,"LineNumber":0,"Properties":[{"Key":{"Id":"TestCase.ManagedMethod","Label":"ManagedMethod","Category":"","Description":"","Attributes":1,"ValueType":"System.String"},"Value":"PseudoWord_HasCorrectBase"},{"Key":{"Id":"XunitTestCaseUniqueID","Label":"xUnit.net Test Case Unique ID","Category":"","Description":"","Attributes":0,"ValueType":"System.String"},"Value":"958bb0f1eb0c2466b839a1b2e5e0296901cb5b66"},{"Key":{"Id":"XunitTestCaseExplicit","Label":"xUnit.net Test Case Explicit Flag","Category":"","Description":"","Attributes":0,"ValueType":"System.Boolean"},"Value":false},{"Key":{"Id":"TestCase.ManagedType","Label":"ManagedType","Category":"","Description":"","Attributes":1,"ValueType":"System.String"},"Value":"SharpMind.Tests.Data.PseudoLanguageGeneratorTests"}]},"Attachments":[],"Outcome":1,"ErrorMessage":null,"ErrorStackTrace":null,"DisplayName":"SharpMind.Tests.Data.PseudoLanguageGeneratorTests.PseudoWord_HasCorrectBase","Messages":[],"ComputerName":"LAPTOP-MKMTSO1B","Duration":"00:00:00.0145256","StartTime":"2026-07-20T05:44:11.4647163+00:00","EndTime":"2026-07-20T05:44:11.4783684+00:00","Properties":[]},{"TestCase":{"Id":"0cd3cbe7-2ab0-752d-46e8-3fa54abfb49a","FullyQualifiedName":"SharpMind.Tests.Data.PseudoLanguageGeneratorTests.Generator_TextToId_ReturnsNegativeForUnknown","DisplayName":"SharpMind.Tests.Data.PseudoLanguageGeneratorTests.Generator_TextToId_ReturnsNegativeForUnknown","ExecutorUri":"executor://xunit/VsTestRunner3/netcore/","Source":"C:\\Integral2u\\source\\repos\\SharpMind\\SharpMind.Tests\\bin\\Debug\\net10.0\\SharpMind.Tests.dll","CodeFilePath":null,"LineNumber":0,"Properties":[{"Key":{"Id":"TestCase.ManagedMethod","Label":"ManagedMethod","Category":"","Description":"","Attributes":1,"ValueType":"System.String"},"Value":"Generator_TextToId_ReturnsNegativeForUnknown"},{"Key":{"Id":"XunitTestCaseUniqueID","Label":"xUnit.net Test Case Unique ID","Category":"","Description":"","Attributes":0,"ValueType":"System.String"},"Value":"97c3f1a177034aeeeb4e989b21e188363ad6d2e2"},{"Key":{"Id":"XunitTestCaseExplicit","Label":"xUnit.net Test Case Explicit Flag","Category":"","Description":"","Attributes":0,"ValueType":"System.Boolean"},"Value":false},{"Key":{"Id":"TestCase.ManagedType","Label":"ManagedType","Category":"","Description":"","Attributes":1,"ValueType":"System.String"},"Value":"SharpMind.Tests.Data.PseudoLanguageGeneratorTests"}]},"Attachments":[],"Outcome":1,"ErrorMessage":null,"ErrorStackTrace":null,"DisplayName":"SharpMind.Tests.Data.PseudoLanguageGeneratorTests.Generator_TextToId_ReturnsNegativeForUnknown","Messages":[],"ComputerName":"LAPTOP-MKMTSO1B","Duration":"00:00:00.0114708","StartTime":"2026-07-20T05:44:11.4792253+00:00","EndTime":"2026-07-20T05:44:11.4899751+00:00","Properties":[]},{"TestCase":{"Id":"c5f124aa-f7df-1e24-fdb1-0992f64b600b","FullyQualifiedName":"SharpMind.Tests.Data.PseudoLanguageGeneratorTests.ModelSizeRecommendation_ScalesWithVocabSize","DisplayName":"SharpMind.Tests.Data.PseudoLanguageGeneratorTests.ModelSizeRecommendation_ScalesWithVocabSize","ExecutorUri":"executor://xunit/VsTestRunner3/netcore/","Source":"C:\\Integral2u\\source\\repos\\SharpMind\\SharpMind.Tests\\bin\\Debug\\net10.0\\SharpMind.Tests.dll","CodeFilePath":null,"LineNumber":0,"Properties":[{"Key":{"Id":"TestCase.ManagedMethod","Label":"ManagedMethod","Category":"","Description":"","Attributes":1,"ValueType":"System.String"},"Value":"ModelSizeRecommendation_ScalesWithVocabSize"},{"Key":{"Id":"XunitTestCaseUniqueID","Label":"xUnit.net Test Case Unique ID","Category":"","Description":"","Attributes":0,"ValueType":"System.String"},"Value":"a53fca8d77d1c6d63f271062a2da8888cffdfc64"},{"Key":{"Id":"XunitTestCaseExplicit","Label":"xUnit.net Test Case Explicit Flag","Category":"","Description":"","Attributes":0,"ValueType":"System.Boolean"},"Value":false},{"Key":{"Id":"TestCase.ManagedType","Label":"ManagedType","Category":"","Description":"","Attributes":1,"ValueType":"System.String"},"Value":"SharpMind.Tests.Data.PseudoLanguageGeneratorTests"}]},"Attachments":[],"Outcome":1,"ErrorMessage":null,"ErrorStackTrace":null,"DisplayName":"SharpMind.Tests.Data.PseudoLanguageGeneratorTests.ModelSizeRecommendation_ScalesWithVocabSize","Messages":[],"ComputerName":"LAPTOP-MKMTSO1B","Duration":"00:00:00.8852970","StartTime":"2026-07-20T05:44:11.491027+00:00","EndTime":"2026-07-20T05:44:12.3755203+00:00","Properties":[]},{"TestCase":{"Id":"09947f50-37ad-090f-844d-97265e99c1ae","FullyQualifiedName":"SharpMind.Tests.Data.PseudoLanguageGeneratorTests.VocabConfig_Medium_HasExpectedDefaults","DisplayName":"SharpMind.Tests.Data.PseudoLanguageGeneratorTests.VocabConfig_Medium_HasExpectedDefaults","ExecutorUri":"executor://xunit/VsTestRunner3/netcore/","Source":"C:\\Integral2u\\source\\repos\\SharpMind\\SharpMind.Tests\\bin\\Debug\\net10.0\\SharpMind.Tests.dll","CodeFilePath":null,"LineNumber":0,"Properties":[{"Key":{"Id":"TestCase.ManagedMethod","Label":"ManagedMethod","Category":"","Description":"","Attributes":1,"ValueType":"System.String"},"Value":"VocabConfig_Medium_HasExpectedDefaults"},{"Key":{"Id":"XunitTestCaseUniqueID","Label":"xUnit.net Test Case Unique ID","Category":"","Description":"","Attributes":0,"ValueType":"System.String"},"Value":"a684a1fab0c3c1e50642a59a8c65ead14ebf018a"},{"Key":{"Id":"XunitTestCaseExplicit","Label":"xUnit.net Test Case Explicit Flag","Category":"","Description":"","Attributes":0,"ValueType":"System.Boolean"},"Value":false},{"Key":{"Id":"TestCase.ManagedType","Label":"ManagedType","Category":"","Description":"","Attributes":1,"ValueType":"System.String"},"Value":"SharpMind.Tests.Data.PseudoLanguageGeneratorTests"}]},"Attachments":[],"Outcome":1,"ErrorMessage":null,"ErrorStackTrace":null,"DisplayName":"SharpMind.Tests.Data.PseudoLanguageGeneratorTests.VocabConfig_Medium_HasExpectedDefaults","Messages":[],"ComputerName":"LAPTOP-MKMTSO1B","Duration":"00:00:00.0004180","StartTime":"2026-07-20T05:44:12.3764886+00:00","EndTime":"2026-07-20T05:44:12.376653+00:00","Properties":[]},{"TestCase":{"Id":"c16e1d24-4cba-610e-9c9f-9b8463cae6e5","FullyQualifiedName":"SharpMind.Tests.Data.PseudoLanguageGeneratorTests.Generator_CreatesVocabWithSpecifiedSize","DisplayName":"SharpMind.Tests.Data.PseudoLanguageGeneratorTests.Generator_CreatesVocabWithSpecifiedSize","ExecutorUri":"executor://xunit/VsTestRunner3/netcore/","Source":"C:\\Integral2u\\source\\repos\\SharpMind\\SharpMind.Tests\\bin\\Debug\\net10.0\\SharpMind.Tests.dll","CodeFilePath":null,"LineNumber":0,"Properties":[{"Key":{"Id":"TestCase.ManagedMethod","Label":"ManagedMethod","Category":"","Description":"","Attributes":1,"ValueType":"System.String"},"Value":"Generator_CreatesVocabWithSpecifiedSize"},{"Key":{"Id":"XunitTestCaseUniqueID","Label":"xUnit.net Test Case Unique ID","Category":"","Description":"","Attributes":0,"ValueType":"System.String"},"Value":"b308fe2042c8443531ec2a718a4585f8078ad4ce"},{"Key":{"Id":"XunitTestCaseExplicit","Label":"xUnit.net Test Case Explicit Flag","Category":"","Description":"","Attributes":0,"ValueType":"System.Boolean"},"Value":false},{"Key":{"Id":"TestCase.ManagedType","Label":"ManagedType","Category":"","Description":"","Attributes":1,"ValueType":"System.String"},"Value":"SharpMind.Tests.Data.PseudoLanguageGeneratorTests"}]},"Attachments":[],"Outcome":1,"ErrorMessage":null,"ErrorStackTrace":null,"DisplayName":"SharpMind.Tests.Data.PseudoLanguageGeneratorTests.Generator_CreatesVocabWithSpecifiedSize","Messages":[],"ComputerName":"LAPTOP-MKMTSO1B","Duration":"00:00:00.0458680","StartTime":"2026-07-20T05:44:12.3777307+00:00","EndTime":"2026-07-20T05:44:12.4220676+00:00","Properties":[]},{"TestCase":{"Id":"f5fed8fe-18d2-c9b7-c68d-265f92d2beb4","FullyQualifiedName":"SharpMind.Tests.Data.PseudoLanguageGeneratorTests.Generator_TextToId_ReturnsCorrectId","DisplayName":"SharpMind.Tests.Data.PseudoLanguageGeneratorTests.Generator_TextToId_ReturnsCorrectId","ExecutorUri":"executor://xunit/VsTestRunner3/netcore/","Source":"C:\\Integral2u\\source\\repos\\SharpMind\\SharpMind.Tests\\bin\\Debug\\net10.0\\SharpMind.Tests.dll","CodeFilePath":null,"LineNumber":0,"Properties":[{"Key":{"Id":"TestCase.ManagedMethod","Label":"ManagedMethod","Category":"","Description":"","Attributes":1,"ValueType":"System.String"},"Value":"Generator_TextToId_ReturnsCorrectId"},{"Key":{"Id":"XunitTestCaseUniqueID","Label":"xUnit.net Test Case Unique ID","Category":"","Description":"","Attributes":0,"ValueType":"System.String"},"Value":"b9219d5ad36257397268667a1ac2c0260c236cfa"},{"Key":{"Id":"XunitTestCaseExplicit","Label":"xUnit.net Test Case Explicit Flag","Category":"","Description":"","Attributes":0,"ValueType":"System.Boolean"},"Value":false},{"Key":{"Id":"TestCase.ManagedType","Label":"ManagedType","Category":"","Description":"","Attributes":1,"ValueType":"System.String"},"Value":"SharpMind.Tests.Data.PseudoLanguageGeneratorTests"}]},"Attachments":[],"Outcome":1,"ErrorMessage":null,"ErrorStackTrace":null,"DisplayName":"SharpMind.Tests.Data.PseudoLanguageGeneratorTests.Generator_TextToId_ReturnsCorrectId","Messages":[],"ComputerName":"LAPTOP-MKMTSO1B","Duration":"00:00:00.0067388","StartTime":"2026-07-20T05:44:12.4248085+00:00","EndTime":"2026-07-20T05:44:12.4297488+00:00","Properties":[]},{"TestCase":{"Id":"fe35e254-35eb-fcf4-e436-2ba913f3762d","FullyQualifiedName":"SharpMind.Tests.Data.PseudoLanguageGeneratorTests.Generator_GenerateSyntactic_ReturnsValidSequences","DisplayName":"SharpMind.Tests.Data.PseudoLanguageGeneratorTests.Generator_GenerateSyntactic_ReturnsValidSequences","ExecutorUri":"executor://xunit/VsTestRunner3/netcore/","Source":"C:\\Integral2u\\source\\repos\\SharpMind\\SharpMind.Tests\\bin\\Debug\\net10.0\\SharpMind.Tests.dll","CodeFilePath":null,"LineNumber":0,"Properties":[{"Key":{"Id":"TestCase.ManagedMethod","Label":"ManagedMethod","Category":"","Description":"","Attributes":1,"ValueType":"System.String"},"Value":"Generator_GenerateSyntactic_ReturnsValidSequences"},{"Key":{"Id":"XunitTestCaseUniqueID","Label":"xUnit.net Test Case Unique ID","Category":"","Description":"","Attributes":0,"ValueType":"System.String"},"Value":"bb02e43b2f56473561f768ab149bf8b19c43c56c"},{"Key":{"Id":"XunitTestCaseExplicit","Label":"xUnit.net Test Case Explicit Flag","Category":"","Description":"","Attributes":0,"ValueType":"System.Boolean"},"Value":false},{"Key":{"Id":"TestCase.ManagedType","Label":"ManagedType","Category":"","Description":"","Attributes":1,"ValueType":"System.String"},"Value":"SharpMind.Tests.Data.PseudoLanguageGeneratorTests"}]},"Attachments":[],"Outcome":1,"ErrorMessage":null,"ErrorStackTrace":null,"DisplayName":"SharpMind.Tests.Data.PseudoLanguageGeneratorTests.Generator_GenerateSyntactic_ReturnsValidSequences","Messages":[],"ComputerName":"LAPTOP-MKMTSO1B","Duration":"00:00:00.0205928","StartTime":"2026-07-20T05:44:12.4307808+00:00","EndTime":"2026-07-20T05:44:12.4550099+00:00","Properties":[]},{"TestCase":{"Id":"b41956e9-7079-5201-9ef9-bc836323df76","FullyQualifiedName":"SharpMind.Tests.Data.PseudoLanguageGeneratorTests.PseudoWord_WordFamily_ContainsRelatedWords","DisplayName":"SharpMind.Tests.Data.PseudoLanguageGeneratorTests.PseudoWord_WordFamily_ContainsRelatedWords","ExecutorUri":"executor://xunit/VsTestRunner3/netcore/","Source":"C:\\Integral2u\\source\\repos\\SharpMind\\SharpMind.Tests\\bin\\Debug\\net10.0\\SharpMind.Tests.dll","CodeFilePath":null,"LineNumber":0,"Properties":[{"Key":{"Id":"TestCase.ManagedMethod","Label":"ManagedMethod","Category":"","Description":"","Attributes":1,"ValueType":"System.String"},"Value":"PseudoWord_WordFamily_ContainsRelatedWords"},{"Key":{"Id":"XunitTestCaseUniqueID","Label":"xUnit.net Test Case Unique ID","Category":"","Description":"","Attributes":0,"ValueType":"System.String"},"Value":"bcec190d0172d74a5c1ca66fd524d63977be5cbc"},{"Key":{"Id":"XunitTestCaseExplicit","Label":"xUnit.net Test Case Explicit Flag","Category":"","Description":"","Attributes":0,"ValueType":"System.Boolean"},"Value":false},{"Key":{"Id":"TestCase.ManagedType","Label":"ManagedType","Category":"","Description":"","Attributes":1,"ValueType":"System.String"},"Value":"SharpMind.Tests.Data.PseudoLanguageGeneratorTests"}]},"Attachments":[],"Outcome":1,"ErrorMessage":null,"ErrorStackTrace":null,"DisplayName":"SharpMind.Tests.Data.PseudoLanguageGeneratorTests.PseudoWord_WordFamily_ContainsRelatedWords","Messages":[],"ComputerName":"LAPTOP-MKMTSO1B","Duration":"00:00:00.0086862","StartTime":"2026-07-20T05:44:12.4561809+00:00","EndTime":"2026-07-20T05:44:12.4620932+00:00","Properties":[]}],"TestRunStatistics":{"ExecutedTests":93,"Stats":{"Passed":93}},"ActiveTests":[{"Id":"ff9111ab-0a8f-65fc-0cb3-560ea1ff8604","FullyQualifiedName":"SharpMind.Tests.Data.PseudoLanguageGeneratorTests.Generator_ContainsRootWords","DisplayName":"SharpMind.Tests.Data.PseudoLanguageGeneratorTests.Generator_ContainsRootWords","ExecutorUri":"executor://xunit/VsTestRunner3/netcore/","Source":"C:\\Integral2u\\source\\repos\\SharpMind\\SharpMind.Tests\\bin\\Debug\\net10.0\\SharpMind.Tests.dll","CodeFilePath":null,"LineNumber":0,"Properties":[{"Key":{"Id":"TestCase.ManagedMethod","Label":"ManagedMethod","Category":"","Description":"","Attributes":1,"ValueType":"System.String"},"Value":"Generator_ContainsRootWords"},{"Key":{"Id":"XunitTestCaseUniqueID","Label":"xUnit.net Test Case Unique ID","Category":"","Description":"","Attributes":0,"ValueType":"System.String"},"Value":"f965baf2534a996d250c7e783a31ab691a77bc44"},{"Key":{"Id":"XunitTestCaseExplicit","Label":"xUnit.net Test Case Explicit Flag","Category":"","Description":"","Attributes":0,"ValueType":"System.Boolean"},"Value":false},{"Key":{"Id":"TestCase.ManagedType","Label":"ManagedType","Category":"","Description":"","Attributes":1,"ValueType":"System.String"},"Value":"SharpMind.Tests.Data.PseudoLanguageGeneratorTests"}]}]}}
TpTrace Verbose: 0 : 2304, 12, 2026/07/20, 17:44:12.469, 376413436946, vstest.console.dll, TestRunRequest:SendTestRunStatsChange: Starting.
TpTrace Verbose: 0 : 2304, 12, 2026/07/20, 17:44:12.469, 376413440063, vstest.console.dll, InProgress is SharpMind.Tests.Data.PseudoLanguageGeneratorTests.Generator_ContainsRootWords
TpTrace Verbose: 0 : 2304, 12, 2026/07/20, 17:44:12.469, 376413441217, vstest.console.dll, MulticastDelegateUtilities.SafeInvoke: TestRun.RunStatsChanged: Invoking callbacks was skipped because there are no subscribers.
TpTrace Information: 0 : 2304, 12, 2026/07/20, 17:44:12.469, 376413441862, vstest.console.dll, TestRunRequest:SendTestRunStatsChange: Completed.
TpTrace Verbose: 0 : 2304, 12, 2026/07/20, 17:44:12.469, 376413442548, vstest.console.dll, MulticastDelegateUtilities.SafeInvoke: LengthPrefixCommunicationChannel: MessageReceived: Invoking callback 1/1 for Microsoft.VisualStudio.TestPlatform.CommunicationUtilities.TestRequestSender+<>c__DisplayClass34_0., took 4 ms.
TpTrace Verbose: 0 : 2304, 12, 2026/07/20, 17:44:12.469, 376413443148, vstest.console.dll, TcpClientExtensions.MessageLoopAsync: Polling on remoteEndPoint: 127.0.0.1:55769 localEndPoint: 127.0.0.1:55768 after 1008 ms
TpTrace Verbose: 0 : 2304, 4, 2026/07/20, 17:44:12.470, 376413445030, vstest.console.dll, MulticastDelegateUtilities.SafeInvoke: InternalTestLoggerEvents.SendTestResult: Invoking callback 1/1 for Microsoft.VisualStudio.TestPlatform.CommandLine.Internal.ConsoleLogger., took 0 ms.
TpTrace Verbose: 0 : 2304, 4, 2026/07/20, 17:44:12.470, 376413446105, vstest.console.dll, MulticastDelegateUtilities.SafeInvoke: InternalTestLoggerEvents.SendTestResult: Invoking callback 1/1 for Microsoft.VisualStudio.TestPlatform.CommandLine.Internal.ConsoleLogger., took 0 ms.
TpTrace Verbose: 0 : 2304, 4, 2026/07/20, 17:44:12.470, 376413447075, vstest.console.dll, MulticastDelegateUtilities.SafeInvoke: InternalTestLoggerEvents.SendTestResult: Invoking callback 1/1 for Microsoft.VisualStudio.TestPlatform.CommandLine.Internal.ConsoleLogger., took 0 ms.
TpTrace Verbose: 0 : 2304, 4, 2026/07/20, 17:44:12.470, 376413447946, vstest.console.dll, MulticastDelegateUtilities.SafeInvoke: InternalTestLoggerEvents.SendTestResult: Invoking callback 1/1 for Microsoft.VisualStudio.TestPlatform.CommandLine.Internal.ConsoleLogger., took 0 ms.
TpTrace Verbose: 0 : 2304, 4, 2026/07/20, 17:44:12.471, 376413456183, vstest.console.dll, MulticastDelegateUtilities.SafeInvoke: InternalTestLoggerEvents.SendTestResult: Invoking callback 1/1 for Microsoft.VisualStudio.TestPlatform.CommandLine.Internal.ConsoleLogger., took 0 ms.
TpTrace Verbose: 0 : 2304, 4, 2026/07/20, 17:44:12.471, 376413457836, vstest.console.dll, MulticastDelegateUtilities.SafeInvoke: InternalTestLoggerEvents.SendTestResult: Invoking callback 1/1 for Microsoft.VisualStudio.TestPlatform.CommandLine.Internal.ConsoleLogger., took 0 ms.
TpTrace Verbose: 0 : 2304, 4, 2026/07/20, 17:44:12.472, 376413465146, vstest.console.dll, MulticastDelegateUtilities.SafeInvoke: InternalTestLoggerEvents.SendTestResult: Invoking callback 1/1 for Microsoft.VisualStudio.TestPlatform.CommandLine.Internal.ConsoleLogger., took 0 ms.
TpTrace Verbose: 0 : 2304, 4, 2026/07/20, 17:44:12.472, 376413466213, vstest.console.dll, MulticastDelegateUtilities.SafeInvoke: InternalTestLoggerEvents.SendTestResult: Invoking callback 1/1 for Microsoft.VisualStudio.TestPlatform.CommandLine.Internal.ConsoleLogger., took 0 ms.
TpTrace Verbose: 0 : 2304, 4, 2026/07/20, 17:44:12.472, 376413467204, vstest.console.dll, MulticastDelegateUtilities.SafeInvoke: InternalTestLoggerEvents.SendTestResult: Invoking callback 1/1 for Microsoft.VisualStudio.TestPlatform.CommandLine.Internal.ConsoleLogger., took 0 ms.
TpTrace Verbose: 0 : 2304, 12, 2026/07/20, 17:44:12.687, 376415616706, vstest.console.dll, TcpClientExtensions.MessageLoopAsync: NotifyDataAvailable remoteEndPoint: 127.0.0.1:55769 localEndPoint: 127.0.0.1:55768
TpTrace Verbose: 0 : 2304, 12, 2026/07/20, 17:44:12.687, 376415621233, vstest.console.dll, TestRequestSender.OnExecutionMessageReceived: Received message: {"Version":7,"MessageType":"TestExecution.StatsChange","Payload":{"NewTestResults":[{"TestCase":{"Id":"ff9111ab-0a8f-65fc-0cb3-560ea1ff8604","FullyQualifiedName":"SharpMind.Tests.Data.PseudoLanguageGeneratorTests.Generator_ContainsRootWords","DisplayName":"SharpMind.Tests.Data.PseudoLanguageGeneratorTests.Generator_ContainsRootWords","ExecutorUri":"executor://xunit/VsTestRunner3/netcore/","Source":"C:\\Integral2u\\source\\repos\\SharpMind\\SharpMind.Tests\\bin\\Debug\\net10.0\\SharpMind.Tests.dll","CodeFilePath":null,"LineNumber":0,"Properties":[{"Key":{"Id":"TestCase.ManagedMethod","Label":"ManagedMethod","Category":"","Description":"","Attributes":1,"ValueType":"System.String"},"Value":"Generator_ContainsRootWords"},{"Key":{"Id":"XunitTestCaseUniqueID","Label":"xUnit.net Test Case Unique ID","Category":"","Description":"","Attributes":0,"ValueType":"System.String"},"Value":"f965baf2534a996d250c7e783a31ab691a77bc44"},{"Key":{"Id":"XunitTestCaseExplicit","Label":"xUnit.net Test Case Explicit Flag","Category":"","Description":"","Attributes":0,"ValueType":"System.Boolean"},"Value":false},{"Key":{"Id":"TestCase.ManagedType","Label":"ManagedType","Category":"","Description":"","Attributes":1,"ValueType":"System.String"},"Value":"SharpMind.Tests.Data.PseudoLanguageGeneratorTests"}]},"Attachments":[],"Outcome":1,"ErrorMessage":null,"ErrorStackTrace":null,"DisplayName":"SharpMind.Tests.Data.PseudoLanguageGeneratorTests.Generator_ContainsRootWords","Messages":[],"ComputerName":"LAPTOP-MKMTSO1B","Duration":"00:00:00.0094387","StartTime":"2026-07-20T05:44:12.464963+00:00","EndTime":"2026-07-20T05:44:12.4720837+00:00","Properties":[]},{"TestCase":{"Id":"fdbbe722-926c-2bb6-4d66-bb962d53e423","FullyQualifiedName":"SharpMind.Tests.Data.DataLoaderIntegrationTests.Describe_ReturnsPipelineSummary","DisplayName":"SharpMind.Tests.Data.DataLoaderIntegrationTests.Describe_ReturnsPipelineSummary","ExecutorUri":"executor://xunit/VsTestRunner3/netcore/","Source":"C:\\Integral2u\\source\\repos\\SharpMind\\SharpMind.Tests\\bin\\Debug\\net10.0\\SharpMind.Tests.dll","CodeFilePath":null,"LineNumber":0,"Properties":[{"Key":{"Id":"TestCase.ManagedMethod","Label":"ManagedMethod","Category":"","Description":"","Attributes":1,"ValueType":"System.String"},"Value":"Describe_ReturnsPipelineSummary"},{"Key":{"Id":"XunitTestCaseUniqueID","Label":"xUnit.net Test Case Unique ID","Category":"","Description":"","Attributes":0,"ValueType":"System.String"},"Value":"44ee66efcce6a93b057f50992e7f4bd6775fab6c"},{"Key":{"Id":"XunitTestCaseExplicit","Label":"xUnit.net Test Case Explicit Flag","Category":"","Description":"","Attributes":0,"ValueType":"System.Boolean"},"Value":false},{"Key":{"Id":"TestCase.ManagedType","Label":"ManagedType","Category":"","Description":"","Attributes":1,"ValueType":"System.String"},"Value":"SharpMind.Tests.Data.DataLoaderIntegrationTests"}]},"Attachments":[],"Outcome":1,"ErrorMessage":null,"ErrorStackTrace":null,"DisplayName":"SharpMind.Tests.Data.DataLoaderIntegrationTests.Describe_ReturnsPipelineSummary","Messages":[],"ComputerName":"LAPTOP-MKMTSO1B","Duration":"00:00:00.0139075","StartTime":"2026-07-20T05:44:12.4812652+00:00","EndTime":"2026-07-20T05:44:12.4952861+00:00","Properties":[]},{"TestCase":{"Id":"ee3efff8-fbc7-824a-5cde-b4fd4b6e67ea","FullyQualifiedName":"SharpMind.Tests.Data.TextFileSourceTests.LineMode_YieldsEachNonEmptyLine","DisplayName":"SharpMind.Tests.Data.TextFileSourceTests.LineMode_YieldsEachNonEmptyLine","ExecutorUri":"executor://xunit/VsTestRunner3/netcore/","Source":"C:\\Integral2u\\source\\repos\\SharpMind\\SharpMind.Tests\\bin\\Debug\\net10.0\\SharpMind.Tests.dll","CodeFilePath":null,"LineNumber":0,"Properties":[{"Key":{"Id":"TestCase.ManagedMethod","Label":"ManagedMethod","Category":"","Description":"","Attributes":1,"ValueType":"System.String"},"Value":"LineMode_YieldsEachNonEmptyLine"},{"Key":{"Id":"XunitTestCaseUniqueID","Label":"xUnit.net Test Case Unique ID","Category":"","Description":"","Attributes":0,"ValueType":"System.String"},"Value":"53654e480dbd7895a8290afa40f3ded723949ccf"},{"Key":{"Id":"XunitTestCaseExplicit","Label":"xUnit.net Test Case Explicit Flag","Category":"","Description":"","Attributes":0,"ValueType":"System.Boolean"},"Value":false},{"Key":{"Id":"TestCase.ManagedType","Label":"ManagedType","Category":"","Description":"","Attributes":1,"ValueType":"System.String"},"Value":"SharpMind.Tests.Data.TextFileSourceTests"}]},"Attachments":[],"Outcome":1,"ErrorMessage":null,"ErrorStackTrace":null,"DisplayName":"SharpMind.Tests.Data.TextFileSourceTests.LineMode_YieldsEachNonEmptyLine","Messages":[],"ComputerName":"LAPTOP-MKMTSO1B","Duration":"00:00:01.2539315","StartTime":"2026-07-20T05:44:11.2953595+00:00","EndTime":"2026-07-20T05:44:12.5626881+00:00","Properties":[]},{"TestCase":{"Id":"2db0f4cb-6169-e7ae-be0e-b9c430f587b8","FullyQualifiedName":"SharpMind.Tests.Data.CleaningPipelineTests.StageReturningNull_DiscardsDocument","DisplayName":"SharpMind.Tests.Data.CleaningPipelineTests.StageReturningNull_DiscardsDocument","ExecutorUri":"executor://xunit/VsTestRunner3/netcore/","Source":"C:\\Integral2u\\source\\repos\\SharpMind\\SharpMind.Tests\\bin\\Debug\\net10.0\\SharpMind.Tests.dll","CodeFilePath":null,"LineNumber":0,"Properties":[{"Key":{"Id":"TestCase.ManagedMethod","Label":"ManagedMethod","Category":"","Description":"","Attributes":1,"ValueType":"System.String"},"Value":"StageReturningNull_DiscardsDocument"},{"Key":{"Id":"XunitTestCaseUniqueID","Label":"xUnit.net Test Case Unique ID","Category":"","Description":"","Attributes":0,"ValueType":"System.String"},"Value":"10ec47a2769a297963f473a288a1581a3b44ca80"},{"Key":{"Id":"XunitTestCaseExplicit","Label":"xUnit.net Test Case Explicit Flag","Category":"","Description":"","Attributes":0,"ValueType":"System.Boolean"},"Value":false},{"Key":{"Id":"TestCase.ManagedType","Label":"ManagedType","Category":"","Description":"","Attributes":1,"ValueType":"System.String"},"Value":"SharpMind.Tests.Data.CleaningPipelineTests"}]},"Attachments":[],"Outcome":1,"ErrorMessage":null,"ErrorStackTrace":null,"DisplayName":"SharpMind.Tests.Data.CleaningPipelineTests.StageReturningNull_DiscardsDocument","Messages":[],"ComputerName":"LAPTOP-MKMTSO1B","Duration":"00:00:01.1733617","StartTime":"2026-07-20T05:44:11.3888743+00:00","EndTime":"2026-07-20T05:44:12.580298+00:00","Properties":[]},{"TestCase":{"Id":"1aee93b9-fce9-5ded-401b-9f7c8918b609","FullyQualifiedName":"SharpMind.Tests.Data.CleaningPipelineTests.Describe_IncludesAllStageNames","DisplayName":"SharpMind.Tests.Data.CleaningPipelineTests.Describe_IncludesAllStageNames","ExecutorUri":"executor://xunit/VsTestRunner3/netcore/","Source":"C:\\Integral2u\\source\\repos\\SharpMind\\SharpMind.Tests\\bin\\Debug\\net10.0\\SharpMind.Tests.dll","CodeFilePath":null,"LineNumber":0,"Properties":[{"Key":{"Id":"TestCase.ManagedMethod","Label":"ManagedMethod","Category":"","Description":"","Attributes":1,"ValueType":"System.String"},"Value":"Describe_IncludesAllStageNames"},{"Key":{"Id":"XunitTestCaseUniqueID","Label":"xUnit.net Test Case Unique ID","Category":"","Description":"","Attributes":0,"ValueType":"System.String"},"Value":"1d2fabaf0dc6b523d5c2617fec7ddad78f2cc9c1"},{"Key":{"Id":"XunitTestCaseExplicit","Label":"xUnit.net Test Case Explicit Flag","Category":"","Description":"","Attributes":0,"ValueType":"System.Boolean"},"Value":false},{"Key":{"Id":"TestCase.ManagedType","Label":"ManagedType","Category":"","Description":"","Attributes":1,"ValueType":"System.String"},"Value":"SharpMind.Tests.Data.CleaningPipelineTests"}]},"Attachments":[],"Outcome":1,"ErrorMessage":null,"ErrorStackTrace":null,"DisplayName":"SharpMind.Tests.Data.CleaningPipelineTests.Describe_IncludesAllStageNames","Messages":[],"ComputerName":"LAPTOP-MKMTSO1B","Duration":"00:00:00.0090369","StartTime":"2026-07-20T05:44:12.5818405+00:00","EndTime":"2026-07-20T05:44:12.5895502+00:00","Properties":[]},{"TestCase":{"Id":"1b214c5e-22f0-c9c8-7c39-e22fae94a63e","FullyQualifiedName":"SharpMind.Tests.Data.DataLoaderIntegrationTests.EndToEnd_Jsonl_SafetyStages","DisplayName":"SharpMind.Tests.Data.DataLoaderIntegrationTests.EndToEnd_Jsonl_SafetyStages","ExecutorUri":"executor://xunit/VsTestRunner3/netcore/","Source":"C:\\Integral2u\\source\\repos\\SharpMind\\SharpMind.Tests\\bin\\Debug\\net10.0\\SharpMind.Tests.dll","CodeFilePath":null,"LineNumber":0,"Properties":[{"Key":{"Id":"TestCase.ManagedMethod","Label":"ManagedMethod","Category":"","Description":"","Attributes":1,"ValueType":"System.String"},"Value":"EndToEnd_Jsonl_SafetyStages"},{"Key":{"Id":"XunitTestCaseUniqueID","Label":"xUnit.net Test Case Unique ID","Category":"","Description":"","Attributes":0,"ValueType":"System.String"},"Value":"88646102ac73ef7a231b56cf20cccdeb8134c0f8"},{"Key":{"Id":"XunitTestCaseExplicit","Label":"xUnit.net Test Case Explicit Flag","Category":"","Description":"","Attributes":0,"ValueType":"System.Boolean"},"Value":false},{"Key":{"Id":"TestCase.ManagedType","Label":"ManagedType","Category":"","Description":"","Attributes":1,"ValueType":"System.String"},"Value":"SharpMind.Tests.Data.DataLoaderIntegrationTests"}]},"Attachments":[],"Outcome":1,"ErrorMessage":null,"ErrorStackTrace":null,"DisplayName":"SharpMind.Tests.Data.DataLoaderIntegrationTests.EndToEnd_Jsonl_SafetyStages","Messages":[],"ComputerName":"LAPTOP-MKMTSO1B","Duration":"00:00:00.1382877","StartTime":"2026-07-20T05:44:12.4962985+00:00","EndTime":"2026-07-20T05:44:12.6448466+00:00","Properties":[]},{"TestCase":{"Id":"029de822-2ce9-196a-675f-d19aae5cdd48","FullyQualifiedName":"SharpMind.Tests.Data.CleaningPipelineTests.SingleStage_TransformsDocuments","DisplayName":"SharpMind.Tests.Data.CleaningPipelineTests.SingleStage_TransformsDocuments","ExecutorUri":"executor://xunit/VsTestRunner3/netcore/","Source":"C:\\Integral2u\\source\\repos\\SharpMind\\SharpMind.Tests\\bin\\Debug\\net10.0\\SharpMind.Tests.dll","CodeFilePath":null,"LineNumber":0,"Properties":[{"Key":{"Id":"TestCase.ManagedMethod","Label":"ManagedMethod","Category":"","Description":"","Attributes":1,"ValueType":"System.String"},"Value":"SingleStage_TransformsDocuments"},{"Key":{"Id":"XunitTestCaseUniqueID","Label":"xUnit.net Test Case Unique ID","Category":"","Description":"","Attributes":0,"ValueType":"System.String"},"Value":"2a92637fd83d55fbebff8c15a538d0e4e0ce39fb"},{"Key":{"Id":"XunitTestCaseExplicit","Label":"xUnit.net Test Case Explicit Flag","Category":"","Description":"","Attributes":0,"ValueType":"System.Boolean"},"Value":false},{"Key":{"Id":"TestCase.ManagedType","Label":"ManagedType","Category":"","Description":"","Attributes":1,"ValueType":"System.String"},"Value":"SharpMind.Tests.Data.CleaningPipelineTests"}]},"Attachments":[],"Outcome":1,"ErrorMessage":null,"ErrorStackTrace":null,"DisplayName":"SharpMind.Tests.Data.CleaningPipelineTests.SingleStage_TransformsDocuments","Messages":[],"ComputerName":"LAPTOP-MKMTSO1B","Duration":"00:00:00.0580081","StartTime":"2026-07-20T05:44:12.5903635+00:00","EndTime":"2026-07-20T05:44:12.6815664+00:00","Properties":[]}],"TestRunStatistics":{"ExecutedTests":100,"Stats":{"Passed":100}},"ActiveTests":[{"Id":"c88702b0-bc87-4590-b3b4-7ac40a306795","FullyQualifiedName":"SharpMind.Tests.Data.TextFileSourceTests.MultipleFiles_YieldsAllInOrder","DisplayName":"SharpMind.Tests.Data.TextFileSourceTests.MultipleFiles_YieldsAllInOrder","ExecutorUri":"executor://xunit/VsTestRunner3/netcore/","Source":"C:\\Integral2u\\source\\repos\\SharpMind\\SharpMind.Tests\\bin\\Debug\\net10.0\\SharpMind.Tests.dll","CodeFilePath":null,"LineNumber":0,"Properties":[{"Key":{"Id":"TestCase.ManagedMethod","Label":"ManagedMethod","Category":"","Description":"","Attributes":1,"ValueType":"System.String"},"Value":"MultipleFiles_YieldsAllInOrder"},{"Key":{"Id":"XunitTestCaseUniqueID","Label":"xUnit.net Test Case Unique ID","Category":"","Description":"","Attributes":0,"ValueType":"System.String"},"Value":"e13817b201b9bd6c0cb0f05e80fe4a2fc8baac52"},{"Key":{"Id":"XunitTestCaseExplicit","Label":"xUnit.net Test Case Explicit Flag","Category":"","Description":"","Attributes":0,"ValueType":"System.Boolean"},"Value":false},{"Key":{"Id":"TestCase.ManagedType","Label":"ManagedType","Category":"","Description":"","Attributes":1,"ValueType":"System.String"},"Value":"SharpMind.Tests.Data.TextFileSourceTests"}]},{"Id":"8005cce7-1d41-d595-74af-7a8cfd85acd6","FullyQualifiedName":"SharpMind.Tests.Data.DataLoaderIntegrationTests.EndToEnd_TextFile_CleanPipeline_PackedBatches","DisplayName":"SharpMind.Tests.Data.DataLoaderIntegrationTests.EndToEnd_TextFile_CleanPipeline_PackedBatches","ExecutorUri":"executor://xunit/VsTestRunner3/netcore/","Source":"C:\\Integral2u\\source\\repos\\SharpMind\\SharpMind.Tests\\bin\\Debug\\net10.0\\SharpMind.Tests.dll","CodeFilePath":null,"LineNumber":0,"Properties":[{"Key":{"Id":"TestCase.ManagedMethod","Label":"ManagedMethod","Category":"","Description":"","Attributes":1,"ValueType":"System.String"},"Value":"EndToEnd_TextFile_CleanPipeline_PackedBatches"},{"Key":{"Id":"XunitTestCaseUniqueID","Label":"xUnit.net Test Case Unique ID","Category":"","Description":"","Attributes":0,"ValueType":"System.String"},"Value":"9aa188052f93038ecfd345b5482a16e91b0c5a43"},{"Key":{"Id":"XunitTestCaseExplicit","Label":"xUnit.net Test Case Explicit Flag","Category":"","Description":"","Attributes":0,"ValueType":"System.Boolean"},"Value":false},{"Key":{"Id":"TestCase.ManagedType","Label":"ManagedType","Category":"","Description":"","Attributes":1,"ValueType":"System.String"},"Value":"SharpMind.Tests.Data.DataLoaderIntegrationTests"}]},{"Id":"330cd554-6b4f-537e-73f2-b712d4167359","FullyQualifiedName":"SharpMind.Tests.Data.CleaningPipelineTests.Branch_SplitsStream","DisplayName":"SharpMind.Tests.Data.CleaningPipelineTests.Branch_SplitsStream","ExecutorUri":"executor://xunit/VsTestRunner3/netcore/","Source":"C:\\Integral2u\\source\\repos\\SharpMind\\SharpMind.Tests\\bin\\Debug\\net10.0\\SharpMind.Tests.dll","CodeFilePath":null,"LineNumber":0,"Properties":[{"Key":{"Id":"TestCase.ManagedMethod","Label":"ManagedMethod","Category":"","Description":"","Attributes":1,"ValueType":"System.String"},"Value":"Branch_SplitsStream"},{"Key":{"Id":"XunitTestCaseUniqueID","Label":"xUnit.net Test Case Unique ID","Category":"","Description":"","Attributes":0,"ValueType":"System.String"},"Value":"3d96402a55ece8ccb6635bc10cd99e5e1ac90190"},{"Key":{"Id":"XunitTestCaseExplicit","Label":"xUnit.net Test Case Explicit Flag","Category":"","Description":"","Attributes":0,"ValueType":"System.Boolean"},"Value":false},{"Key":{"Id":"TestCase.ManagedType","Label":"ManagedType","Category":"","Description":"","Attributes":1,"ValueType":"System.String"},"Value":"SharpMind.Tests.Data.CleaningPipelineTests"}]}]}}
TpTrace Verbose: 0 : 2304, 12, 2026/07/20, 17:44:12.691, 376415654213, vstest.console.dll, TestRunRequest:SendTestRunStatsChange: Starting.
TpTrace Verbose: 0 : 2304, 12, 2026/07/20, 17:44:12.691, 376415656406, vstest.console.dll, InProgress is SharpMind.Tests.Data.TextFileSourceTests.MultipleFiles_YieldsAllInOrder
TpTrace Verbose: 0 : 2304, 12, 2026/07/20, 17:44:12.691, 376415657192, vstest.console.dll, InProgress is SharpMind.Tests.Data.DataLoaderIntegrationTests.EndToEnd_TextFile_CleanPipeline_PackedBatches
TpTrace Verbose: 0 : 2304, 12, 2026/07/20, 17:44:12.691, 376415657778, vstest.console.dll, InProgress is SharpMind.Tests.Data.CleaningPipelineTests.Branch_SplitsStream
TpTrace Verbose: 0 : 2304, 12, 2026/07/20, 17:44:12.691, 376415658596, vstest.console.dll, MulticastDelegateUtilities.SafeInvoke: TestRun.RunStatsChanged: Invoking callbacks was skipped because there are no subscribers.
TpTrace Information: 0 : 2304, 12, 2026/07/20, 17:44:12.691, 376415659135, vstest.console.dll, TestRunRequest:SendTestRunStatsChange: Completed.
TpTrace Verbose: 0 : 2304, 12, 2026/07/20, 17:44:12.691, 376415659760, vstest.console.dll, MulticastDelegateUtilities.SafeInvoke: LengthPrefixCommunicationChannel: MessageReceived: Invoking callback 1/1 for Microsoft.VisualStudio.TestPlatform.CommunicationUtilities.TestRequestSender+<>c__DisplayClass34_0., took 3 ms.
TpTrace Verbose: 0 : 2304, 12, 2026/07/20, 17:44:12.691, 376415660384, vstest.console.dll, TcpClientExtensions.MessageLoopAsync: Polling on remoteEndPoint: 127.0.0.1:55769 localEndPoint: 127.0.0.1:55768 after 221 ms
TpTrace Verbose: 0 : 2304, 4, 2026/07/20, 17:44:12.691, 376415662343, vstest.console.dll, MulticastDelegateUtilities.SafeInvoke: InternalTestLoggerEvents.SendTestResult: Invoking callback 1/1 for Microsoft.VisualStudio.TestPlatform.CommandLine.Internal.ConsoleLogger., took 0 ms.
TpTrace Verbose: 0 : 2304, 4, 2026/07/20, 17:44:12.691, 376415663605, vstest.console.dll, MulticastDelegateUtilities.SafeInvoke: InternalTestLoggerEvents.SendTestResult: Invoking callback 1/1 for Microsoft.VisualStudio.TestPlatform.CommandLine.Internal.ConsoleLogger., took 0 ms.
TpTrace Verbose: 0 : 2304, 4, 2026/07/20, 17:44:12.692, 376415664705, vstest.console.dll, MulticastDelegateUtilities.SafeInvoke: InternalTestLoggerEvents.SendTestResult: Invoking callback 1/1 for Microsoft.VisualStudio.TestPlatform.CommandLine.Internal.ConsoleLogger., took 0 ms.
TpTrace Verbose: 0 : 2304, 4, 2026/07/20, 17:44:12.692, 376415665423, vstest.console.dll, MulticastDelegateUtilities.SafeInvoke: InternalTestLoggerEvents.SendTestResult: Invoking callback 1/1 for Microsoft.VisualStudio.TestPlatform.CommandLine.Internal.ConsoleLogger., took 0 ms.
TpTrace Verbose: 0 : 2304, 4, 2026/07/20, 17:44:12.692, 376415666120, vstest.console.dll, MulticastDelegateUtilities.SafeInvoke: InternalTestLoggerEvents.SendTestResult: Invoking callback 1/1 for Microsoft.VisualStudio.TestPlatform.CommandLine.Internal.ConsoleLogger., took 0 ms.
TpTrace Verbose: 0 : 2304, 4, 2026/07/20, 17:44:12.692, 376415667010, vstest.console.dll, MulticastDelegateUtilities.SafeInvoke: InternalTestLoggerEvents.SendTestResult: Invoking callback 1/1 for Microsoft.VisualStudio.TestPlatform.CommandLine.Internal.ConsoleLogger., took 0 ms.
TpTrace Verbose: 0 : 2304, 4, 2026/07/20, 17:44:12.692, 376415667670, vstest.console.dll, MulticastDelegateUtilities.SafeInvoke: InternalTestLoggerEvents.SendTestResult: Invoking callback 1/1 for Microsoft.VisualStudio.TestPlatform.CommandLine.Internal.ConsoleLogger., took 0 ms.
TpTrace Verbose: 0 : 2304, 12, 2026/07/20, 17:44:13.051, 376419257939, vstest.console.dll, TcpClientExtensions.MessageLoopAsync: NotifyDataAvailable remoteEndPoint: 127.0.0.1:55769 localEndPoint: 127.0.0.1:55768
TpTrace Verbose: 0 : 2304, 12, 2026/07/20, 17:44:13.053, 376419279280, vstest.console.dll, TestRequestSender.OnExecutionMessageReceived: Received message: {"Version":7,"MessageType":"TestExecution.StatsChange","Payload":{"NewTestResults":[{"TestCase":{"Id":"c88702b0-bc87-4590-b3b4-7ac40a306795","FullyQualifiedName":"SharpMind.Tests.Data.TextFileSourceTests.MultipleFiles_YieldsAllInOrder","DisplayName":"SharpMind.Tests.Data.TextFileSourceTests.MultipleFiles_YieldsAllInOrder","ExecutorUri":"executor://xunit/VsTestRunner3/netcore/","Source":"C:\\Integral2u\\source\\repos\\SharpMind\\SharpMind.Tests\\bin\\Debug\\net10.0\\SharpMind.Tests.dll","CodeFilePath":null,"LineNumber":0,"Properties":[{"Key":{"Id":"TestCase.ManagedMethod","Label":"ManagedMethod","Category":"","Description":"","Attributes":1,"ValueType":"System.String"},"Value":"MultipleFiles_YieldsAllInOrder"},{"Key":{"Id":"XunitTestCaseUniqueID","Label":"xUnit.net Test Case Unique ID","Category":"","Description":"","Attributes":0,"ValueType":"System.String"},"Value":"e13817b201b9bd6c0cb0f05e80fe4a2fc8baac52"},{"Key":{"Id":"XunitTestCaseExplicit","Label":"xUnit.net Test Case Explicit Flag","Category":"","Description":"","Attributes":0,"ValueType":"System.Boolean"},"Value":false},{"Key":{"Id":"TestCase.ManagedType","Label":"ManagedType","Category":"","Description":"","Attributes":1,"ValueType":"System.String"},"Value":"SharpMind.Tests.Data.TextFileSourceTests"}]},"Attachments":[],"Outcome":1,"ErrorMessage":null,"ErrorStackTrace":null,"DisplayName":"SharpMind.Tests.Data.TextFileSourceTests.MultipleFiles_YieldsAllInOrder","Messages":[],"ComputerName":"LAPTOP-MKMTSO1B","Duration":"00:00:00.1030464","StartTime":"2026-07-20T05:44:12.5636058+00:00","EndTime":"2026-07-20T05:44:12.7118915+00:00","Properties":[]},{"TestCase":{"Id":"8005cce7-1d41-d595-74af-7a8cfd85acd6","FullyQualifiedName":"SharpMind.Tests.Data.DataLoaderIntegrationTests.EndToEnd_TextFile_CleanPipeline_PackedBatches","DisplayName":"SharpMind.Tests.Data.DataLoaderIntegrationTests.EndToEnd_TextFile_CleanPipeline_PackedBatches","ExecutorUri":"executor://xunit/VsTestRunner3/netcore/","Source":"C:\\Integral2u\\source\\repos\\SharpMind\\SharpMind.Tests\\bin\\Debug\\net10.0\\SharpMind.Tests.dll","CodeFilePath":null,"LineNumber":0,"Properties":[{"Key":{"Id":"TestCase.ManagedMethod","Label":"ManagedMethod","Category":"","Description":"","Attributes":1,"ValueType":"System.String"},"Value":"EndToEnd_TextFile_CleanPipeline_PackedBatches"},{"Key":{"Id":"XunitTestCaseUniqueID","Label":"xUnit.net Test Case Unique ID","Category":"","Description":"","Attributes":0,"ValueType":"System.String"},"Value":"9aa188052f93038ecfd345b5482a16e91b0c5a43"},{"Key":{"Id":"XunitTestCaseExplicit","Label":"xUnit.net Test Case Explicit Flag","Category":"","Description":"","Attributes":0,"ValueType":"System.Boolean"},"Value":false},{"Key":{"Id":"TestCase.ManagedType","Label":"ManagedType","Category":"","Description":"","Attributes":1,"ValueType":"System.String"},"Value":"SharpMind.Tests.Data.DataLoaderIntegrationTests"}]},"Attachments":[],"Outcome":1,"ErrorMessage":null,"ErrorStackTrace":null,"DisplayName":"SharpMind.Tests.Data.DataLoaderIntegrationTests.EndToEnd_TextFile_CleanPipeline_PackedBatches","Messages":[],"ComputerName":"LAPTOP-MKMTSO1B","Duration":"00:00:00.1622157","StartTime":"2026-07-20T05:44:12.6458163+00:00","EndTime":"2026-07-20T05:44:12.8477746+00:00","Properties":[]},{"TestCase":{"Id":"330cd554-6b4f-537e-73f2-b712d4167359","FullyQualifiedName":"SharpMind.Tests.Data.CleaningPipelineTests.Branch_SplitsStream","DisplayName":"SharpMind.Tests.Data.CleaningPipelineTests.Branch_SplitsStream","ExecutorUri":"executor://xunit/VsTestRunner3/netcore/","Source":"C:\\Integral2u\\source\\repos\\SharpMind\\SharpMind.Tests\\bin\\Debug\\net10.0\\SharpMind.Tests.dll","CodeFilePath":null,"LineNumber":0,"Properties":[{"Key":{"Id":"TestCase.ManagedMethod","Label":"ManagedMethod","Category":"","Description":"","Attributes":1,"ValueType":"System.String"},"Value":"Branch_SplitsStream"},{"Key":{"Id":"XunitTestCaseUniqueID","Label":"xUnit.net Test Case Unique ID","Category":"","Description":"","Attributes":0,"ValueType":"System.String"},"Value":"3d96402a55ece8ccb6635bc10cd99e5e1ac90190"},{"Key":{"Id":"XunitTestCaseExplicit","Label":"xUnit.net Test Case Explicit Flag","Category":"","Description":"","Attributes":0,"ValueType":"System.Boolean"},"Value":false},{"Key":{"Id":"TestCase.ManagedType","Label":"ManagedType","Category":"","Description":"","Attributes":1,"ValueType":"System.String"},"Value":"SharpMind.Tests.Data.CleaningPipelineTests"}]},"Attachments":[],"Outcome":1,"ErrorMessage":null,"ErrorStackTrace":null,"DisplayName":"SharpMind.Tests.Data.CleaningPipelineTests.Branch_SplitsStream","Messages":[],"ComputerName":"LAPTOP-MKMTSO1B","Duration":"00:00:00.1456850","StartTime":"2026-07-20T05:44:12.6879336+00:00","EndTime":"2026-07-20T05:44:12.8761336+00:00","Properties":[]},{"TestCase":{"Id":"3fe2b258-0513-cce0-5f84-a5aad7c75f35","FullyQualifiedName":"SharpMind.Tests.GPU.ActivationComparisonTests.ReLU_CPUAndGPU_ProduceSameResults","DisplayName":"SharpMind.Tests.GPU.ActivationComparisonTests.ReLU_CPUAndGPU_ProduceSameResults","ExecutorUri":"executor://xunit/VsTestRunner3/netcore/","Source":"C:\\Integral2u\\source\\repos\\SharpMind\\SharpMind.Tests\\bin\\Debug\\net10.0\\SharpMind.Tests.dll","CodeFilePath":null,"LineNumber":0,"Properties":[{"Key":{"Id":"TestCase.ManagedMethod","Label":"ManagedMethod","Category":"","Description":"","Attributes":1,"ValueType":"System.String"},"Value":"ReLU_CPUAndGPU_ProduceSameResults"},{"Key":{"Id":"XunitTestCaseUniqueID","Label":"xUnit.net Test Case Unique ID","Category":"","Description":"","Attributes":0,"ValueType":"System.String"},"Value":"17c4c11d12357b65c20e68677a22afa0b17ebdc4"},{"Key":{"Id":"XunitTestCaseExplicit","Label":"xUnit.net Test Case Explicit Flag","Category":"","Description":"","Attributes":0,"ValueType":"System.Boolean"},"Value":false},{"Key":{"Id":"TestCase.ManagedType","Label":"ManagedType","Category":"","Description":"","Attributes":1,"ValueType":"System.String"},"Value":"SharpMind.Tests.GPU.ActivationComparisonTests"}]},"Attachments":[],"Outcome":1,"ErrorMessage":null,"ErrorStackTrace":null,"DisplayName":"SharpMind.Tests.GPU.ActivationComparisonTests.ReLU_CPUAndGPU_ProduceSameResults","Messages":[],"ComputerName":"LAPTOP-MKMTSO1B","Duration":"00:00:00.1647076","StartTime":"2026-07-20T05:44:12.7278302+00:00","EndTime":"2026-07-20T05:44:12.8928451+00:00","Properties":[]},{"TestCase":{"Id":"ca0032fc-56ba-64c4-5759-ec6b063d70c7","FullyQualifiedName":"SharpMind.Tests.Data.JsonlSourceTests.ExtractsTextField","DisplayName":"SharpMind.Tests.Data.JsonlSourceTests.ExtractsTextField","ExecutorUri":"executor://xunit/VsTestRunner3/netcore/","Source":"C:\\Integral2u\\source\\repos\\SharpMind\\SharpMind.Tests\\bin\\Debug\\net10.0\\SharpMind.Tests.dll","CodeFilePath":null,"LineNumber":0,"Properties":[{"Key":{"Id":"TestCase.ManagedMethod","Label":"ManagedMethod","Category":"","Description":"","Attributes":1,"ValueType":"System.String"},"Value":"ExtractsTextField"},{"Key":{"Id":"XunitTestCaseUniqueID","Label":"xUnit.net Test Case Unique ID","Category":"","Description":"","Attributes":0,"ValueType":"System.String"},"Value":"081c3f6c864daca7d28db3aeacf88c9c0ea421b4"},{"Key":{"Id":"XunitTestCaseExplicit","Label":"xUnit.net Test Case Explicit Flag","Category":"","Description":"","Attributes":0,"ValueType":"System.Boolean"},"Value":false},{"Key":{"Id":"TestCase.ManagedType","Label":"ManagedType","Category":"","Description":"","Attributes":1,"ValueType":"System.String"},"Value":"SharpMind.Tests.Data.JsonlSourceTests"}]},"Attachments":[],"Outcome":1,"ErrorMessage":null,"ErrorStackTrace":null,"DisplayName":"SharpMind.Tests.Data.JsonlSourceTests.ExtractsTextField","Messages":[],"ComputerName":"LAPTOP-MKMTSO1B","Duration":"00:00:00.1042750","StartTime":"2026-07-20T05:44:12.8608885+00:00","EndTime":"2026-07-20T05:44:13.0159717+00:00","Properties":[]},{"TestCase":{"Id":"1fb06e8a-d182-1fde-9339-99803ff5f7b8","FullyQualifiedName":"SharpMind.Tests.Data.CleaningPipelineTests.LambdaStage_WorksWithoutClass","DisplayName":"SharpMind.Tests.Data.CleaningPipelineTests.LambdaStage_WorksWithoutClass","ExecutorUri":"executor://xunit/VsTestRunner3/netcore/","Source":"C:\\Integral2u\\source\\repos\\SharpMind\\SharpMind.Tests\\bin\\Debug\\net10.0\\SharpMind.Tests.dll","CodeFilePath":null,"LineNumber":0,"Properties":[{"Key":{"Id":"TestCase.ManagedMethod","Label":"ManagedMethod","Category":"","Description":"","Attributes":1,"ValueType":"System.String"},"Value":"LambdaStage_WorksWithoutClass"},{"Key":{"Id":"XunitTestCaseUniqueID","Label":"xUnit.net Test Case Unique ID","Category":"","Description":"","Attributes":0,"ValueType":"System.String"},"Value":"5270eb6ca72f9f1ca9e45d35eb4ea637a007bff1"},{"Key":{"Id":"XunitTestCaseExplicit","Label":"xUnit.net Test Case Explicit Flag","Category":"","Description":"","Attributes":0,"ValueType":"System.Boolean"},"Value":false},{"Key":{"Id":"TestCase.ManagedType","Label":"ManagedType","Category":"","Description":"","Attributes":1,"ValueType":"System.String"},"Value":"SharpMind.Tests.Data.CleaningPipelineTests"}]},"Attachments":[],"Outcome":1,"ErrorMessage":null,"ErrorStackTrace":null,"DisplayName":"SharpMind.Tests.Data.CleaningPipelineTests.LambdaStage_WorksWithoutClass","Messages":[],"ComputerName":"LAPTOP-MKMTSO1B","Duration":"00:00:00.1233204","StartTime":"2026-07-20T05:44:12.8771666+00:00","EndTime":"2026-07-20T05:44:13.0408726+00:00","Properties":[]},{"TestCase":{"Id":"d1a72413-5ea9-2cdf-5350-361548cdd034","FullyQualifiedName":"SharpMind.Tests.Data.CleaningPipelineTests.Merge_RequiresAtLeastTwoNodes","DisplayName":"SharpMind.Tests.Data.CleaningPipelineTests.Merge_RequiresAtLeastTwoNodes","ExecutorUri":"executor://xunit/VsTestRunner3/netcore/","Source":"C:\\Integral2u\\source\\repos\\SharpMind\\SharpMind.Tests\\bin\\Debug\\net10.0\\SharpMind.Tests.dll","CodeFilePath":null,"LineNumber":0,"Properties":[{"Key":{"Id":"TestCase.ManagedMethod","Label":"ManagedMethod","Category":"","Description":"","Attributes":1,"ValueType":"System.String"},"Value":"Merge_RequiresAtLeastTwoNodes"},{"Key":{"Id":"XunitTestCaseUniqueID","Label":"xUnit.net Test Case Unique ID","Category":"","Description":"","Attributes":0,"ValueType":"System.String"},"Value":"9e9cd4cb6d30dd2e9b74482b15957d251b89240c"},{"Key":{"Id":"XunitTestCaseExplicit","Label":"xUnit.net Test Case Explicit Flag","Category":"","Description":"","Attributes":0,"ValueType":"System.Boolean"},"Value":false},{"Key":{"Id":"TestCase.ManagedType","Label":"ManagedType","Category":"","Description":"","Attributes":1,"ValueType":"System.String"},"Value":"SharpMind.Tests.Data.CleaningPipelineTests"}]},"Attachments":[],"Outcome":1,"ErrorMessage":null,"ErrorStackTrace":null,"DisplayName":"SharpMind.Tests.Data.CleaningPipelineTests.Merge_RequiresAtLeastTwoNodes","Messages":[],"ComputerName":"LAPTOP-MKMTSO1B","Duration":"00:00:00.0045253","StartTime":"2026-07-20T05:44:13.0418978+00:00","EndTime":"2026-07-20T05:44:13.0475952+00:00","Properties":[]}],"TestRunStatistics":{"ExecutedTests":107,"Stats":{"Passed":107}},"ActiveTests":[{"Id":"bf797391-ea6f-941e-5996-567911d565cd","FullyQualifiedName":"SharpMind.Tests.GPU.ActivationComparisonTests.GeGLU_CPUAndGPU_ProduceSameResults","DisplayName":"SharpMind.Tests.GPU.ActivationComparisonTests.GeGLU_CPUAndGPU_ProduceSameResults","ExecutorUri":"executor://xunit/VsTestRunner3/netcore/","Source":"C:\\Integral2u\\source\\repos\\SharpMind\\SharpMind.Tests\\bin\\Debug\\net10.0\\SharpMind.Tests.dll","CodeFilePath":null,"LineNumber":0,"Properties":[{"Key":{"Id":"TestCase.ManagedMethod","Label":"ManagedMethod","Category":"","Description":"","Attributes":1,"ValueType":"System.String"},"Value":"GeGLU_CPUAndGPU_ProduceSameResults"},{"Key":{"Id":"XunitTestCaseUniqueID","Label":"xUnit.net Test Case Unique ID","Category":"","Description":"","Attributes":0,"ValueType":"System.String"},"Value":"1d20bb45fc71b2d84faa198831c81f6a2f3d3ec0"},{"Key":{"Id":"XunitTestCaseExplicit","Label":"xUnit.net Test Case Explicit Flag","Category":"","Description":"","Attributes":0,"ValueType":"System.Boolean"},"Value":false},{"Key":{"Id":"TestCase.ManagedType","Label":"ManagedType","Category":"","Description":"","Attributes":1,"ValueType":"System.String"},"Value":"SharpMind.Tests.GPU.ActivationComparisonTests"}]},{"Id":"69792e4c-a410-0233-6e8b-2095d2348f56","FullyQualifiedName":"SharpMind.Tests.Data.JsonlSourceTests.MalformedLine_Skipped_CountTracked","DisplayName":"SharpMind.Tests.Data.JsonlSourceTests.MalformedLine_Skipped_CountTracked","ExecutorUri":"executor://xunit/VsTestRunner3/netcore/","Source":"C:\\Integral2u\\source\\repos\\SharpMind\\SharpMind.Tests\\bin\\Debug\\net10.0\\SharpMind.Tests.dll","CodeFilePath":null,"LineNumber":0,"Properties":[{"Key":{"Id":"TestCase.ManagedMethod","Label":"ManagedMethod","Category":"","Description":"","Attributes":1,"ValueType":"System.String"},"Value":"MalformedLine_Skipped_CountTracked"},{"Key":{"Id":"XunitTestCaseUniqueID","Label":"xUnit.net Test Case Unique ID","Category":"","Description":"","Attributes":0,"ValueType":"System.String"},"Value":"1b8800a37eb281a8085f4e740cc5614cf935dfac"},{"Key":{"Id":"XunitTestCaseExplicit","Label":"xUnit.net Test Case Explicit Flag","Category":"","Description":"","Attributes":0,"ValueType":"System.Boolean"},"Value":false},{"Key":{"Id":"TestCase.ManagedType","Label":"ManagedType","Category":"","Description":"","Attributes":1,"ValueType":"System.String"},"Value":"SharpMind.Tests.Data.JsonlSourceTests"}]},{"Id":"d3f6aae6-cb99-bab6-0a2e-8eebcda49715","FullyQualifiedName":"SharpMind.Tests.Data.CleaningPipelineTests.Merge_RejoinsAfterBranch","DisplayName":"SharpMind.Tests.Data.CleaningPipelineTests.Merge_RejoinsAfterBranch","ExecutorUri":"executor://xunit/VsTestRunner3/netcore/","Source":"C:\\Integral2u\\source\\repos\\SharpMind\\SharpMind.Tests\\bin\\Debug\\net10.0\\SharpMind.Tests.dll","CodeFilePath":null,"LineNumber":0,"Properties":[{"Key":{"Id":"TestCase.ManagedMethod","Label":"ManagedMethod","Category":"","Description":"","Attributes":1,"ValueType":"System.String"},"Value":"Merge_RejoinsAfterBranch"},{"Key":{"Id":"XunitTestCaseUniqueID","Label":"xUnit.net Test Case Unique ID","Category":"","Description":"","Attributes":0,"ValueType":"System.String"},"Value":"b15a57d36c3b8ae276267f0377652781e7dc0729"},{"Key":{"Id":"XunitTestCaseExplicit","Label":"xUnit.net Test Case Explicit Flag","Category":"","Description":"","Attributes":0,"ValueType":"System.Boolean"},"Value":false},{"Key":{"Id":"TestCase.ManagedType","Label":"ManagedType","Category":"","Description":"","Attributes":1,"ValueType":"System.String"},"Value":"SharpMind.Tests.Data.CleaningPipelineTests"}]}]}}
TpTrace Verbose: 0 : 2304, 12, 2026/07/20, 17:44:13.061, 376419364160, vstest.console.dll, TestRunRequest:SendTestRunStatsChange: Starting.
TpTrace Verbose: 0 : 2304, 12, 2026/07/20, 17:44:13.062, 376419365931, vstest.console.dll, InProgress is SharpMind.Tests.GPU.ActivationComparisonTests.GeGLU_CPUAndGPU_ProduceSameResults
TpTrace Verbose: 0 : 2304, 12, 2026/07/20, 17:44:13.062, 376419366525, vstest.console.dll, InProgress is SharpMind.Tests.Data.JsonlSourceTests.MalformedLine_Skipped_CountTracked
TpTrace Verbose: 0 : 2304, 12, 2026/07/20, 17:44:13.062, 376419366979, vstest.console.dll, InProgress is SharpMind.Tests.Data.CleaningPipelineTests.Merge_RejoinsAfterBranch
TpTrace Verbose: 0 : 2304, 12, 2026/07/20, 17:44:13.062, 376419367826, vstest.console.dll, MulticastDelegateUtilities.SafeInvoke: TestRun.RunStatsChanged: Invoking callbacks was skipped because there are no subscribers.
TpTrace Information: 0 : 2304, 12, 2026/07/20, 17:44:13.062, 376419368344, vstest.console.dll, TestRunRequest:SendTestRunStatsChange: Completed.
TpTrace Verbose: 0 : 2304, 4, 2026/07/20, 17:44:13.062, 376419368817, vstest.console.dll, MulticastDelegateUtilities.SafeInvoke: InternalTestLoggerEvents.SendTestResult: Invoking callback 1/1 for Microsoft.VisualStudio.TestPlatform.CommandLine.Internal.ConsoleLogger., took 0 ms.
TpTrace Verbose: 0 : 2304, 12, 2026/07/20, 17:44:13.062, 376419368921, vstest.console.dll, MulticastDelegateUtilities.SafeInvoke: LengthPrefixCommunicationChannel: MessageReceived: Invoking callback 1/1 for Microsoft.VisualStudio.TestPlatform.CommunicationUtilities.TestRequestSender+<>c__DisplayClass34_0., took 9 ms.
TpTrace Verbose: 0 : 2304, 12, 2026/07/20, 17:44:13.062, 376419369756, vstest.console.dll, TcpClientExtensions.MessageLoopAsync: Polling on remoteEndPoint: 127.0.0.1:55769 localEndPoint: 127.0.0.1:55768 after 370 ms
TpTrace Verbose: 0 : 2304, 4, 2026/07/20, 17:44:13.062, 376419370781, vstest.console.dll, MulticastDelegateUtilities.SafeInvoke: InternalTestLoggerEvents.SendTestResult: Invoking callback 1/1 for Microsoft.VisualStudio.TestPlatform.CommandLine.Internal.ConsoleLogger., took 0 ms.
TpTrace Verbose: 0 : 2304, 4, 2026/07/20, 17:44:13.062, 376419372719, vstest.console.dll, MulticastDelegateUtilities.SafeInvoke: InternalTestLoggerEvents.SendTestResult: Invoking callback 1/1 for Microsoft.VisualStudio.TestPlatform.CommandLine.Internal.ConsoleLogger., took 0 ms.
TpTrace Verbose: 0 : 2304, 4, 2026/07/20, 17:44:13.063, 376419374195, vstest.console.dll, MulticastDelegateUtilities.SafeInvoke: InternalTestLoggerEvents.SendTestResult: Invoking callback 1/1 for Microsoft.VisualStudio.TestPlatform.CommandLine.Internal.ConsoleLogger., took 0 ms.
TpTrace Verbose: 0 : 2304, 4, 2026/07/20, 17:44:13.063, 376419375284, vstest.console.dll, MulticastDelegateUtilities.SafeInvoke: InternalTestLoggerEvents.SendTestResult: Invoking callback 1/1 for Microsoft.VisualStudio.TestPlatform.CommandLine.Internal.ConsoleLogger., took 0 ms.
TpTrace Verbose: 0 : 2304, 4, 2026/07/20, 17:44:13.063, 376419376287, vstest.console.dll, MulticastDelegateUtilities.SafeInvoke: InternalTestLoggerEvents.SendTestResult: Invoking callback 1/1 for Microsoft.VisualStudio.TestPlatform.CommandLine.Internal.ConsoleLogger., took 0 ms.
TpTrace Verbose: 0 : 2304, 4, 2026/07/20, 17:44:13.063, 376419377193, vstest.console.dll, MulticastDelegateUtilities.SafeInvoke: InternalTestLoggerEvents.SendTestResult: Invoking callback 1/1 for Microsoft.VisualStudio.TestPlatform.CommandLine.Internal.ConsoleLogger., took 0 ms.
TpTrace Verbose: 0 : 2304, 12, 2026/07/20, 17:44:13.376, 376422510721, vstest.console.dll, TcpClientExtensions.MessageLoopAsync: NotifyDataAvailable remoteEndPoint: 127.0.0.1:55769 localEndPoint: 127.0.0.1:55768
TpTrace Verbose: 0 : 2304, 12, 2026/07/20, 17:44:13.377, 376422514846, vstest.console.dll, TestRequestSender.OnExecutionMessageReceived: Received message: {"Version":7,"MessageType":"TestExecution.StatsChange","Payload":{"NewTestResults":[{"TestCase":{"Id":"bf797391-ea6f-941e-5996-567911d565cd","FullyQualifiedName":"SharpMind.Tests.GPU.ActivationComparisonTests.GeGLU_CPUAndGPU_ProduceSameResults","DisplayName":"SharpMind.Tests.GPU.ActivationComparisonTests.GeGLU_CPUAndGPU_ProduceSameResults","ExecutorUri":"executor://xunit/VsTestRunner3/netcore/","Source":"C:\\Integral2u\\source\\repos\\SharpMind\\SharpMind.Tests\\bin\\Debug\\net10.0\\SharpMind.Tests.dll","CodeFilePath":null,"LineNumber":0,"Properties":[{"Key":{"Id":"TestCase.ManagedMethod","Label":"ManagedMethod","Category":"","Description":"","Attributes":1,"ValueType":"System.String"},"Value":"GeGLU_CPUAndGPU_ProduceSameResults"},{"Key":{"Id":"XunitTestCaseUniqueID","Label":"xUnit.net Test Case Unique ID","Category":"","Description":"","Attributes":0,"ValueType":"System.String"},"Value":"1d20bb45fc71b2d84faa198831c81f6a2f3d3ec0"},{"Key":{"Id":"XunitTestCaseExplicit","Label":"xUnit.net Test Case Explicit Flag","Category":"","Description":"","Attributes":0,"ValueType":"System.Boolean"},"Value":false},{"Key":{"Id":"TestCase.ManagedType","Label":"ManagedType","Category":"","Description":"","Attributes":1,"ValueType":"System.String"},"Value":"SharpMind.Tests.GPU.ActivationComparisonTests"}]},"Attachments":[],"Outcome":1,"ErrorMessage":null,"ErrorStackTrace":null,"DisplayName":"SharpMind.Tests.GPU.ActivationComparisonTests.GeGLU_CPUAndGPU_ProduceSameResults","Messages":[],"ComputerName":"LAPTOP-MKMTSO1B","Duration":"00:00:00.2298222","StartTime":"2026-07-20T05:44:12.8936772+00:00","EndTime":"2026-07-20T05:44:13.1228706+00:00","Properties":[]},{"TestCase":{"Id":"905c5875-3d00-ef70-b451-6204b194419a","FullyQualifiedName":"SharpMind.Tests.GPU.ActivationComparisonTests.RMSNorm_CPUAndGPU_ProduceSameResults","DisplayName":"SharpMind.Tests.GPU.ActivationComparisonTests.RMSNorm_CPUAndGPU_ProduceSameResults","ExecutorUri":"executor://xunit/VsTestRunner3/netcore/","Source":"C:\\Integral2u\\source\\repos\\SharpMind\\SharpMind.Tests\\bin\\Debug\\net10.0\\SharpMind.Tests.dll","CodeFilePath":null,"LineNumber":0,"Properties":[{"Key":{"Id":"TestCase.ManagedMethod","Label":"ManagedMethod","Category":"","Description":"","Attributes":1,"ValueType":"System.String"},"Value":"RMSNorm_CPUAndGPU_ProduceSameResults"},{"Key":{"Id":"XunitTestCaseUniqueID","Label":"xUnit.net Test Case Unique ID","Category":"","Description":"","Attributes":0,"ValueType":"System.String"},"Value":"645efb86b96c4766c57ef7722c3f0afc0f0d1ddd"},{"Key":{"Id":"XunitTestCaseExplicit","Label":"xUnit.net Test Case Explicit Flag","Category":"","Description":"","Attributes":0,"ValueType":"System.Boolean"},"Value":false},{"Key":{"Id":"TestCase.ManagedType","Label":"ManagedType","Category":"","Description":"","Attributes":1,"ValueType":"System.String"},"Value":"SharpMind.Tests.GPU.ActivationComparisonTests"}]},"Attachments":[],"Outcome":1,"ErrorMessage":null,"ErrorStackTrace":null,"DisplayName":"SharpMind.Tests.GPU.ActivationComparisonTests.RMSNorm_CPUAndGPU_ProduceSameResults","Messages":[],"ComputerName":"LAPTOP-MKMTSO1B","Duration":"00:00:00.0016883","StartTime":"2026-07-20T05:44:13.1239255+00:00","EndTime":"2026-07-20T05:44:13.124622+00:00","Properties":[]},{"TestCase":{"Id":"69792e4c-a410-0233-6e8b-2095d2348f56","FullyQualifiedName":"SharpMind.Tests.Data.JsonlSourceTests.MalformedLine_Skipped_CountTracked","DisplayName":"SharpMind.Tests.Data.JsonlSourceTests.MalformedLine_Skipped_CountTracked","ExecutorUri":"executor://xunit/VsTestRunner3/netcore/","Source":"C:\\Integral2u\\source\\repos\\SharpMind\\SharpMind.Tests\\bin\\Debug\\net10.0\\SharpMind.Tests.dll","CodeFilePath":null,"LineNumber":0,"Properties":[{"Key":{"Id":"TestCase.ManagedMethod","Label":"ManagedMethod","Category":"","Description":"","Attributes":1,"ValueType":"System.String"},"Value":"MalformedLine_Skipped_CountTracked"},{"Key":{"Id":"XunitTestCaseUniqueID","Label":"xUnit.net Test Case Unique ID","Category":"","Description":"","Attributes":0,"ValueType":"System.String"},"Value":"1b8800a37eb281a8085f4e740cc5614cf935dfac"},{"Key":{"Id":"XunitTestCaseExplicit","Label":"xUnit.net Test Case Explicit Flag","Category":"","Description":"","Attributes":0,"ValueType":"System.Boolean"},"Value":false},{"Key":{"Id":"TestCase.ManagedType","Label":"ManagedType","Category":"","Description":"","Attributes":1,"ValueType":"System.String"},"Value":"SharpMind.Tests.Data.JsonlSourceTests"}]},"Attachments":[],"Outcome":1,"ErrorMessage":null,"ErrorStackTrace":null,"DisplayName":"SharpMind.Tests.Data.JsonlSourceTests.MalformedLine_Skipped_CountTracked","Messages":[],"ComputerName":"LAPTOP-MKMTSO1B","Duration":"00:00:00.1954782","StartTime":"2026-07-20T05:44:13.0173368+00:00","EndTime":"2026-07-20T05:44:13.266211+00:00","Properties":[]},{"TestCase":{"Id":"9bb18cdc-f0bb-b8ef-f19c-2756b6d50427","FullyQualifiedName":"SharpMind.Tests.GPU.ActivationComparisonTests.SiLU_CPUAndGPU_ProduceSameResults","DisplayName":"SharpMind.Tests.GPU.ActivationComparisonTests.SiLU_CPUAndGPU_ProduceSameResults","ExecutorUri":"executor://xunit/VsTestRunner3/netcore/","Source":"C:\\Integral2u\\source\\repos\\SharpMind\\SharpMind.Tests\\bin\\Debug\\net10.0\\SharpMind.Tests.dll","CodeFilePath":null,"LineNumber":0,"Properties":[{"Key":{"Id":"TestCase.ManagedMethod","Label":"ManagedMethod","Category":"","Description":"","Attributes":1,"ValueType":"System.String"},"Value":"SiLU_CPUAndGPU_ProduceSameResults"},{"Key":{"Id":"XunitTestCaseUniqueID","Label":"xUnit.net Test Case Unique ID","Category":"","Description":"","Attributes":0,"ValueType":"System.String"},"Value":"84433e8c3894b668be53431c6127f82607bca566"},{"Key":{"Id":"XunitTestCaseExplicit","Label":"xUnit.net Test Case Explicit Flag","Category":"","Description":"","Attributes":0,"ValueType":"System.Boolean"},"Value":false},{"Key":{"Id":"TestCase.ManagedType","Label":"ManagedType","Category":"","Description":"","Attributes":1,"ValueType":"System.String"},"Value":"SharpMind.Tests.GPU.ActivationComparisonTests"}]},"Attachments":[],"Outcome":1,"ErrorMessage":null,"ErrorStackTrace":null,"DisplayName":"SharpMind.Tests.GPU.ActivationComparisonTests.SiLU_CPUAndGPU_ProduceSameResults","Messages":[],"ComputerName":"LAPTOP-MKMTSO1B","Duration":"00:00:00.1664204","StartTime":"2026-07-20T05:44:13.1291237+00:00","EndTime":"2026-07-20T05:44:13.293302+00:00","Properties":[]},{"TestCase":{"Id":"535c1310-48d8-f3da-31f1-0e66c41f0ae2","FullyQualifiedName":"SharpMind.Tests.GPU.ActivationComparisonTests.GELU_CPUAndGPU_ProduceSameResults","DisplayName":"SharpMind.Tests.GPU.ActivationComparisonTests.GELU_CPUAndGPU_ProduceSameResults","ExecutorUri":"executor://xunit/VsTestRunner3/netcore/","Source":"C:\\Integral2u\\source\\repos\\SharpMind\\SharpMind.Tests\\bin\\Debug\\net10.0\\SharpMind.Tests.dll","CodeFilePath":null,"LineNumber":0,"Properties":[{"Key":{"Id":"TestCase.ManagedMethod","Label":"ManagedMethod","Category":"","Description":"","Attributes":1,"ValueType":"System.String"},"Value":"GELU_CPUAndGPU_ProduceSameResults"},{"Key":{"Id":"XunitTestCaseUniqueID","Label":"xUnit.net Test Case Unique ID","Category":"","Description":"","Attributes":0,"ValueType":"System.String"},"Value":"941d5208b2bd60fec0820147dfc253c73a4bac4e"},{"Key":{"Id":"XunitTestCaseExplicit","Label":"xUnit.net Test Case Explicit Flag","Category":"","Description":"","Attributes":0,"ValueType":"System.Boolean"},"Value":false},{"Key":{"Id":"TestCase.ManagedType","Label":"ManagedType","Category":"","Description":"","Attributes":1,"ValueType":"System.String"},"Value":"SharpMind.Tests.GPU.ActivationComparisonTests"}]},"Attachments":[],"Outcome":1,"ErrorMessage":null,"ErrorStackTrace":null,"DisplayName":"SharpMind.Tests.GPU.ActivationComparisonTests.GELU_CPUAndGPU_ProduceSameResults","Messages":[],"ComputerName":"LAPTOP-MKMTSO1B","Duration":"00:00:00.0051146","StartTime":"2026-07-20T05:44:13.2946289+00:00","EndTime":"2026-07-20T05:44:13.2965336+00:00","Properties":[]},{"TestCase":{"Id":"d3f6aae6-cb99-bab6-0a2e-8eebcda49715","FullyQualifiedName":"SharpMind.Tests.Data.CleaningPipelineTests.Merge_RejoinsAfterBranch","DisplayName":"SharpMind.Tests.Data.CleaningPipelineTests.Merge_RejoinsAfterBranch","ExecutorUri":"executor://xunit/VsTestRunner3/netcore/","Source":"C:\\Integral2u\\source\\repos\\SharpMind\\SharpMind.Tests\\bin\\Debug\\net10.0\\SharpMind.Tests.dll","CodeFilePath":null,"LineNumber":0,"Properties":[{"Key":{"Id":"TestCase.ManagedMethod","Label":"ManagedMethod","Category":"","Description":"","Attributes":1,"ValueType":"System.String"},"Value":"Merge_RejoinsAfterBranch"},{"Key":{"Id":"XunitTestCaseUniqueID","Label":"xUnit.net Test Case Unique ID","Category":"","Description":"","Attributes":0,"ValueType":"System.String"},"Value":"b15a57d36c3b8ae276267f0377652781e7dc0729"},{"Key":{"Id":"XunitTestCaseExplicit","Label":"xUnit.net Test Case Explicit Flag","Category":"","Description":"","Attributes":0,"ValueType":"System.Boolean"},"Value":false},{"Key":{"Id":"TestCase.ManagedType","Label":"ManagedType","Category":"","Description":"","Attributes":1,"ValueType":"System.String"},"Value":"SharpMind.Tests.Data.CleaningPipelineTests"}]},"Attachments":[],"Outcome":1,"ErrorMessage":null,"ErrorStackTrace":null,"DisplayName":"SharpMind.Tests.Data.CleaningPipelineTests.Merge_RejoinsAfterBranch","Messages":[],"ComputerName":"LAPTOP-MKMTSO1B","Duration":"00:00:00.2483936","StartTime":"2026-07-20T05:44:13.0617468+00:00","EndTime":"2026-07-20T05:44:13.3502347+00:00","Properties":[]},{"TestCase":{"Id":"850010a4-8084-9434-bba1-d244eb7c680e","FullyQualifiedName":"SharpMind.Tests.Core.TensorTests.NegativeIndex_WorksForLastDim","DisplayName":"SharpMind.Tests.Core.TensorTests.NegativeIndex_WorksForLastDim","ExecutorUri":"executor://xunit/VsTestRunner3/netcore/","Source":"C:\\Integral2u\\source\\repos\\SharpMind\\SharpMind.Tests\\bin\\Debug\\net10.0\\SharpMind.Tests.dll","CodeFilePath":null,"LineNumber":0,"Properties":[{"Key":{"Id":"TestCase.ManagedMethod","Label":"ManagedMethod","Category":"","Description":"","Attributes":1,"ValueType":"System.String"},"Value":"NegativeIndex_WorksForLastDim"},{"Key":{"Id":"XunitTestCaseUniqueID","Label":"xUnit.net Test Case Unique ID","Category":"","Description":"","Attributes":0,"ValueType":"System.String"},"Value":"01b8213ff4a2007c8ba293bae71ead61462caa0c"},{"Key":{"Id":"XunitTestCaseExplicit","Label":"xUnit.net Test Case Explicit Flag","Category":"","Description":"","Attributes":0,"ValueType":"System.Boolean"},"Value":false},{"Key":{"Id":"TestCase.ManagedType","Label":"ManagedType","Category":"","Description":"","Attributes":1,"ValueType":"System.String"},"Value":"SharpMind.Tests.Core.TensorTests"}]},"Attachments":[],"Outcome":1,"ErrorMessage":null,"ErrorStackTrace":null,"DisplayName":"SharpMind.Tests.Core.TensorTests.NegativeIndex_WorksForLastDim","Messages":[],"ComputerName":"LAPTOP-MKMTSO1B","Duration":"00:00:00.0015804","StartTime":"2026-07-20T05:44:13.3737983+00:00","EndTime":"2026-07-20T05:44:13.3739641+00:00","Properties":[]}],"TestRunStatistics":{"ExecutedTests":114,"Stats":{"Passed":114}},"ActiveTests":[{"Id":"51e53add-a2ef-d5d1-8c90-1def6fcb4159","FullyQualifiedName":"SharpMind.Tests.Data.JsonlSourceTests.MissingField_Skipped","DisplayName":"SharpMind.Tests.Data.JsonlSourceTests.MissingField_Skipped","ExecutorUri":"executor://xunit/VsTestRunner3/netcore/","Source":"C:\\Integral2u\\source\\repos\\SharpMind\\SharpMind.Tests\\bin\\Debug\\net10.0\\SharpMind.Tests.dll","CodeFilePath":null,"LineNumber":0,"Properties":[{"Key":{"Id":"TestCase.ManagedMethod","Label":"ManagedMethod","Category":"","Description":"","Attributes":1,"ValueType":"System.String"},"Value":"MissingField_Skipped"},{"Key":{"Id":"XunitTestCaseUniqueID","Label":"xUnit.net Test Case Unique ID","Category":"","Description":"","Attributes":0,"ValueType":"System.String"},"Value":"1ca545ba5f92383276a21bcaba49279dc1626d7f"},{"Key":{"Id":"XunitTestCaseExplicit","Label":"xUnit.net Test Case Explicit Flag","Category":"","Description":"","Attributes":0,"ValueType":"System.Boolean"},"Value":false},{"Key":{"Id":"TestCase.ManagedType","Label":"ManagedType","Category":"","Description":"","Attributes":1,"ValueType":"System.String"},"Value":"SharpMind.Tests.Data.JsonlSourceTests"}]},{"Id":"feb67d10-64ae-c7f9-3544-63d9d665fd5b","FullyQualifiedName":"SharpMind.Tests.GPU.ActivationComparisonTests.SwiGLU_CPUAndGPU_ProduceSameResults","DisplayName":"SharpMind.Tests.GPU.ActivationComparisonTests.SwiGLU_CPUAndGPU_ProduceSameResults","ExecutorUri":"executor://xunit/VsTestRunner3/netcore/","Source":"C:\\Integral2u\\source\\repos\\SharpMind\\SharpMind.Tests\\bin\\Debug\\net10.0\\SharpMind.Tests.dll","CodeFilePath":null,"LineNumber":0,"Properties":[{"Key":{"Id":"TestCase.ManagedMethod","Label":"ManagedMethod","Category":"","Description":"","Attributes":1,"ValueType":"System.String"},"Value":"SwiGLU_CPUAndGPU_ProduceSameResults"},{"Key":{"Id":"XunitTestCaseUniqueID","Label":"xUnit.net Test Case Unique ID","Category":"","Description":"","Attributes":0,"ValueType":"System.String"},"Value":"be909f447257d4d11dea21e7b57fbe55cfd141ad"},{"Key":{"Id":"XunitTestCaseExplicit","Label":"xUnit.net Test Case Explicit Flag","Category":"","Description":"","Attributes":0,"ValueType":"System.Boolean"},"Value":false},{"Key":{"Id":"TestCase.ManagedType","Label":"ManagedType","Category":"","Description":"","Attributes":1,"ValueType":"System.String"},"Value":"SharpMind.Tests.GPU.ActivationComparisonTests"}]},{"Id":"48f4cd25-85dd-1685-c8da-d5b78c9322c1","FullyQualifiedName":"SharpMind.Tests.Core.TensorTests.Ones_AllOne","DisplayName":"SharpMind.Tests.Core.TensorTests.Ones_AllOne","ExecutorUri":"executor://xunit/VsTestRunner3/netcore/","Source":"C:\\Integral2u\\source\\repos\\SharpMind\\SharpMind.Tests\\bin\\Debug\\net10.0\\SharpMind.Tests.dll","CodeFilePath":null,"LineNumber":0,"Properties":[{"Key":{"Id":"TestCase.ManagedMethod","Label":"ManagedMethod","Category":"","Description":"","Attributes":1,"ValueType":"System.String"},"Value":"Ones_AllOne"},{"Key":{"Id":"XunitTestCaseUniqueID","Label":"xUnit.net Test Case Unique ID","Category":"","Description":"","Attributes":0,"ValueType":"System.String"},"Value":"1dd6d4f247320ffbf46809daf9ada891acb9ebb0"},{"Key":{"Id":"XunitTestCaseExplicit","Label":"xUnit.net Test Case Explicit Flag","Category":"","Description":"","Attributes":0,"ValueType":"System.Boolean"},"Value":false},{"Key":{"Id":"TestCase.ManagedType","Label":"ManagedType","Category":"","Description":"","Attributes":1,"ValueType":"System.String"},"Value":"SharpMind.Tests.Core.TensorTests"}]}]}}
TpTrace Verbose: 0 : 2304, 12, 2026/07/20, 17:44:13.380, 376422544923, vstest.console.dll, TestRunRequest:SendTestRunStatsChange: Starting.
TpTrace Verbose: 0 : 2304, 12, 2026/07/20, 17:44:13.380, 376422546519, vstest.console.dll, InProgress is SharpMind.Tests.Data.JsonlSourceTests.MissingField_Skipped
TpTrace Verbose: 0 : 2304, 12, 2026/07/20, 17:44:13.380, 376422547168, vstest.console.dll, InProgress is SharpMind.Tests.GPU.ActivationComparisonTests.SwiGLU_CPUAndGPU_ProduceSameResults
TpTrace Verbose: 0 : 2304, 12, 2026/07/20, 17:44:13.380, 376422547777, vstest.console.dll, InProgress is SharpMind.Tests.Core.TensorTests.Ones_AllOne
TpTrace Verbose: 0 : 2304, 12, 2026/07/20, 17:44:13.380, 376422549271, vstest.console.dll, MulticastDelegateUtilities.SafeInvoke: TestRun.RunStatsChanged: Invoking callbacks was skipped because there are no subscribers.
TpTrace Information: 0 : 2304, 12, 2026/07/20, 17:44:13.380, 376422549824, vstest.console.dll, TestRunRequest:SendTestRunStatsChange: Completed.
TpTrace Verbose: 0 : 2304, 12, 2026/07/20, 17:44:13.380, 376422550516, vstest.console.dll, MulticastDelegateUtilities.SafeInvoke: LengthPrefixCommunicationChannel: MessageReceived: Invoking callback 1/1 for Microsoft.VisualStudio.TestPlatform.CommunicationUtilities.TestRequestSender+<>c__DisplayClass34_0., took 3 ms.
TpTrace Verbose: 0 : 2304, 12, 2026/07/20, 17:44:13.380, 376422550993, vstest.console.dll, TcpClientExtensions.MessageLoopAsync: Polling on remoteEndPoint: 127.0.0.1:55769 localEndPoint: 127.0.0.1:55768 after 318 ms
TpTrace Verbose: 0 : 2304, 4, 2026/07/20, 17:44:13.382, 376422574042, vstest.console.dll, MulticastDelegateUtilities.SafeInvoke: InternalTestLoggerEvents.SendTestResult: Invoking callback 1/1 for Microsoft.VisualStudio.TestPlatform.CommandLine.Internal.ConsoleLogger., took 0 ms.
TpTrace Verbose: 0 : 2304, 4, 2026/07/20, 17:44:13.383, 376422575455, vstest.console.dll, MulticastDelegateUtilities.SafeInvoke: InternalTestLoggerEvents.SendTestResult: Invoking callback 1/1 for Microsoft.VisualStudio.TestPlatform.CommandLine.Internal.ConsoleLogger., took 0 ms.
TpTrace Verbose: 0 : 2304, 4, 2026/07/20, 17:44:13.383, 376422576199, vstest.console.dll, MulticastDelegateUtilities.SafeInvoke: InternalTestLoggerEvents.SendTestResult: Invoking callback 1/1 for Microsoft.VisualStudio.TestPlatform.CommandLine.Internal.ConsoleLogger., took 0 ms.
TpTrace Verbose: 0 : 2304, 4, 2026/07/20, 17:44:13.383, 376422576907, vstest.console.dll, MulticastDelegateUtilities.SafeInvoke: InternalTestLoggerEvents.SendTestResult: Invoking callback 1/1 for Microsoft.VisualStudio.TestPlatform.CommandLine.Internal.ConsoleLogger., took 0 ms.
TpTrace Verbose: 0 : 2304, 4, 2026/07/20, 17:44:13.383, 376422577588, vstest.console.dll, MulticastDelegateUtilities.SafeInvoke: InternalTestLoggerEvents.SendTestResult: Invoking callback 1/1 for Microsoft.VisualStudio.TestPlatform.CommandLine.Internal.ConsoleLogger., took 0 ms.
TpTrace Verbose: 0 : 2304, 4, 2026/07/20, 17:44:13.383, 376422578300, vstest.console.dll, MulticastDelegateUtilities.SafeInvoke: InternalTestLoggerEvents.SendTestResult: Invoking callback 1/1 for Microsoft.VisualStudio.TestPlatform.CommandLine.Internal.ConsoleLogger., took 0 ms.
TpTrace Verbose: 0 : 2304, 4, 2026/07/20, 17:44:13.383, 376422579038, vstest.console.dll, MulticastDelegateUtilities.SafeInvoke: InternalTestLoggerEvents.SendTestResult: Invoking callback 1/1 for Microsoft.VisualStudio.TestPlatform.CommandLine.Internal.ConsoleLogger., took 0 ms.
TpTrace Verbose: 0 : 2304, 12, 2026/07/20, 17:44:13.593, 376424680854, vstest.console.dll, TcpClientExtensions.MessageLoopAsync: NotifyDataAvailable remoteEndPoint: 127.0.0.1:55769 localEndPoint: 127.0.0.1:55768
TpTrace Verbose: 0 : 2304, 12, 2026/07/20, 17:44:13.594, 376424685052, vstest.console.dll, TestRequestSender.OnExecutionMessageReceived: Received message: {"Version":7,"MessageType":"TestExecution.StatsChange","Payload":{"NewTestResults":[{"TestCase":{"Id":"48f4cd25-85dd-1685-c8da-d5b78c9322c1","FullyQualifiedName":"SharpMind.Tests.Core.TensorTests.Ones_AllOne","DisplayName":"SharpMind.Tests.Core.TensorTests.Ones_AllOne","ExecutorUri":"executor://xunit/VsTestRunner3/netcore/","Source":"C:\\Integral2u\\source\\repos\\SharpMind\\SharpMind.Tests\\bin\\Debug\\net10.0\\SharpMind.Tests.dll","CodeFilePath":null,"LineNumber":0,"Properties":[{"Key":{"Id":"TestCase.ManagedMethod","Label":"ManagedMethod","Category":"","Description":"","Attributes":1,"ValueType":"System.String"},"Value":"Ones_AllOne"},{"Key":{"Id":"XunitTestCaseUniqueID","Label":"xUnit.net Test Case Unique ID","Category":"","Description":"","Attributes":0,"ValueType":"System.String"},"Value":"1dd6d4f247320ffbf46809daf9ada891acb9ebb0"},{"Key":{"Id":"XunitTestCaseExplicit","Label":"xUnit.net Test Case Explicit Flag","Category":"","Description":"","Attributes":0,"ValueType":"System.Boolean"},"Value":false},{"Key":{"Id":"TestCase.ManagedType","Label":"ManagedType","Category":"","Description":"","Attributes":1,"ValueType":"System.String"},"Value":"SharpMind.Tests.Core.TensorTests"}]},"Attachments":[],"Outcome":1,"ErrorMessage":null,"ErrorStackTrace":null,"DisplayName":"SharpMind.Tests.Core.TensorTests.Ones_AllOne","Messages":[],"ComputerName":"LAPTOP-MKMTSO1B","Duration":"00:00:00.0111398","StartTime":"2026-07-20T05:44:13.3772345+00:00","EndTime":"2026-07-20T05:44:13.3774156+00:00","Properties":[]},{"TestCase":{"Id":"3fa8d4f5-99ad-d22d-501a-f3b6fc45c2fe","FullyQualifiedName":"SharpMind.Tests.Core.TensorTests.Zeros_AllZero","DisplayName":"SharpMind.Tests.Core.TensorTests.Zeros_AllZero","ExecutorUri":"executor://xunit/VsTestRunner3/netcore/","Source":"C:\\Integral2u\\source\\repos\\SharpMind\\SharpMind.Tests\\bin\\Debug\\net10.0\\SharpMind.Tests.dll","CodeFilePath":null,"LineNumber":0,"Properties":[{"Key":{"Id":"TestCase.ManagedMethod","Label":"ManagedMethod","Category":"","Description":"","Attributes":1,"ValueType":"System.String"},"Value":"Zeros_AllZero"},{"Key":{"Id":"XunitTestCaseUniqueID","Label":"xUnit.net Test Case Unique ID","Category":"","Description":"","Attributes":0,"ValueType":"System.String"},"Value":"440022d2a3446eb4afffd807d63c48bc90b8266f"},{"Key":{"Id":"XunitTestCaseExplicit","Label":"xUnit.net Test Case Explicit Flag","Category":"","Description":"","Attributes":0,"ValueType":"System.Boolean"},"Value":false},{"Key":{"Id":"TestCase.ManagedType","Label":"ManagedType","Category":"","Description":"","Attributes":1,"ValueType":"System.String"},"Value":"SharpMind.Tests.Core.TensorTests"}]},"Attachments":[],"Outcome":1,"ErrorMessage":null,"ErrorStackTrace":null,"DisplayName":"SharpMind.Tests.Core.TensorTests.Zeros_AllZero","Messages":[],"ComputerName":"LAPTOP-MKMTSO1B","Duration":"00:00:00.0055487","StartTime":"2026-07-20T05:44:13.3784383+00:00","EndTime":"2026-07-20T05:44:13.3817196+00:00","Properties":[]},{"TestCase":{"Id":"fc79f565-68eb-4271-1f5b-a1eed9e3308f","FullyQualifiedName":"SharpMind.Tests.Core.TensorTests.Reshape_ZeroCopy_SharesBuffer","DisplayName":"SharpMind.Tests.Core.TensorTests.Reshape_ZeroCopy_SharesBuffer","ExecutorUri":"executor://xunit/VsTestRunner3/netcore/","Source":"C:\\Integral2u\\source\\repos\\SharpMind\\SharpMind.Tests\\bin\\Debug\\net10.0\\SharpMind.Tests.dll","CodeFilePath":null,"LineNumber":0,"Properties":[{"Key":{"Id":"TestCase.ManagedMethod","Label":"ManagedMethod","Category":"","Description":"","Attributes":1,"ValueType":"System.String"},"Value":"Reshape_ZeroCopy_SharesBuffer"},{"Key":{"Id":"XunitTestCaseUniqueID","Label":"xUnit.net Test Case Unique ID","Category":"","Description":"","Attributes":0,"ValueType":"System.String"},"Value":"6f472c2d83338f99f6f10a2657019ef3015b6d5b"},{"Key":{"Id":"XunitTestCaseExplicit","Label":"xUnit.net Test Case Explicit Flag","Category":"","Description":"","Attributes":0,"ValueType":"System.Boolean"},"Value":false},{"Key":{"Id":"TestCase.ManagedType","Label":"ManagedType","Category":"","Description":"","Attributes":1,"ValueType":"System.String"},"Value":"SharpMind.Tests.Core.TensorTests"}]},"Attachments":[],"Outcome":1,"ErrorMessage":null,"ErrorStackTrace":null,"DisplayName":"SharpMind.Tests.Core.TensorTests.Reshape_ZeroCopy_SharesBuffer","Messages":[],"ComputerName":"LAPTOP-MKMTSO1B","Duration":"00:00:00.0029210","StartTime":"2026-07-20T05:44:13.3826341+00:00","EndTime":"2026-07-20T05:44:13.3827876+00:00","Properties":[]},{"TestCase":{"Id":"812bf546-50d5-af03-1659-9466f5adbdc4","FullyQualifiedName":"SharpMind.Tests.Core.TensorTests.From_CopiesData","DisplayName":"SharpMind.Tests.Core.TensorTests.From_CopiesData","ExecutorUri":"executor://xunit/VsTestRunner3/netcore/","Source":"C:\\Integral2u\\source\\repos\\SharpMind\\SharpMind.Tests\\bin\\Debug\\net10.0\\SharpMind.Tests.dll","CodeFilePath":null,"LineNumber":0,"Properties":[{"Key":{"Id":"TestCase.ManagedMethod","Label":"ManagedMethod","Category":"","Description":"","Attributes":1,"ValueType":"System.String"},"Value":"From_CopiesData"},{"Key":{"Id":"XunitTestCaseUniqueID","Label":"xUnit.net Test Case Unique ID","Category":"","Description":"","Attributes":0,"ValueType":"System.String"},"Value":"9dc1ad9247ad5da940d8db2efa4c995dcbdd9cdd"},{"Key":{"Id":"XunitTestCaseExplicit","Label":"xUnit.net Test Case Explicit Flag","Category":"","Description":"","Attributes":0,"ValueType":"System.Boolean"},"Value":false},{"Key":{"Id":"TestCase.ManagedType","Label":"ManagedType","Category":"","Description":"","Attributes":1,"ValueType":"System.String"},"Value":"SharpMind.Tests.Core.TensorTests"}]},"Attachments":[],"Outcome":1,"ErrorMessage":null,"ErrorStackTrace":null,"DisplayName":"SharpMind.Tests.Core.TensorTests.From_CopiesData","Messages":[],"ComputerName":"LAPTOP-MKMTSO1B","Duration":"00:00:00.0020954","StartTime":"2026-07-20T05:44:13.3867024+00:00","EndTime":"2026-07-20T05:44:13.3868744+00:00","Properties":[]},{"TestCase":{"Id":"feb67d10-64ae-c7f9-3544-63d9d665fd5b","FullyQualifiedName":"SharpMind.Tests.GPU.ActivationComparisonTests.SwiGLU_CPUAndGPU_ProduceSameResults","DisplayName":"SharpMind.Tests.GPU.ActivationComparisonTests.SwiGLU_CPUAndGPU_ProduceSameResults","ExecutorUri":"executor://xunit/VsTestRunner3/netcore/","Source":"C:\\Integral2u\\source\\repos\\SharpMind\\SharpMind.Tests\\bin\\Debug\\net10.0\\SharpMind.Tests.dll","CodeFilePath":null,"LineNumber":0,"Properties":[{"Key":{"Id":"TestCase.ManagedMethod","Label":"ManagedMethod","Category":"","Description":"","Attributes":1,"ValueType":"System.String"},"Value":"SwiGLU_CPUAndGPU_ProduceSameResults"},{"Key":{"Id":"XunitTestCaseUniqueID","Label":"xUnit.net Test Case Unique ID","Category":"","Description":"","Attributes":0,"ValueType":"System.String"},"Value":"be909f447257d4d11dea21e7b57fbe55cfd141ad"},{"Key":{"Id":"XunitTestCaseExplicit","Label":"xUnit.net Test Case Explicit Flag","Category":"","Description":"","Attributes":0,"ValueType":"System.Boolean"},"Value":false},{"Key":{"Id":"TestCase.ManagedType","Label":"ManagedType","Category":"","Description":"","Attributes":1,"ValueType":"System.String"},"Value":"SharpMind.Tests.GPU.ActivationComparisonTests"}]},"Attachments":[],"Outcome":1,"ErrorMessage":null,"ErrorStackTrace":null,"DisplayName":"SharpMind.Tests.GPU.ActivationComparisonTests.SwiGLU_CPUAndGPU_ProduceSameResults","Messages":[],"ComputerName":"LAPTOP-MKMTSO1B","Duration":"00:00:00.2199453","StartTime":"2026-07-20T05:44:13.2974822+00:00","EndTime":"2026-07-20T05:44:13.5166823+00:00","Properties":[]},{"TestCase":{"Id":"51e53add-a2ef-d5d1-8c90-1def6fcb4159","FullyQualifiedName":"SharpMind.Tests.Data.JsonlSourceTests.MissingField_Skipped","DisplayName":"SharpMind.Tests.Data.JsonlSourceTests.MissingField_Skipped","ExecutorUri":"executor://xunit/VsTestRunner3/netcore/","Source":"C:\\Integral2u\\source\\repos\\SharpMind\\SharpMind.Tests\\bin\\Debug\\net10.0\\SharpMind.Tests.dll","CodeFilePath":null,"LineNumber":0,"Properties":[{"Key":{"Id":"TestCase.ManagedMethod","Label":"ManagedMethod","Category":"","Description":"","Attributes":1,"ValueType":"System.String"},"Value":"MissingField_Skipped"},{"Key":{"Id":"XunitTestCaseUniqueID","Label":"xUnit.net Test Case Unique ID","Category":"","Description":"","Attributes":0,"ValueType":"System.String"},"Value":"1ca545ba5f92383276a21bcaba49279dc1626d7f"},{"Key":{"Id":"XunitTestCaseExplicit","Label":"xUnit.net Test Case Explicit Flag","Category":"","Description":"","Attributes":0,"ValueType":"System.Boolean"},"Value":false},{"Key":{"Id":"TestCase.ManagedType","Label":"ManagedType","Category":"","Description":"","Attributes":1,"ValueType":"System.String"},"Value":"SharpMind.Tests.Data.JsonlSourceTests"}]},"Attachments":[],"Outcome":1,"ErrorMessage":null,"ErrorStackTrace":null,"DisplayName":"SharpMind.Tests.Data.JsonlSourceTests.MissingField_Skipped","Messages":[],"ComputerName":"LAPTOP-MKMTSO1B","Duration":"00:00:00.1815642","StartTime":"2026-07-20T05:44:13.2672912+00:00","EndTime":"2026-07-20T05:44:13.5877508+00:00","Properties":[]},{"TestCase":{"Id":"0c7dd9b8-0e79-6ae2-590a-f6672b19386c","FullyQualifiedName":"SharpMind.Tests.Chat.JinjaTemplateFormatterTests.Eval_Namespace_MutationAcrossScope","DisplayName":"SharpMind.Tests.Chat.JinjaTemplateFormatterTests.Eval_Namespace_MutationAcrossScope","ExecutorUri":"executor://xunit/VsTestRunner3/netcore/","Source":"C:\\Integral2u\\source\\repos\\SharpMind\\SharpMind.Tests\\bin\\Debug\\net10.0\\SharpMind.Tests.dll","CodeFilePath":null,"LineNumber":0,"Properties":[{"Key":{"Id":"TestCase.ManagedMethod","Label":"ManagedMethod","Category":"","Description":"","Attributes":1,"ValueType":"System.String"},"Value":"Eval_Namespace_MutationAcrossScope"},{"Key":{"Id":"XunitTestCaseUniqueID","Label":"xUnit.net Test Case Unique ID","Category":"","Description":"","Attributes":0,"ValueType":"System.String"},"Value":"12dfcc0440b78ddd363951cda0ac2762201c0c49"},{"Key":{"Id":"XunitTestCaseExplicit","Label":"xUnit.net Test Case Explicit Flag","Category":"","Description":"","Attributes":0,"ValueType":"System.Boolean"},"Value":false},{"Key":{"Id":"TestCase.ManagedType","Label":"ManagedType","Category":"","Description":"","Attributes":1,"ValueType":"System.String"},"Value":"SharpMind.Tests.Chat.JinjaTemplateFormatterTests"}]},"Attachments":[],"Outcome":1,"ErrorMessage":null,"ErrorStackTrace":null,"DisplayName":"SharpMind.Tests.Chat.JinjaTemplateFormatterTests.Eval_Namespace_MutationAcrossScope","Messages":[],"ComputerName":"LAPTOP-MKMTSO1B","Duration":"00:00:00.2032461","StartTime":"2026-07-20T05:44:13.3963049+00:00","EndTime":"2026-07-20T05:44:13.5894322+00:00","Properties":[]}],"TestRunStatistics":{"ExecutedTests":121,"Stats":{"Passed":121}},"ActiveTests":[{"Id":"81ea134a-c4b6-b233-cee6-351288c85aa9","FullyQualifiedName":"SharpMind.Tests.GPU.ActivationComparisonTests.MatMul_CPUAndGPU_ProduceSameResults","DisplayName":"SharpMind.Tests.GPU.ActivationComparisonTests.MatMul_CPUAndGPU_ProduceSameResults","ExecutorUri":"executor://xunit/VsTestRunner3/netcore/","Source":"C:\\Integral2u\\source\\repos\\SharpMind\\SharpMind.Tests\\bin\\Debug\\net10.0\\SharpMind.Tests.dll","CodeFilePath":null,"LineNumber":0,"Properties":[{"Key":{"Id":"TestCase.ManagedMethod","Label":"ManagedMethod","Category":"","Description":"","Attributes":1,"ValueType":"System.String"},"Value":"MatMul_CPUAndGPU_ProduceSameResults"},{"Key":{"Id":"XunitTestCaseUniqueID","Label":"xUnit.net Test Case Unique ID","Category":"","Description":"","Attributes":0,"ValueType":"System.String"},"Value":"cebfcaad25a422b506365ca5ace2d1d87bd23481"},{"Key":{"Id":"XunitTestCaseExplicit","Label":"xUnit.net Test Case Explicit Flag","Category":"","Description":"","Attributes":0,"ValueType":"System.Boolean"},"Value":false},{"Key":{"Id":"TestCase.ManagedType","Label":"ManagedType","Category":"","Description":"","Attributes":1,"ValueType":"System.String"},"Value":"SharpMind.Tests.GPU.ActivationComparisonTests"}]},{"Id":"b24d5f25-c5aa-56f0-c4f0-859ab9553697","FullyQualifiedName":"SharpMind.Tests.Data.JsonlSourceTests.NestedFieldPath_DotNotation","DisplayName":"SharpMind.Tests.Data.JsonlSourceTests.NestedFieldPath_DotNotation","ExecutorUri":"executor://xunit/VsTestRunner3/netcore/","Source":"C:\\Integral2u\\source\\repos\\SharpMind\\SharpMind.Tests\\bin\\Debug\\net10.0\\SharpMind.Tests.dll","CodeFilePath":null,"LineNumber":0,"Properties":[{"Key":{"Id":"TestCase.ManagedMethod","Label":"ManagedMethod","Category":"","Description":"","Attributes":1,"ValueType":"System.String"},"Value":"NestedFieldPath_DotNotation"},{"Key":{"Id":"XunitTestCaseUniqueID","Label":"xUnit.net Test Case Unique ID","Category":"","Description":"","Attributes":0,"ValueType":"System.String"},"Value":"a022e0fc566bb212af499a511571b93dfe1fe1be"},{"Key":{"Id":"XunitTestCaseExplicit","Label":"xUnit.net Test Case Explicit Flag","Category":"","Description":"","Attributes":0,"ValueType":"System.Boolean"},"Value":false},{"Key":{"Id":"TestCase.ManagedType","Label":"ManagedType","Category":"","Description":"","Attributes":1,"ValueType":"System.String"},"Value":"SharpMind.Tests.Data.JsonlSourceTests"}]},{"Id":"d49924d5-daac-694e-4547-371ca26fee0a","FullyQualifiedName":"SharpMind.Tests.Chat.JinjaTemplateFormatterTests.Llama3_MultiTurn_AllMessagesFormatted","DisplayName":"SharpMind.Tests.Chat.JinjaTemplateFormatterTests.Llama3_MultiTurn_AllMessagesFormatted","ExecutorUri":"executor://xunit/VsTestRunner3/netcore/","Source":"C:\\Integral2u\\source\\repos\\SharpMind\\SharpMind.Tests\\bin\\Debug\\net10.0\\SharpMind.Tests.dll","CodeFilePath":null,"LineNumber":0,"Properties":[{"Key":{"Id":"TestCase.ManagedMethod","Label":"ManagedMethod","Category":"","Description":"","Attributes":1,"ValueType":"System.String"},"Value":"Llama3_MultiTurn_AllMessagesFormatted"},{"Key":{"Id":"XunitTestCaseUniqueID","Label":"xUnit.net Test Case Unique ID","Category":"","Description":"","Attributes":0,"ValueType":"System.String"},"Value":"1752399c054cfd6bc1858c992a93025ffbb04c88"},{"Key":{"Id":"XunitTestCaseExplicit","Label":"xUnit.net Test Case Explicit Flag","Category":"","Description":"","Attributes":0,"ValueType":"System.Boolean"},"Value":false},{"Key":{"Id":"TestCase.ManagedType","Label":"ManagedType","Category":"","Description":"","Attributes":1,"ValueType":"System.String"},"Value":"SharpMind.Tests.Chat.JinjaTemplateFormatterTests"}]}]}}
TpTrace Verbose: 0 : 2304, 12, 2026/07/20, 17:44:13.597, 376424720260, vstest.console.dll, TestRunRequest:SendTestRunStatsChange: Starting.
TpTrace Verbose: 0 : 2304, 12, 2026/07/20, 17:44:13.597, 376424721657, vstest.console.dll, InProgress is SharpMind.Tests.GPU.ActivationComparisonTests.MatMul_CPUAndGPU_ProduceSameResults
TpTrace Verbose: 0 : 2304, 12, 2026/07/20, 17:44:13.597, 376424722212, vstest.console.dll, InProgress is SharpMind.Tests.Data.JsonlSourceTests.NestedFieldPath_DotNotation
TpTrace Verbose: 0 : 2304, 12, 2026/07/20, 17:44:13.597, 376424722707, vstest.console.dll, InProgress is SharpMind.Tests.Chat.JinjaTemplateFormatterTests.Llama3_MultiTurn_AllMessagesFormatted
TpTrace Verbose: 0 : 2304, 12, 2026/07/20, 17:44:13.597, 376424723622, vstest.console.dll, MulticastDelegateUtilities.SafeInvoke: TestRun.RunStatsChanged: Invoking callbacks was skipped because there are no subscribers.
TpTrace Information: 0 : 2304, 12, 2026/07/20, 17:44:13.598, 376424724168, vstest.console.dll, TestRunRequest:SendTestRunStatsChange: Completed.
TpTrace Verbose: 0 : 2304, 4, 2026/07/20, 17:44:13.598, 376424724343, vstest.console.dll, MulticastDelegateUtilities.SafeInvoke: InternalTestLoggerEvents.SendTestResult: Invoking callback 1/1 for Microsoft.VisualStudio.TestPlatform.CommandLine.Internal.ConsoleLogger., took 0 ms.
TpTrace Verbose: 0 : 2304, 12, 2026/07/20, 17:44:13.598, 376424724740, vstest.console.dll, MulticastDelegateUtilities.SafeInvoke: LengthPrefixCommunicationChannel: MessageReceived: Invoking callback 1/1 for Microsoft.VisualStudio.TestPlatform.CommunicationUtilities.TestRequestSender+<>c__DisplayClass34_0., took 4 ms.
TpTrace Verbose: 0 : 2304, 4, 2026/07/20, 17:44:13.598, 376424725955, vstest.console.dll, MulticastDelegateUtilities.SafeInvoke: InternalTestLoggerEvents.SendTestResult: Invoking callback 1/1 for Microsoft.VisualStudio.TestPlatform.CommandLine.Internal.ConsoleLogger., took 0 ms.
TpTrace Verbose: 0 : 2304, 12, 2026/07/20, 17:44:13.598, 376424726568, vstest.console.dll, TcpClientExtensions.MessageLoopAsync: Polling on remoteEndPoint: 127.0.0.1:55769 localEndPoint: 127.0.0.1:55768 after 217 ms
TpTrace Verbose: 0 : 2304, 4, 2026/07/20, 17:44:13.598, 376424727704, vstest.console.dll, MulticastDelegateUtilities.SafeInvoke: InternalTestLoggerEvents.SendTestResult: Invoking callback 1/1 for Microsoft.VisualStudio.TestPlatform.CommandLine.Internal.ConsoleLogger., took 0 ms.
TpTrace Verbose: 0 : 2304, 4, 2026/07/20, 17:44:13.598, 376424728818, vstest.console.dll, MulticastDelegateUtilities.SafeInvoke: InternalTestLoggerEvents.SendTestResult: Invoking callback 1/1 for Microsoft.VisualStudio.TestPlatform.CommandLine.Internal.ConsoleLogger., took 0 ms.
TpTrace Verbose: 0 : 2304, 4, 2026/07/20, 17:44:13.598, 376424730814, vstest.console.dll, MulticastDelegateUtilities.SafeInvoke: InternalTestLoggerEvents.SendTestResult: Invoking callback 1/1 for Microsoft.VisualStudio.TestPlatform.CommandLine.Internal.ConsoleLogger., took 0 ms.
TpTrace Verbose: 0 : 2304, 4, 2026/07/20, 17:44:13.598, 376424731755, vstest.console.dll, MulticastDelegateUtilities.SafeInvoke: InternalTestLoggerEvents.SendTestResult: Invoking callback 1/1 for Microsoft.VisualStudio.TestPlatform.CommandLine.Internal.ConsoleLogger., took 0 ms.
TpTrace Verbose: 0 : 2304, 4, 2026/07/20, 17:44:13.598, 376424732498, vstest.console.dll, MulticastDelegateUtilities.SafeInvoke: InternalTestLoggerEvents.SendTestResult: Invoking callback 1/1 for Microsoft.VisualStudio.TestPlatform.CommandLine.Internal.ConsoleLogger., took 0 ms.
TpTrace Verbose: 0 : 2304, 12, 2026/07/20, 17:44:13.713, 376425876555, vstest.console.dll, TcpClientExtensions.MessageLoopAsync: NotifyDataAvailable remoteEndPoint: 127.0.0.1:55769 localEndPoint: 127.0.0.1:55768
TpTrace Verbose: 0 : 2304, 12, 2026/07/20, 17:44:13.713, 376425881368, vstest.console.dll, TestRequestSender.OnExecutionMessageReceived: Received message: {"Version":7,"MessageType":"TestExecution.StatsChange","Payload":{"NewTestResults":[{"TestCase":{"Id":"d49924d5-daac-694e-4547-371ca26fee0a","FullyQualifiedName":"SharpMind.Tests.Chat.JinjaTemplateFormatterTests.Llama3_MultiTurn_AllMessagesFormatted","DisplayName":"SharpMind.Tests.Chat.JinjaTemplateFormatterTests.Llama3_MultiTurn_AllMessagesFormatted","ExecutorUri":"executor://xunit/VsTestRunner3/netcore/","Source":"C:\\Integral2u\\source\\repos\\SharpMind\\SharpMind.Tests\\bin\\Debug\\net10.0\\SharpMind.Tests.dll","CodeFilePath":null,"LineNumber":0,"Properties":[{"Key":{"Id":"TestCase.ManagedMethod","Label":"ManagedMethod","Category":"","Description":"","Attributes":1,"ValueType":"System.String"},"Value":"Llama3_MultiTurn_AllMessagesFormatted"},{"Key":{"Id":"XunitTestCaseUniqueID","Label":"xUnit.net Test Case Unique ID","Category":"","Description":"","Attributes":0,"ValueType":"System.String"},"Value":"1752399c054cfd6bc1858c992a93025ffbb04c88"},{"Key":{"Id":"XunitTestCaseExplicit","Label":"xUnit.net Test Case Explicit Flag","Category":"","Description":"","Attributes":0,"ValueType":"System.Boolean"},"Value":false},{"Key":{"Id":"TestCase.ManagedType","Label":"ManagedType","Category":"","Description":"","Attributes":1,"ValueType":"System.String"},"Value":"SharpMind.Tests.Chat.JinjaTemplateFormatterTests"}]},"Attachments":[],"Outcome":1,"ErrorMessage":null,"ErrorStackTrace":null,"DisplayName":"SharpMind.Tests.Chat.JinjaTemplateFormatterTests.Llama3_MultiTurn_AllMessagesFormatted","Messages":[],"ComputerName":"LAPTOP-MKMTSO1B","Duration":"00:00:00.0783760","StartTime":"2026-07-20T05:44:13.5939548+00:00","EndTime":"2026-07-20T05:44:13.6679897+00:00","Properties":[]},{"TestCase":{"Id":"a7c3f275-d2aa-c0ed-c904-5c2b226f6010","FullyQualifiedName":"SharpMind.Tests.Chat.JinjaTemplateFormatterTests.SmolLM2_SingleUserMessage_InjectsDefaultSystemAndAssistantPrompt","DisplayName":"SharpMind.Tests.Chat.JinjaTemplateFormatterTests.SmolLM2_SingleUserMessage_InjectsDefaultSystemAndAssistantPrompt","ExecutorUri":"executor://xunit/VsTestRunner3/netcore/","Source":"C:\\Integral2u\\source\\repos\\SharpMind\\SharpMind.Tests\\bin\\Debug\\net10.0\\SharpMind.Tests.dll","CodeFilePath":null,"LineNumber":0,"Properties":[{"Key":{"Id":"TestCase.ManagedMethod","Label":"ManagedMethod","Category":"","Description":"","Attributes":1,"ValueType":"System.String"},"Value":"SmolLM2_SingleUserMessage_InjectsDefaultSystemAndAssistantPrompt"},{"Key":{"Id":"XunitTestCaseUniqueID","Label":"xUnit.net Test Case Unique ID","Category":"","Description":"","Attributes":0,"ValueType":"System.String"},"Value":"4b146f77fccbe47f88eb3ef39135d4bfcfb930f0"},{"Key":{"Id":"XunitTestCaseExplicit","Label":"xUnit.net Test Case Explicit Flag","Category":"","Description":"","Attributes":0,"ValueType":"System.Boolean"},"Value":false},{"Key":{"Id":"TestCase.ManagedType","Label":"ManagedType","Category":"","Description":"","Attributes":1,"ValueType":"System.String"},"Value":"SharpMind.Tests.Chat.JinjaTemplateFormatterTests"}]},"Attachments":[],"Outcome":1,"ErrorMessage":null,"ErrorStackTrace":null,"DisplayName":"SharpMind.Tests.Chat.JinjaTemplateFormatterTests.SmolLM2_SingleUserMessage_InjectsDefaultSystemAndAssistantPrompt","Messages":[],"ComputerName":"LAPTOP-MKMTSO1B","Duration":"00:00:00.0043168","StartTime":"2026-07-20T05:44:13.6855925+00:00","EndTime":"2026-07-20T05:44:13.6857449+00:00","Properties":[]},{"TestCase":{"Id":"610dd9a0-21d8-b994-7f3a-e0abf7b89054","FullyQualifiedName":"SharpMind.Tests.Chat.JinjaTemplateFormatterTests.Eval_SplitLastSegment_Works","DisplayName":"SharpMind.Tests.Chat.JinjaTemplateFormatterTests.Eval_SplitLastSegment_Works","ExecutorUri":"executor://xunit/VsTestRunner3/netcore/","Source":"C:\\Integral2u\\source\\repos\\SharpMind\\SharpMind.Tests\\bin\\Debug\\net10.0\\SharpMind.Tests.dll","CodeFilePath":null,"LineNumber":0,"Properties":[{"Key":{"Id":"TestCase.ManagedMethod","Label":"ManagedMethod","Category":"","Description":"","Attributes":1,"ValueType":"System.String"},"Value":"Eval_SplitLastSegment_Works"},{"Key":{"Id":"XunitTestCaseUniqueID","Label":"xUnit.net Test Case Unique ID","Category":"","Description":"","Attributes":0,"ValueType":"System.String"},"Value":"54f8206cd5c0a4257be6044b4b37cd42595e9f77"},{"Key":{"Id":"XunitTestCaseExplicit","Label":"xUnit.net Test Case Explicit Flag","Category":"","Description":"","Attributes":0,"ValueType":"System.Boolean"},"Value":false},{"Key":{"Id":"TestCase.ManagedType","Label":"ManagedType","Category":"","Description":"","Attributes":1,"ValueType":"System.String"},"Value":"SharpMind.Tests.Chat.JinjaTemplateFormatterTests"}]},"Attachments":[],"Outcome":1,"ErrorMessage":null,"ErrorStackTrace":null,"DisplayName":"SharpMind.Tests.Chat.JinjaTemplateFormatterTests.Eval_SplitLastSegment_Works","Messages":[],"ComputerName":"LAPTOP-MKMTSO1B","Duration":"00:00:00.0005584","StartTime":"2026-07-20T05:44:13.6865526+00:00","EndTime":"2026-07-20T05:44:13.6866906+00:00","Properties":[]},{"TestCase":{"Id":"7fa007ed-86ce-a5d3-e65b-7f89d6ba2f44","FullyQualifiedName":"SharpMind.Tests.Chat.JinjaTemplateFormatterTests.SmolLM2_ExplicitSystemMessage_NoInjectedDefault","DisplayName":"SharpMind.Tests.Chat.JinjaTemplateFormatterTests.SmolLM2_ExplicitSystemMessage_NoInjectedDefault","ExecutorUri":"executor://xunit/VsTestRunner3/netcore/","Source":"C:\\Integral2u\\source\\repos\\SharpMind\\SharpMind.Tests\\bin\\Debug\\net10.0\\SharpMind.Tests.dll","CodeFilePath":null,"LineNumber":0,"Properties":[{"Key":{"Id":"TestCase.ManagedMethod","Label":"ManagedMethod","Category":"","Description":"","Attributes":1,"ValueType":"System.String"},"Value":"SmolLM2_ExplicitSystemMessage_NoInjectedDefault"},{"Key":{"Id":"XunitTestCaseUniqueID","Label":"xUnit.net Test Case Unique ID","Category":"","Description":"","Attributes":0,"ValueType":"System.String"},"Value":"5d084b2a5d85208f47697ca2158e6140fb4c3211"},{"Key":{"Id":"XunitTestCaseExplicit","Label":"xUnit.net Test Case Explicit Flag","Category":"","Description":"","Attributes":0,"ValueType":"System.Boolean"},"Value":false},{"Key":{"Id":"TestCase.ManagedType","Label":"ManagedType","Category":"","Description":"","Attributes":1,"ValueType":"System.String"},"Value":"SharpMind.Tests.Chat.JinjaTemplateFormatterTests"}]},"Attachments":[],"Outcome":1,"ErrorMessage":null,"ErrorStackTrace":null,"DisplayName":"SharpMind.Tests.Chat.JinjaTemplateFormatterTests.SmolLM2_ExplicitSystemMessage_NoInjectedDefault","Messages":[],"ComputerName":"LAPTOP-MKMTSO1B","Duration":"00:00:00.0016356","StartTime":"2026-07-20T05:44:13.6874127+00:00","EndTime":"2026-07-20T05:44:13.6875574+00:00","Properties":[]},{"TestCase":{"Id":"c1aa2d79-a0a5-e9ba-6be5-905259635847","FullyQualifiedName":"SharpMind.Tests.Chat.JinjaTemplateFormatterTests.Llama3_SingleUserMessage_MatchesGolden","DisplayName":"SharpMind.Tests.Chat.JinjaTemplateFormatterTests.Llama3_SingleUserMessage_MatchesGolden","ExecutorUri":"executor://xunit/VsTestRunner3/netcore/","Source":"C:\\Integral2u\\source\\repos\\SharpMind\\SharpMind.Tests\\bin\\Debug\\net10.0\\SharpMind.Tests.dll","CodeFilePath":null,"LineNumber":0,"Properties":[{"Key":{"Id":"TestCase.ManagedMethod","Label":"ManagedMethod","Category":"","Description":"","Attributes":1,"ValueType":"System.String"},"Value":"Llama3_SingleUserMessage_MatchesGolden"},{"Key":{"Id":"XunitTestCaseUniqueID","Label":"xUnit.net Test Case Unique ID","Category":"","Description":"","Attributes":0,"ValueType":"System.String"},"Value":"6318d1ce66ffa19986bfdae028f29fd4a28c6c7c"},{"Key":{"Id":"XunitTestCaseExplicit","Label":"xUnit.net Test Case Explicit Flag","Category":"","Description":"","Attributes":0,"ValueType":"System.Boolean"},"Value":false},{"Key":{"Id":"TestCase.ManagedType","Label":"ManagedType","Category":"","Description":"","Attributes":1,"ValueType":"System.String"},"Value":"SharpMind.Tests.Chat.JinjaTemplateFormatterTests"}]},"Attachments":[],"Outcome":1,"ErrorMessage":null,"ErrorStackTrace":null,"DisplayName":"SharpMind.Tests.Chat.JinjaTemplateFormatterTests.Llama3_SingleUserMessage_MatchesGolden","Messages":[],"ComputerName":"LAPTOP-MKMTSO1B","Duration":"00:00:00.0008664","StartTime":"2026-07-20T05:44:13.6883126+00:00","EndTime":"2026-07-20T05:44:13.6884712+00:00","Properties":[]},{"TestCase":{"Id":"c9f5fba1-e702-6633-75f0-8e8bcb64c497","FullyQualifiedName":"SharpMind.Tests.Chat.JinjaTemplateFormatterTests.Eval_InOperator_SubstringFound","DisplayName":"SharpMind.Tests.Chat.JinjaTemplateFormatterTests.Eval_InOperator_SubstringFound","ExecutorUri":"executor://xunit/VsTestRunner3/netcore/","Source":"C:\\Integral2u\\source\\repos\\SharpMind\\SharpMind.Tests\\bin\\Debug\\net10.0\\SharpMind.Tests.dll","CodeFilePath":null,"LineNumber":0,"Properties":[{"Key":{"Id":"TestCase.ManagedMethod","Label":"ManagedMethod","Category":"","Description":"","Attributes":1,"ValueType":"System.String"},"Value":"Eval_InOperator_SubstringFound"},{"Key":{"Id":"XunitTestCaseUniqueID","Label":"xUnit.net Test Case Unique ID","Category":"","Description":"","Attributes":0,"ValueType":"System.String"},"Value":"6d925fb161b5de7985bf30d3e2622c913d23d340"},{"Key":{"Id":"XunitTestCaseExplicit","Label":"xUnit.net Test Case Explicit Flag","Category":"","Description":"","Attributes":0,"ValueType":"System.Boolean"},"Value":false},{"Key":{"Id":"TestCase.ManagedType","Label":"ManagedType","Category":"","Description":"","Attributes":1,"ValueType":"System.String"},"Value":"SharpMind.Tests.Chat.JinjaTemplateFormatterTests"}]},"Attachments":[],"Outcome":1,"ErrorMessage":null,"ErrorStackTrace":null,"DisplayName":"SharpMind.Tests.Chat.JinjaTemplateFormatterTests.Eval_InOperator_SubstringFound","Messages":[],"ComputerName":"LAPTOP-MKMTSO1B","Duration":"00:00:00.0003944","StartTime":"2026-07-20T05:44:13.6953815+00:00","EndTime":"2026-07-20T05:44:13.6955708+00:00","Properties":[]},{"TestCase":{"Id":"f3b2a5e4-427f-2cb9-1650-8170dc1a84d4","FullyQualifiedName":"SharpMind.Tests.Chat.JinjaTemplateFormatterTests.Factory_EmptyTemplate_ReturnsFallback","DisplayName":"SharpMind.Tests.Chat.JinjaTemplateFormatterTests.Factory_EmptyTemplate_ReturnsFallback","ExecutorUri":"executor://xunit/VsTestRunner3/netcore/","Source":"C:\\Integral2u\\source\\repos\\SharpMind\\SharpMind.Tests\\bin\\Debug\\net10.0\\SharpMind.Tests.dll","CodeFilePath":null,"LineNumber":0,"Properties":[{"Key":{"Id":"TestCase.ManagedMethod","Label":"ManagedMethod","Category":"","Description":"","Attributes":1,"ValueType":"System.String"},"Value":"Factory_EmptyTemplate_ReturnsFallback"},{"Key":{"Id":"XunitTestCaseUniqueID","Label":"xUnit.net Test Case Unique ID","Category":"","Description":"","Attributes":0,"ValueType":"System.String"},"Value":"716facb7ca688d40eead4e32b15aca255120f73c"},{"Key":{"Id":"XunitTestCaseExplicit","Label":"xUnit.net Test Case Explicit Flag","Category":"","Description":"","Attributes":0,"ValueType":"System.Boolean"},"Value":false},{"Key":{"Id":"TestCase.ManagedType","Label":"ManagedType","Category":"","Description":"","Attributes":1,"ValueType":"System.String"},"Value":"SharpMind.Tests.Chat.JinjaTemplateFormatterTests"}]},"Attachments":[],"Outcome":1,"ErrorMessage":null,"ErrorStackTrace":null,"DisplayName":"SharpMind.Tests.Chat.JinjaTemplateFormatterTests.Factory_EmptyTemplate_ReturnsFallback","Messages":[],"ComputerName":"LAPTOP-MKMTSO1B","Duration":"00:00:00.0014150","StartTime":"2026-07-20T05:44:13.696816+00:00","EndTime":"2026-07-20T05:44:13.697723+00:00","Properties":[]},{"TestCase":{"Id":"234ea69a-398d-3e8a-8e5d-0e8a6526d33c","FullyQualifiedName":"SharpMind.Tests.Chat.JinjaTemplateFormatterTests.Factory_NullTemplate_ReturnsFallback","DisplayName":"SharpMind.Tests.Chat.JinjaTemplateFormatterTests.Factory_NullTemplate_ReturnsFallback","ExecutorUri":"executor://xunit/VsTestRunner3/netcore/","Source":"C:\\Integral2u\\source\\repos\\SharpMind\\SharpMind.Tests\\bin\\Debug\\net10.0\\SharpMind.Tests.dll","CodeFilePath":null,"LineNumber":0,"Properties":[{"Key":{"Id":"TestCase.ManagedMethod","Label":"ManagedMethod","Category":"","Description":"","Attributes":1,"ValueType":"System.String"},"Value":"Factory_NullTemplate_ReturnsFallback"},{"Key":{"Id":"XunitTestCaseUniqueID","Label":"xUnit.net Test Case Unique ID","Category":"","Description":"","Attributes":0,"ValueType":"System.String"},"Value":"726525d77e4048e9f14aaae3c5d0afb247aa80e6"},{"Key":{"Id":"XunitTestCaseExplicit","Label":"xUnit.net Test Case Explicit Flag","Category":"","Description":"","Attributes":0,"ValueType":"System.Boolean"},"Value":false},{"Key":{"Id":"TestCase.ManagedType","Label":"ManagedType","Category":"","Description":"","Attributes":1,"ValueType":"System.String"},"Value":"SharpMind.Tests.Chat.JinjaTemplateFormatterTests"}]},"Attachments":[],"Outcome":1,"ErrorMessage":null,"ErrorStackTrace":null,"DisplayName":"SharpMind.Tests.Chat.JinjaTemplateFormatterTests.Factory_NullTemplate_ReturnsFallback","Messages":[],"ComputerName":"LAPTOP-MKMTSO1B","Duration":"00:00:00.0002087","StartTime":"2026-07-20T05:44:13.6985996+00:00","EndTime":"2026-07-20T05:44:13.6987516+00:00","Properties":[]},{"TestCase":{"Id":"73ef88bb-d319-88bf-7fdc-c4338e5719a0","FullyQualifiedName":"SharpMind.Tests.Chat.JinjaTemplateFormatterTests.Qwen2_MultiTurn_FormatsAllRoles","DisplayName":"SharpMind.Tests.Chat.JinjaTemplateFormatterTests.Qwen2_MultiTurn_FormatsAllRoles","ExecutorUri":"executor://xunit/VsTestRunner3/netcore/","Source":"C:\\Integral2u\\source\\repos\\SharpMind\\SharpMind.Tests\\bin\\Debug\\net10.0\\SharpMind.Tests.dll","CodeFilePath":null,"LineNumber":0,"Properties":[{"Key":{"Id":"TestCase.ManagedMethod","Label":"ManagedMethod","Category":"","Description":"","Attributes":1,"ValueType":"System.String"},"Value":"Qwen2_MultiTurn_FormatsAllRoles"},{"Key":{"Id":"XunitTestCaseUniqueID","Label":"xUnit.net Test Case Unique ID","Category":"","Description":"","Attributes":0,"ValueType":"System.String"},"Value":"73388b694f797a32aa94138a8278cae538ad5157"},{"Key":{"Id":"XunitTestCaseExplicit","Label":"xUnit.net Test Case Explicit Flag","Category":"","Description":"","Attributes":0,"ValueType":"System.Boolean"},"Value":false},{"Key":{"Id":"TestCase.ManagedType","Label":"ManagedType","Category":"","Description":"","Attributes":1,"ValueType":"System.String"},"Value":"SharpMind.Tests.Chat.JinjaTemplateFormatterTests"}]},"Attachments":[],"Outcome":1,"ErrorMessage":null,"ErrorStackTrace":null,"DisplayName":"SharpMind.Tests.Chat.JinjaTemplateFormatterTests.Qwen2_MultiTurn_FormatsAllRoles","Messages":[],"ComputerName":"LAPTOP-MKMTSO1B","Duration":"00:00:00.0020568","StartTime":"2026-07-20T05:44:13.6994929+00:00","EndTime":"2026-07-20T05:44:13.6996343+00:00","Properties":[]}],"TestRunStatistics":{"ExecutedTests":130,"Stats":{"Passed":130}},"ActiveTests":[{"Id":"667b99ac-e63b-c238-22ac-7e892f29a720","FullyQualifiedName":"SharpMind.Tests.Chat.JinjaTemplateFormatterTests.TinyLlama_SystemAndUser_BothFormatted","DisplayName":"SharpMind.Tests.Chat.JinjaTemplateFormatterTests.TinyLlama_SystemAndUser_BothFormatted","ExecutorUri":"executor://xunit/VsTestRunner3/netcore/","Source":"C:\\Integral2u\\source\\repos\\SharpMind\\SharpMind.Tests\\bin\\Debug\\net10.0\\SharpMind.Tests.dll","CodeFilePath":null,"LineNumber":0,"Properties":[{"Key":{"Id":"TestCase.ManagedMethod","Label":"ManagedMethod","Category":"","Description":"","Attributes":1,"ValueType":"System.String"},"Value":"TinyLlama_SystemAndUser_BothFormatted"},{"Key":{"Id":"XunitTestCaseUniqueID","Label":"xUnit.net Test Case Unique ID","Category":"","Description":"","Attributes":0,"ValueType":"System.String"},"Value":"96df62ce9b8f1cf27f767cd8af281754f79a8644"},{"Key":{"Id":"XunitTestCaseExplicit","Label":"xUnit.net Test Case Explicit Flag","Category":"","Description":"","Attributes":0,"ValueType":"System.Boolean"},"Value":false},{"Key":{"Id":"TestCase.ManagedType","Label":"ManagedType","Category":"","Description":"","Attributes":1,"ValueType":"System.String"},"Value":"SharpMind.Tests.Chat.JinjaTemplateFormatterTests"}]}]}}
TpTrace Verbose: 0 : 2304, 12, 2026/07/20, 17:44:13.717, 376425920058, vstest.console.dll, TestRunRequest:SendTestRunStatsChange: Starting.
TpTrace Verbose: 0 : 2304, 12, 2026/07/20, 17:44:13.717, 376425921730, vstest.console.dll, InProgress is SharpMind.Tests.Chat.JinjaTemplateFormatterTests.TinyLlama_SystemAndUser_BothFormatted
TpTrace Verbose: 0 : 2304, 12, 2026/07/20, 17:44:13.717, 376425922862, vstest.console.dll, MulticastDelegateUtilities.SafeInvoke: TestRun.RunStatsChanged: Invoking callbacks was skipped because there are no subscribers.
TpTrace Information: 0 : 2304, 12, 2026/07/20, 17:44:13.717, 376425923568, vstest.console.dll, TestRunRequest:SendTestRunStatsChange: Completed.
TpTrace Verbose: 0 : 2304, 4, 2026/07/20, 17:44:13.717, 376425923565, vstest.console.dll, MulticastDelegateUtilities.SafeInvoke: InternalTestLoggerEvents.SendTestResult: Invoking callback 1/1 for Microsoft.VisualStudio.TestPlatform.CommandLine.Internal.ConsoleLogger., took 0 ms.
TpTrace Verbose: 0 : 2304, 12, 2026/07/20, 17:44:13.718, 376425924364, vstest.console.dll, MulticastDelegateUtilities.SafeInvoke: LengthPrefixCommunicationChannel: MessageReceived: Invoking callback 1/1 for Microsoft.VisualStudio.TestPlatform.CommunicationUtilities.TestRequestSender+<>c__DisplayClass34_0., took 4 ms.
TpTrace Verbose: 0 : 2304, 4, 2026/07/20, 17:44:13.718, 376425925471, vstest.console.dll, MulticastDelegateUtilities.SafeInvoke: InternalTestLoggerEvents.SendTestResult: Invoking callback 1/1 for Microsoft.VisualStudio.TestPlatform.CommandLine.Internal.ConsoleLogger., took 0 ms.
TpTrace Verbose: 0 : 2304, 12, 2026/07/20, 17:44:13.718, 376425926397, vstest.console.dll, TcpClientExtensions.MessageLoopAsync: Polling on remoteEndPoint: 127.0.0.1:55769 localEndPoint: 127.0.0.1:55768 after 119 ms
TpTrace Verbose: 0 : 2304, 4, 2026/07/20, 17:44:13.718, 376425926504, vstest.console.dll, MulticastDelegateUtilities.SafeInvoke: InternalTestLoggerEvents.SendTestResult: Invoking callback 1/1 for Microsoft.VisualStudio.TestPlatform.CommandLine.Internal.ConsoleLogger., took 0 ms.
TpTrace Verbose: 0 : 2304, 4, 2026/07/20, 17:44:13.718, 376425931568, vstest.console.dll, MulticastDelegateUtilities.SafeInvoke: InternalTestLoggerEvents.SendTestResult: Invoking callback 1/1 for Microsoft.VisualStudio.TestPlatform.CommandLine.Internal.ConsoleLogger., took 0 ms.
TpTrace Verbose: 0 : 2304, 4, 2026/07/20, 17:44:13.718, 376425932339, vstest.console.dll, MulticastDelegateUtilities.SafeInvoke: InternalTestLoggerEvents.SendTestResult: Invoking callback 1/1 for Microsoft.VisualStudio.TestPlatform.CommandLine.Internal.ConsoleLogger., took 0 ms.
TpTrace Verbose: 0 : 2304, 4, 2026/07/20, 17:44:13.718, 376425933076, vstest.console.dll, MulticastDelegateUtilities.SafeInvoke: InternalTestLoggerEvents.SendTestResult: Invoking callback 1/1 for Microsoft.VisualStudio.TestPlatform.CommandLine.Internal.ConsoleLogger., took 0 ms.
TpTrace Verbose: 0 : 2304, 4, 2026/07/20, 17:44:13.719, 376425934265, vstest.console.dll, MulticastDelegateUtilities.SafeInvoke: InternalTestLoggerEvents.SendTestResult: Invoking callback 1/1 for Microsoft.VisualStudio.TestPlatform.CommandLine.Internal.ConsoleLogger., took 0 ms.
TpTrace Verbose: 0 : 2304, 4, 2026/07/20, 17:44:13.719, 376425935064, vstest.console.dll, MulticastDelegateUtilities.SafeInvoke: InternalTestLoggerEvents.SendTestResult: Invoking callback 1/1 for Microsoft.VisualStudio.TestPlatform.CommandLine.Internal.ConsoleLogger., took 0 ms.
TpTrace Verbose: 0 : 2304, 4, 2026/07/20, 17:44:13.719, 376425935766, vstest.console.dll, MulticastDelegateUtilities.SafeInvoke: InternalTestLoggerEvents.SendTestResult: Invoking callback 1/1 for Microsoft.VisualStudio.TestPlatform.CommandLine.Internal.ConsoleLogger., took 0 ms.
TpTrace Verbose: 0 : 2304, 12, 2026/07/20, 17:44:13.897, 376427722893, vstest.console.dll, TcpClientExtensions.MessageLoopAsync: NotifyDataAvailable remoteEndPoint: 127.0.0.1:55769 localEndPoint: 127.0.0.1:55768
TpTrace Verbose: 0 : 2304, 12, 2026/07/20, 17:44:13.899, 376427737871, vstest.console.dll, TestRequestSender.OnExecutionMessageReceived: Received message: {"Version":7,"MessageType":"TestExecution.StatsChange","Payload":{"NewTestResults":[{"TestCase":{"Id":"667b99ac-e63b-c238-22ac-7e892f29a720","FullyQualifiedName":"SharpMind.Tests.Chat.JinjaTemplateFormatterTests.TinyLlama_SystemAndUser_BothFormatted","DisplayName":"SharpMind.Tests.Chat.JinjaTemplateFormatterTests.TinyLlama_SystemAndUser_BothFormatted","ExecutorUri":"executor://xunit/VsTestRunner3/netcore/","Source":"C:\\Integral2u\\source\\repos\\SharpMind\\SharpMind.Tests\\bin\\Debug\\net10.0\\SharpMind.Tests.dll","CodeFilePath":null,"LineNumber":0,"Properties":[{"Key":{"Id":"TestCase.ManagedMethod","Label":"ManagedMethod","Category":"","Description":"","Attributes":1,"ValueType":"System.String"},"Value":"TinyLlama_SystemAndUser_BothFormatted"},{"Key":{"Id":"XunitTestCaseUniqueID","Label":"xUnit.net Test Case Unique ID","Category":"","Description":"","Attributes":0,"ValueType":"System.String"},"Value":"96df62ce9b8f1cf27f767cd8af281754f79a8644"},{"Key":{"Id":"XunitTestCaseExplicit","Label":"xUnit.net Test Case Explicit Flag","Category":"","Description":"","Attributes":0,"ValueType":"System.Boolean"},"Value":false},{"Key":{"Id":"TestCase.ManagedType","Label":"ManagedType","Category":"","Description":"","Attributes":1,"ValueType":"System.String"},"Value":"SharpMind.Tests.Chat.JinjaTemplateFormatterTests"}]},"Attachments":[],"Outcome":1,"ErrorMessage":null,"ErrorStackTrace":null,"DisplayName":"SharpMind.Tests.Chat.JinjaTemplateFormatterTests.TinyLlama_SystemAndUser_BothFormatted","Messages":[],"ComputerName":"LAPTOP-MKMTSO1B","Duration":"00:00:00.0012972","StartTime":"2026-07-20T05:44:13.7167482+00:00","EndTime":"2026-07-20T05:44:13.7178372+00:00","Properties":[]},{"TestCase":{"Id":"de778138-572a-7dcb-f85e-2dab1740f4f8","FullyQualifiedName":"SharpMind.Tests.Chat.JinjaTemplateFormatterTests.Eval_StringConcat_Works","DisplayName":"SharpMind.Tests.Chat.JinjaTemplateFormatterTests.Eval_StringConcat_Works","ExecutorUri":"executor://xunit/VsTestRunner3/netcore/","Source":"C:\\Integral2u\\source\\repos\\SharpMind\\SharpMind.Tests\\bin\\Debug\\net10.0\\SharpMind.Tests.dll","CodeFilePath":null,"LineNumber":0,"Properties":[{"Key":{"Id":"TestCase.ManagedMethod","Label":"ManagedMethod","Category":"","Description":"","Attributes":1,"ValueType":"System.String"},"Value":"Eval_StringConcat_Works"},{"Key":{"Id":"XunitTestCaseUniqueID","Label":"xUnit.net Test Case Unique ID","Category":"","Description":"","Attributes":0,"ValueType":"System.String"},"Value":"a9739687d6c1b168e6be8f3982da42f0e9a0796e"},{"Key":{"Id":"XunitTestCaseExplicit","Label":"xUnit.net Test Case Explicit Flag","Category":"","Description":"","Attributes":0,"ValueType":"System.Boolean"},"Value":false},{"Key":{"Id":"TestCase.ManagedType","Label":"ManagedType","Category":"","Description":"","Attributes":1,"ValueType":"System.String"},"Value":"SharpMind.Tests.Chat.JinjaTemplateFormatterTests"}]},"Attachments":[],"Outcome":1,"ErrorMessage":null,"ErrorStackTrace":null,"DisplayName":"SharpMind.Tests.Chat.JinjaTemplateFormatterTests.Eval_StringConcat_Works","Messages":[],"ComputerName":"LAPTOP-MKMTSO1B","Duration":"00:00:00.0005176","StartTime":"2026-07-20T05:44:13.7192797+00:00","EndTime":"2026-07-20T05:44:13.7194187+00:00","Properties":[]},{"TestCase":{"Id":"df7a777c-fc5c-b5a6-2f26-1bcfc8f6e7cc","FullyQualifiedName":"SharpMind.Tests.Chat.JinjaTemplateFormatterTests.Factory_WithTemplate_ReturnsJinjaFormatter","DisplayName":"SharpMind.Tests.Chat.JinjaTemplateFormatterTests.Factory_WithTemplate_ReturnsJinjaFormatter","ExecutorUri":"executor://xunit/VsTestRunner3/netcore/","Source":"C:\\Integral2u\\source\\repos\\SharpMind\\SharpMind.Tests\\bin\\Debug\\net10.0\\SharpMind.Tests.dll","CodeFilePath":null,"LineNumber":0,"Properties":[{"Key":{"Id":"TestCase.ManagedMethod","Label":"ManagedMethod","Category":"","Description":"","Attributes":1,"ValueType":"System.String"},"Value":"Factory_WithTemplate_ReturnsJinjaFormatter"},{"Key":{"Id":"XunitTestCaseUniqueID","Label":"xUnit.net Test Case Unique ID","Category":"","Description":"","Attributes":0,"ValueType":"System.String"},"Value":"bc1ccbeb6dd1db262d89d3bd230f0bbe009bfa86"},{"Key":{"Id":"XunitTestCaseExplicit","Label":"xUnit.net Test Case Explicit Flag","Category":"","Description":"","Attributes":0,"ValueType":"System.Boolean"},"Value":false},{"Key":{"Id":"TestCase.ManagedType","Label":"ManagedType","Category":"","Description":"","Attributes":1,"ValueType":"System.String"},"Value":"SharpMind.Tests.Chat.JinjaTemplateFormatterTests"}]},"Attachments":[],"Outcome":1,"ErrorMessage":null,"ErrorStackTrace":null,"DisplayName":"SharpMind.Tests.Chat.JinjaTemplateFormatterTests.Factory_WithTemplate_ReturnsJinjaFormatter","Messages":[],"ComputerName":"LAPTOP-MKMTSO1B","Duration":"00:00:00.0004884","StartTime":"2026-07-20T05:44:13.7201696+00:00","EndTime":"2026-07-20T05:44:13.7203143+00:00","Properties":[]},{"TestCase":{"Id":"ce1f805f-74f4-6bf7-f32f-de1cc7883f6f","FullyQualifiedName":"SharpMind.Tests.Chat.JinjaTemplateFormatterTests.TinyLlama_UserMessage_UsesZephyrTokens","DisplayName":"SharpMind.Tests.Chat.JinjaTemplateFormatterTests.TinyLlama_UserMessage_UsesZephyrTokens","ExecutorUri":"executor://xunit/VsTestRunner3/netcore/","Source":"C:\\Integral2u\\source\\repos\\SharpMind\\SharpMind.Tests\\bin\\Debug\\net10.0\\SharpMind.Tests.dll","CodeFilePath":null,"LineNumber":0,"Properties":[{"Key":{"Id":"TestCase.ManagedMethod","Label":"ManagedMethod","Category":"","Description":"","Attributes":1,"ValueType":"System.String"},"Value":"TinyLlama_UserMessage_UsesZephyrTokens"},{"Key":{"Id":"XunitTestCaseUniqueID","Label":"xUnit.net Test Case Unique ID","Category":"","Description":"","Attributes":0,"ValueType":"System.String"},"Value":"bf21e413301266eddb78dacec86b4bf3bc5b6f86"},{"Key":{"Id":"XunitTestCaseExplicit","Label":"xUnit.net Test Case Explicit Flag","Category":"","Description":"","Attributes":0,"ValueType":"System.Boolean"},"Value":false},{"Key":{"Id":"TestCase.ManagedType","Label":"ManagedType","Category":"","Description":"","Attributes":1,"ValueType":"System.String"},"Value":"SharpMind.Tests.Chat.JinjaTemplateFormatterTests"}]},"Attachments":[],"Outcome":1,"ErrorMessage":null,"ErrorStackTrace":null,"DisplayName":"SharpMind.Tests.Chat.JinjaTemplateFormatterTests.TinyLlama_UserMessage_UsesZephyrTokens","Messages":[],"ComputerName":"LAPTOP-MKMTSO1B","Duration":"00:00:00.0008059","StartTime":"2026-07-20T05:44:13.7210815+00:00","EndTime":"2026-07-20T05:44:13.7212431+00:00","Properties":[]},{"TestCase":{"Id":"86cf6cba-094f-a5bb-ab9c-ba672eceb67f","FullyQualifiedName":"SharpMind.Tests.Chat.JinjaTemplateFormatterTests.Eval_IsNotNone_True","DisplayName":"SharpMind.Tests.Chat.JinjaTemplateFormatterTests.Eval_IsNotNone_True","ExecutorUri":"executor://xunit/VsTestRunner3/netcore/","Source":"C:\\Integral2u\\source\\repos\\SharpMind\\SharpMind.Tests\\bin\\Debug\\net10.0\\SharpMind.Tests.dll","CodeFilePath":null,"LineNumber":0,"Properties":[{"Key":{"Id":"TestCase.ManagedMethod","Label":"ManagedMethod","Category":"","Description":"","Attributes":1,"ValueType":"System.String"},"Value":"Eval_IsNotNone_True"},{"Key":{"Id":"XunitTestCaseUniqueID","Label":"xUnit.net Test Case Unique ID","Category":"","Description":"","Attributes":0,"ValueType":"System.String"},"Value":"c0abad86b0cb2526f033779699aa7455751052a6"},{"Key":{"Id":"XunitTestCaseExplicit","Label":"xUnit.net Test Case Explicit Flag","Category":"","Description":"","Attributes":0,"ValueType":"System.Boolean"},"Value":false},{"Key":{"Id":"TestCase.ManagedType","Label":"ManagedType","Category":"","Description":"","Attributes":1,"ValueType":"System.String"},"Value":"SharpMind.Tests.Chat.JinjaTemplateFormatterTests"}]},"Attachments":[],"Outcome":1,"ErrorMessage":null,"ErrorStackTrace":null,"DisplayName":"SharpMind.Tests.Chat.JinjaTemplateFormatterTests.Eval_IsNotNone_True","Messages":[],"ComputerName":"LAPTOP-MKMTSO1B","Duration":"00:00:00.0006544","StartTime":"2026-07-20T05:44:13.7220318+00:00","EndTime":"2026-07-20T05:44:13.7221981+00:00","Properties":[]},{"TestCase":{"Id":"b8d992da-a466-4f69-1bda-a1bacc5bfee5","FullyQualifiedName":"SharpMind.Tests.Chat.JinjaTemplateFormatterTests.Eval_IsNone_True","DisplayName":"SharpMind.Tests.Chat.JinjaTemplateFormatterTests.Eval_IsNone_True","ExecutorUri":"executor://xunit/VsTestRunner3/netcore/","Source":"C:\\Integral2u\\source\\repos\\SharpMind\\SharpMind.Tests\\bin\\Debug\\net10.0\\SharpMind.Tests.dll","CodeFilePath":null,"LineNumber":0,"Properties":[{"Key":{"Id":"TestCase.ManagedMethod","Label":"ManagedMethod","Category":"","Description":"","Attributes":1,"ValueType":"System.String"},"Value":"Eval_IsNone_True"},{"Key":{"Id":"XunitTestCaseUniqueID","Label":"xUnit.net Test Case Unique ID","Category":"","Description":"","Attributes":0,"ValueType":"System.String"},"Value":"c2a8ed71dca31e030223c766c40d1340e7d35b62"},{"Key":{"Id":"XunitTestCaseExplicit","Label":"xUnit.net Test Case Explicit Flag","Category":"","Description":"","Attributes":0,"ValueType":"System.Boolean"},"Value":false},{"Key":{"Id":"TestCase.ManagedType","Label":"ManagedType","Category":"","Description":"","Attributes":1,"ValueType":"System.String"},"Value":"SharpMind.Tests.Chat.JinjaTemplateFormatterTests"}]},"Attachments":[],"Outcome":1,"ErrorMessage":null,"ErrorStackTrace":null,"DisplayName":"SharpMind.Tests.Chat.JinjaTemplateFormatterTests.Eval_IsNone_True","Messages":[],"ComputerName":"LAPTOP-MKMTSO1B","Duration":"00:00:00.0002961","StartTime":"2026-07-20T05:44:13.7265739+00:00","EndTime":"2026-07-20T05:44:13.7267152+00:00","Properties":[]},{"TestCase":{"Id":"3c30be4e-3742-c9f5-c97c-923629d500b8","FullyQualifiedName":"SharpMind.Tests.Chat.JinjaTemplateFormatterTests.Qwen2_SingleUserMessage_MatchesGolden","DisplayName":"SharpMind.Tests.Chat.JinjaTemplateFormatterTests.Qwen2_SingleUserMessage_MatchesGolden","ExecutorUri":"executor://xunit/VsTestRunner3/netcore/","Source":"C:\\Integral2u\\source\\repos\\SharpMind\\SharpMind.Tests\\bin\\Debug\\net10.0\\SharpMind.Tests.dll","CodeFilePath":null,"LineNumber":0,"Properties":[{"Key":{"Id":"TestCase.ManagedMethod","Label":"ManagedMethod","Category":"","Description":"","Attributes":1,"ValueType":"System.String"},"Value":"Qwen2_SingleUserMessage_MatchesGolden"},{"Key":{"Id":"XunitTestCaseUniqueID","Label":"xUnit.net Test Case Unique ID","Category":"","Description":"","Attributes":0,"ValueType":"System.String"},"Value":"d923a89beef2b23b7ec09d5ea213ab235562c7ac"},{"Key":{"Id":"XunitTestCaseExplicit","Label":"xUnit.net Test Case Explicit Flag","Category":"","Description":"","Attributes":0,"ValueType":"System.Boolean"},"Value":false},{"Key":{"Id":"TestCase.ManagedType","Label":"ManagedType","Category":"","Description":"","Attributes":1,"ValueType":"System.String"},"Value":"SharpMind.Tests.Chat.JinjaTemplateFormatterTests"}]},"Attachments":[],"Outcome":1,"ErrorMessage":null,"ErrorStackTrace":null,"DisplayName":"SharpMind.Tests.Chat.JinjaTemplateFormatterTests.Qwen2_SingleUserMessage_MatchesGolden","Messages":[],"ComputerName":"LAPTOP-MKMTSO1B","Duration":"00:00:00.0007185","StartTime":"2026-07-20T05:44:13.7278477+00:00","EndTime":"2026-07-20T05:44:13.7279974+00:00","Properties":[]},{"TestCase":{"Id":"b24d5f25-c5aa-56f0-c4f0-859ab9553697","FullyQualifiedName":"SharpMind.Tests.Data.JsonlSourceTests.NestedFieldPath_DotNotation","DisplayName":"SharpMind.Tests.Data.JsonlSourceTests.NestedFieldPath_DotNotation","ExecutorUri":"executor://xunit/VsTestRunner3/netcore/","Source":"C:\\Integral2u\\source\\repos\\SharpMind\\SharpMind.Tests\\bin\\Debug\\net10.0\\SharpMind.Tests.dll","CodeFilePath":null,"LineNumber":0,"Properties":[{"Key":{"Id":"TestCase.ManagedMethod","Label":"ManagedMethod","Category":"","Description":"","Attributes":1,"ValueType":"System.String"},"Value":"NestedFieldPath_DotNotation"},{"Key":{"Id":"XunitTestCaseUniqueID","Label":"xUnit.net Test Case Unique ID","Category":"","Description":"","Attributes":0,"ValueType":"System.String"},"Value":"a022e0fc566bb212af499a511571b93dfe1fe1be"},{"Key":{"Id":"XunitTestCaseExplicit","Label":"xUnit.net Test Case Explicit Flag","Category":"","Description":"","Attributes":0,"ValueType":"System.Boolean"},"Value":false},{"Key":{"Id":"TestCase.ManagedType","Label":"ManagedType","Category":"","Description":"","Attributes":1,"ValueType":"System.String"},"Value":"SharpMind.Tests.Data.JsonlSourceTests"}]},"Attachments":[],"Outcome":1,"ErrorMessage":null,"ErrorStackTrace":null,"DisplayName":"SharpMind.Tests.Data.JsonlSourceTests.NestedFieldPath_DotNotation","Messages":[],"ComputerName":"LAPTOP-MKMTSO1B","Duration":"00:00:00.2748254","StartTime":"2026-07-20T05:44:13.599467+00:00","EndTime":"2026-07-20T05:44:13.8951864+00:00","Properties":[]}],"TestRunStatistics":{"ExecutedTests":138,"Stats":{"Passed":138}},"ActiveTests":[{"Id":"10de384e-2881-685d-ab12-f01563337f06","FullyQualifiedName":"SharpMind.Tests.Data.CompositeSourceTests.RoundRobin_InterleavesSources","DisplayName":"SharpMind.Tests.Data.CompositeSourceTests.RoundRobin_InterleavesSources","ExecutorUri":"executor://xunit/VsTestRunner3/netcore/","Source":"C:\\Integral2u\\source\\repos\\SharpMind\\SharpMind.Tests\\bin\\Debug\\net10.0\\SharpMind.Tests.dll","CodeFilePath":null,"LineNumber":0,"Properties":[{"Key":{"Id":"TestCase.ManagedMethod","Label":"ManagedMethod","Category":"","Description":"","Attributes":1,"ValueType":"System.String"},"Value":"RoundRobin_InterleavesSources"},{"Key":{"Id":"XunitTestCaseUniqueID","Label":"xUnit.net Test Case Unique ID","Category":"","Description":"","Attributes":0,"ValueType":"System.String"},"Value":"154bd5fa18bc40df6ebfee35e84dd8600acf6d6b"},{"Key":{"Id":"XunitTestCaseExplicit","Label":"xUnit.net Test Case Explicit Flag","Category":"","Description":"","Attributes":0,"ValueType":"System.Boolean"},"Value":false},{"Key":{"Id":"TestCase.ManagedType","Label":"ManagedType","Category":"","Description":"","Attributes":1,"ValueType":"System.String"},"Value":"SharpMind.Tests.Data.CompositeSourceTests"}]},{"Id":"a4c58ab7-ff2f-94a9-df67-0a79702e0f4c","FullyQualifiedName":"SharpMind.Tests.Data.JsonlSourceTests.EmptyTextValue_Skipped","DisplayName":"SharpMind.Tests.Data.JsonlSourceTests.EmptyTextValue_Skipped","ExecutorUri":"executor://xunit/VsTestRunner3/netcore/","Source":"C:\\Integral2u\\source\\repos\\SharpMind\\SharpMind.Tests\\bin\\Debug\\net10.0\\SharpMind.Tests.dll","CodeFilePath":null,"LineNumber":0,"Properties":[{"Key":{"Id":"TestCase.ManagedMethod","Label":"ManagedMethod","Category":"","Description":"","Attributes":1,"ValueType":"System.String"},"Value":"EmptyTextValue_Skipped"},{"Key":{"Id":"XunitTestCaseUniqueID","Label":"xUnit.net Test Case Unique ID","Category":"","Description":"","Attributes":0,"ValueType":"System.String"},"Value":"f15fbd3f5c18a0fadc2fe98b343aeb628e3c7a62"},{"Key":{"Id":"XunitTestCaseExplicit","Label":"xUnit.net Test Case Explicit Flag","Category":"","Description":"","Attributes":0,"ValueType":"System.Boolean"},"Value":false},{"Key":{"Id":"TestCase.ManagedType","Label":"ManagedType","Category":"","Description":"","Attributes":1,"ValueType":"System.String"},"Value":"SharpMind.Tests.Data.JsonlSourceTests"}]}]}}
TpTrace Verbose: 0 : 2304, 12, 2026/07/20, 17:44:13.903, 376427775047, vstest.console.dll, TestRunRequest:SendTestRunStatsChange: Starting.
TpTrace Verbose: 0 : 2304, 12, 2026/07/20, 17:44:13.903, 376427776498, vstest.console.dll, InProgress is SharpMind.Tests.Data.CompositeSourceTests.RoundRobin_InterleavesSources
TpTrace Verbose: 0 : 2304, 12, 2026/07/20, 17:44:13.903, 376427777162, vstest.console.dll, InProgress is SharpMind.Tests.Data.JsonlSourceTests.EmptyTextValue_Skipped
TpTrace Verbose: 0 : 2304, 12, 2026/07/20, 17:44:13.903, 376427778032, vstest.console.dll, MulticastDelegateUtilities.SafeInvoke: TestRun.RunStatsChanged: Invoking callbacks was skipped because there are no subscribers.
TpTrace Information: 0 : 2304, 12, 2026/07/20, 17:44:13.903, 376427778596, vstest.console.dll, TestRunRequest:SendTestRunStatsChange: Completed.
TpTrace Verbose: 0 : 2304, 12, 2026/07/20, 17:44:13.903, 376427779197, vstest.console.dll, MulticastDelegateUtilities.SafeInvoke: LengthPrefixCommunicationChannel: MessageReceived: Invoking callback 1/1 for Microsoft.VisualStudio.TestPlatform.CommunicationUtilities.TestRequestSender+<>c__DisplayClass34_0., took 4 ms.
TpTrace Verbose: 0 : 2304, 12, 2026/07/20, 17:44:13.903, 376427779786, vstest.console.dll, TcpClientExtensions.MessageLoopAsync: Polling on remoteEndPoint: 127.0.0.1:55769 localEndPoint: 127.0.0.1:55768 after 184 ms
TpTrace Verbose: 0 : 2304, 4, 2026/07/20, 17:44:13.906, 376427807957, vstest.console.dll, MulticastDelegateUtilities.SafeInvoke: InternalTestLoggerEvents.SendTestResult: Invoking callback 1/1 for Microsoft.VisualStudio.TestPlatform.CommandLine.Internal.ConsoleLogger., took 0 ms.
TpTrace Verbose: 0 : 2304, 4, 2026/07/20, 17:44:13.906, 376427809409, vstest.console.dll, MulticastDelegateUtilities.SafeInvoke: InternalTestLoggerEvents.SendTestResult: Invoking callback 1/1 for Microsoft.VisualStudio.TestPlatform.CommandLine.Internal.ConsoleLogger., took 0 ms.
TpTrace Verbose: 0 : 2304, 4, 2026/07/20, 17:44:13.906, 376427810211, vstest.console.dll, MulticastDelegateUtilities.SafeInvoke: InternalTestLoggerEvents.SendTestResult: Invoking callback 1/1 for Microsoft.VisualStudio.TestPlatform.CommandLine.Internal.ConsoleLogger., took 0 ms.
TpTrace Verbose: 0 : 2304, 4, 2026/07/20, 17:44:13.906, 376427810947, vstest.console.dll, MulticastDelegateUtilities.SafeInvoke: InternalTestLoggerEvents.SendTestResult: Invoking callback 1/1 for Microsoft.VisualStudio.TestPlatform.CommandLine.Internal.ConsoleLogger., took 0 ms.
TpTrace Verbose: 0 : 2304, 4, 2026/07/20, 17:44:13.906, 376427811660, vstest.console.dll, MulticastDelegateUtilities.SafeInvoke: InternalTestLoggerEvents.SendTestResult: Invoking callback 1/1 for Microsoft.VisualStudio.TestPlatform.CommandLine.Internal.ConsoleLogger., took 0 ms.
TpTrace Verbose: 0 : 2304, 4, 2026/07/20, 17:44:13.906, 376427812385, vstest.console.dll, MulticastDelegateUtilities.SafeInvoke: InternalTestLoggerEvents.SendTestResult: Invoking callback 1/1 for Microsoft.VisualStudio.TestPlatform.CommandLine.Internal.ConsoleLogger., took 0 ms.
TpTrace Verbose: 0 : 2304, 4, 2026/07/20, 17:44:13.906, 376427813079, vstest.console.dll, MulticastDelegateUtilities.SafeInvoke: InternalTestLoggerEvents.SendTestResult: Invoking callback 1/1 for Microsoft.VisualStudio.TestPlatform.CommandLine.Internal.ConsoleLogger., took 0 ms.
TpTrace Verbose: 0 : 2304, 4, 2026/07/20, 17:44:13.906, 376427813807, vstest.console.dll, MulticastDelegateUtilities.SafeInvoke: InternalTestLoggerEvents.SendTestResult: Invoking callback 1/1 for Microsoft.VisualStudio.TestPlatform.CommandLine.Internal.ConsoleLogger., took 0 ms.
TpTrace Verbose: 0 : 2304, 12, 2026/07/20, 17:44:14.133, 376430077252, vstest.console.dll, TcpClientExtensions.MessageLoopAsync: NotifyDataAvailable remoteEndPoint: 127.0.0.1:55769 localEndPoint: 127.0.0.1:55768
TpTrace Verbose: 0 : 2304, 12, 2026/07/20, 17:44:14.133, 376430082424, vstest.console.dll, TestRequestSender.OnExecutionMessageReceived: Received message: {"Version":7,"MessageType":"TestExecution.StatsChange","Payload":{"NewTestResults":[{"TestCase":{"Id":"10de384e-2881-685d-ab12-f01563337f06","FullyQualifiedName":"SharpMind.Tests.Data.CompositeSourceTests.RoundRobin_InterleavesSources","DisplayName":"SharpMind.Tests.Data.CompositeSourceTests.RoundRobin_InterleavesSources","ExecutorUri":"executor://xunit/VsTestRunner3/netcore/","Source":"C:\\Integral2u\\source\\repos\\SharpMind\\SharpMind.Tests\\bin\\Debug\\net10.0\\SharpMind.Tests.dll","CodeFilePath":null,"LineNumber":0,"Properties":[{"Key":{"Id":"TestCase.ManagedMethod","Label":"ManagedMethod","Category":"","Description":"","Attributes":1,"ValueType":"System.String"},"Value":"RoundRobin_InterleavesSources"},{"Key":{"Id":"XunitTestCaseUniqueID","Label":"xUnit.net Test Case Unique ID","Category":"","Description":"","Attributes":0,"ValueType":"System.String"},"Value":"154bd5fa18bc40df6ebfee35e84dd8600acf6d6b"},{"Key":{"Id":"XunitTestCaseExplicit","Label":"xUnit.net Test Case Explicit Flag","Category":"","Description":"","Attributes":0,"ValueType":"System.Boolean"},"Value":false},{"Key":{"Id":"TestCase.ManagedType","Label":"ManagedType","Category":"","Description":"","Attributes":1,"ValueType":"System.String"},"Value":"SharpMind.Tests.Data.CompositeSourceTests"}]},"Attachments":[],"Outcome":1,"ErrorMessage":null,"ErrorStackTrace":null,"DisplayName":"SharpMind.Tests.Data.CompositeSourceTests.RoundRobin_InterleavesSources","Messages":[],"ComputerName":"LAPTOP-MKMTSO1B","Duration":"00:00:00.2035903","StartTime":"2026-07-20T05:44:13.7290364+00:00","EndTime":"2026-07-20T05:44:13.9712304+00:00","Properties":[]},{"TestCase":{"Id":"dd484f9d-eac6-54be-76a0-b148e81983bf","FullyQualifiedName":"SharpMind.Tests.Data.CompositeSourceTests.EstimatedCount_SumsWhenAllKnown","DisplayName":"SharpMind.Tests.Data.CompositeSourceTests.EstimatedCount_SumsWhenAllKnown","ExecutorUri":"executor://xunit/VsTestRunner3/netcore/","Source":"C:\\Integral2u\\source\\repos\\SharpMind\\SharpMind.Tests\\bin\\Debug\\net10.0\\SharpMind.Tests.dll","CodeFilePath":null,"LineNumber":0,"Properties":[{"Key":{"Id":"TestCase.ManagedMethod","Label":"ManagedMethod","Category":"","Description":"","Attributes":1,"ValueType":"System.String"},"Value":"EstimatedCount_SumsWhenAllKnown"},{"Key":{"Id":"XunitTestCaseUniqueID","Label":"xUnit.net Test Case Unique ID","Category":"","Description":"","Attributes":0,"ValueType":"System.String"},"Value":"53f04d38c37c40ddb4328930d2b6378d4f7c8fc5"},{"Key":{"Id":"XunitTestCaseExplicit","Label":"xUnit.net Test Case Explicit Flag","Category":"","Description":"","Attributes":0,"ValueType":"System.Boolean"},"Value":false},{"Key":{"Id":"TestCase.ManagedType","Label":"ManagedType","Category":"","Description":"","Attributes":1,"ValueType":"System.String"},"Value":"SharpMind.Tests.Data.CompositeSourceTests"}]},"Attachments":[],"Outcome":1,"ErrorMessage":null,"ErrorStackTrace":null,"DisplayName":"SharpMind.Tests.Data.CompositeSourceTests.EstimatedCount_SumsWhenAllKnown","Messages":[],"ComputerName":"LAPTOP-MKMTSO1B","Duration":"00:00:00.0230483","StartTime":"2026-07-20T05:44:13.9722509+00:00","EndTime":"2026-07-20T05:44:13.9941147+00:00","Properties":[]},{"TestCase":{"Id":"88fe4606-426c-f6d6-6986-2ea58ae7540a","FullyQualifiedName":"SharpMind.Tests.Data.CompositeSourceTests.RequiresAtLeastOneSource","DisplayName":"SharpMind.Tests.Data.CompositeSourceTests.RequiresAtLeastOneSource","ExecutorUri":"executor://xunit/VsTestRunner3/netcore/","Source":"C:\\Integral2u\\source\\repos\\SharpMind\\SharpMind.Tests\\bin\\Debug\\net10.0\\SharpMind.Tests.dll","CodeFilePath":null,"LineNumber":0,"Properties":[{"Key":{"Id":"TestCase.ManagedMethod","Label":"ManagedMethod","Category":"","Description":"","Attributes":1,"ValueType":"System.String"},"Value":"RequiresAtLeastOneSource"},{"Key":{"Id":"XunitTestCaseUniqueID","Label":"xUnit.net Test Case Unique ID","Category":"","Description":"","Attributes":0,"ValueType":"System.String"},"Value":"91afe0d638fb3db515fdc05a0ba7168d387f9f8e"},{"Key":{"Id":"XunitTestCaseExplicit","Label":"xUnit.net Test Case Explicit Flag","Category":"","Description":"","Attributes":0,"ValueType":"System.Boolean"},"Value":false},{"Key":{"Id":"TestCase.ManagedType","Label":"ManagedType","Category":"","Description":"","Attributes":1,"ValueType":"System.String"},"Value":"SharpMind.Tests.Data.CompositeSourceTests"}]},"Attachments":[],"Outcome":1,"ErrorMessage":null,"ErrorStackTrace":null,"DisplayName":"SharpMind.Tests.Data.CompositeSourceTests.RequiresAtLeastOneSource","Messages":[],"ComputerName":"LAPTOP-MKMTSO1B","Duration":"00:00:00.0201424","StartTime":"2026-07-20T05:44:14.0112993+00:00","EndTime":"2026-07-20T05:44:14.014509+00:00","Properties":[]},{"TestCase":{"Id":"b6a3a6cf-8c13-f238-3f3d-59a9cc59e0f7","FullyQualifiedName":"SharpMind.Tests.Data.CompositeSourceTests.EstimatedCount_NullWhenAnyUnknown","DisplayName":"SharpMind.Tests.Data.CompositeSourceTests.EstimatedCount_NullWhenAnyUnknown","ExecutorUri":"executor://xunit/VsTestRunner3/netcore/","Source":"C:\\Integral2u\\source\\repos\\SharpMind\\SharpMind.Tests\\bin\\Debug\\net10.0\\SharpMind.Tests.dll","CodeFilePath":null,"LineNumber":0,"Properties":[{"Key":{"Id":"TestCase.ManagedMethod","Label":"ManagedMethod","Category":"","Description":"","Attributes":1,"ValueType":"System.String"},"Value":"EstimatedCount_NullWhenAnyUnknown"},{"Key":{"Id":"XunitTestCaseUniqueID","Label":"xUnit.net Test Case Unique ID","Category":"","Description":"","Attributes":0,"ValueType":"System.String"},"Value":"9486aad1bb645361c07e2d4316e60a9b30587fbd"},{"Key":{"Id":"XunitTestCaseExplicit","Label":"xUnit.net Test Case Explicit Flag","Category":"","Description":"","Attributes":0,"ValueType":"System.Boolean"},"Value":false},{"Key":{"Id":"TestCase.ManagedType","Label":"ManagedType","Category":"","Description":"","Attributes":1,"ValueType":"System.String"},"Value":"SharpMind.Tests.Data.CompositeSourceTests"}]},"Attachments":[],"Outcome":1,"ErrorMessage":null,"ErrorStackTrace":null,"DisplayName":"SharpMind.Tests.Data.CompositeSourceTests.EstimatedCount_NullWhenAnyUnknown","Messages":[],"ComputerName":"LAPTOP-MKMTSO1B","Duration":"00:00:00.0060865","StartTime":"2026-07-20T05:44:14.0154467+00:00","EndTime":"2026-07-20T05:44:14.0207892+00:00","Properties":[]},{"TestCase":{"Id":"a4c58ab7-ff2f-94a9-df67-0a79702e0f4c","FullyQualifiedName":"SharpMind.Tests.Data.JsonlSourceTests.EmptyTextValue_Skipped","DisplayName":"SharpMind.Tests.Data.JsonlSourceTests.EmptyTextValue_Skipped","ExecutorUri":"executor://xunit/VsTestRunner3/netcore/","Source":"C:\\Integral2u\\source\\repos\\SharpMind\\SharpMind.Tests\\bin\\Debug\\net10.0\\SharpMind.Tests.dll","CodeFilePath":null,"LineNumber":0,"Properties":[{"Key":{"Id":"TestCase.ManagedMethod","Label":"ManagedMethod","Category":"","Description":"","Attributes":1,"ValueType":"System.String"},"Value":"EmptyTextValue_Skipped"},{"Key":{"Id":"XunitTestCaseUniqueID","Label":"xUnit.net Test Case Unique ID","Category":"","Description":"","Attributes":0,"ValueType":"System.String"},"Value":"f15fbd3f5c18a0fadc2fe98b343aeb628e3c7a62"},{"Key":{"Id":"XunitTestCaseExplicit","Label":"xUnit.net Test Case Explicit Flag","Category":"","Description":"","Attributes":0,"ValueType":"System.Boolean"},"Value":false},{"Key":{"Id":"TestCase.ManagedType","Label":"ManagedType","Category":"","Description":"","Attributes":1,"ValueType":"System.String"},"Value":"SharpMind.Tests.Data.JsonlSourceTests"}]},"Attachments":[],"Outcome":1,"ErrorMessage":null,"ErrorStackTrace":null,"DisplayName":"SharpMind.Tests.Data.JsonlSourceTests.EmptyTextValue_Skipped","Messages":[],"ComputerName":"LAPTOP-MKMTSO1B","Duration":"00:00:00.1630509","StartTime":"2026-07-20T05:44:13.9061301+00:00","EndTime":"2026-07-20T05:44:14.1098607+00:00","Properties":[]},{"TestCase":{"Id":"83fb304b-dd97-1bc6-ace5-48262e223165","FullyQualifiedName":"SharpMind.Tests.Core.RoPETests.Apply_PreservesShape","DisplayName":"SharpMind.Tests.Core.RoPETests.Apply_PreservesShape","ExecutorUri":"executor://xunit/VsTestRunner3/netcore/","Source":"C:\\Integral2u\\source\\repos\\SharpMind\\SharpMind.Tests\\bin\\Debug\\net10.0\\SharpMind.Tests.dll","CodeFilePath":null,"LineNumber":0,"Properties":[{"Key":{"Id":"TestCase.ManagedMethod","Label":"ManagedMethod","Category":"","Description":"","Attributes":1,"ValueType":"System.String"},"Value":"Apply_PreservesShape"},{"Key":{"Id":"XunitTestCaseUniqueID","Label":"xUnit.net Test Case Unique ID","Category":"","Description":"","Attributes":0,"ValueType":"System.String"},"Value":"28b7a1d677baa634025f8197d28954736c0289b4"},{"Key":{"Id":"XunitTestCaseExplicit","Label":"xUnit.net Test Case Explicit Flag","Category":"","Description":"","Attributes":0,"ValueType":"System.Boolean"},"Value":false},{"Key":{"Id":"TestCase.ManagedType","Label":"ManagedType","Category":"","Description":"","Attributes":1,"ValueType":"System.String"},"Value":"SharpMind.Tests.Core.RoPETests"}]},"Attachments":[],"Outcome":1,"ErrorMessage":null,"ErrorStackTrace":null,"DisplayName":"SharpMind.Tests.Core.RoPETests.Apply_PreservesShape","Messages":[],"ComputerName":"LAPTOP-MKMTSO1B","Duration":"00:00:00.0147533","StartTime":"2026-07-20T05:44:14.1125947+00:00","EndTime":"2026-07-20T05:44:14.1271933+00:00","Properties":[]},{"TestCase":{"Id":"f01a1c81-c671-76d2-3e96-1018c5c4b33b","FullyQualifiedName":"SharpMind.Tests.Core.RoPETests.Apply_ZeroPosition_CosSin0","DisplayName":"SharpMind.Tests.Core.RoPETests.Apply_ZeroPosition_CosSin0","ExecutorUri":"executor://xunit/VsTestRunner3/netcore/","Source":"C:\\Integral2u\\source\\repos\\SharpMind\\SharpMind.Tests\\bin\\Debug\\net10.0\\SharpMind.Tests.dll","CodeFilePath":null,"LineNumber":0,"Properties":[{"Key":{"Id":"TestCase.ManagedMethod","Label":"ManagedMethod","Category":"","Description":"","Attributes":1,"ValueType":"System.String"},"Value":"Apply_ZeroPosition_CosSin0"},{"Key":{"Id":"XunitTestCaseUniqueID","Label":"xUnit.net Test Case Unique ID","Category":"","Description":"","Attributes":0,"ValueType":"System.String"},"Value":"69a298ab059c631898b0db15e33206feaca4877c"},{"Key":{"Id":"XunitTestCaseExplicit","Label":"xUnit.net Test Case Explicit Flag","Category":"","Description":"","Attributes":0,"ValueType":"System.Boolean"},"Value":false},{"Key":{"Id":"TestCase.ManagedType","Label":"ManagedType","Category":"","Description":"","Attributes":1,"ValueType":"System.String"},"Value":"SharpMind.Tests.Core.RoPETests"}]},"Attachments":[],"Outcome":1,"ErrorMessage":null,"ErrorStackTrace":null,"DisplayName":"SharpMind.Tests.Core.RoPETests.Apply_ZeroPosition_CosSin0","Messages":[],"ComputerName":"LAPTOP-MKMTSO1B","Duration":"00:00:00.0015987","StartTime":"2026-07-20T05:44:14.1280274+00:00","EndTime":"2026-07-20T05:44:14.1287373+00:00","Properties":[]},{"TestCase":{"Id":"796379f0-7f17-479e-d5aa-19e5786d4f92","FullyQualifiedName":"SharpMind.Tests.Core.RoPETests.Apply_WrongHeadDim_Throws","DisplayName":"SharpMind.Tests.Core.RoPETests.Apply_WrongHeadDim_Throws","ExecutorUri":"executor://xunit/VsTestRunner3/netcore/","Source":"C:\\Integral2u\\source\\repos\\SharpMind\\SharpMind.Tests\\bin\\Debug\\net10.0\\SharpMind.Tests.dll","CodeFilePath":null,"LineNumber":0,"Properties":[{"Key":{"Id":"TestCase.ManagedMethod","Label":"ManagedMethod","Category":"","Description":"","Attributes":1,"ValueType":"System.String"},"Value":"Apply_WrongHeadDim_Throws"},{"Key":{"Id":"XunitTestCaseUniqueID","Label":"xUnit.net Test Case Unique ID","Category":"","Description":"","Attributes":0,"ValueType":"System.String"},"Value":"a6055aabffcda6ffc3dc24626678c793a41793fb"},{"Key":{"Id":"XunitTestCaseExplicit","Label":"xUnit.net Test Case Explicit Flag","Category":"","Description":"","Attributes":0,"ValueType":"System.Boolean"},"Value":false},{"Key":{"Id":"TestCase.ManagedType","Label":"ManagedType","Category":"","Description":"","Attributes":1,"ValueType":"System.String"},"Value":"SharpMind.Tests.Core.RoPETests"}]},"Attachments":[],"Outcome":1,"ErrorMessage":null,"ErrorStackTrace":null,"DisplayName":"SharpMind.Tests.Core.RoPETests.Apply_WrongHeadDim_Throws","Messages":[],"ComputerName":"LAPTOP-MKMTSO1B","Duration":"00:00:00.0012091","StartTime":"2026-07-20T05:44:14.129526+00:00","EndTime":"2026-07-20T05:44:14.1300869+00:00","Properties":[]}],"TestRunStatistics":{"ExecutedTests":146,"Stats":{"Passed":146}},"ActiveTests":[{"Id":"80258c54-96d9-3232-ec10-edf92b9bc23a","FullyQualifiedName":"SharpMind.Tests.Data.CompositeSourceTests.Concatenate_YieldsAllSourcesInOrder","DisplayName":"SharpMind.Tests.Data.CompositeSourceTests.Concatenate_YieldsAllSourcesInOrder","ExecutorUri":"executor://xunit/VsTestRunner3/netcore/","Source":"C:\\Integral2u\\source\\repos\\SharpMind\\SharpMind.Tests\\bin\\Debug\\net10.0\\SharpMind.Tests.dll","CodeFilePath":null,"LineNumber":0,"Properties":[{"Key":{"Id":"TestCase.ManagedMethod","Label":"ManagedMethod","Category":"","Description":"","Attributes":1,"ValueType":"System.String"},"Value":"Concatenate_YieldsAllSourcesInOrder"},{"Key":{"Id":"XunitTestCaseUniqueID","Label":"xUnit.net Test Case Unique ID","Category":"","Description":"","Attributes":0,"ValueType":"System.String"},"Value":"a8faed9a4aa0bd31b62fd00136b9125362103b91"},{"Key":{"Id":"XunitTestCaseExplicit","Label":"xUnit.net Test Case Explicit Flag","Category":"","Description":"","Attributes":0,"ValueType":"System.Boolean"},"Value":false},{"Key":{"Id":"TestCase.ManagedType","Label":"ManagedType","Category":"","Description":"","Attributes":1,"ValueType":"System.String"},"Value":"SharpMind.Tests.Data.CompositeSourceTests"}]},{"Id":"8c673be4-2faa-12b4-d630-bf12db78c1e1","FullyQualifiedName":"SharpMind.Tests.Core.RoPETests.Apply_OutputNotAllSame","DisplayName":"SharpMind.Tests.Core.RoPETests.Apply_OutputNotAllSame","ExecutorUri":"executor://xunit/VsTestRunner3/netcore/","Source":"C:\\Integral2u\\source\\repos\\SharpMind\\SharpMind.Tests\\bin\\Debug\\net10.0\\SharpMind.Tests.dll","CodeFilePath":null,"LineNumber":0,"Properties":[{"Key":{"Id":"TestCase.ManagedMethod","Label":"ManagedMethod","Category":"","Description":"","Attributes":1,"ValueType":"System.String"},"Value":"Apply_OutputNotAllSame"},{"Key":{"Id":"XunitTestCaseUniqueID","Label":"xUnit.net Test Case Unique ID","Category":"","Description":"","Attributes":0,"ValueType":"System.String"},"Value":"d98e98d39644f071e039f16fe548999f497ca027"},{"Key":{"Id":"XunitTestCaseExplicit","Label":"xUnit.net Test Case Explicit Flag","Category":"","Description":"","Attributes":0,"ValueType":"System.Boolean"},"Value":false},{"Key":{"Id":"TestCase.ManagedType","Label":"ManagedType","Category":"","Description":"","Attributes":1,"ValueType":"System.String"},"Value":"SharpMind.Tests.Core.RoPETests"}]}]}}
TpTrace Verbose: 0 : 2304, 12, 2026/07/20, 17:44:14.137, 376430114340, vstest.console.dll, TestRunRequest:SendTestRunStatsChange: Starting.
TpTrace Verbose: 0 : 2304, 12, 2026/07/20, 17:44:14.137, 376430115762, vstest.console.dll, InProgress is SharpMind.Tests.Data.CompositeSourceTests.Concatenate_YieldsAllSourcesInOrder
TpTrace Verbose: 0 : 2304, 12, 2026/07/20, 17:44:14.137, 376430116307, vstest.console.dll, InProgress is SharpMind.Tests.Core.RoPETests.Apply_OutputNotAllSame
TpTrace Verbose: 0 : 2304, 12, 2026/07/20, 17:44:14.137, 376430117078, vstest.console.dll, MulticastDelegateUtilities.SafeInvoke: TestRun.RunStatsChanged: Invoking callbacks was skipped because there are no subscribers.
TpTrace Information: 0 : 2304, 12, 2026/07/20, 17:44:14.137, 376430117616, vstest.console.dll, TestRunRequest:SendTestRunStatsChange: Completed.
TpTrace Verbose: 0 : 2304, 4, 2026/07/20, 17:44:14.137, 376430117772, vstest.console.dll, MulticastDelegateUtilities.SafeInvoke: InternalTestLoggerEvents.SendTestResult: Invoking callback 1/1 for Microsoft.VisualStudio.TestPlatform.CommandLine.Internal.ConsoleLogger., took 0 ms.
TpTrace Verbose: 0 : 2304, 12, 2026/07/20, 17:44:14.137, 376430118244, vstest.console.dll, MulticastDelegateUtilities.SafeInvoke: LengthPrefixCommunicationChannel: MessageReceived: Invoking callback 1/1 for Microsoft.VisualStudio.TestPlatform.CommunicationUtilities.TestRequestSender+<>c__DisplayClass34_0., took 3 ms.
TpTrace Verbose: 0 : 2304, 4, 2026/07/20, 17:44:14.137, 376430119385, vstest.console.dll, MulticastDelegateUtilities.SafeInvoke: InternalTestLoggerEvents.SendTestResult: Invoking callback 1/1 for Microsoft.VisualStudio.TestPlatform.CommandLine.Internal.ConsoleLogger., took 0 ms.
TpTrace Verbose: 0 : 2304, 12, 2026/07/20, 17:44:14.137, 376430120343, vstest.console.dll, TcpClientExtensions.MessageLoopAsync: Polling on remoteEndPoint: 127.0.0.1:55769 localEndPoint: 127.0.0.1:55768 after 234 ms
TpTrace Verbose: 0 : 2304, 4, 2026/07/20, 17:44:14.137, 376430120481, vstest.console.dll, MulticastDelegateUtilities.SafeInvoke: InternalTestLoggerEvents.SendTestResult: Invoking callback 1/1 for Microsoft.VisualStudio.TestPlatform.CommandLine.Internal.ConsoleLogger., took 0 ms.
TpTrace Verbose: 0 : 2304, 4, 2026/07/20, 17:44:14.137, 376430122097, vstest.console.dll, MulticastDelegateUtilities.SafeInvoke: InternalTestLoggerEvents.SendTestResult: Invoking callback 1/1 for Microsoft.VisualStudio.TestPlatform.CommandLine.Internal.ConsoleLogger., took 0 ms.
TpTrace Verbose: 0 : 2304, 4, 2026/07/20, 17:44:14.137, 376430123039, vstest.console.dll, MulticastDelegateUtilities.SafeInvoke: InternalTestLoggerEvents.SendTestResult: Invoking callback 1/1 for Microsoft.VisualStudio.TestPlatform.CommandLine.Internal.ConsoleLogger., took 0 ms.
TpTrace Verbose: 0 : 2304, 4, 2026/07/20, 17:44:14.137, 376430123941, vstest.console.dll, MulticastDelegateUtilities.SafeInvoke: InternalTestLoggerEvents.SendTestResult: Invoking callback 1/1 for Microsoft.VisualStudio.TestPlatform.CommandLine.Internal.ConsoleLogger., took 0 ms.
TpTrace Verbose: 0 : 2304, 4, 2026/07/20, 17:44:14.138, 376430124885, vstest.console.dll, MulticastDelegateUtilities.SafeInvoke: InternalTestLoggerEvents.SendTestResult: Invoking callback 1/1 for Microsoft.VisualStudio.TestPlatform.CommandLine.Internal.ConsoleLogger., took 0 ms.
TpTrace Verbose: 0 : 2304, 4, 2026/07/20, 17:44:14.138, 376430125649, vstest.console.dll, MulticastDelegateUtilities.SafeInvoke: InternalTestLoggerEvents.SendTestResult: Invoking callback 1/1 for Microsoft.VisualStudio.TestPlatform.CommandLine.Internal.ConsoleLogger., took 0 ms.
TpTrace Verbose: 0 : 2304, 12, 2026/07/20, 17:44:15.140, 376440151503, vstest.console.dll, TcpClientExtensions.MessageLoopAsync: Polling on remoteEndPoint: 127.0.0.1:55769 localEndPoint: 127.0.0.1:55768 after 1003 ms
TpTrace Verbose: 0 : 2304, 12, 2026/07/20, 17:44:16.153, 376450278778, vstest.console.dll, TcpClientExtensions.MessageLoopAsync: Polling on remoteEndPoint: 127.0.0.1:55769 localEndPoint: 127.0.0.1:55768 after 1012 ms
TpTrace Verbose: 0 : 2304, 12, 2026/07/20, 17:44:17.163, 376460376518, vstest.console.dll, TcpClientExtensions.MessageLoopAsync: Polling on remoteEndPoint: 127.0.0.1:55769 localEndPoint: 127.0.0.1:55768 after 1009 ms
TpTrace Verbose: 0 : 2304, 12, 2026/07/20, 17:44:18.175, 376470497811, vstest.console.dll, TcpClientExtensions.MessageLoopAsync: Polling on remoteEndPoint: 127.0.0.1:55769 localEndPoint: 127.0.0.1:55768 after 1011 ms
TpTrace Verbose: 0 : 2304, 12, 2026/07/20, 17:44:19.183, 376480580012, vstest.console.dll, TcpClientExtensions.MessageLoopAsync: Polling on remoteEndPoint: 127.0.0.1:55769 localEndPoint: 127.0.0.1:55768 after 1008 ms
TpTrace Verbose: 0 : 2304, 12, 2026/07/20, 17:44:20.191, 376490655628, vstest.console.dll, TcpClientExtensions.MessageLoopAsync: Polling on remoteEndPoint: 127.0.0.1:55769 localEndPoint: 127.0.0.1:55768 after 1007 ms
TpTrace Verbose: 0 : 2304, 12, 2026/07/20, 17:44:20.438, 376493124682, vstest.console.dll, TcpClientExtensions.MessageLoopAsync: NotifyDataAvailable remoteEndPoint: 127.0.0.1:55769 localEndPoint: 127.0.0.1:55768
TpTrace Verbose: 0 : 2304, 12, 2026/07/20, 17:44:20.438, 376493133387, vstest.console.dll, TestRequestSender.OnExecutionMessageReceived: Received message: {"Version":7,"MessageType":"TestExecution.StatsChange","Payload":{"NewTestResults":[{"TestCase":{"Id":"8c673be4-2faa-12b4-d630-bf12db78c1e1","FullyQualifiedName":"SharpMind.Tests.Core.RoPETests.Apply_OutputNotAllSame","DisplayName":"SharpMind.Tests.Core.RoPETests.Apply_OutputNotAllSame","ExecutorUri":"executor://xunit/VsTestRunner3/netcore/","Source":"C:\\Integral2u\\source\\repos\\SharpMind\\SharpMind.Tests\\bin\\Debug\\net10.0\\SharpMind.Tests.dll","CodeFilePath":null,"LineNumber":0,"Properties":[{"Key":{"Id":"TestCase.ManagedMethod","Label":"ManagedMethod","Category":"","Description":"","Attributes":1,"ValueType":"System.String"},"Value":"Apply_OutputNotAllSame"},{"Key":{"Id":"XunitTestCaseUniqueID","Label":"xUnit.net Test Case Unique ID","Category":"","Description":"","Attributes":0,"ValueType":"System.String"},"Value":"d98e98d39644f071e039f16fe548999f497ca027"},{"Key":{"Id":"XunitTestCaseExplicit","Label":"xUnit.net Test Case Explicit Flag","Category":"","Description":"","Attributes":0,"ValueType":"System.Boolean"},"Value":false},{"Key":{"Id":"TestCase.ManagedType","Label":"ManagedType","Category":"","Description":"","Attributes":1,"ValueType":"System.String"},"Value":"SharpMind.Tests.Core.RoPETests"}]},"Attachments":[],"Outcome":1,"ErrorMessage":null,"ErrorStackTrace":null,"DisplayName":"SharpMind.Tests.Core.RoPETests.Apply_OutputNotAllSame","Messages":[],"ComputerName":"LAPTOP-MKMTSO1B","Duration":"00:00:00.0006880","StartTime":"2026-07-20T05:44:14.1337081+00:00","EndTime":"2026-07-20T05:44:14.1344702+00:00","Properties":[]}],"TestRunStatistics":{"ExecutedTests":147,"Stats":{"Passed":147}},"ActiveTests":[{"Id":"e794a3c9-7ffd-ecb2-35b6-6456136c112b","FullyQualifiedName":"SharpMind.Tests.Core.RoPETests.Apply_ExceedsMaxSeqLen_Throws","DisplayName":"SharpMind.Tests.Core.RoPETests.Apply_ExceedsMaxSeqLen_Throws","ExecutorUri":"executor://xunit/VsTestRunner3/netcore/","Source":"C:\\Integral2u\\source\\repos\\SharpMind\\SharpMind.Tests\\bin\\Debug\\net10.0\\SharpMind.Tests.dll","CodeFilePath":null,"LineNumber":0,"Properties":[{"Key":{"Id":"TestCase.ManagedMethod","Label":"ManagedMethod","Category":"","Description":"","Attributes":1,"ValueType":"System.String"},"Value":"Apply_ExceedsMaxSeqLen_Throws"},{"Key":{"Id":"XunitTestCaseUniqueID","Label":"xUnit.net Test Case Unique ID","Category":"","Description":"","Attributes":0,"ValueType":"System.String"},"Value":"ecdc356f580a34ce49ba1c573be06595f3dadc97"},{"Key":{"Id":"XunitTestCaseExplicit","Label":"xUnit.net Test Case Explicit Flag","Category":"","Description":"","Attributes":0,"ValueType":"System.Boolean"},"Value":false},{"Key":{"Id":"TestCase.ManagedType","Label":"ManagedType","Category":"","Description":"","Attributes":1,"ValueType":"System.String"},"Value":"SharpMind.Tests.Core.RoPETests"}]}]}}
TpTrace Verbose: 0 : 2304, 12, 2026/07/20, 17:44:20.440, 376493145413, vstest.console.dll, TestRunRequest:SendTestRunStatsChange: Starting.
TpTrace Verbose: 0 : 2304, 12, 2026/07/20, 17:44:20.440, 376493146361, vstest.console.dll, InProgress is SharpMind.Tests.Core.RoPETests.Apply_ExceedsMaxSeqLen_Throws
TpTrace Verbose: 0 : 2304, 12, 2026/07/20, 17:44:20.440, 376493146995, vstest.console.dll, MulticastDelegateUtilities.SafeInvoke: TestRun.RunStatsChanged: Invoking callbacks was skipped because there are no subscribers.
TpTrace Information: 0 : 2304, 12, 2026/07/20, 17:44:20.440, 376493147466, vstest.console.dll, TestRunRequest:SendTestRunStatsChange: Completed.
TpTrace Verbose: 0 : 2304, 12, 2026/07/20, 17:44:20.440, 376493148036, vstest.console.dll, MulticastDelegateUtilities.SafeInvoke: LengthPrefixCommunicationChannel: MessageReceived: Invoking callback 1/1 for Microsoft.VisualStudio.TestPlatform.CommunicationUtilities.TestRequestSender+<>c__DisplayClass34_0., took 1 ms.
TpTrace Verbose: 0 : 2304, 12, 2026/07/20, 17:44:20.440, 376493148584, vstest.console.dll, TcpClientExtensions.MessageLoopAsync: Polling on remoteEndPoint: 127.0.0.1:55769 localEndPoint: 127.0.0.1:55768 after 249 ms
TpTrace Verbose: 0 : 2304, 4, 2026/07/20, 17:44:20.441, 376493157515, vstest.console.dll, MulticastDelegateUtilities.SafeInvoke: InternalTestLoggerEvents.SendTestResult: Invoking callback 1/1 for Microsoft.VisualStudio.TestPlatform.CommandLine.Internal.ConsoleLogger., took 0 ms.
TpTrace Verbose: 0 : 2304, 12, 2026/07/20, 17:44:20.465, 376493400560, vstest.console.dll, TcpClientExtensions.MessageLoopAsync: NotifyDataAvailable remoteEndPoint: 127.0.0.1:55769 localEndPoint: 127.0.0.1:55768
TpTrace Warning: 0 : 2304, 11, 2026/07/20, 17:44:20.466, 376493409006, vstest.console.dll, TestHostManagerCallbacks.ErrorReceivedCallback Test host standard error line: 
TpTrace Verbose: 0 : 2304, 7, 2026/07/20, 17:44:20.466, 376493409006, vstest.console.dll, TestHostManagerCallbacks.StandardOutputReceivedCallback Test host standard output line: 
TpTrace Error: 0 : 2304, 12, 2026/07/20, 17:44:20.470, 376493452707, vstest.console.dll, Socket: Message loop: failed to receive message due to socket error System.IO.IOException: Unable to read data from the transport connection: An existing connection was forcibly closed by the remote host..
 ---> System.Net.Sockets.SocketException (10054): An existing connection was forcibly closed by the remote host.
   at System.Net.Sockets.NetworkStream.Read(Span`1 buffer)
   --- End of inner exception stack trace ---
   at System.Net.Sockets.NetworkStream.Read(Span`1 buffer)
   at System.Net.Sockets.NetworkStream.ReadByte()
   at System.IO.BinaryReader.Read7BitEncodedInt()
   at System.IO.BinaryReader.ReadString()
   at Microsoft.VisualStudio.TestPlatform.CommunicationUtilities.LengthPrefixCommunicationChannel.NotifyDataAvailable(CancellationToken cancellationToken) in /_/src/vstest/src/Microsoft.TestPlatform.CommunicationUtilities/LengthPrefixCommunicationChannel.cs:line 90
   at Microsoft.VisualStudio.TestPlatform.CommunicationUtilities.TcpClientExtensions.MessageLoopAsync(TcpClient client, ICommunicationChannel channel, Action`1 errorHandler, CancellationToken cancellationToken) in /_/src/vstest/src/Microsoft.TestPlatform.CommunicationUtilities/TcpClientExtensions.cs:line 67, remoteEndPoint: 127.0.0.1:55769 localEndPoint: 127.0.0.1:55768
TpTrace Information: 0 : 2304, 12, 2026/07/20, 17:44:20.471, 376493454592, vstest.console.dll, SocketServer.PrivateStop: Stopping server endPoint: 127.0.0.1:55768 error: 
TpTrace Verbose: 0 : 2304, 12, 2026/07/20, 17:44:20.471, 376493462938, vstest.console.dll, LengthPrefixCommunicationChannel.Dispose: Dispose reader and writer.
TpTrace Information: 0 : 2304, 12, 2026/07/20, 17:44:20.472, 376493464776, vstest.console.dll, SocketServer.Stop: Raise disconnected event endPoint: 127.0.0.1:55768 error: 
TpTrace Verbose: 0 : 2304, 12, 2026/07/20, 17:44:20.472, 376493466677, vstest.console.dll, TestRequestSender: OnTestRunAbort: Set operation complete.
TpTrace Verbose: 0 : 2304, 12, 2026/07/20, 17:44:20.472, 376493467326, vstest.console.dll, TestRequestSender.SetOperationComplete: Setting operation complete.
TpTrace Information: 0 : 2304, 12, 2026/07/20, 17:44:20.472, 376493467929, vstest.console.dll, SocketServer.Stop: Stop server endPoint: 127.0.0.1:55768
TpTrace Verbose: 0 : 2304, 12, 2026/07/20, 17:44:20.472, 376493468558, vstest.console.dll, TestRequestSender.GetAbortErrorMessage: Exception: 
TpTrace Verbose: 0 : 2304, 12, 2026/07/20, 17:44:20.472, 376493469047, vstest.console.dll, TestRequestSender.GetAbortErrorMessage: Client has disconnected. Wait for standard error.
TpTrace Verbose: 0 : 2304, 7, 2026/07/20, 17:44:20.505, 376493799886, vstest.console.dll, TestHostProvider.ExitCallBack: Host exited starting callback.
TpTrace Error: 0 : 2304, 7, 2026/07/20, 17:44:20.505, 376493802696, vstest.console.dll, TestHostManagerCallbacks.ExitCallBack: Testhost processId: 5396 exited with exitcode: -1073740940 error: ''
TpTrace Verbose: 0 : 2304, 7, 2026/07/20, 17:44:20.505, 376493803389, vstest.console.dll, DotnetTestHostManager.OnHostExited: invoking OnHostExited callback
TpTrace Verbose: 0 : 2304, 7, 2026/07/20, 17:44:20.506, 376493804851, vstest.console.dll, CrossPlatEngine.TestHostManagerHostExited: calling on client process exit callback.
TpTrace Information: 0 : 2304, 7, 2026/07/20, 17:44:20.506, 376493805930, vstest.console.dll, TestRequestSender.OnClientProcessExit: Test host process exited. Standard error: 
TpTrace Information: 0 : 2304, 12, 2026/07/20, 17:44:20.506, 376493806553, vstest.console.dll, TestRequestSender.GetAbortErrorMessage: Received test host error message.
TpTrace Information: 0 : 2304, 7, 2026/07/20, 17:44:20.506, 376493806744, vstest.console.dll, SocketServer.Stop: Stop server endPoint: 127.0.0.1:55768
TpTrace Verbose: 0 : 2304, 7, 2026/07/20, 17:44:20.506, 376493807842, vstest.console.dll, MulticastDelegateUtilities.SafeInvoke: HostProviderEvents.OnHostExited: Invoking callback 1/1 for Microsoft.VisualStudio.TestPlatform.CrossPlatEngine.Client.ProxyOperationManager., took 0 ms.
TpTrace Error: 0 : 2304, 12, 2026/07/20, 17:44:20.506, 376493809789, vstest.console.dll, TestRequestSender: Aborting test run because Test host process crashed
TpTrace Verbose: 0 : 2304, 12, 2026/07/20, 17:44:20.506, 376493810799, vstest.console.dll, TestRunRequest:SendTestRunMessage: Starting.
TpTrace Verbose: 0 : 2304, 12, 2026/07/20, 17:44:20.506, 376493811589, vstest.console.dll, MulticastDelegateUtilities.SafeInvoke: TestRun.LogMessages: Invoking callback 1/1 for Microsoft.VisualStudio.TestPlatform.CommandLine.TestRunResultAggregator., took 0 ms.
TpTrace Information: 0 : 2304, 12, 2026/07/20, 17:44:20.506, 376493812120, vstest.console.dll, TestRunRequest:SendTestRunMessage: Completed.
TpTrace Verbose: 0 : 2304, 4, 2026/07/20, 17:44:20.506, 376493813385, vstest.console.dll, MulticastDelegateUtilities.SafeInvoke: InternalTestLoggerEvents.SendTestRunMessage: Invoking callback 1/1 for Microsoft.VisualStudio.TestPlatform.CommandLine.Internal.ConsoleLogger., took 0 ms.
TpTrace Verbose: 0 : 2304, 12, 2026/07/20, 17:44:20.526, 376494013019, vstest.console.dll, ProxyOperationManager.Close: waiting for test host to exit for 100 ms
TpTrace Information: 0 : 2304, 12, 2026/07/20, 17:44:20.527, 376494014694, vstest.console.dll, SocketServer.Stop: Stop server endPoint: 127.0.0.1:55768
TpTrace Information: 0 : 2304, 12, 2026/07/20, 17:44:20.527, 376494015350, vstest.console.dll, Closing the connection
TpTrace Verbose: 0 : 2304, 12, 2026/07/20, 17:44:20.527, 376494022559, vstest.console.dll, ParallelRunEventsHandler.HandleTestRunComplete: Handling a run completion, this can be either one part of parallel run completing, or the whole parallel run completing.
TpTrace Verbose: 0 : 2304, 12, 2026/07/20, 17:44:20.528, 376494028803, vstest.console.dll, ParallelProxyExecutionManager: HandlePartialRunComplete: Total workloads = 1, Total started clients = 1 Total completed clients = 1, Run complete = True, Run canceled: False.
TpTrace Verbose: 0 : 2304, 12, 2026/07/20, 17:44:20.528, 376494029701, vstest.console.dll, ParallelProxyExecutionManager: HandlePartialRunComplete: All runs completed stopping all managers.
TpTrace Verbose: 0 : 2304, 12, 2026/07/20, 17:44:20.528, 376494030422, vstest.console.dll, ParallelOperationManager.StopAllManagers: Stopping all managers.
TpTrace Verbose: 0 : 2304, 12, 2026/07/20, 17:44:20.528, 376494031023, vstest.console.dll, ParallelOperationManager.ClearSlots: Clearing all slots. Slots should accept more work: False
TpTrace Verbose: 0 : 2304, 12, 2026/07/20, 17:44:20.528, 376494031974, vstest.console.dll, ParallelOperationManager.SetOccupiedSlotCount: Setting slot counts AvailableSlotCount = 1, OccupiedSlotCount = 0.
TpTrace Verbose: 0 : 2304, 12, 2026/07/20, 17:44:20.528, 376494033063, vstest.console.dll, Occupied slots:

TpTrace Verbose: 0 : 2304, 12, 2026/07/20, 17:44:20.528, 376494033598, vstest.console.dll, ParallelRunEventsHandler.HandleTestRunComplete: Whole parallel run completed.
TpTrace Verbose: 0 : 2304, 4, 2026/07/20, 17:44:20.592, 376494672616, vstest.console.dll, MulticastDelegateUtilities.SafeInvoke: InternalTestLoggerEvents.SendTestRunComplete: Invoking callback 1/1 for Microsoft.VisualStudio.TestPlatform.CommandLine.Internal.ConsoleLogger., took 13 ms.
TpTrace Verbose: 0 : 2304, 12, 2026/07/20, 17:44:20.599, 376494739585, vstest.console.dll, TestRunRequest:TestRunComplete: Starting. IsAborted:True IsCanceled:False.
TpTrace Verbose: 0 : 2304, 12, 2026/07/20, 17:44:20.599, 376494744145, vstest.console.dll, ParallelOperationManager.DoActionOnAllManagers: Calling an action on all managers.
TpTrace Verbose: 0 : 2304, 12, 2026/07/20, 17:44:20.605, 376494800525, vstest.console.dll, TestLoggerManager.HandleTestRunComplete: Ignoring as the object is disposed.
TpTrace Verbose: 0 : 2304, 12, 2026/07/20, 17:44:20.606, 376494806676, vstest.console.dll, MulticastDelegateUtilities.SafeInvoke: TestRun.TestRunComplete: Invoking callback 1/2 for Microsoft.VisualStudio.TestPlatform.CommandLine.TestRunResultAggregator., took 0 ms.
TpTrace Verbose: 0 : 2304, 12, 2026/07/20, 17:44:20.606, 376494808968, vstest.console.dll, MulticastDelegateUtilities.SafeInvoke: TestRun.TestRunComplete: Invoking callback 2/2 for Microsoft.VisualStudio.TestPlatform.CommandLine.Processors.RunTestsArgumentExecutor+TestRunRequestEventsRegistrar., took 0 ms.
TpTrace Verbose: 0 : 2304, 2, 2026/07/20, 17:44:20.606, 376494810988, vstest.console.dll, TestRunRequest.Dispose: Starting.
TpTrace Information: 0 : 2304, 12, 2026/07/20, 17:44:20.607, 376494815811, vstest.console.dll, TestRunRequest:TestRunComplete: Completed.
TpTrace Verbose: 0 : 2304, 12, 2026/07/20, 17:44:20.607, 376494816590, vstest.console.dll, MulticastDelegateUtilities.SafeInvoke: SocketServer: ClientDisconnected: Invoking callback 1/1 for Microsoft.VisualStudio.TestPlatform.CommunicationUtilities.TestRequestSender., took 135 ms.
TpTrace Information: 0 : 2304, 2, 2026/07/20, 17:44:20.607, 376494816806, vstest.console.dll, TestRunRequest.Dispose: Completed.
TpTrace Verbose: 0 : 2304, 12, 2026/07/20, 17:44:20.607, 376494817575, vstest.console.dll, TcpClientExtensions.MessageLoopAsync: exiting MessageLoopAsync remoteEndPoint: 127.0.0.1:55769 localEndPoint: 127.0.0.1:55768
TpTrace Information: 0 : 2304, 2, 2026/07/20, 17:44:20.607, 376494817791, vstest.console.dll, TestRequestManager.RunTests: run tests completed.
TpTrace Information: 0 : 2304, 2, 2026/07/20, 17:44:20.607, 376494819424, vstest.console.dll, RunTestsArgumentProcessor:Execute: Test run is completed.
TpTrace Verbose: 0 : 2304, 2, 2026/07/20, 17:44:20.607, 376494823053, vstest.console.dll, Executor.Execute: Exiting with exit code of 1
TpTrace Verbose: 0 : 14588, 2, 2026/07/20, 18:09:05.638, 391345128841, vstest.console.dll, Version: 18.7.0-release-26322-102 Current process architecture: X64
TpTrace Verbose: 0 : 14588, 2, 2026/07/20, 18:09:05.642, 391345172393, vstest.console.dll, Runtime location: C:\Program Files\dotnet\shared\Microsoft.NETCore.App\10.0.9
TpTrace Information: 0 : 14588, 2, 2026/07/20, 18:09:05.648, 391345228287, vstest.console.dll, Using .Net Framework version:.NETCoreApp,Version=v10.0
TpTrace Verbose: 0 : 14588, 2, 2026/07/20, 18:09:05.648, 391345229930, vstest.console.dll, ArtifactProcessingPostProcessModeProcessorExecutor.Initialize: ArtifactProcessingMode.Collect
TpTrace Verbose: 0 : 14588, 2, 2026/07/20, 18:09:05.648, 391345230913, vstest.console.dll, TestSessionCorrelationIdProcessorModeProcessorExecutor.Initialize: TestSessionCorrelationId '5468_6db5b233-8d82-4432-aacf-c570c5cd044e'
TpTrace Information: 0 : 14588, 2, 2026/07/20, 18:09:05.659, 391345336036, vstest.console.dll, FilePatternParser: The given file C:\Integral2u\source\repos\SharpMind\SharpMind.Tests\bin\Debug\net10.0\SharpMind.Tests.dll is a full path.
TpTrace Verbose: 0 : 14588, 2, 2026/07/20, 18:09:05.671, 391345459154, vstest.console.dll, TestPluginCache.DiscoverTestExtensions: finding test extensions in assemblies ends with: RuntimeProvider.dll TPluginInfo: Microsoft.VisualStudio.TestPlatform.Common.ExtensionFramework.Utilities.TestRuntimePluginInformation TExtension: Microsoft.VisualStudio.TestPlatform.ObjectModel.Host.ITestRuntimeProvider
TpTrace Verbose: 0 : 14588, 2, 2026/07/20, 18:09:05.672, 391345464279, vstest.console.dll, TestPluginCache.GetExtensionPaths: Filtered extension paths: 
TpTrace Verbose: 0 : 14588, 2, 2026/07/20, 18:09:05.672, 391345465421, vstest.console.dll, TestPluginCache.GetExtensionPaths: Added default extension paths: C:\Program Files\dotnet\sdk\10.0.400-preview.0.26322.102\Extensions\Microsoft.Diagnostics.NETCore.Client.dll
C:\Program Files\dotnet\sdk\10.0.400-preview.0.26322.102\Extensions\Microsoft.TestPlatform.Extensions.BlameDataCollector.dll
C:\Program Files\dotnet\sdk\10.0.400-preview.0.26322.102\Extensions\Microsoft.TestPlatform.Extensions.EventLogCollector.dll
C:\Program Files\dotnet\sdk\10.0.400-preview.0.26322.102\Extensions\Microsoft.TestPlatform.TestHostRuntimeProvider.dll
C:\Program Files\dotnet\sdk\10.0.400-preview.0.26322.102\Extensions\Microsoft.VisualStudio.TestPlatform.Extensions.Html.TestLogger.dll
C:\Program Files\dotnet\sdk\10.0.400-preview.0.26322.102\Extensions\Microsoft.VisualStudio.TestPlatform.Extensions.Trx.TestLogger.dll
TpTrace Verbose: 0 : 14588, 2, 2026/07/20, 18:09:05.672, 391345465998, vstest.console.dll, TestPluginCache.GetExtensionPaths: Added unfilterableExtensionPaths: 
TpTrace Information: 0 : 14588, 2, 2026/07/20, 18:09:05.673, 391345479855, vstest.console.dll, AssemblyResolver.ctor: Creating AssemblyResolver with searchDirectories C:\Program Files\dotnet\sdk\10.0.400-preview.0.26322.102\Extensions,C:\Program Files\dotnet\sdk\10.0.400-preview.0.26322.102
TpTrace Verbose: 0 : 14588, 2, 2026/07/20, 18:09:05.675, 391345503980, vstest.console.dll, TestPluginCache.DiscoverTestExtensions: Discovering the extensions using extension path.
TpTrace Verbose: 0 : 14588, 2, 2026/07/20, 18:09:05.676, 391345506887, vstest.console.dll, TestPluginCache.GetExtensionPaths: Filtered extension paths: 
TpTrace Verbose: 0 : 14588, 2, 2026/07/20, 18:09:05.676, 391345507853, vstest.console.dll, TestPluginCache.GetExtensionPaths: Added default extension paths: C:\Program Files\dotnet\sdk\10.0.400-preview.0.26322.102\Extensions\Microsoft.Diagnostics.NETCore.Client.dll
C:\Program Files\dotnet\sdk\10.0.400-preview.0.26322.102\Extensions\Microsoft.TestPlatform.Extensions.BlameDataCollector.dll
C:\Program Files\dotnet\sdk\10.0.400-preview.0.26322.102\Extensions\Microsoft.TestPlatform.Extensions.EventLogCollector.dll
C:\Program Files\dotnet\sdk\10.0.400-preview.0.26322.102\Extensions\Microsoft.TestPlatform.TestHostRuntimeProvider.dll
C:\Program Files\dotnet\sdk\10.0.400-preview.0.26322.102\Extensions\Microsoft.VisualStudio.TestPlatform.Extensions.Html.TestLogger.dll
C:\Program Files\dotnet\sdk\10.0.400-preview.0.26322.102\Extensions\Microsoft.VisualStudio.TestPlatform.Extensions.Trx.TestLogger.dll
TpTrace Verbose: 0 : 14588, 2, 2026/07/20, 18:09:05.676, 391345508851, vstest.console.dll, TestPluginCache.GetExtensionPaths: Added unfilterableExtensionPaths: 
TpTrace Verbose: 0 : 14588, 2, 2026/07/20, 18:09:05.676, 391345510049, vstest.console.dll, TestPluginCache.DiscoverTestExtensions: Discovering the extensions using allExtensionPaths: C:\Program Files\dotnet\sdk\10.0.400-preview.0.26322.102\Extensions\Microsoft.Diagnostics.NETCore.Client.dll
C:\Program Files\dotnet\sdk\10.0.400-preview.0.26322.102\Extensions\Microsoft.TestPlatform.Extensions.BlameDataCollector.dll
C:\Program Files\dotnet\sdk\10.0.400-preview.0.26322.102\Extensions\Microsoft.TestPlatform.Extensions.EventLogCollector.dll
C:\Program Files\dotnet\sdk\10.0.400-preview.0.26322.102\Extensions\Microsoft.TestPlatform.TestHostRuntimeProvider.dll
C:\Program Files\dotnet\sdk\10.0.400-preview.0.26322.102\Extensions\Microsoft.VisualStudio.TestPlatform.Extensions.Html.TestLogger.dll
C:\Program Files\dotnet\sdk\10.0.400-preview.0.26322.102\Extensions\Microsoft.VisualStudio.TestPlatform.Extensions.Trx.TestLogger.dll
TpTrace Information: 0 : 14588, 2, 2026/07/20, 18:09:05.676, 391345511729, vstest.console.dll, AssemblyResolver.AddSearchDirectories: Adding more searchDirectories C:\Program Files\dotnet\sdk\10.0.400-preview.0.26322.102\Extensions,C:\Program Files\dotnet\sdk\10.0.400-preview.0.26322.102
TpTrace Information: 0 : 14588, 2, 2026/07/20, 18:09:05.676, 391345512704, vstest.console.dll, AssemblyResolver.AddSearchDirectories: Adding more searchDirectories C:\Program Files\dotnet\sdk\10.0.400-preview.0.26322.102\Extensions,C:\Program Files\dotnet\sdk\10.0.400-preview.0.26322.102
TpTrace Information: 0 : 14588, 2, 2026/07/20, 18:09:05.676, 391345513228, vstest.console.dll, AssemblyResolver.AddSearchDirectories: Adding more searchDirectories C:\Program Files\dotnet\sdk\10.0.400-preview.0.26322.102\Extensions,C:\Program Files\dotnet\sdk\10.0.400-preview.0.26322.102
TpTrace Information: 0 : 14588, 2, 2026/07/20, 18:09:05.676, 391345513854, vstest.console.dll, AssemblyResolver.AddSearchDirectories: Adding more searchDirectories C:\Program Files\dotnet\sdk\10.0.400-preview.0.26322.102\Extensions,C:\Program Files\dotnet\sdk\10.0.400-preview.0.26322.102
TpTrace Information: 0 : 14588, 2, 2026/07/20, 18:09:05.677, 391345514407, vstest.console.dll, AssemblyResolver.AddSearchDirectories: Adding more searchDirectories C:\Program Files\dotnet\sdk\10.0.400-preview.0.26322.102\Extensions,C:\Program Files\dotnet\sdk\10.0.400-preview.0.26322.102
TpTrace Information: 0 : 14588, 2, 2026/07/20, 18:09:05.677, 391345515879, vstest.console.dll, AssemblyResolver.AddSearchDirectories: Adding more searchDirectories C:\Program Files\dotnet\sdk\10.0.400-preview.0.26322.102\Extensions,C:\Program Files\dotnet\sdk\10.0.400-preview.0.26322.102
TpTrace Information: 0 : 14588, 2, 2026/07/20, 18:09:05.678, 391345524699, vstest.console.dll, AssemblyResolver.OnResolve: Microsoft.Diagnostics.NETCore.Client: Resolving assembly.
TpTrace Information: 0 : 14588, 2, 2026/07/20, 18:09:05.678, 391345526021, vstest.console.dll, AssemblyResolver.OnResolve: Microsoft.Diagnostics.NETCore.Client: Searching in: 'C:\Program Files\dotnet\sdk\10.0.400-preview.0.26322.102\Extensions'.
TpTrace Information: 0 : 14588, 2, 2026/07/20, 18:09:05.694, 391345689432, vstest.console.dll, AssemblyResolver.OnResolve: Microsoft.Diagnostics.NETCore.Client: Loading assembly 'C:\Program Files\dotnet\sdk\10.0.400-preview.0.26322.102\Extensions\Microsoft.Diagnostics.NETCore.Client.dll'.
TpTrace Information: 0 : 14588, 2, 2026/07/20, 18:09:05.697, 391345723651, vstest.console.dll, AssemblyResolver.TrackProvidedDependency: Resolved 'Microsoft.Diagnostics.NETCore.Client' from 'C:\Program Files\dotnet\sdk\10.0.400-preview.0.26322.102\Extensions' for 'unknown'.
TpTrace Information: 0 : 14588, 2, 2026/07/20, 18:09:05.698, 391345724814, vstest.console.dll, AssemblyResolver.OnResolve: Resolved assembly: Microsoft.Diagnostics.NETCore.Client, from path: C:\Program Files\dotnet\sdk\10.0.400-preview.0.26322.102\Extensions\Microsoft.Diagnostics.NETCore.Client.dll
TpTrace Verbose: 0 : 14588, 2, 2026/07/20, 18:09:05.699, 391345740338, vstest.console.dll, MetadataReaderExtensionsHelper: Discovering extensions inside assembly 'Microsoft.Diagnostics.NETCore.Client, Version=0.2.14.32302, Culture=neutral, PublicKeyToken=31bf3856ad364e35' file path 'C:\Program Files\dotnet\sdk\10.0.400-preview.0.26322.102\Extensions\Microsoft.Diagnostics.NETCore.Client.dll'
TpTrace Information: 0 : 14588, 2, 2026/07/20, 18:09:05.702, 391345770757, vstest.console.dll, AssemblyResolver.OnResolve: Microsoft.Bcl.AsyncInterfaces: Resolving assembly.
TpTrace Information: 0 : 14588, 2, 2026/07/20, 18:09:05.702, 391345772867, vstest.console.dll, AssemblyResolver.OnResolve: Microsoft.Bcl.AsyncInterfaces: Searching in: 'C:\Program Files\dotnet\sdk\10.0.400-preview.0.26322.102\Extensions'.
TpTrace Information: 0 : 14588, 2, 2026/07/20, 18:09:05.703, 391345776491, vstest.console.dll, AssemblyResolver.OnResolve: Microsoft.Bcl.AsyncInterfaces: Assembly path does not exist: 'C:\Program Files\dotnet\sdk\10.0.400-preview.0.26322.102\Extensions\Microsoft.Bcl.AsyncInterfaces.dll', returning.
TpTrace Information: 0 : 14588, 2, 2026/07/20, 18:09:05.703, 391345778453, vstest.console.dll, AssemblyResolver.OnResolve: Microsoft.Bcl.AsyncInterfaces: Assembly path does not exist: 'C:\Program Files\dotnet\sdk\10.0.400-preview.0.26322.102\Extensions\Microsoft.Bcl.AsyncInterfaces.exe', returning.
TpTrace Information: 0 : 14588, 2, 2026/07/20, 18:09:05.703, 391345779161, vstest.console.dll, AssemblyResolver.OnResolve: Microsoft.Bcl.AsyncInterfaces: Searching in: 'C:\Program Files\dotnet\sdk\10.0.400-preview.0.26322.102'.
TpTrace Information: 0 : 14588, 2, 2026/07/20, 18:09:05.703, 391345780435, vstest.console.dll, AssemblyResolver.OnResolve: Microsoft.Bcl.AsyncInterfaces: Assembly path does not exist: 'C:\Program Files\dotnet\sdk\10.0.400-preview.0.26322.102\Microsoft.Bcl.AsyncInterfaces.dll', returning.
TpTrace Information: 0 : 14588, 2, 2026/07/20, 18:09:05.703, 391345781570, vstest.console.dll, AssemblyResolver.OnResolve: Microsoft.Bcl.AsyncInterfaces: Assembly path does not exist: 'C:\Program Files\dotnet\sdk\10.0.400-preview.0.26322.102\Microsoft.Bcl.AsyncInterfaces.exe', returning.
TpTrace Information: 0 : 14588, 2, 2026/07/20, 18:09:05.703, 391345782043, vstest.console.dll, AssemblyResolver.OnResolve: Microsoft.Bcl.AsyncInterfaces: Failed to load assembly.
TpTrace Verbose: 0 : 14588, 2, 2026/07/20, 18:09:05.703, 391345782876, vstest.console.dll, CurrentDomainAssemblyResolve: Resolving assembly 'Microsoft.Bcl.AsyncInterfaces'.
TpTrace Information: 0 : 14588, 2, 2026/07/20, 18:09:05.704, 391345784460, vstest.console.dll, AssemblyResolver.OnResolve: Microsoft.Bcl.AsyncInterfaces: Resolving assembly.
TpTrace Information: 0 : 14588, 2, 2026/07/20, 18:09:05.704, 391345785235, vstest.console.dll, AssemblyResolver.OnResolve: Microsoft.Bcl.AsyncInterfaces: Resolved from cache.
TpTrace Verbose: 0 : 14588, 2, 2026/07/20, 18:09:05.704, 391345785627, vstest.console.dll, CurrentDomainAssemblyResolve: Resolving assembly 'Microsoft.Bcl.AsyncInterfaces'.
TpTrace Verbose: 0 : 14588, 2, 2026/07/20, 18:09:05.704, 391345786215, vstest.console.dll, CurrentDomainAssemblyResolve: Failed to resolve assembly 'Microsoft.Bcl.AsyncInterfaces'.
TpTrace Verbose: 0 : 14588, 2, 2026/07/20, 18:09:05.705, 391345803187, vstest.console.dll, CurrentDomainAssemblyResolve: Failed to resolve assembly 'Microsoft.Bcl.AsyncInterfaces'.
TpTrace Information: 0 : 14588, 2, 2026/07/20, 18:09:05.715, 391345899092, vstest.console.dll, AssemblyResolver.OnResolve: Microsoft.Bcl.AsyncInterfaces: Resolving assembly.
TpTrace Information: 0 : 14588, 2, 2026/07/20, 18:09:05.715, 391345900384, vstest.console.dll, AssemblyResolver.OnResolve: Microsoft.Bcl.AsyncInterfaces: Resolved from cache.
TpTrace Verbose: 0 : 14588, 2, 2026/07/20, 18:09:05.715, 391345900771, vstest.console.dll, CurrentDomainAssemblyResolve: Resolving assembly 'Microsoft.Bcl.AsyncInterfaces'.
TpTrace Verbose: 0 : 14588, 2, 2026/07/20, 18:09:05.715, 391345901112, vstest.console.dll, CurrentDomainAssemblyResolve: Failed to resolve assembly 'Microsoft.Bcl.AsyncInterfaces'.
TpTrace Information: 0 : 14588, 2, 2026/07/20, 18:09:05.717, 391345921439, vstest.console.dll, AssemblyResolver.OnResolve: Microsoft.Bcl.AsyncInterfaces: Resolving assembly.
TpTrace Information: 0 : 14588, 2, 2026/07/20, 18:09:05.717, 391345922368, vstest.console.dll, AssemblyResolver.OnResolve: Microsoft.Bcl.AsyncInterfaces: Resolved from cache.
TpTrace Verbose: 0 : 14588, 2, 2026/07/20, 18:09:05.717, 391345922860, vstest.console.dll, CurrentDomainAssemblyResolve: Resolving assembly 'Microsoft.Bcl.AsyncInterfaces'.
TpTrace Verbose: 0 : 14588, 2, 2026/07/20, 18:09:05.717, 391345923205, vstest.console.dll, CurrentDomainAssemblyResolve: Failed to resolve assembly 'Microsoft.Bcl.AsyncInterfaces'.
TpTrace Warning: 0 : 14588, 2, 2026/07/20, 18:09:05.737, 391346121699, vstest.console.dll, TestPluginDiscoverer: Failed to get types from assembly 'Microsoft.Diagnostics.NETCore.Client, Version=0.2.14.32302, Culture=neutral, PublicKeyToken=31bf3856ad364e35'. Error: System.Reflection.ReflectionTypeLoadException: Unable to load one or more of the requested types.
Could not load file or assembly 'Microsoft.Bcl.AsyncInterfaces, Version=9.0.0.8, Culture=neutral, PublicKeyToken=cc7b13ffcd2ddd51'. The system cannot find the file specified.
Could not load file or assembly 'Microsoft.Bcl.AsyncInterfaces, Version=9.0.0.8, Culture=neutral, PublicKeyToken=cc7b13ffcd2ddd51'. The system cannot find the file specified.
Could not load file or assembly 'Microsoft.Bcl.AsyncInterfaces, Version=9.0.0.8, Culture=neutral, PublicKeyToken=cc7b13ffcd2ddd51'. The system cannot find the file specified.
   at System.Reflection.RuntimeModule.GetDefinedTypes()
   at System.Reflection.RuntimeModule.GetTypes()
   at Microsoft.VisualStudio.TestPlatform.Common.ExtensionFramework.TestPluginDiscoverer.GetTestExtensionsFromAssembly[TPluginInfo,TExtension](Assembly assembly, Dictionary`2 pluginInfos, String filePath) in /_/src/vstest/src/Microsoft.TestPlatform.Common/ExtensionFramework/TestPluginDiscoverer.cs:line 159
System.IO.FileNotFoundException: Could not load file or assembly 'Microsoft.Bcl.AsyncInterfaces, Version=9.0.0.8, Culture=neutral, PublicKeyToken=cc7b13ffcd2ddd51'. The system cannot find the file specified.
File name: 'Microsoft.Bcl.AsyncInterfaces, Version=9.0.0.8, Culture=neutral, PublicKeyToken=cc7b13ffcd2ddd51'
 ---> System.IO.FileNotFoundException: Could not load file or assembly 'Microsoft.Bcl.AsyncInterfaces, Culture=neutral, PublicKeyToken=null'. The system cannot find the file specified.
File name: 'Microsoft.Bcl.AsyncInterfaces, Culture=neutral, PublicKeyToken=null'
   at System.Reflection.RuntimeAssembly.InternalLoad(AssemblyName assemblyName, StackCrawlMark& stackMark, AssemblyLoadContext assemblyLoadContext, RuntimeAssembly requestingAssembly, Boolean throwOnFileNotFound)
   at System.Reflection.Assembly.Load(AssemblyName assemblyRef)
   at Microsoft.VisualStudio.TestPlatform.Common.ExtensionFramework.TestPluginCache.CurrentDomainAssemblyResolve(Object sender, AssemblyResolveEventArgs args) in /_/src/vstest/src/Microsoft.TestPlatform.Common/ExtensionFramework/TestPluginCache.cs:line 514
   at System.Runtime.Loader.AssemblyLoadContext.GetFirstResolvedAssemblyFromResolvingEvent(AssemblyName assemblyName)
   at System.Runtime.Loader.AssemblyLoadContext.ResolveUsingEvent(AssemblyName assemblyName)
System.IO.FileNotFoundException: Could not load file or assembly 'Microsoft.Bcl.AsyncInterfaces, Version=9.0.0.8, Culture=neutral, PublicKeyToken=cc7b13ffcd2ddd51'. The system cannot find the file specified.
File name: 'Microsoft.Bcl.AsyncInterfaces, Version=9.0.0.8, Culture=neutral, PublicKeyToken=cc7b13ffcd2ddd51'
System.IO.FileNotFoundException: Could not load file or assembly 'Microsoft.Bcl.AsyncInterfaces, Version=9.0.0.8, Culture=neutral, PublicKeyToken=cc7b13ffcd2ddd51'. The system cannot find the file specified.
File name: 'Microsoft.Bcl.AsyncInterfaces, Version=9.0.0.8, Culture=neutral, PublicKeyToken=cc7b13ffcd2ddd51'
TpTrace Warning: 0 : 14588, 2, 2026/07/20, 18:09:05.738, 391346128138, vstest.console.dll, LoaderExceptions: System.IO.FileNotFoundException: Could not load file or assembly 'Microsoft.Bcl.AsyncInterfaces, Version=9.0.0.8, Culture=neutral, PublicKeyToken=cc7b13ffcd2ddd51'. The system cannot find the file specified.
File name: 'Microsoft.Bcl.AsyncInterfaces, Version=9.0.0.8, Culture=neutral, PublicKeyToken=cc7b13ffcd2ddd51'
 ---> System.IO.FileNotFoundException: Could not load file or assembly 'Microsoft.Bcl.AsyncInterfaces, Culture=neutral, PublicKeyToken=null'. The system cannot find the file specified.
File name: 'Microsoft.Bcl.AsyncInterfaces, Culture=neutral, PublicKeyToken=null'
   at System.Reflection.RuntimeAssembly.InternalLoad(AssemblyName assemblyName, StackCrawlMark& stackMark, AssemblyLoadContext assemblyLoadContext, RuntimeAssembly requestingAssembly, Boolean throwOnFileNotFound)
   at System.Reflection.Assembly.Load(AssemblyName assemblyRef)
   at Microsoft.VisualStudio.TestPlatform.Common.ExtensionFramework.TestPluginCache.CurrentDomainAssemblyResolve(Object sender, AssemblyResolveEventArgs args) in /_/src/vstest/src/Microsoft.TestPlatform.Common/ExtensionFramework/TestPluginCache.cs:line 514
   at System.Runtime.Loader.AssemblyLoadContext.GetFirstResolvedAssemblyFromResolvingEvent(AssemblyName assemblyName)
   at System.Runtime.Loader.AssemblyLoadContext.ResolveUsingEvent(AssemblyName assemblyName)
TpTrace Warning: 0 : 14588, 2, 2026/07/20, 18:09:05.738, 391346129094, vstest.console.dll, LoaderExceptions: System.IO.FileNotFoundException: Could not load file or assembly 'Microsoft.Bcl.AsyncInterfaces, Version=9.0.0.8, Culture=neutral, PublicKeyToken=cc7b13ffcd2ddd51'. The system cannot find the file specified.
File name: 'Microsoft.Bcl.AsyncInterfaces, Version=9.0.0.8, Culture=neutral, PublicKeyToken=cc7b13ffcd2ddd51'
TpTrace Warning: 0 : 14588, 2, 2026/07/20, 18:09:05.738, 391346129527, vstest.console.dll, LoaderExceptions: System.IO.FileNotFoundException: Could not load file or assembly 'Microsoft.Bcl.AsyncInterfaces, Version=9.0.0.8, Culture=neutral, PublicKeyToken=cc7b13ffcd2ddd51'. The system cannot find the file specified.
File name: 'Microsoft.Bcl.AsyncInterfaces, Version=9.0.0.8, Culture=neutral, PublicKeyToken=cc7b13ffcd2ddd51'
TpTrace Information: 0 : 14588, 2, 2026/07/20, 18:09:05.738, 391346131320, vstest.console.dll, AssemblyResolver.OnResolve: Microsoft.TestPlatform.Extensions.BlameDataCollector: Resolving assembly.
TpTrace Information: 0 : 14588, 2, 2026/07/20, 18:09:05.738, 391346131930, vstest.console.dll, AssemblyResolver.OnResolve: Microsoft.TestPlatform.Extensions.BlameDataCollector: Searching in: 'C:\Program Files\dotnet\sdk\10.0.400-preview.0.26322.102\Extensions'.
TpTrace Information: 0 : 14588, 2, 2026/07/20, 18:09:05.739, 391346141388, vstest.console.dll, AssemblyResolver.OnResolve: Microsoft.TestPlatform.Extensions.BlameDataCollector: Loading assembly 'C:\Program Files\dotnet\sdk\10.0.400-preview.0.26322.102\Extensions\Microsoft.TestPlatform.Extensions.BlameDataCollector.dll'.
TpTrace Information: 0 : 14588, 2, 2026/07/20, 18:09:05.741, 391346155842, vstest.console.dll, AssemblyResolver.TrackProvidedDependency: Resolved 'Microsoft.TestPlatform.Extensions.BlameDataCollector' from 'C:\Program Files\dotnet\sdk\10.0.400-preview.0.26322.102\Extensions' for 'unknown'.
TpTrace Information: 0 : 14588, 2, 2026/07/20, 18:09:05.741, 391346157364, vstest.console.dll, AssemblyResolver.OnResolve: Resolved assembly: Microsoft.TestPlatform.Extensions.BlameDataCollector, from path: C:\Program Files\dotnet\sdk\10.0.400-preview.0.26322.102\Extensions\Microsoft.TestPlatform.Extensions.BlameDataCollector.dll
TpTrace Verbose: 0 : 14588, 2, 2026/07/20, 18:09:05.741, 391346158749, vstest.console.dll, MetadataReaderExtensionsHelper: Discovering extensions inside assembly 'Microsoft.TestPlatform.Extensions.BlameDataCollector, Version=15.0.0.0, Culture=neutral, PublicKeyToken=b03f5f7f11d50a3a' file path 'C:\Program Files\dotnet\sdk\10.0.400-preview.0.26322.102\Extensions\Microsoft.TestPlatform.Extensions.BlameDataCollector.dll'
TpTrace Information: 0 : 14588, 2, 2026/07/20, 18:09:05.745, 391346194555, vstest.console.dll, AssemblyResolver.OnResolve: Microsoft.TestPlatform.Extensions.EventLogCollector: Resolving assembly.
TpTrace Information: 0 : 14588, 2, 2026/07/20, 18:09:05.745, 391346196607, vstest.console.dll, AssemblyResolver.OnResolve: Microsoft.TestPlatform.Extensions.EventLogCollector: Searching in: 'C:\Program Files\dotnet\sdk\10.0.400-preview.0.26322.102\Extensions'.
TpTrace Information: 0 : 14588, 2, 2026/07/20, 18:09:05.747, 391346217029, vstest.console.dll, AssemblyResolver.OnResolve: Microsoft.TestPlatform.Extensions.EventLogCollector: Loading assembly 'C:\Program Files\dotnet\sdk\10.0.400-preview.0.26322.102\Extensions\Microsoft.TestPlatform.Extensions.EventLogCollector.dll'.
TpTrace Information: 0 : 14588, 2, 2026/07/20, 18:09:05.748, 391346233459, vstest.console.dll, AssemblyResolver.TrackProvidedDependency: Resolved 'Microsoft.TestPlatform.Extensions.EventLogCollector' from 'C:\Program Files\dotnet\sdk\10.0.400-preview.0.26322.102\Extensions' for 'unknown'.
TpTrace Information: 0 : 14588, 2, 2026/07/20, 18:09:05.749, 391346234694, vstest.console.dll, AssemblyResolver.OnResolve: Resolved assembly: Microsoft.TestPlatform.Extensions.EventLogCollector, from path: C:\Program Files\dotnet\sdk\10.0.400-preview.0.26322.102\Extensions\Microsoft.TestPlatform.Extensions.EventLogCollector.dll
TpTrace Verbose: 0 : 14588, 2, 2026/07/20, 18:09:05.749, 391346235441, vstest.console.dll, MetadataReaderExtensionsHelper: Discovering extensions inside assembly 'Microsoft.TestPlatform.Extensions.EventLogCollector, Version=15.0.0.0, Culture=neutral, PublicKeyToken=b03f5f7f11d50a3a' file path 'C:\Program Files\dotnet\sdk\10.0.400-preview.0.26322.102\Extensions\Microsoft.TestPlatform.Extensions.EventLogCollector.dll'
TpTrace Information: 0 : 14588, 2, 2026/07/20, 18:09:05.754, 391346285062, vstest.console.dll, AssemblyResolver.OnResolve: Microsoft.TestPlatform.TestHostRuntimeProvider: Resolving assembly.
TpTrace Information: 0 : 14588, 2, 2026/07/20, 18:09:05.754, 391346286272, vstest.console.dll, AssemblyResolver.OnResolve: Microsoft.TestPlatform.TestHostRuntimeProvider: Searching in: 'C:\Program Files\dotnet\sdk\10.0.400-preview.0.26322.102\Extensions'.
TpTrace Information: 0 : 14588, 2, 2026/07/20, 18:09:05.754, 391346293244, vstest.console.dll, AssemblyResolver.OnResolve: Microsoft.TestPlatform.TestHostRuntimeProvider: Loading assembly 'C:\Program Files\dotnet\sdk\10.0.400-preview.0.26322.102\Extensions\Microsoft.TestPlatform.TestHostRuntimeProvider.dll'.
TpTrace Information: 0 : 14588, 2, 2026/07/20, 18:09:05.756, 391346304979, vstest.console.dll, AssemblyResolver.TrackProvidedDependency: Resolved 'Microsoft.TestPlatform.TestHostRuntimeProvider' from 'C:\Program Files\dotnet\sdk\10.0.400-preview.0.26322.102\Extensions' for 'unknown'.
TpTrace Information: 0 : 14588, 2, 2026/07/20, 18:09:05.756, 391346306015, vstest.console.dll, AssemblyResolver.OnResolve: Resolved assembly: Microsoft.TestPlatform.TestHostRuntimeProvider, from path: C:\Program Files\dotnet\sdk\10.0.400-preview.0.26322.102\Extensions\Microsoft.TestPlatform.TestHostRuntimeProvider.dll
TpTrace Verbose: 0 : 14588, 2, 2026/07/20, 18:09:05.756, 391346306890, vstest.console.dll, MetadataReaderExtensionsHelper: Discovering extensions inside assembly 'Microsoft.TestPlatform.TestHostRuntimeProvider, Version=15.0.0.0, Culture=neutral, PublicKeyToken=b03f5f7f11d50a3a' file path 'C:\Program Files\dotnet\sdk\10.0.400-preview.0.26322.102\Extensions\Microsoft.TestPlatform.TestHostRuntimeProvider.dll'
TpTrace Information: 0 : 14588, 2, 2026/07/20, 18:09:05.759, 391346336869, vstest.console.dll, GetTestExtensionFromType: Register extension with identifier data 'HostProvider://DefaultTestHost' and type 'Microsoft.VisualStudio.TestPlatform.CrossPlatEngine.Hosting.DefaultTestHostManager, Microsoft.TestPlatform.TestHostRuntimeProvider, Version=15.0.0.0, Culture=neutral, PublicKeyToken=b03f5f7f11d50a3a' inside file 'C:\Program Files\dotnet\sdk\10.0.400-preview.0.26322.102\Extensions\Microsoft.TestPlatform.TestHostRuntimeProvider.dll'
TpTrace Information: 0 : 14588, 2, 2026/07/20, 18:09:05.759, 391346342842, vstest.console.dll, GetTestExtensionFromType: Register extension with identifier data 'HostProvider://DotnetTestHost' and type 'Microsoft.VisualStudio.TestPlatform.CrossPlatEngine.Hosting.DotnetTestHostManager, Microsoft.TestPlatform.TestHostRuntimeProvider, Version=15.0.0.0, Culture=neutral, PublicKeyToken=b03f5f7f11d50a3a' inside file 'C:\Program Files\dotnet\sdk\10.0.400-preview.0.26322.102\Extensions\Microsoft.TestPlatform.TestHostRuntimeProvider.dll'
TpTrace Information: 0 : 14588, 2, 2026/07/20, 18:09:05.759, 391346344119, vstest.console.dll, AssemblyResolver.OnResolve: Microsoft.VisualStudio.TestPlatform.Extensions.Html.TestLogger: Resolving assembly.
TpTrace Information: 0 : 14588, 2, 2026/07/20, 18:09:05.760, 391346344610, vstest.console.dll, AssemblyResolver.OnResolve: Microsoft.VisualStudio.TestPlatform.Extensions.Html.TestLogger: Searching in: 'C:\Program Files\dotnet\sdk\10.0.400-preview.0.26322.102\Extensions'.
TpTrace Information: 0 : 14588, 2, 2026/07/20, 18:09:05.760, 391346353109, vstest.console.dll, AssemblyResolver.OnResolve: Microsoft.VisualStudio.TestPlatform.Extensions.Html.TestLogger: Loading assembly 'C:\Program Files\dotnet\sdk\10.0.400-preview.0.26322.102\Extensions\Microsoft.VisualStudio.TestPlatform.Extensions.Html.TestLogger.dll'.
TpTrace Information: 0 : 14588, 2, 2026/07/20, 18:09:05.761, 391346361770, vstest.console.dll, AssemblyResolver.TrackProvidedDependency: Resolved 'Microsoft.VisualStudio.TestPlatform.Extensions.Html.TestLogger' from 'C:\Program Files\dotnet\sdk\10.0.400-preview.0.26322.102\Extensions' for 'unknown'.
TpTrace Information: 0 : 14588, 2, 2026/07/20, 18:09:05.761, 391346362767, vstest.console.dll, AssemblyResolver.OnResolve: Resolved assembly: Microsoft.VisualStudio.TestPlatform.Extensions.Html.TestLogger, from path: C:\Program Files\dotnet\sdk\10.0.400-preview.0.26322.102\Extensions\Microsoft.VisualStudio.TestPlatform.Extensions.Html.TestLogger.dll
TpTrace Verbose: 0 : 14588, 2, 2026/07/20, 18:09:05.761, 391346363673, vstest.console.dll, MetadataReaderExtensionsHelper: Discovering extensions inside assembly 'Microsoft.VisualStudio.TestPlatform.Extensions.Html.TestLogger, Version=15.0.0.0, Culture=neutral, PublicKeyToken=b03f5f7f11d50a3a' file path 'C:\Program Files\dotnet\sdk\10.0.400-preview.0.26322.102\Extensions\Microsoft.VisualStudio.TestPlatform.Extensions.Html.TestLogger.dll'
TpTrace Information: 0 : 14588, 2, 2026/07/20, 18:09:05.763, 391346377787, vstest.console.dll, AssemblyResolver.OnResolve: Microsoft.VisualStudio.TestPlatform.Extensions.Trx.TestLogger: Resolving assembly.
TpTrace Information: 0 : 14588, 2, 2026/07/20, 18:09:05.763, 391346378933, vstest.console.dll, AssemblyResolver.OnResolve: Microsoft.VisualStudio.TestPlatform.Extensions.Trx.TestLogger: Searching in: 'C:\Program Files\dotnet\sdk\10.0.400-preview.0.26322.102\Extensions'.
TpTrace Information: 0 : 14588, 2, 2026/07/20, 18:09:05.764, 391346389122, vstest.console.dll, AssemblyResolver.OnResolve: Microsoft.VisualStudio.TestPlatform.Extensions.Trx.TestLogger: Loading assembly 'C:\Program Files\dotnet\sdk\10.0.400-preview.0.26322.102\Extensions\Microsoft.VisualStudio.TestPlatform.Extensions.Trx.TestLogger.dll'.
TpTrace Information: 0 : 14588, 2, 2026/07/20, 18:09:05.765, 391346401424, vstest.console.dll, AssemblyResolver.TrackProvidedDependency: Resolved 'Microsoft.VisualStudio.TestPlatform.Extensions.Trx.TestLogger' from 'C:\Program Files\dotnet\sdk\10.0.400-preview.0.26322.102\Extensions' for 'unknown'.
TpTrace Information: 0 : 14588, 2, 2026/07/20, 18:09:05.765, 391346402525, vstest.console.dll, AssemblyResolver.OnResolve: Resolved assembly: Microsoft.VisualStudio.TestPlatform.Extensions.Trx.TestLogger, from path: C:\Program Files\dotnet\sdk\10.0.400-preview.0.26322.102\Extensions\Microsoft.VisualStudio.TestPlatform.Extensions.Trx.TestLogger.dll
TpTrace Verbose: 0 : 14588, 2, 2026/07/20, 18:09:05.765, 391346403233, vstest.console.dll, MetadataReaderExtensionsHelper: Discovering extensions inside assembly 'Microsoft.VisualStudio.TestPlatform.Extensions.Trx.TestLogger, Version=15.0.0.0, Culture=neutral, PublicKeyToken=b03f5f7f11d50a3a' file path 'C:\Program Files\dotnet\sdk\10.0.400-preview.0.26322.102\Extensions\Microsoft.VisualStudio.TestPlatform.Extensions.Trx.TestLogger.dll'
TpTrace Verbose: 0 : 14588, 2, 2026/07/20, 18:09:05.767, 391346423680, vstest.console.dll, TestPluginCache: Discovered the extensions using extension path ''.
TpTrace Verbose: 0 : 14588, 2, 2026/07/20, 18:09:05.768, 391346425057, vstest.console.dll, TestPluginCache: Discoverers are ''.
TpTrace Verbose: 0 : 14588, 2, 2026/07/20, 18:09:05.768, 391346425449, vstest.console.dll, TestPluginCache: Executors are ''.
TpTrace Verbose: 0 : 14588, 2, 2026/07/20, 18:09:05.768, 391346425769, vstest.console.dll, TestPluginCache: Executors2 are ''.
TpTrace Verbose: 0 : 14588, 2, 2026/07/20, 18:09:05.768, 391346426077, vstest.console.dll, TestPluginCache: Setting providers are ''.
TpTrace Verbose: 0 : 14588, 2, 2026/07/20, 18:09:05.768, 391346426386, vstest.console.dll, TestPluginCache: Loggers are ''.
TpTrace Verbose: 0 : 14588, 2, 2026/07/20, 18:09:05.768, 391346428997, vstest.console.dll, TestPluginCache: TestHosts are 'HostProvider://DefaultTestHost,HostProvider://DotnetTestHost'.
TpTrace Verbose: 0 : 14588, 2, 2026/07/20, 18:09:05.768, 391346429668, vstest.console.dll, TestPluginCache: DataCollectors are ''.
TpTrace Information: 0 : 14588, 2, 2026/07/20, 18:09:05.794, 391346686183, vstest.console.dll, RunTestsArgumentProcessor:Execute: Test run is starting.
TpTrace Verbose: 0 : 14588, 2, 2026/07/20, 18:09:05.794, 391346687591, vstest.console.dll, RunTestsArgumentProcessor:Execute: Queuing Test run.
TpTrace Information: 0 : 14588, 2, 2026/07/20, 18:09:05.794, 391346691283, vstest.console.dll, TestRequestManager.RunTests: run tests started.
TpTrace Information: 0 : 14588, 2, 2026/07/20, 18:09:05.796, 391346712252, vstest.console.dll, AssemblyMetadataProvider.GetFrameworkName: Determined framework:'.NETCoreApp,Version=v10.0' for source: 'C:\Integral2u\source\repos\SharpMind\SharpMind.Tests\bin\Debug\net10.0\SharpMind.Tests.dll'
TpTrace Information: 0 : 14588, 2, 2026/07/20, 18:09:05.797, 391346715098, vstest.console.dll, Determined framework for all sources: .NETCoreApp,Version=v10.0
TpTrace Verbose: 0 : 14588, 2, 2026/07/20, 18:09:05.800, 391346747415, vstest.console.dll, TestRequestManager.UpdateRunSettingsIfRequired: Default architecture: X64 IsDefaultTargetArchitecture: True, Current process architecture: X64 OperatingSystem: Windows.
TpTrace Information: 0 : 14588, 2, 2026/07/20, 18:09:05.803, 391346775225, vstest.console.dll, AssemblyMetadataProvider.GetArchitecture: Determined architecture:AnyCPU info for assembly: C:\Integral2u\source\repos\SharpMind\SharpMind.Tests\bin\Debug\net10.0\SharpMind.Tests.dll
TpTrace Information: 0 : 14588, 2, 2026/07/20, 18:09:05.803, 391346776520, vstest.console.dll, Determined platform for source 'C:\Integral2u\source\repos\SharpMind\SharpMind.Tests\bin\Debug\net10.0\SharpMind.Tests.dll' was AnyCPU and it will use the default plaform X64.
TpTrace Information: 0 : 14588, 2, 2026/07/20, 18:09:05.803, 391346776938, vstest.console.dll, None of the sources provided any runnable platform, using the default platform: X64
TpTrace Information: 0 : 14588, 2, 2026/07/20, 18:09:05.803, 391346778751, vstest.console.dll, Platform was updated to 'X64'.
TpTrace Information: 0 : 14588, 2, 2026/07/20, 18:09:05.806, 391346809197, vstest.console.dll, Compatible sources list: 
TpTrace Information: 0 : 14588, 2, 2026/07/20, 18:09:05.806, 391346810347, vstest.console.dll, C:\Integral2u\source\repos\SharpMind\SharpMind.Tests\bin\Debug\net10.0\SharpMind.Tests.dll
TpTrace Information: 0 : 14588, 2, 2026/07/20, 18:09:05.812, 391346871998, vstest.console.dll, InferRunSettingsHelper.IsTestSettingsEnabled: Unable to navigate to RunSettings/MSTest. Current node: RunSettings
TpTrace Information: 0 : 14588, 2, 2026/07/20, 18:09:05.813, 391346882578, vstest.console.dll, AssemblyResolver.OnResolve: Microsoft.VisualStudio.TestPlatform.Fakes: Resolving assembly.
TpTrace Information: 0 : 14588, 2, 2026/07/20, 18:09:05.813, 391346883514, vstest.console.dll, AssemblyResolver.OnResolve: Microsoft.VisualStudio.TestPlatform.Fakes: Searching in: 'C:\Program Files\dotnet\sdk\10.0.400-preview.0.26322.102\Extensions'.
TpTrace Information: 0 : 14588, 2, 2026/07/20, 18:09:05.814, 391346885358, vstest.console.dll, AssemblyResolver.OnResolve: Microsoft.VisualStudio.TestPlatform.Fakes: Assembly path does not exist: 'C:\Program Files\dotnet\sdk\10.0.400-preview.0.26322.102\Extensions\Microsoft.VisualStudio.TestPlatform.Fakes.dll', returning.
TpTrace Information: 0 : 14588, 2, 2026/07/20, 18:09:05.814, 391346886461, vstest.console.dll, AssemblyResolver.OnResolve: Microsoft.VisualStudio.TestPlatform.Fakes: Assembly path does not exist: 'C:\Program Files\dotnet\sdk\10.0.400-preview.0.26322.102\Extensions\Microsoft.VisualStudio.TestPlatform.Fakes.exe', returning.
TpTrace Information: 0 : 14588, 2, 2026/07/20, 18:09:05.814, 391346886922, vstest.console.dll, AssemblyResolver.OnResolve: Microsoft.VisualStudio.TestPlatform.Fakes: Searching in: 'C:\Program Files\dotnet\sdk\10.0.400-preview.0.26322.102'.
TpTrace Information: 0 : 14588, 2, 2026/07/20, 18:09:05.814, 391346887892, vstest.console.dll, AssemblyResolver.OnResolve: Microsoft.VisualStudio.TestPlatform.Fakes: Assembly path does not exist: 'C:\Program Files\dotnet\sdk\10.0.400-preview.0.26322.102\Microsoft.VisualStudio.TestPlatform.Fakes.dll', returning.
TpTrace Information: 0 : 14588, 2, 2026/07/20, 18:09:05.814, 391346888827, vstest.console.dll, AssemblyResolver.OnResolve: Microsoft.VisualStudio.TestPlatform.Fakes: Assembly path does not exist: 'C:\Program Files\dotnet\sdk\10.0.400-preview.0.26322.102\Microsoft.VisualStudio.TestPlatform.Fakes.exe', returning.
TpTrace Information: 0 : 14588, 2, 2026/07/20, 18:09:05.814, 391346889310, vstest.console.dll, AssemblyResolver.OnResolve: Microsoft.VisualStudio.TestPlatform.Fakes: Failed to load assembly.
TpTrace Information: 0 : 14588, 2, 2026/07/20, 18:09:05.814, 391346892732, vstest.console.dll, Failed to load assembly Microsoft.VisualStudio.TestPlatform.Fakes, Version=18.0.0.0, Culture=neutral. Reason:System.IO.FileNotFoundException: Could not load file or assembly 'Microsoft.VisualStudio.TestPlatform.Fakes, Version=18.0.0.0, Culture=neutral, PublicKeyToken=null'. The system cannot find the file specified.
File name: 'Microsoft.VisualStudio.TestPlatform.Fakes, Version=18.0.0.0, Culture=neutral, PublicKeyToken=null'
   at System.Reflection.RuntimeAssembly.InternalLoad(AssemblyName assemblyName, StackCrawlMark& stackMark, AssemblyLoadContext assemblyLoadContext, RuntimeAssembly requestingAssembly, Boolean throwOnFileNotFound)
   at System.Reflection.Assembly.Load(AssemblyName assemblyRef)
   at Microsoft.VisualStudio.TestPlatform.Common.Utilities.FakesUtilities.LoadTestPlatformAssembly() in /_/src/vstest/src/Microsoft.TestPlatform.Common/Utilities/FakesUtilities.cs:line 200
TpTrace Verbose: 0 : 14588, 2, 2026/07/20, 18:09:05.817, 391346922496, vstest.console.dll, TestPluginCache: Update extensions started. Skip filter = False
TpTrace Verbose: 0 : 14588, 2, 2026/07/20, 18:09:05.823, 391346974637, vstest.console.dll, TestPluginCache: Using directories for assembly resolution 'C:\Users\tarra\.nuget\packages\coverlet.collector\10.0.0\build\net10.0'.
TpTrace Verbose: 0 : 14588, 2, 2026/07/20, 18:09:05.823, 391346975917, vstest.console.dll, TestPluginCache: Updated the available extensions to 'C:\Users\tarra\.nuget\packages\coverlet.collector\10.0.0\build\net10.0\coverlet.collector.dll'.
TpTrace Verbose: 0 : 14588, 2, 2026/07/20, 18:09:05.844, 391347185498, vstest.console.dll, TestEngine: Initializing Parallel Execution as MaxCpuCount is set to: 1
TpTrace Information: 0 : 14588, 2, 2026/07/20, 18:09:05.846, 391347206420, vstest.console.dll, TestPluginManager.CreateTestExtension: Attempting to load test extension: Microsoft.VisualStudio.TestPlatform.CrossPlatEngine.Hosting.DefaultTestHostManager
TpTrace Information: 0 : 14588, 2, 2026/07/20, 18:09:05.847, 391347217441, vstest.console.dll, TestPluginManager.CreateTestExtension: Attempting to load test extension: Microsoft.VisualStudio.TestPlatform.CrossPlatEngine.Hosting.DotnetTestHostManager
TpTrace Verbose: 0 : 14588, 2, 2026/07/20, 18:09:05.847, 391347221416, vstest.console.dll, TestHostManagerCallbacks.ctor: Forwarding output is enabled.
TpTrace Information: 0 : 14588, 2, 2026/07/20, 18:09:05.848, 391347228300, vstest.console.dll, InferRunSettingsHelper.IsTestSettingsEnabled: Unable to navigate to RunSettings/MSTest. Current node: RunSettings
TpTrace Verbose: 0 : 14588, 2, 2026/07/20, 18:09:05.849, 391347238574, vstest.console.dll, ParallelOperationManager.ClearSlots: Clearing all slots. Slots should accept more work: True
TpTrace Verbose: 0 : 14588, 2, 2026/07/20, 18:09:05.851, 391347261539, vstest.console.dll, ParallelOperationManager.SetOccupiedSlotCount: Setting slot counts AvailableSlotCount = 1, OccupiedSlotCount = 0.
TpTrace Verbose: 0 : 14588, 2, 2026/07/20, 18:09:05.852, 391347269896, vstest.console.dll, Occupied slots:

TpTrace Verbose: 0 : 14588, 2, 2026/07/20, 18:09:05.861, 391347354216, vstest.console.dll, TestEngine.GetExecutionManager: Chosen execution manager 'Microsoft.VisualStudio.TestPlatform.CrossPlatEngine.Client.Parallel.ParallelProxyExecutionManager, Microsoft.TestPlatform.CrossPlatEngine, Version=15.0.0.0, Culture=neutral, PublicKeyToken=b03f5f7f11d50a3a' ParallelLevel '1'.
TpTrace Verbose: 0 : 14588, 2, 2026/07/20, 18:09:05.861, 391347357285, vstest.console.dll, TestPlatform.GetSkipDefaultAdapters: Not skipping default adapters SkipDefaultAdapters was false.
TpTrace Verbose: 0 : 14588, 2, 2026/07/20, 18:09:05.861, 391347358715, vstest.console.dll, TestRunRequest.ExecuteAsync: Creating test run request.
TpTrace Verbose: 0 : 14588, 2, 2026/07/20, 18:09:05.862, 391347367375, vstest.console.dll, TestRunRequest.ExecuteAsync: Starting.
TpTrace Information: 0 : 14588, 2, 2026/07/20, 18:09:05.862, 391347371427, vstest.console.dll, TestRunRequest.ExecuteAsync: Starting run with settings:TestRunCriteria:
   KeepAlive=False,FrequencyOfRunStatsChangeEvent=10,RunStatsChangeEventTimeout=00:00:01.5000000,TestCaseFilter=,TestExecutorLauncher=
   Settingsxml=<RunSettings>
  <RunConfiguration>
    <ResultsDirectory>C:\Integral2u\source\repos\SharpMind\SharpMind.Tests\TestResults</ResultsDirectory>
    <TargetPlatform>X64</TargetPlatform>
    <TargetFrameworkVersion>.NETCoreApp,Version=v10.0</TargetFrameworkVersion>
    <TestAdaptersPaths>C:\Users\tarra\.nuget\packages\coverlet.collector\10.0.0\build\net10.0\</TestAdaptersPaths>
    <DesignMode>False</DesignMode>
    <CollectSourceInformation>False</CollectSourceInformation>
  </RunConfiguration>
  <LoggerRunSettings>
    <Loggers>
      <Logger friendlyName="Console" assemblyQualifiedName="Microsoft.VisualStudio.TestPlatform.CommandLine.Internal.ConsoleLogger, vstest.console, Version=15.0.0.0, Culture=neutral, PublicKeyToken=b03f5f7f11d50a3a" codeBase="C:\Program Files\dotnet\sdk\10.0.400-preview.0.26322.102\vstest.console.dll" enabled="True">
        <Configuration>
          <Verbosity>minimal</Verbosity>
        </Configuration>
      </Logger>
    </Loggers>
  </LoggerRunSettings>
</RunSettings>

TpTrace Verbose: 0 : 14588, 2, 2026/07/20, 18:09:05.862, 391347372207, vstest.console.dll, TestRunRequest.ExecuteAsync: Wait for the first run request is over.
TpTrace Verbose: 0 : 14588, 2, 2026/07/20, 18:09:05.863, 391347376420, vstest.console.dll, MulticastDelegateUtilities.SafeInvoke: TestRun.TestRunStart: Invoking callbacks was skipped because there are no subscribers.
TpTrace Verbose: 0 : 14588, 4, 2026/07/20, 18:09:05.863, 391347381415, vstest.console.dll, MulticastDelegateUtilities.SafeInvoke: InternalTestLoggerEvents.SendTestRunStart: Invoking callback 1/1 for Microsoft.VisualStudio.TestPlatform.CommandLine.Internal.ConsoleLogger., took 0 ms.
TpTrace Verbose: 0 : 14588, 2, 2026/07/20, 18:09:05.865, 391347396762, vstest.console.dll, ParallelProxyExecutionManager: Start execution. Total sources: 1
TpTrace Verbose: 0 : 14588, 2, 2026/07/20, 18:09:05.866, 391347404904, vstest.console.dll, ParallelOperationManager.StartWork: Starting adding 1 workloads.
TpTrace Verbose: 0 : 14588, 2, 2026/07/20, 18:09:05.866, 391347407020, vstest.console.dll, ParallelOperationManager.ClearSlots: Clearing all slots. Slots should accept more work: True
TpTrace Verbose: 0 : 14588, 2, 2026/07/20, 18:09:05.866, 391347408804, vstest.console.dll, ParallelOperationManager.SetOccupiedSlotCount: Setting slot counts AvailableSlotCount = 1, OccupiedSlotCount = 0.
TpTrace Verbose: 0 : 14588, 2, 2026/07/20, 18:09:05.866, 391347409665, vstest.console.dll, Occupied slots:

TpTrace Verbose: 0 : 14588, 2, 2026/07/20, 18:09:05.870, 391347449982, vstest.console.dll, TestHostManagerCallbacks.ctor: Forwarding output is enabled.
TpTrace Verbose: 0 : 14588, 2, 2026/07/20, 18:09:05.871, 391347457808, vstest.console.dll, TestRequestSender is acting as server.
TpTrace Verbose: 0 : 14588, 2, 2026/07/20, 18:09:05.872, 391347466171, vstest.console.dll, ParallelOperationManager.RunWorkInParallel: Adding 1 workload to slot, remaining workloads 0.
TpTrace Verbose: 0 : 14588, 2, 2026/07/20, 18:09:05.872, 391347467524, vstest.console.dll, ParallelOperationManager.SetOccupiedSlotCount: Setting slot counts AvailableSlotCount = 0, OccupiedSlotCount = 1.
TpTrace Verbose: 0 : 14588, 2, 2026/07/20, 18:09:05.872, 391347469580, vstest.console.dll, Occupied slots:
0: C:\Integral2u\source\repos\SharpMind\SharpMind.Tests\bin\Debug\net10.0\SharpMind.Tests.dll
TpTrace Verbose: 0 : 14588, 2, 2026/07/20, 18:09:05.876, 391347509563, vstest.console.dll, ParallelOperationManager.RunWorkInParallel: Started host in slot number 0 for work (source): C:\Integral2u\source\repos\SharpMind\SharpMind.Tests\bin\Debug\net10.0\SharpMind.Tests.dll.
TpTrace Verbose: 0 : 14588, 2, 2026/07/20, 18:09:05.878, 391347525099, vstest.console.dll, ParallelOperationManager.RunWorkInParallel: We started 1 work items, which is the max parallel level. Won't start more work.
TpTrace Verbose: 0 : 14588, 2, 2026/07/20, 18:09:05.878, 391347526662, vstest.console.dll, ParallelOperationManager.RunWorkInParallel: We started 1 work items in here, returning True.
TpTrace Information: 0 : 14588, 2, 2026/07/20, 18:09:05.878, 391347527474, vstest.console.dll, TestRunRequest.ExecuteAsync: Started.
TpTrace Verbose: 0 : 14588, 2, 2026/07/20, 18:09:05.878, 391347529151, vstest.console.dll, TestRunRequest.WaitForCompletion: Waiting with timeout -1.
TpTrace Verbose: 0 : 14588, 5, 2026/07/20, 18:09:05.879, 391347536188, vstest.console.dll, ParallelProxyExecutionManager.StartTestRunOnConcurrentManager: Initializing uninitialized client. Started clients: 0
TpTrace Verbose: 0 : 14588, 5, 2026/07/20, 18:09:05.879, 391347537326, vstest.console.dll, ParallelProxyExecutionManager.StartTestRunOnConcurrentManager: Initializing test run. Started clients: 0
TpTrace Verbose: 0 : 14588, 5, 2026/07/20, 18:09:05.879, 391347538666, vstest.console.dll, ProxyExecutionManager: Test host is always Lazy initialize.
TpTrace Verbose: 0 : 14588, 5, 2026/07/20, 18:09:05.879, 391347542897, vstest.console.dll, TestRequestSender.InitializeCommunication: initialize communication. 
TpTrace Information: 0 : 14588, 5, 2026/07/20, 18:09:05.899, 391347737982, vstest.console.dll, SocketServer.Start: Listening on endpoint : 127.0.0.1:56028
TpTrace Verbose: 0 : 14588, 5, 2026/07/20, 18:09:05.910, 391347848492, vstest.console.dll, DotnetTestHostmanager.GetTestHostProcessStartInfo: Platform environment 'X64' target architecture 'X64' framework '.NETCoreApp,Version=v10.0' OS 'Windows'
TpTrace Verbose: 0 : 14588, 5, 2026/07/20, 18:09:05.910, 391347851812, vstest.console.dll, DotnetTestHostmanager.LaunchTestHostAsync: VSTEST_DOTNET_ROOT_PATH=C:\Program Files\dotnet
TpTrace Verbose: 0 : 14588, 5, 2026/07/20, 18:09:05.910, 391347852495, vstest.console.dll, DotnetTestHostmanager.LaunchTestHostAsync: VSTEST_DOTNET_ROOT_ARCHITECTURE=X64
TpTrace Verbose: 0 : 14588, 5, 2026/07/20, 18:09:05.911, 391347854416, vstest.console.dll, DotnetTestHostManager.SetDotnetRootForArchitecture: Adding DOTNET_ROOT_X64=C:\Program Files\dotnet to testhost start info.
TpTrace Verbose: 0 : 14588, 5, 2026/07/20, 18:09:05.911, 391347858854, vstest.console.dll, DotnetTestHostmanager: Adding  --runtimeconfig "C:\Integral2u\source\repos\SharpMind\SharpMind.Tests\bin\Debug\net10.0\SharpMind.Tests.runtimeconfig.json" in args
TpTrace Verbose: 0 : 14588, 5, 2026/07/20, 18:09:05.911, 391347860481, vstest.console.dll, DotnetTestHostmanager: Adding  --depsfile "C:\Integral2u\source\repos\SharpMind\SharpMind.Tests\bin\Debug\net10.0\SharpMind.Tests.deps.json" in args
TpTrace Verbose: 0 : 14588, 5, 2026/07/20, 18:09:05.911, 391347863974, vstest.console.dll, DotnetTestHostmanager.IsWinOnArm: Current PROCESSOR_ARCHITECTURE from environment variable 'AMD64'
TpTrace Verbose: 0 : 14588, 5, 2026/07/20, 18:09:05.912, 391347865393, vstest.console.dll, DotnetTestHostmanager.IsWinOnArm: Is Windows on ARM 'False'
TpTrace Verbose: 0 : 14588, 5, 2026/07/20, 18:09:05.912, 391347867226, vstest.console.dll, DotnetTestHostManager: testhost.exe found at path: C:\Integral2u\source\repos\SharpMind\SharpMind.Tests\bin\Debug\net10.0\testhost.exe
TpTrace Verbose: 0 : 14588, 5, 2026/07/20, 18:09:05.912, 391347868142, vstest.console.dll, DotnetTestHostmanager: Full path of host exe is C:\Integral2u\source\repos\SharpMind\SharpMind.Tests\bin\Debug\net10.0\testhost.exe
TpTrace Verbose: 0 : 14588, 5, 2026/07/20, 18:09:05.918, 391347926310, vstest.console.dll, DotnetTestHostManager: Starting process '0' with command line '1' and DOTNET environment: DOTNET_ROOT_X64=C:\Program Files\dotnet, DOTNET_ROOT=C:\Program Files\dotnet 
TpTrace Verbose: 0 : 14588, 5, 2026/07/20, 18:09:05.918, 391347927577, vstest.console.dll, DotnetTestHostManager: Launching testhost with CreateNoWindow=True
TpTrace Verbose: 0 : 14588, 5, 2026/07/20, 18:09:05.943, 391348177380, vstest.console.dll, Test Runtime launched
TpTrace Verbose: 0 : 14588, 5, 2026/07/20, 18:09:05.943, 391348179277, vstest.console.dll, MulticastDelegateUtilities.SafeInvoke: HostProviderEvents.OnHostLaunched: Invoking callback 1/1 for Microsoft.VisualStudio.TestPlatform.CrossPlatEngine.Client.ProxyOperationManager., took 0 ms.
TpTrace Verbose: 0 : 14588, 5, 2026/07/20, 18:09:05.948, 391348227858, vstest.console.dll, TestRequestSender.WaitForRequestHandlerConnection: waiting for connection with timeout: 90000.
TpTrace Verbose: 0 : 14588, 5, 2026/07/20, 18:09:06.250, 391351250176, vstest.console.dll, TestRequestSender.WaitForRequestHandlerConnection: waiting took 302 ms, with timeout 90000 ms, and result 0, which is success.
TpTrace Verbose: 0 : 14588, 7, 2026/07/20, 18:09:06.250, 391351250174, vstest.console.dll, MulticastDelegateUtilities.SafeInvoke: SocketServer: ClientConnected: Invoking callback 1/1 for Microsoft.VisualStudio.TestPlatform.CommunicationUtilities.TestRequestSender., took 0 ms.
TpTrace Verbose: 0 : 14588, 7, 2026/07/20, 18:09:06.250, 391351252946, vstest.console.dll, SocketServer.OnClientConnected: Client connected for endPoint: 127.0.0.1:56028, starting MessageLoopAsync:
TpTrace Verbose: 0 : 14588, 7, 2026/07/20, 18:09:06.251, 391351261413, vstest.console.dll, TcpClientExtensions.MessageLoopAsync: Polling on remoteEndPoint: 127.0.0.1:56030 localEndPoint: 127.0.0.1:56028 after 0 ms
TpTrace Verbose: 0 : 14588, 5, 2026/07/20, 18:09:06.320, 391351949841, vstest.console.dll, TestRequestSender.CheckVersionWithTestHost: Sending check version message: {"MessageType":"ProtocolVersion","Payload":7}
TpTrace Verbose: 0 : 14588, 7, 2026/07/20, 18:09:06.509, 391353836235, vstest.console.dll, TcpClientExtensions.MessageLoopAsync: NotifyDataAvailable remoteEndPoint: 127.0.0.1:56030 localEndPoint: 127.0.0.1:56028
TpTrace Verbose: 0 : 14588, 7, 2026/07/20, 18:09:06.509, 391353842274, vstest.console.dll, TestRequestSender.CheckVersionWithTestHost: onMessageReceived received message: (ProtocolVersion) -> {"MessageType":"ProtocolVersion","Payload":7}
TpTrace Verbose: 0 : 14588, 7, 2026/07/20, 18:09:06.517, 391353916913, vstest.console.dll, MulticastDelegateUtilities.SafeInvoke: LengthPrefixCommunicationChannel: MessageReceived: Invoking callback 1/1 for Microsoft.VisualStudio.TestPlatform.CommunicationUtilities.TestRequestSender+<>c__DisplayClass29_0., took 7 ms.
TpTrace Verbose: 0 : 14588, 5, 2026/07/20, 18:09:06.517, 391353918983, vstest.console.dll, TestPluginCache.GetExtensionPaths: Filtered extension paths: 
TpTrace Verbose: 0 : 14588, 7, 2026/07/20, 18:09:06.517, 391353919128, vstest.console.dll, TcpClientExtensions.MessageLoopAsync: Polling on remoteEndPoint: 127.0.0.1:56030 localEndPoint: 127.0.0.1:56028 after 265 ms
TpTrace Verbose: 0 : 14588, 5, 2026/07/20, 18:09:06.517, 391353920081, vstest.console.dll, TestPluginCache.GetExtensionPaths: Added default extension paths: C:\Program Files\dotnet\sdk\10.0.400-preview.0.26322.102\Extensions\Microsoft.Diagnostics.NETCore.Client.dll
C:\Program Files\dotnet\sdk\10.0.400-preview.0.26322.102\Extensions\Microsoft.TestPlatform.Extensions.BlameDataCollector.dll
C:\Program Files\dotnet\sdk\10.0.400-preview.0.26322.102\Extensions\Microsoft.TestPlatform.Extensions.EventLogCollector.dll
C:\Program Files\dotnet\sdk\10.0.400-preview.0.26322.102\Extensions\Microsoft.TestPlatform.TestHostRuntimeProvider.dll
C:\Program Files\dotnet\sdk\10.0.400-preview.0.26322.102\Extensions\Microsoft.VisualStudio.TestPlatform.Extensions.Html.TestLogger.dll
C:\Program Files\dotnet\sdk\10.0.400-preview.0.26322.102\Extensions\Microsoft.VisualStudio.TestPlatform.Extensions.Trx.TestLogger.dll
TpTrace Verbose: 0 : 14588, 5, 2026/07/20, 18:09:06.517, 391353921784, vstest.console.dll, TestPluginCache.GetExtensionPaths: Added unfilterableExtensionPaths: 
TpTrace Verbose: 0 : 14588, 7, 2026/07/20, 18:09:06.521, 391353954943, vstest.console.dll, TcpClientExtensions.MessageLoopAsync: NotifyDataAvailable remoteEndPoint: 127.0.0.1:56030 localEndPoint: 127.0.0.1:56028
TpTrace Verbose: 0 : 14588, 5, 2026/07/20, 18:09:06.526, 391354008946, vstest.console.dll, TestRequestSender.InitializeExecution: Sending initialize execution with message: {"Version":7,"MessageType":"TestExecution.Initialize","Payload":["C:\\Integral2u\\source\\repos\\SharpMind\\SharpMind.Tests\\bin\\Debug\\net10.0\\xunit.runner.visualstudio.testadapter.dll"]}
TpTrace Verbose: 0 : 14588, 5, 2026/07/20, 18:09:06.526, 391354012368, vstest.console.dll, ParallelProxyExecutionManager.StartTestRunOnConcurrentManager: Execution starting. Started clients: 1
TpTrace Warning: 0 : 14588, 5, 2026/07/20, 18:09:06.527, 391354017753, vstest.console.dll, InferRunSettingsHelper.MakeRunsettingsCompatible: Removing the following settings: TargetPlatform from RunSettings file. To use those settings please move to latest version of Microsoft.NET.Test.Sdk
TpTrace Verbose: 0 : 14588, 7, 2026/07/20, 18:09:06.528, 391354032387, vstest.console.dll, TestRequestSender.OnExecutionMessageReceived: Received message: {"Version":7,"MessageType":"TestSession.Message","Payload":{"MessageLevel":0,"Message":"Logging TestHost Diagnostics in file: C:\\Integral2u\\source\\repos\\SharpMind\\test-results.host.26-07-20_18-09-05_90948_5.txt"}}
TpTrace Verbose: 0 : 14588, 7, 2026/07/20, 18:09:06.535, 391354102811, vstest.console.dll, TestRunRequest:SendTestRunMessage: Starting.
TpTrace Verbose: 0 : 14588, 7, 2026/07/20, 18:09:06.536, 391354106229, vstest.console.dll, MulticastDelegateUtilities.SafeInvoke: TestRun.LogMessages: Invoking callback 1/1 for Microsoft.VisualStudio.TestPlatform.CommandLine.TestRunResultAggregator., took 0 ms.
TpTrace Information: 0 : 14588, 7, 2026/07/20, 18:09:06.536, 391354107170, vstest.console.dll, TestRunRequest:SendTestRunMessage: Completed.
TpTrace Verbose: 0 : 14588, 7, 2026/07/20, 18:09:06.536, 391354108080, vstest.console.dll, MulticastDelegateUtilities.SafeInvoke: LengthPrefixCommunicationChannel: MessageReceived: Invoking callback 1/1 for Microsoft.VisualStudio.TestPlatform.CommunicationUtilities.TestRequestSender+<>c__DisplayClass34_0., took 7 ms.
TpTrace Verbose: 0 : 14588, 7, 2026/07/20, 18:09:06.536, 391354108902, vstest.console.dll, TcpClientExtensions.MessageLoopAsync: Polling on remoteEndPoint: 127.0.0.1:56030 localEndPoint: 127.0.0.1:56028 after 18 ms
TpTrace Verbose: 0 : 14588, 4, 2026/07/20, 18:09:06.536, 391354110506, vstest.console.dll, MulticastDelegateUtilities.SafeInvoke: InternalTestLoggerEvents.SendTestRunMessage: Invoking callback 1/1 for Microsoft.VisualStudio.TestPlatform.CommandLine.Internal.ConsoleLogger., took 0 ms.
TpTrace Verbose: 0 : 14588, 5, 2026/07/20, 18:09:06.543, 391354182981, vstest.console.dll, TestRequestSender.StartTestRun: Sending test run with message: {"Version":7,"MessageType":"TestExecution.StartWithSources","Payload":{"AdapterSourceMap":{"_none_":["C:\\Integral2u\\source\\repos\\SharpMind\\SharpMind.Tests\\bin\\Debug\\net10.0\\SharpMind.Tests.dll"]},"RunSettings":"<RunSettings>\r\n  <RunConfiguration>\r\n    <ResultsDirectory>C:\\Integral2u\\source\\repos\\SharpMind\\SharpMind.Tests\\TestResults</ResultsDirectory>\r\n    <TargetFrameworkVersion>.NETCoreApp,Version=v10.0</TargetFrameworkVersion>\r\n    <TestAdaptersPaths>C:\\Users\\tarra\\.nuget\\packages\\coverlet.collector\\10.0.0\\build\\net10.0\\</TestAdaptersPaths>\r\n    <DesignMode>False</DesignMode>\r\n    <CollectSourceInformation>False</CollectSourceInformation>\r\n  </RunConfiguration>\r\n  <LoggerRunSettings>\r\n    <Loggers>\r\n      <Logger friendlyName=\"Console\" assemblyQualifiedName=\"Microsoft.VisualStudio.TestPlatform.CommandLine.Internal.ConsoleLogger, vstest.console, Version=15.0.0.0, Culture=neutral, PublicKeyToken=b03f5f7f11d50a3a\" codeBase=\"C:\\Program Files\\dotnet\\sdk\\10.0.400-preview.0.26322.102\\vstest.console.dll\" enabled=\"True\">\r\n        <Configuration>\r\n          <Verbosity>minimal</Verbosity>\r\n        </Configuration>\r\n      </Logger>\r\n    </Loggers>\r\n  </LoggerRunSettings>\r\n</RunSettings>","TestExecutionContext":{"FrequencyOfRunStatsChangeEvent":10,"RunStatsChangeEventTimeout":"00:00:01.5000000","InIsolation":false,"KeepAlive":false,"AreTestCaseLevelEventsRequired":false,"IsDebug":false,"TestCaseFilter":null,"FilterOptions":null},"Package":null}}
TpTrace Verbose: 0 : 14588, 5, 2026/07/20, 18:09:06.544, 391354185476, vstest.console.dll, ParallelProxyExecutionManager.StartTestRunOnConcurrentManager: Execution started. Started clients: 1
TpTrace Verbose: 0 : 14588, 7, 2026/07/20, 18:09:06.879, 391357538024, vstest.console.dll, TcpClientExtensions.MessageLoopAsync: NotifyDataAvailable remoteEndPoint: 127.0.0.1:56030 localEndPoint: 127.0.0.1:56028
TpTrace Verbose: 0 : 14588, 7, 2026/07/20, 18:09:06.879, 391357540611, vstest.console.dll, TestRequestSender.OnExecutionMessageReceived: Received message: {"Version":7,"MessageType":"TestSession.Message","Payload":{"MessageLevel":0,"Message":"[xUnit.net 00:00:00.01] xUnit.net VSTest Adapter v3.1.5+1b188a7b0a (64-bit .NET 10.0.9)"}}
TpTrace Verbose: 0 : 14588, 7, 2026/07/20, 18:09:06.880, 391357544780, vstest.console.dll, TestRunRequest:SendTestRunMessage: Starting.
TpTrace Verbose: 0 : 14588, 7, 2026/07/20, 18:09:06.880, 391357546415, vstest.console.dll, MulticastDelegateUtilities.SafeInvoke: TestRun.LogMessages: Invoking callback 1/1 for Microsoft.VisualStudio.TestPlatform.CommandLine.TestRunResultAggregator., took 0 ms.
TpTrace Verbose: 0 : 14588, 4, 2026/07/20, 18:09:06.880, 391357546788, vstest.console.dll, MulticastDelegateUtilities.SafeInvoke: InternalTestLoggerEvents.SendTestRunMessage: Invoking callback 1/1 for Microsoft.VisualStudio.TestPlatform.CommandLine.Internal.ConsoleLogger., took 0 ms.
TpTrace Information: 0 : 14588, 7, 2026/07/20, 18:09:06.880, 391357547372, vstest.console.dll, TestRunRequest:SendTestRunMessage: Completed.
TpTrace Verbose: 0 : 14588, 7, 2026/07/20, 18:09:06.880, 391357549313, vstest.console.dll, MulticastDelegateUtilities.SafeInvoke: LengthPrefixCommunicationChannel: MessageReceived: Invoking callback 1/1 for Microsoft.VisualStudio.TestPlatform.CommunicationUtilities.TestRequestSender+<>c__DisplayClass34_0., took 0 ms.
TpTrace Verbose: 0 : 14588, 7, 2026/07/20, 18:09:06.880, 391357550123, vstest.console.dll, TcpClientExtensions.MessageLoopAsync: Polling on remoteEndPoint: 127.0.0.1:56030 localEndPoint: 127.0.0.1:56028 after 344 ms
TpTrace Verbose: 0 : 14588, 7, 2026/07/20, 18:09:07.895, 391367694888, vstest.console.dll, TcpClientExtensions.MessageLoopAsync: Polling on remoteEndPoint: 127.0.0.1:56030 localEndPoint: 127.0.0.1:56028 after 1014 ms
TpTrace Verbose: 0 : 14588, 7, 2026/07/20, 18:09:07.963, 391368381335, vstest.console.dll, TcpClientExtensions.MessageLoopAsync: NotifyDataAvailable remoteEndPoint: 127.0.0.1:56030 localEndPoint: 127.0.0.1:56028
TpTrace Verbose: 0 : 14588, 7, 2026/07/20, 18:09:07.963, 391368383210, vstest.console.dll, TestRequestSender.OnExecutionMessageReceived: Received message: {"Version":7,"MessageType":"TestSession.Message","Payload":{"MessageLevel":0,"Message":"[xUnit.net 00:00:01.09]   Discovering: SharpMind.Tests"}}
TpTrace Verbose: 0 : 14588, 7, 2026/07/20, 18:09:07.964, 391368384746, vstest.console.dll, TestRunRequest:SendTestRunMessage: Starting.
TpTrace Verbose: 0 : 14588, 7, 2026/07/20, 18:09:07.964, 391368385608, vstest.console.dll, MulticastDelegateUtilities.SafeInvoke: TestRun.LogMessages: Invoking callback 1/1 for Microsoft.VisualStudio.TestPlatform.CommandLine.TestRunResultAggregator., took 0 ms.
TpTrace Verbose: 0 : 14588, 4, 2026/07/20, 18:09:07.964, 391368385902, vstest.console.dll, MulticastDelegateUtilities.SafeInvoke: InternalTestLoggerEvents.SendTestRunMessage: Invoking callback 1/1 for Microsoft.VisualStudio.TestPlatform.CommandLine.Internal.ConsoleLogger., took 0 ms.
TpTrace Information: 0 : 14588, 7, 2026/07/20, 18:09:07.964, 391368386836, vstest.console.dll, TestRunRequest:SendTestRunMessage: Completed.
TpTrace Verbose: 0 : 14588, 7, 2026/07/20, 18:09:07.964, 391368387322, vstest.console.dll, MulticastDelegateUtilities.SafeInvoke: LengthPrefixCommunicationChannel: MessageReceived: Invoking callback 1/1 for Microsoft.VisualStudio.TestPlatform.CommunicationUtilities.TestRequestSender+<>c__DisplayClass34_0., took 0 ms.
TpTrace Verbose: 0 : 14588, 7, 2026/07/20, 18:09:07.964, 391368387844, vstest.console.dll, TcpClientExtensions.MessageLoopAsync: Polling on remoteEndPoint: 127.0.0.1:56030 localEndPoint: 127.0.0.1:56028 after 69 ms
TpTrace Verbose: 0 : 14588, 7, 2026/07/20, 18:09:08.968, 391378429536, vstest.console.dll, TcpClientExtensions.MessageLoopAsync: Polling on remoteEndPoint: 127.0.0.1:56030 localEndPoint: 127.0.0.1:56028 after 1004 ms
TpTrace Verbose: 0 : 14588, 7, 2026/07/20, 18:09:09.093, 391379683709, vstest.console.dll, TcpClientExtensions.MessageLoopAsync: NotifyDataAvailable remoteEndPoint: 127.0.0.1:56030 localEndPoint: 127.0.0.1:56028
TpTrace Verbose: 0 : 14588, 7, 2026/07/20, 18:09:09.094, 391379687114, vstest.console.dll, TestRequestSender.OnExecutionMessageReceived: Received message: {"Version":7,"MessageType":"TestSession.Message","Payload":{"MessageLevel":0,"Message":"[xUnit.net 00:00:02.22]   Discovered:  SharpMind.Tests"}}
TpTrace Verbose: 0 : 14588, 7, 2026/07/20, 18:09:09.094, 391379689186, vstest.console.dll, TestRunRequest:SendTestRunMessage: Starting.
TpTrace Verbose: 0 : 14588, 7, 2026/07/20, 18:09:09.094, 391379690732, vstest.console.dll, MulticastDelegateUtilities.SafeInvoke: TestRun.LogMessages: Invoking callback 1/1 for Microsoft.VisualStudio.TestPlatform.CommandLine.TestRunResultAggregator., took 0 ms.
TpTrace Verbose: 0 : 14588, 4, 2026/07/20, 18:09:09.094, 391379690987, vstest.console.dll, MulticastDelegateUtilities.SafeInvoke: InternalTestLoggerEvents.SendTestRunMessage: Invoking callback 1/1 for Microsoft.VisualStudio.TestPlatform.CommandLine.Internal.ConsoleLogger., took 0 ms.
TpTrace Information: 0 : 14588, 7, 2026/07/20, 18:09:09.094, 391379691419, vstest.console.dll, TestRunRequest:SendTestRunMessage: Completed.
TpTrace Verbose: 0 : 14588, 7, 2026/07/20, 18:09:09.094, 391379693224, vstest.console.dll, MulticastDelegateUtilities.SafeInvoke: LengthPrefixCommunicationChannel: MessageReceived: Invoking callback 1/1 for Microsoft.VisualStudio.TestPlatform.CommunicationUtilities.TestRequestSender+<>c__DisplayClass34_0., took 0 ms.
TpTrace Verbose: 0 : 14588, 7, 2026/07/20, 18:09:09.094, 391379693947, vstest.console.dll, TcpClientExtensions.MessageLoopAsync: Polling on remoteEndPoint: 127.0.0.1:56030 localEndPoint: 127.0.0.1:56028 after 126 ms
TpTrace Verbose: 0 : 14588, 7, 2026/07/20, 18:09:09.225, 391381003265, vstest.console.dll, TcpClientExtensions.MessageLoopAsync: NotifyDataAvailable remoteEndPoint: 127.0.0.1:56030 localEndPoint: 127.0.0.1:56028
TpTrace Verbose: 0 : 14588, 7, 2026/07/20, 18:09:09.226, 391381005309, vstest.console.dll, TestRequestSender.OnExecutionMessageReceived: Received message: {"Version":7,"MessageType":"TestSession.Message","Payload":{"MessageLevel":0,"Message":"[xUnit.net 00:00:02.35]   Starting:    SharpMind.Tests"}}
TpTrace Verbose: 0 : 14588, 7, 2026/07/20, 18:09:09.226, 391381007156, vstest.console.dll, TestRunRequest:SendTestRunMessage: Starting.
TpTrace Verbose: 0 : 14588, 7, 2026/07/20, 18:09:09.226, 391381008276, vstest.console.dll, MulticastDelegateUtilities.SafeInvoke: TestRun.LogMessages: Invoking callback 1/1 for Microsoft.VisualStudio.TestPlatform.CommandLine.TestRunResultAggregator., took 0 ms.
TpTrace Information: 0 : 14588, 7, 2026/07/20, 18:09:09.226, 391381009049, vstest.console.dll, TestRunRequest:SendTestRunMessage: Completed.
TpTrace Verbose: 0 : 14588, 7, 2026/07/20, 18:09:09.226, 391381009605, vstest.console.dll, MulticastDelegateUtilities.SafeInvoke: LengthPrefixCommunicationChannel: MessageReceived: Invoking callback 1/1 for Microsoft.VisualStudio.TestPlatform.CommunicationUtilities.TestRequestSender+<>c__DisplayClass34_0., took 0 ms.
TpTrace Verbose: 0 : 14588, 7, 2026/07/20, 18:09:09.226, 391381010172, vstest.console.dll, TcpClientExtensions.MessageLoopAsync: Polling on remoteEndPoint: 127.0.0.1:56030 localEndPoint: 127.0.0.1:56028 after 131 ms
TpTrace Verbose: 0 : 14588, 4, 2026/07/20, 18:09:09.226, 391381008600, vstest.console.dll, MulticastDelegateUtilities.SafeInvoke: InternalTestLoggerEvents.SendTestRunMessage: Invoking callback 1/1 for Microsoft.VisualStudio.TestPlatform.CommandLine.Internal.ConsoleLogger., took 0 ms.
TpTrace Verbose: 0 : 14588, 7, 2026/07/20, 18:09:09.396, 391382705005, vstest.console.dll, TcpClientExtensions.MessageLoopAsync: NotifyDataAvailable remoteEndPoint: 127.0.0.1:56030 localEndPoint: 127.0.0.1:56028
TpTrace Verbose: 0 : 14588, 7, 2026/07/20, 18:09:09.396, 391382707248, vstest.console.dll, TestRequestSender.OnExecutionMessageReceived: Received message: {"Version":7,"MessageType":"TestExecution.StatsChange","Payload":{"NewTestResults":[],"TestRunStatistics":{"ExecutedTests":0,"Stats":{}},"ActiveTests":[{"Id":"321a26d8-1cc0-f59d-2e77-60dfbd269fdf","FullyQualifiedName":"SharpMind.Tests.Core.TensorShapeTests.AssertMatMulCompatible_ThrowsOnInnerDimMismatch","DisplayName":"SharpMind.Tests.Core.TensorShapeTests.AssertMatMulCompatible_ThrowsOnInnerDimMismatch","ExecutorUri":"executor://xunit/VsTestRunner3/netcore/","Source":"C:\\Integral2u\\source\\repos\\SharpMind\\SharpMind.Tests\\bin\\Debug\\net10.0\\SharpMind.Tests.dll","CodeFilePath":null,"LineNumber":0,"Properties":[{"Key":{"Id":"XunitTestCaseExplicit","Label":"xUnit.net Test Case Explicit Flag","Category":"","Description":"","Attributes":0,"ValueType":"System.Boolean"},"Value":false},{"Key":{"Id":"XunitTestCaseUniqueID","Label":"xUnit.net Test Case Unique ID","Category":"","Description":"","Attributes":0,"ValueType":"System.String"},"Value":"08d3ca008ea58e5f6a7a35057dc34ef295bda045"},{"Key":{"Id":"TestCase.ManagedMethod","Label":"ManagedMethod","Category":"","Description":"","Attributes":1,"ValueType":"System.String"},"Value":"AssertMatMulCompatible_ThrowsOnInnerDimMismatch"},{"Key":{"Id":"TestCase.ManagedType","Label":"ManagedType","Category":"","Description":"","Attributes":1,"ValueType":"System.String"},"Value":"SharpMind.Tests.Core.TensorShapeTests"}]}]}}
TpTrace Verbose: 0 : 14588, 7, 2026/07/20, 18:09:09.451, 391383261317, vstest.console.dll, TestRunRequest:SendTestRunStatsChange: Starting.
TpTrace Verbose: 0 : 14588, 7, 2026/07/20, 18:09:09.451, 391383263970, vstest.console.dll, InProgress is SharpMind.Tests.Core.TensorShapeTests.AssertMatMulCompatible_ThrowsOnInnerDimMismatch
TpTrace Verbose: 0 : 14588, 7, 2026/07/20, 18:09:09.459, 391383337558, vstest.console.dll, MulticastDelegateUtilities.SafeInvoke: TestRun.RunStatsChanged: Invoking callbacks was skipped because there are no subscribers.
TpTrace Information: 0 : 14588, 7, 2026/07/20, 18:09:09.459, 391383338456, vstest.console.dll, TestRunRequest:SendTestRunStatsChange: Completed.
TpTrace Verbose: 0 : 14588, 7, 2026/07/20, 18:09:09.459, 391383339438, vstest.console.dll, MulticastDelegateUtilities.SafeInvoke: LengthPrefixCommunicationChannel: MessageReceived: Invoking callback 1/1 for Microsoft.VisualStudio.TestPlatform.CommunicationUtilities.TestRequestSender+<>c__DisplayClass34_0., took 63 ms.
TpTrace Verbose: 0 : 14588, 7, 2026/07/20, 18:09:09.459, 391383340019, vstest.console.dll, TcpClientExtensions.MessageLoopAsync: Polling on remoteEndPoint: 127.0.0.1:56030 localEndPoint: 127.0.0.1:56028 after 232 ms
TpTrace Verbose: 0 : 14588, 7, 2026/07/20, 18:09:09.509, 391383841183, vstest.console.dll, TcpClientExtensions.MessageLoopAsync: NotifyDataAvailable remoteEndPoint: 127.0.0.1:56030 localEndPoint: 127.0.0.1:56028
TpTrace Verbose: 0 : 14588, 7, 2026/07/20, 18:09:09.510, 391383848751, vstest.console.dll, TestRequestSender.OnExecutionMessageReceived: Received message: {"Version":7,"MessageType":"TestExecution.StatsChange","Payload":{"NewTestResults":[{"TestCase":{"Id":"321a26d8-1cc0-f59d-2e77-60dfbd269fdf","FullyQualifiedName":"SharpMind.Tests.Core.TensorShapeTests.AssertMatMulCompatible_ThrowsOnInnerDimMismatch","DisplayName":"SharpMind.Tests.Core.TensorShapeTests.AssertMatMulCompatible_ThrowsOnInnerDimMismatch","ExecutorUri":"executor://xunit/VsTestRunner3/netcore/","Source":"C:\\Integral2u\\source\\repos\\SharpMind\\SharpMind.Tests\\bin\\Debug\\net10.0\\SharpMind.Tests.dll","CodeFilePath":null,"LineNumber":0,"Properties":[{"Key":{"Id":"XunitTestCaseExplicit","Label":"xUnit.net Test Case Explicit Flag","Category":"","Description":"","Attributes":0,"ValueType":"System.Boolean"},"Value":false},{"Key":{"Id":"XunitTestCaseUniqueID","Label":"xUnit.net Test Case Unique ID","Category":"","Description":"","Attributes":0,"ValueType":"System.String"},"Value":"08d3ca008ea58e5f6a7a35057dc34ef295bda045"},{"Key":{"Id":"TestCase.ManagedMethod","Label":"ManagedMethod","Category":"","Description":"","Attributes":1,"ValueType":"System.String"},"Value":"AssertMatMulCompatible_ThrowsOnInnerDimMismatch"},{"Key":{"Id":"TestCase.ManagedType","Label":"ManagedType","Category":"","Description":"","Attributes":1,"ValueType":"System.String"},"Value":"SharpMind.Tests.Core.TensorShapeTests"}]},"Attachments":[],"Outcome":1,"ErrorMessage":null,"ErrorStackTrace":null,"DisplayName":"SharpMind.Tests.Core.TensorShapeTests.AssertMatMulCompatible_ThrowsOnInnerDimMismatch","Messages":[],"ComputerName":"LAPTOP-MKMTSO1B","Duration":"00:00:00.0344972","StartTime":"2026-07-20T06:09:09.4049138+00:00","EndTime":"2026-07-20T06:09:09.4153462+00:00","Properties":[]},{"TestCase":{"Id":"4338c324-cfee-716e-0b2b-960a4359457d","FullyQualifiedName":"SharpMind.Tests.Core.NativeBufferTests.Allocate_ZeroInitialised","DisplayName":"SharpMind.Tests.Core.NativeBufferTests.Allocate_ZeroInitialised","ExecutorUri":"executor://xunit/VsTestRunner3/netcore/","Source":"C:\\Integral2u\\source\\repos\\SharpMind\\SharpMind.Tests\\bin\\Debug\\net10.0\\SharpMind.Tests.dll","CodeFilePath":null,"LineNumber":0,"Properties":[{"Key":{"Id":"XunitTestCaseExplicit","Label":"xUnit.net Test Case Explicit Flag","Category":"","Description":"","Attributes":0,"ValueType":"System.Boolean"},"Value":false},{"Key":{"Id":"XunitTestCaseUniqueID","Label":"xUnit.net Test Case Unique ID","Category":"","Description":"","Attributes":0,"ValueType":"System.String"},"Value":"3106aabe9c21a98615e3a7e6f29dff62a5c27bcb"},{"Key":{"Id":"TestCase.ManagedMethod","Label":"ManagedMethod","Category":"","Description":"","Attributes":1,"ValueType":"System.String"},"Value":"Allocate_ZeroInitialised"},{"Key":{"Id":"TestCase.ManagedType","Label":"ManagedType","Category":"","Description":"","Attributes":1,"ValueType":"System.String"},"Value":"SharpMind.Tests.Core.NativeBufferTests"}]},"Attachments":[],"Outcome":1,"ErrorMessage":null,"ErrorStackTrace":null,"DisplayName":"SharpMind.Tests.Core.NativeBufferTests.Allocate_ZeroInitialised","Messages":[],"ComputerName":"LAPTOP-MKMTSO1B","Duration":"00:00:00.0474389","StartTime":"2026-07-20T06:09:09.409376+00:00","EndTime":"2026-07-20T06:09:09.4665149+00:00","Properties":[]},{"TestCase":{"Id":"b4db558c-5cec-fc1b-1d1c-c3748cd99ea0","FullyQualifiedName":"SharpMind.Tests.Core.NativeBufferTests.Dispose_AfterFree_DoesNotThrow","DisplayName":"SharpMind.Tests.Core.NativeBufferTests.Dispose_AfterFree_DoesNotThrow","ExecutorUri":"executor://xunit/VsTestRunner3/netcore/","Source":"C:\\Integral2u\\source\\repos\\SharpMind\\SharpMind.Tests\\bin\\Debug\\net10.0\\SharpMind.Tests.dll","CodeFilePath":null,"LineNumber":0,"Properties":[{"Key":{"Id":"XunitTestCaseExplicit","Label":"xUnit.net Test Case Explicit Flag","Category":"","Description":"","Attributes":0,"ValueType":"System.Boolean"},"Value":false},{"Key":{"Id":"XunitTestCaseUniqueID","Label":"xUnit.net Test Case Unique ID","Category":"","Description":"","Attributes":0,"ValueType":"System.String"},"Value":"619fcf063506866a09c85be8f6b168a43fc6a36b"},{"Key":{"Id":"TestCase.ManagedMethod","Label":"ManagedMethod","Category":"","Description":"","Attributes":1,"ValueType":"System.String"},"Value":"Dispose_AfterFree_DoesNotThrow"},{"Key":{"Id":"TestCase.ManagedType","Label":"ManagedType","Category":"","Description":"","Attributes":1,"ValueType":"System.String"},"Value":"SharpMind.Tests.Core.NativeBufferTests"}]},"Attachments":[],"Outcome":1,"ErrorMessage":null,"ErrorStackTrace":null,"DisplayName":"SharpMind.Tests.Core.NativeBufferTests.Dispose_AfterFree_DoesNotThrow","Messages":[],"ComputerName":"LAPTOP-MKMTSO1B","Duration":"00:00:00.0013618","StartTime":"2026-07-20T06:09:09.4693099+00:00","EndTime":"2026-07-20T06:09:09.4694644+00:00","Properties":[]},{"TestCase":{"Id":"d983d0f0-5b4b-1e87-40d3-e17b57b218b1","FullyQualifiedName":"SharpMind.Tests.Core.NativeBufferTests.AddRef_PreventsFreeUntilAllDisposed","DisplayName":"SharpMind.Tests.Core.NativeBufferTests.AddRef_PreventsFreeUntilAllDisposed","ExecutorUri":"executor://xunit/VsTestRunner3/netcore/","Source":"C:\\Integral2u\\source\\repos\\SharpMind\\SharpMind.Tests\\bin\\Debug\\net10.0\\SharpMind.Tests.dll","CodeFilePath":null,"LineNumber":0,"Properties":[{"Key":{"Id":"XunitTestCaseExplicit","Label":"xUnit.net Test Case Explicit Flag","Category":"","Description":"","Attributes":0,"ValueType":"System.Boolean"},"Value":false},{"Key":{"Id":"XunitTestCaseUniqueID","Label":"xUnit.net Test Case Unique ID","Category":"","Description":"","Attributes":0,"ValueType":"System.String"},"Value":"e5fef5bdf3ad366d2f2067b9ca565904da01e7bc"},{"Key":{"Id":"TestCase.ManagedMethod","Label":"ManagedMethod","Category":"","Description":"","Attributes":1,"ValueType":"System.String"},"Value":"AddRef_PreventsFreeUntilAllDisposed"},{"Key":{"Id":"TestCase.ManagedType","Label":"ManagedType","Category":"","Description":"","Attributes":1,"ValueType":"System.String"},"Value":"SharpMind.Tests.Core.NativeBufferTests"}]},"Attachments":[],"Outcome":1,"ErrorMessage":null,"ErrorStackTrace":null,"DisplayName":"SharpMind.Tests.Core.NativeBufferTests.AddRef_PreventsFreeUntilAllDisposed","Messages":[],"ComputerName":"LAPTOP-MKMTSO1B","Duration":"00:00:00.0005051","StartTime":"2026-07-20T06:09:09.4702693+00:00","EndTime":"2026-07-20T06:09:09.4704178+00:00","Properties":[]},{"TestCase":{"Id":"2b4af5c8-87ee-9260-68c1-8f61c8ac2c1f","FullyQualifiedName":"SharpMind.Tests.Core.TensorShapeTests.Reshape_PreservesElementCount","DisplayName":"SharpMind.Tests.Core.TensorShapeTests.Reshape_PreservesElementCount(from: [2, 3], to: [3, 2])","ExecutorUri":"executor://xunit/VsTestRunner3/netcore/","Source":"C:\\Integral2u\\source\\repos\\SharpMind\\SharpMind.Tests\\bin\\Debug\\net10.0\\SharpMind.Tests.dll","CodeFilePath":null,"LineNumber":0,"Properties":[{"Key":{"Id":"XunitTestCaseExplicit","Label":"xUnit.net Test Case Explicit Flag","Category":"","Description":"","Attributes":0,"ValueType":"System.Boolean"},"Value":false},{"Key":{"Id":"XunitTestCaseUniqueID","Label":"xUnit.net Test Case Unique ID","Category":"","Description":"","Attributes":0,"ValueType":"System.String"},"Value":"3b98922fa27040dcdd681b2317794e3ffeaf59a7"},{"Key":{"Id":"TestCase.ManagedMethod","Label":"ManagedMethod","Category":"","Description":"","Attributes":1,"ValueType":"System.String"},"Value":"Reshape_PreservesElementCount"},{"Key":{"Id":"TestCase.ManagedType","Label":"ManagedType","Category":"","Description":"","Attributes":1,"ValueType":"System.String"},"Value":"SharpMind.Tests.Core.TensorShapeTests"}]},"Attachments":[],"Outcome":1,"ErrorMessage":null,"ErrorStackTrace":null,"DisplayName":"SharpMind.Tests.Core.TensorShapeTests.Reshape_PreservesElementCount(from: [2, 3], to: [3, 2])","Messages":[],"ComputerName":"LAPTOP-MKMTSO1B","Duration":"00:00:00.0148700","StartTime":"2026-07-20T06:09:09.4662734+00:00","EndTime":"2026-07-20T06:09:09.4759484+00:00","Properties":[]},{"TestCase":{"Id":"c06ef7cb-8a2c-7158-d5b2-8fc1d2d191b4","FullyQualifiedName":"SharpMind.Tests.Core.TensorShapeTests.Reshape_PreservesElementCount","DisplayName":"SharpMind.Tests.Core.TensorShapeTests.Reshape_PreservesElementCount(from: [6], to: [2, 3])","ExecutorUri":"executor://xunit/VsTestRunner3/netcore/","Source":"C:\\Integral2u\\source\\repos\\SharpMind\\SharpMind.Tests\\bin\\Debug\\net10.0\\SharpMind.Tests.dll","CodeFilePath":null,"LineNumber":0,"Properties":[{"Key":{"Id":"XunitTestCaseExplicit","Label":"xUnit.net Test Case Explicit Flag","Category":"","Description":"","Attributes":0,"ValueType":"System.Boolean"},"Value":false},{"Key":{"Id":"XunitTestCaseUniqueID","Label":"xUnit.net Test Case Unique ID","Category":"","Description":"","Attributes":0,"ValueType":"System.String"},"Value":"c22855e1766231af1577095adf7a4428d14eb681"},{"Key":{"Id":"TestCase.ManagedMethod","Label":"ManagedMethod","Category":"","Description":"","Attributes":1,"ValueType":"System.String"},"Value":"Reshape_PreservesElementCount"},{"Key":{"Id":"TestCase.ManagedType","Label":"ManagedType","Category":"","Description":"","Attributes":1,"ValueType":"System.String"},"Value":"SharpMind.Tests.Core.TensorShapeTests"}]},"Attachments":[],"Outcome":1,"ErrorMessage":null,"ErrorStackTrace":null,"DisplayName":"SharpMind.Tests.Core.TensorShapeTests.Reshape_PreservesElementCount(from: [6], to: [2, 3])","Messages":[],"ComputerName":"LAPTOP-MKMTSO1B","Duration":"00:00:00.0006263","StartTime":"2026-07-20T06:09:09.4766243+00:00","EndTime":"2026-07-20T06:09:09.4767611+00:00","Properties":[]},{"TestCase":{"Id":"3e0a4849-dce8-9c9b-d597-b132c98f1400","FullyQualifiedName":"SharpMind.Tests.Core.TensorShapeTests.Reshape_PreservesElementCount","DisplayName":"SharpMind.Tests.Core.TensorShapeTests.Reshape_PreservesElementCount(from: [2, 3], to: [6])","ExecutorUri":"executor://xunit/VsTestRunner3/netcore/","Source":"C:\\Integral2u\\source\\repos\\SharpMind\\SharpMind.Tests\\bin\\Debug\\net10.0\\SharpMind.Tests.dll","CodeFilePath":null,"LineNumber":0,"Properties":[{"Key":{"Id":"XunitTestCaseExplicit","Label":"xUnit.net Test Case Explicit Flag","Category":"","Description":"","Attributes":0,"ValueType":"System.Boolean"},"Value":false},{"Key":{"Id":"XunitTestCaseUniqueID","Label":"xUnit.net Test Case Unique ID","Category":"","Description":"","Attributes":0,"ValueType":"System.String"},"Value":"f32bdc9765aa7068e6470a1979d1fd95d2a94224"},{"Key":{"Id":"TestCase.ManagedMethod","Label":"ManagedMethod","Category":"","Description":"","Attributes":1,"ValueType":"System.String"},"Value":"Reshape_PreservesElementCount"},{"Key":{"Id":"TestCase.ManagedType","Label":"ManagedType","Category":"","Description":"","Attributes":1,"ValueType":"System.String"},"Value":"SharpMind.Tests.Core.TensorShapeTests"}]},"Attachments":[],"Outcome":1,"ErrorMessage":null,"ErrorStackTrace":null,"DisplayName":"SharpMind.Tests.Core.TensorShapeTests.Reshape_PreservesElementCount(from: [2, 3], to: [6])","Messages":[],"ComputerName":"LAPTOP-MKMTSO1B","Duration":"00:00:00.0000188","StartTime":"2026-07-20T06:09:09.4774756+00:00","EndTime":"2026-07-20T06:09:09.4776212+00:00","Properties":[]},{"TestCase":{"Id":"22b72329-3aef-df1f-0057-d125a1a7491e","FullyQualifiedName":"SharpMind.Tests.Core.TensorShapeTests.NegativeIndex_LastDim","DisplayName":"SharpMind.Tests.Core.TensorShapeTests.NegativeIndex_LastDim","ExecutorUri":"executor://xunit/VsTestRunner3/netcore/","Source":"C:\\Integral2u\\source\\repos\\SharpMind\\SharpMind.Tests\\bin\\Debug\\net10.0\\SharpMind.Tests.dll","CodeFilePath":null,"LineNumber":0,"Properties":[{"Key":{"Id":"XunitTestCaseExplicit","Label":"xUnit.net Test Case Explicit Flag","Category":"","Description":"","Attributes":0,"ValueType":"System.Boolean"},"Value":false},{"Key":{"Id":"XunitTestCaseUniqueID","Label":"xUnit.net Test Case Unique ID","Category":"","Description":"","Attributes":0,"ValueType":"System.String"},"Value":"3fa2ca893f6b61f64f2378c3f92a89ed76bc9145"},{"Key":{"Id":"TestCase.ManagedMethod","Label":"ManagedMethod","Category":"","Description":"","Attributes":1,"ValueType":"System.String"},"Value":"NegativeIndex_LastDim"},{"Key":{"Id":"TestCase.ManagedType","Label":"ManagedType","Category":"","Description":"","Attributes":1,"ValueType":"System.String"},"Value":"SharpMind.Tests.Core.TensorShapeTests"}]},"Attachments":[],"Outcome":1,"ErrorMessage":null,"ErrorStackTrace":null,"DisplayName":"SharpMind.Tests.Core.TensorShapeTests.NegativeIndex_LastDim","Messages":[],"ComputerName":"LAPTOP-MKMTSO1B","Duration":"00:00:00.0015474","StartTime":"2026-07-20T06:09:09.478418+00:00","EndTime":"2026-07-20T06:09:09.4785779+00:00","Properties":[]}],"TestRunStatistics":{"ExecutedTests":8,"Stats":{"Passed":8}},"ActiveTests":[{"Id":"10de384e-2881-685d-ab12-f01563337f06","FullyQualifiedName":"SharpMind.Tests.Data.CompositeSourceTests.RoundRobin_InterleavesSources","DisplayName":"SharpMind.Tests.Data.CompositeSourceTests.RoundRobin_InterleavesSources","ExecutorUri":"executor://xunit/VsTestRunner3/netcore/","Source":"C:\\Integral2u\\source\\repos\\SharpMind\\SharpMind.Tests\\bin\\Debug\\net10.0\\SharpMind.Tests.dll","CodeFilePath":null,"LineNumber":0,"Properties":[{"Key":{"Id":"XunitTestCaseExplicit","Label":"xUnit.net Test Case Explicit Flag","Category":"","Description":"","Attributes":0,"ValueType":"System.Boolean"},"Value":false},{"Key":{"Id":"XunitTestCaseUniqueID","Label":"xUnit.net Test Case Unique ID","Category":"","Description":"","Attributes":0,"ValueType":"System.String"},"Value":"154bd5fa18bc40df6ebfee35e84dd8600acf6d6b"},{"Key":{"Id":"TestCase.ManagedMethod","Label":"ManagedMethod","Category":"","Description":"","Attributes":1,"ValueType":"System.String"},"Value":"RoundRobin_InterleavesSources"},{"Key":{"Id":"TestCase.ManagedType","Label":"ManagedType","Category":"","Description":"","Attributes":1,"ValueType":"System.String"},"Value":"SharpMind.Tests.Data.CompositeSourceTests"}]},{"Id":"d7dbb9e3-8882-e956-266c-41e41c590be7","FullyQualifiedName":"SharpMind.Tests.Core.TensorShapeTests.Reshape_IncompatibleCount_Throws","DisplayName":"SharpMind.Tests.Core.TensorShapeTests.Reshape_IncompatibleCount_Throws","ExecutorUri":"executor://xunit/VsTestRunner3/netcore/","Source":"C:\\Integral2u\\source\\repos\\SharpMind\\SharpMind.Tests\\bin\\Debug\\net10.0\\SharpMind.Tests.dll","CodeFilePath":null,"LineNumber":0,"Properties":[{"Key":{"Id":"XunitTestCaseExplicit","Label":"xUnit.net Test Case Explicit Flag","Category":"","Description":"","Attributes":0,"ValueType":"System.Boolean"},"Value":false},{"Key":{"Id":"XunitTestCaseUniqueID","Label":"xUnit.net Test Case Unique ID","Category":"","Description":"","Attributes":0,"ValueType":"System.String"},"Value":"55076b8b615ed0c0089feb454587c7b1b40a03d2"},{"Key":{"Id":"TestCase.ManagedMethod","Label":"ManagedMethod","Category":"","Description":"","Attributes":1,"ValueType":"System.String"},"Value":"Reshape_IncompatibleCount_Throws"},{"Key":{"Id":"TestCase.ManagedType","Label":"ManagedType","Category":"","Description":"","Attributes":1,"ValueType":"System.String"},"Value":"SharpMind.Tests.Core.TensorShapeTests"}]}]}}
TpTrace Verbose: 0 : 14588, 7, 2026/07/20, 18:09:09.533, 391384077767, vstest.console.dll, TestRunRequest:SendTestRunStatsChange: Starting.
TpTrace Verbose: 0 : 14588, 7, 2026/07/20, 18:09:09.533, 391384079263, vstest.console.dll, InProgress is SharpMind.Tests.Data.CompositeSourceTests.RoundRobin_InterleavesSources
TpTrace Verbose: 0 : 14588, 7, 2026/07/20, 18:09:09.533, 391384079875, vstest.console.dll, InProgress is SharpMind.Tests.Core.TensorShapeTests.Reshape_IncompatibleCount_Throws
TpTrace Verbose: 0 : 14588, 7, 2026/07/20, 18:09:09.533, 391384083921, vstest.console.dll, MulticastDelegateUtilities.SafeInvoke: TestRun.RunStatsChanged: Invoking callbacks was skipped because there are no subscribers.
TpTrace Information: 0 : 14588, 7, 2026/07/20, 18:09:09.534, 391384084920, vstest.console.dll, TestRunRequest:SendTestRunStatsChange: Completed.
TpTrace Verbose: 0 : 14588, 7, 2026/07/20, 18:09:09.534, 391384085660, vstest.console.dll, MulticastDelegateUtilities.SafeInvoke: LengthPrefixCommunicationChannel: MessageReceived: Invoking callback 1/1 for Microsoft.VisualStudio.TestPlatform.CommunicationUtilities.TestRequestSender+<>c__DisplayClass34_0., took 23 ms.
TpTrace Verbose: 0 : 14588, 7, 2026/07/20, 18:09:09.534, 391384086281, vstest.console.dll, TcpClientExtensions.MessageLoopAsync: Polling on remoteEndPoint: 127.0.0.1:56030 localEndPoint: 127.0.0.1:56028 after 74 ms
TpTrace Verbose: 0 : 14588, 7, 2026/07/20, 18:09:09.534, 391384087083, vstest.console.dll, TcpClientExtensions.MessageLoopAsync: NotifyDataAvailable remoteEndPoint: 127.0.0.1:56030 localEndPoint: 127.0.0.1:56028
TpTrace Verbose: 0 : 14588, 7, 2026/07/20, 18:09:09.534, 391384090831, vstest.console.dll, TestRequestSender.OnExecutionMessageReceived: Received message: {"Version":7,"MessageType":"TestExecution.StatsChange","Payload":{"NewTestResults":[{"TestCase":{"Id":"d7dbb9e3-8882-e956-266c-41e41c590be7","FullyQualifiedName":"SharpMind.Tests.Core.TensorShapeTests.Reshape_IncompatibleCount_Throws","DisplayName":"SharpMind.Tests.Core.TensorShapeTests.Reshape_IncompatibleCount_Throws","ExecutorUri":"executor://xunit/VsTestRunner3/netcore/","Source":"C:\\Integral2u\\source\\repos\\SharpMind\\SharpMind.Tests\\bin\\Debug\\net10.0\\SharpMind.Tests.dll","CodeFilePath":null,"LineNumber":0,"Properties":[{"Key":{"Id":"XunitTestCaseExplicit","Label":"xUnit.net Test Case Explicit Flag","Category":"","Description":"","Attributes":0,"ValueType":"System.Boolean"},"Value":false},{"Key":{"Id":"XunitTestCaseUniqueID","Label":"xUnit.net Test Case Unique ID","Category":"","Description":"","Attributes":0,"ValueType":"System.String"},"Value":"55076b8b615ed0c0089feb454587c7b1b40a03d2"},{"Key":{"Id":"TestCase.ManagedMethod","Label":"ManagedMethod","Category":"","Description":"","Attributes":1,"ValueType":"System.String"},"Value":"Reshape_IncompatibleCount_Throws"},{"Key":{"Id":"TestCase.ManagedType","Label":"ManagedType","Category":"","Description":"","Attributes":1,"ValueType":"System.String"},"Value":"SharpMind.Tests.Core.TensorShapeTests"}]},"Attachments":[],"Outcome":1,"ErrorMessage":null,"ErrorStackTrace":null,"DisplayName":"SharpMind.Tests.Core.TensorShapeTests.Reshape_IncompatibleCount_Throws","Messages":[],"ComputerName":"LAPTOP-MKMTSO1B","Duration":"00:00:00.0016151","StartTime":"2026-07-20T06:09:09.510489+00:00","EndTime":"2026-07-20T06:09:09.5110312+00:00","Properties":[]},{"TestCase":{"Id":"52b157a5-08c1-1854-ebcf-53b540a284ee","FullyQualifiedName":"SharpMind.Tests.Core.TensorShapeTests.Reshape_InferredDim","DisplayName":"SharpMind.Tests.Core.TensorShapeTests.Reshape_InferredDim","ExecutorUri":"executor://xunit/VsTestRunner3/netcore/","Source":"C:\\Integral2u\\source\\repos\\SharpMind\\SharpMind.Tests\\bin\\Debug\\net10.0\\SharpMind.Tests.dll","CodeFilePath":null,"LineNumber":0,"Properties":[{"Key":{"Id":"XunitTestCaseExplicit","Label":"xUnit.net Test Case Explicit Flag","Category":"","Description":"","Attributes":0,"ValueType":"System.Boolean"},"Value":false},{"Key":{"Id":"XunitTestCaseUniqueID","Label":"xUnit.net Test Case Unique ID","Category":"","Description":"","Attributes":0,"ValueType":"System.String"},"Value":"65bf2d574a05977085a61e19418466f5a3b8f853"},{"Key":{"Id":"TestCase.ManagedMethod","Label":"ManagedMethod","Category":"","Description":"","Attributes":1,"ValueType":"System.String"},"Value":"Reshape_InferredDim"},{"Key":{"Id":"TestCase.ManagedType","Label":"ManagedType","Category":"","Description":"","Attributes":1,"ValueType":"System.String"},"Value":"SharpMind.Tests.Core.TensorShapeTests"}]},"Attachments":[],"Outcome":1,"ErrorMessage":null,"ErrorStackTrace":null,"DisplayName":"SharpMind.Tests.Core.TensorShapeTests.Reshape_InferredDim","Messages":[],"ComputerName":"LAPTOP-MKMTSO1B","Duration":"00:00:00.0019860","StartTime":"2026-07-20T06:09:09.5121427+00:00","EndTime":"2026-07-20T06:09:09.5123395+00:00","Properties":[]},{"TestCase":{"Id":"865c0a62-a57a-92b1-6d2c-7919bb5464cb","FullyQualifiedName":"SharpMind.Tests.Core.TensorShapeTests.AssertSameShape_ThrowsOnMismatch","DisplayName":"SharpMind.Tests.Core.TensorShapeTests.AssertSameShape_ThrowsOnMismatch","ExecutorUri":"executor://xunit/VsTestRunner3/netcore/","Source":"C:\\Integral2u\\source\\repos\\SharpMind\\SharpMind.Tests\\bin\\Debug\\net10.0\\SharpMind.Tests.dll","CodeFilePath":null,"LineNumber":0,"Properties":[{"Key":{"Id":"XunitTestCaseExplicit","Label":"xUnit.net Test Case Explicit Flag","Category":"","Description":"","Attributes":0,"ValueType":"System.Boolean"},"Value":false},{"Key":{"Id":"XunitTestCaseUniqueID","Label":"xUnit.net Test Case Unique ID","Category":"","Description":"","Attributes":0,"ValueType":"System.String"},"Value":"72774f7004481d03ebb94c469afc9def974f9b8c"},{"Key":{"Id":"TestCase.ManagedMethod","Label":"ManagedMethod","Category":"","Description":"","Attributes":1,"ValueType":"System.String"},"Value":"AssertSameShape_ThrowsOnMismatch"},{"Key":{"Id":"TestCase.ManagedType","Label":"ManagedType","Category":"","Description":"","Attributes":1,"ValueType":"System.String"},"Value":"SharpMind.Tests.Core.TensorShapeTests"}]},"Attachments":[],"Outcome":1,"ErrorMessage":null,"ErrorStackTrace":null,"DisplayName":"SharpMind.Tests.Core.TensorShapeTests.AssertSameShape_ThrowsOnMismatch","Messages":[],"ComputerName":"LAPTOP-MKMTSO1B","Duration":"00:00:00.0051823","StartTime":"2026-07-20T06:09:09.5154155+00:00","EndTime":"2026-07-20T06:09:09.5155553+00:00","Properties":[]},{"TestCase":{"Id":"6cc7b29e-3593-48a3-bee1-859bf795d995","FullyQualifiedName":"SharpMind.Tests.Core.TensorShapeTests.Squeeze_RemovesUnitDim","DisplayName":"SharpMind.Tests.Core.TensorShapeTests.Squeeze_RemovesUnitDim","ExecutorUri":"executor://xunit/VsTestRunner3/netcore/","Source":"C:\\Integral2u\\source\\repos\\SharpMind\\SharpMind.Tests\\bin\\Debug\\net10.0\\SharpMind.Tests.dll","CodeFilePath":null,"LineNumber":0,"Properties":[{"Key":{"Id":"XunitTestCaseExplicit","Label":"xUnit.net Test Case Explicit Flag","Category":"","Description":"","Attributes":0,"ValueType":"System.Boolean"},"Value":false},{"Key":{"Id":"XunitTestCaseUniqueID","Label":"xUnit.net Test Case Unique ID","Category":"","Description":"","Attributes":0,"ValueType":"System.String"},"Value":"964acd0327bf8d33e41b435395c623d76f756ef6"},{"Key":{"Id":"TestCase.ManagedMethod","Label":"ManagedMethod","Category":"","Description":"","Attributes":1,"ValueType":"System.String"},"Value":"Squeeze_RemovesUnitDim"},{"Key":{"Id":"TestCase.ManagedType","Label":"ManagedType","Category":"","Description":"","Attributes":1,"ValueType":"System.String"},"Value":"SharpMind.Tests.Core.TensorShapeTests"}]},"Attachments":[],"Outcome":1,"ErrorMessage":null,"ErrorStackTrace":null,"DisplayName":"SharpMind.Tests.Core.TensorShapeTests.Squeeze_RemovesUnitDim","Messages":[],"ComputerName":"LAPTOP-MKMTSO1B","Duration":"00:00:00.0201664","StartTime":"2026-07-20T06:09:09.5164664+00:00","EndTime":"2026-07-20T06:09:09.5165922+00:00","Properties":[]},{"TestCase":{"Id":"e1ba7f6f-8c92-4bee-9a40-fb6cb8c7b499","FullyQualifiedName":"SharpMind.Tests.Core.TensorShapeTests.ElementCount_CorrectForAllRanks","DisplayName":"SharpMind.Tests.Core.TensorShapeTests.ElementCount_CorrectForAllRanks","ExecutorUri":"executor://xunit/VsTestRunner3/netcore/","Source":"C:\\Integral2u\\source\\repos\\SharpMind\\SharpMind.Tests\\bin\\Debug\\net10.0\\SharpMind.Tests.dll","CodeFilePath":null,"LineNumber":0,"Properties":[{"Key":{"Id":"XunitTestCaseExplicit","Label":"xUnit.net Test Case Explicit Flag","Category":"","Description":"","Attributes":0,"ValueType":"System.Boolean"},"Value":false},{"Key":{"Id":"XunitTestCaseUniqueID","Label":"xUnit.net Test Case Unique ID","Category":"","Description":"","Attributes":0,"ValueType":"System.String"},"Value":"bf13d7056cd52e9b4c340776ae0381977f7c0746"},{"Key":{"Id":"TestCase.ManagedMethod","Label":"ManagedMethod","Category":"","Description":"","Attributes":1,"ValueType":"System.String"},"Value":"ElementCount_CorrectForAllRanks"},{"Key":{"Id":"TestCase.ManagedType","Label":"ManagedType","Category":"","Description":"","Attributes":1,"ValueType":"System.String"},"Value":"SharpMind.Tests.Core.TensorShapeTests"}]},"Attachments":[],"Outcome":1,"ErrorMessage":null,"ErrorStackTrace":null,"DisplayName":"SharpMind.Tests.Core.TensorShapeTests.ElementCount_CorrectForAllRanks","Messages":[],"ComputerName":"LAPTOP-MKMTSO1B","Duration":"00:00:00.0011589","StartTime":"2026-07-20T06:09:09.517481+00:00","EndTime":"2026-07-20T06:09:09.5176472+00:00","Properties":[]},{"TestCase":{"Id":"bf1fba5e-6244-62c3-2e28-2037b9e3339e","FullyQualifiedName":"SharpMind.Tests.Core.TensorShapeTests.GetOffset_2D_MatchesRowMajor","DisplayName":"SharpMind.Tests.Core.TensorShapeTests.GetOffset_2D_MatchesRowMajor","ExecutorUri":"executor://xunit/VsTestRunner3/netcore/","Source":"C:\\Integral2u\\source\\repos\\SharpMind\\SharpMind.Tests\\bin\\Debug\\net10.0\\SharpMind.Tests.dll","CodeFilePath":null,"LineNumber":0,"Properties":[{"Key":{"Id":"XunitTestCaseExplicit","Label":"xUnit.net Test Case Explicit Flag","Category":"","Description":"","Attributes":0,"ValueType":"System.Boolean"},"Value":false},{"Key":{"Id":"XunitTestCaseUniqueID","Label":"xUnit.net Test Case Unique ID","Category":"","Description":"","Attributes":0,"ValueType":"System.String"},"Value":"e6ca6c4915d5dff05ce90e33f860c4145a72f2b2"},{"Key":{"Id":"TestCase.ManagedMethod","Label":"ManagedMethod","Category":"","Description":"","Attributes":1,"ValueType":"System.String"},"Value":"GetOffset_2D_MatchesRowMajor"},{"Key":{"Id":"TestCase.ManagedType","Label":"ManagedType","Category":"","Description":"","Attributes":1,"ValueType":"System.String"},"Value":"SharpMind.Tests.Core.TensorShapeTests"}]},"Attachments":[],"Outcome":1,"ErrorMessage":null,"ErrorStackTrace":null,"DisplayName":"SharpMind.Tests.Core.TensorShapeTests.GetOffset_2D_MatchesRowMajor","Messages":[],"ComputerName":"LAPTOP-MKMTSO1B","Duration":"00:00:00.0010192","StartTime":"2026-07-20T06:09:09.5183622+00:00","EndTime":"2026-07-20T06:09:09.5184869+00:00","Properties":[]},{"TestCase":{"Id":"5731a32e-e87c-bf32-8b07-365da484680a","FullyQualifiedName":"SharpMind.Tests.Core.TensorShapeTests.Strides_RowMajor","DisplayName":"SharpMind.Tests.Core.TensorShapeTests.Strides_RowMajor","ExecutorUri":"executor://xunit/VsTestRunner3/netcore/","Source":"C:\\Integral2u\\source\\repos\\SharpMind\\SharpMind.Tests\\bin\\Debug\\net10.0\\SharpMind.Tests.dll","CodeFilePath":null,"LineNumber":0,"Properties":[{"Key":{"Id":"XunitTestCaseExplicit","Label":"xUnit.net Test Case Explicit Flag","Category":"","Description":"","Attributes":0,"ValueType":"System.Boolean"},"Value":false},{"Key":{"Id":"XunitTestCaseUniqueID","Label":"xUnit.net Test Case Unique ID","Category":"","Description":"","Attributes":0,"ValueType":"System.String"},"Value":"ea0ed17f69a9a62b6553fe93039c38857da4033d"},{"Key":{"Id":"TestCase.ManagedMethod","Label":"ManagedMethod","Category":"","Description":"","Attributes":1,"ValueType":"System.String"},"Value":"Strides_RowMajor"},{"Key":{"Id":"TestCase.ManagedType","Label":"ManagedType","Category":"","Description":"","Attributes":1,"ValueType":"System.String"},"Value":"SharpMind.Tests.Core.TensorShapeTests"}]},"Attachments":[],"Outcome":1,"ErrorMessage":null,"ErrorStackTrace":null,"DisplayName":"SharpMind.Tests.Core.TensorShapeTests.Strides_RowMajor","Messages":[],"ComputerName":"LAPTOP-MKMTSO1B","Duration":"00:00:00.0026773","StartTime":"2026-07-20T06:09:09.5192734+00:00","EndTime":"2026-07-20T06:09:09.5194426+00:00","Properties":[]},{"TestCase":{"Id":"6f5caec4-29ed-f466-b1b7-9a583fbc5dd1","FullyQualifiedName":"SharpMind.Tests.Core.TensorShapeTests.Unsqueeze_InsertsUnitDim","DisplayName":"SharpMind.Tests.Core.TensorShapeTests.Unsqueeze_InsertsUnitDim","ExecutorUri":"executor://xunit/VsTestRunner3/netcore/","Source":"C:\\Integral2u\\source\\repos\\SharpMind\\SharpMind.Tests\\bin\\Debug\\net10.0\\SharpMind.Tests.dll","CodeFilePath":null,"LineNumber":0,"Properties":[{"Key":{"Id":"XunitTestCaseExplicit","Label":"xUnit.net Test Case Explicit Flag","Category":"","Description":"","Attributes":0,"ValueType":"System.Boolean"},"Value":false},{"Key":{"Id":"XunitTestCaseUniqueID","Label":"xUnit.net Test Case Unique ID","Category":"","Description":"","Attributes":0,"ValueType":"System.String"},"Value":"f255db66047bc96000e97b8c17a63e5b65986eb9"},{"Key":{"Id":"TestCase.ManagedMethod","Label":"ManagedMethod","Category":"","Description":"","Attributes":1,"ValueType":"System.String"},"Value":"Unsqueeze_InsertsUnitDim"},{"Key":{"Id":"TestCase.ManagedType","Label":"ManagedType","Category":"","Description":"","Attributes":1,"ValueType":"System.String"},"Value":"SharpMind.Tests.Core.TensorShapeTests"}]},"Attachments":[],"Outcome":1,"ErrorMessage":null,"ErrorStackTrace":null,"DisplayName":"SharpMind.Tests.Core.TensorShapeTests.Unsqueeze_InsertsUnitDim","Messages":[],"ComputerName":"LAPTOP-MKMTSO1B","Duration":"00:00:00.0040043","StartTime":"2026-07-20T06:09:09.5202396+00:00","EndTime":"2026-07-20T06:09:09.5203639+00:00","Properties":[]}],"TestRunStatistics":{"ExecutedTests":16,"Stats":{"Passed":16}},"ActiveTests":[{"Id":"ca0032fc-56ba-64c4-5759-ec6b063d70c7","FullyQualifiedName":"SharpMind.Tests.Data.JsonlSourceTests.ExtractsTextField","DisplayName":"SharpMind.Tests.Data.JsonlSourceTests.ExtractsTextField","ExecutorUri":"executor://xunit/VsTestRunner3/netcore/","Source":"C:\\Integral2u\\source\\repos\\SharpMind\\SharpMind.Tests\\bin\\Debug\\net10.0\\SharpMind.Tests.dll","CodeFilePath":null,"LineNumber":0,"Properties":[{"Key":{"Id":"XunitTestCaseExplicit","Label":"xUnit.net Test Case Explicit Flag","Category":"","Description":"","Attributes":0,"ValueType":"System.Boolean"},"Value":false},{"Key":{"Id":"XunitTestCaseUniqueID","Label":"xUnit.net Test Case Unique ID","Category":"","Description":"","Attributes":0,"ValueType":"System.String"},"Value":"081c3f6c864daca7d28db3aeacf88c9c0ea421b4"},{"Key":{"Id":"TestCase.ManagedMethod","Label":"ManagedMethod","Category":"","Description":"","Attributes":1,"ValueType":"System.String"},"Value":"ExtractsTextField"},{"Key":{"Id":"TestCase.ManagedType","Label":"ManagedType","Category":"","Description":"","Attributes":1,"ValueType":"System.String"},"Value":"SharpMind.Tests.Data.JsonlSourceTests"}]},{"Id":"fdbbe722-926c-2bb6-4d66-bb962d53e423","FullyQualifiedName":"SharpMind.Tests.Data.DataLoaderIntegrationTests.Describe_ReturnsPipelineSummary","DisplayName":"SharpMind.Tests.Data.DataLoaderIntegrationTests.Describe_ReturnsPipelineSummary","ExecutorUri":"executor://xunit/VsTestRunner3/netcore/","Source":"C:\\Integral2u\\source\\repos\\SharpMind\\SharpMind.Tests\\bin\\Debug\\net10.0\\SharpMind.Tests.dll","CodeFilePath":null,"LineNumber":0,"Properties":[{"Key":{"Id":"XunitTestCaseExplicit","Label":"xUnit.net Test Case Explicit Flag","Category":"","Description":"","Attributes":0,"ValueType":"System.Boolean"},"Value":false},{"Key":{"Id":"XunitTestCaseUniqueID","Label":"xUnit.net Test Case Unique ID","Category":"","Description":"","Attributes":0,"ValueType":"System.String"},"Value":"44ee66efcce6a93b057f50992e7f4bd6775fab6c"},{"Key":{"Id":"TestCase.ManagedMethod","Label":"ManagedMethod","Category":"","Description":"","Attributes":1,"ValueType":"System.String"},"Value":"Describe_ReturnsPipelineSummary"},{"Key":{"Id":"TestCase.ManagedType","Label":"ManagedType","Category":"","Description":"","Attributes":1,"ValueType":"System.String"},"Value":"SharpMind.Tests.Data.DataLoaderIntegrationTests"}]}]}}
TpTrace Verbose: 0 : 14588, 4, 2026/07/20, 18:09:09.537, 391384120567, vstest.console.dll, MulticastDelegateUtilities.SafeInvoke: InternalTestLoggerEvents.SendTestResult: Invoking callback 1/1 for Microsoft.VisualStudio.TestPlatform.CommandLine.Internal.ConsoleLogger., took 3 ms.
TpTrace Verbose: 0 : 14588, 4, 2026/07/20, 18:09:09.538, 391384129268, vstest.console.dll, MulticastDelegateUtilities.SafeInvoke: InternalTestLoggerEvents.SendTestResult: Invoking callback 1/1 for Microsoft.VisualStudio.TestPlatform.CommandLine.Internal.ConsoleLogger., took 0 ms.
TpTrace Verbose: 0 : 14588, 4, 2026/07/20, 18:09:09.538, 391384131175, vstest.console.dll, MulticastDelegateUtilities.SafeInvoke: InternalTestLoggerEvents.SendTestResult: Invoking callback 1/1 for Microsoft.VisualStudio.TestPlatform.CommandLine.Internal.ConsoleLogger., took 0 ms.
TpTrace Verbose: 0 : 14588, 4, 2026/07/20, 18:09:09.538, 391384132358, vstest.console.dll, MulticastDelegateUtilities.SafeInvoke: InternalTestLoggerEvents.SendTestResult: Invoking callback 1/1 for Microsoft.VisualStudio.TestPlatform.CommandLine.Internal.ConsoleLogger., took 0 ms.
TpTrace Verbose: 0 : 14588, 4, 2026/07/20, 18:09:09.538, 391384133888, vstest.console.dll, MulticastDelegateUtilities.SafeInvoke: InternalTestLoggerEvents.SendTestResult: Invoking callback 1/1 for Microsoft.VisualStudio.TestPlatform.CommandLine.Internal.ConsoleLogger., took 0 ms.
TpTrace Verbose: 0 : 14588, 4, 2026/07/20, 18:09:09.539, 391384135035, vstest.console.dll, MulticastDelegateUtilities.SafeInvoke: InternalTestLoggerEvents.SendTestResult: Invoking callback 1/1 for Microsoft.VisualStudio.TestPlatform.CommandLine.Internal.ConsoleLogger., took 0 ms.
TpTrace Verbose: 0 : 14588, 4, 2026/07/20, 18:09:09.539, 391384135996, vstest.console.dll, MulticastDelegateUtilities.SafeInvoke: InternalTestLoggerEvents.SendTestResult: Invoking callback 1/1 for Microsoft.VisualStudio.TestPlatform.CommandLine.Internal.ConsoleLogger., took 0 ms.
TpTrace Verbose: 0 : 14588, 4, 2026/07/20, 18:09:09.539, 391384136918, vstest.console.dll, MulticastDelegateUtilities.SafeInvoke: InternalTestLoggerEvents.SendTestResult: Invoking callback 1/1 for Microsoft.VisualStudio.TestPlatform.CommandLine.Internal.ConsoleLogger., took 0 ms.
TpTrace Verbose: 0 : 14588, 7, 2026/07/20, 18:09:09.540, 391384150495, vstest.console.dll, TestRunRequest:SendTestRunStatsChange: Starting.
TpTrace Verbose: 0 : 14588, 7, 2026/07/20, 18:09:09.540, 391384152942, vstest.console.dll, InProgress is SharpMind.Tests.Data.JsonlSourceTests.ExtractsTextField
TpTrace Verbose: 0 : 14588, 7, 2026/07/20, 18:09:09.540, 391384154129, vstest.console.dll, InProgress is SharpMind.Tests.Data.DataLoaderIntegrationTests.Describe_ReturnsPipelineSummary
TpTrace Verbose: 0 : 14588, 7, 2026/07/20, 18:09:09.541, 391384155125, vstest.console.dll, MulticastDelegateUtilities.SafeInvoke: TestRun.RunStatsChanged: Invoking callbacks was skipped because there are no subscribers.
TpTrace Information: 0 : 14588, 7, 2026/07/20, 18:09:09.541, 391384155716, vstest.console.dll, TestRunRequest:SendTestRunStatsChange: Completed.
TpTrace Verbose: 0 : 14588, 7, 2026/07/20, 18:09:09.541, 391384156297, vstest.console.dll, MulticastDelegateUtilities.SafeInvoke: LengthPrefixCommunicationChannel: MessageReceived: Invoking callback 1/1 for Microsoft.VisualStudio.TestPlatform.CommunicationUtilities.TestRequestSender+<>c__DisplayClass34_0., took 6 ms.
TpTrace Verbose: 0 : 14588, 7, 2026/07/20, 18:09:09.541, 391384156926, vstest.console.dll, TcpClientExtensions.MessageLoopAsync: Polling on remoteEndPoint: 127.0.0.1:56030 localEndPoint: 127.0.0.1:56028 after 7 ms
TpTrace Verbose: 0 : 14588, 4, 2026/07/20, 18:09:09.543, 391384174282, vstest.console.dll, MulticastDelegateUtilities.SafeInvoke: InternalTestLoggerEvents.SendTestResult: Invoking callback 1/1 for Microsoft.VisualStudio.TestPlatform.CommandLine.Internal.ConsoleLogger., took 0 ms.
TpTrace Verbose: 0 : 14588, 4, 2026/07/20, 18:09:09.543, 391384183869, vstest.console.dll, MulticastDelegateUtilities.SafeInvoke: InternalTestLoggerEvents.SendTestResult: Invoking callback 1/1 for Microsoft.VisualStudio.TestPlatform.CommandLine.Internal.ConsoleLogger., took 0 ms.
TpTrace Verbose: 0 : 14588, 4, 2026/07/20, 18:09:09.544, 391384186151, vstest.console.dll, MulticastDelegateUtilities.SafeInvoke: InternalTestLoggerEvents.SendTestResult: Invoking callback 1/1 for Microsoft.VisualStudio.TestPlatform.CommandLine.Internal.ConsoleLogger., took 0 ms.
TpTrace Verbose: 0 : 14588, 4, 2026/07/20, 18:09:09.544, 391384186964, vstest.console.dll, MulticastDelegateUtilities.SafeInvoke: InternalTestLoggerEvents.SendTestResult: Invoking callback 1/1 for Microsoft.VisualStudio.TestPlatform.CommandLine.Internal.ConsoleLogger., took 0 ms.
TpTrace Verbose: 0 : 14588, 4, 2026/07/20, 18:09:09.544, 391384187799, vstest.console.dll, MulticastDelegateUtilities.SafeInvoke: InternalTestLoggerEvents.SendTestResult: Invoking callback 1/1 for Microsoft.VisualStudio.TestPlatform.CommandLine.Internal.ConsoleLogger., took 0 ms.
TpTrace Verbose: 0 : 14588, 4, 2026/07/20, 18:09:09.544, 391384188554, vstest.console.dll, MulticastDelegateUtilities.SafeInvoke: InternalTestLoggerEvents.SendTestResult: Invoking callback 1/1 for Microsoft.VisualStudio.TestPlatform.CommandLine.Internal.ConsoleLogger., took 0 ms.
TpTrace Verbose: 0 : 14588, 4, 2026/07/20, 18:09:09.544, 391384189416, vstest.console.dll, MulticastDelegateUtilities.SafeInvoke: InternalTestLoggerEvents.SendTestResult: Invoking callback 1/1 for Microsoft.VisualStudio.TestPlatform.CommandLine.Internal.ConsoleLogger., took 0 ms.
TpTrace Verbose: 0 : 14588, 4, 2026/07/20, 18:09:09.544, 391384190249, vstest.console.dll, MulticastDelegateUtilities.SafeInvoke: InternalTestLoggerEvents.SendTestResult: Invoking callback 1/1 for Microsoft.VisualStudio.TestPlatform.CommandLine.Internal.ConsoleLogger., took 0 ms.
TpTrace Verbose: 0 : 14588, 7, 2026/07/20, 18:09:09.569, 391384442789, vstest.console.dll, TcpClientExtensions.MessageLoopAsync: NotifyDataAvailable remoteEndPoint: 127.0.0.1:56030 localEndPoint: 127.0.0.1:56028
TpTrace Verbose: 0 : 14588, 7, 2026/07/20, 18:09:09.570, 391384447513, vstest.console.dll, TestRequestSender.OnExecutionMessageReceived: Received message: {"Version":7,"MessageType":"TestExecution.StatsChange","Payload":{"NewTestResults":[{"TestCase":{"Id":"fdbbe722-926c-2bb6-4d66-bb962d53e423","FullyQualifiedName":"SharpMind.Tests.Data.DataLoaderIntegrationTests.Describe_ReturnsPipelineSummary","DisplayName":"SharpMind.Tests.Data.DataLoaderIntegrationTests.Describe_ReturnsPipelineSummary","ExecutorUri":"executor://xunit/VsTestRunner3/netcore/","Source":"C:\\Integral2u\\source\\repos\\SharpMind\\SharpMind.Tests\\bin\\Debug\\net10.0\\SharpMind.Tests.dll","CodeFilePath":null,"LineNumber":0,"Properties":[{"Key":{"Id":"XunitTestCaseExplicit","Label":"xUnit.net Test Case Explicit Flag","Category":"","Description":"","Attributes":0,"ValueType":"System.Boolean"},"Value":false},{"Key":{"Id":"XunitTestCaseUniqueID","Label":"xUnit.net Test Case Unique ID","Category":"","Description":"","Attributes":0,"ValueType":"System.String"},"Value":"44ee66efcce6a93b057f50992e7f4bd6775fab6c"},{"Key":{"Id":"TestCase.ManagedMethod","Label":"ManagedMethod","Category":"","Description":"","Attributes":1,"ValueType":"System.String"},"Value":"Describe_ReturnsPipelineSummary"},{"Key":{"Id":"TestCase.ManagedType","Label":"ManagedType","Category":"","Description":"","Attributes":1,"ValueType":"System.String"},"Value":"SharpMind.Tests.Data.DataLoaderIntegrationTests"}]},"Attachments":[],"Outcome":1,"ErrorMessage":null,"ErrorStackTrace":null,"DisplayName":"SharpMind.Tests.Data.DataLoaderIntegrationTests.Describe_ReturnsPipelineSummary","Messages":[],"ComputerName":"LAPTOP-MKMTSO1B","Duration":"00:00:00.0645616","StartTime":"2026-07-20T06:09:09.5272458+00:00","EndTime":"2026-07-20T06:09:09.5478527+00:00","Properties":[]},{"TestCase":{"Id":"79ee7a83-e994-0a4e-e94a-a8894d5de997","FullyQualifiedName":"SharpMind.Tests.Data.BuiltInStageTests.StripHtml_DecodesEntities","DisplayName":"SharpMind.Tests.Data.BuiltInStageTests.StripHtml_DecodesEntities(entity: \"&gt;\", expected: \">\")","ExecutorUri":"executor://xunit/VsTestRunner3/netcore/","Source":"C:\\Integral2u\\source\\repos\\SharpMind\\SharpMind.Tests\\bin\\Debug\\net10.0\\SharpMind.Tests.dll","CodeFilePath":null,"LineNumber":0,"Properties":[{"Key":{"Id":"XunitTestCaseExplicit","Label":"xUnit.net Test Case Explicit Flag","Category":"","Description":"","Attributes":0,"ValueType":"System.Boolean"},"Value":false},{"Key":{"Id":"XunitTestCaseUniqueID","Label":"xUnit.net Test Case Unique ID","Category":"","Description":"","Attributes":0,"ValueType":"System.String"},"Value":"3596b17c18160fa676ea4a4b040a6f4b0a26b6ac"},{"Key":{"Id":"TestCase.ManagedMethod","Label":"ManagedMethod","Category":"","Description":"","Attributes":1,"ValueType":"System.String"},"Value":"StripHtml_DecodesEntities"},{"Key":{"Id":"TestCase.ManagedType","Label":"ManagedType","Category":"","Description":"","Attributes":1,"ValueType":"System.String"},"Value":"SharpMind.Tests.Data.BuiltInStageTests"}]},"Attachments":[],"Outcome":1,"ErrorMessage":null,"ErrorStackTrace":null,"DisplayName":"SharpMind.Tests.Data.BuiltInStageTests.StripHtml_DecodesEntities(entity: \"&gt;\", expected: \">\")","Messages":[],"ComputerName":"LAPTOP-MKMTSO1B","Duration":"00:00:00.0622443","StartTime":"2026-07-20T06:09:09.5296505+00:00","EndTime":"2026-07-20T06:09:09.5522247+00:00","Properties":[]},{"TestCase":{"Id":"c4a86f5a-4b3b-b5a7-8c86-9bdceaadb764","FullyQualifiedName":"SharpMind.Tests.Data.BuiltInStageTests.StripHtml_DecodesEntities","DisplayName":"SharpMind.Tests.Data.BuiltInStageTests.StripHtml_DecodesEntities(entity: \"&#65;\", expected: \"A\")","ExecutorUri":"executor://xunit/VsTestRunner3/netcore/","Source":"C:\\Integral2u\\source\\repos\\SharpMind\\SharpMind.Tests\\bin\\Debug\\net10.0\\SharpMind.Tests.dll","CodeFilePath":null,"LineNumber":0,"Properties":[{"Key":{"Id":"XunitTestCaseExplicit","Label":"xUnit.net Test Case Explicit Flag","Category":"","Description":"","Attributes":0,"ValueType":"System.Boolean"},"Value":false},{"Key":{"Id":"XunitTestCaseUniqueID","Label":"xUnit.net Test Case Unique ID","Category":"","Description":"","Attributes":0,"ValueType":"System.String"},"Value":"b60e3c0b79142db6d3c9f0273d65f250cfd18892"},{"Key":{"Id":"TestCase.ManagedMethod","Label":"ManagedMethod","Category":"","Description":"","Attributes":1,"ValueType":"System.String"},"Value":"StripHtml_DecodesEntities"},{"Key":{"Id":"TestCase.ManagedType","Label":"ManagedType","Category":"","Description":"","Attributes":1,"ValueType":"System.String"},"Value":"SharpMind.Tests.Data.BuiltInStageTests"}]},"Attachments":[],"Outcome":1,"ErrorMessage":null,"ErrorStackTrace":null,"DisplayName":"SharpMind.Tests.Data.BuiltInStageTests.StripHtml_DecodesEntities(entity: \"&#65;\", expected: \"A\")","Messages":[],"ComputerName":"LAPTOP-MKMTSO1B","Duration":"00:00:00.0010032","StartTime":"2026-07-20T06:09:09.5559653+00:00","EndTime":"2026-07-20T06:09:09.5561295+00:00","Properties":[]},{"TestCase":{"Id":"6bdab635-d883-b67c-03fa-3045f8dac0af","FullyQualifiedName":"SharpMind.Tests.Data.BuiltInStageTests.StripHtml_DecodesEntities","DisplayName":"SharpMind.Tests.Data.BuiltInStageTests.StripHtml_DecodesEntities(entity: \"&quot;\", expected: \"\\\"\")","ExecutorUri":"executor://xunit/VsTestRunner3/netcore/","Source":"C:\\Integral2u\\source\\repos\\SharpMind\\SharpMind.Tests\\bin\\Debug\\net10.0\\SharpMind.Tests.dll","CodeFilePath":null,"LineNumber":0,"Properties":[{"Key":{"Id":"XunitTestCaseExplicit","Label":"xUnit.net Test Case Explicit Flag","Category":"","Description":"","Attributes":0,"ValueType":"System.Boolean"},"Value":false},{"Key":{"Id":"XunitTestCaseUniqueID","Label":"xUnit.net Test Case Unique ID","Category":"","Description":"","Attributes":0,"ValueType":"System.String"},"Value":"d0119ec071ca72b4024c2319375cc354e4230539"},{"Key":{"Id":"TestCase.ManagedMethod","Label":"ManagedMethod","Category":"","Description":"","Attributes":1,"ValueType":"System.String"},"Value":"StripHtml_DecodesEntities"},{"Key":{"Id":"TestCase.ManagedType","Label":"ManagedType","Category":"","Description":"","Attributes":1,"ValueType":"System.String"},"Value":"SharpMind.Tests.Data.BuiltInStageTests"}]},"Attachments":[],"Outcome":1,"ErrorMessage":null,"ErrorStackTrace":null,"DisplayName":"SharpMind.Tests.Data.BuiltInStageTests.StripHtml_DecodesEntities(entity: \"&quot;\", expected: \"\\\"\")","Messages":[],"ComputerName":"LAPTOP-MKMTSO1B","Duration":"00:00:00.0000796","StartTime":"2026-07-20T06:09:09.5581173+00:00","EndTime":"2026-07-20T06:09:09.5582762+00:00","Properties":[]},{"TestCase":{"Id":"1a67229e-220b-441c-10ac-525c5adbbbd4","FullyQualifiedName":"SharpMind.Tests.Data.BuiltInStageTests.StripHtml_DecodesEntities","DisplayName":"SharpMind.Tests.Data.BuiltInStageTests.StripHtml_DecodesEntities(entity: \"&lt;\", expected: \"<\")","ExecutorUri":"executor://xunit/VsTestRunner3/netcore/","Source":"C:\\Integral2u\\source\\repos\\SharpMind\\SharpMind.Tests\\bin\\Debug\\net10.0\\SharpMind.Tests.dll","CodeFilePath":null,"LineNumber":0,"Properties":[{"Key":{"Id":"XunitTestCaseExplicit","Label":"xUnit.net Test Case Explicit Flag","Category":"","Description":"","Attributes":0,"ValueType":"System.Boolean"},"Value":false},{"Key":{"Id":"XunitTestCaseUniqueID","Label":"xUnit.net Test Case Unique ID","Category":"","Description":"","Attributes":0,"ValueType":"System.String"},"Value":"f36e79c7df60b166391ed83fe3ce7468bcd5eb2a"},{"Key":{"Id":"TestCase.ManagedMethod","Label":"ManagedMethod","Category":"","Description":"","Attributes":1,"ValueType":"System.String"},"Value":"StripHtml_DecodesEntities"},{"Key":{"Id":"TestCase.ManagedType","Label":"ManagedType","Category":"","Description":"","Attributes":1,"ValueType":"System.String"},"Value":"SharpMind.Tests.Data.BuiltInStageTests"}]},"Attachments":[],"Outcome":1,"ErrorMessage":null,"ErrorStackTrace":null,"DisplayName":"SharpMind.Tests.Data.BuiltInStageTests.StripHtml_DecodesEntities(entity: \"&lt;\", expected: \"<\")","Messages":[],"ComputerName":"LAPTOP-MKMTSO1B","Duration":"00:00:00.0000274","StartTime":"2026-07-20T06:09:09.5595164+00:00","EndTime":"2026-07-20T06:09:09.5598808+00:00","Properties":[]},{"TestCase":{"Id":"cc41c509-2953-4c90-41f0-5939318c8f38","FullyQualifiedName":"SharpMind.Tests.Data.BuiltInStageTests.StripHtml_DecodesEntities","DisplayName":"SharpMind.Tests.Data.BuiltInStageTests.StripHtml_DecodesEntities(entity: \"&amp;\", expected: \"&\")","ExecutorUri":"executor://xunit/VsTestRunner3/netcore/","Source":"C:\\Integral2u\\source\\repos\\SharpMind\\SharpMind.Tests\\bin\\Debug\\net10.0\\SharpMind.Tests.dll","CodeFilePath":null,"LineNumber":0,"Properties":[{"Key":{"Id":"XunitTestCaseExplicit","Label":"xUnit.net Test Case Explicit Flag","Category":"","Description":"","Attributes":0,"ValueType":"System.Boolean"},"Value":false},{"Key":{"Id":"XunitTestCaseUniqueID","Label":"xUnit.net Test Case Unique ID","Category":"","Description":"","Attributes":0,"ValueType":"System.String"},"Value":"f7639a19d3c80858d511a03f547ec2c6b7081684"},{"Key":{"Id":"TestCase.ManagedMethod","Label":"ManagedMethod","Category":"","Description":"","Attributes":1,"ValueType":"System.String"},"Value":"StripHtml_DecodesEntities"},{"Key":{"Id":"TestCase.ManagedType","Label":"ManagedType","Category":"","Description":"","Attributes":1,"ValueType":"System.String"},"Value":"SharpMind.Tests.Data.BuiltInStageTests"}]},"Attachments":[],"Outcome":1,"ErrorMessage":null,"ErrorStackTrace":null,"DisplayName":"SharpMind.Tests.Data.BuiltInStageTests.StripHtml_DecodesEntities(entity: \"&amp;\", expected: \"&\")","Messages":[],"ComputerName":"LAPTOP-MKMTSO1B","Duration":"00:00:00.0000250","StartTime":"2026-07-20T06:09:09.5611694+00:00","EndTime":"2026-07-20T06:09:09.5613318+00:00","Properties":[]},{"TestCase":{"Id":"5614bb67-3f7e-7560-7e4a-42912ee37d18","FullyQualifiedName":"SharpMind.Tests.Data.BuiltInStageTests.MaxLengthFilter_PassesShortEnough","DisplayName":"SharpMind.Tests.Data.BuiltInStageTests.MaxLengthFilter_PassesShortEnough","ExecutorUri":"executor://xunit/VsTestRunner3/netcore/","Source":"C:\\Integral2u\\source\\repos\\SharpMind\\SharpMind.Tests\\bin\\Debug\\net10.0\\SharpMind.Tests.dll","CodeFilePath":null,"LineNumber":0,"Properties":[{"Key":{"Id":"XunitTestCaseExplicit","Label":"xUnit.net Test Case Explicit Flag","Category":"","Description":"","Attributes":0,"ValueType":"System.Boolean"},"Value":false},{"Key":{"Id":"XunitTestCaseUniqueID","Label":"xUnit.net Test Case Unique ID","Category":"","Description":"","Attributes":0,"ValueType":"System.String"},"Value":"35b25f28fe8732d220a06c74f7c42f0d784f472c"},{"Key":{"Id":"TestCase.ManagedMethod","Label":"ManagedMethod","Category":"","Description":"","Attributes":1,"ValueType":"System.String"},"Value":"MaxLengthFilter_PassesShortEnough"},{"Key":{"Id":"TestCase.ManagedType","Label":"ManagedType","Category":"","Description":"","Attributes":1,"ValueType":"System.String"},"Value":"SharpMind.Tests.Data.BuiltInStageTests"}]},"Attachments":[],"Outcome":1,"ErrorMessage":null,"ErrorStackTrace":null,"DisplayName":"SharpMind.Tests.Data.BuiltInStageTests.MaxLengthFilter_PassesShortEnough","Messages":[],"ComputerName":"LAPTOP-MKMTSO1B","Duration":"00:00:00.0040204","StartTime":"2026-07-20T06:09:09.5625769+00:00","EndTime":"2026-07-20T06:09:09.5627098+00:00","Properties":[]},{"TestCase":{"Id":"dec045c0-dc2b-b6f5-2723-5ddca9b8f354","FullyQualifiedName":"SharpMind.Tests.Data.BuiltInStageTests.NormaliseWhitespace_AllWhitespace_ReturnsNull","DisplayName":"SharpMind.Tests.Data.BuiltInStageTests.NormaliseWhitespace_AllWhitespace_ReturnsNull","ExecutorUri":"executor://xunit/VsTestRunner3/netcore/","Source":"C:\\Integral2u\\source\\repos\\SharpMind\\SharpMind.Tests\\bin\\Debug\\net10.0\\SharpMind.Tests.dll","CodeFilePath":null,"LineNumber":0,"Properties":[{"Key":{"Id":"XunitTestCaseExplicit","Label":"xUnit.net Test Case Explicit Flag","Category":"","Description":"","Attributes":0,"ValueType":"System.Boolean"},"Value":false},{"Key":{"Id":"XunitTestCaseUniqueID","Label":"xUnit.net Test Case Unique ID","Category":"","Description":"","Attributes":0,"ValueType":"System.String"},"Value":"3a4943e26ba3dc32e86caa82ebbea3b9efa55484"},{"Key":{"Id":"TestCase.ManagedMethod","Label":"ManagedMethod","Category":"","Description":"","Attributes":1,"ValueType":"System.String"},"Value":"NormaliseWhitespace_AllWhitespace_ReturnsNull"},{"Key":{"Id":"TestCase.ManagedType","Label":"ManagedType","Category":"","Description":"","Attributes":1,"ValueType":"System.String"},"Value":"SharpMind.Tests.Data.BuiltInStageTests"}]},"Attachments":[],"Outcome":1,"ErrorMessage":null,"ErrorStackTrace":null,"DisplayName":"SharpMind.Tests.Data.BuiltInStageTests.NormaliseWhitespace_AllWhitespace_ReturnsNull","Messages":[],"ComputerName":"LAPTOP-MKMTSO1B","Duration":"00:00:00.0037916","StartTime":"2026-07-20T06:09:09.5648051+00:00","EndTime":"2026-07-20T06:09:09.565485+00:00","Properties":[]}],"TestRunStatistics":{"ExecutedTests":24,"Stats":{"Passed":24}},"ActiveTests":[{"Id":"1b214c5e-22f0-c9c8-7c39-e22fae94a63e","FullyQualifiedName":"SharpMind.Tests.Data.DataLoaderIntegrationTests.EndToEnd_Jsonl_SafetyStages","DisplayName":"SharpMind.Tests.Data.DataLoaderIntegrationTests.EndToEnd_Jsonl_SafetyStages","ExecutorUri":"executor://xunit/VsTestRunner3/netcore/","Source":"C:\\Integral2u\\source\\repos\\SharpMind\\SharpMind.Tests\\bin\\Debug\\net10.0\\SharpMind.Tests.dll","CodeFilePath":null,"LineNumber":0,"Properties":[{"Key":{"Id":"XunitTestCaseExplicit","Label":"xUnit.net Test Case Explicit Flag","Category":"","Description":"","Attributes":0,"ValueType":"System.Boolean"},"Value":false},{"Key":{"Id":"XunitTestCaseUniqueID","Label":"xUnit.net Test Case Unique ID","Category":"","Description":"","Attributes":0,"ValueType":"System.String"},"Value":"88646102ac73ef7a231b56cf20cccdeb8134c0f8"},{"Key":{"Id":"TestCase.ManagedMethod","Label":"ManagedMethod","Category":"","Description":"","Attributes":1,"ValueType":"System.String"},"Value":"EndToEnd_Jsonl_SafetyStages"},{"Key":{"Id":"TestCase.ManagedType","Label":"ManagedType","Category":"","Description":"","Attributes":1,"ValueType":"System.String"},"Value":"SharpMind.Tests.Data.DataLoaderIntegrationTests"}]},{"Id":"4ed07dcd-d2f7-128a-84d0-7b678e88bcea","FullyQualifiedName":"SharpMind.Tests.Data.BuiltInStageTests.LowerCase_LowercasesAll","DisplayName":"SharpMind.Tests.Data.BuiltInStageTests.LowerCase_LowercasesAll","ExecutorUri":"executor://xunit/VsTestRunner3/netcore/","Source":"C:\\Integral2u\\source\\repos\\SharpMind\\SharpMind.Tests\\bin\\Debug\\net10.0\\SharpMind.Tests.dll","CodeFilePath":null,"LineNumber":0,"Properties":[{"Key":{"Id":"XunitTestCaseExplicit","Label":"xUnit.net Test Case Explicit Flag","Category":"","Description":"","Attributes":0,"ValueType":"System.Boolean"},"Value":false},{"Key":{"Id":"XunitTestCaseUniqueID","Label":"xUnit.net Test Case Unique ID","Category":"","Description":"","Attributes":0,"ValueType":"System.String"},"Value":"4aac6f5d95eb648badc0844a32042280a3e5e621"},{"Key":{"Id":"TestCase.ManagedMethod","Label":"ManagedMethod","Category":"","Description":"","Attributes":1,"ValueType":"System.String"},"Value":"LowerCase_LowercasesAll"},{"Key":{"Id":"TestCase.ManagedType","Label":"ManagedType","Category":"","Description":"","Attributes":1,"ValueType":"System.String"},"Value":"SharpMind.Tests.Data.BuiltInStageTests"}]}]}}
TpTrace Verbose: 0 : 14588, 7, 2026/07/20, 18:09:09.575, 391384495993, vstest.console.dll, TestRunRequest:SendTestRunStatsChange: Starting.
TpTrace Verbose: 0 : 14588, 7, 2026/07/20, 18:09:09.575, 391384497273, vstest.console.dll, InProgress is SharpMind.Tests.Data.DataLoaderIntegrationTests.EndToEnd_Jsonl_SafetyStages
TpTrace Verbose: 0 : 14588, 7, 2026/07/20, 18:09:09.575, 391384498026, vstest.console.dll, InProgress is SharpMind.Tests.Data.BuiltInStageTests.LowerCase_LowercasesAll
TpTrace Verbose: 0 : 14588, 7, 2026/07/20, 18:09:09.575, 391384498971, vstest.console.dll, MulticastDelegateUtilities.SafeInvoke: TestRun.RunStatsChanged: Invoking callbacks was skipped because there are no subscribers.
TpTrace Information: 0 : 14588, 7, 2026/07/20, 18:09:09.575, 391384502874, vstest.console.dll, TestRunRequest:SendTestRunStatsChange: Completed.
TpTrace Verbose: 0 : 14588, 7, 2026/07/20, 18:09:09.575, 391384503637, vstest.console.dll, MulticastDelegateUtilities.SafeInvoke: LengthPrefixCommunicationChannel: MessageReceived: Invoking callback 1/1 for Microsoft.VisualStudio.TestPlatform.CommunicationUtilities.TestRequestSender+<>c__DisplayClass34_0., took 5 ms.
TpTrace Verbose: 0 : 14588, 4, 2026/07/20, 18:09:09.575, 391384499670, vstest.console.dll, MulticastDelegateUtilities.SafeInvoke: InternalTestLoggerEvents.SendTestResult: Invoking callback 1/1 for Microsoft.VisualStudio.TestPlatform.CommandLine.Internal.ConsoleLogger., took 0 ms.
TpTrace Verbose: 0 : 14588, 7, 2026/07/20, 18:09:09.576, 391384504728, vstest.console.dll, TcpClientExtensions.MessageLoopAsync: Polling on remoteEndPoint: 127.0.0.1:56030 localEndPoint: 127.0.0.1:56028 after 34 ms
TpTrace Verbose: 0 : 14588, 4, 2026/07/20, 18:09:09.576, 391384506195, vstest.console.dll, MulticastDelegateUtilities.SafeInvoke: InternalTestLoggerEvents.SendTestResult: Invoking callback 1/1 for Microsoft.VisualStudio.TestPlatform.CommandLine.Internal.ConsoleLogger., took 0 ms.
TpTrace Verbose: 0 : 14588, 4, 2026/07/20, 18:09:09.576, 391384507202, vstest.console.dll, MulticastDelegateUtilities.SafeInvoke: InternalTestLoggerEvents.SendTestResult: Invoking callback 1/1 for Microsoft.VisualStudio.TestPlatform.CommandLine.Internal.ConsoleLogger., took 0 ms.
TpTrace Verbose: 0 : 14588, 4, 2026/07/20, 18:09:09.576, 391384508020, vstest.console.dll, MulticastDelegateUtilities.SafeInvoke: InternalTestLoggerEvents.SendTestResult: Invoking callback 1/1 for Microsoft.VisualStudio.TestPlatform.CommandLine.Internal.ConsoleLogger., took 0 ms.
TpTrace Verbose: 0 : 14588, 4, 2026/07/20, 18:09:09.576, 391384508871, vstest.console.dll, MulticastDelegateUtilities.SafeInvoke: InternalTestLoggerEvents.SendTestResult: Invoking callback 1/1 for Microsoft.VisualStudio.TestPlatform.CommandLine.Internal.ConsoleLogger., took 0 ms.
TpTrace Verbose: 0 : 14588, 4, 2026/07/20, 18:09:09.576, 391384509715, vstest.console.dll, MulticastDelegateUtilities.SafeInvoke: InternalTestLoggerEvents.SendTestResult: Invoking callback 1/1 for Microsoft.VisualStudio.TestPlatform.CommandLine.Internal.ConsoleLogger., took 0 ms.
TpTrace Verbose: 0 : 14588, 4, 2026/07/20, 18:09:09.579, 391384535162, vstest.console.dll, MulticastDelegateUtilities.SafeInvoke: InternalTestLoggerEvents.SendTestResult: Invoking callback 1/1 for Microsoft.VisualStudio.TestPlatform.CommandLine.Internal.ConsoleLogger., took 2 ms.
TpTrace Verbose: 0 : 14588, 4, 2026/07/20, 18:09:09.579, 391384537356, vstest.console.dll, MulticastDelegateUtilities.SafeInvoke: InternalTestLoggerEvents.SendTestResult: Invoking callback 1/1 for Microsoft.VisualStudio.TestPlatform.CommandLine.Internal.ConsoleLogger., took 0 ms.
TpTrace Verbose: 0 : 14588, 7, 2026/07/20, 18:09:09.595, 391384699434, vstest.console.dll, TcpClientExtensions.MessageLoopAsync: NotifyDataAvailable remoteEndPoint: 127.0.0.1:56030 localEndPoint: 127.0.0.1:56028
TpTrace Verbose: 0 : 14588, 7, 2026/07/20, 18:09:09.595, 391384703861, vstest.console.dll, TestRequestSender.OnExecutionMessageReceived: Received message: {"Version":7,"MessageType":"TestExecution.StatsChange","Payload":{"NewTestResults":[{"TestCase":{"Id":"4ed07dcd-d2f7-128a-84d0-7b678e88bcea","FullyQualifiedName":"SharpMind.Tests.Data.BuiltInStageTests.LowerCase_LowercasesAll","DisplayName":"SharpMind.Tests.Data.BuiltInStageTests.LowerCase_LowercasesAll","ExecutorUri":"executor://xunit/VsTestRunner3/netcore/","Source":"C:\\Integral2u\\source\\repos\\SharpMind\\SharpMind.Tests\\bin\\Debug\\net10.0\\SharpMind.Tests.dll","CodeFilePath":null,"LineNumber":0,"Properties":[{"Key":{"Id":"XunitTestCaseExplicit","Label":"xUnit.net Test Case Explicit Flag","Category":"","Description":"","Attributes":0,"ValueType":"System.Boolean"},"Value":false},{"Key":{"Id":"XunitTestCaseUniqueID","Label":"xUnit.net Test Case Unique ID","Category":"","Description":"","Attributes":0,"ValueType":"System.String"},"Value":"4aac6f5d95eb648badc0844a32042280a3e5e621"},{"Key":{"Id":"TestCase.ManagedMethod","Label":"ManagedMethod","Category":"","Description":"","Attributes":1,"ValueType":"System.String"},"Value":"LowerCase_LowercasesAll"},{"Key":{"Id":"TestCase.ManagedType","Label":"ManagedType","Category":"","Description":"","Attributes":1,"ValueType":"System.String"},"Value":"SharpMind.Tests.Data.BuiltInStageTests"}]},"Attachments":[],"Outcome":1,"ErrorMessage":null,"ErrorStackTrace":null,"DisplayName":"SharpMind.Tests.Data.BuiltInStageTests.LowerCase_LowercasesAll","Messages":[],"ComputerName":"LAPTOP-MKMTSO1B","Duration":"00:00:00.0023006","StartTime":"2026-07-20T06:09:09.5701393+00:00","EndTime":"2026-07-20T06:09:09.5703341+00:00","Properties":[]},{"TestCase":{"Id":"84808440-86f5-60e4-cb94-6572195458c8","FullyQualifiedName":"SharpMind.Tests.Data.BuiltInStageTests.DeduplicateFilter_WindowEvicts_AllowsRepeatAfterWindow","DisplayName":"SharpMind.Tests.Data.BuiltInStageTests.DeduplicateFilter_WindowEvicts_AllowsRepeatAfterWindow","ExecutorUri":"executor://xunit/VsTestRunner3/netcore/","Source":"C:\\Integral2u\\source\\repos\\SharpMind\\SharpMind.Tests\\bin\\Debug\\net10.0\\SharpMind.Tests.dll","CodeFilePath":null,"LineNumber":0,"Properties":[{"Key":{"Id":"XunitTestCaseExplicit","Label":"xUnit.net Test Case Explicit Flag","Category":"","Description":"","Attributes":0,"ValueType":"System.Boolean"},"Value":false},{"Key":{"Id":"XunitTestCaseUniqueID","Label":"xUnit.net Test Case Unique ID","Category":"","Description":"","Attributes":0,"ValueType":"System.String"},"Value":"4ab995d43b35792f96ffe2a4e224a99a3f5bb3bd"},{"Key":{"Id":"TestCase.ManagedMethod","Label":"ManagedMethod","Category":"","Description":"","Attributes":1,"ValueType":"System.String"},"Value":"DeduplicateFilter_WindowEvicts_AllowsRepeatAfterWindow"},{"Key":{"Id":"TestCase.ManagedType","Label":"ManagedType","Category":"","Description":"","Attributes":1,"ValueType":"System.String"},"Value":"SharpMind.Tests.Data.BuiltInStageTests"}]},"Attachments":[],"Outcome":1,"ErrorMessage":null,"ErrorStackTrace":null,"DisplayName":"SharpMind.Tests.Data.BuiltInStageTests.DeduplicateFilter_WindowEvicts_AllowsRepeatAfterWindow","Messages":[],"ComputerName":"LAPTOP-MKMTSO1B","Duration":"00:00:00.0020473","StartTime":"2026-07-20T06:09:09.5713954+00:00","EndTime":"2026-07-20T06:09:09.571543+00:00","Properties":[]},{"TestCase":{"Id":"69dbae44-0389-d8a3-4280-21dc1708c10c","FullyQualifiedName":"SharpMind.Tests.Data.BuiltInStageTests.NormaliseWhitespace_NormalisesNewlinesAndTabs","DisplayName":"SharpMind.Tests.Data.BuiltInStageTests.NormaliseWhitespace_NormalisesNewlinesAndTabs","ExecutorUri":"executor://xunit/VsTestRunner3/netcore/","Source":"C:\\Integral2u\\source\\repos\\SharpMind\\SharpMind.Tests\\bin\\Debug\\net10.0\\SharpMind.Tests.dll","CodeFilePath":null,"LineNumber":0,"Properties":[{"Key":{"Id":"XunitTestCaseExplicit","Label":"xUnit.net Test Case Explicit Flag","Category":"","Description":"","Attributes":0,"ValueType":"System.Boolean"},"Value":false},{"Key":{"Id":"XunitTestCaseUniqueID","Label":"xUnit.net Test Case Unique ID","Category":"","Description":"","Attributes":0,"ValueType":"System.String"},"Value":"72d460163d41d22852f33d4610ea90ca53741a11"},{"Key":{"Id":"TestCase.ManagedMethod","Label":"ManagedMethod","Category":"","Description":"","Attributes":1,"ValueType":"System.String"},"Value":"NormaliseWhitespace_NormalisesNewlinesAndTabs"},{"Key":{"Id":"TestCase.ManagedType","Label":"ManagedType","Category":"","Description":"","Attributes":1,"ValueType":"System.String"},"Value":"SharpMind.Tests.Data.BuiltInStageTests"}]},"Attachments":[],"Outcome":1,"ErrorMessage":null,"ErrorStackTrace":null,"DisplayName":"SharpMind.Tests.Data.BuiltInStageTests.NormaliseWhitespace_NormalisesNewlinesAndTabs","Messages":[],"ComputerName":"LAPTOP-MKMTSO1B","Duration":"00:00:00.0023628","StartTime":"2026-07-20T06:09:09.5724985+00:00","EndTime":"2026-07-20T06:09:09.5726531+00:00","Properties":[]},{"TestCase":{"Id":"20f2f444-eef0-0bcd-54dd-0e4dff758eb2","FullyQualifiedName":"SharpMind.Tests.Data.BuiltInStageTests.RegexFilter_DiscardsMatching","DisplayName":"SharpMind.Tests.Data.BuiltInStageTests.RegexFilter_DiscardsMatching","ExecutorUri":"executor://xunit/VsTestRunner3/netcore/","Source":"C:\\Integral2u\\source\\repos\\SharpMind\\SharpMind.Tests\\bin\\Debug\\net10.0\\SharpMind.Tests.dll","CodeFilePath":null,"LineNumber":0,"Properties":[{"Key":{"Id":"XunitTestCaseExplicit","Label":"xUnit.net Test Case Explicit Flag","Category":"","Description":"","Attributes":0,"ValueType":"System.Boolean"},"Value":false},{"Key":{"Id":"XunitTestCaseUniqueID","Label":"xUnit.net Test Case Unique ID","Category":"","Description":"","Attributes":0,"ValueType":"System.String"},"Value":"731f8aed26004c6d722ca842ac5c3b2b74c62c7e"},{"Key":{"Id":"TestCase.ManagedMethod","Label":"ManagedMethod","Category":"","Description":"","Attributes":1,"ValueType":"System.String"},"Value":"RegexFilter_DiscardsMatching"},{"Key":{"Id":"TestCase.ManagedType","Label":"ManagedType","Category":"","Description":"","Attributes":1,"ValueType":"System.String"},"Value":"SharpMind.Tests.Data.BuiltInStageTests"}]},"Attachments":[],"Outcome":1,"ErrorMessage":null,"ErrorStackTrace":null,"DisplayName":"SharpMind.Tests.Data.BuiltInStageTests.RegexFilter_DiscardsMatching","Messages":[],"ComputerName":"LAPTOP-MKMTSO1B","Duration":"00:00:00.0117389","StartTime":"2026-07-20T06:09:09.5735289+00:00","EndTime":"2026-07-20T06:09:09.5736835+00:00","Properties":[]},{"TestCase":{"Id":"73bbc73c-17ee-9c0b-0e4d-bca037824d1c","FullyQualifiedName":"SharpMind.Tests.Data.BuiltInStageTests.RegexKeepFilter_KeepsOnlyMatching","DisplayName":"SharpMind.Tests.Data.BuiltInStageTests.RegexKeepFilter_KeepsOnlyMatching","ExecutorUri":"executor://xunit/VsTestRunner3/netcore/","Source":"C:\\Integral2u\\source\\repos\\SharpMind\\SharpMind.Tests\\bin\\Debug\\net10.0\\SharpMind.Tests.dll","CodeFilePath":null,"LineNumber":0,"Properties":[{"Key":{"Id":"XunitTestCaseExplicit","Label":"xUnit.net Test Case Explicit Flag","Category":"","Description":"","Attributes":0,"ValueType":"System.Boolean"},"Value":false},{"Key":{"Id":"XunitTestCaseUniqueID","Label":"xUnit.net Test Case Unique ID","Category":"","Description":"","Attributes":0,"ValueType":"System.String"},"Value":"8a3af269e653afde02e26d7cbecfa26e149a59cd"},{"Key":{"Id":"TestCase.ManagedMethod","Label":"ManagedMethod","Category":"","Description":"","Attributes":1,"ValueType":"System.String"},"Value":"RegexKeepFilter_KeepsOnlyMatching"},{"Key":{"Id":"TestCase.ManagedType","Label":"ManagedType","Category":"","Description":"","Attributes":1,"ValueType":"System.String"},"Value":"SharpMind.Tests.Data.BuiltInStageTests"}]},"Attachments":[],"Outcome":1,"ErrorMessage":null,"ErrorStackTrace":null,"DisplayName":"SharpMind.Tests.Data.BuiltInStageTests.RegexKeepFilter_KeepsOnlyMatching","Messages":[],"ComputerName":"LAPTOP-MKMTSO1B","Duration":"00:00:00.0080004","StartTime":"2026-07-20T06:09:09.5763381+00:00","EndTime":"2026-07-20T06:09:09.5765041+00:00","Properties":[]},{"TestCase":{"Id":"95b19260-c097-7761-8459-8862d9c68255","FullyQualifiedName":"SharpMind.Tests.Data.BuiltInStageTests.NormaliseWhitespace_CollapsesRuns","DisplayName":"SharpMind.Tests.Data.BuiltInStageTests.NormaliseWhitespace_CollapsesRuns","ExecutorUri":"executor://xunit/VsTestRunner3/netcore/","Source":"C:\\Integral2u\\source\\repos\\SharpMind\\SharpMind.Tests\\bin\\Debug\\net10.0\\SharpMind.Tests.dll","CodeFilePath":null,"LineNumber":0,"Properties":[{"Key":{"Id":"XunitTestCaseExplicit","Label":"xUnit.net Test Case Explicit Flag","Category":"","Description":"","Attributes":0,"ValueType":"System.Boolean"},"Value":false},{"Key":{"Id":"XunitTestCaseUniqueID","Label":"xUnit.net Test Case Unique ID","Category":"","Description":"","Attributes":0,"ValueType":"System.String"},"Value":"9cf01496017f65b6c9ea7f615fcf951cdfbc6328"},{"Key":{"Id":"TestCase.ManagedMethod","Label":"ManagedMethod","Category":"","Description":"","Attributes":1,"ValueType":"System.String"},"Value":"NormaliseWhitespace_CollapsesRuns"},{"Key":{"Id":"TestCase.ManagedType","Label":"ManagedType","Category":"","Description":"","Attributes":1,"ValueType":"System.String"},"Value":"SharpMind.Tests.Data.BuiltInStageTests"}]},"Attachments":[],"Outcome":1,"ErrorMessage":null,"ErrorStackTrace":null,"DisplayName":"SharpMind.Tests.Data.BuiltInStageTests.NormaliseWhitespace_CollapsesRuns","Messages":[],"ComputerName":"LAPTOP-MKMTSO1B","Duration":"00:00:00.0004867","StartTime":"2026-07-20T06:09:09.5773087+00:00","EndTime":"2026-07-20T06:09:09.5774502+00:00","Properties":[]},{"TestCase":{"Id":"0c880b39-4192-0e65-b65a-a3f181eeab9f","FullyQualifiedName":"SharpMind.Tests.Data.BuiltInStageTests.MinLengthFilter_PassesLongEnough","DisplayName":"SharpMind.Tests.Data.BuiltInStageTests.MinLengthFilter_PassesLongEnough","ExecutorUri":"executor://xunit/VsTestRunner3/netcore/","Source":"C:\\Integral2u\\source\\repos\\SharpMind\\SharpMind.Tests\\bin\\Debug\\net10.0\\SharpMind.Tests.dll","CodeFilePath":null,"LineNumber":0,"Properties":[{"Key":{"Id":"XunitTestCaseExplicit","Label":"xUnit.net Test Case Explicit Flag","Category":"","Description":"","Attributes":0,"ValueType":"System.Boolean"},"Value":false},{"Key":{"Id":"XunitTestCaseUniqueID","Label":"xUnit.net Test Case Unique ID","Category":"","Description":"","Attributes":0,"ValueType":"System.String"},"Value":"9d3efa79f814ae2492eb32c572648c96f50b65fa"},{"Key":{"Id":"TestCase.ManagedMethod","Label":"ManagedMethod","Category":"","Description":"","Attributes":1,"ValueType":"System.String"},"Value":"MinLengthFilter_PassesLongEnough"},{"Key":{"Id":"TestCase.ManagedType","Label":"ManagedType","Category":"","Description":"","Attributes":1,"ValueType":"System.String"},"Value":"SharpMind.Tests.Data.BuiltInStageTests"}]},"Attachments":[],"Outcome":1,"ErrorMessage":null,"ErrorStackTrace":null,"DisplayName":"SharpMind.Tests.Data.BuiltInStageTests.MinLengthFilter_PassesLongEnough","Messages":[],"ComputerName":"LAPTOP-MKMTSO1B","Duration":"00:00:00.0013586","StartTime":"2026-07-20T06:09:09.5783634+00:00","EndTime":"2026-07-20T06:09:09.5785083+00:00","Properties":[]},{"TestCase":{"Id":"9e4d64f6-d9cd-7c8d-a65e-3404b1d18e65","FullyQualifiedName":"SharpMind.Tests.Data.BuiltInStageTests.MaxLengthFilter_DiscardsLong","DisplayName":"SharpMind.Tests.Data.BuiltInStageTests.MaxLengthFilter_DiscardsLong","ExecutorUri":"executor://xunit/VsTestRunner3/netcore/","Source":"C:\\Integral2u\\source\\repos\\SharpMind\\SharpMind.Tests\\bin\\Debug\\net10.0\\SharpMind.Tests.dll","CodeFilePath":null,"LineNumber":0,"Properties":[{"Key":{"Id":"XunitTestCaseExplicit","Label":"xUnit.net Test Case Explicit Flag","Category":"","Description":"","Attributes":0,"ValueType":"System.Boolean"},"Value":false},{"Key":{"Id":"XunitTestCaseUniqueID","Label":"xUnit.net Test Case Unique ID","Category":"","Description":"","Attributes":0,"ValueType":"System.String"},"Value":"a2e2deedea8aff3efb96725200b6e470baecc64d"},{"Key":{"Id":"TestCase.ManagedMethod","Label":"ManagedMethod","Category":"","Description":"","Attributes":1,"ValueType":"System.String"},"Value":"MaxLengthFilter_DiscardsLong"},{"Key":{"Id":"TestCase.ManagedType","Label":"ManagedType","Category":"","Description":"","Attributes":1,"ValueType":"System.String"},"Value":"SharpMind.Tests.Data.BuiltInStageTests"}]},"Attachments":[],"Outcome":1,"ErrorMessage":null,"ErrorStackTrace":null,"DisplayName":"SharpMind.Tests.Data.BuiltInStageTests.MaxLengthFilter_DiscardsLong","Messages":[],"ComputerName":"LAPTOP-MKMTSO1B","Duration":"00:00:00.0002417","StartTime":"2026-07-20T06:09:09.582815+00:00","EndTime":"2026-07-20T06:09:09.5829953+00:00","Properties":[]},{"TestCase":{"Id":"4fdd8bce-90cb-78a1-3f81-81dfa53b490f","FullyQualifiedName":"SharpMind.Tests.Data.BuiltInStageTests.DeduplicateFilter_DropsDuplicates","DisplayName":"SharpMind.Tests.Data.BuiltInStageTests.DeduplicateFilter_DropsDuplicates","ExecutorUri":"executor://xunit/VsTestRunner3/netcore/","Source":"C:\\Integral2u\\source\\repos\\SharpMind\\SharpMind.Tests\\bin\\Debug\\net10.0\\SharpMind.Tests.dll","CodeFilePath":null,"LineNumber":0,"Properties":[{"Key":{"Id":"XunitTestCaseExplicit","Label":"xUnit.net Test Case Explicit Flag","Category":"","Description":"","Attributes":0,"ValueType":"System.Boolean"},"Value":false},{"Key":{"Id":"XunitTestCaseUniqueID","Label":"xUnit.net Test Case Unique ID","Category":"","Description":"","Attributes":0,"ValueType":"System.String"},"Value":"b61e820814451afa3902887ab0809bf33075c2e4"},{"Key":{"Id":"TestCase.ManagedMethod","Label":"ManagedMethod","Category":"","Description":"","Attributes":1,"ValueType":"System.String"},"Value":"DeduplicateFilter_DropsDuplicates"},{"Key":{"Id":"TestCase.ManagedType","Label":"ManagedType","Category":"","Description":"","Attributes":1,"ValueType":"System.String"},"Value":"SharpMind.Tests.Data.BuiltInStageTests"}]},"Attachments":[],"Outcome":1,"ErrorMessage":null,"ErrorStackTrace":null,"DisplayName":"SharpMind.Tests.Data.BuiltInStageTests.DeduplicateFilter_DropsDuplicates","Messages":[],"ComputerName":"LAPTOP-MKMTSO1B","Duration":"00:00:00.0002535","StartTime":"2026-07-20T06:09:09.5847355+00:00","EndTime":"2026-07-20T06:09:09.5848731+00:00","Properties":[]}],"TestRunStatistics":{"ExecutedTests":33,"Stats":{"Passed":33}},"ActiveTests":[{"Id":"cf8e7f1a-757a-5394-2373-283f782a32dd","FullyQualifiedName":"SharpMind.Tests.Data.BuiltInStageTests.MinLengthFilter_DiscardsShort","DisplayName":"SharpMind.Tests.Data.BuiltInStageTests.MinLengthFilter_DiscardsShort","ExecutorUri":"executor://xunit/VsTestRunner3/netcore/","Source":"C:\\Integral2u\\source\\repos\\SharpMind\\SharpMind.Tests\\bin\\Debug\\net10.0\\SharpMind.Tests.dll","CodeFilePath":null,"LineNumber":0,"Properties":[{"Key":{"Id":"XunitTestCaseExplicit","Label":"xUnit.net Test Case Explicit Flag","Category":"","Description":"","Attributes":0,"ValueType":"System.Boolean"},"Value":false},{"Key":{"Id":"XunitTestCaseUniqueID","Label":"xUnit.net Test Case Unique ID","Category":"","Description":"","Attributes":0,"ValueType":"System.String"},"Value":"dc78b4c16c708732f2c5bc91918f68aae848e767"},{"Key":{"Id":"TestCase.ManagedMethod","Label":"ManagedMethod","Category":"","Description":"","Attributes":1,"ValueType":"System.String"},"Value":"MinLengthFilter_DiscardsShort"},{"Key":{"Id":"TestCase.ManagedType","Label":"ManagedType","Category":"","Description":"","Attributes":1,"ValueType":"System.String"},"Value":"SharpMind.Tests.Data.BuiltInStageTests"}]}]}}
TpTrace Verbose: 0 : 14588, 7, 2026/07/20, 18:09:09.600, 391384750440, vstest.console.dll, TestRunRequest:SendTestRunStatsChange: Starting.
TpTrace Verbose: 0 : 14588, 7, 2026/07/20, 18:09:09.600, 391384752458, vstest.console.dll, InProgress is SharpMind.Tests.Data.BuiltInStageTests.MinLengthFilter_DiscardsShort
TpTrace Verbose: 0 : 14588, 7, 2026/07/20, 18:09:09.600, 391384753409, vstest.console.dll, MulticastDelegateUtilities.SafeInvoke: TestRun.RunStatsChanged: Invoking callbacks was skipped because there are no subscribers.
TpTrace Information: 0 : 14588, 7, 2026/07/20, 18:09:09.600, 391384753889, vstest.console.dll, TestRunRequest:SendTestRunStatsChange: Completed.
TpTrace Verbose: 0 : 14588, 7, 2026/07/20, 18:09:09.601, 391384754321, vstest.console.dll, MulticastDelegateUtilities.SafeInvoke: LengthPrefixCommunicationChannel: MessageReceived: Invoking callback 1/1 for Microsoft.VisualStudio.TestPlatform.CommunicationUtilities.TestRequestSender+<>c__DisplayClass34_0., took 5 ms.
TpTrace Verbose: 0 : 14588, 7, 2026/07/20, 18:09:09.601, 391384754856, vstest.console.dll, TcpClientExtensions.MessageLoopAsync: Polling on remoteEndPoint: 127.0.0.1:56030 localEndPoint: 127.0.0.1:56028 after 24 ms
TpTrace Verbose: 0 : 14588, 4, 2026/07/20, 18:09:09.601, 391384756778, vstest.console.dll, MulticastDelegateUtilities.SafeInvoke: InternalTestLoggerEvents.SendTestResult: Invoking callback 1/1 for Microsoft.VisualStudio.TestPlatform.CommandLine.Internal.ConsoleLogger., took 0 ms.
TpTrace Verbose: 0 : 14588, 4, 2026/07/20, 18:09:09.601, 391384757751, vstest.console.dll, MulticastDelegateUtilities.SafeInvoke: InternalTestLoggerEvents.SendTestResult: Invoking callback 1/1 for Microsoft.VisualStudio.TestPlatform.CommandLine.Internal.ConsoleLogger., took 0 ms.
TpTrace Verbose: 0 : 14588, 4, 2026/07/20, 18:09:09.601, 391384758816, vstest.console.dll, MulticastDelegateUtilities.SafeInvoke: InternalTestLoggerEvents.SendTestResult: Invoking callback 1/1 for Microsoft.VisualStudio.TestPlatform.CommandLine.Internal.ConsoleLogger., took 0 ms.
TpTrace Verbose: 0 : 14588, 4, 2026/07/20, 18:09:09.601, 391384759600, vstest.console.dll, MulticastDelegateUtilities.SafeInvoke: InternalTestLoggerEvents.SendTestResult: Invoking callback 1/1 for Microsoft.VisualStudio.TestPlatform.CommandLine.Internal.ConsoleLogger., took 0 ms.
TpTrace Verbose: 0 : 14588, 4, 2026/07/20, 18:09:09.601, 391384760475, vstest.console.dll, MulticastDelegateUtilities.SafeInvoke: InternalTestLoggerEvents.SendTestResult: Invoking callback 1/1 for Microsoft.VisualStudio.TestPlatform.CommandLine.Internal.ConsoleLogger., took 0 ms.
TpTrace Verbose: 0 : 14588, 4, 2026/07/20, 18:09:09.601, 391384761794, vstest.console.dll, MulticastDelegateUtilities.SafeInvoke: InternalTestLoggerEvents.SendTestResult: Invoking callback 1/1 for Microsoft.VisualStudio.TestPlatform.CommandLine.Internal.ConsoleLogger., took 0 ms.
TpTrace Verbose: 0 : 14588, 4, 2026/07/20, 18:09:09.601, 391384762592, vstest.console.dll, MulticastDelegateUtilities.SafeInvoke: InternalTestLoggerEvents.SendTestResult: Invoking callback 1/1 for Microsoft.VisualStudio.TestPlatform.CommandLine.Internal.ConsoleLogger., took 0 ms.
TpTrace Verbose: 0 : 14588, 4, 2026/07/20, 18:09:09.601, 391384763316, vstest.console.dll, MulticastDelegateUtilities.SafeInvoke: InternalTestLoggerEvents.SendTestResult: Invoking callback 1/1 for Microsoft.VisualStudio.TestPlatform.CommandLine.Internal.ConsoleLogger., took 0 ms.
TpTrace Verbose: 0 : 14588, 4, 2026/07/20, 18:09:09.601, 391384764143, vstest.console.dll, MulticastDelegateUtilities.SafeInvoke: InternalTestLoggerEvents.SendTestResult: Invoking callback 1/1 for Microsoft.VisualStudio.TestPlatform.CommandLine.Internal.ConsoleLogger., took 0 ms.
TpTrace Verbose: 0 : 14588, 7, 2026/07/20, 18:09:09.709, 391385842245, vstest.console.dll, TcpClientExtensions.MessageLoopAsync: NotifyDataAvailable remoteEndPoint: 127.0.0.1:56030 localEndPoint: 127.0.0.1:56028
TpTrace Verbose: 0 : 14588, 7, 2026/07/20, 18:09:09.710, 391385849872, vstest.console.dll, TestRequestSender.OnExecutionMessageReceived: Received message: {"Version":7,"MessageType":"TestExecution.StatsChange","Payload":{"NewTestResults":[{"TestCase":{"Id":"cf8e7f1a-757a-5394-2373-283f782a32dd","FullyQualifiedName":"SharpMind.Tests.Data.BuiltInStageTests.MinLengthFilter_DiscardsShort","DisplayName":"SharpMind.Tests.Data.BuiltInStageTests.MinLengthFilter_DiscardsShort","ExecutorUri":"executor://xunit/VsTestRunner3/netcore/","Source":"C:\\Integral2u\\source\\repos\\SharpMind\\SharpMind.Tests\\bin\\Debug\\net10.0\\SharpMind.Tests.dll","CodeFilePath":null,"LineNumber":0,"Properties":[{"Key":{"Id":"XunitTestCaseExplicit","Label":"xUnit.net Test Case Explicit Flag","Category":"","Description":"","Attributes":0,"ValueType":"System.Boolean"},"Value":false},{"Key":{"Id":"XunitTestCaseUniqueID","Label":"xUnit.net Test Case Unique ID","Category":"","Description":"","Attributes":0,"ValueType":"System.String"},"Value":"dc78b4c16c708732f2c5bc91918f68aae848e767"},{"Key":{"Id":"TestCase.ManagedMethod","Label":"ManagedMethod","Category":"","Description":"","Attributes":1,"ValueType":"System.String"},"Value":"MinLengthFilter_DiscardsShort"},{"Key":{"Id":"TestCase.ManagedType","Label":"ManagedType","Category":"","Description":"","Attributes":1,"ValueType":"System.String"},"Value":"SharpMind.Tests.Data.BuiltInStageTests"}]},"Attachments":[],"Outcome":1,"ErrorMessage":null,"ErrorStackTrace":null,"DisplayName":"SharpMind.Tests.Data.BuiltInStageTests.MinLengthFilter_DiscardsShort","Messages":[],"ComputerName":"LAPTOP-MKMTSO1B","Duration":"00:00:00.0002628","StartTime":"2026-07-20T06:09:09.5960373+00:00","EndTime":"2026-07-20T06:09:09.5962128+00:00","Properties":[]},{"TestCase":{"Id":"d354bda7-095c-dc41-e6c0-6b79b54f0560","FullyQualifiedName":"SharpMind.Tests.Data.BuiltInStageTests.StripHtml_RemovesTags","DisplayName":"SharpMind.Tests.Data.BuiltInStageTests.StripHtml_RemovesTags","ExecutorUri":"executor://xunit/VsTestRunner3/netcore/","Source":"C:\\Integral2u\\source\\repos\\SharpMind\\SharpMind.Tests\\bin\\Debug\\net10.0\\SharpMind.Tests.dll","CodeFilePath":null,"LineNumber":0,"Properties":[{"Key":{"Id":"XunitTestCaseExplicit","Label":"xUnit.net Test Case Explicit Flag","Category":"","Description":"","Attributes":0,"ValueType":"System.Boolean"},"Value":false},{"Key":{"Id":"XunitTestCaseUniqueID","Label":"xUnit.net Test Case Unique ID","Category":"","Description":"","Attributes":0,"ValueType":"System.String"},"Value":"f03e616fc4a71d3e170796cef245f41d995da31c"},{"Key":{"Id":"TestCase.ManagedMethod","Label":"ManagedMethod","Category":"","Description":"","Attributes":1,"ValueType":"System.String"},"Value":"StripHtml_RemovesTags"},{"Key":{"Id":"TestCase.ManagedType","Label":"ManagedType","Category":"","Description":"","Attributes":1,"ValueType":"System.String"},"Value":"SharpMind.Tests.Data.BuiltInStageTests"}]},"Attachments":[],"Outcome":1,"ErrorMessage":null,"ErrorStackTrace":null,"DisplayName":"SharpMind.Tests.Data.BuiltInStageTests.StripHtml_RemovesTags","Messages":[],"ComputerName":"LAPTOP-MKMTSO1B","Duration":"00:00:00.0025281","StartTime":"2026-07-20T06:09:09.6455248+00:00","EndTime":"2026-07-20T06:09:09.6456906+00:00","Properties":[]},{"TestCase":{"Id":"ca0032fc-56ba-64c4-5759-ec6b063d70c7","FullyQualifiedName":"SharpMind.Tests.Data.JsonlSourceTests.ExtractsTextField","DisplayName":"SharpMind.Tests.Data.JsonlSourceTests.ExtractsTextField","ExecutorUri":"executor://xunit/VsTestRunner3/netcore/","Source":"C:\\Integral2u\\source\\repos\\SharpMind\\SharpMind.Tests\\bin\\Debug\\net10.0\\SharpMind.Tests.dll","CodeFilePath":null,"LineNumber":0,"Properties":[{"Key":{"Id":"XunitTestCaseExplicit","Label":"xUnit.net Test Case Explicit Flag","Category":"","Description":"","Attributes":0,"ValueType":"System.Boolean"},"Value":false},{"Key":{"Id":"XunitTestCaseUniqueID","Label":"xUnit.net Test Case Unique ID","Category":"","Description":"","Attributes":0,"ValueType":"System.String"},"Value":"081c3f6c864daca7d28db3aeacf88c9c0ea421b4"},{"Key":{"Id":"TestCase.ManagedMethod","Label":"ManagedMethod","Category":"","Description":"","Attributes":1,"ValueType":"System.String"},"Value":"ExtractsTextField"},{"Key":{"Id":"TestCase.ManagedType","Label":"ManagedType","Category":"","Description":"","Attributes":1,"ValueType":"System.String"},"Value":"SharpMind.Tests.Data.JsonlSourceTests"}]},"Attachments":[],"Outcome":1,"ErrorMessage":null,"ErrorStackTrace":null,"DisplayName":"SharpMind.Tests.Data.JsonlSourceTests.ExtractsTextField","Messages":[],"ComputerName":"LAPTOP-MKMTSO1B","Duration":"00:00:00.1615768","StartTime":"2026-07-20T06:09:09.5213959+00:00","EndTime":"2026-07-20T06:09:09.6599607+00:00","Properties":[]},{"TestCase":{"Id":"10de384e-2881-685d-ab12-f01563337f06","FullyQualifiedName":"SharpMind.Tests.Data.CompositeSourceTests.RoundRobin_InterleavesSources","DisplayName":"SharpMind.Tests.Data.CompositeSourceTests.RoundRobin_InterleavesSources","ExecutorUri":"executor://xunit/VsTestRunner3/netcore/","Source":"C:\\Integral2u\\source\\repos\\SharpMind\\SharpMind.Tests\\bin\\Debug\\net10.0\\SharpMind.Tests.dll","CodeFilePath":null,"LineNumber":0,"Properties":[{"Key":{"Id":"XunitTestCaseExplicit","Label":"xUnit.net Test Case Explicit Flag","Category":"","Description":"","Attributes":0,"ValueType":"System.Boolean"},"Value":false},{"Key":{"Id":"XunitTestCaseUniqueID","Label":"xUnit.net Test Case Unique ID","Category":"","Description":"","Attributes":0,"ValueType":"System.String"},"Value":"154bd5fa18bc40df6ebfee35e84dd8600acf6d6b"},{"Key":{"Id":"TestCase.ManagedMethod","Label":"ManagedMethod","Category":"","Description":"","Attributes":1,"ValueType":"System.String"},"Value":"RoundRobin_InterleavesSources"},{"Key":{"Id":"TestCase.ManagedType","Label":"ManagedType","Category":"","Description":"","Attributes":1,"ValueType":"System.String"},"Value":"SharpMind.Tests.Data.CompositeSourceTests"}]},"Attachments":[],"Outcome":1,"ErrorMessage":null,"ErrorStackTrace":null,"DisplayName":"SharpMind.Tests.Data.CompositeSourceTests.RoundRobin_InterleavesSources","Messages":[],"ComputerName":"LAPTOP-MKMTSO1B","Duration":"00:00:00.2926739","StartTime":"2026-07-20T06:09:09.4758539+00:00","EndTime":"2026-07-20T06:09:09.6618161+00:00","Properties":[]},{"TestCase":{"Id":"dd484f9d-eac6-54be-76a0-b148e81983bf","FullyQualifiedName":"SharpMind.Tests.Data.CompositeSourceTests.EstimatedCount_SumsWhenAllKnown","DisplayName":"SharpMind.Tests.Data.CompositeSourceTests.EstimatedCount_SumsWhenAllKnown","ExecutorUri":"executor://xunit/VsTestRunner3/netcore/","Source":"C:\\Integral2u\\source\\repos\\SharpMind\\SharpMind.Tests\\bin\\Debug\\net10.0\\SharpMind.Tests.dll","CodeFilePath":null,"LineNumber":0,"Properties":[{"Key":{"Id":"XunitTestCaseExplicit","Label":"xUnit.net Test Case Explicit Flag","Category":"","Description":"","Attributes":0,"ValueType":"System.Boolean"},"Value":false},{"Key":{"Id":"XunitTestCaseUniqueID","Label":"xUnit.net Test Case Unique ID","Category":"","Description":"","Attributes":0,"ValueType":"System.String"},"Value":"53f04d38c37c40ddb4328930d2b6378d4f7c8fc5"},{"Key":{"Id":"TestCase.ManagedMethod","Label":"ManagedMethod","Category":"","Description":"","Attributes":1,"ValueType":"System.String"},"Value":"EstimatedCount_SumsWhenAllKnown"},{"Key":{"Id":"TestCase.ManagedType","Label":"ManagedType","Category":"","Description":"","Attributes":1,"ValueType":"System.String"},"Value":"SharpMind.Tests.Data.CompositeSourceTests"}]},"Attachments":[],"Outcome":1,"ErrorMessage":null,"ErrorStackTrace":null,"DisplayName":"SharpMind.Tests.Data.CompositeSourceTests.EstimatedCount_SumsWhenAllKnown","Messages":[],"ComputerName":"LAPTOP-MKMTSO1B","Duration":"00:00:00.0238699","StartTime":"2026-07-20T06:09:09.6673131+00:00","EndTime":"2026-07-20T06:09:09.6902902+00:00","Properties":[]},{"TestCase":{"Id":"88fe4606-426c-f6d6-6986-2ea58ae7540a","FullyQualifiedName":"SharpMind.Tests.Data.CompositeSourceTests.RequiresAtLeastOneSource","DisplayName":"SharpMind.Tests.Data.CompositeSourceTests.RequiresAtLeastOneSource","ExecutorUri":"executor://xunit/VsTestRunner3/netcore/","Source":"C:\\Integral2u\\source\\repos\\SharpMind\\SharpMind.Tests\\bin\\Debug\\net10.0\\SharpMind.Tests.dll","CodeFilePath":null,"LineNumber":0,"Properties":[{"Key":{"Id":"XunitTestCaseExplicit","Label":"xUnit.net Test Case Explicit Flag","Category":"","Description":"","Attributes":0,"ValueType":"System.Boolean"},"Value":false},{"Key":{"Id":"XunitTestCaseUniqueID","Label":"xUnit.net Test Case Unique ID","Category":"","Description":"","Attributes":0,"ValueType":"System.String"},"Value":"91afe0d638fb3db515fdc05a0ba7168d387f9f8e"},{"Key":{"Id":"TestCase.ManagedMethod","Label":"ManagedMethod","Category":"","Description":"","Attributes":1,"ValueType":"System.String"},"Value":"RequiresAtLeastOneSource"},{"Key":{"Id":"TestCase.ManagedType","Label":"ManagedType","Category":"","Description":"","Attributes":1,"ValueType":"System.String"},"Value":"SharpMind.Tests.Data.CompositeSourceTests"}]},"Attachments":[],"Outcome":1,"ErrorMessage":null,"ErrorStackTrace":null,"DisplayName":"SharpMind.Tests.Data.CompositeSourceTests.RequiresAtLeastOneSource","Messages":[],"ComputerName":"LAPTOP-MKMTSO1B","Duration":"00:00:00.0035805","StartTime":"2026-07-20T06:09:09.6912629+00:00","EndTime":"2026-07-20T06:09:09.6940731+00:00","Properties":[]},{"TestCase":{"Id":"b6a3a6cf-8c13-f238-3f3d-59a9cc59e0f7","FullyQualifiedName":"SharpMind.Tests.Data.CompositeSourceTests.EstimatedCount_NullWhenAnyUnknown","DisplayName":"SharpMind.Tests.Data.CompositeSourceTests.EstimatedCount_NullWhenAnyUnknown","ExecutorUri":"executor://xunit/VsTestRunner3/netcore/","Source":"C:\\Integral2u\\source\\repos\\SharpMind\\SharpMind.Tests\\bin\\Debug\\net10.0\\SharpMind.Tests.dll","CodeFilePath":null,"LineNumber":0,"Properties":[{"Key":{"Id":"XunitTestCaseExplicit","Label":"xUnit.net Test Case Explicit Flag","Category":"","Description":"","Attributes":0,"ValueType":"System.Boolean"},"Value":false},{"Key":{"Id":"XunitTestCaseUniqueID","Label":"xUnit.net Test Case Unique ID","Category":"","Description":"","Attributes":0,"ValueType":"System.String"},"Value":"9486aad1bb645361c07e2d4316e60a9b30587fbd"},{"Key":{"Id":"TestCase.ManagedMethod","Label":"ManagedMethod","Category":"","Description":"","Attributes":1,"ValueType":"System.String"},"Value":"EstimatedCount_NullWhenAnyUnknown"},{"Key":{"Id":"TestCase.ManagedType","Label":"ManagedType","Category":"","Description":"","Attributes":1,"ValueType":"System.String"},"Value":"SharpMind.Tests.Data.CompositeSourceTests"}]},"Attachments":[],"Outcome":1,"ErrorMessage":null,"ErrorStackTrace":null,"DisplayName":"SharpMind.Tests.Data.CompositeSourceTests.EstimatedCount_NullWhenAnyUnknown","Messages":[],"ComputerName":"LAPTOP-MKMTSO1B","Duration":"00:00:00.0112481","StartTime":"2026-07-20T06:09:09.6948536+00:00","EndTime":"2026-07-20T06:09:09.7055141+00:00","Properties":[]}],"TestRunStatistics":{"ExecutedTests":40,"Stats":{"Passed":40}},"ActiveTests":[{"Id":"206a3014-8d6e-5c94-272c-3d32c34e6a75","FullyQualifiedName":"SharpMind.Tests.ModelFormat.SharpMindConfigTests.ToModelConfig_Roundtrip","DisplayName":"SharpMind.Tests.ModelFormat.SharpMindConfigTests.ToModelConfig_Roundtrip","ExecutorUri":"executor://xunit/VsTestRunner3/netcore/","Source":"C:\\Integral2u\\source\\repos\\SharpMind\\SharpMind.Tests\\bin\\Debug\\net10.0\\SharpMind.Tests.dll","CodeFilePath":null,"LineNumber":0,"Properties":[{"Key":{"Id":"XunitTestCaseExplicit","Label":"xUnit.net Test Case Explicit Flag","Category":"","Description":"","Attributes":0,"ValueType":"System.Boolean"},"Value":false},{"Key":{"Id":"XunitTestCaseUniqueID","Label":"xUnit.net Test Case Unique ID","Category":"","Description":"","Attributes":0,"ValueType":"System.String"},"Value":"50e90007272ca1631cf5af60241da31aeffd8d79"},{"Key":{"Id":"TestCase.ManagedMethod","Label":"ManagedMethod","Category":"","Description":"","Attributes":1,"ValueType":"System.String"},"Value":"ToModelConfig_Roundtrip"},{"Key":{"Id":"TestCase.ManagedType","Label":"ManagedType","Category":"","Description":"","Attributes":1,"ValueType":"System.String"},"Value":"SharpMind.Tests.ModelFormat.SharpMindConfigTests"}]},{"Id":"69792e4c-a410-0233-6e8b-2095d2348f56","FullyQualifiedName":"SharpMind.Tests.Data.JsonlSourceTests.MalformedLine_Skipped_CountTracked","DisplayName":"SharpMind.Tests.Data.JsonlSourceTests.MalformedLine_Skipped_CountTracked","ExecutorUri":"executor://xunit/VsTestRunner3/netcore/","Source":"C:\\Integral2u\\source\\repos\\SharpMind\\SharpMind.Tests\\bin\\Debug\\net10.0\\SharpMind.Tests.dll","CodeFilePath":null,"LineNumber":0,"Properties":[{"Key":{"Id":"XunitTestCaseExplicit","Label":"xUnit.net Test Case Explicit Flag","Category":"","Description":"","Attributes":0,"ValueType":"System.Boolean"},"Value":false},{"Key":{"Id":"XunitTestCaseUniqueID","Label":"xUnit.net Test Case Unique ID","Category":"","Description":"","Attributes":0,"ValueType":"System.String"},"Value":"1b8800a37eb281a8085f4e740cc5614cf935dfac"},{"Key":{"Id":"TestCase.ManagedMethod","Label":"ManagedMethod","Category":"","Description":"","Attributes":1,"ValueType":"System.String"},"Value":"MalformedLine_Skipped_CountTracked"},{"Key":{"Id":"TestCase.ManagedType","Label":"ManagedType","Category":"","Description":"","Attributes":1,"ValueType":"System.String"},"Value":"SharpMind.Tests.Data.JsonlSourceTests"}]},{"Id":"80258c54-96d9-3232-ec10-edf92b9bc23a","FullyQualifiedName":"SharpMind.Tests.Data.CompositeSourceTests.Concatenate_YieldsAllSourcesInOrder","DisplayName":"SharpMind.Tests.Data.CompositeSourceTests.Concatenate_YieldsAllSourcesInOrder","ExecutorUri":"executor://xunit/VsTestRunner3/netcore/","Source":"C:\\Integral2u\\source\\repos\\SharpMind\\SharpMind.Tests\\bin\\Debug\\net10.0\\SharpMind.Tests.dll","CodeFilePath":null,"LineNumber":0,"Properties":[{"Key":{"Id":"XunitTestCaseExplicit","Label":"xUnit.net Test Case Explicit Flag","Category":"","Description":"","Attributes":0,"ValueType":"System.Boolean"},"Value":false},{"Key":{"Id":"XunitTestCaseUniqueID","Label":"xUnit.net Test Case Unique ID","Category":"","Description":"","Attributes":0,"ValueType":"System.String"},"Value":"a8faed9a4aa0bd31b62fd00136b9125362103b91"},{"Key":{"Id":"TestCase.ManagedMethod","Label":"ManagedMethod","Category":"","Description":"","Attributes":1,"ValueType":"System.String"},"Value":"Concatenate_YieldsAllSourcesInOrder"},{"Key":{"Id":"TestCase.ManagedType","Label":"ManagedType","Category":"","Description":"","Attributes":1,"ValueType":"System.String"},"Value":"SharpMind.Tests.Data.CompositeSourceTests"}]}]}}
TpTrace Verbose: 0 : 14588, 7, 2026/07/20, 18:09:09.715, 391385898744, vstest.console.dll, TestRunRequest:SendTestRunStatsChange: Starting.
TpTrace Verbose: 0 : 14588, 7, 2026/07/20, 18:09:09.715, 391385900367, vstest.console.dll, InProgress is SharpMind.Tests.ModelFormat.SharpMindConfigTests.ToModelConfig_Roundtrip
TpTrace Verbose: 0 : 14588, 7, 2026/07/20, 18:09:09.715, 391385901655, vstest.console.dll, InProgress is SharpMind.Tests.Data.JsonlSourceTests.MalformedLine_Skipped_CountTracked
TpTrace Verbose: 0 : 14588, 7, 2026/07/20, 18:09:09.715, 391385902287, vstest.console.dll, InProgress is SharpMind.Tests.Data.CompositeSourceTests.Concatenate_YieldsAllSourcesInOrder
TpTrace Verbose: 0 : 14588, 7, 2026/07/20, 18:09:09.715, 391385903317, vstest.console.dll, MulticastDelegateUtilities.SafeInvoke: TestRun.RunStatsChanged: Invoking callbacks was skipped because there are no subscribers.
TpTrace Information: 0 : 14588, 7, 2026/07/20, 18:09:09.715, 391385904086, vstest.console.dll, TestRunRequest:SendTestRunStatsChange: Completed.
TpTrace Verbose: 0 : 14588, 7, 2026/07/20, 18:09:09.716, 391385904707, vstest.console.dll, MulticastDelegateUtilities.SafeInvoke: LengthPrefixCommunicationChannel: MessageReceived: Invoking callback 1/1 for Microsoft.VisualStudio.TestPlatform.CommunicationUtilities.TestRequestSender+<>c__DisplayClass34_0., took 5 ms.
TpTrace Verbose: 0 : 14588, 7, 2026/07/20, 18:09:09.716, 391385905276, vstest.console.dll, TcpClientExtensions.MessageLoopAsync: Polling on remoteEndPoint: 127.0.0.1:56030 localEndPoint: 127.0.0.1:56028 after 115 ms
TpTrace Verbose: 0 : 14588, 4, 2026/07/20, 18:09:09.719, 391385941223, vstest.console.dll, MulticastDelegateUtilities.SafeInvoke: InternalTestLoggerEvents.SendTestResult: Invoking callback 1/1 for Microsoft.VisualStudio.TestPlatform.CommandLine.Internal.ConsoleLogger., took 0 ms.
TpTrace Verbose: 0 : 14588, 4, 2026/07/20, 18:09:09.719, 391385943200, vstest.console.dll, MulticastDelegateUtilities.SafeInvoke: InternalTestLoggerEvents.SendTestResult: Invoking callback 1/1 for Microsoft.VisualStudio.TestPlatform.CommandLine.Internal.ConsoleLogger., took 0 ms.
TpTrace Verbose: 0 : 14588, 4, 2026/07/20, 18:09:09.720, 391385944178, vstest.console.dll, MulticastDelegateUtilities.SafeInvoke: InternalTestLoggerEvents.SendTestResult: Invoking callback 1/1 for Microsoft.VisualStudio.TestPlatform.CommandLine.Internal.ConsoleLogger., took 0 ms.
TpTrace Verbose: 0 : 14588, 4, 2026/07/20, 18:09:09.720, 391385945016, vstest.console.dll, MulticastDelegateUtilities.SafeInvoke: InternalTestLoggerEvents.SendTestResult: Invoking callback 1/1 for Microsoft.VisualStudio.TestPlatform.CommandLine.Internal.ConsoleLogger., took 0 ms.
TpTrace Verbose: 0 : 14588, 4, 2026/07/20, 18:09:09.720, 391385945784, vstest.console.dll, MulticastDelegateUtilities.SafeInvoke: InternalTestLoggerEvents.SendTestResult: Invoking callback 1/1 for Microsoft.VisualStudio.TestPlatform.CommandLine.Internal.ConsoleLogger., took 0 ms.
TpTrace Verbose: 0 : 14588, 4, 2026/07/20, 18:09:09.720, 391385946877, vstest.console.dll, MulticastDelegateUtilities.SafeInvoke: InternalTestLoggerEvents.SendTestResult: Invoking callback 1/1 for Microsoft.VisualStudio.TestPlatform.CommandLine.Internal.ConsoleLogger., took 0 ms.
TpTrace Verbose: 0 : 14588, 4, 2026/07/20, 18:09:09.720, 391385947675, vstest.console.dll, MulticastDelegateUtilities.SafeInvoke: InternalTestLoggerEvents.SendTestResult: Invoking callback 1/1 for Microsoft.VisualStudio.TestPlatform.CommandLine.Internal.ConsoleLogger., took 0 ms.
TpTrace Verbose: 0 : 14588, 7, 2026/07/20, 18:09:09.817, 391386917653, vstest.console.dll, TcpClientExtensions.MessageLoopAsync: NotifyDataAvailable remoteEndPoint: 127.0.0.1:56030 localEndPoint: 127.0.0.1:56028
TpTrace Verbose: 0 : 14588, 7, 2026/07/20, 18:09:09.817, 391386922680, vstest.console.dll, TestRequestSender.OnExecutionMessageReceived: Received message: {"Version":7,"MessageType":"TestExecution.StatsChange","Payload":{"NewTestResults":[{"TestCase":{"Id":"1b214c5e-22f0-c9c8-7c39-e22fae94a63e","FullyQualifiedName":"SharpMind.Tests.Data.DataLoaderIntegrationTests.EndToEnd_Jsonl_SafetyStages","DisplayName":"SharpMind.Tests.Data.DataLoaderIntegrationTests.EndToEnd_Jsonl_SafetyStages","ExecutorUri":"executor://xunit/VsTestRunner3/netcore/","Source":"C:\\Integral2u\\source\\repos\\SharpMind\\SharpMind.Tests\\bin\\Debug\\net10.0\\SharpMind.Tests.dll","CodeFilePath":null,"LineNumber":0,"Properties":[{"Key":{"Id":"XunitTestCaseExplicit","Label":"xUnit.net Test Case Explicit Flag","Category":"","Description":"","Attributes":0,"ValueType":"System.Boolean"},"Value":false},{"Key":{"Id":"XunitTestCaseUniqueID","Label":"xUnit.net Test Case Unique ID","Category":"","Description":"","Attributes":0,"ValueType":"System.String"},"Value":"88646102ac73ef7a231b56cf20cccdeb8134c0f8"},{"Key":{"Id":"TestCase.ManagedMethod","Label":"ManagedMethod","Category":"","Description":"","Attributes":1,"ValueType":"System.String"},"Value":"EndToEnd_Jsonl_SafetyStages"},{"Key":{"Id":"TestCase.ManagedType","Label":"ManagedType","Category":"","Description":"","Attributes":1,"ValueType":"System.String"},"Value":"SharpMind.Tests.Data.DataLoaderIntegrationTests"}]},"Attachments":[],"Outcome":1,"ErrorMessage":null,"ErrorStackTrace":null,"DisplayName":"SharpMind.Tests.Data.DataLoaderIntegrationTests.EndToEnd_Jsonl_SafetyStages","Messages":[],"ComputerName":"LAPTOP-MKMTSO1B","Duration":"00:00:00.1690989","StartTime":"2026-07-20T06:09:09.5515256+00:00","EndTime":"2026-07-20T06:09:09.7310171+00:00","Properties":[]},{"TestCase":{"Id":"80258c54-96d9-3232-ec10-edf92b9bc23a","FullyQualifiedName":"SharpMind.Tests.Data.CompositeSourceTests.Concatenate_YieldsAllSourcesInOrder","DisplayName":"SharpMind.Tests.Data.CompositeSourceTests.Concatenate_YieldsAllSourcesInOrder","ExecutorUri":"executor://xunit/VsTestRunner3/netcore/","Source":"C:\\Integral2u\\source\\repos\\SharpMind\\SharpMind.Tests\\bin\\Debug\\net10.0\\SharpMind.Tests.dll","CodeFilePath":null,"LineNumber":0,"Properties":[{"Key":{"Id":"XunitTestCaseExplicit","Label":"xUnit.net Test Case Explicit Flag","Category":"","Description":"","Attributes":0,"ValueType":"System.Boolean"},"Value":false},{"Key":{"Id":"XunitTestCaseUniqueID","Label":"xUnit.net Test Case Unique ID","Category":"","Description":"","Attributes":0,"ValueType":"System.String"},"Value":"a8faed9a4aa0bd31b62fd00136b9125362103b91"},{"Key":{"Id":"TestCase.ManagedMethod","Label":"ManagedMethod","Category":"","Description":"","Attributes":1,"ValueType":"System.String"},"Value":"Concatenate_YieldsAllSourcesInOrder"},{"Key":{"Id":"TestCase.ManagedType","Label":"ManagedType","Category":"","Description":"","Attributes":1,"ValueType":"System.String"},"Value":"SharpMind.Tests.Data.CompositeSourceTests"}]},"Attachments":[],"Outcome":1,"ErrorMessage":null,"ErrorStackTrace":null,"DisplayName":"SharpMind.Tests.Data.CompositeSourceTests.Concatenate_YieldsAllSourcesInOrder","Messages":[],"ComputerName":"LAPTOP-MKMTSO1B","Duration":"00:00:00.0337280","StartTime":"2026-07-20T06:09:09.7101929+00:00","EndTime":"2026-07-20T06:09:09.7417324+00:00","Properties":[]},{"TestCase":{"Id":"8005cce7-1d41-d595-74af-7a8cfd85acd6","FullyQualifiedName":"SharpMind.Tests.Data.DataLoaderIntegrationTests.EndToEnd_TextFile_CleanPipeline_PackedBatches","DisplayName":"SharpMind.Tests.Data.DataLoaderIntegrationTests.EndToEnd_TextFile_CleanPipeline_PackedBatches","ExecutorUri":"executor://xunit/VsTestRunner3/netcore/","Source":"C:\\Integral2u\\source\\repos\\SharpMind\\SharpMind.Tests\\bin\\Debug\\net10.0\\SharpMind.Tests.dll","CodeFilePath":null,"LineNumber":0,"Properties":[{"Key":{"Id":"XunitTestCaseExplicit","Label":"xUnit.net Test Case Explicit Flag","Category":"","Description":"","Attributes":0,"ValueType":"System.Boolean"},"Value":false},{"Key":{"Id":"XunitTestCaseUniqueID","Label":"xUnit.net Test Case Unique ID","Category":"","Description":"","Attributes":0,"ValueType":"System.String"},"Value":"9aa188052f93038ecfd345b5482a16e91b0c5a43"},{"Key":{"Id":"TestCase.ManagedMethod","Label":"ManagedMethod","Category":"","Description":"","Attributes":1,"ValueType":"System.String"},"Value":"EndToEnd_TextFile_CleanPipeline_PackedBatches"},{"Key":{"Id":"TestCase.ManagedType","Label":"ManagedType","Category":"","Description":"","Attributes":1,"ValueType":"System.String"},"Value":"SharpMind.Tests.Data.DataLoaderIntegrationTests"}]},"Attachments":[],"Outcome":1,"ErrorMessage":null,"ErrorStackTrace":null,"DisplayName":"SharpMind.Tests.Data.DataLoaderIntegrationTests.EndToEnd_TextFile_CleanPipeline_PackedBatches","Messages":[],"ComputerName":"LAPTOP-MKMTSO1B","Duration":"00:00:00.0530926","StartTime":"2026-07-20T06:09:09.7329786+00:00","EndTime":"2026-07-20T06:09:09.7849227+00:00","Properties":[]},{"TestCase":{"Id":"043e7edd-3441-689a-572c-cb0d06b7cb51","FullyQualifiedName":"SharpMind.Tests.Data.PackingBatcherTests.DocumentLongerThanSeqLen_Truncated","DisplayName":"SharpMind.Tests.Data.PackingBatcherTests.DocumentLongerThanSeqLen_Truncated","ExecutorUri":"executor://xunit/VsTestRunner3/netcore/","Source":"C:\\Integral2u\\source\\repos\\SharpMind\\SharpMind.Tests\\bin\\Debug\\net10.0\\SharpMind.Tests.dll","CodeFilePath":null,"LineNumber":0,"Properties":[{"Key":{"Id":"XunitTestCaseExplicit","Label":"xUnit.net Test Case Explicit Flag","Category":"","Description":"","Attributes":0,"ValueType":"System.Boolean"},"Value":false},{"Key":{"Id":"XunitTestCaseUniqueID","Label":"xUnit.net Test Case Unique ID","Category":"","Description":"","Attributes":0,"ValueType":"System.String"},"Value":"00a9d72adcbcce02bea0582129ab57966fa37041"},{"Key":{"Id":"TestCase.ManagedMethod","Label":"ManagedMethod","Category":"","Description":"","Attributes":1,"ValueType":"System.String"},"Value":"DocumentLongerThanSeqLen_Truncated"},{"Key":{"Id":"TestCase.ManagedType","Label":"ManagedType","Category":"","Description":"","Attributes":1,"ValueType":"System.String"},"Value":"SharpMind.Tests.Data.PackingBatcherTests"}]},"Attachments":[],"Outcome":1,"ErrorMessage":null,"ErrorStackTrace":null,"DisplayName":"SharpMind.Tests.Data.PackingBatcherTests.DocumentLongerThanSeqLen_Truncated","Messages":[],"ComputerName":"LAPTOP-MKMTSO1B","Duration":"00:00:00.0110484","StartTime":"2026-07-20T06:09:09.7859105+00:00","EndTime":"2026-07-20T06:09:09.7968911+00:00","Properties":[]},{"TestCase":{"Id":"5ab34d3b-7a4d-4cd2-df75-5e8909b9b5b5","FullyQualifiedName":"SharpMind.Tests.Data.PackingBatcherTests.Labels_ShiftedByOne_PaddingIsMinusOneHundred","DisplayName":"SharpMind.Tests.Data.PackingBatcherTests.Labels_ShiftedByOne_PaddingIsMinusOneHundred","ExecutorUri":"executor://xunit/VsTestRunner3/netcore/","Source":"C:\\Integral2u\\source\\repos\\SharpMind\\SharpMind.Tests\\bin\\Debug\\net10.0\\SharpMind.Tests.dll","CodeFilePath":null,"LineNumber":0,"Properties":[{"Key":{"Id":"XunitTestCaseExplicit","Label":"xUnit.net Test Case Explicit Flag","Category":"","Description":"","Attributes":0,"ValueType":"System.Boolean"},"Value":false},{"Key":{"Id":"XunitTestCaseUniqueID","Label":"xUnit.net Test Case Unique ID","Category":"","Description":"","Attributes":0,"ValueType":"System.String"},"Value":"104561f1ae84ef63afd2721d1f38c66e4299c37e"},{"Key":{"Id":"TestCase.ManagedMethod","Label":"ManagedMethod","Category":"","Description":"","Attributes":1,"ValueType":"System.String"},"Value":"Labels_ShiftedByOne_PaddingIsMinusOneHundred"},{"Key":{"Id":"TestCase.ManagedType","Label":"ManagedType","Category":"","Description":"","Attributes":1,"ValueType":"System.String"},"Value":"SharpMind.Tests.Data.PackingBatcherTests"}]},"Attachments":[],"Outcome":1,"ErrorMessage":null,"ErrorStackTrace":null,"DisplayName":"SharpMind.Tests.Data.PackingBatcherTests.Labels_ShiftedByOne_PaddingIsMinusOneHundred","Messages":[],"ComputerName":"LAPTOP-MKMTSO1B","Duration":"00:00:00.0082920","StartTime":"2026-07-20T06:09:09.7981513+00:00","EndTime":"2026-07-20T06:09:09.8053372+00:00","Properties":[]},{"TestCase":{"Id":"b62234ab-b3a3-09c0-e851-8a3d63af75c5","FullyQualifiedName":"SharpMind.Tests.Data.PackingBatcherTests.RealTokenCount_ExcludesPadding","DisplayName":"SharpMind.Tests.Data.PackingBatcherTests.RealTokenCount_ExcludesPadding","ExecutorUri":"executor://xunit/VsTestRunner3/netcore/","Source":"C:\\Integral2u\\source\\repos\\SharpMind\\SharpMind.Tests\\bin\\Debug\\net10.0\\SharpMind.Tests.dll","CodeFilePath":null,"LineNumber":0,"Properties":[{"Key":{"Id":"XunitTestCaseExplicit","Label":"xUnit.net Test Case Explicit Flag","Category":"","Description":"","Attributes":0,"ValueType":"System.Boolean"},"Value":false},{"Key":{"Id":"XunitTestCaseUniqueID","Label":"xUnit.net Test Case Unique ID","Category":"","Description":"","Attributes":0,"ValueType":"System.String"},"Value":"20746a097db515bd0f30073ab80b9d3634e0ffdc"},{"Key":{"Id":"TestCase.ManagedMethod","Label":"ManagedMethod","Category":"","Description":"","Attributes":1,"ValueType":"System.String"},"Value":"RealTokenCount_ExcludesPadding"},{"Key":{"Id":"TestCase.ManagedType","Label":"ManagedType","Category":"","Description":"","Attributes":1,"ValueType":"System.String"},"Value":"SharpMind.Tests.Data.PackingBatcherTests"}]},"Attachments":[],"Outcome":1,"ErrorMessage":null,"ErrorStackTrace":null,"DisplayName":"SharpMind.Tests.Data.PackingBatcherTests.RealTokenCount_ExcludesPadding","Messages":[],"ComputerName":"LAPTOP-MKMTSO1B","Duration":"00:00:00.0013374","StartTime":"2026-07-20T06:09:09.8062311+00:00","EndTime":"2026-07-20T06:09:09.8067767+00:00","Properties":[]},{"TestCase":{"Id":"f223733e-60fb-742b-d2e2-2a0fad0aff2a","FullyQualifiedName":"SharpMind.Tests.Data.PackingBatcherTests.PartialLastBatch_StillEmitted","DisplayName":"SharpMind.Tests.Data.PackingBatcherTests.PartialLastBatch_StillEmitted","ExecutorUri":"executor://xunit/VsTestRunner3/netcore/","Source":"C:\\Integral2u\\source\\repos\\SharpMind\\SharpMind.Tests\\bin\\Debug\\net10.0\\SharpMind.Tests.dll","CodeFilePath":null,"LineNumber":0,"Properties":[{"Key":{"Id":"XunitTestCaseExplicit","Label":"xUnit.net Test Case Explicit Flag","Category":"","Description":"","Attributes":0,"ValueType":"System.Boolean"},"Value":false},{"Key":{"Id":"XunitTestCaseUniqueID","Label":"xUnit.net Test Case Unique ID","Category":"","Description":"","Attributes":0,"ValueType":"System.String"},"Value":"29efa4e65a5c149e228bde1ce0f7621bb9f8437b"},{"Key":{"Id":"TestCase.ManagedMethod","Label":"ManagedMethod","Category":"","Description":"","Attributes":1,"ValueType":"System.String"},"Value":"PartialLastBatch_StillEmitted"},{"Key":{"Id":"TestCase.ManagedType","Label":"ManagedType","Category":"","Description":"","Attributes":1,"ValueType":"System.String"},"Value":"SharpMind.Tests.Data.PackingBatcherTests"}]},"Attachments":[],"Outcome":1,"ErrorMessage":null,"ErrorStackTrace":null,"DisplayName":"SharpMind.Tests.Data.PackingBatcherTests.PartialLastBatch_StillEmitted","Messages":[],"ComputerName":"LAPTOP-MKMTSO1B","Duration":"00:00:00.0034969","StartTime":"2026-07-20T06:09:09.8080052+00:00","EndTime":"2026-07-20T06:09:09.8104784+00:00","Properties":[]},{"TestCase":{"Id":"705474b3-facf-db19-e480-cc4a6ff4c214","FullyQualifiedName":"SharpMind.Tests.Data.PackingBatcherTests.EmptyDocumentStream_YieldsNoBatches","DisplayName":"SharpMind.Tests.Data.PackingBatcherTests.EmptyDocumentStream_YieldsNoBatches","ExecutorUri":"executor://xunit/VsTestRunner3/netcore/","Source":"C:\\Integral2u\\source\\repos\\SharpMind\\SharpMind.Tests\\bin\\Debug\\net10.0\\SharpMind.Tests.dll","CodeFilePath":null,"LineNumber":0,"Properties":[{"Key":{"Id":"XunitTestCaseExplicit","Label":"xUnit.net Test Case Explicit Flag","Category":"","Description":"","Attributes":0,"ValueType":"System.Boolean"},"Value":false},{"Key":{"Id":"XunitTestCaseUniqueID","Label":"xUnit.net Test Case Unique ID","Category":"","Description":"","Attributes":0,"ValueType":"System.String"},"Value":"317adb6767b24e676ec218325f9ae37358c3644a"},{"Key":{"Id":"TestCase.ManagedMethod","Label":"ManagedMethod","Category":"","Description":"","Attributes":1,"ValueType":"System.String"},"Value":"EmptyDocumentStream_YieldsNoBatches"},{"Key":{"Id":"TestCase.ManagedType","Label":"ManagedType","Category":"","Description":"","Attributes":1,"ValueType":"System.String"},"Value":"SharpMind.Tests.Data.PackingBatcherTests"}]},"Attachments":[],"Outcome":1,"ErrorMessage":null,"ErrorStackTrace":null,"DisplayName":"SharpMind.Tests.Data.PackingBatcherTests.EmptyDocumentStream_YieldsNoBatches","Messages":[],"ComputerName":"LAPTOP-MKMTSO1B","Duration":"00:00:00.0022745","StartTime":"2026-07-20T06:09:09.8113979+00:00","EndTime":"2026-07-20T06:09:09.8128889+00:00","Properties":[]}],"TestRunStatistics":{"ExecutedTests":48,"Stats":{"Passed":48}},"ActiveTests":[{"Id":"e84ed3e5-148a-7a74-60be-532aa85e8f24","FullyQualifiedName":"SharpMind.Tests.ModelFormat.DtypeOpsTests.ElementSize_INT4_Returns1","DisplayName":"SharpMind.Tests.ModelFormat.DtypeOpsTests.ElementSize_INT4_Returns1","ExecutorUri":"executor://xunit/VsTestRunner3/netcore/","Source":"C:\\Integral2u\\source\\repos\\SharpMind\\SharpMind.Tests\\bin\\Debug\\net10.0\\SharpMind.Tests.dll","CodeFilePath":null,"LineNumber":0,"Properties":[{"Key":{"Id":"XunitTestCaseExplicit","Label":"xUnit.net Test Case Explicit Flag","Category":"","Description":"","Attributes":0,"ValueType":"System.Boolean"},"Value":false},{"Key":{"Id":"XunitTestCaseUniqueID","Label":"xUnit.net Test Case Unique ID","Category":"","Description":"","Attributes":0,"ValueType":"System.String"},"Value":"07e6a516947f0d53344ee918e44334793ea81652"},{"Key":{"Id":"TestCase.ManagedMethod","Label":"ManagedMethod","Category":"","Description":"","Attributes":1,"ValueType":"System.String"},"Value":"ElementSize_INT4_Returns1"},{"Key":{"Id":"TestCase.ManagedType","Label":"ManagedType","Category":"","Description":"","Attributes":1,"ValueType":"System.String"},"Value":"SharpMind.Tests.ModelFormat.DtypeOpsTests"}]},{"Id":"0f13b574-6fad-957a-bf2d-5670b2ffe5a3","FullyQualifiedName":"SharpMind.Tests.Data.PackingBatcherTests.AttentionMask_OneForRealTokens_ZeroForPadding","DisplayName":"SharpMind.Tests.Data.PackingBatcherTests.AttentionMask_OneForRealTokens_ZeroForPadding","ExecutorUri":"executor://xunit/VsTestRunner3/netcore/","Source":"C:\\Integral2u\\source\\repos\\SharpMind\\SharpMind.Tests\\bin\\Debug\\net10.0\\SharpMind.Tests.dll","CodeFilePath":null,"LineNumber":0,"Properties":[{"Key":{"Id":"XunitTestCaseExplicit","Label":"xUnit.net Test Case Explicit Flag","Category":"","Description":"","Attributes":0,"ValueType":"System.Boolean"},"Value":false},{"Key":{"Id":"XunitTestCaseUniqueID","Label":"xUnit.net Test Case Unique ID","Category":"","Description":"","Attributes":0,"ValueType":"System.String"},"Value":"5a495e6e78b042721b1e2362e05efdae71e3feda"},{"Key":{"Id":"TestCase.ManagedMethod","Label":"ManagedMethod","Category":"","Description":"","Attributes":1,"ValueType":"System.String"},"Value":"AttentionMask_OneForRealTokens_ZeroForPadding"},{"Key":{"Id":"TestCase.ManagedType","Label":"ManagedType","Category":"","Description":"","Attributes":1,"ValueType":"System.String"},"Value":"SharpMind.Tests.Data.PackingBatcherTests"}]}]}}
TpTrace Verbose: 0 : 14588, 7, 2026/07/20, 18:09:09.821, 391386961708, vstest.console.dll, TestRunRequest:SendTestRunStatsChange: Starting.
TpTrace Verbose: 0 : 14588, 7, 2026/07/20, 18:09:09.821, 391386963274, vstest.console.dll, InProgress is SharpMind.Tests.ModelFormat.DtypeOpsTests.ElementSize_INT4_Returns1
TpTrace Verbose: 0 : 14588, 7, 2026/07/20, 18:09:09.821, 391386963875, vstest.console.dll, InProgress is SharpMind.Tests.Data.PackingBatcherTests.AttentionMask_OneForRealTokens_ZeroForPadding
TpTrace Verbose: 0 : 14588, 7, 2026/07/20, 18:09:09.822, 391386964747, vstest.console.dll, MulticastDelegateUtilities.SafeInvoke: TestRun.RunStatsChanged: Invoking callbacks was skipped because there are no subscribers.
TpTrace Information: 0 : 14588, 7, 2026/07/20, 18:09:09.822, 391386965300, vstest.console.dll, TestRunRequest:SendTestRunStatsChange: Completed.
TpTrace Verbose: 0 : 14588, 4, 2026/07/20, 18:09:09.822, 391386965461, vstest.console.dll, MulticastDelegateUtilities.SafeInvoke: InternalTestLoggerEvents.SendTestResult: Invoking callback 1/1 for Microsoft.VisualStudio.TestPlatform.CommandLine.Internal.ConsoleLogger., took 0 ms.
TpTrace Verbose: 0 : 14588, 7, 2026/07/20, 18:09:09.822, 391386966310, vstest.console.dll, MulticastDelegateUtilities.SafeInvoke: LengthPrefixCommunicationChannel: MessageReceived: Invoking callback 1/1 for Microsoft.VisualStudio.TestPlatform.CommunicationUtilities.TestRequestSender+<>c__DisplayClass34_0., took 4 ms.
TpTrace Verbose: 0 : 14588, 4, 2026/07/20, 18:09:09.822, 391386967380, vstest.console.dll, MulticastDelegateUtilities.SafeInvoke: InternalTestLoggerEvents.SendTestResult: Invoking callback 1/1 for Microsoft.VisualStudio.TestPlatform.CommandLine.Internal.ConsoleLogger., took 0 ms.
TpTrace Verbose: 0 : 14588, 7, 2026/07/20, 18:09:09.822, 391386968094, vstest.console.dll, TcpClientExtensions.MessageLoopAsync: Polling on remoteEndPoint: 127.0.0.1:56030 localEndPoint: 127.0.0.1:56028 after 106 ms
TpTrace Verbose: 0 : 14588, 4, 2026/07/20, 18:09:09.822, 391386968212, vstest.console.dll, MulticastDelegateUtilities.SafeInvoke: InternalTestLoggerEvents.SendTestResult: Invoking callback 1/1 for Microsoft.VisualStudio.TestPlatform.CommandLine.Internal.ConsoleLogger., took 0 ms.
TpTrace Verbose: 0 : 14588, 4, 2026/07/20, 18:09:09.822, 391386969721, vstest.console.dll, MulticastDelegateUtilities.SafeInvoke: InternalTestLoggerEvents.SendTestResult: Invoking callback 1/1 for Microsoft.VisualStudio.TestPlatform.CommandLine.Internal.ConsoleLogger., took 0 ms.
TpTrace Verbose: 0 : 14588, 4, 2026/07/20, 18:09:09.822, 391386970692, vstest.console.dll, MulticastDelegateUtilities.SafeInvoke: InternalTestLoggerEvents.SendTestResult: Invoking callback 1/1 for Microsoft.VisualStudio.TestPlatform.CommandLine.Internal.ConsoleLogger., took 0 ms.
TpTrace Verbose: 0 : 14588, 4, 2026/07/20, 18:09:09.822, 391386971545, vstest.console.dll, MulticastDelegateUtilities.SafeInvoke: InternalTestLoggerEvents.SendTestResult: Invoking callback 1/1 for Microsoft.VisualStudio.TestPlatform.CommandLine.Internal.ConsoleLogger., took 0 ms.
TpTrace Verbose: 0 : 14588, 4, 2026/07/20, 18:09:09.822, 391386972404, vstest.console.dll, MulticastDelegateUtilities.SafeInvoke: InternalTestLoggerEvents.SendTestResult: Invoking callback 1/1 for Microsoft.VisualStudio.TestPlatform.CommandLine.Internal.ConsoleLogger., took 0 ms.
TpTrace Verbose: 0 : 14588, 4, 2026/07/20, 18:09:09.822, 391386973294, vstest.console.dll, MulticastDelegateUtilities.SafeInvoke: InternalTestLoggerEvents.SendTestResult: Invoking callback 1/1 for Microsoft.VisualStudio.TestPlatform.CommandLine.Internal.ConsoleLogger., took 0 ms.
TpTrace Verbose: 0 : 14588, 7, 2026/07/20, 18:09:09.848, 391387227976, vstest.console.dll, TcpClientExtensions.MessageLoopAsync: NotifyDataAvailable remoteEndPoint: 127.0.0.1:56030 localEndPoint: 127.0.0.1:56028
TpTrace Verbose: 0 : 14588, 7, 2026/07/20, 18:09:09.848, 391387232951, vstest.console.dll, TestRequestSender.OnExecutionMessageReceived: Received message: {"Version":7,"MessageType":"TestExecution.StatsChange","Payload":{"NewTestResults":[{"TestCase":{"Id":"0f13b574-6fad-957a-bf2d-5670b2ffe5a3","FullyQualifiedName":"SharpMind.Tests.Data.PackingBatcherTests.AttentionMask_OneForRealTokens_ZeroForPadding","DisplayName":"SharpMind.Tests.Data.PackingBatcherTests.AttentionMask_OneForRealTokens_ZeroForPadding","ExecutorUri":"executor://xunit/VsTestRunner3/netcore/","Source":"C:\\Integral2u\\source\\repos\\SharpMind\\SharpMind.Tests\\bin\\Debug\\net10.0\\SharpMind.Tests.dll","CodeFilePath":null,"LineNumber":0,"Properties":[{"Key":{"Id":"XunitTestCaseExplicit","Label":"xUnit.net Test Case Explicit Flag","Category":"","Description":"","Attributes":0,"ValueType":"System.Boolean"},"Value":false},{"Key":{"Id":"XunitTestCaseUniqueID","Label":"xUnit.net Test Case Unique ID","Category":"","Description":"","Attributes":0,"ValueType":"System.String"},"Value":"5a495e6e78b042721b1e2362e05efdae71e3feda"},{"Key":{"Id":"TestCase.ManagedMethod","Label":"ManagedMethod","Category":"","Description":"","Attributes":1,"ValueType":"System.String"},"Value":"AttentionMask_OneForRealTokens_ZeroForPadding"},{"Key":{"Id":"TestCase.ManagedType","Label":"ManagedType","Category":"","Description":"","Attributes":1,"ValueType":"System.String"},"Value":"SharpMind.Tests.Data.PackingBatcherTests"}]},"Attachments":[],"Outcome":1,"ErrorMessage":null,"ErrorStackTrace":null,"DisplayName":"SharpMind.Tests.Data.PackingBatcherTests.AttentionMask_OneForRealTokens_ZeroForPadding","Messages":[],"ComputerName":"LAPTOP-MKMTSO1B","Duration":"00:00:00.0099509","StartTime":"2026-07-20T06:09:09.8176089+00:00","EndTime":"2026-07-20T06:09:09.8229874+00:00","Properties":[]},{"TestCase":{"Id":"92bbc193-396f-70d3-fae7-68ab082d1913","FullyQualifiedName":"SharpMind.Tests.Data.PackingBatcherTests.Dispose_ReleasesAllTensors","DisplayName":"SharpMind.Tests.Data.PackingBatcherTests.Dispose_ReleasesAllTensors","ExecutorUri":"executor://xunit/VsTestRunner3/netcore/","Source":"C:\\Integral2u\\source\\repos\\SharpMind\\SharpMind.Tests\\bin\\Debug\\net10.0\\SharpMind.Tests.dll","CodeFilePath":null,"LineNumber":0,"Properties":[{"Key":{"Id":"XunitTestCaseExplicit","Label":"xUnit.net Test Case Explicit Flag","Category":"","Description":"","Attributes":0,"ValueType":"System.Boolean"},"Value":false},{"Key":{"Id":"XunitTestCaseUniqueID","Label":"xUnit.net Test Case Unique ID","Category":"","Description":"","Attributes":0,"ValueType":"System.String"},"Value":"b21fa2314331a0f8372b56a97cb08b044c6da1e2"},{"Key":{"Id":"TestCase.ManagedMethod","Label":"ManagedMethod","Category":"","Description":"","Attributes":1,"ValueType":"System.String"},"Value":"Dispose_ReleasesAllTensors"},{"Key":{"Id":"TestCase.ManagedType","Label":"ManagedType","Category":"","Description":"","Attributes":1,"ValueType":"System.String"},"Value":"SharpMind.Tests.Data.PackingBatcherTests"}]},"Attachments":[],"Outcome":1,"ErrorMessage":null,"ErrorStackTrace":null,"DisplayName":"SharpMind.Tests.Data.PackingBatcherTests.Dispose_ReleasesAllTensors","Messages":[],"ComputerName":"LAPTOP-MKMTSO1B","Duration":"00:00:00.0032753","StartTime":"2026-07-20T06:09:09.8244227+00:00","EndTime":"2026-07-20T06:09:09.8265237+00:00","Properties":[]},{"TestCase":{"Id":"efda5545-30d1-bd46-7e12-50ba8bd9bcb2","FullyQualifiedName":"SharpMind.Tests.Data.PackingBatcherTests.PacksMultipleDocumentsPerRow","DisplayName":"SharpMind.Tests.Data.PackingBatcherTests.PacksMultipleDocumentsPerRow","ExecutorUri":"executor://xunit/VsTestRunner3/netcore/","Source":"C:\\Integral2u\\source\\repos\\SharpMind\\SharpMind.Tests\\bin\\Debug\\net10.0\\SharpMind.Tests.dll","CodeFilePath":null,"LineNumber":0,"Properties":[{"Key":{"Id":"XunitTestCaseExplicit","Label":"xUnit.net Test Case Explicit Flag","Category":"","Description":"","Attributes":0,"ValueType":"System.Boolean"},"Value":false},{"Key":{"Id":"XunitTestCaseUniqueID","Label":"xUnit.net Test Case Unique ID","Category":"","Description":"","Attributes":0,"ValueType":"System.String"},"Value":"d49a468ed1b5ce169cd1f4763910be83f6422c3d"},{"Key":{"Id":"TestCase.ManagedMethod","Label":"ManagedMethod","Category":"","Description":"","Attributes":1,"ValueType":"System.String"},"Value":"PacksMultipleDocumentsPerRow"},{"Key":{"Id":"TestCase.ManagedType","Label":"ManagedType","Category":"","Description":"","Attributes":1,"ValueType":"System.String"},"Value":"SharpMind.Tests.Data.PackingBatcherTests"}]},"Attachments":[],"Outcome":1,"ErrorMessage":null,"ErrorStackTrace":null,"DisplayName":"SharpMind.Tests.Data.PackingBatcherTests.PacksMultipleDocumentsPerRow","Messages":[],"ComputerName":"LAPTOP-MKMTSO1B","Duration":"00:00:00.0014563","StartTime":"2026-07-20T06:09:09.827485+00:00","EndTime":"2026-07-20T06:09:09.8280643+00:00","Properties":[]},{"TestCase":{"Id":"94ae36c9-94b2-256c-72be-ef812892528f","FullyQualifiedName":"SharpMind.Tests.Data.PackingBatcherTests.BatchShape_IsCorrect","DisplayName":"SharpMind.Tests.Data.PackingBatcherTests.BatchShape_IsCorrect","ExecutorUri":"executor://xunit/VsTestRunner3/netcore/","Source":"C:\\Integral2u\\source\\repos\\SharpMind\\SharpMind.Tests\\bin\\Debug\\net10.0\\SharpMind.Tests.dll","CodeFilePath":null,"LineNumber":0,"Properties":[{"Key":{"Id":"XunitTestCaseExplicit","Label":"xUnit.net Test Case Explicit Flag","Category":"","Description":"","Attributes":0,"ValueType":"System.Boolean"},"Value":false},{"Key":{"Id":"XunitTestCaseUniqueID","Label":"xUnit.net Test Case Unique ID","Category":"","Description":"","Attributes":0,"ValueType":"System.String"},"Value":"e72e208a2ddb91efc64caefd554f65ade4072cf6"},{"Key":{"Id":"TestCase.ManagedMethod","Label":"ManagedMethod","Category":"","Description":"","Attributes":1,"ValueType":"System.String"},"Value":"BatchShape_IsCorrect"},{"Key":{"Id":"TestCase.ManagedType","Label":"ManagedType","Category":"","Description":"","Attributes":1,"ValueType":"System.String"},"Value":"SharpMind.Tests.Data.PackingBatcherTests"}]},"Attachments":[],"Outcome":1,"ErrorMessage":null,"ErrorStackTrace":null,"DisplayName":"SharpMind.Tests.Data.PackingBatcherTests.BatchShape_IsCorrect","Messages":[],"ComputerName":"LAPTOP-MKMTSO1B","Duration":"00:00:00.0037227","StartTime":"2026-07-20T06:09:09.8288901+00:00","EndTime":"2026-07-20T06:09:09.8320317+00:00","Properties":[]},{"TestCase":{"Id":"0234c310-4ee4-c7eb-a54d-fd2c8e4aedd2","FullyQualifiedName":"SharpMind.Tests.Quantization.HalfToFloatTests.HalfToFloat_Scalar_ReturnsCorrectBits","DisplayName":"SharpMind.Tests.Quantization.HalfToFloatTests.HalfToFloat_Scalar_ReturnsCorrectBits(half: 1024, expectedBits: 947912704, _: \"min normal\")","ExecutorUri":"executor://xunit/VsTestRunner3/netcore/","Source":"C:\\Integral2u\\source\\repos\\SharpMind\\SharpMind.Tests\\bin\\Debug\\net10.0\\SharpMind.Tests.dll","CodeFilePath":null,"LineNumber":0,"Properties":[{"Key":{"Id":"XunitTestCaseExplicit","Label":"xUnit.net Test Case Explicit Flag","Category":"","Description":"","Attributes":0,"ValueType":"System.Boolean"},"Value":false},{"Key":{"Id":"XunitTestCaseUniqueID","Label":"xUnit.net Test Case Unique ID","Category":"","Description":"","Attributes":0,"ValueType":"System.String"},"Value":"106d3079837396d147b40aece941dd31358844f2"},{"Key":{"Id":"TestCase.ManagedMethod","Label":"ManagedMethod","Category":"","Description":"","Attributes":1,"ValueType":"System.String"},"Value":"HalfToFloat_Scalar_ReturnsCorrectBits"},{"Key":{"Id":"TestCase.ManagedType","Label":"ManagedType","Category":"","Description":"","Attributes":1,"ValueType":"System.String"},"Value":"SharpMind.Tests.Quantization.HalfToFloatTests"}]},"Attachments":[],"Outcome":1,"ErrorMessage":null,"ErrorStackTrace":null,"DisplayName":"SharpMind.Tests.Quantization.HalfToFloatTests.HalfToFloat_Scalar_ReturnsCorrectBits(half: 1024, expectedBits: 947912704, _: \"min normal\")","Messages":[],"ComputerName":"LAPTOP-MKMTSO1B","Duration":"00:00:00.0071384","StartTime":"2026-07-20T06:09:09.8331531+00:00","EndTime":"2026-07-20T06:09:09.840055+00:00","Properties":[]},{"TestCase":{"Id":"a1365717-05be-4b2e-7b75-f4caeb03fbe3","FullyQualifiedName":"SharpMind.Tests.Quantization.HalfToFloatTests.HalfToFloat_Scalar_ReturnsCorrectBits","DisplayName":"SharpMind.Tests.Quantization.HalfToFloatTests.HalfToFloat_Scalar_ReturnsCorrectBits(half: 1, expectedBits: 864026624, _: \"min subnormal\")","ExecutorUri":"executor://xunit/VsTestRunner3/netcore/","Source":"C:\\Integral2u\\source\\repos\\SharpMind\\SharpMind.Tests\\bin\\Debug\\net10.0\\SharpMind.Tests.dll","CodeFilePath":null,"LineNumber":0,"Properties":[{"Key":{"Id":"XunitTestCaseExplicit","Label":"xUnit.net Test Case Explicit Flag","Category":"","Description":"","Attributes":0,"ValueType":"System.Boolean"},"Value":false},{"Key":{"Id":"XunitTestCaseUniqueID","Label":"xUnit.net Test Case Unique ID","Category":"","Description":"","Attributes":0,"ValueType":"System.String"},"Value":"23e1c1dc6ecd77ce55c0a045c5318140e9ca1787"},{"Key":{"Id":"TestCase.ManagedMethod","Label":"ManagedMethod","Category":"","Description":"","Attributes":1,"ValueType":"System.String"},"Value":"HalfToFloat_Scalar_ReturnsCorrectBits"},{"Key":{"Id":"TestCase.ManagedType","Label":"ManagedType","Category":"","Description":"","Attributes":1,"ValueType":"System.String"},"Value":"SharpMind.Tests.Quantization.HalfToFloatTests"}]},"Attachments":[],"Outcome":1,"ErrorMessage":null,"ErrorStackTrace":null,"DisplayName":"SharpMind.Tests.Quantization.HalfToFloatTests.HalfToFloat_Scalar_ReturnsCorrectBits(half: 1, expectedBits: 864026624, _: \"min subnormal\")","Messages":[],"ComputerName":"LAPTOP-MKMTSO1B","Duration":"00:00:00.0010007","StartTime":"2026-07-20T06:09:09.8413767+00:00","EndTime":"2026-07-20T06:09:09.8427609+00:00","Properties":[]},{"TestCase":{"Id":"612f7162-9934-706f-7ab4-d47341d26055","FullyQualifiedName":"SharpMind.Tests.Quantization.HalfToFloatTests.HalfToFloat_Scalar_ReturnsCorrectBits","DisplayName":"SharpMind.Tests.Quantization.HalfToFloatTests.HalfToFloat_Scalar_ReturnsCorrectBits(half: 15360, expectedBits: 1065353216, _: \"1.0\")","ExecutorUri":"executor://xunit/VsTestRunner3/netcore/","Source":"C:\\Integral2u\\source\\repos\\SharpMind\\SharpMind.Tests\\bin\\Debug\\net10.0\\SharpMind.Tests.dll","CodeFilePath":null,"LineNumber":0,"Properties":[{"Key":{"Id":"XunitTestCaseExplicit","Label":"xUnit.net Test Case Explicit Flag","Category":"","Description":"","Attributes":0,"ValueType":"System.Boolean"},"Value":false},{"Key":{"Id":"XunitTestCaseUniqueID","Label":"xUnit.net Test Case Unique ID","Category":"","Description":"","Attributes":0,"ValueType":"System.String"},"Value":"37bd60e6d8dd38bb304618a57e98ca83d29abb3d"},{"Key":{"Id":"TestCase.ManagedMethod","Label":"ManagedMethod","Category":"","Description":"","Attributes":1,"ValueType":"System.String"},"Value":"HalfToFloat_Scalar_ReturnsCorrectBits"},{"Key":{"Id":"TestCase.ManagedType","Label":"ManagedType","Category":"","Description":"","Attributes":1,"ValueType":"System.String"},"Value":"SharpMind.Tests.Quantization.HalfToFloatTests"}]},"Attachments":[],"Outcome":1,"ErrorMessage":null,"ErrorStackTrace":null,"DisplayName":"SharpMind.Tests.Quantization.HalfToFloatTests.HalfToFloat_Scalar_ReturnsCorrectBits(half: 15360, expectedBits: 1065353216, _: \"1.0\")","Messages":[],"ComputerName":"LAPTOP-MKMTSO1B","Duration":"00:00:00.0000262","StartTime":"2026-07-20T06:09:09.8435442+00:00","EndTime":"2026-07-20T06:09:09.843706+00:00","Properties":[]},{"TestCase":{"Id":"bf81b800-34c2-f423-67b5-34522b50b012","FullyQualifiedName":"SharpMind.Tests.Quantization.HalfToFloatTests.HalfToFloat_Scalar_ReturnsCorrectBits","DisplayName":"SharpMind.Tests.Quantization.HalfToFloatTests.HalfToFloat_Scalar_ReturnsCorrectBits(half: 1023, expectedBits: 947896320, _: \"max subnormal\")","ExecutorUri":"executor://xunit/VsTestRunner3/netcore/","Source":"C:\\Integral2u\\source\\repos\\SharpMind\\SharpMind.Tests\\bin\\Debug\\net10.0\\SharpMind.Tests.dll","CodeFilePath":null,"LineNumber":0,"Properties":[{"Key":{"Id":"XunitTestCaseExplicit","Label":"xUnit.net Test Case Explicit Flag","Category":"","Description":"","Attributes":0,"ValueType":"System.Boolean"},"Value":false},{"Key":{"Id":"XunitTestCaseUniqueID","Label":"xUnit.net Test Case Unique ID","Category":"","Description":"","Attributes":0,"ValueType":"System.String"},"Value":"395efc6a74b39ab746236c457fb5eb75babc758c"},{"Key":{"Id":"TestCase.ManagedMethod","Label":"ManagedMethod","Category":"","Description":"","Attributes":1,"ValueType":"System.String"},"Value":"HalfToFloat_Scalar_ReturnsCorrectBits"},{"Key":{"Id":"TestCase.ManagedType","Label":"ManagedType","Category":"","Description":"","Attributes":1,"ValueType":"System.String"},"Value":"SharpMind.Tests.Quantization.HalfToFloatTests"}]},"Attachments":[],"Outcome":1,"ErrorMessage":null,"ErrorStackTrace":null,"DisplayName":"SharpMind.Tests.Quantization.HalfToFloatTests.HalfToFloat_Scalar_ReturnsCorrectBits(half: 1023, expectedBits: 947896320, _: \"max subnormal\")","Messages":[],"ComputerName":"LAPTOP-MKMTSO1B","Duration":"00:00:00.0000095","StartTime":"2026-07-20T06:09:09.8443111+00:00","EndTime":"2026-07-20T06:09:09.844459+00:00","Properties":[]},{"TestCase":{"Id":"5fb11e75-c2e5-07d8-7f34-4557303014c2","FullyQualifiedName":"SharpMind.Tests.Quantization.HalfToFloatTests.HalfToFloat_Scalar_ReturnsCorrectBits","DisplayName":"SharpMind.Tests.Quantization.HalfToFloatTests.HalfToFloat_Scalar_ReturnsCorrectBits(half: 32768, expectedBits: 2147483648, _: \"-0\")","ExecutorUri":"executor://xunit/VsTestRunner3/netcore/","Source":"C:\\Integral2u\\source\\repos\\SharpMind\\SharpMind.Tests\\bin\\Debug\\net10.0\\SharpMind.Tests.dll","CodeFilePath":null,"LineNumber":0,"Properties":[{"Key":{"Id":"XunitTestCaseExplicit","Label":"xUnit.net Test Case Explicit Flag","Category":"","Description":"","Attributes":0,"ValueType":"System.Boolean"},"Value":false},{"Key":{"Id":"XunitTestCaseUniqueID","Label":"xUnit.net Test Case Unique ID","Category":"","Description":"","Attributes":0,"ValueType":"System.String"},"Value":"8612f6db2b8605865213c93f114a62b8a8d7fb75"},{"Key":{"Id":"TestCase.ManagedMethod","Label":"ManagedMethod","Category":"","Description":"","Attributes":1,"ValueType":"System.String"},"Value":"HalfToFloat_Scalar_ReturnsCorrectBits"},{"Key":{"Id":"TestCase.ManagedType","Label":"ManagedType","Category":"","Description":"","Attributes":1,"ValueType":"System.String"},"Value":"SharpMind.Tests.Quantization.HalfToFloatTests"}]},"Attachments":[],"Outcome":1,"ErrorMessage":null,"ErrorStackTrace":null,"DisplayName":"SharpMind.Tests.Quantization.HalfToFloatTests.HalfToFloat_Scalar_ReturnsCorrectBits(half: 32768, expectedBits: 2147483648, _: \"-0\")","Messages":[],"ComputerName":"LAPTOP-MKMTSO1B","Duration":"00:00:00.0000094","StartTime":"2026-07-20T06:09:09.8450168+00:00","EndTime":"2026-07-20T06:09:09.845193+00:00","Properties":[]}],"TestRunStatistics":{"ExecutedTests":57,"Stats":{"Passed":57}},"ActiveTests":[{"Id":"39110929-b75b-2b8d-cb10-b1f20c8b1dd2","FullyQualifiedName":"SharpMind.Tests.Quantization.HalfToFloatTests.HalfToFloat_Scalar_ReturnsCorrectBits","DisplayName":"SharpMind.Tests.Quantization.HalfToFloatTests.HalfToFloat_Scalar_ReturnsCorrectBits(half: 31743, expectedBits: 1199562752, _: \"max normal\")","ExecutorUri":"executor://xunit/VsTestRunner3/netcore/","Source":"C:\\Integral2u\\source\\repos\\SharpMind\\SharpMind.Tests\\bin\\Debug\\net10.0\\SharpMind.Tests.dll","CodeFilePath":null,"LineNumber":0,"Properties":[{"Key":{"Id":"XunitTestCaseExplicit","Label":"xUnit.net Test Case Explicit Flag","Category":"","Description":"","Attributes":0,"ValueType":"System.Boolean"},"Value":false},{"Key":{"Id":"XunitTestCaseUniqueID","Label":"xUnit.net Test Case Unique ID","Category":"","Description":"","Attributes":0,"ValueType":"System.String"},"Value":"87a853189516f34ebcdc56c113c9a5896e2a41e2"},{"Key":{"Id":"TestCase.ManagedMethod","Label":"ManagedMethod","Category":"","Description":"","Attributes":1,"ValueType":"System.String"},"Value":"HalfToFloat_Scalar_ReturnsCorrectBits"},{"Key":{"Id":"TestCase.ManagedType","Label":"ManagedType","Category":"","Description":"","Attributes":1,"ValueType":"System.String"},"Value":"SharpMind.Tests.Quantization.HalfToFloatTests"}]}]}}
TpTrace Verbose: 0 : 14588, 7, 2026/07/20, 18:09:09.852, 391387272924, vstest.console.dll, TestRunRequest:SendTestRunStatsChange: Starting.
TpTrace Verbose: 0 : 14588, 7, 2026/07/20, 18:09:09.853, 391387274260, vstest.console.dll, InProgress is SharpMind.Tests.Quantization.HalfToFloatTests.HalfToFloat_Scalar_ReturnsCorrectBits(half: 31743, expectedBits: 1199562752, _: "max normal")
TpTrace Verbose: 0 : 14588, 7, 2026/07/20, 18:09:09.853, 391387275385, vstest.console.dll, MulticastDelegateUtilities.SafeInvoke: TestRun.RunStatsChanged: Invoking callbacks was skipped because there are no subscribers.
TpTrace Information: 0 : 14588, 7, 2026/07/20, 18:09:09.853, 391387276051, vstest.console.dll, TestRunRequest:SendTestRunStatsChange: Completed.
TpTrace Verbose: 0 : 14588, 4, 2026/07/20, 18:09:09.853, 391387276253, vstest.console.dll, MulticastDelegateUtilities.SafeInvoke: InternalTestLoggerEvents.SendTestResult: Invoking callback 1/1 for Microsoft.VisualStudio.TestPlatform.CommandLine.Internal.ConsoleLogger., took 0 ms.
TpTrace Verbose: 0 : 14588, 7, 2026/07/20, 18:09:09.853, 391387276693, vstest.console.dll, MulticastDelegateUtilities.SafeInvoke: LengthPrefixCommunicationChannel: MessageReceived: Invoking callback 1/1 for Microsoft.VisualStudio.TestPlatform.CommunicationUtilities.TestRequestSender+<>c__DisplayClass34_0., took 4 ms.
TpTrace Verbose: 0 : 14588, 4, 2026/07/20, 18:09:09.853, 391387277620, vstest.console.dll, MulticastDelegateUtilities.SafeInvoke: InternalTestLoggerEvents.SendTestResult: Invoking callback 1/1 for Microsoft.VisualStudio.TestPlatform.CommandLine.Internal.ConsoleLogger., took 0 ms.
TpTrace Verbose: 0 : 14588, 7, 2026/07/20, 18:09:09.853, 391387278152, vstest.console.dll, TcpClientExtensions.MessageLoopAsync: Polling on remoteEndPoint: 127.0.0.1:56030 localEndPoint: 127.0.0.1:56028 after 30 ms
TpTrace Verbose: 0 : 14588, 4, 2026/07/20, 18:09:09.853, 391387279228, vstest.console.dll, MulticastDelegateUtilities.SafeInvoke: InternalTestLoggerEvents.SendTestResult: Invoking callback 1/1 for Microsoft.VisualStudio.TestPlatform.CommandLine.Internal.ConsoleLogger., took 0 ms.
TpTrace Verbose: 0 : 14588, 4, 2026/07/20, 18:09:09.853, 391387280104, vstest.console.dll, MulticastDelegateUtilities.SafeInvoke: InternalTestLoggerEvents.SendTestResult: Invoking callback 1/1 for Microsoft.VisualStudio.TestPlatform.CommandLine.Internal.ConsoleLogger., took 0 ms.
TpTrace Verbose: 0 : 14588, 4, 2026/07/20, 18:09:09.853, 391387280928, vstest.console.dll, MulticastDelegateUtilities.SafeInvoke: InternalTestLoggerEvents.SendTestResult: Invoking callback 1/1 for Microsoft.VisualStudio.TestPlatform.CommandLine.Internal.ConsoleLogger., took 0 ms.
TpTrace Verbose: 0 : 14588, 4, 2026/07/20, 18:09:09.853, 391387281777, vstest.console.dll, MulticastDelegateUtilities.SafeInvoke: InternalTestLoggerEvents.SendTestResult: Invoking callback 1/1 for Microsoft.VisualStudio.TestPlatform.CommandLine.Internal.ConsoleLogger., took 0 ms.
TpTrace Verbose: 0 : 14588, 4, 2026/07/20, 18:09:09.853, 391387282794, vstest.console.dll, MulticastDelegateUtilities.SafeInvoke: InternalTestLoggerEvents.SendTestResult: Invoking callback 1/1 for Microsoft.VisualStudio.TestPlatform.CommandLine.Internal.ConsoleLogger., took 0 ms.
TpTrace Verbose: 0 : 14588, 4, 2026/07/20, 18:09:09.853, 391387283611, vstest.console.dll, MulticastDelegateUtilities.SafeInvoke: InternalTestLoggerEvents.SendTestResult: Invoking callback 1/1 for Microsoft.VisualStudio.TestPlatform.CommandLine.Internal.ConsoleLogger., took 0 ms.
TpTrace Verbose: 0 : 14588, 4, 2026/07/20, 18:09:09.854, 391387284311, vstest.console.dll, MulticastDelegateUtilities.SafeInvoke: InternalTestLoggerEvents.SendTestResult: Invoking callback 1/1 for Microsoft.VisualStudio.TestPlatform.CommandLine.Internal.ConsoleLogger., took 0 ms.
TpTrace Verbose: 0 : 14588, 7, 2026/07/20, 18:09:09.861, 391387363672, vstest.console.dll, TcpClientExtensions.MessageLoopAsync: NotifyDataAvailable remoteEndPoint: 127.0.0.1:56030 localEndPoint: 127.0.0.1:56028
TpTrace Verbose: 0 : 14588, 7, 2026/07/20, 18:09:09.862, 391387369963, vstest.console.dll, TestRequestSender.OnExecutionMessageReceived: Received message: {"Version":7,"MessageType":"TestExecution.StatsChange","Payload":{"NewTestResults":[{"TestCase":{"Id":"39110929-b75b-2b8d-cb10-b1f20c8b1dd2","FullyQualifiedName":"SharpMind.Tests.Quantization.HalfToFloatTests.HalfToFloat_Scalar_ReturnsCorrectBits","DisplayName":"SharpMind.Tests.Quantization.HalfToFloatTests.HalfToFloat_Scalar_ReturnsCorrectBits(half: 31743, expectedBits: 1199562752, _: \"max normal\")","ExecutorUri":"executor://xunit/VsTestRunner3/netcore/","Source":"C:\\Integral2u\\source\\repos\\SharpMind\\SharpMind.Tests\\bin\\Debug\\net10.0\\SharpMind.Tests.dll","CodeFilePath":null,"LineNumber":0,"Properties":[{"Key":{"Id":"XunitTestCaseExplicit","Label":"xUnit.net Test Case Explicit Flag","Category":"","Description":"","Attributes":0,"ValueType":"System.Boolean"},"Value":false},{"Key":{"Id":"XunitTestCaseUniqueID","Label":"xUnit.net Test Case Unique ID","Category":"","Description":"","Attributes":0,"ValueType":"System.String"},"Value":"87a853189516f34ebcdc56c113c9a5896e2a41e2"},{"Key":{"Id":"TestCase.ManagedMethod","Label":"ManagedMethod","Category":"","Description":"","Attributes":1,"ValueType":"System.String"},"Value":"HalfToFloat_Scalar_ReturnsCorrectBits"},{"Key":{"Id":"TestCase.ManagedType","Label":"ManagedType","Category":"","Description":"","Attributes":1,"ValueType":"System.String"},"Value":"SharpMind.Tests.Quantization.HalfToFloatTests"}]},"Attachments":[],"Outcome":1,"ErrorMessage":null,"ErrorStackTrace":null,"DisplayName":"SharpMind.Tests.Quantization.HalfToFloatTests.HalfToFloat_Scalar_ReturnsCorrectBits(half: 31743, expectedBits: 1199562752, _: \"max normal\")","Messages":[],"ComputerName":"LAPTOP-MKMTSO1B","Duration":"00:00:00.0000085","StartTime":"2026-07-20T06:09:09.8486248+00:00","EndTime":"2026-07-20T06:09:09.8487757+00:00","Properties":[]},{"TestCase":{"Id":"9558e300-5cba-aaad-5cb7-84e178fb498a","FullyQualifiedName":"SharpMind.Tests.Quantization.HalfToFloatTests.HalfToFloat_Scalar_ReturnsCorrectBits","DisplayName":"SharpMind.Tests.Quantization.HalfToFloatTests.HalfToFloat_Scalar_ReturnsCorrectBits(half: 14336, expectedBits: 1056964608, _: \"0.5\")","ExecutorUri":"executor://xunit/VsTestRunner3/netcore/","Source":"C:\\Integral2u\\source\\repos\\SharpMind\\SharpMind.Tests\\bin\\Debug\\net10.0\\SharpMind.Tests.dll","CodeFilePath":null,"LineNumber":0,"Properties":[{"Key":{"Id":"XunitTestCaseExplicit","Label":"xUnit.net Test Case Explicit Flag","Category":"","Description":"","Attributes":0,"ValueType":"System.Boolean"},"Value":false},{"Key":{"Id":"XunitTestCaseUniqueID","Label":"xUnit.net Test Case Unique ID","Category":"","Description":"","Attributes":0,"ValueType":"System.String"},"Value":"88faab731b2d63fc9a145af7071e1e1a68258614"},{"Key":{"Id":"TestCase.ManagedMethod","Label":"ManagedMethod","Category":"","Description":"","Attributes":1,"ValueType":"System.String"},"Value":"HalfToFloat_Scalar_ReturnsCorrectBits"},{"Key":{"Id":"TestCase.ManagedType","Label":"ManagedType","Category":"","Description":"","Attributes":1,"ValueType":"System.String"},"Value":"SharpMind.Tests.Quantization.HalfToFloatTests"}]},"Attachments":[],"Outcome":1,"ErrorMessage":null,"ErrorStackTrace":null,"DisplayName":"SharpMind.Tests.Quantization.HalfToFloatTests.HalfToFloat_Scalar_ReturnsCorrectBits(half: 14336, expectedBits: 1056964608, _: \"0.5\")","Messages":[],"ComputerName":"LAPTOP-MKMTSO1B","Duration":"00:00:00.0000083","StartTime":"2026-07-20T06:09:09.8497325+00:00","EndTime":"2026-07-20T06:09:09.8498622+00:00","Properties":[]},{"TestCase":{"Id":"f8a4e0c8-b5bd-ed9d-b3f2-1d186b9c095c","FullyQualifiedName":"SharpMind.Tests.Quantization.HalfToFloatTests.HalfToFloat_Scalar_ReturnsCorrectBits","DisplayName":"SharpMind.Tests.Quantization.HalfToFloatTests.HalfToFloat_Scalar_ReturnsCorrectBits(half: 26623, expectedBits: 1157619712, _: \"large normal\")","ExecutorUri":"executor://xunit/VsTestRunner3/netcore/","Source":"C:\\Integral2u\\source\\repos\\SharpMind\\SharpMind.Tests\\bin\\Debug\\net10.0\\SharpMind.Tests.dll","CodeFilePath":null,"LineNumber":0,"Properties":[{"Key":{"Id":"XunitTestCaseExplicit","Label":"xUnit.net Test Case Explicit Flag","Category":"","Description":"","Attributes":0,"ValueType":"System.Boolean"},"Value":false},{"Key":{"Id":"XunitTestCaseUniqueID","Label":"xUnit.net Test Case Unique ID","Category":"","Description":"","Attributes":0,"ValueType":"System.String"},"Value":"940dd5be74a54a364e7e5faa7b4a4be1c48a4299"},{"Key":{"Id":"TestCase.ManagedMethod","Label":"ManagedMethod","Category":"","Description":"","Attributes":1,"ValueType":"System.String"},"Value":"HalfToFloat_Scalar_ReturnsCorrectBits"},{"Key":{"Id":"TestCase.ManagedType","Label":"ManagedType","Category":"","Description":"","Attributes":1,"ValueType":"System.String"},"Value":"SharpMind.Tests.Quantization.HalfToFloatTests"}]},"Attachments":[],"Outcome":1,"ErrorMessage":null,"ErrorStackTrace":null,"DisplayName":"SharpMind.Tests.Quantization.HalfToFloatTests.HalfToFloat_Scalar_ReturnsCorrectBits(half: 26623, expectedBits: 1157619712, _: \"large normal\")","Messages":[],"ComputerName":"LAPTOP-MKMTSO1B","Duration":"00:00:00.0000094","StartTime":"2026-07-20T06:09:09.8504553+00:00","EndTime":"2026-07-20T06:09:09.8505806+00:00","Properties":[]},{"TestCase":{"Id":"8dc7ad9a-1ab5-d626-551e-77bff629aa1a","FullyQualifiedName":"SharpMind.Tests.Quantization.HalfToFloatTests.HalfToFloat_Scalar_ReturnsCorrectBits","DisplayName":"SharpMind.Tests.Quantization.HalfToFloatTests.HalfToFloat_Scalar_ReturnsCorrectBits(half: 16384, expectedBits: 1073741824, _: \"2.0\")","ExecutorUri":"executor://xunit/VsTestRunner3/netcore/","Source":"C:\\Integral2u\\source\\repos\\SharpMind\\SharpMind.Tests\\bin\\Debug\\net10.0\\SharpMind.Tests.dll","CodeFilePath":null,"LineNumber":0,"Properties":[{"Key":{"Id":"XunitTestCaseExplicit","Label":"xUnit.net Test Case Explicit Flag","Category":"","Description":"","Attributes":0,"ValueType":"System.Boolean"},"Value":false},{"Key":{"Id":"XunitTestCaseUniqueID","Label":"xUnit.net Test Case Unique ID","Category":"","Description":"","Attributes":0,"ValueType":"System.String"},"Value":"df84ebe70d56b7e7d4c538e9a69d74e480b0dd80"},{"Key":{"Id":"TestCase.ManagedMethod","Label":"ManagedMethod","Category":"","Description":"","Attributes":1,"ValueType":"System.String"},"Value":"HalfToFloat_Scalar_ReturnsCorrectBits"},{"Key":{"Id":"TestCase.ManagedType","Label":"ManagedType","Category":"","Description":"","Attributes":1,"ValueType":"System.String"},"Value":"SharpMind.Tests.Quantization.HalfToFloatTests"}]},"Attachments":[],"Outcome":1,"ErrorMessage":null,"ErrorStackTrace":null,"DisplayName":"SharpMind.Tests.Quantization.HalfToFloatTests.HalfToFloat_Scalar_ReturnsCorrectBits(half: 16384, expectedBits: 1073741824, _: \"2.0\")","Messages":[],"ComputerName":"LAPTOP-MKMTSO1B","Duration":"00:00:00.0000094","StartTime":"2026-07-20T06:09:09.8511778+00:00","EndTime":"2026-07-20T06:09:09.8513025+00:00","Properties":[]},{"TestCase":{"Id":"29c93075-3ec8-9255-2c02-a1497a2f6928","FullyQualifiedName":"SharpMind.Tests.Quantization.HalfToFloatTests.HalfToFloat_Scalar_ReturnsCorrectBits","DisplayName":"SharpMind.Tests.Quantization.HalfToFloatTests.HalfToFloat_Scalar_ReturnsCorrectBits(half: 48128, expectedBits: 3212836864, _: \"-1.0\")","ExecutorUri":"executor://xunit/VsTestRunner3/netcore/","Source":"C:\\Integral2u\\source\\repos\\SharpMind\\SharpMind.Tests\\bin\\Debug\\net10.0\\SharpMind.Tests.dll","CodeFilePath":null,"LineNumber":0,"Properties":[{"Key":{"Id":"XunitTestCaseExplicit","Label":"xUnit.net Test Case Explicit Flag","Category":"","Description":"","Attributes":0,"ValueType":"System.Boolean"},"Value":false},{"Key":{"Id":"XunitTestCaseUniqueID","Label":"xUnit.net Test Case Unique ID","Category":"","Description":"","Attributes":0,"ValueType":"System.String"},"Value":"e07f7f1d3aa1f343156d065463ffe72864488427"},{"Key":{"Id":"TestCase.ManagedMethod","Label":"ManagedMethod","Category":"","Description":"","Attributes":1,"ValueType":"System.String"},"Value":"HalfToFloat_Scalar_ReturnsCorrectBits"},{"Key":{"Id":"TestCase.ManagedType","Label":"ManagedType","Category":"","Description":"","Attributes":1,"ValueType":"System.String"},"Value":"SharpMind.Tests.Quantization.HalfToFloatTests"}]},"Attachments":[],"Outcome":1,"ErrorMessage":null,"ErrorStackTrace":null,"DisplayName":"SharpMind.Tests.Quantization.HalfToFloatTests.HalfToFloat_Scalar_ReturnsCorrectBits(half: 48128, expectedBits: 3212836864, _: \"-1.0\")","Messages":[],"ComputerName":"LAPTOP-MKMTSO1B","Duration":"00:00:00.0000106","StartTime":"2026-07-20T06:09:09.8518542+00:00","EndTime":"2026-07-20T06:09:09.851979+00:00","Properties":[]},{"TestCase":{"Id":"2056d6db-d4a0-791d-8181-c4c12643a8c6","FullyQualifiedName":"SharpMind.Tests.Quantization.HalfToFloatTests.HalfToFloat_Scalar_ReturnsCorrectBits","DisplayName":"SharpMind.Tests.Quantization.HalfToFloatTests.HalfToFloat_Scalar_ReturnsCorrectBits(half: 6485, expectedBits: 992649216, _: \"arbitrary normal\")","ExecutorUri":"executor://xunit/VsTestRunner3/netcore/","Source":"C:\\Integral2u\\source\\repos\\SharpMind\\SharpMind.Tests\\bin\\Debug\\net10.0\\SharpMind.Tests.dll","CodeFilePath":null,"LineNumber":0,"Properties":[{"Key":{"Id":"XunitTestCaseExplicit","Label":"xUnit.net Test Case Explicit Flag","Category":"","Description":"","Attributes":0,"ValueType":"System.Boolean"},"Value":false},{"Key":{"Id":"XunitTestCaseUniqueID","Label":"xUnit.net Test Case Unique ID","Category":"","Description":"","Attributes":0,"ValueType":"System.String"},"Value":"f48fc543af736d21cdfc5126c7158aa0f59e1b8b"},{"Key":{"Id":"TestCase.ManagedMethod","Label":"ManagedMethod","Category":"","Description":"","Attributes":1,"ValueType":"System.String"},"Value":"HalfToFloat_Scalar_ReturnsCorrectBits"},{"Key":{"Id":"TestCase.ManagedType","Label":"ManagedType","Category":"","Description":"","Attributes":1,"ValueType":"System.String"},"Value":"SharpMind.Tests.Quantization.HalfToFloatTests"}]},"Attachments":[],"Outcome":1,"ErrorMessage":null,"ErrorStackTrace":null,"DisplayName":"SharpMind.Tests.Quantization.HalfToFloatTests.HalfToFloat_Scalar_ReturnsCorrectBits(half: 6485, expectedBits: 992649216, _: \"arbitrary normal\")","Messages":[],"ComputerName":"LAPTOP-MKMTSO1B","Duration":"00:00:00.0000097","StartTime":"2026-07-20T06:09:09.8525264+00:00","EndTime":"2026-07-20T06:09:09.85266+00:00","Properties":[]},{"TestCase":{"Id":"5d4b66ec-ca45-de57-e643-95add498b0dd","FullyQualifiedName":"SharpMind.Tests.Quantization.HalfToFloatTests.HalfToFloat_Scalar_ReturnsCorrectBits","DisplayName":"SharpMind.Tests.Quantization.HalfToFloatTests.HalfToFloat_Scalar_ReturnsCorrectBits(half: 0, expectedBits: 0, _: \"+0\")","ExecutorUri":"executor://xunit/VsTestRunner3/netcore/","Source":"C:\\Integral2u\\source\\repos\\SharpMind\\SharpMind.Tests\\bin\\Debug\\net10.0\\SharpMind.Tests.dll","CodeFilePath":null,"LineNumber":0,"Properties":[{"Key":{"Id":"XunitTestCaseExplicit","Label":"xUnit.net Test Case Explicit Flag","Category":"","Description":"","Attributes":0,"ValueType":"System.Boolean"},"Value":false},{"Key":{"Id":"XunitTestCaseUniqueID","Label":"xUnit.net Test Case Unique ID","Category":"","Description":"","Attributes":0,"ValueType":"System.String"},"Value":"fe949dac89d455b8aa488ae1bb002b33909d7aed"},{"Key":{"Id":"TestCase.ManagedMethod","Label":"ManagedMethod","Category":"","Description":"","Attributes":1,"ValueType":"System.String"},"Value":"HalfToFloat_Scalar_ReturnsCorrectBits"},{"Key":{"Id":"TestCase.ManagedType","Label":"ManagedType","Category":"","Description":"","Attributes":1,"ValueType":"System.String"},"Value":"SharpMind.Tests.Quantization.HalfToFloatTests"}]},"Attachments":[],"Outcome":1,"ErrorMessage":null,"ErrorStackTrace":null,"DisplayName":"SharpMind.Tests.Quantization.HalfToFloatTests.HalfToFloat_Scalar_ReturnsCorrectBits(half: 0, expectedBits: 0, _: \"+0\")","Messages":[],"ComputerName":"LAPTOP-MKMTSO1B","Duration":"00:00:00.0000087","StartTime":"2026-07-20T06:09:09.8533588+00:00","EndTime":"2026-07-20T06:09:09.8534981+00:00","Properties":[]},{"TestCase":{"Id":"d3452a15-131b-dc07-4480-48b8564facfd","FullyQualifiedName":"SharpMind.Tests.Quantization.HalfToFloatTests.FloatToHalf_Scalar_ReturnsCorrectBits","DisplayName":"SharpMind.Tests.Quantization.HalfToFloatTests.FloatToHalf_Scalar_ReturnsCorrectBits(floatBits: 1056964608, expectedHalf: 14336, _: \"0.5\")","ExecutorUri":"executor://xunit/VsTestRunner3/netcore/","Source":"C:\\Integral2u\\source\\repos\\SharpMind\\SharpMind.Tests\\bin\\Debug\\net10.0\\SharpMind.Tests.dll","CodeFilePath":null,"LineNumber":0,"Properties":[{"Key":{"Id":"XunitTestCaseExplicit","Label":"xUnit.net Test Case Explicit Flag","Category":"","Description":"","Attributes":0,"ValueType":"System.Boolean"},"Value":false},{"Key":{"Id":"XunitTestCaseUniqueID","Label":"xUnit.net Test Case Unique ID","Category":"","Description":"","Attributes":0,"ValueType":"System.String"},"Value":"109fe35215da26b51c4fe67c2564240b2e256d94"},{"Key":{"Id":"TestCase.ManagedMethod","Label":"ManagedMethod","Category":"","Description":"","Attributes":1,"ValueType":"System.String"},"Value":"FloatToHalf_Scalar_ReturnsCorrectBits"},{"Key":{"Id":"TestCase.ManagedType","Label":"ManagedType","Category":"","Description":"","Attributes":1,"ValueType":"System.String"},"Value":"SharpMind.Tests.Quantization.HalfToFloatTests"}]},"Attachments":[],"Outcome":1,"ErrorMessage":null,"ErrorStackTrace":null,"DisplayName":"SharpMind.Tests.Quantization.HalfToFloatTests.FloatToHalf_Scalar_ReturnsCorrectBits(floatBits: 1056964608, expectedHalf: 14336, _: \"0.5\")","Messages":[],"ComputerName":"LAPTOP-MKMTSO1B","Duration":"00:00:00.0123570","StartTime":"2026-07-20T06:09:09.8542805+00:00","EndTime":"2026-07-20T06:09:09.8559614+00:00","Properties":[]},{"TestCase":{"Id":"597c1f1c-a696-ec9b-be43-21d25285df22","FullyQualifiedName":"SharpMind.Tests.Quantization.HalfToFloatTests.FloatToHalf_Scalar_ReturnsCorrectBits","DisplayName":"SharpMind.Tests.Quantization.HalfToFloatTests.FloatToHalf_Scalar_ReturnsCorrectBits(floatBits: 1199562752, expectedHalf: 31743, _: \"max normal\")","ExecutorUri":"executor://xunit/VsTestRunner3/netcore/","Source":"C:\\Integral2u\\source\\repos\\SharpMind\\SharpMind.Tests\\bin\\Debug\\net10.0\\SharpMind.Tests.dll","CodeFilePath":null,"LineNumber":0,"Properties":[{"Key":{"Id":"XunitTestCaseExplicit","Label":"xUnit.net Test Case Explicit Flag","Category":"","Description":"","Attributes":0,"ValueType":"System.Boolean"},"Value":false},{"Key":{"Id":"XunitTestCaseUniqueID","Label":"xUnit.net Test Case Unique ID","Category":"","Description":"","Attributes":0,"ValueType":"System.String"},"Value":"2976298ea566596402972114d8d788f19ad3955b"},{"Key":{"Id":"TestCase.ManagedMethod","Label":"ManagedMethod","Category":"","Description":"","Attributes":1,"ValueType":"System.String"},"Value":"FloatToHalf_Scalar_ReturnsCorrectBits"},{"Key":{"Id":"TestCase.ManagedType","Label":"ManagedType","Category":"","Description":"","Attributes":1,"ValueType":"System.String"},"Value":"SharpMind.Tests.Quantization.HalfToFloatTests"}]},"Attachments":[],"Outcome":1,"ErrorMessage":null,"ErrorStackTrace":null,"DisplayName":"SharpMind.Tests.Quantization.HalfToFloatTests.FloatToHalf_Scalar_ReturnsCorrectBits(floatBits: 1199562752, expectedHalf: 31743, _: \"max normal\")","Messages":[],"ComputerName":"LAPTOP-MKMTSO1B","Duration":"00:00:00.0019373","StartTime":"2026-07-20T06:09:09.8567809+00:00","EndTime":"2026-07-20T06:09:09.8580623+00:00","Properties":[]}],"TestRunStatistics":{"ExecutedTests":66,"Stats":{"Passed":66}},"ActiveTests":[{"Id":"a9a19ba9-3728-34e4-c824-64df27ec2b02","FullyQualifiedName":"SharpMind.Tests.Quantization.HalfToFloatTests.FloatToHalf_Scalar_ReturnsCorrectBits","DisplayName":"SharpMind.Tests.Quantization.HalfToFloatTests.FloatToHalf_Scalar_ReturnsCorrectBits(floatBits: 2147483648, expectedHalf: 32768, _: \"-0\")","ExecutorUri":"executor://xunit/VsTestRunner3/netcore/","Source":"C:\\Integral2u\\source\\repos\\SharpMind\\SharpMind.Tests\\bin\\Debug\\net10.0\\SharpMind.Tests.dll","CodeFilePath":null,"LineNumber":0,"Properties":[{"Key":{"Id":"XunitTestCaseExplicit","Label":"xUnit.net Test Case Explicit Flag","Category":"","Description":"","Attributes":0,"ValueType":"System.Boolean"},"Value":false},{"Key":{"Id":"XunitTestCaseUniqueID","Label":"xUnit.net Test Case Unique ID","Category":"","Description":"","Attributes":0,"ValueType":"System.String"},"Value":"56c3f9029f0ffcc2477123f08dc7b066c033ac04"},{"Key":{"Id":"TestCase.ManagedMethod","Label":"ManagedMethod","Category":"","Description":"","Attributes":1,"ValueType":"System.String"},"Value":"FloatToHalf_Scalar_ReturnsCorrectBits"},{"Key":{"Id":"TestCase.ManagedType","Label":"ManagedType","Category":"","Description":"","Attributes":1,"ValueType":"System.String"},"Value":"SharpMind.Tests.Quantization.HalfToFloatTests"}]}]}}
TpTrace Verbose: 0 : 14588, 7, 2026/07/20, 18:09:09.866, 391387409542, vstest.console.dll, TestRunRequest:SendTestRunStatsChange: Starting.
TpTrace Verbose: 0 : 14588, 7, 2026/07/20, 18:09:09.866, 391387410842, vstest.console.dll, InProgress is SharpMind.Tests.Quantization.HalfToFloatTests.FloatToHalf_Scalar_ReturnsCorrectBits(floatBits: 2147483648, expectedHalf: 32768, _: "-0")
TpTrace Verbose: 0 : 14588, 7, 2026/07/20, 18:09:09.866, 391387411842, vstest.console.dll, MulticastDelegateUtilities.SafeInvoke: TestRun.RunStatsChanged: Invoking callbacks was skipped because there are no subscribers.
TpTrace Information: 0 : 14588, 7, 2026/07/20, 18:09:09.866, 391387412399, vstest.console.dll, TestRunRequest:SendTestRunStatsChange: Completed.
TpTrace Verbose: 0 : 14588, 4, 2026/07/20, 18:09:09.866, 391387412503, vstest.console.dll, MulticastDelegateUtilities.SafeInvoke: InternalTestLoggerEvents.SendTestResult: Invoking callback 1/1 for Microsoft.VisualStudio.TestPlatform.CommandLine.Internal.ConsoleLogger., took 0 ms.
TpTrace Verbose: 0 : 14588, 7, 2026/07/20, 18:09:09.866, 391387412885, vstest.console.dll, MulticastDelegateUtilities.SafeInvoke: LengthPrefixCommunicationChannel: MessageReceived: Invoking callback 1/1 for Microsoft.VisualStudio.TestPlatform.CommunicationUtilities.TestRequestSender+<>c__DisplayClass34_0., took 4 ms.
TpTrace Verbose: 0 : 14588, 4, 2026/07/20, 18:09:09.866, 391387413799, vstest.console.dll, MulticastDelegateUtilities.SafeInvoke: InternalTestLoggerEvents.SendTestResult: Invoking callback 1/1 for Microsoft.VisualStudio.TestPlatform.CommandLine.Internal.ConsoleLogger., took 0 ms.
TpTrace Verbose: 0 : 14588, 7, 2026/07/20, 18:09:09.866, 391387414124, vstest.console.dll, TcpClientExtensions.MessageLoopAsync: Polling on remoteEndPoint: 127.0.0.1:56030 localEndPoint: 127.0.0.1:56028 after 13 ms
TpTrace Verbose: 0 : 14588, 4, 2026/07/20, 18:09:09.867, 391387415110, vstest.console.dll, MulticastDelegateUtilities.SafeInvoke: InternalTestLoggerEvents.SendTestResult: Invoking callback 1/1 for Microsoft.VisualStudio.TestPlatform.CommandLine.Internal.ConsoleLogger., took 0 ms.
TpTrace Verbose: 0 : 14588, 4, 2026/07/20, 18:09:09.867, 391387416446, vstest.console.dll, MulticastDelegateUtilities.SafeInvoke: InternalTestLoggerEvents.SendTestResult: Invoking callback 1/1 for Microsoft.VisualStudio.TestPlatform.CommandLine.Internal.ConsoleLogger., took 0 ms.
TpTrace Verbose: 0 : 14588, 4, 2026/07/20, 18:09:09.867, 391387417257, vstest.console.dll, MulticastDelegateUtilities.SafeInvoke: InternalTestLoggerEvents.SendTestResult: Invoking callback 1/1 for Microsoft.VisualStudio.TestPlatform.CommandLine.Internal.ConsoleLogger., took 0 ms.
TpTrace Verbose: 0 : 14588, 4, 2026/07/20, 18:09:09.867, 391387418237, vstest.console.dll, MulticastDelegateUtilities.SafeInvoke: InternalTestLoggerEvents.SendTestResult: Invoking callback 1/1 for Microsoft.VisualStudio.TestPlatform.CommandLine.Internal.ConsoleLogger., took 0 ms.
TpTrace Verbose: 0 : 14588, 4, 2026/07/20, 18:09:09.867, 391387419009, vstest.console.dll, MulticastDelegateUtilities.SafeInvoke: InternalTestLoggerEvents.SendTestResult: Invoking callback 1/1 for Microsoft.VisualStudio.TestPlatform.CommandLine.Internal.ConsoleLogger., took 0 ms.
TpTrace Verbose: 0 : 14588, 4, 2026/07/20, 18:09:09.867, 391387419871, vstest.console.dll, MulticastDelegateUtilities.SafeInvoke: InternalTestLoggerEvents.SendTestResult: Invoking callback 1/1 for Microsoft.VisualStudio.TestPlatform.CommandLine.Internal.ConsoleLogger., took 0 ms.
TpTrace Verbose: 0 : 14588, 4, 2026/07/20, 18:09:09.867, 391387420614, vstest.console.dll, MulticastDelegateUtilities.SafeInvoke: InternalTestLoggerEvents.SendTestResult: Invoking callback 1/1 for Microsoft.VisualStudio.TestPlatform.CommandLine.Internal.ConsoleLogger., took 0 ms.
TpTrace Verbose: 0 : 14588, 7, 2026/07/20, 18:09:09.883, 391387578478, vstest.console.dll, TcpClientExtensions.MessageLoopAsync: NotifyDataAvailable remoteEndPoint: 127.0.0.1:56030 localEndPoint: 127.0.0.1:56028
TpTrace Verbose: 0 : 14588, 7, 2026/07/20, 18:09:09.883, 391387583319, vstest.console.dll, TestRequestSender.OnExecutionMessageReceived: Received message: {"Version":7,"MessageType":"TestExecution.StatsChange","Payload":{"NewTestResults":[{"TestCase":{"Id":"a9a19ba9-3728-34e4-c824-64df27ec2b02","FullyQualifiedName":"SharpMind.Tests.Quantization.HalfToFloatTests.FloatToHalf_Scalar_ReturnsCorrectBits","DisplayName":"SharpMind.Tests.Quantization.HalfToFloatTests.FloatToHalf_Scalar_ReturnsCorrectBits(floatBits: 2147483648, expectedHalf: 32768, _: \"-0\")","ExecutorUri":"executor://xunit/VsTestRunner3/netcore/","Source":"C:\\Integral2u\\source\\repos\\SharpMind\\SharpMind.Tests\\bin\\Debug\\net10.0\\SharpMind.Tests.dll","CodeFilePath":null,"LineNumber":0,"Properties":[{"Key":{"Id":"XunitTestCaseExplicit","Label":"xUnit.net Test Case Explicit Flag","Category":"","Description":"","Attributes":0,"ValueType":"System.Boolean"},"Value":false},{"Key":{"Id":"XunitTestCaseUniqueID","Label":"xUnit.net Test Case Unique ID","Category":"","Description":"","Attributes":0,"ValueType":"System.String"},"Value":"56c3f9029f0ffcc2477123f08dc7b066c033ac04"},{"Key":{"Id":"TestCase.ManagedMethod","Label":"ManagedMethod","Category":"","Description":"","Attributes":1,"ValueType":"System.String"},"Value":"FloatToHalf_Scalar_ReturnsCorrectBits"},{"Key":{"Id":"TestCase.ManagedType","Label":"ManagedType","Category":"","Description":"","Attributes":1,"ValueType":"System.String"},"Value":"SharpMind.Tests.Quantization.HalfToFloatTests"}]},"Attachments":[],"Outcome":1,"ErrorMessage":null,"ErrorStackTrace":null,"DisplayName":"SharpMind.Tests.Quantization.HalfToFloatTests.FloatToHalf_Scalar_ReturnsCorrectBits(floatBits: 2147483648, expectedHalf: 32768, _: \"-0\")","Messages":[],"ComputerName":"LAPTOP-MKMTSO1B","Duration":"00:00:00.0000396","StartTime":"2026-07-20T06:09:09.8660354+00:00","EndTime":"2026-07-20T06:09:09.8662116+00:00","Properties":[]},{"TestCase":{"Id":"feee4a3d-e019-660e-9802-9f87b8b1e5ce","FullyQualifiedName":"SharpMind.Tests.Quantization.HalfToFloatTests.FloatToHalf_Scalar_ReturnsCorrectBits","DisplayName":"SharpMind.Tests.Quantization.HalfToFloatTests.FloatToHalf_Scalar_ReturnsCorrectBits(floatBits: 1073741824, expectedHalf: 16384, _: \"2.0\")","ExecutorUri":"executor://xunit/VsTestRunner3/netcore/","Source":"C:\\Integral2u\\source\\repos\\SharpMind\\SharpMind.Tests\\bin\\Debug\\net10.0\\SharpMind.Tests.dll","CodeFilePath":null,"LineNumber":0,"Properties":[{"Key":{"Id":"XunitTestCaseExplicit","Label":"xUnit.net Test Case Explicit Flag","Category":"","Description":"","Attributes":0,"ValueType":"System.Boolean"},"Value":false},{"Key":{"Id":"XunitTestCaseUniqueID","Label":"xUnit.net Test Case Unique ID","Category":"","Description":"","Attributes":0,"ValueType":"System.String"},"Value":"6b8bad8823a01a2092d79ad40a1adc1906ba2aba"},{"Key":{"Id":"TestCase.ManagedMethod","Label":"ManagedMethod","Category":"","Description":"","Attributes":1,"ValueType":"System.String"},"Value":"FloatToHalf_Scalar_ReturnsCorrectBits"},{"Key":{"Id":"TestCase.ManagedType","Label":"ManagedType","Category":"","Description":"","Attributes":1,"ValueType":"System.String"},"Value":"SharpMind.Tests.Quantization.HalfToFloatTests"}]},"Attachments":[],"Outcome":1,"ErrorMessage":null,"ErrorStackTrace":null,"DisplayName":"SharpMind.Tests.Quantization.HalfToFloatTests.FloatToHalf_Scalar_ReturnsCorrectBits(floatBits: 1073741824, expectedHalf: 16384, _: \"2.0\")","Messages":[],"ComputerName":"LAPTOP-MKMTSO1B","Duration":"00:00:00.0000067","StartTime":"2026-07-20T06:09:09.8674883+00:00","EndTime":"2026-07-20T06:09:09.8676429+00:00","Properties":[]},{"TestCase":{"Id":"0fcc7805-11b5-a008-31f7-9bcf33fa9a55","FullyQualifiedName":"SharpMind.Tests.Quantization.HalfToFloatTests.FloatToHalf_Scalar_ReturnsCorrectBits","DisplayName":"SharpMind.Tests.Quantization.HalfToFloatTests.FloatToHalf_Scalar_ReturnsCorrectBits(floatBits: 3212836864, expectedHalf: 48128, _: \"-1.0\")","ExecutorUri":"executor://xunit/VsTestRunner3/netcore/","Source":"C:\\Integral2u\\source\\repos\\SharpMind\\SharpMind.Tests\\bin\\Debug\\net10.0\\SharpMind.Tests.dll","CodeFilePath":null,"LineNumber":0,"Properties":[{"Key":{"Id":"XunitTestCaseExplicit","Label":"xUnit.net Test Case Explicit Flag","Category":"","Description":"","Attributes":0,"ValueType":"System.Boolean"},"Value":false},{"Key":{"Id":"XunitTestCaseUniqueID","Label":"xUnit.net Test Case Unique ID","Category":"","Description":"","Attributes":0,"ValueType":"System.String"},"Value":"ecdf0961827b76d1a4329fcbcbd36ef140b74920"},{"Key":{"Id":"TestCase.ManagedMethod","Label":"ManagedMethod","Category":"","Description":"","Attributes":1,"ValueType":"System.String"},"Value":"FloatToHalf_Scalar_ReturnsCorrectBits"},{"Key":{"Id":"TestCase.ManagedType","Label":"ManagedType","Category":"","Description":"","Attributes":1,"ValueType":"System.String"},"Value":"SharpMind.Tests.Quantization.HalfToFloatTests"}]},"Attachments":[],"Outcome":1,"ErrorMessage":null,"ErrorStackTrace":null,"DisplayName":"SharpMind.Tests.Quantization.HalfToFloatTests.FloatToHalf_Scalar_ReturnsCorrectBits(floatBits: 3212836864, expectedHalf: 48128, _: \"-1.0\")","Messages":[],"ComputerName":"LAPTOP-MKMTSO1B","Duration":"00:00:00.0000074","StartTime":"2026-07-20T06:09:09.8682378+00:00","EndTime":"2026-07-20T06:09:09.8684143+00:00","Properties":[]},{"TestCase":{"Id":"f1e933d4-3617-8dec-4505-f09d45e7f280","FullyQualifiedName":"SharpMind.Tests.Quantization.HalfToFloatTests.FloatToHalf_Scalar_ReturnsCorrectBits","DisplayName":"SharpMind.Tests.Quantization.HalfToFloatTests.FloatToHalf_Scalar_ReturnsCorrectBits(floatBits: 1065353216, expectedHalf: 15360, _: \"1.0\")","ExecutorUri":"executor://xunit/VsTestRunner3/netcore/","Source":"C:\\Integral2u\\source\\repos\\SharpMind\\SharpMind.Tests\\bin\\Debug\\net10.0\\SharpMind.Tests.dll","CodeFilePath":null,"LineNumber":0,"Properties":[{"Key":{"Id":"XunitTestCaseExplicit","Label":"xUnit.net Test Case Explicit Flag","Category":"","Description":"","Attributes":0,"ValueType":"System.Boolean"},"Value":false},{"Key":{"Id":"XunitTestCaseUniqueID","Label":"xUnit.net Test Case Unique ID","Category":"","Description":"","Attributes":0,"ValueType":"System.String"},"Value":"ed0e068defec269c78b8a929bdc810b3f221e812"},{"Key":{"Id":"TestCase.ManagedMethod","Label":"ManagedMethod","Category":"","Description":"","Attributes":1,"ValueType":"System.String"},"Value":"FloatToHalf_Scalar_ReturnsCorrectBits"},{"Key":{"Id":"TestCase.ManagedType","Label":"ManagedType","Category":"","Description":"","Attributes":1,"ValueType":"System.String"},"Value":"SharpMind.Tests.Quantization.HalfToFloatTests"}]},"Attachments":[],"Outcome":1,"ErrorMessage":null,"ErrorStackTrace":null,"DisplayName":"SharpMind.Tests.Quantization.HalfToFloatTests.FloatToHalf_Scalar_ReturnsCorrectBits(floatBits: 1065353216, expectedHalf: 15360, _: \"1.0\")","Messages":[],"ComputerName":"LAPTOP-MKMTSO1B","Duration":"00:00:00.0000078","StartTime":"2026-07-20T06:09:09.8690312+00:00","EndTime":"2026-07-20T06:09:09.8691405+00:00","Properties":[]},{"TestCase":{"Id":"d92bcd04-c599-1ab8-ee6a-4c39e5ec1773","FullyQualifiedName":"SharpMind.Tests.Quantization.HalfToFloatTests.FloatToHalf_Scalar_ReturnsCorrectBits","DisplayName":"SharpMind.Tests.Quantization.HalfToFloatTests.FloatToHalf_Scalar_ReturnsCorrectBits(floatBits: 0, expectedHalf: 0, _: \"+0\")","ExecutorUri":"executor://xunit/VsTestRunner3/netcore/","Source":"C:\\Integral2u\\source\\repos\\SharpMind\\SharpMind.Tests\\bin\\Debug\\net10.0\\SharpMind.Tests.dll","CodeFilePath":null,"LineNumber":0,"Properties":[{"Key":{"Id":"XunitTestCaseExplicit","Label":"xUnit.net Test Case Explicit Flag","Category":"","Description":"","Attributes":0,"ValueType":"System.Boolean"},"Value":false},{"Key":{"Id":"XunitTestCaseUniqueID","Label":"xUnit.net Test Case Unique ID","Category":"","Description":"","Attributes":0,"ValueType":"System.String"},"Value":"f98f8aff0a61c436f9a0012b9c605e267655624b"},{"Key":{"Id":"TestCase.ManagedMethod","Label":"ManagedMethod","Category":"","Description":"","Attributes":1,"ValueType":"System.String"},"Value":"FloatToHalf_Scalar_ReturnsCorrectBits"},{"Key":{"Id":"TestCase.ManagedType","Label":"ManagedType","Category":"","Description":"","Attributes":1,"ValueType":"System.String"},"Value":"SharpMind.Tests.Quantization.HalfToFloatTests"}]},"Attachments":[],"Outcome":1,"ErrorMessage":null,"ErrorStackTrace":null,"DisplayName":"SharpMind.Tests.Quantization.HalfToFloatTests.FloatToHalf_Scalar_ReturnsCorrectBits(floatBits: 0, expectedHalf: 0, _: \"+0\")","Messages":[],"ComputerName":"LAPTOP-MKMTSO1B","Duration":"00:00:00.0000071","StartTime":"2026-07-20T06:09:09.869707+00:00","EndTime":"2026-07-20T06:09:09.8698579+00:00","Properties":[]},{"TestCase":{"Id":"412fbbb3-99c4-a0a8-8150-cb06a44563c8","FullyQualifiedName":"SharpMind.Tests.Quantization.HalfToFloatTests.HalfToFloat_F16C_SubnormalRoundTripBoundary","DisplayName":"SharpMind.Tests.Quantization.HalfToFloatTests.HalfToFloat_F16C_SubnormalRoundTripBoundary","ExecutorUri":"executor://xunit/VsTestRunner3/netcore/","Source":"C:\\Integral2u\\source\\repos\\SharpMind\\SharpMind.Tests\\bin\\Debug\\net10.0\\SharpMind.Tests.dll","CodeFilePath":null,"LineNumber":0,"Properties":[{"Key":{"Id":"XunitTestCaseExplicit","Label":"xUnit.net Test Case Explicit Flag","Category":"","Description":"","Attributes":0,"ValueType":"System.Boolean"},"Value":false},{"Key":{"Id":"XunitTestCaseUniqueID","Label":"xUnit.net Test Case Unique ID","Category":"","Description":"","Attributes":0,"ValueType":"System.String"},"Value":"179a743474cb6f34d7f4ecf1795d62889148985f"},{"Key":{"Id":"TestCase.ManagedMethod","Label":"ManagedMethod","Category":"","Description":"","Attributes":1,"ValueType":"System.String"},"Value":"HalfToFloat_F16C_SubnormalRoundTripBoundary"},{"Key":{"Id":"TestCase.ManagedType","Label":"ManagedType","Category":"","Description":"","Attributes":1,"ValueType":"System.String"},"Value":"SharpMind.Tests.Quantization.HalfToFloatTests"}]},"Attachments":[],"Outcome":1,"ErrorMessage":null,"ErrorStackTrace":null,"DisplayName":"SharpMind.Tests.Quantization.HalfToFloatTests.HalfToFloat_F16C_SubnormalRoundTripBoundary","Messages":[],"ComputerName":"LAPTOP-MKMTSO1B","Duration":"00:00:00.0015349","StartTime":"2026-07-20T06:09:09.8705136+00:00","EndTime":"2026-07-20T06:09:09.8706887+00:00","Properties":[]},{"TestCase":{"Id":"664536ae-143b-9827-cb7e-d54d694232fd","FullyQualifiedName":"SharpMind.Tests.Quantization.HalfToFloatTests.FloatToHalf_F16C_Zero","DisplayName":"SharpMind.Tests.Quantization.HalfToFloatTests.FloatToHalf_F16C_Zero","ExecutorUri":"executor://xunit/VsTestRunner3/netcore/","Source":"C:\\Integral2u\\source\\repos\\SharpMind\\SharpMind.Tests\\bin\\Debug\\net10.0\\SharpMind.Tests.dll","CodeFilePath":null,"LineNumber":0,"Properties":[{"Key":{"Id":"XunitTestCaseExplicit","Label":"xUnit.net Test Case Explicit Flag","Category":"","Description":"","Attributes":0,"ValueType":"System.Boolean"},"Value":false},{"Key":{"Id":"XunitTestCaseUniqueID","Label":"xUnit.net Test Case Unique ID","Category":"","Description":"","Attributes":0,"ValueType":"System.String"},"Value":"23afe9964b438f061ddb483bcc99ccf1cca0cfd5"},{"Key":{"Id":"TestCase.ManagedMethod","Label":"ManagedMethod","Category":"","Description":"","Attributes":1,"ValueType":"System.String"},"Value":"FloatToHalf_F16C_Zero"},{"Key":{"Id":"TestCase.ManagedType","Label":"ManagedType","Category":"","Description":"","Attributes":1,"ValueType":"System.String"},"Value":"SharpMind.Tests.Quantization.HalfToFloatTests"}]},"Attachments":[],"Outcome":1,"ErrorMessage":null,"ErrorStackTrace":null,"DisplayName":"SharpMind.Tests.Quantization.HalfToFloatTests.FloatToHalf_F16C_Zero","Messages":[],"ComputerName":"LAPTOP-MKMTSO1B","Duration":"00:00:00.0004632","StartTime":"2026-07-20T06:09:09.8713899+00:00","EndTime":"2026-07-20T06:09:09.8715128+00:00","Properties":[]},{"TestCase":{"Id":"d12040e6-9ea3-3b28-d042-bd67b674834d","FullyQualifiedName":"SharpMind.Tests.Quantization.HalfToFloatTests.FloatToHalf_F16C_NaN","DisplayName":"SharpMind.Tests.Quantization.HalfToFloatTests.FloatToHalf_F16C_NaN","ExecutorUri":"executor://xunit/VsTestRunner3/netcore/","Source":"C:\\Integral2u\\source\\repos\\SharpMind\\SharpMind.Tests\\bin\\Debug\\net10.0\\SharpMind.Tests.dll","CodeFilePath":null,"LineNumber":0,"Properties":[{"Key":{"Id":"XunitTestCaseExplicit","Label":"xUnit.net Test Case Explicit Flag","Category":"","Description":"","Attributes":0,"ValueType":"System.Boolean"},"Value":false},{"Key":{"Id":"XunitTestCaseUniqueID","Label":"xUnit.net Test Case Unique ID","Category":"","Description":"","Attributes":0,"ValueType":"System.String"},"Value":"5c31d6b4769841fb40c413d474079628480bfa2e"},{"Key":{"Id":"TestCase.ManagedMethod","Label":"ManagedMethod","Category":"","Description":"","Attributes":1,"ValueType":"System.String"},"Value":"FloatToHalf_F16C_NaN"},{"Key":{"Id":"TestCase.ManagedType","Label":"ManagedType","Category":"","Description":"","Attributes":1,"ValueType":"System.String"},"Value":"SharpMind.Tests.Quantization.HalfToFloatTests"}]},"Attachments":[],"Outcome":1,"ErrorMessage":null,"ErrorStackTrace":null,"DisplayName":"SharpMind.Tests.Quantization.HalfToFloatTests.FloatToHalf_F16C_NaN","Messages":[],"ComputerName":"LAPTOP-MKMTSO1B","Duration":"00:00:00.0009103","StartTime":"2026-07-20T06:09:09.8721395+00:00","EndTime":"2026-07-20T06:09:09.8725602+00:00","Properties":[]},{"TestCase":{"Id":"e75a2f97-19f5-12a4-4d9c-1f44cf8a32e3","FullyQualifiedName":"SharpMind.Tests.Quantization.HalfToFloatTests.FloatToHalf_F16C_Infinity","DisplayName":"SharpMind.Tests.Quantization.HalfToFloatTests.FloatToHalf_F16C_Infinity","ExecutorUri":"executor://xunit/VsTestRunner3/netcore/","Source":"C:\\Integral2u\\source\\repos\\SharpMind\\SharpMind.Tests\\bin\\Debug\\net10.0\\SharpMind.Tests.dll","CodeFilePath":null,"LineNumber":0,"Properties":[{"Key":{"Id":"XunitTestCaseExplicit","Label":"xUnit.net Test Case Explicit Flag","Category":"","Description":"","Attributes":0,"ValueType":"System.Boolean"},"Value":false},{"Key":{"Id":"XunitTestCaseUniqueID","Label":"xUnit.net Test Case Unique ID","Category":"","Description":"","Attributes":0,"ValueType":"System.String"},"Value":"74f0e20cc7480c9b4a6595091f45d95de33e2f85"},{"Key":{"Id":"TestCase.ManagedMethod","Label":"ManagedMethod","Category":"","Description":"","Attributes":1,"ValueType":"System.String"},"Value":"FloatToHalf_F16C_Infinity"},{"Key":{"Id":"TestCase.ManagedType","Label":"ManagedType","Category":"","Description":"","Attributes":1,"ValueType":"System.String"},"Value":"SharpMind.Tests.Quantization.HalfToFloatTests"}]},"Attachments":[],"Outcome":1,"ErrorMessage":null,"ErrorStackTrace":null,"DisplayName":"SharpMind.Tests.Quantization.HalfToFloatTests.FloatToHalf_F16C_Infinity","Messages":[],"ComputerName":"LAPTOP-MKMTSO1B","Duration":"00:00:00.0003056","StartTime":"2026-07-20T06:09:09.87362+00:00","EndTime":"2026-07-20T06:09:09.8743362+00:00","Properties":[]}],"TestRunStatistics":{"ExecutedTests":75,"Stats":{"Passed":75}},"ActiveTests":[{"Id":"d0495b80-956a-3d00-513a-ce7c69cfa693","FullyQualifiedName":"SharpMind.Tests.Quantization.HalfToFloatTests.HalfToFloat_F16C_Infinity","DisplayName":"SharpMind.Tests.Quantization.HalfToFloatTests.HalfToFloat_F16C_Infinity","ExecutorUri":"executor://xunit/VsTestRunner3/netcore/","Source":"C:\\Integral2u\\source\\repos\\SharpMind\\SharpMind.Tests\\bin\\Debug\\net10.0\\SharpMind.Tests.dll","CodeFilePath":null,"LineNumber":0,"Properties":[{"Key":{"Id":"XunitTestCaseExplicit","Label":"xUnit.net Test Case Explicit Flag","Category":"","Description":"","Attributes":0,"ValueType":"System.Boolean"},"Value":false},{"Key":{"Id":"XunitTestCaseUniqueID","Label":"xUnit.net Test Case Unique ID","Category":"","Description":"","Attributes":0,"ValueType":"System.String"},"Value":"d37e8f3199290ca9888071415c3072adca208d0c"},{"Key":{"Id":"TestCase.ManagedMethod","Label":"ManagedMethod","Category":"","Description":"","Attributes":1,"ValueType":"System.String"},"Value":"HalfToFloat_F16C_Infinity"},{"Key":{"Id":"TestCase.ManagedType","Label":"ManagedType","Category":"","Description":"","Attributes":1,"ValueType":"System.String"},"Value":"SharpMind.Tests.Quantization.HalfToFloatTests"}]}]}}
TpTrace Verbose: 0 : 14588, 7, 2026/07/20, 18:09:09.887, 391387616570, vstest.console.dll, TestRunRequest:SendTestRunStatsChange: Starting.
TpTrace Verbose: 0 : 14588, 7, 2026/07/20, 18:09:09.887, 391387617974, vstest.console.dll, InProgress is SharpMind.Tests.Quantization.HalfToFloatTests.HalfToFloat_F16C_Infinity
TpTrace Verbose: 0 : 14588, 7, 2026/07/20, 18:09:09.887, 391387619065, vstest.console.dll, MulticastDelegateUtilities.SafeInvoke: TestRun.RunStatsChanged: Invoking callbacks was skipped because there are no subscribers.
TpTrace Information: 0 : 14588, 7, 2026/07/20, 18:09:09.887, 391387619630, vstest.console.dll, TestRunRequest:SendTestRunStatsChange: Completed.
TpTrace Verbose: 0 : 14588, 7, 2026/07/20, 18:09:09.887, 391387620134, vstest.console.dll, MulticastDelegateUtilities.SafeInvoke: LengthPrefixCommunicationChannel: MessageReceived: Invoking callback 1/1 for Microsoft.VisualStudio.TestPlatform.CommunicationUtilities.TestRequestSender+<>c__DisplayClass34_0., took 3 ms.
TpTrace Verbose: 0 : 14588, 7, 2026/07/20, 18:09:09.887, 391387620651, vstest.console.dll, TcpClientExtensions.MessageLoopAsync: Polling on remoteEndPoint: 127.0.0.1:56030 localEndPoint: 127.0.0.1:56028 after 20 ms
TpTrace Verbose: 0 : 14588, 4, 2026/07/20, 18:09:09.887, 391387621545, vstest.console.dll, MulticastDelegateUtilities.SafeInvoke: InternalTestLoggerEvents.SendTestResult: Invoking callback 1/1 for Microsoft.VisualStudio.TestPlatform.CommandLine.Internal.ConsoleLogger., took 0 ms.
TpTrace Verbose: 0 : 14588, 4, 2026/07/20, 18:09:09.887, 391387622528, vstest.console.dll, MulticastDelegateUtilities.SafeInvoke: InternalTestLoggerEvents.SendTestResult: Invoking callback 1/1 for Microsoft.VisualStudio.TestPlatform.CommandLine.Internal.ConsoleLogger., took 0 ms.
TpTrace Verbose: 0 : 14588, 4, 2026/07/20, 18:09:09.887, 391387623113, vstest.console.dll, MulticastDelegateUtilities.SafeInvoke: InternalTestLoggerEvents.SendTestResult: Invoking callback 1/1 for Microsoft.VisualStudio.TestPlatform.CommandLine.Internal.ConsoleLogger., took 0 ms.
TpTrace Verbose: 0 : 14588, 4, 2026/07/20, 18:09:09.887, 391387623850, vstest.console.dll, MulticastDelegateUtilities.SafeInvoke: InternalTestLoggerEvents.SendTestResult: Invoking callback 1/1 for Microsoft.VisualStudio.TestPlatform.CommandLine.Internal.ConsoleLogger., took 0 ms.
TpTrace Verbose: 0 : 14588, 4, 2026/07/20, 18:09:09.888, 391387624491, vstest.console.dll, MulticastDelegateUtilities.SafeInvoke: InternalTestLoggerEvents.SendTestResult: Invoking callback 1/1 for Microsoft.VisualStudio.TestPlatform.CommandLine.Internal.ConsoleLogger., took 0 ms.
TpTrace Verbose: 0 : 14588, 4, 2026/07/20, 18:09:09.888, 391387625070, vstest.console.dll, MulticastDelegateUtilities.SafeInvoke: InternalTestLoggerEvents.SendTestResult: Invoking callback 1/1 for Microsoft.VisualStudio.TestPlatform.CommandLine.Internal.ConsoleLogger., took 0 ms.
TpTrace Verbose: 0 : 14588, 4, 2026/07/20, 18:09:09.888, 391387626135, vstest.console.dll, MulticastDelegateUtilities.SafeInvoke: InternalTestLoggerEvents.SendTestResult: Invoking callback 1/1 for Microsoft.VisualStudio.TestPlatform.CommandLine.Internal.ConsoleLogger., took 0 ms.
TpTrace Verbose: 0 : 14588, 4, 2026/07/20, 18:09:09.888, 391387627029, vstest.console.dll, MulticastDelegateUtilities.SafeInvoke: InternalTestLoggerEvents.SendTestResult: Invoking callback 1/1 for Microsoft.VisualStudio.TestPlatform.CommandLine.Internal.ConsoleLogger., took 0 ms.
TpTrace Verbose: 0 : 14588, 4, 2026/07/20, 18:09:09.888, 391387627993, vstest.console.dll, MulticastDelegateUtilities.SafeInvoke: InternalTestLoggerEvents.SendTestResult: Invoking callback 1/1 for Microsoft.VisualStudio.TestPlatform.CommandLine.Internal.ConsoleLogger., took 0 ms.
TpTrace Verbose: 0 : 14588, 7, 2026/07/20, 18:09:09.916, 391387910665, vstest.console.dll, TcpClientExtensions.MessageLoopAsync: NotifyDataAvailable remoteEndPoint: 127.0.0.1:56030 localEndPoint: 127.0.0.1:56028
TpTrace Verbose: 0 : 14588, 7, 2026/07/20, 18:09:09.917, 391387916659, vstest.console.dll, TestRequestSender.OnExecutionMessageReceived: Received message: {"Version":7,"MessageType":"TestExecution.StatsChange","Payload":{"NewTestResults":[{"TestCase":{"Id":"d0495b80-956a-3d00-513a-ce7c69cfa693","FullyQualifiedName":"SharpMind.Tests.Quantization.HalfToFloatTests.HalfToFloat_F16C_Infinity","DisplayName":"SharpMind.Tests.Quantization.HalfToFloatTests.HalfToFloat_F16C_Infinity","ExecutorUri":"executor://xunit/VsTestRunner3/netcore/","Source":"C:\\Integral2u\\source\\repos\\SharpMind\\SharpMind.Tests\\bin\\Debug\\net10.0\\SharpMind.Tests.dll","CodeFilePath":null,"LineNumber":0,"Properties":[{"Key":{"Id":"XunitTestCaseExplicit","Label":"xUnit.net Test Case Explicit Flag","Category":"","Description":"","Attributes":0,"ValueType":"System.Boolean"},"Value":false},{"Key":{"Id":"XunitTestCaseUniqueID","Label":"xUnit.net Test Case Unique ID","Category":"","Description":"","Attributes":0,"ValueType":"System.String"},"Value":"d37e8f3199290ca9888071415c3072adca208d0c"},{"Key":{"Id":"TestCase.ManagedMethod","Label":"ManagedMethod","Category":"","Description":"","Attributes":1,"ValueType":"System.String"},"Value":"HalfToFloat_F16C_Infinity"},{"Key":{"Id":"TestCase.ManagedType","Label":"ManagedType","Category":"","Description":"","Attributes":1,"ValueType":"System.String"},"Value":"SharpMind.Tests.Quantization.HalfToFloatTests"}]},"Attachments":[],"Outcome":1,"ErrorMessage":null,"ErrorStackTrace":null,"DisplayName":"SharpMind.Tests.Quantization.HalfToFloatTests.HalfToFloat_F16C_Infinity","Messages":[],"ComputerName":"LAPTOP-MKMTSO1B","Duration":"00:00:00.0002150","StartTime":"2026-07-20T06:09:09.8845129+00:00","EndTime":"2026-07-20T06:09:09.8846851+00:00","Properties":[]},{"TestCase":{"Id":"2676559b-5aba-cc34-b252-1046a582fc30","FullyQualifiedName":"SharpMind.Tests.Quantization.HalfToFloatTests.HalfToFloat_F16C_NaN","DisplayName":"SharpMind.Tests.Quantization.HalfToFloatTests.HalfToFloat_F16C_NaN","ExecutorUri":"executor://xunit/VsTestRunner3/netcore/","Source":"C:\\Integral2u\\source\\repos\\SharpMind\\SharpMind.Tests\\bin\\Debug\\net10.0\\SharpMind.Tests.dll","CodeFilePath":null,"LineNumber":0,"Properties":[{"Key":{"Id":"XunitTestCaseExplicit","Label":"xUnit.net Test Case Explicit Flag","Category":"","Description":"","Attributes":0,"ValueType":"System.Boolean"},"Value":false},{"Key":{"Id":"XunitTestCaseUniqueID","Label":"xUnit.net Test Case Unique ID","Category":"","Description":"","Attributes":0,"ValueType":"System.String"},"Value":"ec707b43dc9cb65d6f67b02e0cff76f907b141b8"},{"Key":{"Id":"TestCase.ManagedMethod","Label":"ManagedMethod","Category":"","Description":"","Attributes":1,"ValueType":"System.String"},"Value":"HalfToFloat_F16C_NaN"},{"Key":{"Id":"TestCase.ManagedType","Label":"ManagedType","Category":"","Description":"","Attributes":1,"ValueType":"System.String"},"Value":"SharpMind.Tests.Quantization.HalfToFloatTests"}]},"Attachments":[],"Outcome":1,"ErrorMessage":null,"ErrorStackTrace":null,"DisplayName":"SharpMind.Tests.Quantization.HalfToFloatTests.HalfToFloat_F16C_NaN","Messages":[],"ComputerName":"LAPTOP-MKMTSO1B","Duration":"00:00:00.0002854","StartTime":"2026-07-20T06:09:09.8856208+00:00","EndTime":"2026-07-20T06:09:09.885769+00:00","Properties":[]},{"TestCase":{"Id":"3c1097d8-12c5-37d0-844a-4a08087c4078","FullyQualifiedName":"SharpMind.Tests.Quantization.HalfToFloatTests.HalfToFloat_F16C_BulkOrdering","DisplayName":"SharpMind.Tests.Quantization.HalfToFloatTests.HalfToFloat_F16C_BulkOrdering","ExecutorUri":"executor://xunit/VsTestRunner3/netcore/","Source":"C:\\Integral2u\\source\\repos\\SharpMind\\SharpMind.Tests\\bin\\Debug\\net10.0\\SharpMind.Tests.dll","CodeFilePath":null,"LineNumber":0,"Properties":[{"Key":{"Id":"XunitTestCaseExplicit","Label":"xUnit.net Test Case Explicit Flag","Category":"","Description":"","Attributes":0,"ValueType":"System.Boolean"},"Value":false},{"Key":{"Id":"XunitTestCaseUniqueID","Label":"xUnit.net Test Case Unique ID","Category":"","Description":"","Attributes":0,"ValueType":"System.String"},"Value":"f3c9b2969be1c9fc3b2c0629e53dd1b238ae5a25"},{"Key":{"Id":"TestCase.ManagedMethod","Label":"ManagedMethod","Category":"","Description":"","Attributes":1,"ValueType":"System.String"},"Value":"HalfToFloat_F16C_BulkOrdering"},{"Key":{"Id":"TestCase.ManagedType","Label":"ManagedType","Category":"","Description":"","Attributes":1,"ValueType":"System.String"},"Value":"SharpMind.Tests.Quantization.HalfToFloatTests"}]},"Attachments":[],"Outcome":1,"ErrorMessage":null,"ErrorStackTrace":null,"DisplayName":"SharpMind.Tests.Quantization.HalfToFloatTests.HalfToFloat_F16C_BulkOrdering","Messages":[],"ComputerName":"LAPTOP-MKMTSO1B","Duration":"00:00:00.0086855","StartTime":"2026-07-20T06:09:09.8865517+00:00","EndTime":"2026-07-20T06:09:09.8868759+00:00","Properties":[]},{"TestCase":{"Id":"1dabfc34-56dd-9e91-d736-6fadde5cde29","FullyQualifiedName":"SharpMind.Tests.Quantization.HalfToFloatTests.HalfToFloat_F16C_Zero","DisplayName":"SharpMind.Tests.Quantization.HalfToFloatTests.HalfToFloat_F16C_Zero","ExecutorUri":"executor://xunit/VsTestRunner3/netcore/","Source":"C:\\Integral2u\\source\\repos\\SharpMind\\SharpMind.Tests\\bin\\Debug\\net10.0\\SharpMind.Tests.dll","CodeFilePath":null,"LineNumber":0,"Properties":[{"Key":{"Id":"XunitTestCaseExplicit","Label":"xUnit.net Test Case Explicit Flag","Category":"","Description":"","Attributes":0,"ValueType":"System.Boolean"},"Value":false},{"Key":{"Id":"XunitTestCaseUniqueID","Label":"xUnit.net Test Case Unique ID","Category":"","Description":"","Attributes":0,"ValueType":"System.String"},"Value":"f6e8622482b98bc0b233bc29243f6b724006094e"},{"Key":{"Id":"TestCase.ManagedMethod","Label":"ManagedMethod","Category":"","Description":"","Attributes":1,"ValueType":"System.String"},"Value":"HalfToFloat_F16C_Zero"},{"Key":{"Id":"TestCase.ManagedType","Label":"ManagedType","Category":"","Description":"","Attributes":1,"ValueType":"System.String"},"Value":"SharpMind.Tests.Quantization.HalfToFloatTests"}]},"Attachments":[],"Outcome":1,"ErrorMessage":null,"ErrorStackTrace":null,"DisplayName":"SharpMind.Tests.Quantization.HalfToFloatTests.HalfToFloat_F16C_Zero","Messages":[],"ComputerName":"LAPTOP-MKMTSO1B","Duration":"00:00:00.0011302","StartTime":"2026-07-20T06:09:09.887773+00:00","EndTime":"2026-07-20T06:09:09.8879085+00:00","Properties":[]},{"TestCase":{"Id":"17fee511-8364-a0ba-0462-21067592d629","FullyQualifiedName":"SharpMind.Tests.Data.TextFileSourceTests.SkipsEmptyLines","DisplayName":"SharpMind.Tests.Data.TextFileSourceTests.SkipsEmptyLines","ExecutorUri":"executor://xunit/VsTestRunner3/netcore/","Source":"C:\\Integral2u\\source\\repos\\SharpMind\\SharpMind.Tests\\bin\\Debug\\net10.0\\SharpMind.Tests.dll","CodeFilePath":null,"LineNumber":0,"Properties":[{"Key":{"Id":"XunitTestCaseExplicit","Label":"xUnit.net Test Case Explicit Flag","Category":"","Description":"","Attributes":0,"ValueType":"System.Boolean"},"Value":false},{"Key":{"Id":"XunitTestCaseUniqueID","Label":"xUnit.net Test Case Unique ID","Category":"","Description":"","Attributes":0,"ValueType":"System.String"},"Value":"09b511849c321e141dbb502dffe12cdac80be26b"},{"Key":{"Id":"TestCase.ManagedMethod","Label":"ManagedMethod","Category":"","Description":"","Attributes":1,"ValueType":"System.String"},"Value":"SkipsEmptyLines"},{"Key":{"Id":"TestCase.ManagedType","Label":"ManagedType","Category":"","Description":"","Attributes":1,"ValueType":"System.String"},"Value":"SharpMind.Tests.Data.TextFileSourceTests"}]},"Attachments":[],"Outcome":1,"ErrorMessage":null,"ErrorStackTrace":null,"DisplayName":"SharpMind.Tests.Data.TextFileSourceTests.SkipsEmptyLines","Messages":[],"ComputerName":"LAPTOP-MKMTSO1B","Duration":"00:00:00.0102726","StartTime":"2026-07-20T06:09:09.8889052+00:00","EndTime":"2026-07-20T06:09:09.8890955+00:00","Properties":[]},{"TestCase":{"Id":"fc44f0fd-4ae2-32bd-8deb-e593dfc8f7e0","FullyQualifiedName":"SharpMind.Tests.Data.TextFileSourceTests.FileMode_YieldsWholeFileAsOneDocument","DisplayName":"SharpMind.Tests.Data.TextFileSourceTests.FileMode_YieldsWholeFileAsOneDocument","ExecutorUri":"executor://xunit/VsTestRunner3/netcore/","Source":"C:\\Integral2u\\source\\repos\\SharpMind\\SharpMind.Tests\\bin\\Debug\\net10.0\\SharpMind.Tests.dll","CodeFilePath":null,"LineNumber":0,"Properties":[{"Key":{"Id":"XunitTestCaseExplicit","Label":"xUnit.net Test Case Explicit Flag","Category":"","Description":"","Attributes":0,"ValueType":"System.Boolean"},"Value":false},{"Key":{"Id":"XunitTestCaseUniqueID","Label":"xUnit.net Test Case Unique ID","Category":"","Description":"","Attributes":0,"ValueType":"System.String"},"Value":"116816727fd784a4d7c883499ac9a61fed9d7f4b"},{"Key":{"Id":"TestCase.ManagedMethod","Label":"ManagedMethod","Category":"","Description":"","Attributes":1,"ValueType":"System.String"},"Value":"FileMode_YieldsWholeFileAsOneDocument"},{"Key":{"Id":"TestCase.ManagedType","Label":"ManagedType","Category":"","Description":"","Attributes":1,"ValueType":"System.String"},"Value":"SharpMind.Tests.Data.TextFileSourceTests"}]},"Attachments":[],"Outcome":1,"ErrorMessage":null,"ErrorStackTrace":null,"DisplayName":"SharpMind.Tests.Data.TextFileSourceTests.FileMode_YieldsWholeFileAsOneDocument","Messages":[],"ComputerName":"LAPTOP-MKMTSO1B","Duration":"00:00:00.0125054","StartTime":"2026-07-20T06:09:09.8898199+00:00","EndTime":"2026-07-20T06:09:09.8972614+00:00","Properties":[]},{"TestCase":{"Id":"625124a9-8ed0-af0a-a2f3-aa38033b1ae0","FullyQualifiedName":"SharpMind.Tests.Data.TextFileSourceTests.MissingFile_Throws","DisplayName":"SharpMind.Tests.Data.TextFileSourceTests.MissingFile_Throws","ExecutorUri":"executor://xunit/VsTestRunner3/netcore/","Source":"C:\\Integral2u\\source\\repos\\SharpMind\\SharpMind.Tests\\bin\\Debug\\net10.0\\SharpMind.Tests.dll","CodeFilePath":null,"LineNumber":0,"Properties":[{"Key":{"Id":"XunitTestCaseExplicit","Label":"xUnit.net Test Case Explicit Flag","Category":"","Description":"","Attributes":0,"ValueType":"System.Boolean"},"Value":false},{"Key":{"Id":"XunitTestCaseUniqueID","Label":"xUnit.net Test Case Unique ID","Category":"","Description":"","Attributes":0,"ValueType":"System.String"},"Value":"245211b5899e8cd6f6879c16cedd506a1701a2c1"},{"Key":{"Id":"TestCase.ManagedMethod","Label":"ManagedMethod","Category":"","Description":"","Attributes":1,"ValueType":"System.String"},"Value":"MissingFile_Throws"},{"Key":{"Id":"TestCase.ManagedType","Label":"ManagedType","Category":"","Description":"","Attributes":1,"ValueType":"System.String"},"Value":"SharpMind.Tests.Data.TextFileSourceTests"}]},"Attachments":[],"Outcome":1,"ErrorMessage":null,"ErrorStackTrace":null,"DisplayName":"SharpMind.Tests.Data.TextFileSourceTests.MissingFile_Throws","Messages":[],"ComputerName":"LAPTOP-MKMTSO1B","Duration":"00:00:00.0034635","StartTime":"2026-07-20T06:09:09.8982129+00:00","EndTime":"2026-07-20T06:09:09.9009181+00:00","Properties":[]},{"TestCase":{"Id":"4a8d2912-78ef-bc93-1205-f7c256ac9771","FullyQualifiedName":"SharpMind.Tests.Data.TextFileSourceTests.EstimatedCount_LineMode_ReturnsNull","DisplayName":"SharpMind.Tests.Data.TextFileSourceTests.EstimatedCount_LineMode_ReturnsNull","ExecutorUri":"executor://xunit/VsTestRunner3/netcore/","Source":"C:\\Integral2u\\source\\repos\\SharpMind\\SharpMind.Tests\\bin\\Debug\\net10.0\\SharpMind.Tests.dll","CodeFilePath":null,"LineNumber":0,"Properties":[{"Key":{"Id":"XunitTestCaseExplicit","Label":"xUnit.net Test Case Explicit Flag","Category":"","Description":"","Attributes":0,"ValueType":"System.Boolean"},"Value":false},{"Key":{"Id":"XunitTestCaseUniqueID","Label":"xUnit.net Test Case Unique ID","Category":"","Description":"","Attributes":0,"ValueType":"System.String"},"Value":"2e902ba4a9f5a1c8baa4b0473809e8863d2b8fa3"},{"Key":{"Id":"TestCase.ManagedMethod","Label":"ManagedMethod","Category":"","Description":"","Attributes":1,"ValueType":"System.String"},"Value":"EstimatedCount_LineMode_ReturnsNull"},{"Key":{"Id":"TestCase.ManagedType","Label":"ManagedType","Category":"","Description":"","Attributes":1,"ValueType":"System.String"},"Value":"SharpMind.Tests.Data.TextFileSourceTests"}]},"Attachments":[],"Outcome":1,"ErrorMessage":null,"ErrorStackTrace":null,"DisplayName":"SharpMind.Tests.Data.TextFileSourceTests.EstimatedCount_LineMode_ReturnsNull","Messages":[],"ComputerName":"LAPTOP-MKMTSO1B","Duration":"00:00:00.0039832","StartTime":"2026-07-20T06:09:09.9016971+00:00","EndTime":"2026-07-20T06:09:09.9051905+00:00","Properties":[]},{"TestCase":{"Id":"85f6dbee-27ad-fd77-6a2e-501d9d592650","FullyQualifiedName":"SharpMind.Tests.Data.TextFileSourceTests.EstimatedCount_FileMode_ReturnsFileCount","DisplayName":"SharpMind.Tests.Data.TextFileSourceTests.EstimatedCount_FileMode_ReturnsFileCount","ExecutorUri":"executor://xunit/VsTestRunner3/netcore/","Source":"C:\\Integral2u\\source\\repos\\SharpMind\\SharpMind.Tests\\bin\\Debug\\net10.0\\SharpMind.Tests.dll","CodeFilePath":null,"LineNumber":0,"Properties":[{"Key":{"Id":"XunitTestCaseExplicit","Label":"xUnit.net Test Case Explicit Flag","Category":"","Description":"","Attributes":0,"ValueType":"System.Boolean"},"Value":false},{"Key":{"Id":"XunitTestCaseUniqueID","Label":"xUnit.net Test Case Unique ID","Category":"","Description":"","Attributes":0,"ValueType":"System.String"},"Value":"3962c137545af61f2e5d28e16551e1cfe33f3bca"},{"Key":{"Id":"TestCase.ManagedMethod","Label":"ManagedMethod","Category":"","Description":"","Attributes":1,"ValueType":"System.String"},"Value":"EstimatedCount_FileMode_ReturnsFileCount"},{"Key":{"Id":"TestCase.ManagedType","Label":"ManagedType","Category":"","Description":"","Attributes":1,"ValueType":"System.String"},"Value":"SharpMind.Tests.Data.TextFileSourceTests"}]},"Attachments":[],"Outcome":1,"ErrorMessage":null,"ErrorStackTrace":null,"DisplayName":"SharpMind.Tests.Data.TextFileSourceTests.EstimatedCount_FileMode_ReturnsFileCount","Messages":[],"ComputerName":"LAPTOP-MKMTSO1B","Duration":"00:00:00.0078378","StartTime":"2026-07-20T06:09:09.9059491+00:00","EndTime":"2026-07-20T06:09:09.9132667+00:00","Properties":[]}],"TestRunStatistics":{"ExecutedTests":84,"Stats":{"Passed":84}},"ActiveTests":[{"Id":"621c0932-6aa9-033b-e6ba-2ea8982d665f","FullyQualifiedName":"SharpMind.Tests.Data.TextFileSourceTests.Cancellation_StopsStream","DisplayName":"SharpMind.Tests.Data.TextFileSourceTests.Cancellation_StopsStream","ExecutorUri":"executor://xunit/VsTestRunner3/netcore/","Source":"C:\\Integral2u\\source\\repos\\SharpMind\\SharpMind.Tests\\bin\\Debug\\net10.0\\SharpMind.Tests.dll","CodeFilePath":null,"LineNumber":0,"Properties":[{"Key":{"Id":"XunitTestCaseExplicit","Label":"xUnit.net Test Case Explicit Flag","Category":"","Description":"","Attributes":0,"ValueType":"System.Boolean"},"Value":false},{"Key":{"Id":"XunitTestCaseUniqueID","Label":"xUnit.net Test Case Unique ID","Category":"","Description":"","Attributes":0,"ValueType":"System.String"},"Value":"4f4441929ff37614c6231b26df50e669bd874820"},{"Key":{"Id":"TestCase.ManagedMethod","Label":"ManagedMethod","Category":"","Description":"","Attributes":1,"ValueType":"System.String"},"Value":"Cancellation_StopsStream"},{"Key":{"Id":"TestCase.ManagedType","Label":"ManagedType","Category":"","Description":"","Attributes":1,"ValueType":"System.String"},"Value":"SharpMind.Tests.Data.TextFileSourceTests"}]}]}}
TpTrace Verbose: 0 : 14588, 7, 2026/07/20, 18:09:09.921, 391387960310, vstest.console.dll, TestRunRequest:SendTestRunStatsChange: Starting.
TpTrace Verbose: 0 : 14588, 7, 2026/07/20, 18:09:09.921, 391387961655, vstest.console.dll, InProgress is SharpMind.Tests.Data.TextFileSourceTests.Cancellation_StopsStream
TpTrace Verbose: 0 : 14588, 7, 2026/07/20, 18:09:09.921, 391387962505, vstest.console.dll, MulticastDelegateUtilities.SafeInvoke: TestRun.RunStatsChanged: Invoking callbacks was skipped because there are no subscribers.
TpTrace Information: 0 : 14588, 7, 2026/07/20, 18:09:09.921, 391387963023, vstest.console.dll, TestRunRequest:SendTestRunStatsChange: Completed.
TpTrace Verbose: 0 : 14588, 7, 2026/07/20, 18:09:09.921, 391387963546, vstest.console.dll, MulticastDelegateUtilities.SafeInvoke: LengthPrefixCommunicationChannel: MessageReceived: Invoking callback 1/1 for Microsoft.VisualStudio.TestPlatform.CommunicationUtilities.TestRequestSender+<>c__DisplayClass34_0., took 4 ms.
TpTrace Verbose: 0 : 14588, 7, 2026/07/20, 18:09:09.921, 391387964089, vstest.console.dll, TcpClientExtensions.MessageLoopAsync: Polling on remoteEndPoint: 127.0.0.1:56030 localEndPoint: 127.0.0.1:56028 after 34 ms
TpTrace Verbose: 0 : 14588, 4, 2026/07/20, 18:09:09.922, 391387966420, vstest.console.dll, MulticastDelegateUtilities.SafeInvoke: InternalTestLoggerEvents.SendTestResult: Invoking callback 1/1 for Microsoft.VisualStudio.TestPlatform.CommandLine.Internal.ConsoleLogger., took 0 ms.
TpTrace Verbose: 0 : 14588, 4, 2026/07/20, 18:09:09.922, 391387967581, vstest.console.dll, MulticastDelegateUtilities.SafeInvoke: InternalTestLoggerEvents.SendTestResult: Invoking callback 1/1 for Microsoft.VisualStudio.TestPlatform.CommandLine.Internal.ConsoleLogger., took 0 ms.
TpTrace Verbose: 0 : 14588, 4, 2026/07/20, 18:09:09.922, 391387968616, vstest.console.dll, MulticastDelegateUtilities.SafeInvoke: InternalTestLoggerEvents.SendTestResult: Invoking callback 1/1 for Microsoft.VisualStudio.TestPlatform.CommandLine.Internal.ConsoleLogger., took 0 ms.
TpTrace Verbose: 0 : 14588, 4, 2026/07/20, 18:09:09.922, 391387969378, vstest.console.dll, MulticastDelegateUtilities.SafeInvoke: InternalTestLoggerEvents.SendTestResult: Invoking callback 1/1 for Microsoft.VisualStudio.TestPlatform.CommandLine.Internal.ConsoleLogger., took 0 ms.
TpTrace Verbose: 0 : 14588, 4, 2026/07/20, 18:09:09.922, 391387970087, vstest.console.dll, MulticastDelegateUtilities.SafeInvoke: InternalTestLoggerEvents.SendTestResult: Invoking callback 1/1 for Microsoft.VisualStudio.TestPlatform.CommandLine.Internal.ConsoleLogger., took 0 ms.
TpTrace Verbose: 0 : 14588, 4, 2026/07/20, 18:09:09.922, 391387970969, vstest.console.dll, MulticastDelegateUtilities.SafeInvoke: InternalTestLoggerEvents.SendTestResult: Invoking callback 1/1 for Microsoft.VisualStudio.TestPlatform.CommandLine.Internal.ConsoleLogger., took 0 ms.
TpTrace Verbose: 0 : 14588, 4, 2026/07/20, 18:09:09.922, 391387971785, vstest.console.dll, MulticastDelegateUtilities.SafeInvoke: InternalTestLoggerEvents.SendTestResult: Invoking callback 1/1 for Microsoft.VisualStudio.TestPlatform.CommandLine.Internal.ConsoleLogger., took 0 ms.
TpTrace Verbose: 0 : 14588, 4, 2026/07/20, 18:09:09.922, 391387974005, vstest.console.dll, MulticastDelegateUtilities.SafeInvoke: InternalTestLoggerEvents.SendTestResult: Invoking callback 1/1 for Microsoft.VisualStudio.TestPlatform.CommandLine.Internal.ConsoleLogger., took 0 ms.
TpTrace Verbose: 0 : 14588, 4, 2026/07/20, 18:09:09.923, 391387975121, vstest.console.dll, MulticastDelegateUtilities.SafeInvoke: InternalTestLoggerEvents.SendTestResult: Invoking callback 1/1 for Microsoft.VisualStudio.TestPlatform.CommandLine.Internal.ConsoleLogger., took 0 ms.
TpTrace Verbose: 0 : 14588, 7, 2026/07/20, 18:09:10.044, 391389185711, vstest.console.dll, TcpClientExtensions.MessageLoopAsync: NotifyDataAvailable remoteEndPoint: 127.0.0.1:56030 localEndPoint: 127.0.0.1:56028
TpTrace Verbose: 0 : 14588, 7, 2026/07/20, 18:09:10.044, 391389190657, vstest.console.dll, TestRequestSender.OnExecutionMessageReceived: Received message: {"Version":7,"MessageType":"TestExecution.StatsChange","Payload":{"NewTestResults":[{"TestCase":{"Id":"621c0932-6aa9-033b-e6ba-2ea8982d665f","FullyQualifiedName":"SharpMind.Tests.Data.TextFileSourceTests.Cancellation_StopsStream","DisplayName":"SharpMind.Tests.Data.TextFileSourceTests.Cancellation_StopsStream","ExecutorUri":"executor://xunit/VsTestRunner3/netcore/","Source":"C:\\Integral2u\\source\\repos\\SharpMind\\SharpMind.Tests\\bin\\Debug\\net10.0\\SharpMind.Tests.dll","CodeFilePath":null,"LineNumber":0,"Properties":[{"Key":{"Id":"XunitTestCaseExplicit","Label":"xUnit.net Test Case Explicit Flag","Category":"","Description":"","Attributes":0,"ValueType":"System.Boolean"},"Value":false},{"Key":{"Id":"XunitTestCaseUniqueID","Label":"xUnit.net Test Case Unique ID","Category":"","Description":"","Attributes":0,"ValueType":"System.String"},"Value":"4f4441929ff37614c6231b26df50e669bd874820"},{"Key":{"Id":"TestCase.ManagedMethod","Label":"ManagedMethod","Category":"","Description":"","Attributes":1,"ValueType":"System.String"},"Value":"Cancellation_StopsStream"},{"Key":{"Id":"TestCase.ManagedType","Label":"ManagedType","Category":"","Description":"","Attributes":1,"ValueType":"System.String"},"Value":"SharpMind.Tests.Data.TextFileSourceTests"}]},"Attachments":[],"Outcome":1,"ErrorMessage":null,"ErrorStackTrace":null,"DisplayName":"SharpMind.Tests.Data.TextFileSourceTests.Cancellation_StopsStream","Messages":[],"ComputerName":"LAPTOP-MKMTSO1B","Duration":"00:00:00.0222940","StartTime":"2026-07-20T06:09:09.9169871+00:00","EndTime":"2026-07-20T06:09:09.9468233+00:00","Properties":[]},{"TestCase":{"Id":"ee3efff8-fbc7-824a-5cde-b4fd4b6e67ea","FullyQualifiedName":"SharpMind.Tests.Data.TextFileSourceTests.LineMode_YieldsEachNonEmptyLine","DisplayName":"SharpMind.Tests.Data.TextFileSourceTests.LineMode_YieldsEachNonEmptyLine","ExecutorUri":"executor://xunit/VsTestRunner3/netcore/","Source":"C:\\Integral2u\\source\\repos\\SharpMind\\SharpMind.Tests\\bin\\Debug\\net10.0\\SharpMind.Tests.dll","CodeFilePath":null,"LineNumber":0,"Properties":[{"Key":{"Id":"XunitTestCaseExplicit","Label":"xUnit.net Test Case Explicit Flag","Category":"","Description":"","Attributes":0,"ValueType":"System.Boolean"},"Value":false},{"Key":{"Id":"XunitTestCaseUniqueID","Label":"xUnit.net Test Case Unique ID","Category":"","Description":"","Attributes":0,"ValueType":"System.String"},"Value":"53654e480dbd7895a8290afa40f3ded723949ccf"},{"Key":{"Id":"TestCase.ManagedMethod","Label":"ManagedMethod","Category":"","Description":"","Attributes":1,"ValueType":"System.String"},"Value":"LineMode_YieldsEachNonEmptyLine"},{"Key":{"Id":"TestCase.ManagedType","Label":"ManagedType","Category":"","Description":"","Attributes":1,"ValueType":"System.String"},"Value":"SharpMind.Tests.Data.TextFileSourceTests"}]},"Attachments":[],"Outcome":1,"ErrorMessage":null,"ErrorStackTrace":null,"DisplayName":"SharpMind.Tests.Data.TextFileSourceTests.LineMode_YieldsEachNonEmptyLine","Messages":[],"ComputerName":"LAPTOP-MKMTSO1B","Duration":"00:00:00.0242631","StartTime":"2026-07-20T06:09:09.9527515+00:00","EndTime":"2026-07-20T06:09:09.9608607+00:00","Properties":[]},{"TestCase":{"Id":"c88702b0-bc87-4590-b3b4-7ac40a306795","FullyQualifiedName":"SharpMind.Tests.Data.TextFileSourceTests.MultipleFiles_YieldsAllInOrder","DisplayName":"SharpMind.Tests.Data.TextFileSourceTests.MultipleFiles_YieldsAllInOrder","ExecutorUri":"executor://xunit/VsTestRunner3/netcore/","Source":"C:\\Integral2u\\source\\repos\\SharpMind\\SharpMind.Tests\\bin\\Debug\\net10.0\\SharpMind.Tests.dll","CodeFilePath":null,"LineNumber":0,"Properties":[{"Key":{"Id":"XunitTestCaseExplicit","Label":"xUnit.net Test Case Explicit Flag","Category":"","Description":"","Attributes":0,"ValueType":"System.Boolean"},"Value":false},{"Key":{"Id":"XunitTestCaseUniqueID","Label":"xUnit.net Test Case Unique ID","Category":"","Description":"","Attributes":0,"ValueType":"System.String"},"Value":"e13817b201b9bd6c0cb0f05e80fe4a2fc8baac52"},{"Key":{"Id":"TestCase.ManagedMethod","Label":"ManagedMethod","Category":"","Description":"","Attributes":1,"ValueType":"System.String"},"Value":"MultipleFiles_YieldsAllInOrder"},{"Key":{"Id":"TestCase.ManagedType","Label":"ManagedType","Category":"","Description":"","Attributes":1,"ValueType":"System.String"},"Value":"SharpMind.Tests.Data.TextFileSourceTests"}]},"Attachments":[],"Outcome":1,"ErrorMessage":null,"ErrorStackTrace":null,"DisplayName":"SharpMind.Tests.Data.TextFileSourceTests.MultipleFiles_YieldsAllInOrder","Messages":[],"ComputerName":"LAPTOP-MKMTSO1B","Duration":"00:00:00.0120023","StartTime":"2026-07-20T06:09:09.9647966+00:00","EndTime":"2026-07-20T06:09:09.9776904+00:00","Properties":[]},{"TestCase":{"Id":"e84ed3e5-148a-7a74-60be-532aa85e8f24","FullyQualifiedName":"SharpMind.Tests.ModelFormat.DtypeOpsTests.ElementSize_INT4_Returns1","DisplayName":"SharpMind.Tests.ModelFormat.DtypeOpsTests.ElementSize_INT4_Returns1","ExecutorUri":"executor://xunit/VsTestRunner3/netcore/","Source":"C:\\Integral2u\\source\\repos\\SharpMind\\SharpMind.Tests\\bin\\Debug\\net10.0\\SharpMind.Tests.dll","CodeFilePath":null,"LineNumber":0,"Properties":[{"Key":{"Id":"XunitTestCaseExplicit","Label":"xUnit.net Test Case Explicit Flag","Category":"","Description":"","Attributes":0,"ValueType":"System.Boolean"},"Value":false},{"Key":{"Id":"XunitTestCaseUniqueID","Label":"xUnit.net Test Case Unique ID","Category":"","Description":"","Attributes":0,"ValueType":"System.String"},"Value":"07e6a516947f0d53344ee918e44334793ea81652"},{"Key":{"Id":"TestCase.ManagedMethod","Label":"ManagedMethod","Category":"","Description":"","Attributes":1,"ValueType":"System.String"},"Value":"ElementSize_INT4_Returns1"},{"Key":{"Id":"TestCase.ManagedType","Label":"ManagedType","Category":"","Description":"","Attributes":1,"ValueType":"System.String"},"Value":"SharpMind.Tests.ModelFormat.DtypeOpsTests"}]},"Attachments":[],"Outcome":1,"ErrorMessage":null,"ErrorStackTrace":null,"DisplayName":"SharpMind.Tests.ModelFormat.DtypeOpsTests.ElementSize_INT4_Returns1","Messages":[],"ComputerName":"LAPTOP-MKMTSO1B","Duration":"00:00:00.2833324","StartTime":"2026-07-20T06:09:09.7531207+00:00","EndTime":"2026-07-20T06:09:10.036851+00:00","Properties":[]},{"TestCase":{"Id":"4d73bffc-0aa8-507a-5c01-9306a0900c1b","FullyQualifiedName":"SharpMind.Tests.ModelFormat.DtypeOpsTests.ElementSize_F16_Returns2","DisplayName":"SharpMind.Tests.ModelFormat.DtypeOpsTests.ElementSize_F16_Returns2","ExecutorUri":"executor://xunit/VsTestRunner3/netcore/","Source":"C:\\Integral2u\\source\\repos\\SharpMind\\SharpMind.Tests\\bin\\Debug\\net10.0\\SharpMind.Tests.dll","CodeFilePath":null,"LineNumber":0,"Properties":[{"Key":{"Id":"XunitTestCaseExplicit","Label":"xUnit.net Test Case Explicit Flag","Category":"","Description":"","Attributes":0,"ValueType":"System.Boolean"},"Value":false},{"Key":{"Id":"XunitTestCaseUniqueID","Label":"xUnit.net Test Case Unique ID","Category":"","Description":"","Attributes":0,"ValueType":"System.String"},"Value":"177564b89759684b8197683c282cec1af1b5c978"},{"Key":{"Id":"TestCase.ManagedMethod","Label":"ManagedMethod","Category":"","Description":"","Attributes":1,"ValueType":"System.String"},"Value":"ElementSize_F16_Returns2"},{"Key":{"Id":"TestCase.ManagedType","Label":"ManagedType","Category":"","Description":"","Attributes":1,"ValueType":"System.String"},"Value":"SharpMind.Tests.ModelFormat.DtypeOpsTests"}]},"Attachments":[],"Outcome":1,"ErrorMessage":null,"ErrorStackTrace":null,"DisplayName":"SharpMind.Tests.ModelFormat.DtypeOpsTests.ElementSize_F16_Returns2","Messages":[],"ComputerName":"LAPTOP-MKMTSO1B","Duration":"00:00:00.0001755","StartTime":"2026-07-20T06:09:10.0378732+00:00","EndTime":"2026-07-20T06:09:10.0380707+00:00","Properties":[]},{"TestCase":{"Id":"1a8cbbb3-b171-5892-99ab-81e2dc146d77","FullyQualifiedName":"SharpMind.Tests.ModelFormat.DtypeOpsTests.ElementSize_F32_Returns4","DisplayName":"SharpMind.Tests.ModelFormat.DtypeOpsTests.ElementSize_F32_Returns4","ExecutorUri":"executor://xunit/VsTestRunner3/netcore/","Source":"C:\\Integral2u\\source\\repos\\SharpMind\\SharpMind.Tests\\bin\\Debug\\net10.0\\SharpMind.Tests.dll","CodeFilePath":null,"LineNumber":0,"Properties":[{"Key":{"Id":"XunitTestCaseExplicit","Label":"xUnit.net Test Case Explicit Flag","Category":"","Description":"","Attributes":0,"ValueType":"System.Boolean"},"Value":false},{"Key":{"Id":"XunitTestCaseUniqueID","Label":"xUnit.net Test Case Unique ID","Category":"","Description":"","Attributes":0,"ValueType":"System.String"},"Value":"537fc19bfd2f5ece8f79627b42bd1203ae7062a4"},{"Key":{"Id":"TestCase.ManagedMethod","Label":"ManagedMethod","Category":"","Description":"","Attributes":1,"ValueType":"System.String"},"Value":"ElementSize_F32_Returns4"},{"Key":{"Id":"TestCase.ManagedType","Label":"ManagedType","Category":"","Description":"","Attributes":1,"ValueType":"System.String"},"Value":"SharpMind.Tests.ModelFormat.DtypeOpsTests"}]},"Attachments":[],"Outcome":1,"ErrorMessage":null,"ErrorStackTrace":null,"DisplayName":"SharpMind.Tests.ModelFormat.DtypeOpsTests.ElementSize_F32_Returns4","Messages":[],"ComputerName":"LAPTOP-MKMTSO1B","Duration":"00:00:00.0001399","StartTime":"2026-07-20T06:09:10.0390342+00:00","EndTime":"2026-07-20T06:09:10.0392036+00:00","Properties":[]},{"TestCase":{"Id":"adc27607-1708-efec-aa0d-8fba6b1b833a","FullyQualifiedName":"SharpMind.Tests.ModelFormat.DtypeOpsTests.ConvertToFloat_INT8_Deiquantize","DisplayName":"SharpMind.Tests.ModelFormat.DtypeOpsTests.ConvertToFloat_INT8_Deiquantize","ExecutorUri":"executor://xunit/VsTestRunner3/netcore/","Source":"C:\\Integral2u\\source\\repos\\SharpMind\\SharpMind.Tests\\bin\\Debug\\net10.0\\SharpMind.Tests.dll","CodeFilePath":null,"LineNumber":0,"Properties":[{"Key":{"Id":"XunitTestCaseExplicit","Label":"xUnit.net Test Case Explicit Flag","Category":"","Description":"","Attributes":0,"ValueType":"System.Boolean"},"Value":false},{"Key":{"Id":"XunitTestCaseUniqueID","Label":"xUnit.net Test Case Unique ID","Category":"","Description":"","Attributes":0,"ValueType":"System.String"},"Value":"677de638ad5b30661a41f50d85e14af201d13bb1"},{"Key":{"Id":"TestCase.ManagedMethod","Label":"ManagedMethod","Category":"","Description":"","Attributes":1,"ValueType":"System.String"},"Value":"ConvertToFloat_INT8_Deiquantize"},{"Key":{"Id":"TestCase.ManagedType","Label":"ManagedType","Category":"","Description":"","Attributes":1,"ValueType":"System.String"},"Value":"SharpMind.Tests.ModelFormat.DtypeOpsTests"}]},"Attachments":[],"Outcome":1,"ErrorMessage":null,"ErrorStackTrace":null,"DisplayName":"SharpMind.Tests.ModelFormat.DtypeOpsTests.ConvertToFloat_INT8_Deiquantize","Messages":[],"ComputerName":"LAPTOP-MKMTSO1B","Duration":"00:00:00.0024159","StartTime":"2026-07-20T06:09:10.0400764+00:00","EndTime":"2026-07-20T06:09:10.0402321+00:00","Properties":[]},{"TestCase":{"Id":"206a3014-8d6e-5c94-272c-3d32c34e6a75","FullyQualifiedName":"SharpMind.Tests.ModelFormat.SharpMindConfigTests.ToModelConfig_Roundtrip","DisplayName":"SharpMind.Tests.ModelFormat.SharpMindConfigTests.ToModelConfig_Roundtrip","ExecutorUri":"executor://xunit/VsTestRunner3/netcore/","Source":"C:\\Integral2u\\source\\repos\\SharpMind\\SharpMind.Tests\\bin\\Debug\\net10.0\\SharpMind.Tests.dll","CodeFilePath":null,"LineNumber":0,"Properties":[{"Key":{"Id":"XunitTestCaseExplicit","Label":"xUnit.net Test Case Explicit Flag","Category":"","Description":"","Attributes":0,"ValueType":"System.Boolean"},"Value":false},{"Key":{"Id":"XunitTestCaseUniqueID","Label":"xUnit.net Test Case Unique ID","Category":"","Description":"","Attributes":0,"ValueType":"System.String"},"Value":"50e90007272ca1631cf5af60241da31aeffd8d79"},{"Key":{"Id":"TestCase.ManagedMethod","Label":"ManagedMethod","Category":"","Description":"","Attributes":1,"ValueType":"System.String"},"Value":"ToModelConfig_Roundtrip"},{"Key":{"Id":"TestCase.ManagedType","Label":"ManagedType","Category":"","Description":"","Attributes":1,"ValueType":"System.String"},"Value":"SharpMind.Tests.ModelFormat.SharpMindConfigTests"}]},"Attachments":[],"Outcome":1,"ErrorMessage":null,"ErrorStackTrace":null,"DisplayName":"SharpMind.Tests.ModelFormat.SharpMindConfigTests.ToModelConfig_Roundtrip","Messages":[],"ComputerName":"LAPTOP-MKMTSO1B","Duration":"00:00:00.4669643","StartTime":"2026-07-20T06:09:09.6473029+00:00","EndTime":"2026-07-20T06:09:10.041503+00:00","Properties":[]}],"TestRunStatistics":{"ExecutedTests":92,"Stats":{"Passed":92}},"ActiveTests":[{"Id":"3fe2b258-0513-cce0-5f84-a5aad7c75f35","FullyQualifiedName":"SharpMind.Tests.GPU.ActivationComparisonTests.ReLU_CPUAndGPU_ProduceSameResults","DisplayName":"SharpMind.Tests.GPU.ActivationComparisonTests.ReLU_CPUAndGPU_ProduceSameResults","ExecutorUri":"executor://xunit/VsTestRunner3/netcore/","Source":"C:\\Integral2u\\source\\repos\\SharpMind\\SharpMind.Tests\\bin\\Debug\\net10.0\\SharpMind.Tests.dll","CodeFilePath":null,"LineNumber":0,"Properties":[{"Key":{"Id":"XunitTestCaseExplicit","Label":"xUnit.net Test Case Explicit Flag","Category":"","Description":"","Attributes":0,"ValueType":"System.Boolean"},"Value":false},{"Key":{"Id":"XunitTestCaseUniqueID","Label":"xUnit.net Test Case Unique ID","Category":"","Description":"","Attributes":0,"ValueType":"System.String"},"Value":"17c4c11d12357b65c20e68677a22afa0b17ebdc4"},{"Key":{"Id":"TestCase.ManagedMethod","Label":"ManagedMethod","Category":"","Description":"","Attributes":1,"ValueType":"System.String"},"Value":"ReLU_CPUAndGPU_ProduceSameResults"},{"Key":{"Id":"TestCase.ManagedType","Label":"ManagedType","Category":"","Description":"","Attributes":1,"ValueType":"System.String"},"Value":"SharpMind.Tests.GPU.ActivationComparisonTests"}]},{"Id":"9404167a-e4e6-7408-18bf-52f50b5ca937","FullyQualifiedName":"SharpMind.Tests.ModelFormat.DtypeOpsTests.ConvertToFloat_F16_Roundtrip_Close","DisplayName":"SharpMind.Tests.ModelFormat.DtypeOpsTests.ConvertToFloat_F16_Roundtrip_Close","ExecutorUri":"executor://xunit/VsTestRunner3/netcore/","Source":"C:\\Integral2u\\source\\repos\\SharpMind\\SharpMind.Tests\\bin\\Debug\\net10.0\\SharpMind.Tests.dll","CodeFilePath":null,"LineNumber":0,"Properties":[{"Key":{"Id":"XunitTestCaseExplicit","Label":"xUnit.net Test Case Explicit Flag","Category":"","Description":"","Attributes":0,"ValueType":"System.Boolean"},"Value":false},{"Key":{"Id":"XunitTestCaseUniqueID","Label":"xUnit.net Test Case Unique ID","Category":"","Description":"","Attributes":0,"ValueType":"System.String"},"Value":"786dd8063a006aa02da48f1203fc92b0baa9acd0"},{"Key":{"Id":"TestCase.ManagedMethod","Label":"ManagedMethod","Category":"","Description":"","Attributes":1,"ValueType":"System.String"},"Value":"ConvertToFloat_F16_Roundtrip_Close"},{"Key":{"Id":"TestCase.ManagedType","Label":"ManagedType","Category":"","Description":"","Attributes":1,"ValueType":"System.String"},"Value":"SharpMind.Tests.ModelFormat.DtypeOpsTests"}]}]}}
TpTrace Verbose: 0 : 14588, 7, 2026/07/20, 18:09:10.048, 391389233501, vstest.console.dll, TestRunRequest:SendTestRunStatsChange: Starting.
TpTrace Verbose: 0 : 14588, 7, 2026/07/20, 18:09:10.049, 391389235328, vstest.console.dll, InProgress is SharpMind.Tests.GPU.ActivationComparisonTests.ReLU_CPUAndGPU_ProduceSameResults
TpTrace Verbose: 0 : 14588, 7, 2026/07/20, 18:09:10.049, 391389235749, vstest.console.dll, InProgress is SharpMind.Tests.ModelFormat.DtypeOpsTests.ConvertToFloat_F16_Roundtrip_Close
TpTrace Verbose: 0 : 14588, 7, 2026/07/20, 18:09:10.049, 391389236450, vstest.console.dll, MulticastDelegateUtilities.SafeInvoke: TestRun.RunStatsChanged: Invoking callbacks was skipped because there are no subscribers.
TpTrace Information: 0 : 14588, 7, 2026/07/20, 18:09:10.049, 391389236928, vstest.console.dll, TestRunRequest:SendTestRunStatsChange: Completed.
TpTrace Verbose: 0 : 14588, 7, 2026/07/20, 18:09:10.049, 391389238497, vstest.console.dll, MulticastDelegateUtilities.SafeInvoke: LengthPrefixCommunicationChannel: MessageReceived: Invoking callback 1/1 for Microsoft.VisualStudio.TestPlatform.CommunicationUtilities.TestRequestSender+<>c__DisplayClass34_0., took 4 ms.
TpTrace Verbose: 0 : 14588, 7, 2026/07/20, 18:09:10.049, 391389239884, vstest.console.dll, TcpClientExtensions.MessageLoopAsync: Polling on remoteEndPoint: 127.0.0.1:56030 localEndPoint: 127.0.0.1:56028 after 127 ms
TpTrace Verbose: 0 : 14588, 4, 2026/07/20, 18:09:10.050, 391389245278, vstest.console.dll, MulticastDelegateUtilities.SafeInvoke: InternalTestLoggerEvents.SendTestResult: Invoking callback 1/1 for Microsoft.VisualStudio.TestPlatform.CommandLine.Internal.ConsoleLogger., took 0 ms.
TpTrace Verbose: 0 : 14588, 4, 2026/07/20, 18:09:10.050, 391389246811, vstest.console.dll, MulticastDelegateUtilities.SafeInvoke: InternalTestLoggerEvents.SendTestResult: Invoking callback 1/1 for Microsoft.VisualStudio.TestPlatform.CommandLine.Internal.ConsoleLogger., took 0 ms.
TpTrace Verbose: 0 : 14588, 4, 2026/07/20, 18:09:10.050, 391389247874, vstest.console.dll, MulticastDelegateUtilities.SafeInvoke: InternalTestLoggerEvents.SendTestResult: Invoking callback 1/1 for Microsoft.VisualStudio.TestPlatform.CommandLine.Internal.ConsoleLogger., took 0 ms.
TpTrace Verbose: 0 : 14588, 4, 2026/07/20, 18:09:10.050, 391389248704, vstest.console.dll, MulticastDelegateUtilities.SafeInvoke: InternalTestLoggerEvents.SendTestResult: Invoking callback 1/1 for Microsoft.VisualStudio.TestPlatform.CommandLine.Internal.ConsoleLogger., took 0 ms.
TpTrace Verbose: 0 : 14588, 4, 2026/07/20, 18:09:10.050, 391389249666, vstest.console.dll, MulticastDelegateUtilities.SafeInvoke: InternalTestLoggerEvents.SendTestResult: Invoking callback 1/1 for Microsoft.VisualStudio.TestPlatform.CommandLine.Internal.ConsoleLogger., took 0 ms.
TpTrace Verbose: 0 : 14588, 4, 2026/07/20, 18:09:10.050, 391389251245, vstest.console.dll, MulticastDelegateUtilities.SafeInvoke: InternalTestLoggerEvents.SendTestResult: Invoking callback 1/1 for Microsoft.VisualStudio.TestPlatform.CommandLine.Internal.ConsoleLogger., took 0 ms.
TpTrace Verbose: 0 : 14588, 4, 2026/07/20, 18:09:10.050, 391389252730, vstest.console.dll, MulticastDelegateUtilities.SafeInvoke: InternalTestLoggerEvents.SendTestResult: Invoking callback 1/1 for Microsoft.VisualStudio.TestPlatform.CommandLine.Internal.ConsoleLogger., took 0 ms.
TpTrace Verbose: 0 : 14588, 4, 2026/07/20, 18:09:10.051, 391389255479, vstest.console.dll, MulticastDelegateUtilities.SafeInvoke: InternalTestLoggerEvents.SendTestResult: Invoking callback 1/1 for Microsoft.VisualStudio.TestPlatform.CommandLine.Internal.ConsoleLogger., took 0 ms.
TpTrace Verbose: 0 : 14588, 7, 2026/07/20, 18:09:10.107, 391389817367, vstest.console.dll, TcpClientExtensions.MessageLoopAsync: NotifyDataAvailable remoteEndPoint: 127.0.0.1:56030 localEndPoint: 127.0.0.1:56028
TpTrace Verbose: 0 : 14588, 7, 2026/07/20, 18:09:10.107, 391389822076, vstest.console.dll, TestRequestSender.OnExecutionMessageReceived: Received message: {"Version":7,"MessageType":"TestExecution.StatsChange","Payload":{"NewTestResults":[{"TestCase":{"Id":"9404167a-e4e6-7408-18bf-52f50b5ca937","FullyQualifiedName":"SharpMind.Tests.ModelFormat.DtypeOpsTests.ConvertToFloat_F16_Roundtrip_Close","DisplayName":"SharpMind.Tests.ModelFormat.DtypeOpsTests.ConvertToFloat_F16_Roundtrip_Close","ExecutorUri":"executor://xunit/VsTestRunner3/netcore/","Source":"C:\\Integral2u\\source\\repos\\SharpMind\\SharpMind.Tests\\bin\\Debug\\net10.0\\SharpMind.Tests.dll","CodeFilePath":null,"LineNumber":0,"Properties":[{"Key":{"Id":"XunitTestCaseExplicit","Label":"xUnit.net Test Case Explicit Flag","Category":"","Description":"","Attributes":0,"ValueType":"System.Boolean"},"Value":false},{"Key":{"Id":"XunitTestCaseUniqueID","Label":"xUnit.net Test Case Unique ID","Category":"","Description":"","Attributes":0,"ValueType":"System.String"},"Value":"786dd8063a006aa02da48f1203fc92b0baa9acd0"},{"Key":{"Id":"TestCase.ManagedMethod","Label":"ManagedMethod","Category":"","Description":"","Attributes":1,"ValueType":"System.String"},"Value":"ConvertToFloat_F16_Roundtrip_Close"},{"Key":{"Id":"TestCase.ManagedType","Label":"ManagedType","Category":"","Description":"","Attributes":1,"ValueType":"System.String"},"Value":"SharpMind.Tests.ModelFormat.DtypeOpsTests"}]},"Attachments":[],"Outcome":1,"ErrorMessage":null,"ErrorStackTrace":null,"DisplayName":"SharpMind.Tests.ModelFormat.DtypeOpsTests.ConvertToFloat_F16_Roundtrip_Close","Messages":[],"ComputerName":"LAPTOP-MKMTSO1B","Duration":"00:00:00.0042056","StartTime":"2026-07-20T06:09:10.0413427+00:00","EndTime":"2026-07-20T06:09:10.0450281+00:00","Properties":[]},{"TestCase":{"Id":"c439d3e5-e528-fb08-85c7-a3ddf5242e26","FullyQualifiedName":"SharpMind.Tests.ModelFormat.SharpMindConfigTests.FromModelConfig_Mapper_Configuration","DisplayName":"SharpMind.Tests.ModelFormat.SharpMindConfigTests.FromModelConfig_Mapper_Configuration","ExecutorUri":"executor://xunit/VsTestRunner3/netcore/","Source":"C:\\Integral2u\\source\\repos\\SharpMind\\SharpMind.Tests\\bin\\Debug\\net10.0\\SharpMind.Tests.dll","CodeFilePath":null,"LineNumber":0,"Properties":[{"Key":{"Id":"XunitTestCaseExplicit","Label":"xUnit.net Test Case Explicit Flag","Category":"","Description":"","Attributes":0,"ValueType":"System.Boolean"},"Value":false},{"Key":{"Id":"XunitTestCaseUniqueID","Label":"xUnit.net Test Case Unique ID","Category":"","Description":"","Attributes":0,"ValueType":"System.String"},"Value":"5cd5a928309f560715123b01e8c222e918874263"},{"Key":{"Id":"TestCase.ManagedMethod","Label":"ManagedMethod","Category":"","Description":"","Attributes":1,"ValueType":"System.String"},"Value":"FromModelConfig_Mapper_Configuration"},{"Key":{"Id":"TestCase.ManagedType","Label":"ManagedType","Category":"","Description":"","Attributes":1,"ValueType":"System.String"},"Value":"SharpMind.Tests.ModelFormat.SharpMindConfigTests"}]},"Attachments":[],"Outcome":1,"ErrorMessage":null,"ErrorStackTrace":null,"DisplayName":"SharpMind.Tests.ModelFormat.SharpMindConfigTests.FromModelConfig_Mapper_Configuration","Messages":[],"ComputerName":"LAPTOP-MKMTSO1B","Duration":"00:00:00.0038724","StartTime":"2026-07-20T06:09:10.0449057+00:00","EndTime":"2026-07-20T06:09:10.046049+00:00","Properties":[]},{"TestCase":{"Id":"921c9c3e-061a-8ef9-b1e1-43ab058540cd","FullyQualifiedName":"SharpMind.Tests.ModelFormat.DtypeOpsTests.ConvertToFloat_InvalidDtype_Throws","DisplayName":"SharpMind.Tests.ModelFormat.DtypeOpsTests.ConvertToFloat_InvalidDtype_Throws","ExecutorUri":"executor://xunit/VsTestRunner3/netcore/","Source":"C:\\Integral2u\\source\\repos\\SharpMind\\SharpMind.Tests\\bin\\Debug\\net10.0\\SharpMind.Tests.dll","CodeFilePath":null,"LineNumber":0,"Properties":[{"Key":{"Id":"XunitTestCaseExplicit","Label":"xUnit.net Test Case Explicit Flag","Category":"","Description":"","Attributes":0,"ValueType":"System.Boolean"},"Value":false},{"Key":{"Id":"XunitTestCaseUniqueID","Label":"xUnit.net Test Case Unique ID","Category":"","Description":"","Attributes":0,"ValueType":"System.String"},"Value":"97c958a4b85fcf2f2ca2be71eef5264624cbd387"},{"Key":{"Id":"TestCase.ManagedMethod","Label":"ManagedMethod","Category":"","Description":"","Attributes":1,"ValueType":"System.String"},"Value":"ConvertToFloat_InvalidDtype_Throws"},{"Key":{"Id":"TestCase.ManagedType","Label":"ManagedType","Category":"","Description":"","Attributes":1,"ValueType":"System.String"},"Value":"SharpMind.Tests.ModelFormat.DtypeOpsTests"}]},"Attachments":[],"Outcome":1,"ErrorMessage":null,"ErrorStackTrace":null,"DisplayName":"SharpMind.Tests.ModelFormat.DtypeOpsTests.ConvertToFloat_InvalidDtype_Throws","Messages":[],"ComputerName":"LAPTOP-MKMTSO1B","Duration":"00:00:00.0023281","StartTime":"2026-07-20T06:09:10.0458973+00:00","EndTime":"2026-07-20T06:09:10.0468348+00:00","Properties":[]},{"TestCase":{"Id":"9ba9a8a8-1ea0-2d80-ee35-34f416520cbf","FullyQualifiedName":"SharpMind.Tests.ModelFormat.DtypeOpsTests.ElementSize_INT8_Returns1","DisplayName":"SharpMind.Tests.ModelFormat.DtypeOpsTests.ElementSize_INT8_Returns1","ExecutorUri":"executor://xunit/VsTestRunner3/netcore/","Source":"C:\\Integral2u\\source\\repos\\SharpMind\\SharpMind.Tests\\bin\\Debug\\net10.0\\SharpMind.Tests.dll","CodeFilePath":null,"LineNumber":0,"Properties":[{"Key":{"Id":"XunitTestCaseExplicit","Label":"xUnit.net Test Case Explicit Flag","Category":"","Description":"","Attributes":0,"ValueType":"System.Boolean"},"Value":false},{"Key":{"Id":"XunitTestCaseUniqueID","Label":"xUnit.net Test Case Unique ID","Category":"","Description":"","Attributes":0,"ValueType":"System.String"},"Value":"a4e783cfe961a4469b014743a0e7f347d6489eab"},{"Key":{"Id":"TestCase.ManagedMethod","Label":"ManagedMethod","Category":"","Description":"","Attributes":1,"ValueType":"System.String"},"Value":"ElementSize_INT8_Returns1"},{"Key":{"Id":"TestCase.ManagedType","Label":"ManagedType","Category":"","Description":"","Attributes":1,"ValueType":"System.String"},"Value":"SharpMind.Tests.ModelFormat.DtypeOpsTests"}]},"Attachments":[],"Outcome":1,"ErrorMessage":null,"ErrorStackTrace":null,"DisplayName":"SharpMind.Tests.ModelFormat.DtypeOpsTests.ElementSize_INT8_Returns1","Messages":[],"ComputerName":"LAPTOP-MKMTSO1B","Duration":"00:00:00.0003111","StartTime":"2026-07-20T06:09:10.0505786+00:00","EndTime":"2026-07-20T06:09:10.0507319+00:00","Properties":[]},{"TestCase":{"Id":"382d0745-e55b-df6a-520e-ba56457d7de6","FullyQualifiedName":"SharpMind.Tests.ModelFormat.DtypeOpsTests.ConvertToFloat_INT4_Unpack","DisplayName":"SharpMind.Tests.ModelFormat.DtypeOpsTests.ConvertToFloat_INT4_Unpack","ExecutorUri":"executor://xunit/VsTestRunner3/netcore/","Source":"C:\\Integral2u\\source\\repos\\SharpMind\\SharpMind.Tests\\bin\\Debug\\net10.0\\SharpMind.Tests.dll","CodeFilePath":null,"LineNumber":0,"Properties":[{"Key":{"Id":"XunitTestCaseExplicit","Label":"xUnit.net Test Case Explicit Flag","Category":"","Description":"","Attributes":0,"ValueType":"System.Boolean"},"Value":false},{"Key":{"Id":"XunitTestCaseUniqueID","Label":"xUnit.net Test Case Unique ID","Category":"","Description":"","Attributes":0,"ValueType":"System.String"},"Value":"ae8ca9dd91348cd1953df4e1e3bc136cd11de06d"},{"Key":{"Id":"TestCase.ManagedMethod","Label":"ManagedMethod","Category":"","Description":"","Attributes":1,"ValueType":"System.String"},"Value":"ConvertToFloat_INT4_Unpack"},{"Key":{"Id":"TestCase.ManagedType","Label":"ManagedType","Category":"","Description":"","Attributes":1,"ValueType":"System.String"},"Value":"SharpMind.Tests.ModelFormat.DtypeOpsTests"}]},"Attachments":[],"Outcome":1,"ErrorMessage":null,"ErrorStackTrace":null,"DisplayName":"SharpMind.Tests.ModelFormat.DtypeOpsTests.ConvertToFloat_INT4_Unpack","Messages":[],"ComputerName":"LAPTOP-MKMTSO1B","Duration":"00:00:00.0027548","StartTime":"2026-07-20T06:09:10.0514748+00:00","EndTime":"2026-07-20T06:09:10.0516076+00:00","Properties":[]},{"TestCase":{"Id":"5bccd1c2-8e00-7406-e53f-cc9a142a4e70","FullyQualifiedName":"SharpMind.Tests.ModelFormat.DtypeOpsTests.ConvertToFloat_F32_Roundtrip_Exact","DisplayName":"SharpMind.Tests.ModelFormat.DtypeOpsTests.ConvertToFloat_F32_Roundtrip_Exact","ExecutorUri":"executor://xunit/VsTestRunner3/netcore/","Source":"C:\\Integral2u\\source\\repos\\SharpMind\\SharpMind.Tests\\bin\\Debug\\net10.0\\SharpMind.Tests.dll","CodeFilePath":null,"LineNumber":0,"Properties":[{"Key":{"Id":"XunitTestCaseExplicit","Label":"xUnit.net Test Case Explicit Flag","Category":"","Description":"","Attributes":0,"ValueType":"System.Boolean"},"Value":false},{"Key":{"Id":"XunitTestCaseUniqueID","Label":"xUnit.net Test Case Unique ID","Category":"","Description":"","Attributes":0,"ValueType":"System.String"},"Value":"c87bad3aa1b280c13cb2bdfa9f28e8be65d8cae3"},{"Key":{"Id":"TestCase.ManagedMethod","Label":"ManagedMethod","Category":"","Description":"","Attributes":1,"ValueType":"System.String"},"Value":"ConvertToFloat_F32_Roundtrip_Exact"},{"Key":{"Id":"TestCase.ManagedType","Label":"ManagedType","Category":"","Description":"","Attributes":1,"ValueType":"System.String"},"Value":"SharpMind.Tests.ModelFormat.DtypeOpsTests"}]},"Attachments":[],"Outcome":1,"ErrorMessage":null,"ErrorStackTrace":null,"DisplayName":"SharpMind.Tests.ModelFormat.DtypeOpsTests.ConvertToFloat_F32_Roundtrip_Exact","Messages":[],"ComputerName":"LAPTOP-MKMTSO1B","Duration":"00:00:00.0024136","StartTime":"2026-07-20T06:09:10.0523414+00:00","EndTime":"2026-07-20T06:09:10.0526336+00:00","Properties":[]},{"TestCase":{"Id":"3fe2b258-0513-cce0-5f84-a5aad7c75f35","FullyQualifiedName":"SharpMind.Tests.GPU.ActivationComparisonTests.ReLU_CPUAndGPU_ProduceSameResults","DisplayName":"SharpMind.Tests.GPU.ActivationComparisonTests.ReLU_CPUAndGPU_ProduceSameResults","ExecutorUri":"executor://xunit/VsTestRunner3/netcore/","Source":"C:\\Integral2u\\source\\repos\\SharpMind\\SharpMind.Tests\\bin\\Debug\\net10.0\\SharpMind.Tests.dll","CodeFilePath":null,"LineNumber":0,"Properties":[{"Key":{"Id":"XunitTestCaseExplicit","Label":"xUnit.net Test Case Explicit Flag","Category":"","Description":"","Attributes":0,"ValueType":"System.Boolean"},"Value":false},{"Key":{"Id":"XunitTestCaseUniqueID","Label":"xUnit.net Test Case Unique ID","Category":"","Description":"","Attributes":0,"ValueType":"System.String"},"Value":"17c4c11d12357b65c20e68677a22afa0b17ebdc4"},{"Key":{"Id":"TestCase.ManagedMethod","Label":"ManagedMethod","Category":"","Description":"","Attributes":1,"ValueType":"System.String"},"Value":"ReLU_CPUAndGPU_ProduceSameResults"},{"Key":{"Id":"TestCase.ManagedType","Label":"ManagedType","Category":"","Description":"","Attributes":1,"ValueType":"System.String"},"Value":"SharpMind.Tests.GPU.ActivationComparisonTests"}]},"Attachments":[],"Outcome":1,"ErrorMessage":null,"ErrorStackTrace":null,"DisplayName":"SharpMind.Tests.GPU.ActivationComparisonTests.ReLU_CPUAndGPU_ProduceSameResults","Messages":[],"ComputerName":"LAPTOP-MKMTSO1B","Duration":"00:00:00.1086181","StartTime":"2026-07-20T06:09:09.9791678+00:00","EndTime":"2026-07-20T06:09:10.0879006+00:00","Properties":[]}],"TestRunStatistics":{"ExecutedTests":99,"Stats":{"Passed":99}},"ActiveTests":[{"Id":"28925895-894a-ee85-0593-943d1946f7d3","FullyQualifiedName":"SharpMind.Tests.ModelFormat.SharpMindConfigTests.SaveAndLoad_Roundtrip","DisplayName":"SharpMind.Tests.ModelFormat.SharpMindConfigTests.SaveAndLoad_Roundtrip","ExecutorUri":"executor://xunit/VsTestRunner3/netcore/","Source":"C:\\Integral2u\\source\\repos\\SharpMind\\SharpMind.Tests\\bin\\Debug\\net10.0\\SharpMind.Tests.dll","CodeFilePath":null,"LineNumber":0,"Properties":[{"Key":{"Id":"XunitTestCaseExplicit","Label":"xUnit.net Test Case Explicit Flag","Category":"","Description":"","Attributes":0,"ValueType":"System.Boolean"},"Value":false},{"Key":{"Id":"XunitTestCaseUniqueID","Label":"xUnit.net Test Case Unique ID","Category":"","Description":"","Attributes":0,"ValueType":"System.String"},"Value":"b6b2806f9a49a1f725b86a40efcee4fb152e5016"},{"Key":{"Id":"TestCase.ManagedMethod","Label":"ManagedMethod","Category":"","Description":"","Attributes":1,"ValueType":"System.String"},"Value":"SaveAndLoad_Roundtrip"},{"Key":{"Id":"TestCase.ManagedType","Label":"ManagedType","Category":"","Description":"","Attributes":1,"ValueType":"System.String"},"Value":"SharpMind.Tests.ModelFormat.SharpMindConfigTests"}]},{"Id":"0c7dd9b8-0e79-6ae2-590a-f6672b19386c","FullyQualifiedName":"SharpMind.Tests.Chat.JinjaTemplateFormatterTests.Eval_Namespace_MutationAcrossScope","DisplayName":"SharpMind.Tests.Chat.JinjaTemplateFormatterTests.Eval_Namespace_MutationAcrossScope","ExecutorUri":"executor://xunit/VsTestRunner3/netcore/","Source":"C:\\Integral2u\\source\\repos\\SharpMind\\SharpMind.Tests\\bin\\Debug\\net10.0\\SharpMind.Tests.dll","CodeFilePath":null,"LineNumber":0,"Properties":[{"Key":{"Id":"XunitTestCaseExplicit","Label":"xUnit.net Test Case Explicit Flag","Category":"","Description":"","Attributes":0,"ValueType":"System.Boolean"},"Value":false},{"Key":{"Id":"XunitTestCaseUniqueID","Label":"xUnit.net Test Case Unique ID","Category":"","Description":"","Attributes":0,"ValueType":"System.String"},"Value":"12dfcc0440b78ddd363951cda0ac2762201c0c49"},{"Key":{"Id":"TestCase.ManagedMethod","Label":"ManagedMethod","Category":"","Description":"","Attributes":1,"ValueType":"System.String"},"Value":"Eval_Namespace_MutationAcrossScope"},{"Key":{"Id":"TestCase.ManagedType","Label":"ManagedType","Category":"","Description":"","Attributes":1,"ValueType":"System.String"},"Value":"SharpMind.Tests.Chat.JinjaTemplateFormatterTests"}]},{"Id":"bf797391-ea6f-941e-5996-567911d565cd","FullyQualifiedName":"SharpMind.Tests.GPU.ActivationComparisonTests.GeGLU_CPUAndGPU_ProduceSameResults","DisplayName":"SharpMind.Tests.GPU.ActivationComparisonTests.GeGLU_CPUAndGPU_ProduceSameResults","ExecutorUri":"executor://xunit/VsTestRunner3/netcore/","Source":"C:\\Integral2u\\source\\repos\\SharpMind\\SharpMind.Tests\\bin\\Debug\\net10.0\\SharpMind.Tests.dll","CodeFilePath":null,"LineNumber":0,"Properties":[{"Key":{"Id":"XunitTestCaseExplicit","Label":"xUnit.net Test Case Explicit Flag","Category":"","Description":"","Attributes":0,"ValueType":"System.Boolean"},"Value":false},{"Key":{"Id":"XunitTestCaseUniqueID","Label":"xUnit.net Test Case Unique ID","Category":"","Description":"","Attributes":0,"ValueType":"System.String"},"Value":"1d20bb45fc71b2d84faa198831c81f6a2f3d3ec0"},{"Key":{"Id":"TestCase.ManagedMethod","Label":"ManagedMethod","Category":"","Description":"","Attributes":1,"ValueType":"System.String"},"Value":"GeGLU_CPUAndGPU_ProduceSameResults"},{"Key":{"Id":"TestCase.ManagedType","Label":"ManagedType","Category":"","Description":"","Attributes":1,"ValueType":"System.String"},"Value":"SharpMind.Tests.GPU.ActivationComparisonTests"}]}]}}
TpTrace Verbose: 0 : 14588, 7, 2026/07/20, 18:09:10.110, 391389851621, vstest.console.dll, TestRunRequest:SendTestRunStatsChange: Starting.
TpTrace Verbose: 0 : 14588, 7, 2026/07/20, 18:09:10.110, 391389852953, vstest.console.dll, InProgress is SharpMind.Tests.ModelFormat.SharpMindConfigTests.SaveAndLoad_Roundtrip
TpTrace Verbose: 0 : 14588, 7, 2026/07/20, 18:09:10.110, 391389853326, vstest.console.dll, InProgress is SharpMind.Tests.Chat.JinjaTemplateFormatterTests.Eval_Namespace_MutationAcrossScope
TpTrace Verbose: 0 : 14588, 7, 2026/07/20, 18:09:10.110, 391389853651, vstest.console.dll, InProgress is SharpMind.Tests.GPU.ActivationComparisonTests.GeGLU_CPUAndGPU_ProduceSameResults
TpTrace Verbose: 0 : 14588, 7, 2026/07/20, 18:09:10.111, 391389854304, vstest.console.dll, MulticastDelegateUtilities.SafeInvoke: TestRun.RunStatsChanged: Invoking callbacks was skipped because there are no subscribers.
TpTrace Information: 0 : 14588, 7, 2026/07/20, 18:09:10.111, 391389854790, vstest.console.dll, TestRunRequest:SendTestRunStatsChange: Completed.
TpTrace Verbose: 0 : 14588, 4, 2026/07/20, 18:09:10.111, 391389855155, vstest.console.dll, MulticastDelegateUtilities.SafeInvoke: InternalTestLoggerEvents.SendTestResult: Invoking callback 1/1 for Microsoft.VisualStudio.TestPlatform.CommandLine.Internal.ConsoleLogger., took 0 ms.
TpTrace Verbose: 0 : 14588, 7, 2026/07/20, 18:09:10.111, 391389855365, vstest.console.dll, MulticastDelegateUtilities.SafeInvoke: LengthPrefixCommunicationChannel: MessageReceived: Invoking callback 1/1 for Microsoft.VisualStudio.TestPlatform.CommunicationUtilities.TestRequestSender+<>c__DisplayClass34_0., took 3 ms.
TpTrace Verbose: 0 : 14588, 4, 2026/07/20, 18:09:10.111, 391389856101, vstest.console.dll, MulticastDelegateUtilities.SafeInvoke: InternalTestLoggerEvents.SendTestResult: Invoking callback 1/1 for Microsoft.VisualStudio.TestPlatform.CommandLine.Internal.ConsoleLogger., took 0 ms.
TpTrace Verbose: 0 : 14588, 7, 2026/07/20, 18:09:10.111, 391389856861, vstest.console.dll, TcpClientExtensions.MessageLoopAsync: Polling on remoteEndPoint: 127.0.0.1:56030 localEndPoint: 127.0.0.1:56028 after 61 ms
TpTrace Verbose: 0 : 14588, 4, 2026/07/20, 18:09:10.111, 391389857750, vstest.console.dll, MulticastDelegateUtilities.SafeInvoke: InternalTestLoggerEvents.SendTestResult: Invoking callback 1/1 for Microsoft.VisualStudio.TestPlatform.CommandLine.Internal.ConsoleLogger., took 0 ms.
TpTrace Verbose: 0 : 14588, 4, 2026/07/20, 18:09:10.111, 391389858651, vstest.console.dll, MulticastDelegateUtilities.SafeInvoke: InternalTestLoggerEvents.SendTestResult: Invoking callback 1/1 for Microsoft.VisualStudio.TestPlatform.CommandLine.Internal.ConsoleLogger., took 0 ms.
TpTrace Verbose: 0 : 14588, 4, 2026/07/20, 18:09:10.111, 391389859341, vstest.console.dll, MulticastDelegateUtilities.SafeInvoke: InternalTestLoggerEvents.SendTestResult: Invoking callback 1/1 for Microsoft.VisualStudio.TestPlatform.CommandLine.Internal.ConsoleLogger., took 0 ms.
TpTrace Verbose: 0 : 14588, 4, 2026/07/20, 18:09:10.111, 391389860079, vstest.console.dll, MulticastDelegateUtilities.SafeInvoke: InternalTestLoggerEvents.SendTestResult: Invoking callback 1/1 for Microsoft.VisualStudio.TestPlatform.CommandLine.Internal.ConsoleLogger., took 0 ms.
TpTrace Verbose: 0 : 14588, 4, 2026/07/20, 18:09:10.111, 391389860762, vstest.console.dll, MulticastDelegateUtilities.SafeInvoke: InternalTestLoggerEvents.SendTestResult: Invoking callback 1/1 for Microsoft.VisualStudio.TestPlatform.CommandLine.Internal.ConsoleLogger., took 0 ms.
TpTrace Verbose: 0 : 14588, 7, 2026/07/20, 18:09:11.022, 391398971496, vstest.console.dll, TcpClientExtensions.MessageLoopAsync: NotifyDataAvailable remoteEndPoint: 127.0.0.1:56030 localEndPoint: 127.0.0.1:56028
TpTrace Verbose: 0 : 14588, 7, 2026/07/20, 18:09:11.023, 391398976909, vstest.console.dll, TestRequestSender.OnExecutionMessageReceived: Received message: {"Version":7,"MessageType":"TestExecution.StatsChange","Payload":{"NewTestResults":[{"TestCase":{"Id":"0c7dd9b8-0e79-6ae2-590a-f6672b19386c","FullyQualifiedName":"SharpMind.Tests.Chat.JinjaTemplateFormatterTests.Eval_Namespace_MutationAcrossScope","DisplayName":"SharpMind.Tests.Chat.JinjaTemplateFormatterTests.Eval_Namespace_MutationAcrossScope","ExecutorUri":"executor://xunit/VsTestRunner3/netcore/","Source":"C:\\Integral2u\\source\\repos\\SharpMind\\SharpMind.Tests\\bin\\Debug\\net10.0\\SharpMind.Tests.dll","CodeFilePath":null,"LineNumber":0,"Properties":[{"Key":{"Id":"XunitTestCaseExplicit","Label":"xUnit.net Test Case Explicit Flag","Category":"","Description":"","Attributes":0,"ValueType":"System.Boolean"},"Value":false},{"Key":{"Id":"XunitTestCaseUniqueID","Label":"xUnit.net Test Case Unique ID","Category":"","Description":"","Attributes":0,"ValueType":"System.String"},"Value":"12dfcc0440b78ddd363951cda0ac2762201c0c49"},{"Key":{"Id":"TestCase.ManagedMethod","Label":"ManagedMethod","Category":"","Description":"","Attributes":1,"ValueType":"System.String"},"Value":"Eval_Namespace_MutationAcrossScope"},{"Key":{"Id":"TestCase.ManagedType","Label":"ManagedType","Category":"","Description":"","Attributes":1,"ValueType":"System.String"},"Value":"SharpMind.Tests.Chat.JinjaTemplateFormatterTests"}]},"Attachments":[],"Outcome":1,"ErrorMessage":null,"ErrorStackTrace":null,"DisplayName":"SharpMind.Tests.Chat.JinjaTemplateFormatterTests.Eval_Namespace_MutationAcrossScope","Messages":[],"ComputerName":"LAPTOP-MKMTSO1B","Duration":"00:00:00.9402629","StartTime":"2026-07-20T06:09:10.0536347+00:00","EndTime":"2026-07-20T06:09:10.9934924+00:00","Properties":[]},{"TestCase":{"Id":"d49924d5-daac-694e-4547-371ca26fee0a","FullyQualifiedName":"SharpMind.Tests.Chat.JinjaTemplateFormatterTests.Llama3_MultiTurn_AllMessagesFormatted","DisplayName":"SharpMind.Tests.Chat.JinjaTemplateFormatterTests.Llama3_MultiTurn_AllMessagesFormatted","ExecutorUri":"executor://xunit/VsTestRunner3/netcore/","Source":"C:\\Integral2u\\source\\repos\\SharpMind\\SharpMind.Tests\\bin\\Debug\\net10.0\\SharpMind.Tests.dll","CodeFilePath":null,"LineNumber":0,"Properties":[{"Key":{"Id":"XunitTestCaseExplicit","Label":"xUnit.net Test Case Explicit Flag","Category":"","Description":"","Attributes":0,"ValueType":"System.Boolean"},"Value":false},{"Key":{"Id":"XunitTestCaseUniqueID","Label":"xUnit.net Test Case Unique ID","Category":"","Description":"","Attributes":0,"ValueType":"System.String"},"Value":"1752399c054cfd6bc1858c992a93025ffbb04c88"},{"Key":{"Id":"TestCase.ManagedMethod","Label":"ManagedMethod","Category":"","Description":"","Attributes":1,"ValueType":"System.String"},"Value":"Llama3_MultiTurn_AllMessagesFormatted"},{"Key":{"Id":"TestCase.ManagedType","Label":"ManagedType","Category":"","Description":"","Attributes":1,"ValueType":"System.String"},"Value":"SharpMind.Tests.Chat.JinjaTemplateFormatterTests"}]},"Attachments":[],"Outcome":1,"ErrorMessage":null,"ErrorStackTrace":null,"DisplayName":"SharpMind.Tests.Chat.JinjaTemplateFormatterTests.Llama3_MultiTurn_AllMessagesFormatted","Messages":[],"ComputerName":"LAPTOP-MKMTSO1B","Duration":"00:00:00.0153229","StartTime":"2026-07-20T06:09:10.9947879+00:00","EndTime":"2026-07-20T06:09:11.0097451+00:00","Properties":[]},{"TestCase":{"Id":"a7c3f275-d2aa-c0ed-c904-5c2b226f6010","FullyQualifiedName":"SharpMind.Tests.Chat.JinjaTemplateFormatterTests.SmolLM2_SingleUserMessage_InjectsDefaultSystemAndAssistantPrompt","DisplayName":"SharpMind.Tests.Chat.JinjaTemplateFormatterTests.SmolLM2_SingleUserMessage_InjectsDefaultSystemAndAssistantPrompt","ExecutorUri":"executor://xunit/VsTestRunner3/netcore/","Source":"C:\\Integral2u\\source\\repos\\SharpMind\\SharpMind.Tests\\bin\\Debug\\net10.0\\SharpMind.Tests.dll","CodeFilePath":null,"LineNumber":0,"Properties":[{"Key":{"Id":"XunitTestCaseExplicit","Label":"xUnit.net Test Case Explicit Flag","Category":"","Description":"","Attributes":0,"ValueType":"System.Boolean"},"Value":false},{"Key":{"Id":"XunitTestCaseUniqueID","Label":"xUnit.net Test Case Unique ID","Category":"","Description":"","Attributes":0,"ValueType":"System.String"},"Value":"4b146f77fccbe47f88eb3ef39135d4bfcfb930f0"},{"Key":{"Id":"TestCase.ManagedMethod","Label":"ManagedMethod","Category":"","Description":"","Attributes":1,"ValueType":"System.String"},"Value":"SmolLM2_SingleUserMessage_InjectsDefaultSystemAndAssistantPrompt"},{"Key":{"Id":"TestCase.ManagedType","Label":"ManagedType","Category":"","Description":"","Attributes":1,"ValueType":"System.String"},"Value":"SharpMind.Tests.Chat.JinjaTemplateFormatterTests"}]},"Attachments":[],"Outcome":1,"ErrorMessage":null,"ErrorStackTrace":null,"DisplayName":"SharpMind.Tests.Chat.JinjaTemplateFormatterTests.SmolLM2_SingleUserMessage_InjectsDefaultSystemAndAssistantPrompt","Messages":[],"ComputerName":"LAPTOP-MKMTSO1B","Duration":"00:00:00.0010328","StartTime":"2026-07-20T06:09:11.0114727+00:00","EndTime":"2026-07-20T06:09:11.0116402+00:00","Properties":[]},{"TestCase":{"Id":"610dd9a0-21d8-b994-7f3a-e0abf7b89054","FullyQualifiedName":"SharpMind.Tests.Chat.JinjaTemplateFormatterTests.Eval_SplitLastSegment_Works","DisplayName":"SharpMind.Tests.Chat.JinjaTemplateFormatterTests.Eval_SplitLastSegment_Works","ExecutorUri":"executor://xunit/VsTestRunner3/netcore/","Source":"C:\\Integral2u\\source\\repos\\SharpMind\\SharpMind.Tests\\bin\\Debug\\net10.0\\SharpMind.Tests.dll","CodeFilePath":null,"LineNumber":0,"Properties":[{"Key":{"Id":"XunitTestCaseExplicit","Label":"xUnit.net Test Case Explicit Flag","Category":"","Description":"","Attributes":0,"ValueType":"System.Boolean"},"Value":false},{"Key":{"Id":"XunitTestCaseUniqueID","Label":"xUnit.net Test Case Unique ID","Category":"","Description":"","Attributes":0,"ValueType":"System.String"},"Value":"54f8206cd5c0a4257be6044b4b37cd42595e9f77"},{"Key":{"Id":"TestCase.ManagedMethod","Label":"ManagedMethod","Category":"","Description":"","Attributes":1,"ValueType":"System.String"},"Value":"Eval_SplitLastSegment_Works"},{"Key":{"Id":"TestCase.ManagedType","Label":"ManagedType","Category":"","Description":"","Attributes":1,"ValueType":"System.String"},"Value":"SharpMind.Tests.Chat.JinjaTemplateFormatterTests"}]},"Attachments":[],"Outcome":1,"ErrorMessage":null,"ErrorStackTrace":null,"DisplayName":"SharpMind.Tests.Chat.JinjaTemplateFormatterTests.Eval_SplitLastSegment_Works","Messages":[],"ComputerName":"LAPTOP-MKMTSO1B","Duration":"00:00:00.0003882","StartTime":"2026-07-20T06:09:11.0125431+00:00","EndTime":"2026-07-20T06:09:11.0127063+00:00","Properties":[]},{"TestCase":{"Id":"7fa007ed-86ce-a5d3-e65b-7f89d6ba2f44","FullyQualifiedName":"SharpMind.Tests.Chat.JinjaTemplateFormatterTests.SmolLM2_ExplicitSystemMessage_NoInjectedDefault","DisplayName":"SharpMind.Tests.Chat.JinjaTemplateFormatterTests.SmolLM2_ExplicitSystemMessage_NoInjectedDefault","ExecutorUri":"executor://xunit/VsTestRunner3/netcore/","Source":"C:\\Integral2u\\source\\repos\\SharpMind\\SharpMind.Tests\\bin\\Debug\\net10.0\\SharpMind.Tests.dll","CodeFilePath":null,"LineNumber":0,"Properties":[{"Key":{"Id":"XunitTestCaseExplicit","Label":"xUnit.net Test Case Explicit Flag","Category":"","Description":"","Attributes":0,"ValueType":"System.Boolean"},"Value":false},{"Key":{"Id":"XunitTestCaseUniqueID","Label":"xUnit.net Test Case Unique ID","Category":"","Description":"","Attributes":0,"ValueType":"System.String"},"Value":"5d084b2a5d85208f47697ca2158e6140fb4c3211"},{"Key":{"Id":"TestCase.ManagedMethod","Label":"ManagedMethod","Category":"","Description":"","Attributes":1,"ValueType":"System.String"},"Value":"SmolLM2_ExplicitSystemMessage_NoInjectedDefault"},{"Key":{"Id":"TestCase.ManagedType","Label":"ManagedType","Category":"","Description":"","Attributes":1,"ValueType":"System.String"},"Value":"SharpMind.Tests.Chat.JinjaTemplateFormatterTests"}]},"Attachments":[],"Outcome":1,"ErrorMessage":null,"ErrorStackTrace":null,"DisplayName":"SharpMind.Tests.Chat.JinjaTemplateFormatterTests.SmolLM2_ExplicitSystemMessage_NoInjectedDefault","Messages":[],"ComputerName":"LAPTOP-MKMTSO1B","Duration":"00:00:00.0011446","StartTime":"2026-07-20T06:09:11.01357+00:00","EndTime":"2026-07-20T06:09:11.0137438+00:00","Properties":[]},{"TestCase":{"Id":"c1aa2d79-a0a5-e9ba-6be5-905259635847","FullyQualifiedName":"SharpMind.Tests.Chat.JinjaTemplateFormatterTests.Llama3_SingleUserMessage_MatchesGolden","DisplayName":"SharpMind.Tests.Chat.JinjaTemplateFormatterTests.Llama3_SingleUserMessage_MatchesGolden","ExecutorUri":"executor://xunit/VsTestRunner3/netcore/","Source":"C:\\Integral2u\\source\\repos\\SharpMind\\SharpMind.Tests\\bin\\Debug\\net10.0\\SharpMind.Tests.dll","CodeFilePath":null,"LineNumber":0,"Properties":[{"Key":{"Id":"XunitTestCaseExplicit","Label":"xUnit.net Test Case Explicit Flag","Category":"","Description":"","Attributes":0,"ValueType":"System.Boolean"},"Value":false},{"Key":{"Id":"XunitTestCaseUniqueID","Label":"xUnit.net Test Case Unique ID","Category":"","Description":"","Attributes":0,"ValueType":"System.String"},"Value":"6318d1ce66ffa19986bfdae028f29fd4a28c6c7c"},{"Key":{"Id":"TestCase.ManagedMethod","Label":"ManagedMethod","Category":"","Description":"","Attributes":1,"ValueType":"System.String"},"Value":"Llama3_SingleUserMessage_MatchesGolden"},{"Key":{"Id":"TestCase.ManagedType","Label":"ManagedType","Category":"","Description":"","Attributes":1,"ValueType":"System.String"},"Value":"SharpMind.Tests.Chat.JinjaTemplateFormatterTests"}]},"Attachments":[],"Outcome":1,"ErrorMessage":null,"ErrorStackTrace":null,"DisplayName":"SharpMind.Tests.Chat.JinjaTemplateFormatterTests.Llama3_SingleUserMessage_MatchesGolden","Messages":[],"ComputerName":"LAPTOP-MKMTSO1B","Duration":"00:00:00.0007598","StartTime":"2026-07-20T06:09:11.0151474+00:00","EndTime":"2026-07-20T06:09:11.0154542+00:00","Properties":[]},{"TestCase":{"Id":"c9f5fba1-e702-6633-75f0-8e8bcb64c497","FullyQualifiedName":"SharpMind.Tests.Chat.JinjaTemplateFormatterTests.Eval_InOperator_SubstringFound","DisplayName":"SharpMind.Tests.Chat.JinjaTemplateFormatterTests.Eval_InOperator_SubstringFound","ExecutorUri":"executor://xunit/VsTestRunner3/netcore/","Source":"C:\\Integral2u\\source\\repos\\SharpMind\\SharpMind.Tests\\bin\\Debug\\net10.0\\SharpMind.Tests.dll","CodeFilePath":null,"LineNumber":0,"Properties":[{"Key":{"Id":"XunitTestCaseExplicit","Label":"xUnit.net Test Case Explicit Flag","Category":"","Description":"","Attributes":0,"ValueType":"System.Boolean"},"Value":false},{"Key":{"Id":"XunitTestCaseUniqueID","Label":"xUnit.net Test Case Unique ID","Category":"","Description":"","Attributes":0,"ValueType":"System.String"},"Value":"6d925fb161b5de7985bf30d3e2622c913d23d340"},{"Key":{"Id":"TestCase.ManagedMethod","Label":"ManagedMethod","Category":"","Description":"","Attributes":1,"ValueType":"System.String"},"Value":"Eval_InOperator_SubstringFound"},{"Key":{"Id":"TestCase.ManagedType","Label":"ManagedType","Category":"","Description":"","Attributes":1,"ValueType":"System.String"},"Value":"SharpMind.Tests.Chat.JinjaTemplateFormatterTests"}]},"Attachments":[],"Outcome":1,"ErrorMessage":null,"ErrorStackTrace":null,"DisplayName":"SharpMind.Tests.Chat.JinjaTemplateFormatterTests.Eval_InOperator_SubstringFound","Messages":[],"ComputerName":"LAPTOP-MKMTSO1B","Duration":"00:00:00.0002976","StartTime":"2026-07-20T06:09:11.0169002+00:00","EndTime":"2026-07-20T06:09:11.0171473+00:00","Properties":[]},{"TestCase":{"Id":"f3b2a5e4-427f-2cb9-1650-8170dc1a84d4","FullyQualifiedName":"SharpMind.Tests.Chat.JinjaTemplateFormatterTests.Factory_EmptyTemplate_ReturnsFallback","DisplayName":"SharpMind.Tests.Chat.JinjaTemplateFormatterTests.Factory_EmptyTemplate_ReturnsFallback","ExecutorUri":"executor://xunit/VsTestRunner3/netcore/","Source":"C:\\Integral2u\\source\\repos\\SharpMind\\SharpMind.Tests\\bin\\Debug\\net10.0\\SharpMind.Tests.dll","CodeFilePath":null,"LineNumber":0,"Properties":[{"Key":{"Id":"XunitTestCaseExplicit","Label":"xUnit.net Test Case Explicit Flag","Category":"","Description":"","Attributes":0,"ValueType":"System.Boolean"},"Value":false},{"Key":{"Id":"XunitTestCaseUniqueID","Label":"xUnit.net Test Case Unique ID","Category":"","Description":"","Attributes":0,"ValueType":"System.String"},"Value":"716facb7ca688d40eead4e32b15aca255120f73c"},{"Key":{"Id":"TestCase.ManagedMethod","Label":"ManagedMethod","Category":"","Description":"","Attributes":1,"ValueType":"System.String"},"Value":"Factory_EmptyTemplate_ReturnsFallback"},{"Key":{"Id":"TestCase.ManagedType","Label":"ManagedType","Category":"","Description":"","Attributes":1,"ValueType":"System.String"},"Value":"SharpMind.Tests.Chat.JinjaTemplateFormatterTests"}]},"Attachments":[],"Outcome":1,"ErrorMessage":null,"ErrorStackTrace":null,"DisplayName":"SharpMind.Tests.Chat.JinjaTemplateFormatterTests.Factory_EmptyTemplate_ReturnsFallback","Messages":[],"ComputerName":"LAPTOP-MKMTSO1B","Duration":"00:00:00.0018218","StartTime":"2026-07-20T06:09:11.0180938+00:00","EndTime":"2026-07-20T06:09:11.0182459+00:00","Properties":[]},{"TestCase":{"Id":"234ea69a-398d-3e8a-8e5d-0e8a6526d33c","FullyQualifiedName":"SharpMind.Tests.Chat.JinjaTemplateFormatterTests.Factory_NullTemplate_ReturnsFallback","DisplayName":"SharpMind.Tests.Chat.JinjaTemplateFormatterTests.Factory_NullTemplate_ReturnsFallback","ExecutorUri":"executor://xunit/VsTestRunner3/netcore/","Source":"C:\\Integral2u\\source\\repos\\SharpMind\\SharpMind.Tests\\bin\\Debug\\net10.0\\SharpMind.Tests.dll","CodeFilePath":null,"LineNumber":0,"Properties":[{"Key":{"Id":"XunitTestCaseExplicit","Label":"xUnit.net Test Case Explicit Flag","Category":"","Description":"","Attributes":0,"ValueType":"System.Boolean"},"Value":false},{"Key":{"Id":"XunitTestCaseUniqueID","Label":"xUnit.net Test Case Unique ID","Category":"","Description":"","Attributes":0,"ValueType":"System.String"},"Value":"726525d77e4048e9f14aaae3c5d0afb247aa80e6"},{"Key":{"Id":"TestCase.ManagedMethod","Label":"ManagedMethod","Category":"","Description":"","Attributes":1,"ValueType":"System.String"},"Value":"Factory_NullTemplate_ReturnsFallback"},{"Key":{"Id":"TestCase.ManagedType","Label":"ManagedType","Category":"","Description":"","Attributes":1,"ValueType":"System.String"},"Value":"SharpMind.Tests.Chat.JinjaTemplateFormatterTests"}]},"Attachments":[],"Outcome":1,"ErrorMessage":null,"ErrorStackTrace":null,"DisplayName":"SharpMind.Tests.Chat.JinjaTemplateFormatterTests.Factory_NullTemplate_ReturnsFallback","Messages":[],"ComputerName":"LAPTOP-MKMTSO1B","Duration":"00:00:00.0003439","StartTime":"2026-07-20T06:09:11.0193262+00:00","EndTime":"2026-07-20T06:09:11.019551+00:00","Properties":[]}],"TestRunStatistics":{"ExecutedTests":108,"Stats":{"Passed":108}},"ActiveTests":[{"Id":"73ef88bb-d319-88bf-7fdc-c4338e5719a0","FullyQualifiedName":"SharpMind.Tests.Chat.JinjaTemplateFormatterTests.Qwen2_MultiTurn_FormatsAllRoles","DisplayName":"SharpMind.Tests.Chat.JinjaTemplateFormatterTests.Qwen2_MultiTurn_FormatsAllRoles","ExecutorUri":"executor://xunit/VsTestRunner3/netcore/","Source":"C:\\Integral2u\\source\\repos\\SharpMind\\SharpMind.Tests\\bin\\Debug\\net10.0\\SharpMind.Tests.dll","CodeFilePath":null,"LineNumber":0,"Properties":[{"Key":{"Id":"XunitTestCaseExplicit","Label":"xUnit.net Test Case Explicit Flag","Category":"","Description":"","Attributes":0,"ValueType":"System.Boolean"},"Value":false},{"Key":{"Id":"XunitTestCaseUniqueID","Label":"xUnit.net Test Case Unique ID","Category":"","Description":"","Attributes":0,"ValueType":"System.String"},"Value":"73388b694f797a32aa94138a8278cae538ad5157"},{"Key":{"Id":"TestCase.ManagedMethod","Label":"ManagedMethod","Category":"","Description":"","Attributes":1,"ValueType":"System.String"},"Value":"Qwen2_MultiTurn_FormatsAllRoles"},{"Key":{"Id":"TestCase.ManagedType","Label":"ManagedType","Category":"","Description":"","Attributes":1,"ValueType":"System.String"},"Value":"SharpMind.Tests.Chat.JinjaTemplateFormatterTests"}]}]}}
TpTrace Verbose: 0 : 14588, 7, 2026/07/20, 18:09:11.032, 391399068873, vstest.console.dll, TestRunRequest:SendTestRunStatsChange: Starting.
TpTrace Verbose: 0 : 14588, 7, 2026/07/20, 18:09:11.032, 391399069909, vstest.console.dll, InProgress is SharpMind.Tests.Chat.JinjaTemplateFormatterTests.Qwen2_MultiTurn_FormatsAllRoles
TpTrace Verbose: 0 : 14588, 7, 2026/07/20, 18:09:11.032, 391399070716, vstest.console.dll, MulticastDelegateUtilities.SafeInvoke: TestRun.RunStatsChanged: Invoking callbacks was skipped because there are no subscribers.
TpTrace Information: 0 : 14588, 7, 2026/07/20, 18:09:11.032, 391399072977, vstest.console.dll, TestRunRequest:SendTestRunStatsChange: Completed.
TpTrace Verbose: 0 : 14588, 7, 2026/07/20, 18:09:11.032, 391399073672, vstest.console.dll, MulticastDelegateUtilities.SafeInvoke: LengthPrefixCommunicationChannel: MessageReceived: Invoking callback 1/1 for Microsoft.VisualStudio.TestPlatform.CommunicationUtilities.TestRequestSender+<>c__DisplayClass34_0., took 9 ms.
TpTrace Verbose: 0 : 14588, 7, 2026/07/20, 18:09:11.033, 391399074264, vstest.console.dll, TcpClientExtensions.MessageLoopAsync: Polling on remoteEndPoint: 127.0.0.1:56030 localEndPoint: 127.0.0.1:56028 after 921 ms
TpTrace Verbose: 0 : 14588, 4, 2026/07/20, 18:09:11.032, 391399072341, vstest.console.dll, MulticastDelegateUtilities.SafeInvoke: InternalTestLoggerEvents.SendTestResult: Invoking callback 1/1 for Microsoft.VisualStudio.TestPlatform.CommandLine.Internal.ConsoleLogger., took 0 ms.
TpTrace Verbose: 0 : 14588, 4, 2026/07/20, 18:09:11.035, 391399104132, vstest.console.dll, MulticastDelegateUtilities.SafeInvoke: InternalTestLoggerEvents.SendTestResult: Invoking callback 1/1 for Microsoft.VisualStudio.TestPlatform.CommandLine.Internal.ConsoleLogger., took 0 ms.
TpTrace Verbose: 0 : 14588, 4, 2026/07/20, 18:09:11.036, 391399105076, vstest.console.dll, MulticastDelegateUtilities.SafeInvoke: InternalTestLoggerEvents.SendTestResult: Invoking callback 1/1 for Microsoft.VisualStudio.TestPlatform.CommandLine.Internal.ConsoleLogger., took 0 ms.
TpTrace Verbose: 0 : 14588, 4, 2026/07/20, 18:09:11.036, 391399105854, vstest.console.dll, MulticastDelegateUtilities.SafeInvoke: InternalTestLoggerEvents.SendTestResult: Invoking callback 1/1 for Microsoft.VisualStudio.TestPlatform.CommandLine.Internal.ConsoleLogger., took 0 ms.
TpTrace Verbose: 0 : 14588, 4, 2026/07/20, 18:09:11.036, 391399106597, vstest.console.dll, MulticastDelegateUtilities.SafeInvoke: InternalTestLoggerEvents.SendTestResult: Invoking callback 1/1 for Microsoft.VisualStudio.TestPlatform.CommandLine.Internal.ConsoleLogger., took 0 ms.
TpTrace Verbose: 0 : 14588, 4, 2026/07/20, 18:09:11.036, 391399107366, vstest.console.dll, MulticastDelegateUtilities.SafeInvoke: InternalTestLoggerEvents.SendTestResult: Invoking callback 1/1 for Microsoft.VisualStudio.TestPlatform.CommandLine.Internal.ConsoleLogger., took 0 ms.
TpTrace Verbose: 0 : 14588, 4, 2026/07/20, 18:09:11.036, 391399108199, vstest.console.dll, MulticastDelegateUtilities.SafeInvoke: InternalTestLoggerEvents.SendTestResult: Invoking callback 1/1 for Microsoft.VisualStudio.TestPlatform.CommandLine.Internal.ConsoleLogger., took 0 ms.
TpTrace Verbose: 0 : 14588, 4, 2026/07/20, 18:09:11.036, 391399109048, vstest.console.dll, MulticastDelegateUtilities.SafeInvoke: InternalTestLoggerEvents.SendTestResult: Invoking callback 1/1 for Microsoft.VisualStudio.TestPlatform.CommandLine.Internal.ConsoleLogger., took 0 ms.
TpTrace Verbose: 0 : 14588, 4, 2026/07/20, 18:09:11.036, 391399109802, vstest.console.dll, MulticastDelegateUtilities.SafeInvoke: InternalTestLoggerEvents.SendTestResult: Invoking callback 1/1 for Microsoft.VisualStudio.TestPlatform.CommandLine.Internal.ConsoleLogger., took 0 ms.
TpTrace Verbose: 0 : 14588, 7, 2026/07/20, 18:09:11.043, 391399181561, vstest.console.dll, TcpClientExtensions.MessageLoopAsync: NotifyDataAvailable remoteEndPoint: 127.0.0.1:56030 localEndPoint: 127.0.0.1:56028
TpTrace Verbose: 0 : 14588, 7, 2026/07/20, 18:09:11.044, 391399185817, vstest.console.dll, TestRequestSender.OnExecutionMessageReceived: Received message: {"Version":7,"MessageType":"TestExecution.StatsChange","Payload":{"NewTestResults":[{"TestCase":{"Id":"73ef88bb-d319-88bf-7fdc-c4338e5719a0","FullyQualifiedName":"SharpMind.Tests.Chat.JinjaTemplateFormatterTests.Qwen2_MultiTurn_FormatsAllRoles","DisplayName":"SharpMind.Tests.Chat.JinjaTemplateFormatterTests.Qwen2_MultiTurn_FormatsAllRoles","ExecutorUri":"executor://xunit/VsTestRunner3/netcore/","Source":"C:\\Integral2u\\source\\repos\\SharpMind\\SharpMind.Tests\\bin\\Debug\\net10.0\\SharpMind.Tests.dll","CodeFilePath":null,"LineNumber":0,"Properties":[{"Key":{"Id":"XunitTestCaseExplicit","Label":"xUnit.net Test Case Explicit Flag","Category":"","Description":"","Attributes":0,"ValueType":"System.Boolean"},"Value":false},{"Key":{"Id":"XunitTestCaseUniqueID","Label":"xUnit.net Test Case Unique ID","Category":"","Description":"","Attributes":0,"ValueType":"System.String"},"Value":"73388b694f797a32aa94138a8278cae538ad5157"},{"Key":{"Id":"TestCase.ManagedMethod","Label":"ManagedMethod","Category":"","Description":"","Attributes":1,"ValueType":"System.String"},"Value":"Qwen2_MultiTurn_FormatsAllRoles"},{"Key":{"Id":"TestCase.ManagedType","Label":"ManagedType","Category":"","Description":"","Attributes":1,"ValueType":"System.String"},"Value":"SharpMind.Tests.Chat.JinjaTemplateFormatterTests"}]},"Attachments":[],"Outcome":1,"ErrorMessage":null,"ErrorStackTrace":null,"DisplayName":"SharpMind.Tests.Chat.JinjaTemplateFormatterTests.Qwen2_MultiTurn_FormatsAllRoles","Messages":[],"ComputerName":"LAPTOP-MKMTSO1B","Duration":"00:00:00.0017014","StartTime":"2026-07-20T06:09:11.0229842+00:00","EndTime":"2026-07-20T06:09:11.0231613+00:00","Properties":[]},{"TestCase":{"Id":"667b99ac-e63b-c238-22ac-7e892f29a720","FullyQualifiedName":"SharpMind.Tests.Chat.JinjaTemplateFormatterTests.TinyLlama_SystemAndUser_BothFormatted","DisplayName":"SharpMind.Tests.Chat.JinjaTemplateFormatterTests.TinyLlama_SystemAndUser_BothFormatted","ExecutorUri":"executor://xunit/VsTestRunner3/netcore/","Source":"C:\\Integral2u\\source\\repos\\SharpMind\\SharpMind.Tests\\bin\\Debug\\net10.0\\SharpMind.Tests.dll","CodeFilePath":null,"LineNumber":0,"Properties":[{"Key":{"Id":"XunitTestCaseExplicit","Label":"xUnit.net Test Case Explicit Flag","Category":"","Description":"","Attributes":0,"ValueType":"System.Boolean"},"Value":false},{"Key":{"Id":"XunitTestCaseUniqueID","Label":"xUnit.net Test Case Unique ID","Category":"","Description":"","Attributes":0,"ValueType":"System.String"},"Value":"96df62ce9b8f1cf27f767cd8af281754f79a8644"},{"Key":{"Id":"TestCase.ManagedMethod","Label":"ManagedMethod","Category":"","Description":"","Attributes":1,"ValueType":"System.String"},"Value":"TinyLlama_SystemAndUser_BothFormatted"},{"Key":{"Id":"TestCase.ManagedType","Label":"ManagedType","Category":"","Description":"","Attributes":1,"ValueType":"System.String"},"Value":"SharpMind.Tests.Chat.JinjaTemplateFormatterTests"}]},"Attachments":[],"Outcome":1,"ErrorMessage":null,"ErrorStackTrace":null,"DisplayName":"SharpMind.Tests.Chat.JinjaTemplateFormatterTests.TinyLlama_SystemAndUser_BothFormatted","Messages":[],"ComputerName":"LAPTOP-MKMTSO1B","Duration":"00:00:00.0011450","StartTime":"2026-07-20T06:09:11.0272803+00:00","EndTime":"2026-07-20T06:09:11.0274426+00:00","Properties":[]},{"TestCase":{"Id":"de778138-572a-7dcb-f85e-2dab1740f4f8","FullyQualifiedName":"SharpMind.Tests.Chat.JinjaTemplateFormatterTests.Eval_StringConcat_Works","DisplayName":"SharpMind.Tests.Chat.JinjaTemplateFormatterTests.Eval_StringConcat_Works","ExecutorUri":"executor://xunit/VsTestRunner3/netcore/","Source":"C:\\Integral2u\\source\\repos\\SharpMind\\SharpMind.Tests\\bin\\Debug\\net10.0\\SharpMind.Tests.dll","CodeFilePath":null,"LineNumber":0,"Properties":[{"Key":{"Id":"XunitTestCaseExplicit","Label":"xUnit.net Test Case Explicit Flag","Category":"","Description":"","Attributes":0,"ValueType":"System.Boolean"},"Value":false},{"Key":{"Id":"XunitTestCaseUniqueID","Label":"xUnit.net Test Case Unique ID","Category":"","Description":"","Attributes":0,"ValueType":"System.String"},"Value":"a9739687d6c1b168e6be8f3982da42f0e9a0796e"},{"Key":{"Id":"TestCase.ManagedMethod","Label":"ManagedMethod","Category":"","Description":"","Attributes":1,"ValueType":"System.String"},"Value":"Eval_StringConcat_Works"},{"Key":{"Id":"TestCase.ManagedType","Label":"ManagedType","Category":"","Description":"","Attributes":1,"ValueType":"System.String"},"Value":"SharpMind.Tests.Chat.JinjaTemplateFormatterTests"}]},"Attachments":[],"Outcome":1,"ErrorMessage":null,"ErrorStackTrace":null,"DisplayName":"SharpMind.Tests.Chat.JinjaTemplateFormatterTests.Eval_StringConcat_Works","Messages":[],"ComputerName":"LAPTOP-MKMTSO1B","Duration":"00:00:00.0003908","StartTime":"2026-07-20T06:09:11.0282584+00:00","EndTime":"2026-07-20T06:09:11.0284187+00:00","Properties":[]},{"TestCase":{"Id":"df7a777c-fc5c-b5a6-2f26-1bcfc8f6e7cc","FullyQualifiedName":"SharpMind.Tests.Chat.JinjaTemplateFormatterTests.Factory_WithTemplate_ReturnsJinjaFormatter","DisplayName":"SharpMind.Tests.Chat.JinjaTemplateFormatterTests.Factory_WithTemplate_ReturnsJinjaFormatter","ExecutorUri":"executor://xunit/VsTestRunner3/netcore/","Source":"C:\\Integral2u\\source\\repos\\SharpMind\\SharpMind.Tests\\bin\\Debug\\net10.0\\SharpMind.Tests.dll","CodeFilePath":null,"LineNumber":0,"Properties":[{"Key":{"Id":"XunitTestCaseExplicit","Label":"xUnit.net Test Case Explicit Flag","Category":"","Description":"","Attributes":0,"ValueType":"System.Boolean"},"Value":false},{"Key":{"Id":"XunitTestCaseUniqueID","Label":"xUnit.net Test Case Unique ID","Category":"","Description":"","Attributes":0,"ValueType":"System.String"},"Value":"bc1ccbeb6dd1db262d89d3bd230f0bbe009bfa86"},{"Key":{"Id":"TestCase.ManagedMethod","Label":"ManagedMethod","Category":"","Description":"","Attributes":1,"ValueType":"System.String"},"Value":"Factory_WithTemplate_ReturnsJinjaFormatter"},{"Key":{"Id":"TestCase.ManagedType","Label":"ManagedType","Category":"","Description":"","Attributes":1,"ValueType":"System.String"},"Value":"SharpMind.Tests.Chat.JinjaTemplateFormatterTests"}]},"Attachments":[],"Outcome":1,"ErrorMessage":null,"ErrorStackTrace":null,"DisplayName":"SharpMind.Tests.Chat.JinjaTemplateFormatterTests.Factory_WithTemplate_ReturnsJinjaFormatter","Messages":[],"ComputerName":"LAPTOP-MKMTSO1B","Duration":"00:00:00.0002794","StartTime":"2026-07-20T06:09:11.0292832+00:00","EndTime":"2026-07-20T06:09:11.0294391+00:00","Properties":[]},{"TestCase":{"Id":"ce1f805f-74f4-6bf7-f32f-de1cc7883f6f","FullyQualifiedName":"SharpMind.Tests.Chat.JinjaTemplateFormatterTests.TinyLlama_UserMessage_UsesZephyrTokens","DisplayName":"SharpMind.Tests.Chat.JinjaTemplateFormatterTests.TinyLlama_UserMessage_UsesZephyrTokens","ExecutorUri":"executor://xunit/VsTestRunner3/netcore/","Source":"C:\\Integral2u\\source\\repos\\SharpMind\\SharpMind.Tests\\bin\\Debug\\net10.0\\SharpMind.Tests.dll","CodeFilePath":null,"LineNumber":0,"Properties":[{"Key":{"Id":"XunitTestCaseExplicit","Label":"xUnit.net Test Case Explicit Flag","Category":"","Description":"","Attributes":0,"ValueType":"System.Boolean"},"Value":false},{"Key":{"Id":"XunitTestCaseUniqueID","Label":"xUnit.net Test Case Unique ID","Category":"","Description":"","Attributes":0,"ValueType":"System.String"},"Value":"bf21e413301266eddb78dacec86b4bf3bc5b6f86"},{"Key":{"Id":"TestCase.ManagedMethod","Label":"ManagedMethod","Category":"","Description":"","Attributes":1,"ValueType":"System.String"},"Value":"TinyLlama_UserMessage_UsesZephyrTokens"},{"Key":{"Id":"TestCase.ManagedType","Label":"ManagedType","Category":"","Description":"","Attributes":1,"ValueType":"System.String"},"Value":"SharpMind.Tests.Chat.JinjaTemplateFormatterTests"}]},"Attachments":[],"Outcome":1,"ErrorMessage":null,"ErrorStackTrace":null,"DisplayName":"SharpMind.Tests.Chat.JinjaTemplateFormatterTests.TinyLlama_UserMessage_UsesZephyrTokens","Messages":[],"ComputerName":"LAPTOP-MKMTSO1B","Duration":"00:00:00.0026870","StartTime":"2026-07-20T06:09:11.0306187+00:00","EndTime":"2026-07-20T06:09:11.0308149+00:00","Properties":[]},{"TestCase":{"Id":"86cf6cba-094f-a5bb-ab9c-ba672eceb67f","FullyQualifiedName":"SharpMind.Tests.Chat.JinjaTemplateFormatterTests.Eval_IsNotNone_True","DisplayName":"SharpMind.Tests.Chat.JinjaTemplateFormatterTests.Eval_IsNotNone_True","ExecutorUri":"executor://xunit/VsTestRunner3/netcore/","Source":"C:\\Integral2u\\source\\repos\\SharpMind\\SharpMind.Tests\\bin\\Debug\\net10.0\\SharpMind.Tests.dll","CodeFilePath":null,"LineNumber":0,"Properties":[{"Key":{"Id":"XunitTestCaseExplicit","Label":"xUnit.net Test Case Explicit Flag","Category":"","Description":"","Attributes":0,"ValueType":"System.Boolean"},"Value":false},{"Key":{"Id":"XunitTestCaseUniqueID","Label":"xUnit.net Test Case Unique ID","Category":"","Description":"","Attributes":0,"ValueType":"System.String"},"Value":"c0abad86b0cb2526f033779699aa7455751052a6"},{"Key":{"Id":"TestCase.ManagedMethod","Label":"ManagedMethod","Category":"","Description":"","Attributes":1,"ValueType":"System.String"},"Value":"Eval_IsNotNone_True"},{"Key":{"Id":"TestCase.ManagedType","Label":"ManagedType","Category":"","Description":"","Attributes":1,"ValueType":"System.String"},"Value":"SharpMind.Tests.Chat.JinjaTemplateFormatterTests"}]},"Attachments":[],"Outcome":1,"ErrorMessage":null,"ErrorStackTrace":null,"DisplayName":"SharpMind.Tests.Chat.JinjaTemplateFormatterTests.Eval_IsNotNone_True","Messages":[],"ComputerName":"LAPTOP-MKMTSO1B","Duration":"00:00:00.0007588","StartTime":"2026-07-20T06:09:11.0320841+00:00","EndTime":"2026-07-20T06:09:11.0322644+00:00","Properties":[]},{"TestCase":{"Id":"b8d992da-a466-4f69-1bda-a1bacc5bfee5","FullyQualifiedName":"SharpMind.Tests.Chat.JinjaTemplateFormatterTests.Eval_IsNone_True","DisplayName":"SharpMind.Tests.Chat.JinjaTemplateFormatterTests.Eval_IsNone_True","ExecutorUri":"executor://xunit/VsTestRunner3/netcore/","Source":"C:\\Integral2u\\source\\repos\\SharpMind\\SharpMind.Tests\\bin\\Debug\\net10.0\\SharpMind.Tests.dll","CodeFilePath":null,"LineNumber":0,"Properties":[{"Key":{"Id":"XunitTestCaseExplicit","Label":"xUnit.net Test Case Explicit Flag","Category":"","Description":"","Attributes":0,"ValueType":"System.Boolean"},"Value":false},{"Key":{"Id":"XunitTestCaseUniqueID","Label":"xUnit.net Test Case Unique ID","Category":"","Description":"","Attributes":0,"ValueType":"System.String"},"Value":"c2a8ed71dca31e030223c766c40d1340e7d35b62"},{"Key":{"Id":"TestCase.ManagedMethod","Label":"ManagedMethod","Category":"","Description":"","Attributes":1,"ValueType":"System.String"},"Value":"Eval_IsNone_True"},{"Key":{"Id":"TestCase.ManagedType","Label":"ManagedType","Category":"","Description":"","Attributes":1,"ValueType":"System.String"},"Value":"SharpMind.Tests.Chat.JinjaTemplateFormatterTests"}]},"Attachments":[],"Outcome":1,"ErrorMessage":null,"ErrorStackTrace":null,"DisplayName":"SharpMind.Tests.Chat.JinjaTemplateFormatterTests.Eval_IsNone_True","Messages":[],"ComputerName":"LAPTOP-MKMTSO1B","Duration":"00:00:00.0002883","StartTime":"2026-07-20T06:09:11.0336726+00:00","EndTime":"2026-07-20T06:09:11.0338714+00:00","Properties":[]},{"TestCase":{"Id":"3c30be4e-3742-c9f5-c97c-923629d500b8","FullyQualifiedName":"SharpMind.Tests.Chat.JinjaTemplateFormatterTests.Qwen2_SingleUserMessage_MatchesGolden","DisplayName":"SharpMind.Tests.Chat.JinjaTemplateFormatterTests.Qwen2_SingleUserMessage_MatchesGolden","ExecutorUri":"executor://xunit/VsTestRunner3/netcore/","Source":"C:\\Integral2u\\source\\repos\\SharpMind\\SharpMind.Tests\\bin\\Debug\\net10.0\\SharpMind.Tests.dll","CodeFilePath":null,"LineNumber":0,"Properties":[{"Key":{"Id":"XunitTestCaseExplicit","Label":"xUnit.net Test Case Explicit Flag","Category":"","Description":"","Attributes":0,"ValueType":"System.Boolean"},"Value":false},{"Key":{"Id":"XunitTestCaseUniqueID","Label":"xUnit.net Test Case Unique ID","Category":"","Description":"","Attributes":0,"ValueType":"System.String"},"Value":"d923a89beef2b23b7ec09d5ea213ab235562c7ac"},{"Key":{"Id":"TestCase.ManagedMethod","Label":"ManagedMethod","Category":"","Description":"","Attributes":1,"ValueType":"System.String"},"Value":"Qwen2_SingleUserMessage_MatchesGolden"},{"Key":{"Id":"TestCase.ManagedType","Label":"ManagedType","Category":"","Description":"","Attributes":1,"ValueType":"System.String"},"Value":"SharpMind.Tests.Chat.JinjaTemplateFormatterTests"}]},"Attachments":[],"Outcome":1,"ErrorMessage":null,"ErrorStackTrace":null,"DisplayName":"SharpMind.Tests.Chat.JinjaTemplateFormatterTests.Qwen2_SingleUserMessage_MatchesGolden","Messages":[],"ComputerName":"LAPTOP-MKMTSO1B","Duration":"00:00:00.0008700","StartTime":"2026-07-20T06:09:11.0347429+00:00","EndTime":"2026-07-20T06:09:11.034983+00:00","Properties":[]},{"TestCase":{"Id":"850010a4-8084-9434-bba1-d244eb7c680e","FullyQualifiedName":"SharpMind.Tests.Core.TensorTests.NegativeIndex_WorksForLastDim","DisplayName":"SharpMind.Tests.Core.TensorTests.NegativeIndex_WorksForLastDim","ExecutorUri":"executor://xunit/VsTestRunner3/netcore/","Source":"C:\\Integral2u\\source\\repos\\SharpMind\\SharpMind.Tests\\bin\\Debug\\net10.0\\SharpMind.Tests.dll","CodeFilePath":null,"LineNumber":0,"Properties":[{"Key":{"Id":"XunitTestCaseExplicit","Label":"xUnit.net Test Case Explicit Flag","Category":"","Description":"","Attributes":0,"ValueType":"System.Boolean"},"Value":false},{"Key":{"Id":"XunitTestCaseUniqueID","Label":"xUnit.net Test Case Unique ID","Category":"","Description":"","Attributes":0,"ValueType":"System.String"},"Value":"01b8213ff4a2007c8ba293bae71ead61462caa0c"},{"Key":{"Id":"TestCase.ManagedMethod","Label":"ManagedMethod","Category":"","Description":"","Attributes":1,"ValueType":"System.String"},"Value":"NegativeIndex_WorksForLastDim"},{"Key":{"Id":"TestCase.ManagedType","Label":"ManagedType","Category":"","Description":"","Attributes":1,"ValueType":"System.String"},"Value":"SharpMind.Tests.Core.TensorTests"}]},"Attachments":[],"Outcome":1,"ErrorMessage":null,"ErrorStackTrace":null,"DisplayName":"SharpMind.Tests.Core.TensorTests.NegativeIndex_WorksForLastDim","Messages":[],"ComputerName":"LAPTOP-MKMTSO1B","Duration":"00:00:00.0036383","StartTime":"2026-07-20T06:09:11.0359909+00:00","EndTime":"2026-07-20T06:09:11.0361623+00:00","Properties":[]}],"TestRunStatistics":{"ExecutedTests":117,"Stats":{"Passed":117}},"ActiveTests":[{"Id":"48f4cd25-85dd-1685-c8da-d5b78c9322c1","FullyQualifiedName":"SharpMind.Tests.Core.TensorTests.Ones_AllOne","DisplayName":"SharpMind.Tests.Core.TensorTests.Ones_AllOne","ExecutorUri":"executor://xunit/VsTestRunner3/netcore/","Source":"C:\\Integral2u\\source\\repos\\SharpMind\\SharpMind.Tests\\bin\\Debug\\net10.0\\SharpMind.Tests.dll","CodeFilePath":null,"LineNumber":0,"Properties":[{"Key":{"Id":"XunitTestCaseExplicit","Label":"xUnit.net Test Case Explicit Flag","Category":"","Description":"","Attributes":0,"ValueType":"System.Boolean"},"Value":false},{"Key":{"Id":"XunitTestCaseUniqueID","Label":"xUnit.net Test Case Unique ID","Category":"","Description":"","Attributes":0,"ValueType":"System.String"},"Value":"1dd6d4f247320ffbf46809daf9ada891acb9ebb0"},{"Key":{"Id":"TestCase.ManagedMethod","Label":"ManagedMethod","Category":"","Description":"","Attributes":1,"ValueType":"System.String"},"Value":"Ones_AllOne"},{"Key":{"Id":"TestCase.ManagedType","Label":"ManagedType","Category":"","Description":"","Attributes":1,"ValueType":"System.String"},"Value":"SharpMind.Tests.Core.TensorTests"}]}]}}
TpTrace Verbose: 0 : 14588, 7, 2026/07/20, 18:09:11.047, 391399223437, vstest.console.dll, TestRunRequest:SendTestRunStatsChange: Starting.
TpTrace Verbose: 0 : 14588, 7, 2026/07/20, 18:09:11.048, 391399224785, vstest.console.dll, InProgress is SharpMind.Tests.Core.TensorTests.Ones_AllOne
TpTrace Verbose: 0 : 14588, 7, 2026/07/20, 18:09:11.048, 391399225602, vstest.console.dll, MulticastDelegateUtilities.SafeInvoke: TestRun.RunStatsChanged: Invoking callbacks was skipped because there are no subscribers.
TpTrace Information: 0 : 14588, 7, 2026/07/20, 18:09:11.048, 391399226148, vstest.console.dll, TestRunRequest:SendTestRunStatsChange: Completed.
TpTrace Verbose: 0 : 14588, 7, 2026/07/20, 18:09:11.048, 391399226798, vstest.console.dll, MulticastDelegateUtilities.SafeInvoke: LengthPrefixCommunicationChannel: MessageReceived: Invoking callback 1/1 for Microsoft.VisualStudio.TestPlatform.CommunicationUtilities.TestRequestSender+<>c__DisplayClass34_0., took 4 ms.
TpTrace Verbose: 0 : 14588, 7, 2026/07/20, 18:09:11.048, 391399227375, vstest.console.dll, TcpClientExtensions.MessageLoopAsync: Polling on remoteEndPoint: 127.0.0.1:56030 localEndPoint: 127.0.0.1:56028 after 15 ms
TpTrace Verbose: 0 : 14588, 4, 2026/07/20, 18:09:11.050, 391399253903, vstest.console.dll, MulticastDelegateUtilities.SafeInvoke: InternalTestLoggerEvents.SendTestResult: Invoking callback 1/1 for Microsoft.VisualStudio.TestPlatform.CommandLine.Internal.ConsoleLogger., took 0 ms.
TpTrace Verbose: 0 : 14588, 4, 2026/07/20, 18:09:11.051, 391399255280, vstest.console.dll, MulticastDelegateUtilities.SafeInvoke: InternalTestLoggerEvents.SendTestResult: Invoking callback 1/1 for Microsoft.VisualStudio.TestPlatform.CommandLine.Internal.ConsoleLogger., took 0 ms.
TpTrace Verbose: 0 : 14588, 4, 2026/07/20, 18:09:11.051, 391399255935, vstest.console.dll, MulticastDelegateUtilities.SafeInvoke: InternalTestLoggerEvents.SendTestResult: Invoking callback 1/1 for Microsoft.VisualStudio.TestPlatform.CommandLine.Internal.ConsoleLogger., took 0 ms.
TpTrace Verbose: 0 : 14588, 4, 2026/07/20, 18:09:11.051, 391399256691, vstest.console.dll, MulticastDelegateUtilities.SafeInvoke: InternalTestLoggerEvents.SendTestResult: Invoking callback 1/1 for Microsoft.VisualStudio.TestPlatform.CommandLine.Internal.ConsoleLogger., took 0 ms.
TpTrace Verbose: 0 : 14588, 4, 2026/07/20, 18:09:11.051, 391399257402, vstest.console.dll, MulticastDelegateUtilities.SafeInvoke: InternalTestLoggerEvents.SendTestResult: Invoking callback 1/1 for Microsoft.VisualStudio.TestPlatform.CommandLine.Internal.ConsoleLogger., took 0 ms.
TpTrace Verbose: 0 : 14588, 4, 2026/07/20, 18:09:11.051, 391399258148, vstest.console.dll, MulticastDelegateUtilities.SafeInvoke: InternalTestLoggerEvents.SendTestResult: Invoking callback 1/1 for Microsoft.VisualStudio.TestPlatform.CommandLine.Internal.ConsoleLogger., took 0 ms.
TpTrace Verbose: 0 : 14588, 4, 2026/07/20, 18:09:11.051, 391399258872, vstest.console.dll, MulticastDelegateUtilities.SafeInvoke: InternalTestLoggerEvents.SendTestResult: Invoking callback 1/1 for Microsoft.VisualStudio.TestPlatform.CommandLine.Internal.ConsoleLogger., took 0 ms.
TpTrace Verbose: 0 : 14588, 4, 2026/07/20, 18:09:11.051, 391399259552, vstest.console.dll, MulticastDelegateUtilities.SafeInvoke: InternalTestLoggerEvents.SendTestResult: Invoking callback 1/1 for Microsoft.VisualStudio.TestPlatform.CommandLine.Internal.ConsoleLogger., took 0 ms.
TpTrace Verbose: 0 : 14588, 4, 2026/07/20, 18:09:11.051, 391399260233, vstest.console.dll, MulticastDelegateUtilities.SafeInvoke: InternalTestLoggerEvents.SendTestResult: Invoking callback 1/1 for Microsoft.VisualStudio.TestPlatform.CommandLine.Internal.ConsoleLogger., took 0 ms.
TpTrace Verbose: 0 : 14588, 7, 2026/07/20, 18:09:11.069, 391399439567, vstest.console.dll, TcpClientExtensions.MessageLoopAsync: NotifyDataAvailable remoteEndPoint: 127.0.0.1:56030 localEndPoint: 127.0.0.1:56028
TpTrace Verbose: 0 : 14588, 7, 2026/07/20, 18:09:11.069, 391399443648, vstest.console.dll, TestRequestSender.OnExecutionMessageReceived: Received message: {"Version":7,"MessageType":"TestExecution.StatsChange","Payload":{"NewTestResults":[{"TestCase":{"Id":"48f4cd25-85dd-1685-c8da-d5b78c9322c1","FullyQualifiedName":"SharpMind.Tests.Core.TensorTests.Ones_AllOne","DisplayName":"SharpMind.Tests.Core.TensorTests.Ones_AllOne","ExecutorUri":"executor://xunit/VsTestRunner3/netcore/","Source":"C:\\Integral2u\\source\\repos\\SharpMind\\SharpMind.Tests\\bin\\Debug\\net10.0\\SharpMind.Tests.dll","CodeFilePath":null,"LineNumber":0,"Properties":[{"Key":{"Id":"XunitTestCaseExplicit","Label":"xUnit.net Test Case Explicit Flag","Category":"","Description":"","Attributes":0,"ValueType":"System.Boolean"},"Value":false},{"Key":{"Id":"XunitTestCaseUniqueID","Label":"xUnit.net Test Case Unique ID","Category":"","Description":"","Attributes":0,"ValueType":"System.String"},"Value":"1dd6d4f247320ffbf46809daf9ada891acb9ebb0"},{"Key":{"Id":"TestCase.ManagedMethod","Label":"ManagedMethod","Category":"","Description":"","Attributes":1,"ValueType":"System.String"},"Value":"Ones_AllOne"},{"Key":{"Id":"TestCase.ManagedType","Label":"ManagedType","Category":"","Description":"","Attributes":1,"ValueType":"System.String"},"Value":"SharpMind.Tests.Core.TensorTests"}]},"Attachments":[],"Outcome":1,"ErrorMessage":null,"ErrorStackTrace":null,"DisplayName":"SharpMind.Tests.Core.TensorTests.Ones_AllOne","Messages":[],"ComputerName":"LAPTOP-MKMTSO1B","Duration":"00:00:00.0040610","StartTime":"2026-07-20T06:09:11.0488412+00:00","EndTime":"2026-07-20T06:09:11.0490424+00:00","Properties":[]},{"TestCase":{"Id":"3fa8d4f5-99ad-d22d-501a-f3b6fc45c2fe","FullyQualifiedName":"SharpMind.Tests.Core.TensorTests.Zeros_AllZero","DisplayName":"SharpMind.Tests.Core.TensorTests.Zeros_AllZero","ExecutorUri":"executor://xunit/VsTestRunner3/netcore/","Source":"C:\\Integral2u\\source\\repos\\SharpMind\\SharpMind.Tests\\bin\\Debug\\net10.0\\SharpMind.Tests.dll","CodeFilePath":null,"LineNumber":0,"Properties":[{"Key":{"Id":"XunitTestCaseExplicit","Label":"xUnit.net Test Case Explicit Flag","Category":"","Description":"","Attributes":0,"ValueType":"System.Boolean"},"Value":false},{"Key":{"Id":"XunitTestCaseUniqueID","Label":"xUnit.net Test Case Unique ID","Category":"","Description":"","Attributes":0,"ValueType":"System.String"},"Value":"440022d2a3446eb4afffd807d63c48bc90b8266f"},{"Key":{"Id":"TestCase.ManagedMethod","Label":"ManagedMethod","Category":"","Description":"","Attributes":1,"ValueType":"System.String"},"Value":"Zeros_AllZero"},{"Key":{"Id":"TestCase.ManagedType","Label":"ManagedType","Category":"","Description":"","Attributes":1,"ValueType":"System.String"},"Value":"SharpMind.Tests.Core.TensorTests"}]},"Attachments":[],"Outcome":1,"ErrorMessage":null,"ErrorStackTrace":null,"DisplayName":"SharpMind.Tests.Core.TensorTests.Zeros_AllZero","Messages":[],"ComputerName":"LAPTOP-MKMTSO1B","Duration":"00:00:00.0062148","StartTime":"2026-07-20T06:09:11.0501852+00:00","EndTime":"2026-07-20T06:09:11.0503617+00:00","Properties":[]},{"TestCase":{"Id":"fc79f565-68eb-4271-1f5b-a1eed9e3308f","FullyQualifiedName":"SharpMind.Tests.Core.TensorTests.Reshape_ZeroCopy_SharesBuffer","DisplayName":"SharpMind.Tests.Core.TensorTests.Reshape_ZeroCopy_SharesBuffer","ExecutorUri":"executor://xunit/VsTestRunner3/netcore/","Source":"C:\\Integral2u\\source\\repos\\SharpMind\\SharpMind.Tests\\bin\\Debug\\net10.0\\SharpMind.Tests.dll","CodeFilePath":null,"LineNumber":0,"Properties":[{"Key":{"Id":"XunitTestCaseExplicit","Label":"xUnit.net Test Case Explicit Flag","Category":"","Description":"","Attributes":0,"ValueType":"System.Boolean"},"Value":false},{"Key":{"Id":"XunitTestCaseUniqueID","Label":"xUnit.net Test Case Unique ID","Category":"","Description":"","Attributes":0,"ValueType":"System.String"},"Value":"6f472c2d83338f99f6f10a2657019ef3015b6d5b"},{"Key":{"Id":"TestCase.ManagedMethod","Label":"ManagedMethod","Category":"","Description":"","Attributes":1,"ValueType":"System.String"},"Value":"Reshape_ZeroCopy_SharesBuffer"},{"Key":{"Id":"TestCase.ManagedType","Label":"ManagedType","Category":"","Description":"","Attributes":1,"ValueType":"System.String"},"Value":"SharpMind.Tests.Core.TensorTests"}]},"Attachments":[],"Outcome":1,"ErrorMessage":null,"ErrorStackTrace":null,"DisplayName":"SharpMind.Tests.Core.TensorTests.Reshape_ZeroCopy_SharesBuffer","Messages":[],"ComputerName":"LAPTOP-MKMTSO1B","Duration":"00:00:00.0014275","StartTime":"2026-07-20T06:09:11.0534794+00:00","EndTime":"2026-07-20T06:09:11.0536533+00:00","Properties":[]},{"TestCase":{"Id":"bf797391-ea6f-941e-5996-567911d565cd","FullyQualifiedName":"SharpMind.Tests.GPU.ActivationComparisonTests.GeGLU_CPUAndGPU_ProduceSameResults","DisplayName":"SharpMind.Tests.GPU.ActivationComparisonTests.GeGLU_CPUAndGPU_ProduceSameResults","ExecutorUri":"executor://xunit/VsTestRunner3/netcore/","Source":"C:\\Integral2u\\source\\repos\\SharpMind\\SharpMind.Tests\\bin\\Debug\\net10.0\\SharpMind.Tests.dll","CodeFilePath":null,"LineNumber":0,"Properties":[{"Key":{"Id":"XunitTestCaseExplicit","Label":"xUnit.net Test Case Explicit Flag","Category":"","Description":"","Attributes":0,"ValueType":"System.Boolean"},"Value":false},{"Key":{"Id":"XunitTestCaseUniqueID","Label":"xUnit.net Test Case Unique ID","Category":"","Description":"","Attributes":0,"ValueType":"System.String"},"Value":"1d20bb45fc71b2d84faa198831c81f6a2f3d3ec0"},{"Key":{"Id":"TestCase.ManagedMethod","Label":"ManagedMethod","Category":"","Description":"","Attributes":1,"ValueType":"System.String"},"Value":"GeGLU_CPUAndGPU_ProduceSameResults"},{"Key":{"Id":"TestCase.ManagedType","Label":"ManagedType","Category":"","Description":"","Attributes":1,"ValueType":"System.String"},"Value":"SharpMind.Tests.GPU.ActivationComparisonTests"}]},"Attachments":[],"Outcome":1,"ErrorMessage":null,"ErrorStackTrace":null,"DisplayName":"SharpMind.Tests.GPU.ActivationComparisonTests.GeGLU_CPUAndGPU_ProduceSameResults","Messages":[],"ComputerName":"LAPTOP-MKMTSO1B","Duration":"00:00:00.9421592","StartTime":"2026-07-20T06:09:10.1076591+00:00","EndTime":"2026-07-20T06:09:11.0547212+00:00","Properties":[]},{"TestCase":{"Id":"905c5875-3d00-ef70-b451-6204b194419a","FullyQualifiedName":"SharpMind.Tests.GPU.ActivationComparisonTests.RMSNorm_CPUAndGPU_ProduceSameResults","DisplayName":"SharpMind.Tests.GPU.ActivationComparisonTests.RMSNorm_CPUAndGPU_ProduceSameResults","ExecutorUri":"executor://xunit/VsTestRunner3/netcore/","Source":"C:\\Integral2u\\source\\repos\\SharpMind\\SharpMind.Tests\\bin\\Debug\\net10.0\\SharpMind.Tests.dll","CodeFilePath":null,"LineNumber":0,"Properties":[{"Key":{"Id":"XunitTestCaseExplicit","Label":"xUnit.net Test Case Explicit Flag","Category":"","Description":"","Attributes":0,"ValueType":"System.Boolean"},"Value":false},{"Key":{"Id":"XunitTestCaseUniqueID","Label":"xUnit.net Test Case Unique ID","Category":"","Description":"","Attributes":0,"ValueType":"System.String"},"Value":"645efb86b96c4766c57ef7722c3f0afc0f0d1ddd"},{"Key":{"Id":"TestCase.ManagedMethod","Label":"ManagedMethod","Category":"","Description":"","Attributes":1,"ValueType":"System.String"},"Value":"RMSNorm_CPUAndGPU_ProduceSameResults"},{"Key":{"Id":"TestCase.ManagedType","Label":"ManagedType","Category":"","Description":"","Attributes":1,"ValueType":"System.String"},"Value":"SharpMind.Tests.GPU.ActivationComparisonTests"}]},"Attachments":[],"Outcome":1,"ErrorMessage":null,"ErrorStackTrace":null,"DisplayName":"SharpMind.Tests.GPU.ActivationComparisonTests.RMSNorm_CPUAndGPU_ProduceSameResults","Messages":[],"ComputerName":"LAPTOP-MKMTSO1B","Duration":"00:00:00.0019450","StartTime":"2026-07-20T06:09:11.0638574+00:00","EndTime":"2026-07-20T06:09:11.064032+00:00","Properties":[]},{"TestCase":{"Id":"812bf546-50d5-af03-1659-9466f5adbdc4","FullyQualifiedName":"SharpMind.Tests.Core.TensorTests.From_CopiesData","DisplayName":"SharpMind.Tests.Core.TensorTests.From_CopiesData","ExecutorUri":"executor://xunit/VsTestRunner3/netcore/","Source":"C:\\Integral2u\\source\\repos\\SharpMind\\SharpMind.Tests\\bin\\Debug\\net10.0\\SharpMind.Tests.dll","CodeFilePath":null,"LineNumber":0,"Properties":[{"Key":{"Id":"XunitTestCaseExplicit","Label":"xUnit.net Test Case Explicit Flag","Category":"","Description":"","Attributes":0,"ValueType":"System.Boolean"},"Value":false},{"Key":{"Id":"XunitTestCaseUniqueID","Label":"xUnit.net Test Case Unique ID","Category":"","Description":"","Attributes":0,"ValueType":"System.String"},"Value":"9dc1ad9247ad5da940d8db2efa4c995dcbdd9cdd"},{"Key":{"Id":"TestCase.ManagedMethod","Label":"ManagedMethod","Category":"","Description":"","Attributes":1,"ValueType":"System.String"},"Value":"From_CopiesData"},{"Key":{"Id":"TestCase.ManagedType","Label":"ManagedType","Category":"","Description":"","Attributes":1,"ValueType":"System.String"},"Value":"SharpMind.Tests.Core.TensorTests"}]},"Attachments":[],"Outcome":1,"ErrorMessage":null,"ErrorStackTrace":null,"DisplayName":"SharpMind.Tests.Core.TensorTests.From_CopiesData","Messages":[],"ComputerName":"LAPTOP-MKMTSO1B","Duration":"00:00:00.0054789","StartTime":"2026-07-20T06:09:11.0545457+00:00","EndTime":"2026-07-20T06:09:11.0652218+00:00","Properties":[]},{"TestCase":{"Id":"83fb304b-dd97-1bc6-ace5-48262e223165","FullyQualifiedName":"SharpMind.Tests.Core.RoPETests.Apply_PreservesShape","DisplayName":"SharpMind.Tests.Core.RoPETests.Apply_PreservesShape","ExecutorUri":"executor://xunit/VsTestRunner3/netcore/","Source":"C:\\Integral2u\\source\\repos\\SharpMind\\SharpMind.Tests\\bin\\Debug\\net10.0\\SharpMind.Tests.dll","CodeFilePath":null,"LineNumber":0,"Properties":[{"Key":{"Id":"XunitTestCaseExplicit","Label":"xUnit.net Test Case Explicit Flag","Category":"","Description":"","Attributes":0,"ValueType":"System.Boolean"},"Value":false},{"Key":{"Id":"XunitTestCaseUniqueID","Label":"xUnit.net Test Case Unique ID","Category":"","Description":"","Attributes":0,"ValueType":"System.String"},"Value":"28b7a1d677baa634025f8197d28954736c0289b4"},{"Key":{"Id":"TestCase.ManagedMethod","Label":"ManagedMethod","Category":"","Description":"","Attributes":1,"ValueType":"System.String"},"Value":"Apply_PreservesShape"},{"Key":{"Id":"TestCase.ManagedType","Label":"ManagedType","Category":"","Description":"","Attributes":1,"ValueType":"System.String"},"Value":"SharpMind.Tests.Core.RoPETests"}]},"Attachments":[],"Outcome":1,"ErrorMessage":null,"ErrorStackTrace":null,"DisplayName":"SharpMind.Tests.Core.RoPETests.Apply_PreservesShape","Messages":[],"ComputerName":"LAPTOP-MKMTSO1B","Duration":"00:00:00.0140939","StartTime":"2026-07-20T06:09:11.0661528+00:00","EndTime":"2026-07-20T06:09:11.0663085+00:00","Properties":[]},{"TestCase":{"Id":"28925895-894a-ee85-0593-943d1946f7d3","FullyQualifiedName":"SharpMind.Tests.ModelFormat.SharpMindConfigTests.SaveAndLoad_Roundtrip","DisplayName":"SharpMind.Tests.ModelFormat.SharpMindConfigTests.SaveAndLoad_Roundtrip","ExecutorUri":"executor://xunit/VsTestRunner3/netcore/","Source":"C:\\Integral2u\\source\\repos\\SharpMind\\SharpMind.Tests\\bin\\Debug\\net10.0\\SharpMind.Tests.dll","CodeFilePath":null,"LineNumber":0,"Properties":[{"Key":{"Id":"XunitTestCaseExplicit","Label":"xUnit.net Test Case Explicit Flag","Category":"","Description":"","Attributes":0,"ValueType":"System.Boolean"},"Value":false},{"Key":{"Id":"XunitTestCaseUniqueID","Label":"xUnit.net Test Case Unique ID","Category":"","Description":"","Attributes":0,"ValueType":"System.String"},"Value":"b6b2806f9a49a1f725b86a40efcee4fb152e5016"},{"Key":{"Id":"TestCase.ManagedMethod","Label":"ManagedMethod","Category":"","Description":"","Attributes":1,"ValueType":"System.String"},"Value":"SaveAndLoad_Roundtrip"},{"Key":{"Id":"TestCase.ManagedType","Label":"ManagedType","Category":"","Description":"","Attributes":1,"ValueType":"System.String"},"Value":"SharpMind.Tests.ModelFormat.SharpMindConfigTests"}]},"Attachments":[],"Outcome":1,"ErrorMessage":null,"ErrorStackTrace":null,"DisplayName":"SharpMind.Tests.ModelFormat.SharpMindConfigTests.SaveAndLoad_Roundtrip","Messages":[],"ComputerName":"LAPTOP-MKMTSO1B","Duration":"00:00:01.0192798","StartTime":"2026-07-20T06:09:10.046744+00:00","EndTime":"2026-07-20T06:09:11.0672197+00:00","Properties":[]}],"TestRunStatistics":{"ExecutedTests":125,"Stats":{"Passed":125}},"ActiveTests":[{"Id":"9bb18cdc-f0bb-b8ef-f19c-2756b6d50427","FullyQualifiedName":"SharpMind.Tests.GPU.ActivationComparisonTests.SiLU_CPUAndGPU_ProduceSameResults","DisplayName":"SharpMind.Tests.GPU.ActivationComparisonTests.SiLU_CPUAndGPU_ProduceSameResults","ExecutorUri":"executor://xunit/VsTestRunner3/netcore/","Source":"C:\\Integral2u\\source\\repos\\SharpMind\\SharpMind.Tests\\bin\\Debug\\net10.0\\SharpMind.Tests.dll","CodeFilePath":null,"LineNumber":0,"Properties":[{"Key":{"Id":"XunitTestCaseExplicit","Label":"xUnit.net Test Case Explicit Flag","Category":"","Description":"","Attributes":0,"ValueType":"System.Boolean"},"Value":false},{"Key":{"Id":"XunitTestCaseUniqueID","Label":"xUnit.net Test Case Unique ID","Category":"","Description":"","Attributes":0,"ValueType":"System.String"},"Value":"84433e8c3894b668be53431c6127f82607bca566"},{"Key":{"Id":"TestCase.ManagedMethod","Label":"ManagedMethod","Category":"","Description":"","Attributes":1,"ValueType":"System.String"},"Value":"SiLU_CPUAndGPU_ProduceSameResults"},{"Key":{"Id":"TestCase.ManagedType","Label":"ManagedType","Category":"","Description":"","Attributes":1,"ValueType":"System.String"},"Value":"SharpMind.Tests.GPU.ActivationComparisonTests"}]},{"Id":"f01a1c81-c671-76d2-3e96-1018c5c4b33b","FullyQualifiedName":"SharpMind.Tests.Core.RoPETests.Apply_ZeroPosition_CosSin0","DisplayName":"SharpMind.Tests.Core.RoPETests.Apply_ZeroPosition_CosSin0","ExecutorUri":"executor://xunit/VsTestRunner3/netcore/","Source":"C:\\Integral2u\\source\\repos\\SharpMind\\SharpMind.Tests\\bin\\Debug\\net10.0\\SharpMind.Tests.dll","CodeFilePath":null,"LineNumber":0,"Properties":[{"Key":{"Id":"XunitTestCaseExplicit","Label":"xUnit.net Test Case Explicit Flag","Category":"","Description":"","Attributes":0,"ValueType":"System.Boolean"},"Value":false},{"Key":{"Id":"XunitTestCaseUniqueID","Label":"xUnit.net Test Case Unique ID","Category":"","Description":"","Attributes":0,"ValueType":"System.String"},"Value":"69a298ab059c631898b0db15e33206feaca4877c"},{"Key":{"Id":"TestCase.ManagedMethod","Label":"ManagedMethod","Category":"","Description":"","Attributes":1,"ValueType":"System.String"},"Value":"Apply_ZeroPosition_CosSin0"},{"Key":{"Id":"TestCase.ManagedType","Label":"ManagedType","Category":"","Description":"","Attributes":1,"ValueType":"System.String"},"Value":"SharpMind.Tests.Core.RoPETests"}]}]}}
TpTrace Verbose: 0 : 14588, 7, 2026/07/20, 18:09:11.073, 391399475654, vstest.console.dll, TestRunRequest:SendTestRunStatsChange: Starting.
TpTrace Verbose: 0 : 14588, 7, 2026/07/20, 18:09:11.073, 391399476685, vstest.console.dll, InProgress is SharpMind.Tests.GPU.ActivationComparisonTests.SiLU_CPUAndGPU_ProduceSameResults
TpTrace Verbose: 0 : 14588, 7, 2026/07/20, 18:09:11.073, 391399477011, vstest.console.dll, InProgress is SharpMind.Tests.Core.RoPETests.Apply_ZeroPosition_CosSin0
TpTrace Verbose: 0 : 14588, 7, 2026/07/20, 18:09:11.073, 391399477609, vstest.console.dll, MulticastDelegateUtilities.SafeInvoke: TestRun.RunStatsChanged: Invoking callbacks was skipped because there are no subscribers.
TpTrace Information: 0 : 14588, 7, 2026/07/20, 18:09:11.073, 391399478061, vstest.console.dll, TestRunRequest:SendTestRunStatsChange: Completed.
TpTrace Verbose: 0 : 14588, 7, 2026/07/20, 18:09:11.073, 391399478566, vstest.console.dll, MulticastDelegateUtilities.SafeInvoke: LengthPrefixCommunicationChannel: MessageReceived: Invoking callback 1/1 for Microsoft.VisualStudio.TestPlatform.CommunicationUtilities.TestRequestSender+<>c__DisplayClass34_0., took 3 ms.
TpTrace Verbose: 0 : 14588, 4, 2026/07/20, 18:09:11.073, 391399478226, vstest.console.dll, MulticastDelegateUtilities.SafeInvoke: InternalTestLoggerEvents.SendTestResult: Invoking callback 1/1 for Microsoft.VisualStudio.TestPlatform.CommandLine.Internal.ConsoleLogger., took 0 ms.
TpTrace Verbose: 0 : 14588, 7, 2026/07/20, 18:09:11.073, 391399479112, vstest.console.dll, TcpClientExtensions.MessageLoopAsync: Polling on remoteEndPoint: 127.0.0.1:56030 localEndPoint: 127.0.0.1:56028 after 25 ms
TpTrace Verbose: 0 : 14588, 4, 2026/07/20, 18:09:11.073, 391399480041, vstest.console.dll, MulticastDelegateUtilities.SafeInvoke: InternalTestLoggerEvents.SendTestResult: Invoking callback 1/1 for Microsoft.VisualStudio.TestPlatform.CommandLine.Internal.ConsoleLogger., took 0 ms.
TpTrace Verbose: 0 : 14588, 4, 2026/07/20, 18:09:11.073, 391399483258, vstest.console.dll, MulticastDelegateUtilities.SafeInvoke: InternalTestLoggerEvents.SendTestResult: Invoking callback 1/1 for Microsoft.VisualStudio.TestPlatform.CommandLine.Internal.ConsoleLogger., took 0 ms.
TpTrace Verbose: 0 : 14588, 4, 2026/07/20, 18:09:11.074, 391399484597, vstest.console.dll, MulticastDelegateUtilities.SafeInvoke: InternalTestLoggerEvents.SendTestResult: Invoking callback 1/1 for Microsoft.VisualStudio.TestPlatform.CommandLine.Internal.ConsoleLogger., took 0 ms.
TpTrace Verbose: 0 : 14588, 4, 2026/07/20, 18:09:11.074, 391399485267, vstest.console.dll, MulticastDelegateUtilities.SafeInvoke: InternalTestLoggerEvents.SendTestResult: Invoking callback 1/1 for Microsoft.VisualStudio.TestPlatform.CommandLine.Internal.ConsoleLogger., took 0 ms.
TpTrace Verbose: 0 : 14588, 4, 2026/07/20, 18:09:11.074, 391399485902, vstest.console.dll, MulticastDelegateUtilities.SafeInvoke: InternalTestLoggerEvents.SendTestResult: Invoking callback 1/1 for Microsoft.VisualStudio.TestPlatform.CommandLine.Internal.ConsoleLogger., took 0 ms.
TpTrace Verbose: 0 : 14588, 4, 2026/07/20, 18:09:11.074, 391399486570, vstest.console.dll, MulticastDelegateUtilities.SafeInvoke: InternalTestLoggerEvents.SendTestResult: Invoking callback 1/1 for Microsoft.VisualStudio.TestPlatform.CommandLine.Internal.ConsoleLogger., took 0 ms.
TpTrace Verbose: 0 : 14588, 4, 2026/07/20, 18:09:11.074, 391399487247, vstest.console.dll, MulticastDelegateUtilities.SafeInvoke: InternalTestLoggerEvents.SendTestResult: Invoking callback 1/1 for Microsoft.VisualStudio.TestPlatform.CommandLine.Internal.ConsoleLogger., took 0 ms.
TpTrace Verbose: 0 : 14588, 7, 2026/07/20, 18:09:12.082, 391409573516, vstest.console.dll, TcpClientExtensions.MessageLoopAsync: Polling on remoteEndPoint: 127.0.0.1:56030 localEndPoint: 127.0.0.1:56028 after 1009 ms
TpTrace Verbose: 0 : 14588, 7, 2026/07/20, 18:09:13.094, 391419693521, vstest.console.dll, TcpClientExtensions.MessageLoopAsync: Polling on remoteEndPoint: 127.0.0.1:56030 localEndPoint: 127.0.0.1:56028 after 1011 ms
TpTrace Verbose: 0 : 14588, 7, 2026/07/20, 18:09:14.099, 391429741066, vstest.console.dll, TcpClientExtensions.MessageLoopAsync: Polling on remoteEndPoint: 127.0.0.1:56030 localEndPoint: 127.0.0.1:56028 after 1004 ms
TpTrace Verbose: 0 : 14588, 7, 2026/07/20, 18:09:14.654, 391435285510, vstest.console.dll, TcpClientExtensions.MessageLoopAsync: NotifyDataAvailable remoteEndPoint: 127.0.0.1:56030 localEndPoint: 127.0.0.1:56028
TpTrace Verbose: 0 : 14588, 7, 2026/07/20, 18:09:14.655, 391435294624, vstest.console.dll, TestRequestSender.OnExecutionMessageReceived: Received message: {"Version":7,"MessageType":"TestExecution.StatsChange","Payload":{"NewTestResults":[{"TestCase":{"Id":"f01a1c81-c671-76d2-3e96-1018c5c4b33b","FullyQualifiedName":"SharpMind.Tests.Core.RoPETests.Apply_ZeroPosition_CosSin0","DisplayName":"SharpMind.Tests.Core.RoPETests.Apply_ZeroPosition_CosSin0","ExecutorUri":"executor://xunit/VsTestRunner3/netcore/","Source":"C:\\Integral2u\\source\\repos\\SharpMind\\SharpMind.Tests\\bin\\Debug\\net10.0\\SharpMind.Tests.dll","CodeFilePath":null,"LineNumber":0,"Properties":[{"Key":{"Id":"XunitTestCaseExplicit","Label":"xUnit.net Test Case Explicit Flag","Category":"","Description":"","Attributes":0,"ValueType":"System.Boolean"},"Value":false},{"Key":{"Id":"XunitTestCaseUniqueID","Label":"xUnit.net Test Case Unique ID","Category":"","Description":"","Attributes":0,"ValueType":"System.String"},"Value":"69a298ab059c631898b0db15e33206feaca4877c"},{"Key":{"Id":"TestCase.ManagedMethod","Label":"ManagedMethod","Category":"","Description":"","Attributes":1,"ValueType":"System.String"},"Value":"Apply_ZeroPosition_CosSin0"},{"Key":{"Id":"TestCase.ManagedType","Label":"ManagedType","Category":"","Description":"","Attributes":1,"ValueType":"System.String"},"Value":"SharpMind.Tests.Core.RoPETests"}]},"Attachments":[],"Outcome":1,"ErrorMessage":null,"ErrorStackTrace":null,"DisplayName":"SharpMind.Tests.Core.RoPETests.Apply_ZeroPosition_CosSin0","Messages":[],"ComputerName":"LAPTOP-MKMTSO1B","Duration":"00:00:00.0015192","StartTime":"2026-07-20T06:09:11.0670514+00:00","EndTime":"2026-07-20T06:09:11.0704754+00:00","Properties":[]},{"TestCase":{"Id":"796379f0-7f17-479e-d5aa-19e5786d4f92","FullyQualifiedName":"SharpMind.Tests.Core.RoPETests.Apply_WrongHeadDim_Throws","DisplayName":"SharpMind.Tests.Core.RoPETests.Apply_WrongHeadDim_Throws","ExecutorUri":"executor://xunit/VsTestRunner3/netcore/","Source":"C:\\Integral2u\\source\\repos\\SharpMind\\SharpMind.Tests\\bin\\Debug\\net10.0\\SharpMind.Tests.dll","CodeFilePath":null,"LineNumber":0,"Properties":[{"Key":{"Id":"XunitTestCaseExplicit","Label":"xUnit.net Test Case Explicit Flag","Category":"","Description":"","Attributes":0,"ValueType":"System.Boolean"},"Value":false},{"Key":{"Id":"XunitTestCaseUniqueID","Label":"xUnit.net Test Case Unique ID","Category":"","Description":"","Attributes":0,"ValueType":"System.String"},"Value":"a6055aabffcda6ffc3dc24626678c793a41793fb"},{"Key":{"Id":"TestCase.ManagedMethod","Label":"ManagedMethod","Category":"","Description":"","Attributes":1,"ValueType":"System.String"},"Value":"Apply_WrongHeadDim_Throws"},{"Key":{"Id":"TestCase.ManagedType","Label":"ManagedType","Category":"","Description":"","Attributes":1,"ValueType":"System.String"},"Value":"SharpMind.Tests.Core.RoPETests"}]},"Attachments":[],"Outcome":1,"ErrorMessage":null,"ErrorStackTrace":null,"DisplayName":"SharpMind.Tests.Core.RoPETests.Apply_WrongHeadDim_Throws","Messages":[],"ComputerName":"LAPTOP-MKMTSO1B","Duration":"00:00:00.0009754","StartTime":"2026-07-20T06:09:11.0712869+00:00","EndTime":"2026-07-20T06:09:11.0714837+00:00","Properties":[]},{"TestCase":{"Id":"8c673be4-2faa-12b4-d630-bf12db78c1e1","FullyQualifiedName":"SharpMind.Tests.Core.RoPETests.Apply_OutputNotAllSame","DisplayName":"SharpMind.Tests.Core.RoPETests.Apply_OutputNotAllSame","ExecutorUri":"executor://xunit/VsTestRunner3/netcore/","Source":"C:\\Integral2u\\source\\repos\\SharpMind\\SharpMind.Tests\\bin\\Debug\\net10.0\\SharpMind.Tests.dll","CodeFilePath":null,"LineNumber":0,"Properties":[{"Key":{"Id":"XunitTestCaseExplicit","Label":"xUnit.net Test Case Explicit Flag","Category":"","Description":"","Attributes":0,"ValueType":"System.Boolean"},"Value":false},{"Key":{"Id":"XunitTestCaseUniqueID","Label":"xUnit.net Test Case Unique ID","Category":"","Description":"","Attributes":0,"ValueType":"System.String"},"Value":"d98e98d39644f071e039f16fe548999f497ca027"},{"Key":{"Id":"TestCase.ManagedMethod","Label":"ManagedMethod","Category":"","Description":"","Attributes":1,"ValueType":"System.String"},"Value":"Apply_OutputNotAllSame"},{"Key":{"Id":"TestCase.ManagedType","Label":"ManagedType","Category":"","Description":"","Attributes":1,"ValueType":"System.String"},"Value":"SharpMind.Tests.Core.RoPETests"}]},"Attachments":[],"Outcome":1,"ErrorMessage":null,"ErrorStackTrace":null,"DisplayName":"SharpMind.Tests.Core.RoPETests.Apply_OutputNotAllSame","Messages":[],"ComputerName":"LAPTOP-MKMTSO1B","Duration":"00:00:00.0007400","StartTime":"2026-07-20T06:09:11.0761595+00:00","EndTime":"2026-07-20T06:09:11.0763301+00:00","Properties":[]},{"TestCase":{"Id":"64fac0f6-4f23-6286-0746-97daba366bff","FullyQualifiedName":"SharpMind.Tests.ModelFormat.SharpMindConfigTests.Save_WithOptionalFields","DisplayName":"SharpMind.Tests.ModelFormat.SharpMindConfigTests.Save_WithOptionalFields(includeQuantization: False)","ExecutorUri":"executor://xunit/VsTestRunner3/netcore/","Source":"C:\\Integral2u\\source\\repos\\SharpMind\\SharpMind.Tests\\bin\\Debug\\net10.0\\SharpMind.Tests.dll","CodeFilePath":null,"LineNumber":0,"Properties":[{"Key":{"Id":"XunitTestCaseExplicit","Label":"xUnit.net Test Case Explicit Flag","Category":"","Description":"","Attributes":0,"ValueType":"System.Boolean"},"Value":false},{"Key":{"Id":"XunitTestCaseUniqueID","Label":"xUnit.net Test Case Unique ID","Category":"","Description":"","Attributes":0,"ValueType":"System.String"},"Value":"e55addc1741fa97c9fe35f4ce091cd092d608394"},{"Key":{"Id":"TestCase.ManagedMethod","Label":"ManagedMethod","Category":"","Description":"","Attributes":1,"ValueType":"System.String"},"Value":"Save_WithOptionalFields"},{"Key":{"Id":"TestCase.ManagedType","Label":"ManagedType","Category":"","Description":"","Attributes":1,"ValueType":"System.String"},"Value":"SharpMind.Tests.ModelFormat.SharpMindConfigTests"}]},"Attachments":[],"Outcome":1,"ErrorMessage":null,"ErrorStackTrace":null,"DisplayName":"SharpMind.Tests.ModelFormat.SharpMindConfigTests.Save_WithOptionalFields(includeQuantization: False)","Messages":[],"ComputerName":"LAPTOP-MKMTSO1B","Duration":"00:00:00.0058319","StartTime":"2026-07-20T06:09:11.0703627+00:00","EndTime":"2026-07-20T06:09:11.0773381+00:00","Properties":[]},{"TestCase":{"Id":"e794a3c9-7ffd-ecb2-35b6-6456136c112b","FullyQualifiedName":"SharpMind.Tests.Core.RoPETests.Apply_ExceedsMaxSeqLen_Throws","DisplayName":"SharpMind.Tests.Core.RoPETests.Apply_ExceedsMaxSeqLen_Throws","ExecutorUri":"executor://xunit/VsTestRunner3/netcore/","Source":"C:\\Integral2u\\source\\repos\\SharpMind\\SharpMind.Tests\\bin\\Debug\\net10.0\\SharpMind.Tests.dll","CodeFilePath":null,"LineNumber":0,"Properties":[{"Key":{"Id":"XunitTestCaseExplicit","Label":"xUnit.net Test Case Explicit Flag","Category":"","Description":"","Attributes":0,"ValueType":"System.Boolean"},"Value":false},{"Key":{"Id":"XunitTestCaseUniqueID","Label":"xUnit.net Test Case Unique ID","Category":"","Description":"","Attributes":0,"ValueType":"System.String"},"Value":"ecdc356f580a34ce49ba1c573be06595f3dadc97"},{"Key":{"Id":"TestCase.ManagedMethod","Label":"ManagedMethod","Category":"","Description":"","Attributes":1,"ValueType":"System.String"},"Value":"Apply_ExceedsMaxSeqLen_Throws"},{"Key":{"Id":"TestCase.ManagedType","Label":"ManagedType","Category":"","Description":"","Attributes":1,"ValueType":"System.String"},"Value":"SharpMind.Tests.Core.RoPETests"}]},"Attachments":[],"Outcome":1,"ErrorMessage":null,"ErrorStackTrace":null,"DisplayName":"SharpMind.Tests.Core.RoPETests.Apply_ExceedsMaxSeqLen_Throws","Messages":[],"ComputerName":"LAPTOP-MKMTSO1B","Duration":"00:00:00.0063870","StartTime":"2026-07-20T06:09:11.0771736+00:00","EndTime":"2026-07-20T06:09:11.0783358+00:00","Properties":[]},{"TestCase":{"Id":"5737d235-e21d-c318-ad29-40a9731da8dd","FullyQualifiedName":"SharpMind.Tests.ModelFormat.SharpMindConfigTests.Save_WithOptionalFields","DisplayName":"SharpMind.Tests.ModelFormat.SharpMindConfigTests.Save_WithOptionalFields(includeQuantization: True)","ExecutorUri":"executor://xunit/VsTestRunner3/netcore/","Source":"C:\\Integral2u\\source\\repos\\SharpMind\\SharpMind.Tests\\bin\\Debug\\net10.0\\SharpMind.Tests.dll","CodeFilePath":null,"LineNumber":0,"Properties":[{"Key":{"Id":"XunitTestCaseExplicit","Label":"xUnit.net Test Case Explicit Flag","Category":"","Description":"","Attributes":0,"ValueType":"System.Boolean"},"Value":false},{"Key":{"Id":"XunitTestCaseUniqueID","Label":"xUnit.net Test Case Unique ID","Category":"","Description":"","Attributes":0,"ValueType":"System.String"},"Value":"f1ec4e1706fcd6df28ea00e6c37e14b8dbc45385"},{"Key":{"Id":"TestCase.ManagedMethod","Label":"ManagedMethod","Category":"","Description":"","Attributes":1,"ValueType":"System.String"},"Value":"Save_WithOptionalFields"},{"Key":{"Id":"TestCase.ManagedType","Label":"ManagedType","Category":"","Description":"","Attributes":1,"ValueType":"System.String"},"Value":"SharpMind.Tests.ModelFormat.SharpMindConfigTests"}]},"Attachments":[],"Outcome":1,"ErrorMessage":null,"ErrorStackTrace":null,"DisplayName":"SharpMind.Tests.ModelFormat.SharpMindConfigTests.Save_WithOptionalFields(includeQuantization: True)","Messages":[],"ComputerName":"LAPTOP-MKMTSO1B","Duration":"00:00:00.0079183","StartTime":"2026-07-20T06:09:11.0781676+00:00","EndTime":"2026-07-20T06:09:11.0792474+00:00","Properties":[]}],"TestRunStatistics":{"ExecutedTests":131,"Stats":{"Passed":131}},"ActiveTests":[{"Id":"0facabd4-a9f7-2d52-1bc3-933f4e579915","FullyQualifiedName":"SharpMind.Tests.Data.SafetyStageTests.Hap_AdditionalTerms_AlsoBlocked","DisplayName":"SharpMind.Tests.Data.SafetyStageTests.Hap_AdditionalTerms_AlsoBlocked","ExecutorUri":"executor://xunit/VsTestRunner3/netcore/","Source":"C:\\Integral2u\\source\\repos\\SharpMind\\SharpMind.Tests\\bin\\Debug\\net10.0\\SharpMind.Tests.dll","CodeFilePath":null,"LineNumber":0,"Properties":[{"Key":{"Id":"XunitTestCaseExplicit","Label":"xUnit.net Test Case Explicit Flag","Category":"","Description":"","Attributes":0,"ValueType":"System.Boolean"},"Value":false},{"Key":{"Id":"XunitTestCaseUniqueID","Label":"xUnit.net Test Case Unique ID","Category":"","Description":"","Attributes":0,"ValueType":"System.String"},"Value":"1409fb889c18339233da2608c06aa285f9282ac6"},{"Key":{"Id":"TestCase.ManagedMethod","Label":"ManagedMethod","Category":"","Description":"","Attributes":1,"ValueType":"System.String"},"Value":"Hap_AdditionalTerms_AlsoBlocked"},{"Key":{"Id":"TestCase.ManagedType","Label":"ManagedType","Category":"","Description":"","Attributes":1,"ValueType":"System.String"},"Value":"SharpMind.Tests.Data.SafetyStageTests"}]}]}}
TpTrace Verbose: 0 : 14588, 7, 2026/07/20, 18:09:14.657, 391435316012, vstest.console.dll, TestRunRequest:SendTestRunStatsChange: Starting.
TpTrace Verbose: 0 : 14588, 7, 2026/07/20, 18:09:14.657, 391435317264, vstest.console.dll, InProgress is SharpMind.Tests.Data.SafetyStageTests.Hap_AdditionalTerms_AlsoBlocked
TpTrace Verbose: 0 : 14588, 7, 2026/07/20, 18:09:14.657, 391435318050, vstest.console.dll, MulticastDelegateUtilities.SafeInvoke: TestRun.RunStatsChanged: Invoking callbacks was skipped because there are no subscribers.
TpTrace Information: 0 : 14588, 7, 2026/07/20, 18:09:14.657, 391435318611, vstest.console.dll, TestRunRequest:SendTestRunStatsChange: Completed.
TpTrace Verbose: 0 : 14588, 7, 2026/07/20, 18:09:14.657, 391435319151, vstest.console.dll, MulticastDelegateUtilities.SafeInvoke: LengthPrefixCommunicationChannel: MessageReceived: Invoking callback 1/1 for Microsoft.VisualStudio.TestPlatform.CommunicationUtilities.TestRequestSender+<>c__DisplayClass34_0., took 2 ms.
TpTrace Verbose: 0 : 14588, 7, 2026/07/20, 18:09:14.657, 391435319653, vstest.console.dll, TcpClientExtensions.MessageLoopAsync: Polling on remoteEndPoint: 127.0.0.1:56030 localEndPoint: 127.0.0.1:56028 after 557 ms
TpTrace Verbose: 0 : 14588, 4, 2026/07/20, 18:09:14.657, 391435319678, vstest.console.dll, MulticastDelegateUtilities.SafeInvoke: InternalTestLoggerEvents.SendTestResult: Invoking callback 1/1 for Microsoft.VisualStudio.TestPlatform.CommandLine.Internal.ConsoleLogger., took 0 ms.
TpTrace Verbose: 0 : 14588, 4, 2026/07/20, 18:09:14.657, 391435320946, vstest.console.dll, MulticastDelegateUtilities.SafeInvoke: InternalTestLoggerEvents.SendTestResult: Invoking callback 1/1 for Microsoft.VisualStudio.TestPlatform.CommandLine.Internal.ConsoleLogger., took 0 ms.
TpTrace Verbose: 0 : 14588, 4, 2026/07/20, 18:09:14.657, 391435321667, vstest.console.dll, MulticastDelegateUtilities.SafeInvoke: InternalTestLoggerEvents.SendTestResult: Invoking callback 1/1 for Microsoft.VisualStudio.TestPlatform.CommandLine.Internal.ConsoleLogger., took 0 ms.
TpTrace Verbose: 0 : 14588, 4, 2026/07/20, 18:09:14.657, 391435322364, vstest.console.dll, MulticastDelegateUtilities.SafeInvoke: InternalTestLoggerEvents.SendTestResult: Invoking callback 1/1 for Microsoft.VisualStudio.TestPlatform.CommandLine.Internal.ConsoleLogger., took 0 ms.
TpTrace Verbose: 0 : 14588, 4, 2026/07/20, 18:09:14.657, 391435323043, vstest.console.dll, MulticastDelegateUtilities.SafeInvoke: InternalTestLoggerEvents.SendTestResult: Invoking callback 1/1 for Microsoft.VisualStudio.TestPlatform.CommandLine.Internal.ConsoleLogger., took 0 ms.
TpTrace Verbose: 0 : 14588, 4, 2026/07/20, 18:09:14.657, 391435323802, vstest.console.dll, MulticastDelegateUtilities.SafeInvoke: InternalTestLoggerEvents.SendTestResult: Invoking callback 1/1 for Microsoft.VisualStudio.TestPlatform.CommandLine.Internal.ConsoleLogger., took 0 ms.
TpTrace Verbose: 0 : 14588, 7, 2026/07/20, 18:09:14.695, 391435698825, vstest.console.dll, TcpClientExtensions.MessageLoopAsync: NotifyDataAvailable remoteEndPoint: 127.0.0.1:56030 localEndPoint: 127.0.0.1:56028
TpTrace Warning: 0 : 14588, 12, 2026/07/20, 18:09:14.696, 391435708580, vstest.console.dll, TestHostManagerCallbacks.ErrorReceivedCallback Test host standard error line: 
TpTrace Verbose: 0 : 14588, 11, 2026/07/20, 18:09:14.696, 391435708566, vstest.console.dll, TestHostManagerCallbacks.StandardOutputReceivedCallback Test host standard output line: 
TpTrace Error: 0 : 14588, 7, 2026/07/20, 18:09:14.698, 391435726900, vstest.console.dll, Socket: Message loop: failed to receive message due to socket error System.IO.IOException: Unable to read data from the transport connection: An existing connection was forcibly closed by the remote host..
 ---> System.Net.Sockets.SocketException (10054): An existing connection was forcibly closed by the remote host.
   at System.Net.Sockets.NetworkStream.Read(Span`1 buffer)
   --- End of inner exception stack trace ---
   at System.Net.Sockets.NetworkStream.Read(Span`1 buffer)
   at System.Net.Sockets.NetworkStream.ReadByte()
   at System.IO.BinaryReader.Read7BitEncodedInt()
   at System.IO.BinaryReader.ReadString()
   at Microsoft.VisualStudio.TestPlatform.CommunicationUtilities.LengthPrefixCommunicationChannel.NotifyDataAvailable(CancellationToken cancellationToken) in /_/src/vstest/src/Microsoft.TestPlatform.CommunicationUtilities/LengthPrefixCommunicationChannel.cs:line 90
   at Microsoft.VisualStudio.TestPlatform.CommunicationUtilities.TcpClientExtensions.MessageLoopAsync(TcpClient client, ICommunicationChannel channel, Action`1 errorHandler, CancellationToken cancellationToken) in /_/src/vstest/src/Microsoft.TestPlatform.CommunicationUtilities/TcpClientExtensions.cs:line 67, remoteEndPoint: 127.0.0.1:56030 localEndPoint: 127.0.0.1:56028
TpTrace Information: 0 : 14588, 7, 2026/07/20, 18:09:14.698, 391435728000, vstest.console.dll, SocketServer.PrivateStop: Stopping server endPoint: 127.0.0.1:56028 error: 
TpTrace Verbose: 0 : 14588, 7, 2026/07/20, 18:09:14.698, 391435733425, vstest.console.dll, LengthPrefixCommunicationChannel.Dispose: Dispose reader and writer.
TpTrace Information: 0 : 14588, 7, 2026/07/20, 18:09:14.699, 391435734992, vstest.console.dll, SocketServer.Stop: Raise disconnected event endPoint: 127.0.0.1:56028 error: 
TpTrace Verbose: 0 : 14588, 7, 2026/07/20, 18:09:14.699, 391435736400, vstest.console.dll, TestRequestSender: OnTestRunAbort: Set operation complete.
TpTrace Verbose: 0 : 14588, 7, 2026/07/20, 18:09:14.699, 391435736900, vstest.console.dll, TestRequestSender.SetOperationComplete: Setting operation complete.
TpTrace Information: 0 : 14588, 7, 2026/07/20, 18:09:14.699, 391435737331, vstest.console.dll, SocketServer.Stop: Stop server endPoint: 127.0.0.1:56028
TpTrace Verbose: 0 : 14588, 7, 2026/07/20, 18:09:14.699, 391435737769, vstest.console.dll, TestRequestSender.GetAbortErrorMessage: Exception: 
TpTrace Verbose: 0 : 14588, 7, 2026/07/20, 18:09:14.699, 391435738101, vstest.console.dll, TestRequestSender.GetAbortErrorMessage: Client has disconnected. Wait for standard error.
TpTrace Verbose: 0 : 14588, 12, 2026/07/20, 18:09:14.717, 391435922270, vstest.console.dll, TestHostProvider.ExitCallBack: Host exited starting callback.
TpTrace Error: 0 : 14588, 12, 2026/07/20, 18:09:14.717, 391435923903, vstest.console.dll, TestHostManagerCallbacks.ExitCallBack: Testhost processId: 10884 exited with exitcode: -1073740940 error: ''
TpTrace Verbose: 0 : 14588, 12, 2026/07/20, 18:09:14.718, 391435924350, vstest.console.dll, DotnetTestHostManager.OnHostExited: invoking OnHostExited callback
TpTrace Verbose: 0 : 14588, 12, 2026/07/20, 18:09:14.718, 391435924980, vstest.console.dll, CrossPlatEngine.TestHostManagerHostExited: calling on client process exit callback.
TpTrace Information: 0 : 14588, 12, 2026/07/20, 18:09:14.718, 391435926855, vstest.console.dll, TestRequestSender.OnClientProcessExit: Test host process exited. Standard error: 
TpTrace Information: 0 : 14588, 7, 2026/07/20, 18:09:14.718, 391435928236, vstest.console.dll, TestRequestSender.GetAbortErrorMessage: Received test host error message.
TpTrace Information: 0 : 14588, 12, 2026/07/20, 18:09:14.718, 391435928400, vstest.console.dll, SocketServer.Stop: Stop server endPoint: 127.0.0.1:56028
TpTrace Verbose: 0 : 14588, 12, 2026/07/20, 18:09:14.718, 391435929583, vstest.console.dll, MulticastDelegateUtilities.SafeInvoke: HostProviderEvents.OnHostExited: Invoking callback 1/1 for Microsoft.VisualStudio.TestPlatform.CrossPlatEngine.Client.ProxyOperationManager., took 0 ms.
TpTrace Error: 0 : 14588, 7, 2026/07/20, 18:09:14.718, 391435932257, vstest.console.dll, TestRequestSender: Aborting test run because Test host process crashed
TpTrace Verbose: 0 : 14588, 7, 2026/07/20, 18:09:14.718, 391435933482, vstest.console.dll, TestRunRequest:SendTestRunMessage: Starting.
TpTrace Verbose: 0 : 14588, 7, 2026/07/20, 18:09:14.719, 391435934418, vstest.console.dll, MulticastDelegateUtilities.SafeInvoke: TestRun.LogMessages: Invoking callback 1/1 for Microsoft.VisualStudio.TestPlatform.CommandLine.TestRunResultAggregator., took 0 ms.
TpTrace Information: 0 : 14588, 7, 2026/07/20, 18:09:14.719, 391435934916, vstest.console.dll, TestRunRequest:SendTestRunMessage: Completed.
TpTrace Verbose: 0 : 14588, 4, 2026/07/20, 18:09:14.719, 391435937921, vstest.console.dll, MulticastDelegateUtilities.SafeInvoke: InternalTestLoggerEvents.SendTestRunMessage: Invoking callback 1/1 for Microsoft.VisualStudio.TestPlatform.CommandLine.Internal.ConsoleLogger., took 0 ms.
TpTrace Verbose: 0 : 14588, 7, 2026/07/20, 18:09:14.737, 391436123041, vstest.console.dll, ProxyOperationManager.Close: waiting for test host to exit for 100 ms
TpTrace Information: 0 : 14588, 7, 2026/07/20, 18:09:14.738, 391436124552, vstest.console.dll, SocketServer.Stop: Stop server endPoint: 127.0.0.1:56028
TpTrace Information: 0 : 14588, 7, 2026/07/20, 18:09:14.738, 391436124922, vstest.console.dll, Closing the connection
TpTrace Verbose: 0 : 14588, 7, 2026/07/20, 18:09:14.738, 391436130145, vstest.console.dll, ParallelRunEventsHandler.HandleTestRunComplete: Handling a run completion, this can be either one part of parallel run completing, or the whole parallel run completing.
TpTrace Verbose: 0 : 14588, 7, 2026/07/20, 18:09:14.739, 391436135080, vstest.console.dll, ParallelProxyExecutionManager: HandlePartialRunComplete: Total workloads = 1, Total started clients = 1 Total completed clients = 1, Run complete = True, Run canceled: False.
TpTrace Verbose: 0 : 14588, 7, 2026/07/20, 18:09:14.739, 391436135849, vstest.console.dll, ParallelProxyExecutionManager: HandlePartialRunComplete: All runs completed stopping all managers.
TpTrace Verbose: 0 : 14588, 7, 2026/07/20, 18:09:14.739, 391436136368, vstest.console.dll, ParallelOperationManager.StopAllManagers: Stopping all managers.
TpTrace Verbose: 0 : 14588, 7, 2026/07/20, 18:09:14.739, 391436136736, vstest.console.dll, ParallelOperationManager.ClearSlots: Clearing all slots. Slots should accept more work: False
TpTrace Verbose: 0 : 14588, 7, 2026/07/20, 18:09:14.739, 391436137304, vstest.console.dll, ParallelOperationManager.SetOccupiedSlotCount: Setting slot counts AvailableSlotCount = 1, OccupiedSlotCount = 0.
TpTrace Verbose: 0 : 14588, 7, 2026/07/20, 18:09:14.739, 391436137842, vstest.console.dll, Occupied slots:

TpTrace Verbose: 0 : 14588, 7, 2026/07/20, 18:09:14.739, 391436138156, vstest.console.dll, ParallelRunEventsHandler.HandleTestRunComplete: Whole parallel run completed.
TpTrace Verbose: 0 : 14588, 4, 2026/07/20, 18:09:14.773, 391436478170, vstest.console.dll, MulticastDelegateUtilities.SafeInvoke: InternalTestLoggerEvents.SendTestRunComplete: Invoking callback 1/1 for Microsoft.VisualStudio.TestPlatform.CommandLine.Internal.ConsoleLogger., took 9 ms.
TpTrace Verbose: 0 : 14588, 7, 2026/07/20, 18:09:14.774, 391436491003, vstest.console.dll, TestRunRequest:TestRunComplete: Starting. IsAborted:True IsCanceled:False.
TpTrace Verbose: 0 : 14588, 7, 2026/07/20, 18:09:14.775, 391436494417, vstest.console.dll, ParallelOperationManager.DoActionOnAllManagers: Calling an action on all managers.
TpTrace Verbose: 0 : 14588, 7, 2026/07/20, 18:09:14.777, 391436520747, vstest.console.dll, TestLoggerManager.HandleTestRunComplete: Ignoring as the object is disposed.
TpTrace Verbose: 0 : 14588, 7, 2026/07/20, 18:09:14.778, 391436527799, vstest.console.dll, MulticastDelegateUtilities.SafeInvoke: TestRun.TestRunComplete: Invoking callback 1/2 for Microsoft.VisualStudio.TestPlatform.CommandLine.TestRunResultAggregator., took 0 ms.
TpTrace Verbose: 0 : 14588, 7, 2026/07/20, 18:09:14.778, 391436531957, vstest.console.dll, MulticastDelegateUtilities.SafeInvoke: TestRun.TestRunComplete: Invoking callback 2/2 for Microsoft.VisualStudio.TestPlatform.CommandLine.Processors.RunTestsArgumentExecutor+TestRunRequestEventsRegistrar., took 0 ms.
TpTrace Verbose: 0 : 14588, 2, 2026/07/20, 18:09:14.779, 391436536198, vstest.console.dll, TestRunRequest.Dispose: Starting.
TpTrace Information: 0 : 14588, 7, 2026/07/20, 18:09:14.780, 391436546444, vstest.console.dll, TestRunRequest:TestRunComplete: Completed.
TpTrace Verbose: 0 : 14588, 7, 2026/07/20, 18:09:14.780, 391436548573, vstest.console.dll, MulticastDelegateUtilities.SafeInvoke: SocketServer: ClientDisconnected: Invoking callback 1/1 for Microsoft.VisualStudio.TestPlatform.CommunicationUtilities.TestRequestSender., took 81 ms.
TpTrace Information: 0 : 14588, 2, 2026/07/20, 18:09:14.780, 391436548740, vstest.console.dll, TestRunRequest.Dispose: Completed.
TpTrace Verbose: 0 : 14588, 7, 2026/07/20, 18:09:14.780, 391436549401, vstest.console.dll, TcpClientExtensions.MessageLoopAsync: exiting MessageLoopAsync remoteEndPoint: 127.0.0.1:56030 localEndPoint: 127.0.0.1:56028
TpTrace Information: 0 : 14588, 2, 2026/07/20, 18:09:14.780, 391436550271, vstest.console.dll, TestRequestManager.RunTests: run tests completed.
TpTrace Information: 0 : 14588, 2, 2026/07/20, 18:09:14.780, 391436551926, vstest.console.dll, RunTestsArgumentProcessor:Execute: Test run is completed.
TpTrace Verbose: 0 : 14588, 2, 2026/07/20, 18:09:14.781, 391436555136, vstest.console.dll, Executor.Execute: Exiting with exit code of 1
TpTrace Verbose: 0 : 14972, 2, 2026/07/20, 20:50:27.937, 488168120645, vstest.console.dll, Version: 18.7.0-release-26322-102 Current process architecture: X64
TpTrace Verbose: 0 : 14972, 2, 2026/07/20, 20:50:27.943, 488168175346, vstest.console.dll, Runtime location: C:\Program Files\dotnet\shared\Microsoft.NETCore.App\10.0.9
TpTrace Information: 0 : 14972, 2, 2026/07/20, 20:50:27.953, 488168281408, vstest.console.dll, Using .Net Framework version:.NETCoreApp,Version=v10.0
TpTrace Verbose: 0 : 14972, 2, 2026/07/20, 20:50:27.953, 488168283682, vstest.console.dll, ArtifactProcessingPostProcessModeProcessorExecutor.Initialize: ArtifactProcessingMode.Collect
TpTrace Verbose: 0 : 14972, 2, 2026/07/20, 20:50:27.954, 488168284769, vstest.console.dll, TestSessionCorrelationIdProcessorModeProcessorExecutor.Initialize: TestSessionCorrelationId '2968_8af18d01-f911-4c08-83c8-0237cc1adbb5'
TpTrace Information: 0 : 14972, 2, 2026/07/20, 20:50:27.972, 488168469840, vstest.console.dll, FilePatternParser: The given file C:\Integral2u\source\repos\SharpMind\SharpMind.Tests\bin\Debug\net10.0\SharpMind.Tests.dll is a full path.
TpTrace Verbose: 0 : 14972, 2, 2026/07/20, 20:50:27.989, 488168634606, vstest.console.dll, TestPluginCache.DiscoverTestExtensions: finding test extensions in assemblies ends with: RuntimeProvider.dll TPluginInfo: Microsoft.VisualStudio.TestPlatform.Common.ExtensionFramework.Utilities.TestRuntimePluginInformation TExtension: Microsoft.VisualStudio.TestPlatform.ObjectModel.Host.ITestRuntimeProvider
TpTrace Verbose: 0 : 14972, 2, 2026/07/20, 20:50:27.989, 488168643210, vstest.console.dll, TestPluginCache.GetExtensionPaths: Filtered extension paths: 
TpTrace Verbose: 0 : 14972, 2, 2026/07/20, 20:50:27.990, 488168649693, vstest.console.dll, TestPluginCache.GetExtensionPaths: Added default extension paths: C:\Program Files\dotnet\sdk\10.0.400-preview.0.26322.102\Extensions\Microsoft.Diagnostics.NETCore.Client.dll
C:\Program Files\dotnet\sdk\10.0.400-preview.0.26322.102\Extensions\Microsoft.TestPlatform.Extensions.BlameDataCollector.dll
C:\Program Files\dotnet\sdk\10.0.400-preview.0.26322.102\Extensions\Microsoft.TestPlatform.Extensions.EventLogCollector.dll
C:\Program Files\dotnet\sdk\10.0.400-preview.0.26322.102\Extensions\Microsoft.TestPlatform.TestHostRuntimeProvider.dll
C:\Program Files\dotnet\sdk\10.0.400-preview.0.26322.102\Extensions\Microsoft.VisualStudio.TestPlatform.Extensions.Html.TestLogger.dll
C:\Program Files\dotnet\sdk\10.0.400-preview.0.26322.102\Extensions\Microsoft.VisualStudio.TestPlatform.Extensions.Trx.TestLogger.dll
TpTrace Verbose: 0 : 14972, 2, 2026/07/20, 20:50:27.990, 488168650628, vstest.console.dll, TestPluginCache.GetExtensionPaths: Added unfilterableExtensionPaths: 
TpTrace Information: 0 : 14972, 2, 2026/07/20, 20:50:27.991, 488168663452, vstest.console.dll, AssemblyResolver.ctor: Creating AssemblyResolver with searchDirectories C:\Program Files\dotnet\sdk\10.0.400-preview.0.26322.102\Extensions,C:\Program Files\dotnet\sdk\10.0.400-preview.0.26322.102
TpTrace Verbose: 0 : 14972, 2, 2026/07/20, 20:50:27.994, 488168685463, vstest.console.dll, TestPluginCache.DiscoverTestExtensions: Discovering the extensions using extension path.
TpTrace Verbose: 0 : 14972, 2, 2026/07/20, 20:50:27.994, 488168688055, vstest.console.dll, TestPluginCache.GetExtensionPaths: Filtered extension paths: 
TpTrace Verbose: 0 : 14972, 2, 2026/07/20, 20:50:27.994, 488168688638, vstest.console.dll, TestPluginCache.GetExtensionPaths: Added default extension paths: C:\Program Files\dotnet\sdk\10.0.400-preview.0.26322.102\Extensions\Microsoft.Diagnostics.NETCore.Client.dll
C:\Program Files\dotnet\sdk\10.0.400-preview.0.26322.102\Extensions\Microsoft.TestPlatform.Extensions.BlameDataCollector.dll
C:\Program Files\dotnet\sdk\10.0.400-preview.0.26322.102\Extensions\Microsoft.TestPlatform.Extensions.EventLogCollector.dll
C:\Program Files\dotnet\sdk\10.0.400-preview.0.26322.102\Extensions\Microsoft.TestPlatform.TestHostRuntimeProvider.dll
C:\Program Files\dotnet\sdk\10.0.400-preview.0.26322.102\Extensions\Microsoft.VisualStudio.TestPlatform.Extensions.Html.TestLogger.dll
C:\Program Files\dotnet\sdk\10.0.400-preview.0.26322.102\Extensions\Microsoft.VisualStudio.TestPlatform.Extensions.Trx.TestLogger.dll
TpTrace Verbose: 0 : 14972, 2, 2026/07/20, 20:50:27.994, 488168689139, vstest.console.dll, TestPluginCache.GetExtensionPaths: Added unfilterableExtensionPaths: 
TpTrace Verbose: 0 : 14972, 2, 2026/07/20, 20:50:27.994, 488168690048, vstest.console.dll, TestPluginCache.DiscoverTestExtensions: Discovering the extensions using allExtensionPaths: C:\Program Files\dotnet\sdk\10.0.400-preview.0.26322.102\Extensions\Microsoft.Diagnostics.NETCore.Client.dll
C:\Program Files\dotnet\sdk\10.0.400-preview.0.26322.102\Extensions\Microsoft.TestPlatform.Extensions.BlameDataCollector.dll
C:\Program Files\dotnet\sdk\10.0.400-preview.0.26322.102\Extensions\Microsoft.TestPlatform.Extensions.EventLogCollector.dll
C:\Program Files\dotnet\sdk\10.0.400-preview.0.26322.102\Extensions\Microsoft.TestPlatform.TestHostRuntimeProvider.dll
C:\Program Files\dotnet\sdk\10.0.400-preview.0.26322.102\Extensions\Microsoft.VisualStudio.TestPlatform.Extensions.Html.TestLogger.dll
C:\Program Files\dotnet\sdk\10.0.400-preview.0.26322.102\Extensions\Microsoft.VisualStudio.TestPlatform.Extensions.Trx.TestLogger.dll
TpTrace Information: 0 : 14972, 2, 2026/07/20, 20:50:27.994, 488168691996, vstest.console.dll, AssemblyResolver.AddSearchDirectories: Adding more searchDirectories C:\Program Files\dotnet\sdk\10.0.400-preview.0.26322.102\Extensions,C:\Program Files\dotnet\sdk\10.0.400-preview.0.26322.102
TpTrace Information: 0 : 14972, 2, 2026/07/20, 20:50:27.994, 488168693950, vstest.console.dll, AssemblyResolver.AddSearchDirectories: Adding more searchDirectories C:\Program Files\dotnet\sdk\10.0.400-preview.0.26322.102\Extensions,C:\Program Files\dotnet\sdk\10.0.400-preview.0.26322.102
TpTrace Information: 0 : 14972, 2, 2026/07/20, 20:50:27.995, 488168694630, vstest.console.dll, AssemblyResolver.AddSearchDirectories: Adding more searchDirectories C:\Program Files\dotnet\sdk\10.0.400-preview.0.26322.102\Extensions,C:\Program Files\dotnet\sdk\10.0.400-preview.0.26322.102
TpTrace Information: 0 : 14972, 2, 2026/07/20, 20:50:27.995, 488168696451, vstest.console.dll, AssemblyResolver.AddSearchDirectories: Adding more searchDirectories C:\Program Files\dotnet\sdk\10.0.400-preview.0.26322.102\Extensions,C:\Program Files\dotnet\sdk\10.0.400-preview.0.26322.102
TpTrace Information: 0 : 14972, 2, 2026/07/20, 20:50:27.995, 488168696913, vstest.console.dll, AssemblyResolver.AddSearchDirectories: Adding more searchDirectories C:\Program Files\dotnet\sdk\10.0.400-preview.0.26322.102\Extensions,C:\Program Files\dotnet\sdk\10.0.400-preview.0.26322.102
TpTrace Information: 0 : 14972, 2, 2026/07/20, 20:50:27.995, 488168697383, vstest.console.dll, AssemblyResolver.AddSearchDirectories: Adding more searchDirectories C:\Program Files\dotnet\sdk\10.0.400-preview.0.26322.102\Extensions,C:\Program Files\dotnet\sdk\10.0.400-preview.0.26322.102
TpTrace Information: 0 : 14972, 2, 2026/07/20, 20:50:27.998, 488168728386, vstest.console.dll, AssemblyResolver.OnResolve: Microsoft.Diagnostics.NETCore.Client: Resolving assembly.
TpTrace Information: 0 : 14972, 2, 2026/07/20, 20:50:27.999, 488168734445, vstest.console.dll, AssemblyResolver.OnResolve: Microsoft.Diagnostics.NETCore.Client: Searching in: 'C:\Program Files\dotnet\sdk\10.0.400-preview.0.26322.102\Extensions'.
TpTrace Information: 0 : 14972, 2, 2026/07/20, 20:50:28.023, 488168982885, vstest.console.dll, AssemblyResolver.OnResolve: Microsoft.Diagnostics.NETCore.Client: Loading assembly 'C:\Program Files\dotnet\sdk\10.0.400-preview.0.26322.102\Extensions\Microsoft.Diagnostics.NETCore.Client.dll'.
TpTrace Information: 0 : 14972, 2, 2026/07/20, 20:50:28.027, 488169021099, vstest.console.dll, AssemblyResolver.TrackProvidedDependency: Resolved 'Microsoft.Diagnostics.NETCore.Client' from 'C:\Program Files\dotnet\sdk\10.0.400-preview.0.26322.102\Extensions' for 'unknown'.
TpTrace Information: 0 : 14972, 2, 2026/07/20, 20:50:28.027, 488169022622, vstest.console.dll, AssemblyResolver.OnResolve: Resolved assembly: Microsoft.Diagnostics.NETCore.Client, from path: C:\Program Files\dotnet\sdk\10.0.400-preview.0.26322.102\Extensions\Microsoft.Diagnostics.NETCore.Client.dll
TpTrace Verbose: 0 : 14972, 2, 2026/07/20, 20:50:28.030, 488169046890, vstest.console.dll, MetadataReaderExtensionsHelper: Discovering extensions inside assembly 'Microsoft.Diagnostics.NETCore.Client, Version=0.2.14.32302, Culture=neutral, PublicKeyToken=31bf3856ad364e35' file path 'C:\Program Files\dotnet\sdk\10.0.400-preview.0.26322.102\Extensions\Microsoft.Diagnostics.NETCore.Client.dll'
TpTrace Information: 0 : 14972, 2, 2026/07/20, 20:50:28.036, 488169111047, vstest.console.dll, AssemblyResolver.OnResolve: Microsoft.Bcl.AsyncInterfaces: Resolving assembly.
TpTrace Information: 0 : 14972, 2, 2026/07/20, 20:50:28.036, 488169113235, vstest.console.dll, AssemblyResolver.OnResolve: Microsoft.Bcl.AsyncInterfaces: Searching in: 'C:\Program Files\dotnet\sdk\10.0.400-preview.0.26322.102\Extensions'.
TpTrace Information: 0 : 14972, 2, 2026/07/20, 20:50:28.037, 488169115603, vstest.console.dll, AssemblyResolver.OnResolve: Microsoft.Bcl.AsyncInterfaces: Assembly path does not exist: 'C:\Program Files\dotnet\sdk\10.0.400-preview.0.26322.102\Extensions\Microsoft.Bcl.AsyncInterfaces.dll', returning.
TpTrace Information: 0 : 14972, 2, 2026/07/20, 20:50:28.037, 488169116867, vstest.console.dll, AssemblyResolver.OnResolve: Microsoft.Bcl.AsyncInterfaces: Assembly path does not exist: 'C:\Program Files\dotnet\sdk\10.0.400-preview.0.26322.102\Extensions\Microsoft.Bcl.AsyncInterfaces.exe', returning.
TpTrace Information: 0 : 14972, 2, 2026/07/20, 20:50:28.037, 488169117773, vstest.console.dll, AssemblyResolver.OnResolve: Microsoft.Bcl.AsyncInterfaces: Searching in: 'C:\Program Files\dotnet\sdk\10.0.400-preview.0.26322.102'.
TpTrace Information: 0 : 14972, 2, 2026/07/20, 20:50:28.037, 488169118994, vstest.console.dll, AssemblyResolver.OnResolve: Microsoft.Bcl.AsyncInterfaces: Assembly path does not exist: 'C:\Program Files\dotnet\sdk\10.0.400-preview.0.26322.102\Microsoft.Bcl.AsyncInterfaces.dll', returning.
TpTrace Information: 0 : 14972, 2, 2026/07/20, 20:50:28.037, 488169119997, vstest.console.dll, AssemblyResolver.OnResolve: Microsoft.Bcl.AsyncInterfaces: Assembly path does not exist: 'C:\Program Files\dotnet\sdk\10.0.400-preview.0.26322.102\Microsoft.Bcl.AsyncInterfaces.exe', returning.
TpTrace Information: 0 : 14972, 2, 2026/07/20, 20:50:28.037, 488169120449, vstest.console.dll, AssemblyResolver.OnResolve: Microsoft.Bcl.AsyncInterfaces: Failed to load assembly.
TpTrace Verbose: 0 : 14972, 2, 2026/07/20, 20:50:28.037, 488169121082, vstest.console.dll, CurrentDomainAssemblyResolve: Resolving assembly 'Microsoft.Bcl.AsyncInterfaces'.
TpTrace Information: 0 : 14972, 2, 2026/07/20, 20:50:28.037, 488169122426, vstest.console.dll, AssemblyResolver.OnResolve: Microsoft.Bcl.AsyncInterfaces: Resolving assembly.
TpTrace Information: 0 : 14972, 2, 2026/07/20, 20:50:28.037, 488169123088, vstest.console.dll, AssemblyResolver.OnResolve: Microsoft.Bcl.AsyncInterfaces: Resolved from cache.
TpTrace Verbose: 0 : 14972, 2, 2026/07/20, 20:50:28.037, 488169123485, vstest.console.dll, CurrentDomainAssemblyResolve: Resolving assembly 'Microsoft.Bcl.AsyncInterfaces'.
TpTrace Verbose: 0 : 14972, 2, 2026/07/20, 20:50:28.037, 488169123980, vstest.console.dll, CurrentDomainAssemblyResolve: Failed to resolve assembly 'Microsoft.Bcl.AsyncInterfaces'.
TpTrace Verbose: 0 : 14972, 2, 2026/07/20, 20:50:28.039, 488169134895, vstest.console.dll, CurrentDomainAssemblyResolve: Failed to resolve assembly 'Microsoft.Bcl.AsyncInterfaces'.
TpTrace Information: 0 : 14972, 2, 2026/07/20, 20:50:28.052, 488169265799, vstest.console.dll, AssemblyResolver.OnResolve: Microsoft.Bcl.AsyncInterfaces: Resolving assembly.
TpTrace Information: 0 : 14972, 2, 2026/07/20, 20:50:28.052, 488169267367, vstest.console.dll, AssemblyResolver.OnResolve: Microsoft.Bcl.AsyncInterfaces: Resolved from cache.
TpTrace Verbose: 0 : 14972, 2, 2026/07/20, 20:50:28.052, 488169267989, vstest.console.dll, CurrentDomainAssemblyResolve: Resolving assembly 'Microsoft.Bcl.AsyncInterfaces'.
TpTrace Verbose: 0 : 14972, 2, 2026/07/20, 20:50:28.052, 488169268757, vstest.console.dll, CurrentDomainAssemblyResolve: Failed to resolve assembly 'Microsoft.Bcl.AsyncInterfaces'.
TpTrace Information: 0 : 14972, 2, 2026/07/20, 20:50:28.055, 488169298537, vstest.console.dll, AssemblyResolver.OnResolve: Microsoft.Bcl.AsyncInterfaces: Resolving assembly.
TpTrace Information: 0 : 14972, 2, 2026/07/20, 20:50:28.055, 488169300020, vstest.console.dll, AssemblyResolver.OnResolve: Microsoft.Bcl.AsyncInterfaces: Resolved from cache.
TpTrace Verbose: 0 : 14972, 2, 2026/07/20, 20:50:28.055, 488169300691, vstest.console.dll, CurrentDomainAssemblyResolve: Resolving assembly 'Microsoft.Bcl.AsyncInterfaces'.
TpTrace Verbose: 0 : 14972, 2, 2026/07/20, 20:50:28.055, 488169301250, vstest.console.dll, CurrentDomainAssemblyResolve: Failed to resolve assembly 'Microsoft.Bcl.AsyncInterfaces'.
TpTrace Warning: 0 : 14972, 2, 2026/07/20, 20:50:28.089, 488169636822, vstest.console.dll, TestPluginDiscoverer: Failed to get types from assembly 'Microsoft.Diagnostics.NETCore.Client, Version=0.2.14.32302, Culture=neutral, PublicKeyToken=31bf3856ad364e35'. Error: System.Reflection.ReflectionTypeLoadException: Unable to load one or more of the requested types.
Could not load file or assembly 'Microsoft.Bcl.AsyncInterfaces, Version=9.0.0.8, Culture=neutral, PublicKeyToken=cc7b13ffcd2ddd51'. The system cannot find the file specified.
Could not load file or assembly 'Microsoft.Bcl.AsyncInterfaces, Version=9.0.0.8, Culture=neutral, PublicKeyToken=cc7b13ffcd2ddd51'. The system cannot find the file specified.
Could not load file or assembly 'Microsoft.Bcl.AsyncInterfaces, Version=9.0.0.8, Culture=neutral, PublicKeyToken=cc7b13ffcd2ddd51'. The system cannot find the file specified.
   at System.Reflection.RuntimeModule.GetDefinedTypes()
   at System.Reflection.RuntimeModule.GetTypes()
   at Microsoft.VisualStudio.TestPlatform.Common.ExtensionFramework.TestPluginDiscoverer.GetTestExtensionsFromAssembly[TPluginInfo,TExtension](Assembly assembly, Dictionary`2 pluginInfos, String filePath) in /_/src/vstest/src/Microsoft.TestPlatform.Common/ExtensionFramework/TestPluginDiscoverer.cs:line 159
System.IO.FileNotFoundException: Could not load file or assembly 'Microsoft.Bcl.AsyncInterfaces, Version=9.0.0.8, Culture=neutral, PublicKeyToken=cc7b13ffcd2ddd51'. The system cannot find the file specified.
File name: 'Microsoft.Bcl.AsyncInterfaces, Version=9.0.0.8, Culture=neutral, PublicKeyToken=cc7b13ffcd2ddd51'
 ---> System.IO.FileNotFoundException: Could not load file or assembly 'Microsoft.Bcl.AsyncInterfaces, Culture=neutral, PublicKeyToken=null'. The system cannot find the file specified.
File name: 'Microsoft.Bcl.AsyncInterfaces, Culture=neutral, PublicKeyToken=null'
   at System.Reflection.RuntimeAssembly.InternalLoad(AssemblyName assemblyName, StackCrawlMark& stackMark, AssemblyLoadContext assemblyLoadContext, RuntimeAssembly requestingAssembly, Boolean throwOnFileNotFound)
   at System.Reflection.Assembly.Load(AssemblyName assemblyRef)
   at Microsoft.VisualStudio.TestPlatform.Common.ExtensionFramework.TestPluginCache.CurrentDomainAssemblyResolve(Object sender, AssemblyResolveEventArgs args) in /_/src/vstest/src/Microsoft.TestPlatform.Common/ExtensionFramework/TestPluginCache.cs:line 514
   at System.Runtime.Loader.AssemblyLoadContext.GetFirstResolvedAssemblyFromResolvingEvent(AssemblyName assemblyName)
   at System.Runtime.Loader.AssemblyLoadContext.ResolveUsingEvent(AssemblyName assemblyName)
System.IO.FileNotFoundException: Could not load file or assembly 'Microsoft.Bcl.AsyncInterfaces, Version=9.0.0.8, Culture=neutral, PublicKeyToken=cc7b13ffcd2ddd51'. The system cannot find the file specified.
File name: 'Microsoft.Bcl.AsyncInterfaces, Version=9.0.0.8, Culture=neutral, PublicKeyToken=cc7b13ffcd2ddd51'
System.IO.FileNotFoundException: Could not load file or assembly 'Microsoft.Bcl.AsyncInterfaces, Version=9.0.0.8, Culture=neutral, PublicKeyToken=cc7b13ffcd2ddd51'. The system cannot find the file specified.
File name: 'Microsoft.Bcl.AsyncInterfaces, Version=9.0.0.8, Culture=neutral, PublicKeyToken=cc7b13ffcd2ddd51'
TpTrace Warning: 0 : 14972, 2, 2026/07/20, 20:50:28.089, 488169643735, vstest.console.dll, LoaderExceptions: System.IO.FileNotFoundException: Could not load file or assembly 'Microsoft.Bcl.AsyncInterfaces, Version=9.0.0.8, Culture=neutral, PublicKeyToken=cc7b13ffcd2ddd51'. The system cannot find the file specified.
File name: 'Microsoft.Bcl.AsyncInterfaces, Version=9.0.0.8, Culture=neutral, PublicKeyToken=cc7b13ffcd2ddd51'
 ---> System.IO.FileNotFoundException: Could not load file or assembly 'Microsoft.Bcl.AsyncInterfaces, Culture=neutral, PublicKeyToken=null'. The system cannot find the file specified.
File name: 'Microsoft.Bcl.AsyncInterfaces, Culture=neutral, PublicKeyToken=null'
   at System.Reflection.RuntimeAssembly.InternalLoad(AssemblyName assemblyName, StackCrawlMark& stackMark, AssemblyLoadContext assemblyLoadContext, RuntimeAssembly requestingAssembly, Boolean throwOnFileNotFound)
   at System.Reflection.Assembly.Load(AssemblyName assemblyRef)
   at Microsoft.VisualStudio.TestPlatform.Common.ExtensionFramework.TestPluginCache.CurrentDomainAssemblyResolve(Object sender, AssemblyResolveEventArgs args) in /_/src/vstest/src/Microsoft.TestPlatform.Common/ExtensionFramework/TestPluginCache.cs:line 514
   at System.Runtime.Loader.AssemblyLoadContext.GetFirstResolvedAssemblyFromResolvingEvent(AssemblyName assemblyName)
   at System.Runtime.Loader.AssemblyLoadContext.ResolveUsingEvent(AssemblyName assemblyName)
TpTrace Warning: 0 : 14972, 2, 2026/07/20, 20:50:28.090, 488169646314, vstest.console.dll, LoaderExceptions: System.IO.FileNotFoundException: Could not load file or assembly 'Microsoft.Bcl.AsyncInterfaces, Version=9.0.0.8, Culture=neutral, PublicKeyToken=cc7b13ffcd2ddd51'. The system cannot find the file specified.
File name: 'Microsoft.Bcl.AsyncInterfaces, Version=9.0.0.8, Culture=neutral, PublicKeyToken=cc7b13ffcd2ddd51'
TpTrace Warning: 0 : 14972, 2, 2026/07/20, 20:50:28.090, 488169647142, vstest.console.dll, LoaderExceptions: System.IO.FileNotFoundException: Could not load file or assembly 'Microsoft.Bcl.AsyncInterfaces, Version=9.0.0.8, Culture=neutral, PublicKeyToken=cc7b13ffcd2ddd51'. The system cannot find the file specified.
File name: 'Microsoft.Bcl.AsyncInterfaces, Version=9.0.0.8, Culture=neutral, PublicKeyToken=cc7b13ffcd2ddd51'
TpTrace Information: 0 : 14972, 2, 2026/07/20, 20:50:28.090, 488169649438, vstest.console.dll, AssemblyResolver.OnResolve: Microsoft.TestPlatform.Extensions.BlameDataCollector: Resolving assembly.
TpTrace Information: 0 : 14972, 2, 2026/07/20, 20:50:28.090, 488169650595, vstest.console.dll, AssemblyResolver.OnResolve: Microsoft.TestPlatform.Extensions.BlameDataCollector: Searching in: 'C:\Program Files\dotnet\sdk\10.0.400-preview.0.26322.102\Extensions'.
TpTrace Information: 0 : 14972, 2, 2026/07/20, 20:50:28.091, 488169663237, vstest.console.dll, AssemblyResolver.OnResolve: Microsoft.TestPlatform.Extensions.BlameDataCollector: Loading assembly 'C:\Program Files\dotnet\sdk\10.0.400-preview.0.26322.102\Extensions\Microsoft.TestPlatform.Extensions.BlameDataCollector.dll'.
TpTrace Information: 0 : 14972, 2, 2026/07/20, 20:50:28.093, 488169679354, vstest.console.dll, AssemblyResolver.TrackProvidedDependency: Resolved 'Microsoft.TestPlatform.Extensions.BlameDataCollector' from 'C:\Program Files\dotnet\sdk\10.0.400-preview.0.26322.102\Extensions' for 'unknown'.
TpTrace Information: 0 : 14972, 2, 2026/07/20, 20:50:28.093, 488169680667, vstest.console.dll, AssemblyResolver.OnResolve: Resolved assembly: Microsoft.TestPlatform.Extensions.BlameDataCollector, from path: C:\Program Files\dotnet\sdk\10.0.400-preview.0.26322.102\Extensions\Microsoft.TestPlatform.Extensions.BlameDataCollector.dll
TpTrace Verbose: 0 : 14972, 2, 2026/07/20, 20:50:28.093, 488169681742, vstest.console.dll, MetadataReaderExtensionsHelper: Discovering extensions inside assembly 'Microsoft.TestPlatform.Extensions.BlameDataCollector, Version=15.0.0.0, Culture=neutral, PublicKeyToken=b03f5f7f11d50a3a' file path 'C:\Program Files\dotnet\sdk\10.0.400-preview.0.26322.102\Extensions\Microsoft.TestPlatform.Extensions.BlameDataCollector.dll'
TpTrace Information: 0 : 14972, 2, 2026/07/20, 20:50:28.099, 488169734606, vstest.console.dll, AssemblyResolver.OnResolve: Microsoft.TestPlatform.Extensions.EventLogCollector: Resolving assembly.
TpTrace Information: 0 : 14972, 2, 2026/07/20, 20:50:28.099, 488169737023, vstest.console.dll, AssemblyResolver.OnResolve: Microsoft.TestPlatform.Extensions.EventLogCollector: Searching in: 'C:\Program Files\dotnet\sdk\10.0.400-preview.0.26322.102\Extensions'.
TpTrace Information: 0 : 14972, 2, 2026/07/20, 20:50:28.101, 488169757116, vstest.console.dll, AssemblyResolver.OnResolve: Microsoft.TestPlatform.Extensions.EventLogCollector: Loading assembly 'C:\Program Files\dotnet\sdk\10.0.400-preview.0.26322.102\Extensions\Microsoft.TestPlatform.Extensions.EventLogCollector.dll'.
TpTrace Information: 0 : 14972, 2, 2026/07/20, 20:50:28.102, 488169771172, vstest.console.dll, AssemblyResolver.TrackProvidedDependency: Resolved 'Microsoft.TestPlatform.Extensions.EventLogCollector' from 'C:\Program Files\dotnet\sdk\10.0.400-preview.0.26322.102\Extensions' for 'unknown'.
TpTrace Information: 0 : 14972, 2, 2026/07/20, 20:50:28.102, 488169772552, vstest.console.dll, AssemblyResolver.OnResolve: Resolved assembly: Microsoft.TestPlatform.Extensions.EventLogCollector, from path: C:\Program Files\dotnet\sdk\10.0.400-preview.0.26322.102\Extensions\Microsoft.TestPlatform.Extensions.EventLogCollector.dll
TpTrace Verbose: 0 : 14972, 2, 2026/07/20, 20:50:28.102, 488169773862, vstest.console.dll, MetadataReaderExtensionsHelper: Discovering extensions inside assembly 'Microsoft.TestPlatform.Extensions.EventLogCollector, Version=15.0.0.0, Culture=neutral, PublicKeyToken=b03f5f7f11d50a3a' file path 'C:\Program Files\dotnet\sdk\10.0.400-preview.0.26322.102\Extensions\Microsoft.TestPlatform.Extensions.EventLogCollector.dll'
TpTrace Information: 0 : 14972, 2, 2026/07/20, 20:50:28.109, 488169836660, vstest.console.dll, AssemblyResolver.OnResolve: Microsoft.TestPlatform.TestHostRuntimeProvider: Resolving assembly.
TpTrace Information: 0 : 14972, 2, 2026/07/20, 20:50:28.109, 488169837960, vstest.console.dll, AssemblyResolver.OnResolve: Microsoft.TestPlatform.TestHostRuntimeProvider: Searching in: 'C:\Program Files\dotnet\sdk\10.0.400-preview.0.26322.102\Extensions'.
TpTrace Information: 0 : 14972, 2, 2026/07/20, 20:50:28.110, 488169847932, vstest.console.dll, AssemblyResolver.OnResolve: Microsoft.TestPlatform.TestHostRuntimeProvider: Loading assembly 'C:\Program Files\dotnet\sdk\10.0.400-preview.0.26322.102\Extensions\Microsoft.TestPlatform.TestHostRuntimeProvider.dll'.
TpTrace Information: 0 : 14972, 2, 2026/07/20, 20:50:28.111, 488169861808, vstest.console.dll, AssemblyResolver.TrackProvidedDependency: Resolved 'Microsoft.TestPlatform.TestHostRuntimeProvider' from 'C:\Program Files\dotnet\sdk\10.0.400-preview.0.26322.102\Extensions' for 'unknown'.
TpTrace Information: 0 : 14972, 2, 2026/07/20, 20:50:28.111, 488169863154, vstest.console.dll, AssemblyResolver.OnResolve: Resolved assembly: Microsoft.TestPlatform.TestHostRuntimeProvider, from path: C:\Program Files\dotnet\sdk\10.0.400-preview.0.26322.102\Extensions\Microsoft.TestPlatform.TestHostRuntimeProvider.dll
TpTrace Verbose: 0 : 14972, 2, 2026/07/20, 20:50:28.112, 488169864197, vstest.console.dll, MetadataReaderExtensionsHelper: Discovering extensions inside assembly 'Microsoft.TestPlatform.TestHostRuntimeProvider, Version=15.0.0.0, Culture=neutral, PublicKeyToken=b03f5f7f11d50a3a' file path 'C:\Program Files\dotnet\sdk\10.0.400-preview.0.26322.102\Extensions\Microsoft.TestPlatform.TestHostRuntimeProvider.dll'
TpTrace Information: 0 : 14972, 2, 2026/07/20, 20:50:28.117, 488169919128, vstest.console.dll, GetTestExtensionFromType: Register extension with identifier data 'HostProvider://DefaultTestHost' and type 'Microsoft.VisualStudio.TestPlatform.CrossPlatEngine.Hosting.DefaultTestHostManager, Microsoft.TestPlatform.TestHostRuntimeProvider, Version=15.0.0.0, Culture=neutral, PublicKeyToken=b03f5f7f11d50a3a' inside file 'C:\Program Files\dotnet\sdk\10.0.400-preview.0.26322.102\Extensions\Microsoft.TestPlatform.TestHostRuntimeProvider.dll'
TpTrace Information: 0 : 14972, 2, 2026/07/20, 20:50:28.118, 488169925762, vstest.console.dll, GetTestExtensionFromType: Register extension with identifier data 'HostProvider://DotnetTestHost' and type 'Microsoft.VisualStudio.TestPlatform.CrossPlatEngine.Hosting.DotnetTestHostManager, Microsoft.TestPlatform.TestHostRuntimeProvider, Version=15.0.0.0, Culture=neutral, PublicKeyToken=b03f5f7f11d50a3a' inside file 'C:\Program Files\dotnet\sdk\10.0.400-preview.0.26322.102\Extensions\Microsoft.TestPlatform.TestHostRuntimeProvider.dll'
TpTrace Information: 0 : 14972, 2, 2026/07/20, 20:50:28.118, 488169927440, vstest.console.dll, AssemblyResolver.OnResolve: Microsoft.VisualStudio.TestPlatform.Extensions.Html.TestLogger: Resolving assembly.
TpTrace Information: 0 : 14972, 2, 2026/07/20, 20:50:28.118, 488169927954, vstest.console.dll, AssemblyResolver.OnResolve: Microsoft.VisualStudio.TestPlatform.Extensions.Html.TestLogger: Searching in: 'C:\Program Files\dotnet\sdk\10.0.400-preview.0.26322.102\Extensions'.
TpTrace Information: 0 : 14972, 2, 2026/07/20, 20:50:28.119, 488169938210, vstest.console.dll, AssemblyResolver.OnResolve: Microsoft.VisualStudio.TestPlatform.Extensions.Html.TestLogger: Loading assembly 'C:\Program Files\dotnet\sdk\10.0.400-preview.0.26322.102\Extensions\Microsoft.VisualStudio.TestPlatform.Extensions.Html.TestLogger.dll'.
TpTrace Information: 0 : 14972, 2, 2026/07/20, 20:50:28.120, 488169949364, vstest.console.dll, AssemblyResolver.TrackProvidedDependency: Resolved 'Microsoft.VisualStudio.TestPlatform.Extensions.Html.TestLogger' from 'C:\Program Files\dotnet\sdk\10.0.400-preview.0.26322.102\Extensions' for 'unknown'.
TpTrace Information: 0 : 14972, 2, 2026/07/20, 20:50:28.120, 488169950734, vstest.console.dll, AssemblyResolver.OnResolve: Resolved assembly: Microsoft.VisualStudio.TestPlatform.Extensions.Html.TestLogger, from path: C:\Program Files\dotnet\sdk\10.0.400-preview.0.26322.102\Extensions\Microsoft.VisualStudio.TestPlatform.Extensions.Html.TestLogger.dll
TpTrace Verbose: 0 : 14972, 2, 2026/07/20, 20:50:28.120, 488169951938, vstest.console.dll, MetadataReaderExtensionsHelper: Discovering extensions inside assembly 'Microsoft.VisualStudio.TestPlatform.Extensions.Html.TestLogger, Version=15.0.0.0, Culture=neutral, PublicKeyToken=b03f5f7f11d50a3a' file path 'C:\Program Files\dotnet\sdk\10.0.400-preview.0.26322.102\Extensions\Microsoft.VisualStudio.TestPlatform.Extensions.Html.TestLogger.dll'
TpTrace Information: 0 : 14972, 2, 2026/07/20, 20:50:28.122, 488169969809, vstest.console.dll, AssemblyResolver.OnResolve: Microsoft.VisualStudio.TestPlatform.Extensions.Trx.TestLogger: Resolving assembly.
TpTrace Information: 0 : 14972, 2, 2026/07/20, 20:50:28.122, 488169971620, vstest.console.dll, AssemblyResolver.OnResolve: Microsoft.VisualStudio.TestPlatform.Extensions.Trx.TestLogger: Searching in: 'C:\Program Files\dotnet\sdk\10.0.400-preview.0.26322.102\Extensions'.
TpTrace Information: 0 : 14972, 2, 2026/07/20, 20:50:28.124, 488169986298, vstest.console.dll, AssemblyResolver.OnResolve: Microsoft.VisualStudio.TestPlatform.Extensions.Trx.TestLogger: Loading assembly 'C:\Program Files\dotnet\sdk\10.0.400-preview.0.26322.102\Extensions\Microsoft.VisualStudio.TestPlatform.Extensions.Trx.TestLogger.dll'.
TpTrace Information: 0 : 14972, 2, 2026/07/20, 20:50:28.125, 488170002278, vstest.console.dll, AssemblyResolver.TrackProvidedDependency: Resolved 'Microsoft.VisualStudio.TestPlatform.Extensions.Trx.TestLogger' from 'C:\Program Files\dotnet\sdk\10.0.400-preview.0.26322.102\Extensions' for 'unknown'.
TpTrace Information: 0 : 14972, 2, 2026/07/20, 20:50:28.125, 488170003616, vstest.console.dll, AssemblyResolver.OnResolve: Resolved assembly: Microsoft.VisualStudio.TestPlatform.Extensions.Trx.TestLogger, from path: C:\Program Files\dotnet\sdk\10.0.400-preview.0.26322.102\Extensions\Microsoft.VisualStudio.TestPlatform.Extensions.Trx.TestLogger.dll
TpTrace Verbose: 0 : 14972, 2, 2026/07/20, 20:50:28.126, 488170004468, vstest.console.dll, MetadataReaderExtensionsHelper: Discovering extensions inside assembly 'Microsoft.VisualStudio.TestPlatform.Extensions.Trx.TestLogger, Version=15.0.0.0, Culture=neutral, PublicKeyToken=b03f5f7f11d50a3a' file path 'C:\Program Files\dotnet\sdk\10.0.400-preview.0.26322.102\Extensions\Microsoft.VisualStudio.TestPlatform.Extensions.Trx.TestLogger.dll'
TpTrace Verbose: 0 : 14972, 2, 2026/07/20, 20:50:28.129, 488170038728, vstest.console.dll, TestPluginCache: Discovered the extensions using extension path ''.
TpTrace Verbose: 0 : 14972, 2, 2026/07/20, 20:50:28.129, 488170041068, vstest.console.dll, TestPluginCache: Discoverers are ''.
TpTrace Verbose: 0 : 14972, 2, 2026/07/20, 20:50:28.129, 488170041685, vstest.console.dll, TestPluginCache: Executors are ''.
TpTrace Verbose: 0 : 14972, 2, 2026/07/20, 20:50:28.129, 488170042328, vstest.console.dll, TestPluginCache: Executors2 are ''.
TpTrace Verbose: 0 : 14972, 2, 2026/07/20, 20:50:28.129, 488170042815, vstest.console.dll, TestPluginCache: Setting providers are ''.
TpTrace Verbose: 0 : 14972, 2, 2026/07/20, 20:50:28.129, 488170043312, vstest.console.dll, TestPluginCache: Loggers are ''.
TpTrace Verbose: 0 : 14972, 2, 2026/07/20, 20:50:28.130, 488170053160, vstest.console.dll, TestPluginCache: TestHosts are 'HostProvider://DefaultTestHost,HostProvider://DotnetTestHost'.
TpTrace Verbose: 0 : 14972, 2, 2026/07/20, 20:50:28.131, 488170055089, vstest.console.dll, TestPluginCache: DataCollectors are ''.
TpTrace Information: 0 : 14972, 2, 2026/07/20, 20:50:28.163, 488170381044, vstest.console.dll, RunTestsArgumentProcessor:Execute: Test run is starting.
TpTrace Verbose: 0 : 14972, 2, 2026/07/20, 20:50:28.164, 488170384186, vstest.console.dll, RunTestsArgumentProcessor:Execute: Queuing Test run.
TpTrace Information: 0 : 14972, 2, 2026/07/20, 20:50:28.164, 488170391451, vstest.console.dll, TestRequestManager.RunTests: run tests started.
TpTrace Information: 0 : 14972, 2, 2026/07/20, 20:50:28.169, 488170435212, vstest.console.dll, AssemblyMetadataProvider.GetFrameworkName: Determined framework:'.NETCoreApp,Version=v10.0' for source: 'C:\Integral2u\source\repos\SharpMind\SharpMind.Tests\bin\Debug\net10.0\SharpMind.Tests.dll'
TpTrace Information: 0 : 14972, 2, 2026/07/20, 20:50:28.169, 488170439209, vstest.console.dll, Determined framework for all sources: .NETCoreApp,Version=v10.0
TpTrace Verbose: 0 : 14972, 2, 2026/07/20, 20:50:28.173, 488170483539, vstest.console.dll, TestRequestManager.UpdateRunSettingsIfRequired: Default architecture: X64 IsDefaultTargetArchitecture: True, Current process architecture: X64 OperatingSystem: Windows.
TpTrace Information: 0 : 14972, 2, 2026/07/20, 20:50:28.177, 488170519281, vstest.console.dll, AssemblyMetadataProvider.GetArchitecture: Determined architecture:AnyCPU info for assembly: C:\Integral2u\source\repos\SharpMind\SharpMind.Tests\bin\Debug\net10.0\SharpMind.Tests.dll
TpTrace Information: 0 : 14972, 2, 2026/07/20, 20:50:28.177, 488170520710, vstest.console.dll, Determined platform for source 'C:\Integral2u\source\repos\SharpMind\SharpMind.Tests\bin\Debug\net10.0\SharpMind.Tests.dll' was AnyCPU and it will use the default plaform X64.
TpTrace Information: 0 : 14972, 2, 2026/07/20, 20:50:28.177, 488170521452, vstest.console.dll, None of the sources provided any runnable platform, using the default platform: X64
TpTrace Information: 0 : 14972, 2, 2026/07/20, 20:50:28.178, 488170524298, vstest.console.dll, Platform was updated to 'X64'.
TpTrace Information: 0 : 14972, 2, 2026/07/20, 20:50:28.187, 488170617993, vstest.console.dll, Compatible sources list: 
TpTrace Information: 0 : 14972, 2, 2026/07/20, 20:50:28.187, 488170619841, vstest.console.dll, C:\Integral2u\source\repos\SharpMind\SharpMind.Tests\bin\Debug\net10.0\SharpMind.Tests.dll
TpTrace Information: 0 : 14972, 2, 2026/07/20, 20:50:28.193, 488170682824, vstest.console.dll, InferRunSettingsHelper.IsTestSettingsEnabled: Unable to navigate to RunSettings/MSTest. Current node: RunSettings
TpTrace Information: 0 : 14972, 2, 2026/07/20, 20:50:28.194, 488170694044, vstest.console.dll, AssemblyResolver.OnResolve: Microsoft.VisualStudio.TestPlatform.Fakes: Resolving assembly.
TpTrace Information: 0 : 14972, 2, 2026/07/20, 20:50:28.195, 488170695150, vstest.console.dll, AssemblyResolver.OnResolve: Microsoft.VisualStudio.TestPlatform.Fakes: Searching in: 'C:\Program Files\dotnet\sdk\10.0.400-preview.0.26322.102\Extensions'.
TpTrace Information: 0 : 14972, 2, 2026/07/20, 20:50:28.195, 488170697071, vstest.console.dll, AssemblyResolver.OnResolve: Microsoft.VisualStudio.TestPlatform.Fakes: Assembly path does not exist: 'C:\Program Files\dotnet\sdk\10.0.400-preview.0.26322.102\Extensions\Microsoft.VisualStudio.TestPlatform.Fakes.dll', returning.
TpTrace Information: 0 : 14972, 2, 2026/07/20, 20:50:28.195, 488170698544, vstest.console.dll, AssemblyResolver.OnResolve: Microsoft.VisualStudio.TestPlatform.Fakes: Assembly path does not exist: 'C:\Program Files\dotnet\sdk\10.0.400-preview.0.26322.102\Extensions\Microsoft.VisualStudio.TestPlatform.Fakes.exe', returning.
TpTrace Information: 0 : 14972, 2, 2026/07/20, 20:50:28.195, 488170699088, vstest.console.dll, AssemblyResolver.OnResolve: Microsoft.VisualStudio.TestPlatform.Fakes: Searching in: 'C:\Program Files\dotnet\sdk\10.0.400-preview.0.26322.102'.
TpTrace Information: 0 : 14972, 2, 2026/07/20, 20:50:28.195, 488170700388, vstest.console.dll, AssemblyResolver.OnResolve: Microsoft.VisualStudio.TestPlatform.Fakes: Assembly path does not exist: 'C:\Program Files\dotnet\sdk\10.0.400-preview.0.26322.102\Microsoft.VisualStudio.TestPlatform.Fakes.dll', returning.
TpTrace Information: 0 : 14972, 2, 2026/07/20, 20:50:28.195, 488170703655, vstest.console.dll, AssemblyResolver.OnResolve: Microsoft.VisualStudio.TestPlatform.Fakes: Assembly path does not exist: 'C:\Program Files\dotnet\sdk\10.0.400-preview.0.26322.102\Microsoft.VisualStudio.TestPlatform.Fakes.exe', returning.
TpTrace Information: 0 : 14972, 2, 2026/07/20, 20:50:28.196, 488170704546, vstest.console.dll, AssemblyResolver.OnResolve: Microsoft.VisualStudio.TestPlatform.Fakes: Failed to load assembly.
TpTrace Information: 0 : 14972, 2, 2026/07/20, 20:50:28.198, 488170734063, vstest.console.dll, Failed to load assembly Microsoft.VisualStudio.TestPlatform.Fakes, Version=18.0.0.0, Culture=neutral. Reason:System.IO.FileNotFoundException: Could not load file or assembly 'Microsoft.VisualStudio.TestPlatform.Fakes, Version=18.0.0.0, Culture=neutral, PublicKeyToken=null'. The system cannot find the file specified.
File name: 'Microsoft.VisualStudio.TestPlatform.Fakes, Version=18.0.0.0, Culture=neutral, PublicKeyToken=null'
   at System.Reflection.RuntimeAssembly.InternalLoad(AssemblyName assemblyName, StackCrawlMark& stackMark, AssemblyLoadContext assemblyLoadContext, RuntimeAssembly requestingAssembly, Boolean throwOnFileNotFound)
   at System.Reflection.Assembly.Load(AssemblyName assemblyRef)
   at Microsoft.VisualStudio.TestPlatform.Common.Utilities.FakesUtilities.LoadTestPlatformAssembly() in /_/src/vstest/src/Microsoft.TestPlatform.Common/Utilities/FakesUtilities.cs:line 200
TpTrace Verbose: 0 : 14972, 2, 2026/07/20, 20:50:28.202, 488170768324, vstest.console.dll, TestPluginCache: Update extensions started. Skip filter = False
TpTrace Verbose: 0 : 14972, 2, 2026/07/20, 20:50:28.207, 488170814227, vstest.console.dll, TestPluginCache: Using directories for assembly resolution 'C:\Users\tarra\.nuget\packages\coverlet.collector\10.0.0\build\net10.0'.
TpTrace Verbose: 0 : 14972, 2, 2026/07/20, 20:50:28.207, 488170815617, vstest.console.dll, TestPluginCache: Updated the available extensions to 'C:\Users\tarra\.nuget\packages\coverlet.collector\10.0.0\build\net10.0\coverlet.collector.dll'.
TpTrace Verbose: 0 : 14972, 2, 2026/07/20, 20:50:28.235, 488171098139, vstest.console.dll, TestEngine: Initializing Parallel Execution as MaxCpuCount is set to: 1
TpTrace Information: 0 : 14972, 2, 2026/07/20, 20:50:28.237, 488171121214, vstest.console.dll, TestPluginManager.CreateTestExtension: Attempting to load test extension: Microsoft.VisualStudio.TestPlatform.CrossPlatEngine.Hosting.DefaultTestHostManager
TpTrace Information: 0 : 14972, 2, 2026/07/20, 20:50:28.239, 488171134423, vstest.console.dll, TestPluginManager.CreateTestExtension: Attempting to load test extension: Microsoft.VisualStudio.TestPlatform.CrossPlatEngine.Hosting.DotnetTestHostManager
TpTrace Verbose: 0 : 14972, 2, 2026/07/20, 20:50:28.239, 488171138945, vstest.console.dll, TestHostManagerCallbacks.ctor: Forwarding output is enabled.
TpTrace Information: 0 : 14972, 2, 2026/07/20, 20:50:28.240, 488171145839, vstest.console.dll, InferRunSettingsHelper.IsTestSettingsEnabled: Unable to navigate to RunSettings/MSTest. Current node: RunSettings
TpTrace Verbose: 0 : 14972, 2, 2026/07/20, 20:50:28.241, 488171160390, vstest.console.dll, ParallelOperationManager.ClearSlots: Clearing all slots. Slots should accept more work: True
TpTrace Verbose: 0 : 14972, 2, 2026/07/20, 20:50:28.244, 488171186465, vstest.console.dll, ParallelOperationManager.SetOccupiedSlotCount: Setting slot counts AvailableSlotCount = 1, OccupiedSlotCount = 0.
TpTrace Verbose: 0 : 14972, 2, 2026/07/20, 20:50:28.245, 488171194216, vstest.console.dll, Occupied slots:

TpTrace Verbose: 0 : 14972, 2, 2026/07/20, 20:50:28.255, 488171302252, vstest.console.dll, TestEngine.GetExecutionManager: Chosen execution manager 'Microsoft.VisualStudio.TestPlatform.CrossPlatEngine.Client.Parallel.ParallelProxyExecutionManager, Microsoft.TestPlatform.CrossPlatEngine, Version=15.0.0.0, Culture=neutral, PublicKeyToken=b03f5f7f11d50a3a' ParallelLevel '1'.
TpTrace Verbose: 0 : 14972, 2, 2026/07/20, 20:50:28.256, 488171306124, vstest.console.dll, TestPlatform.GetSkipDefaultAdapters: Not skipping default adapters SkipDefaultAdapters was false.
TpTrace Verbose: 0 : 14972, 2, 2026/07/20, 20:50:28.256, 488171308097, vstest.console.dll, TestRunRequest.ExecuteAsync: Creating test run request.
TpTrace Verbose: 0 : 14972, 2, 2026/07/20, 20:50:28.257, 488171317102, vstest.console.dll, TestRunRequest.ExecuteAsync: Starting.
TpTrace Information: 0 : 14972, 2, 2026/07/20, 20:50:28.257, 488171321591, vstest.console.dll, TestRunRequest.ExecuteAsync: Starting run with settings:TestRunCriteria:
   KeepAlive=False,FrequencyOfRunStatsChangeEvent=10,RunStatsChangeEventTimeout=00:00:01.5000000,TestCaseFilter=,TestExecutorLauncher=
   Settingsxml=<RunSettings>
  <RunConfiguration>
    <ResultsDirectory>C:\Integral2u\source\repos\SharpMind\SharpMind.Tests\TestResults</ResultsDirectory>
    <TargetPlatform>X64</TargetPlatform>
    <TargetFrameworkVersion>.NETCoreApp,Version=v10.0</TargetFrameworkVersion>
    <TestAdaptersPaths>C:\Users\tarra\.nuget\packages\coverlet.collector\10.0.0\build\net10.0\</TestAdaptersPaths>
    <DesignMode>False</DesignMode>
    <CollectSourceInformation>False</CollectSourceInformation>
  </RunConfiguration>
  <LoggerRunSettings>
    <Loggers>
      <Logger friendlyName="Console" assemblyQualifiedName="Microsoft.VisualStudio.TestPlatform.CommandLine.Internal.ConsoleLogger, vstest.console, Version=15.0.0.0, Culture=neutral, PublicKeyToken=b03f5f7f11d50a3a" codeBase="C:\Program Files\dotnet\sdk\10.0.400-preview.0.26322.102\vstest.console.dll" enabled="True">
        <Configuration>
          <Verbosity>minimal</Verbosity>
        </Configuration>
      </Logger>
    </Loggers>
  </LoggerRunSettings>
</RunSettings>

TpTrace Verbose: 0 : 14972, 2, 2026/07/20, 20:50:28.257, 488171322340, vstest.console.dll, TestRunRequest.ExecuteAsync: Wait for the first run request is over.
TpTrace Verbose: 0 : 14972, 2, 2026/07/20, 20:50:28.258, 488171326732, vstest.console.dll, MulticastDelegateUtilities.SafeInvoke: TestRun.TestRunStart: Invoking callbacks was skipped because there are no subscribers.
TpTrace Verbose: 0 : 14972, 4, 2026/07/20, 20:50:28.258, 488171332294, vstest.console.dll, MulticastDelegateUtilities.SafeInvoke: InternalTestLoggerEvents.SendTestRunStart: Invoking callback 1/1 for Microsoft.VisualStudio.TestPlatform.CommandLine.Internal.ConsoleLogger., took 0 ms.
TpTrace Verbose: 0 : 14972, 2, 2026/07/20, 20:50:28.260, 488171345371, vstest.console.dll, ParallelProxyExecutionManager: Start execution. Total sources: 1
TpTrace Verbose: 0 : 14972, 2, 2026/07/20, 20:50:28.260, 488171351857, vstest.console.dll, ParallelOperationManager.StartWork: Starting adding 1 workloads.
TpTrace Verbose: 0 : 14972, 2, 2026/07/20, 20:50:28.260, 488171353432, vstest.console.dll, ParallelOperationManager.ClearSlots: Clearing all slots. Slots should accept more work: True
TpTrace Verbose: 0 : 14972, 2, 2026/07/20, 20:50:28.261, 488171354639, vstest.console.dll, ParallelOperationManager.SetOccupiedSlotCount: Setting slot counts AvailableSlotCount = 1, OccupiedSlotCount = 0.
TpTrace Verbose: 0 : 14972, 2, 2026/07/20, 20:50:28.261, 488171355367, vstest.console.dll, Occupied slots:

TpTrace Verbose: 0 : 14972, 2, 2026/07/20, 20:50:28.267, 488171424053, vstest.console.dll, TestHostManagerCallbacks.ctor: Forwarding output is enabled.
TpTrace Verbose: 0 : 14972, 2, 2026/07/20, 20:50:28.268, 488171430055, vstest.console.dll, TestRequestSender is acting as server.
TpTrace Verbose: 0 : 14972, 2, 2026/07/20, 20:50:28.269, 488171436655, vstest.console.dll, ParallelOperationManager.RunWorkInParallel: Adding 1 workload to slot, remaining workloads 0.
TpTrace Verbose: 0 : 14972, 2, 2026/07/20, 20:50:28.269, 488171438012, vstest.console.dll, ParallelOperationManager.SetOccupiedSlotCount: Setting slot counts AvailableSlotCount = 0, OccupiedSlotCount = 1.
TpTrace Verbose: 0 : 14972, 2, 2026/07/20, 20:50:28.269, 488171441493, vstest.console.dll, Occupied slots:
0: C:\Integral2u\source\repos\SharpMind\SharpMind.Tests\bin\Debug\net10.0\SharpMind.Tests.dll
TpTrace Verbose: 0 : 14972, 2, 2026/07/20, 20:50:28.273, 488171475160, vstest.console.dll, ParallelOperationManager.RunWorkInParallel: Started host in slot number 0 for work (source): C:\Integral2u\source\repos\SharpMind\SharpMind.Tests\bin\Debug\net10.0\SharpMind.Tests.dll.
TpTrace Verbose: 0 : 14972, 2, 2026/07/20, 20:50:28.274, 488171488054, vstest.console.dll, ParallelOperationManager.RunWorkInParallel: We started 1 work items, which is the max parallel level. Won't start more work.
TpTrace Verbose: 0 : 14972, 2, 2026/07/20, 20:50:28.274, 488171489776, vstest.console.dll, ParallelOperationManager.RunWorkInParallel: We started 1 work items in here, returning True.
TpTrace Information: 0 : 14972, 2, 2026/07/20, 20:50:28.274, 488171490562, vstest.console.dll, TestRunRequest.ExecuteAsync: Started.
TpTrace Verbose: 0 : 14972, 2, 2026/07/20, 20:50:28.274, 488171492298, vstest.console.dll, TestRunRequest.WaitForCompletion: Waiting with timeout -1.
TpTrace Verbose: 0 : 14972, 5, 2026/07/20, 20:50:28.275, 488171498912, vstest.console.dll, ParallelProxyExecutionManager.StartTestRunOnConcurrentManager: Initializing uninitialized client. Started clients: 0
TpTrace Verbose: 0 : 14972, 5, 2026/07/20, 20:50:28.275, 488171500233, vstest.console.dll, ParallelProxyExecutionManager.StartTestRunOnConcurrentManager: Initializing test run. Started clients: 0
TpTrace Verbose: 0 : 14972, 5, 2026/07/20, 20:50:28.275, 488171501865, vstest.console.dll, ProxyExecutionManager: Test host is always Lazy initialize.
TpTrace Verbose: 0 : 14972, 5, 2026/07/20, 20:50:28.276, 488171506949, vstest.console.dll, TestRequestSender.InitializeCommunication: initialize communication. 
TpTrace Information: 0 : 14972, 5, 2026/07/20, 20:50:28.302, 488171772226, vstest.console.dll, SocketServer.Start: Listening on endpoint : 127.0.0.1:57595
TpTrace Verbose: 0 : 14972, 5, 2026/07/20, 20:50:28.320, 488171952367, vstest.console.dll, DotnetTestHostmanager.GetTestHostProcessStartInfo: Platform environment 'X64' target architecture 'X64' framework '.NETCoreApp,Version=v10.0' OS 'Windows'
TpTrace Verbose: 0 : 14972, 5, 2026/07/20, 20:50:28.321, 488171955390, vstest.console.dll, DotnetTestHostmanager.LaunchTestHostAsync: VSTEST_DOTNET_ROOT_PATH=C:\Program Files\dotnet
TpTrace Verbose: 0 : 14972, 5, 2026/07/20, 20:50:28.321, 488171956776, vstest.console.dll, DotnetTestHostmanager.LaunchTestHostAsync: VSTEST_DOTNET_ROOT_ARCHITECTURE=X64
TpTrace Verbose: 0 : 14972, 5, 2026/07/20, 20:50:28.321, 488171958932, vstest.console.dll, DotnetTestHostManager.SetDotnetRootForArchitecture: Adding DOTNET_ROOT_X64=C:\Program Files\dotnet to testhost start info.
TpTrace Verbose: 0 : 14972, 5, 2026/07/20, 20:50:28.321, 488171962143, vstest.console.dll, DotnetTestHostmanager: Adding  --runtimeconfig "C:\Integral2u\source\repos\SharpMind\SharpMind.Tests\bin\Debug\net10.0\SharpMind.Tests.runtimeconfig.json" in args
TpTrace Verbose: 0 : 14972, 5, 2026/07/20, 20:50:28.321, 488171963452, vstest.console.dll, DotnetTestHostmanager: Adding  --depsfile "C:\Integral2u\source\repos\SharpMind\SharpMind.Tests\bin\Debug\net10.0\SharpMind.Tests.deps.json" in args
TpTrace Verbose: 0 : 14972, 5, 2026/07/20, 20:50:28.322, 488171967049, vstest.console.dll, DotnetTestHostmanager.IsWinOnArm: Current PROCESSOR_ARCHITECTURE from environment variable 'AMD64'
TpTrace Verbose: 0 : 14972, 5, 2026/07/20, 20:50:28.322, 488171968442, vstest.console.dll, DotnetTestHostmanager.IsWinOnArm: Is Windows on ARM 'False'
TpTrace Verbose: 0 : 14972, 5, 2026/07/20, 20:50:28.322, 488171970392, vstest.console.dll, DotnetTestHostManager: testhost.exe found at path: C:\Integral2u\source\repos\SharpMind\SharpMind.Tests\bin\Debug\net10.0\testhost.exe
TpTrace Verbose: 0 : 14972, 5, 2026/07/20, 20:50:28.322, 488171971361, vstest.console.dll, DotnetTestHostmanager: Full path of host exe is C:\Integral2u\source\repos\SharpMind\SharpMind.Tests\bin\Debug\net10.0\testhost.exe
TpTrace Verbose: 0 : 14972, 5, 2026/07/20, 20:50:28.328, 488172033505, vstest.console.dll, DotnetTestHostManager: Starting process '0' with command line '1' and DOTNET environment: DOTNET_ROOT_X64=C:\Program Files\dotnet, DOTNET_ROOT=C:\Program Files\dotnet 
TpTrace Verbose: 0 : 14972, 5, 2026/07/20, 20:50:28.329, 488172036517, vstest.console.dll, DotnetTestHostManager: Launching testhost with CreateNoWindow=True
TpTrace Verbose: 0 : 14972, 5, 2026/07/20, 20:50:28.376, 488172508326, vstest.console.dll, Test Runtime launched
TpTrace Verbose: 0 : 14972, 5, 2026/07/20, 20:50:28.376, 488172510439, vstest.console.dll, MulticastDelegateUtilities.SafeInvoke: HostProviderEvents.OnHostLaunched: Invoking callback 1/1 for Microsoft.VisualStudio.TestPlatform.CrossPlatEngine.Client.ProxyOperationManager., took 0 ms.
TpTrace Verbose: 0 : 14972, 5, 2026/07/20, 20:50:28.377, 488172517399, vstest.console.dll, TestRequestSender.WaitForRequestHandlerConnection: waiting for connection with timeout: 90000.
TpTrace Verbose: 0 : 14972, 5, 2026/07/20, 20:50:28.866, 488177411253, vstest.console.dll, TestRequestSender.WaitForRequestHandlerConnection: waiting took 489 ms, with timeout 90000 ms, and result 0, which is success.
TpTrace Verbose: 0 : 14972, 11, 2026/07/20, 20:50:28.867, 488177416420, vstest.console.dll, MulticastDelegateUtilities.SafeInvoke: SocketServer: ClientConnected: Invoking callback 1/1 for Microsoft.VisualStudio.TestPlatform.CommunicationUtilities.TestRequestSender., took 0 ms.
TpTrace Verbose: 0 : 14972, 11, 2026/07/20, 20:50:28.867, 488177417853, vstest.console.dll, SocketServer.OnClientConnected: Client connected for endPoint: 127.0.0.1:57595, starting MessageLoopAsync:
TpTrace Verbose: 0 : 14972, 11, 2026/07/20, 20:50:28.868, 488177427875, vstest.console.dll, TcpClientExtensions.MessageLoopAsync: Polling on remoteEndPoint: 127.0.0.1:57596 localEndPoint: 127.0.0.1:57595 after 0 ms
TpTrace Verbose: 0 : 14972, 5, 2026/07/20, 20:50:28.966, 488178413820, vstest.console.dll, TestRequestSender.CheckVersionWithTestHost: Sending check version message: {"MessageType":"ProtocolVersion","Payload":7}
TpTrace Verbose: 0 : 14972, 11, 2026/07/20, 20:50:29.258, 488181327094, vstest.console.dll, TcpClientExtensions.MessageLoopAsync: NotifyDataAvailable remoteEndPoint: 127.0.0.1:57596 localEndPoint: 127.0.0.1:57595
TpTrace Verbose: 0 : 14972, 11, 2026/07/20, 20:50:29.258, 488181332982, vstest.console.dll, TestRequestSender.CheckVersionWithTestHost: onMessageReceived received message: (ProtocolVersion) -> {"MessageType":"ProtocolVersion","Payload":7}
TpTrace Verbose: 0 : 14972, 11, 2026/07/20, 20:50:29.270, 488181452128, vstest.console.dll, MulticastDelegateUtilities.SafeInvoke: LengthPrefixCommunicationChannel: MessageReceived: Invoking callback 1/1 for Microsoft.VisualStudio.TestPlatform.CommunicationUtilities.TestRequestSender+<>c__DisplayClass29_0., took 12 ms.
TpTrace Verbose: 0 : 14972, 11, 2026/07/20, 20:50:29.271, 488181454446, vstest.console.dll, TcpClientExtensions.MessageLoopAsync: Polling on remoteEndPoint: 127.0.0.1:57596 localEndPoint: 127.0.0.1:57595 after 402 ms
TpTrace Verbose: 0 : 14972, 5, 2026/07/20, 20:50:29.271, 488181454475, vstest.console.dll, TestPluginCache.GetExtensionPaths: Filtered extension paths: 
TpTrace Verbose: 0 : 14972, 5, 2026/07/20, 20:50:29.271, 488181456529, vstest.console.dll, TestPluginCache.GetExtensionPaths: Added default extension paths: C:\Program Files\dotnet\sdk\10.0.400-preview.0.26322.102\Extensions\Microsoft.Diagnostics.NETCore.Client.dll
C:\Program Files\dotnet\sdk\10.0.400-preview.0.26322.102\Extensions\Microsoft.TestPlatform.Extensions.BlameDataCollector.dll
C:\Program Files\dotnet\sdk\10.0.400-preview.0.26322.102\Extensions\Microsoft.TestPlatform.Extensions.EventLogCollector.dll
C:\Program Files\dotnet\sdk\10.0.400-preview.0.26322.102\Extensions\Microsoft.TestPlatform.TestHostRuntimeProvider.dll
C:\Program Files\dotnet\sdk\10.0.400-preview.0.26322.102\Extensions\Microsoft.VisualStudio.TestPlatform.Extensions.Html.TestLogger.dll
C:\Program Files\dotnet\sdk\10.0.400-preview.0.26322.102\Extensions\Microsoft.VisualStudio.TestPlatform.Extensions.Trx.TestLogger.dll
TpTrace Verbose: 0 : 14972, 5, 2026/07/20, 20:50:29.271, 488181457634, vstest.console.dll, TestPluginCache.GetExtensionPaths: Added unfilterableExtensionPaths: 
TpTrace Verbose: 0 : 14972, 11, 2026/07/20, 20:50:29.275, 488181500711, vstest.console.dll, TcpClientExtensions.MessageLoopAsync: NotifyDataAvailable remoteEndPoint: 127.0.0.1:57596 localEndPoint: 127.0.0.1:57595
TpTrace Verbose: 0 : 14972, 5, 2026/07/20, 20:50:29.279, 488181541819, vstest.console.dll, TestRequestSender.InitializeExecution: Sending initialize execution with message: {"Version":7,"MessageType":"TestExecution.Initialize","Payload":["C:\\Integral2u\\source\\repos\\SharpMind\\SharpMind.Tests\\bin\\Debug\\net10.0\\xunit.runner.visualstudio.testadapter.dll"]}
TpTrace Verbose: 0 : 14972, 5, 2026/07/20, 20:50:29.282, 488181574206, vstest.console.dll, ParallelProxyExecutionManager.StartTestRunOnConcurrentManager: Execution starting. Started clients: 1
TpTrace Warning: 0 : 14972, 5, 2026/07/20, 20:50:29.284, 488181589837, vstest.console.dll, InferRunSettingsHelper.MakeRunsettingsCompatible: Removing the following settings: TargetPlatform from RunSettings file. To use those settings please move to latest version of Microsoft.NET.Test.Sdk
TpTrace Verbose: 0 : 14972, 11, 2026/07/20, 20:50:29.286, 488181607773, vstest.console.dll, TestRequestSender.OnExecutionMessageReceived: Received message: {"Version":7,"MessageType":"TestSession.Message","Payload":{"MessageLevel":0,"Message":"Logging TestHost Diagnostics in file: C:\\Integral2u\\source\\repos\\SharpMind\\test-results.host.26-07-20_20-50-28_31984_5.txt"}}
TpTrace Verbose: 0 : 14972, 11, 2026/07/20, 20:50:29.293, 488181683609, vstest.console.dll, TestRunRequest:SendTestRunMessage: Starting.
TpTrace Verbose: 0 : 14972, 11, 2026/07/20, 20:50:29.294, 488181687185, vstest.console.dll, MulticastDelegateUtilities.SafeInvoke: TestRun.LogMessages: Invoking callback 1/1 for Microsoft.VisualStudio.TestPlatform.CommandLine.TestRunResultAggregator., took 0 ms.
TpTrace Information: 0 : 14972, 11, 2026/07/20, 20:50:29.294, 488181688215, vstest.console.dll, TestRunRequest:SendTestRunMessage: Completed.
TpTrace Verbose: 0 : 14972, 11, 2026/07/20, 20:50:29.294, 488181689075, vstest.console.dll, MulticastDelegateUtilities.SafeInvoke: LengthPrefixCommunicationChannel: MessageReceived: Invoking callback 1/1 for Microsoft.VisualStudio.TestPlatform.CommunicationUtilities.TestRequestSender+<>c__DisplayClass34_0., took 8 ms.
TpTrace Verbose: 0 : 14972, 11, 2026/07/20, 20:50:29.294, 488181690013, vstest.console.dll, TcpClientExtensions.MessageLoopAsync: Polling on remoteEndPoint: 127.0.0.1:57596 localEndPoint: 127.0.0.1:57595 after 23 ms
TpTrace Verbose: 0 : 14972, 4, 2026/07/20, 20:50:29.294, 488181690640, vstest.console.dll, MulticastDelegateUtilities.SafeInvoke: InternalTestLoggerEvents.SendTestRunMessage: Invoking callback 1/1 for Microsoft.VisualStudio.TestPlatform.CommandLine.Internal.ConsoleLogger., took 0 ms.
TpTrace Verbose: 0 : 14972, 5, 2026/07/20, 20:50:29.307, 488181820658, vstest.console.dll, TestRequestSender.StartTestRun: Sending test run with message: {"Version":7,"MessageType":"TestExecution.StartWithSources","Payload":{"AdapterSourceMap":{"_none_":["C:\\Integral2u\\source\\repos\\SharpMind\\SharpMind.Tests\\bin\\Debug\\net10.0\\SharpMind.Tests.dll"]},"RunSettings":"<RunSettings>\r\n  <RunConfiguration>\r\n    <ResultsDirectory>C:\\Integral2u\\source\\repos\\SharpMind\\SharpMind.Tests\\TestResults</ResultsDirectory>\r\n    <TargetFrameworkVersion>.NETCoreApp,Version=v10.0</TargetFrameworkVersion>\r\n    <TestAdaptersPaths>C:\\Users\\tarra\\.nuget\\packages\\coverlet.collector\\10.0.0\\build\\net10.0\\</TestAdaptersPaths>\r\n    <DesignMode>False</DesignMode>\r\n    <CollectSourceInformation>False</CollectSourceInformation>\r\n  </RunConfiguration>\r\n  <LoggerRunSettings>\r\n    <Loggers>\r\n      <Logger friendlyName=\"Console\" assemblyQualifiedName=\"Microsoft.VisualStudio.TestPlatform.CommandLine.Internal.ConsoleLogger, vstest.console, Version=15.0.0.0, Culture=neutral, PublicKeyToken=b03f5f7f11d50a3a\" codeBase=\"C:\\Program Files\\dotnet\\sdk\\10.0.400-preview.0.26322.102\\vstest.console.dll\" enabled=\"True\">\r\n        <Configuration>\r\n          <Verbosity>minimal</Verbosity>\r\n        </Configuration>\r\n      </Logger>\r\n    </Loggers>\r\n  </LoggerRunSettings>\r\n</RunSettings>","TestExecutionContext":{"FrequencyOfRunStatsChangeEvent":10,"RunStatsChangeEventTimeout":"00:00:01.5000000","InIsolation":false,"KeepAlive":false,"AreTestCaseLevelEventsRequired":false,"IsDebug":false,"TestCaseFilter":null,"FilterOptions":null},"Package":null}}
TpTrace Verbose: 0 : 14972, 5, 2026/07/20, 20:50:29.307, 488181823468, vstest.console.dll, ParallelProxyExecutionManager.StartTestRunOnConcurrentManager: Execution started. Started clients: 1
TpTrace Verbose: 0 : 14972, 11, 2026/07/20, 20:50:30.308, 488191833206, vstest.console.dll, TcpClientExtensions.MessageLoopAsync: Polling on remoteEndPoint: 127.0.0.1:57596 localEndPoint: 127.0.0.1:57595 after 1014 ms
TpTrace Verbose: 0 : 14972, 11, 2026/07/20, 20:50:30.669, 488195442389, vstest.console.dll, TcpClientExtensions.MessageLoopAsync: NotifyDataAvailable remoteEndPoint: 127.0.0.1:57596 localEndPoint: 127.0.0.1:57595
TpTrace Verbose: 0 : 14972, 11, 2026/07/20, 20:50:30.670, 488195444765, vstest.console.dll, TestRequestSender.OnExecutionMessageReceived: Received message: {"Version":7,"MessageType":"TestSession.Message","Payload":{"MessageLevel":0,"Message":"[xUnit.net 00:00:00.00] xUnit.net VSTest Adapter v3.1.5+1b188a7b0a (64-bit .NET 10.0.9)"}}
TpTrace Verbose: 0 : 14972, 11, 2026/07/20, 20:50:30.670, 488195448731, vstest.console.dll, TestRunRequest:SendTestRunMessage: Starting.
TpTrace Verbose: 0 : 14972, 11, 2026/07/20, 20:50:30.670, 488195450613, vstest.console.dll, MulticastDelegateUtilities.SafeInvoke: TestRun.LogMessages: Invoking callback 1/1 for Microsoft.VisualStudio.TestPlatform.CommandLine.TestRunResultAggregator., took 0 ms.
TpTrace Verbose: 0 : 14972, 4, 2026/07/20, 20:50:30.670, 488195450810, vstest.console.dll, MulticastDelegateUtilities.SafeInvoke: InternalTestLoggerEvents.SendTestRunMessage: Invoking callback 1/1 for Microsoft.VisualStudio.TestPlatform.CommandLine.Internal.ConsoleLogger., took 0 ms.
TpTrace Information: 0 : 14972, 11, 2026/07/20, 20:50:30.670, 488195452126, vstest.console.dll, TestRunRequest:SendTestRunMessage: Completed.
TpTrace Verbose: 0 : 14972, 11, 2026/07/20, 20:50:30.670, 488195453949, vstest.console.dll, MulticastDelegateUtilities.SafeInvoke: LengthPrefixCommunicationChannel: MessageReceived: Invoking callback 1/1 for Microsoft.VisualStudio.TestPlatform.CommunicationUtilities.TestRequestSender+<>c__DisplayClass34_0., took 0 ms.
TpTrace Verbose: 0 : 14972, 11, 2026/07/20, 20:50:30.671, 488195454934, vstest.console.dll, TcpClientExtensions.MessageLoopAsync: Polling on remoteEndPoint: 127.0.0.1:57596 localEndPoint: 127.0.0.1:57595 after 361 ms
TpTrace Verbose: 0 : 14972, 11, 2026/07/20, 20:50:31.673, 488205479001, vstest.console.dll, TcpClientExtensions.MessageLoopAsync: Polling on remoteEndPoint: 127.0.0.1:57596 localEndPoint: 127.0.0.1:57595 after 1002 ms
TpTrace Verbose: 0 : 14972, 11, 2026/07/20, 20:50:32.683, 488215581605, vstest.console.dll, TcpClientExtensions.MessageLoopAsync: Polling on remoteEndPoint: 127.0.0.1:57596 localEndPoint: 127.0.0.1:57595 after 1010 ms
TpTrace Verbose: 0 : 14972, 11, 2026/07/20, 20:50:33.103, 488219774582, vstest.console.dll, TcpClientExtensions.MessageLoopAsync: NotifyDataAvailable remoteEndPoint: 127.0.0.1:57596 localEndPoint: 127.0.0.1:57595
TpTrace Verbose: 0 : 14972, 11, 2026/07/20, 20:50:33.103, 488219776505, vstest.console.dll, TestRequestSender.OnExecutionMessageReceived: Received message: {"Version":7,"MessageType":"TestSession.Message","Payload":{"MessageLevel":0,"Message":"[xUnit.net 00:00:02.44]   Discovering: SharpMind.Tests"}}
TpTrace Verbose: 0 : 14972, 11, 2026/07/20, 20:50:33.103, 488219778142, vstest.console.dll, TestRunRequest:SendTestRunMessage: Starting.
TpTrace Verbose: 0 : 14972, 11, 2026/07/20, 20:50:33.103, 488219779592, vstest.console.dll, MulticastDelegateUtilities.SafeInvoke: TestRun.LogMessages: Invoking callback 1/1 for Microsoft.VisualStudio.TestPlatform.CommandLine.TestRunResultAggregator., took 0 ms.
TpTrace Verbose: 0 : 14972, 4, 2026/07/20, 20:50:33.103, 488219779722, vstest.console.dll, MulticastDelegateUtilities.SafeInvoke: InternalTestLoggerEvents.SendTestRunMessage: Invoking callback 1/1 for Microsoft.VisualStudio.TestPlatform.CommandLine.Internal.ConsoleLogger., took 0 ms.
TpTrace Information: 0 : 14972, 11, 2026/07/20, 20:50:33.103, 488219780647, vstest.console.dll, TestRunRequest:SendTestRunMessage: Completed.
TpTrace Verbose: 0 : 14972, 11, 2026/07/20, 20:50:33.103, 488219781931, vstest.console.dll, MulticastDelegateUtilities.SafeInvoke: LengthPrefixCommunicationChannel: MessageReceived: Invoking callback 1/1 for Microsoft.VisualStudio.TestPlatform.CommunicationUtilities.TestRequestSender+<>c__DisplayClass34_0., took 0 ms.
TpTrace Verbose: 0 : 14972, 11, 2026/07/20, 20:50:33.103, 488219782530, vstest.console.dll, TcpClientExtensions.MessageLoopAsync: Polling on remoteEndPoint: 127.0.0.1:57596 localEndPoint: 127.0.0.1:57595 after 419 ms
TpTrace Verbose: 0 : 14972, 11, 2026/07/20, 20:50:34.114, 488229891059, vstest.console.dll, TcpClientExtensions.MessageLoopAsync: Polling on remoteEndPoint: 127.0.0.1:57596 localEndPoint: 127.0.0.1:57595 after 1010 ms
TpTrace Verbose: 0 : 14972, 11, 2026/07/20, 20:50:35.128, 488240030966, vstest.console.dll, TcpClientExtensions.MessageLoopAsync: Polling on remoteEndPoint: 127.0.0.1:57596 localEndPoint: 127.0.0.1:57595 after 1013 ms
TpTrace Verbose: 0 : 14972, 11, 2026/07/20, 20:50:35.129, 488240034774, vstest.console.dll, TcpClientExtensions.MessageLoopAsync: NotifyDataAvailable remoteEndPoint: 127.0.0.1:57596 localEndPoint: 127.0.0.1:57595
TpTrace Verbose: 0 : 14972, 11, 2026/07/20, 20:50:35.129, 488240036306, vstest.console.dll, TestRequestSender.OnExecutionMessageReceived: Received message: {"Version":7,"MessageType":"TestSession.Message","Payload":{"MessageLevel":0,"Message":"[xUnit.net 00:00:04.47]   Discovered:  SharpMind.Tests"}}
TpTrace Verbose: 0 : 14972, 11, 2026/07/20, 20:50:35.129, 488240037999, vstest.console.dll, TestRunRequest:SendTestRunMessage: Starting.
TpTrace Verbose: 0 : 14972, 11, 2026/07/20, 20:50:35.129, 488240039061, vstest.console.dll, MulticastDelegateUtilities.SafeInvoke: TestRun.LogMessages: Invoking callback 1/1 for Microsoft.VisualStudio.TestPlatform.CommandLine.TestRunResultAggregator., took 0 ms.
TpTrace Information: 0 : 14972, 11, 2026/07/20, 20:50:35.129, 488240039638, vstest.console.dll, TestRunRequest:SendTestRunMessage: Completed.
TpTrace Verbose: 0 : 14972, 11, 2026/07/20, 20:50:35.129, 488240043661, vstest.console.dll, MulticastDelegateUtilities.SafeInvoke: LengthPrefixCommunicationChannel: MessageReceived: Invoking callback 1/1 for Microsoft.VisualStudio.TestPlatform.CommunicationUtilities.TestRequestSender+<>c__DisplayClass34_0., took 0 ms.
TpTrace Verbose: 0 : 14972, 11, 2026/07/20, 20:50:35.130, 488240045378, vstest.console.dll, TcpClientExtensions.MessageLoopAsync: Polling on remoteEndPoint: 127.0.0.1:57596 localEndPoint: 127.0.0.1:57595 after 1 ms
TpTrace Verbose: 0 : 14972, 4, 2026/07/20, 20:50:35.131, 488240061339, vstest.console.dll, MulticastDelegateUtilities.SafeInvoke: InternalTestLoggerEvents.SendTestRunMessage: Invoking callback 1/1 for Microsoft.VisualStudio.TestPlatform.CommandLine.Internal.ConsoleLogger., took 0 ms.
TpTrace Verbose: 0 : 14972, 11, 2026/07/20, 20:50:35.283, 488241580083, vstest.console.dll, TcpClientExtensions.MessageLoopAsync: NotifyDataAvailable remoteEndPoint: 127.0.0.1:57596 localEndPoint: 127.0.0.1:57595
TpTrace Verbose: 0 : 14972, 11, 2026/07/20, 20:50:35.283, 488241582623, vstest.console.dll, TestRequestSender.OnExecutionMessageReceived: Received message: {"Version":7,"MessageType":"TestSession.Message","Payload":{"MessageLevel":0,"Message":"[xUnit.net 00:00:04.62]   Starting:    SharpMind.Tests"}}
TpTrace Verbose: 0 : 14972, 11, 2026/07/20, 20:50:35.284, 488241584539, vstest.console.dll, TestRunRequest:SendTestRunMessage: Starting.
TpTrace Verbose: 0 : 14972, 11, 2026/07/20, 20:50:35.284, 488241585567, vstest.console.dll, MulticastDelegateUtilities.SafeInvoke: TestRun.LogMessages: Invoking callback 1/1 for Microsoft.VisualStudio.TestPlatform.CommandLine.TestRunResultAggregator., took 0 ms.
TpTrace Information: 0 : 14972, 11, 2026/07/20, 20:50:35.284, 488241586194, vstest.console.dll, TestRunRequest:SendTestRunMessage: Completed.
TpTrace Verbose: 0 : 14972, 11, 2026/07/20, 20:50:35.284, 488241586731, vstest.console.dll, MulticastDelegateUtilities.SafeInvoke: LengthPrefixCommunicationChannel: MessageReceived: Invoking callback 1/1 for Microsoft.VisualStudio.TestPlatform.CommunicationUtilities.TestRequestSender+<>c__DisplayClass34_0., took 0 ms.
TpTrace Verbose: 0 : 14972, 11, 2026/07/20, 20:50:35.284, 488241587423, vstest.console.dll, TcpClientExtensions.MessageLoopAsync: Polling on remoteEndPoint: 127.0.0.1:57596 localEndPoint: 127.0.0.1:57595 after 154 ms
TpTrace Verbose: 0 : 14972, 4, 2026/07/20, 20:50:35.284, 488241588606, vstest.console.dll, MulticastDelegateUtilities.SafeInvoke: InternalTestLoggerEvents.SendTestRunMessage: Invoking callback 1/1 for Microsoft.VisualStudio.TestPlatform.CommandLine.Internal.ConsoleLogger., took 0 ms.
TpTrace Verbose: 0 : 14972, 11, 2026/07/20, 20:50:35.468, 488243428275, vstest.console.dll, TcpClientExtensions.MessageLoopAsync: NotifyDataAvailable remoteEndPoint: 127.0.0.1:57596 localEndPoint: 127.0.0.1:57595
TpTrace Verbose: 0 : 14972, 11, 2026/07/20, 20:50:35.468, 488243430674, vstest.console.dll, TestRequestSender.OnExecutionMessageReceived: Received message: {"Version":7,"MessageType":"TestExecution.StatsChange","Payload":{"NewTestResults":[],"TestRunStatistics":{"ExecutedTests":0,"Stats":{}},"ActiveTests":[{"Id":"17fee511-8364-a0ba-0462-21067592d629","FullyQualifiedName":"SharpMind.Tests.Data.TextFileSourceTests.SkipsEmptyLines","DisplayName":"SharpMind.Tests.Data.TextFileSourceTests.SkipsEmptyLines","ExecutorUri":"executor://xunit/VsTestRunner3/netcore/","Source":"C:\\Integral2u\\source\\repos\\SharpMind\\SharpMind.Tests\\bin\\Debug\\net10.0\\SharpMind.Tests.dll","CodeFilePath":null,"LineNumber":0,"Properties":[{"Key":{"Id":"TestCase.ManagedType","Label":"ManagedType","Category":"","Description":"","Attributes":1,"ValueType":"System.String"},"Value":"SharpMind.Tests.Data.TextFileSourceTests"},{"Key":{"Id":"TestCase.ManagedMethod","Label":"ManagedMethod","Category":"","Description":"","Attributes":1,"ValueType":"System.String"},"Value":"SkipsEmptyLines"},{"Key":{"Id":"XunitTestCaseUniqueID","Label":"xUnit.net Test Case Unique ID","Category":"","Description":"","Attributes":0,"ValueType":"System.String"},"Value":"09b511849c321e141dbb502dffe12cdac80be26b"},{"Key":{"Id":"XunitTestCaseExplicit","Label":"xUnit.net Test Case Explicit Flag","Category":"","Description":"","Attributes":0,"ValueType":"System.Boolean"},"Value":false}]}]}}
TpTrace Verbose: 0 : 14972, 11, 2026/07/20, 20:50:35.523, 488243981984, vstest.console.dll, TestRunRequest:SendTestRunStatsChange: Starting.
TpTrace Verbose: 0 : 14972, 11, 2026/07/20, 20:50:35.524, 488243984341, vstest.console.dll, InProgress is SharpMind.Tests.Data.TextFileSourceTests.SkipsEmptyLines
TpTrace Verbose: 0 : 14972, 11, 2026/07/20, 20:50:35.524, 488243985835, vstest.console.dll, MulticastDelegateUtilities.SafeInvoke: TestRun.RunStatsChanged: Invoking callbacks was skipped because there are no subscribers.
TpTrace Information: 0 : 14972, 11, 2026/07/20, 20:50:35.524, 488243986556, vstest.console.dll, TestRunRequest:SendTestRunStatsChange: Completed.
TpTrace Verbose: 0 : 14972, 11, 2026/07/20, 20:50:35.524, 488243987304, vstest.console.dll, MulticastDelegateUtilities.SafeInvoke: LengthPrefixCommunicationChannel: MessageReceived: Invoking callback 1/1 for Microsoft.VisualStudio.TestPlatform.CommunicationUtilities.TestRequestSender+<>c__DisplayClass34_0., took 55 ms.
TpTrace Verbose: 0 : 14972, 11, 2026/07/20, 20:50:35.524, 488243988013, vstest.console.dll, TcpClientExtensions.MessageLoopAsync: Polling on remoteEndPoint: 127.0.0.1:57596 localEndPoint: 127.0.0.1:57595 after 240 ms
TpTrace Verbose: 0 : 14972, 11, 2026/07/20, 20:50:36.533, 488254075705, vstest.console.dll, TcpClientExtensions.MessageLoopAsync: Polling on remoteEndPoint: 127.0.0.1:57596 localEndPoint: 127.0.0.1:57595 after 1008 ms
TpTrace Verbose: 0 : 14972, 11, 2026/07/20, 20:50:37.550, 488264244835, vstest.console.dll, TcpClientExtensions.MessageLoopAsync: Polling on remoteEndPoint: 127.0.0.1:57596 localEndPoint: 127.0.0.1:57595 after 1011 ms
TpTrace Verbose: 0 : 14972, 11, 2026/07/20, 20:50:38.561, 488274357368, vstest.console.dll, TcpClientExtensions.MessageLoopAsync: Polling on remoteEndPoint: 127.0.0.1:57596 localEndPoint: 127.0.0.1:57595 after 1011 ms
TpTrace Verbose: 0 : 14972, 11, 2026/07/20, 20:50:39.568, 488284424710, vstest.console.dll, TcpClientExtensions.MessageLoopAsync: Polling on remoteEndPoint: 127.0.0.1:57596 localEndPoint: 127.0.0.1:57595 after 1006 ms
TpTrace Verbose: 0 : 14972, 11, 2026/07/20, 20:50:40.582, 488294572195, vstest.console.dll, TcpClientExtensions.MessageLoopAsync: Polling on remoteEndPoint: 127.0.0.1:57596 localEndPoint: 127.0.0.1:57595 after 1014 ms
TpTrace Verbose: 0 : 14972, 11, 2026/07/20, 20:50:40.825, 488296999115, vstest.console.dll, TcpClientExtensions.MessageLoopAsync: NotifyDataAvailable remoteEndPoint: 127.0.0.1:57596 localEndPoint: 127.0.0.1:57595
TpTrace Verbose: 0 : 14972, 10, 2026/07/20, 20:50:40.826, 488297009057, vstest.console.dll, TestHostManagerCallbacks.StandardOutputReceivedCallback Test host standard output line: 
TpTrace Warning: 0 : 14972, 7, 2026/07/20, 20:50:40.826, 488297009263, vstest.console.dll, TestHostManagerCallbacks.ErrorReceivedCallback Test host standard error line: 
TpTrace Error: 0 : 14972, 11, 2026/07/20, 20:50:40.828, 488297031728, vstest.console.dll, Socket: Message loop: failed to receive message due to socket error System.IO.IOException: Unable to read data from the transport connection: An existing connection was forcibly closed by the remote host..
 ---> System.Net.Sockets.SocketException (10054): An existing connection was forcibly closed by the remote host.
   at System.Net.Sockets.Socket.Receive(Span`1 buffer, SocketFlags socketFlags)
   at System.Net.Sockets.NetworkStream.Read(Span`1 buffer)
   --- End of inner exception stack trace ---
   at System.Net.Sockets.NetworkStream.Read(Span`1 buffer)
   at System.Net.Sockets.NetworkStream.ReadByte()
   at System.IO.BinaryReader.Read7BitEncodedInt()
   at System.IO.BinaryReader.ReadString()
   at Microsoft.VisualStudio.TestPlatform.CommunicationUtilities.LengthPrefixCommunicationChannel.NotifyDataAvailable(CancellationToken cancellationToken) in /_/src/vstest/src/Microsoft.TestPlatform.CommunicationUtilities/LengthPrefixCommunicationChannel.cs:line 90
   at Microsoft.VisualStudio.TestPlatform.CommunicationUtilities.TcpClientExtensions.MessageLoopAsync(TcpClient client, ICommunicationChannel channel, Action`1 errorHandler, CancellationToken cancellationToken) in /_/src/vstest/src/Microsoft.TestPlatform.CommunicationUtilities/TcpClientExtensions.cs:line 67, remoteEndPoint: 127.0.0.1:57596 localEndPoint: 127.0.0.1:57595
TpTrace Information: 0 : 14972, 11, 2026/07/20, 20:50:40.828, 488297033249, vstest.console.dll, SocketServer.PrivateStop: Stopping server endPoint: 127.0.0.1:57595 error: 
TpTrace Verbose: 0 : 14972, 11, 2026/07/20, 20:50:40.829, 488297040239, vstest.console.dll, LengthPrefixCommunicationChannel.Dispose: Dispose reader and writer.
TpTrace Information: 0 : 14972, 11, 2026/07/20, 20:50:40.829, 488297042125, vstest.console.dll, SocketServer.Stop: Raise disconnected event endPoint: 127.0.0.1:57595 error: 
TpTrace Verbose: 0 : 14972, 11, 2026/07/20, 20:50:40.830, 488297046169, vstest.console.dll, TestRequestSender: OnTestRunAbort: Set operation complete.
TpTrace Verbose: 0 : 14972, 11, 2026/07/20, 20:50:40.830, 488297046913, vstest.console.dll, TestRequestSender.SetOperationComplete: Setting operation complete.
TpTrace Information: 0 : 14972, 11, 2026/07/20, 20:50:40.830, 488297047802, vstest.console.dll, SocketServer.Stop: Stop server endPoint: 127.0.0.1:57595
TpTrace Verbose: 0 : 14972, 11, 2026/07/20, 20:50:40.830, 488297049160, vstest.console.dll, TestRequestSender.GetAbortErrorMessage: Exception: 
TpTrace Verbose: 0 : 14972, 11, 2026/07/20, 20:50:40.830, 488297049858, vstest.console.dll, TestRequestSender.GetAbortErrorMessage: Client has disconnected. Wait for standard error.
TpTrace Verbose: 0 : 14972, 7, 2026/07/20, 20:50:40.855, 488297298612, vstest.console.dll, TestHostProvider.ExitCallBack: Host exited starting callback.
TpTrace Error: 0 : 14972, 7, 2026/07/20, 20:50:40.855, 488297300403, vstest.console.dll, TestHostManagerCallbacks.ExitCallBack: Testhost processId: 6172 exited with exitcode: -1073740940 error: ''
TpTrace Verbose: 0 : 14972, 7, 2026/07/20, 20:50:40.855, 488297300885, vstest.console.dll, DotnetTestHostManager.OnHostExited: invoking OnHostExited callback
TpTrace Verbose: 0 : 14972, 7, 2026/07/20, 20:50:40.855, 488297301631, vstest.console.dll, CrossPlatEngine.TestHostManagerHostExited: calling on client process exit callback.
TpTrace Information: 0 : 14972, 7, 2026/07/20, 20:50:40.855, 488297302344, vstest.console.dll, TestRequestSender.OnClientProcessExit: Test host process exited. Standard error: 
TpTrace Information: 0 : 14972, 11, 2026/07/20, 20:50:40.855, 488297302885, vstest.console.dll, TestRequestSender.GetAbortErrorMessage: Received test host error message.
TpTrace Information: 0 : 14972, 7, 2026/07/20, 20:50:40.855, 488297302956, vstest.console.dll, SocketServer.Stop: Stop server endPoint: 127.0.0.1:57595
TpTrace Verbose: 0 : 14972, 7, 2026/07/20, 20:50:40.855, 488297304131, vstest.console.dll, MulticastDelegateUtilities.SafeInvoke: HostProviderEvents.OnHostExited: Invoking callback 1/1 for Microsoft.VisualStudio.TestPlatform.CrossPlatEngine.Client.ProxyOperationManager., took 0 ms.
TpTrace Error: 0 : 14972, 11, 2026/07/20, 20:50:40.856, 488297305918, vstest.console.dll, TestRequestSender: Aborting test run because Test host process crashed
TpTrace Verbose: 0 : 14972, 11, 2026/07/20, 20:50:40.856, 488297306846, vstest.console.dll, TestRunRequest:SendTestRunMessage: Starting.
TpTrace Verbose: 0 : 14972, 11, 2026/07/20, 20:50:40.856, 488297307531, vstest.console.dll, MulticastDelegateUtilities.SafeInvoke: TestRun.LogMessages: Invoking callback 1/1 for Microsoft.VisualStudio.TestPlatform.CommandLine.TestRunResultAggregator., took 0 ms.
TpTrace Information: 0 : 14972, 11, 2026/07/20, 20:50:40.856, 488297307887, vstest.console.dll, TestRunRequest:SendTestRunMessage: Completed.
TpTrace Verbose: 0 : 14972, 4, 2026/07/20, 20:50:40.856, 488297309591, vstest.console.dll, MulticastDelegateUtilities.SafeInvoke: InternalTestLoggerEvents.SendTestRunMessage: Invoking callback 1/1 for Microsoft.VisualStudio.TestPlatform.CommandLine.Internal.ConsoleLogger., took 0 ms.
TpTrace Verbose: 0 : 14972, 11, 2026/07/20, 20:50:40.874, 488297490134, vstest.console.dll, ProxyOperationManager.Close: waiting for test host to exit for 100 ms
TpTrace Information: 0 : 14972, 11, 2026/07/20, 20:50:40.874, 488297491655, vstest.console.dll, SocketServer.Stop: Stop server endPoint: 127.0.0.1:57595
TpTrace Information: 0 : 14972, 11, 2026/07/20, 20:50:40.874, 488297492144, vstest.console.dll, Closing the connection
TpTrace Verbose: 0 : 14972, 11, 2026/07/20, 20:50:40.875, 488297499707, vstest.console.dll, ParallelRunEventsHandler.HandleTestRunComplete: Handling a run completion, this can be either one part of parallel run completing, or the whole parallel run completing.
TpTrace Verbose: 0 : 14972, 11, 2026/07/20, 20:50:40.876, 488297504655, vstest.console.dll, ParallelProxyExecutionManager: HandlePartialRunComplete: Total workloads = 1, Total started clients = 1 Total completed clients = 1, Run complete = True, Run canceled: False.
TpTrace Verbose: 0 : 14972, 11, 2026/07/20, 20:50:40.876, 488297505253, vstest.console.dll, ParallelProxyExecutionManager: HandlePartialRunComplete: All runs completed stopping all managers.
TpTrace Verbose: 0 : 14972, 11, 2026/07/20, 20:50:40.876, 488297507614, vstest.console.dll, ParallelOperationManager.StopAllManagers: Stopping all managers.
TpTrace Verbose: 0 : 14972, 11, 2026/07/20, 20:50:40.876, 488297508119, vstest.console.dll, ParallelOperationManager.ClearSlots: Clearing all slots. Slots should accept more work: False
TpTrace Verbose: 0 : 14972, 11, 2026/07/20, 20:50:40.876, 488297508792, vstest.console.dll, ParallelOperationManager.SetOccupiedSlotCount: Setting slot counts AvailableSlotCount = 1, OccupiedSlotCount = 0.
TpTrace Verbose: 0 : 14972, 11, 2026/07/20, 20:50:40.876, 488297509466, vstest.console.dll, Occupied slots:

TpTrace Verbose: 0 : 14972, 11, 2026/07/20, 20:50:40.876, 488297509785, vstest.console.dll, ParallelRunEventsHandler.HandleTestRunComplete: Whole parallel run completed.
TpTrace Verbose: 0 : 14972, 4, 2026/07/20, 20:50:40.913, 488297879944, vstest.console.dll, MulticastDelegateUtilities.SafeInvoke: InternalTestLoggerEvents.SendTestRunComplete: Invoking callback 1/1 for Microsoft.VisualStudio.TestPlatform.CommandLine.Internal.ConsoleLogger., took 6 ms.
TpTrace Verbose: 0 : 14972, 11, 2026/07/20, 20:50:40.917, 488297923008, vstest.console.dll, TestRunRequest:TestRunComplete: Starting. IsAborted:True IsCanceled:False.
TpTrace Verbose: 0 : 14972, 11, 2026/07/20, 20:50:40.918, 488297930020, vstest.console.dll, ParallelOperationManager.DoActionOnAllManagers: Calling an action on all managers.
TpTrace Verbose: 0 : 14972, 11, 2026/07/20, 20:50:40.920, 488297947313, vstest.console.dll, TestLoggerManager.HandleTestRunComplete: Ignoring as the object is disposed.
TpTrace Verbose: 0 : 14972, 11, 2026/07/20, 20:50:40.921, 488297954677, vstest.console.dll, MulticastDelegateUtilities.SafeInvoke: TestRun.TestRunComplete: Invoking callback 1/2 for Microsoft.VisualStudio.TestPlatform.CommandLine.TestRunResultAggregator., took 0 ms.
TpTrace Verbose: 0 : 14972, 11, 2026/07/20, 20:50:40.921, 488297957708, vstest.console.dll, MulticastDelegateUtilities.SafeInvoke: TestRun.TestRunComplete: Invoking callback 2/2 for Microsoft.VisualStudio.TestPlatform.CommandLine.Processors.RunTestsArgumentExecutor+TestRunRequestEventsRegistrar., took 0 ms.
TpTrace Verbose: 0 : 14972, 2, 2026/07/20, 20:50:40.921, 488297960042, vstest.console.dll, TestRunRequest.Dispose: Starting.
TpTrace Information: 0 : 14972, 11, 2026/07/20, 20:50:40.922, 488297966051, vstest.console.dll, TestRunRequest:TestRunComplete: Completed.
TpTrace Verbose: 0 : 14972, 11, 2026/07/20, 20:50:40.922, 488297966924, vstest.console.dll, MulticastDelegateUtilities.SafeInvoke: SocketServer: ClientDisconnected: Invoking callback 1/1 for Microsoft.VisualStudio.TestPlatform.CommunicationUtilities.TestRequestSender., took 92 ms.
TpTrace Information: 0 : 14972, 2, 2026/07/20, 20:50:40.922, 488297967131, vstest.console.dll, TestRunRequest.Dispose: Completed.
TpTrace Verbose: 0 : 14972, 11, 2026/07/20, 20:50:40.922, 488297967358, vstest.console.dll, TcpClientExtensions.MessageLoopAsync: exiting MessageLoopAsync remoteEndPoint: 127.0.0.1:57596 localEndPoint: 127.0.0.1:57595
TpTrace Information: 0 : 14972, 2, 2026/07/20, 20:50:40.922, 488297968187, vstest.console.dll, TestRequestManager.RunTests: run tests completed.
TpTrace Information: 0 : 14972, 2, 2026/07/20, 20:50:40.922, 488297969937, vstest.console.dll, RunTestsArgumentProcessor:Execute: Test run is completed.
TpTrace Verbose: 0 : 14972, 2, 2026/07/20, 20:50:40.922, 488297973234, vstest.console.dll, Executor.Execute: Exiting with exit code of 1
TpTrace Verbose: 0 : 5804, 2, 2026/07/20, 20:50:55.382, 488442569150, vstest.console.dll, Version: 18.7.0-release-26322-102 Current process architecture: X64
TpTrace Verbose: 0 : 5804, 2, 2026/07/20, 20:50:55.386, 488442613538, vstest.console.dll, Runtime location: C:\Program Files\dotnet\shared\Microsoft.NETCore.App\10.0.9
TpTrace Information: 0 : 5804, 2, 2026/07/20, 20:50:55.391, 488442658633, vstest.console.dll, Using .Net Framework version:.NETCoreApp,Version=v10.0
TpTrace Verbose: 0 : 5804, 2, 2026/07/20, 20:50:55.391, 488442660470, vstest.console.dll, ArtifactProcessingPostProcessModeProcessorExecutor.Initialize: ArtifactProcessingMode.Collect
TpTrace Verbose: 0 : 5804, 2, 2026/07/20, 20:50:55.391, 488442662610, vstest.console.dll, TestSessionCorrelationIdProcessorModeProcessorExecutor.Initialize: TestSessionCorrelationId '4972_378f6603-5684-4d26-a207-b0e2ac0084f3'
TpTrace Information: 0 : 5804, 2, 2026/07/20, 20:50:55.408, 488442824657, vstest.console.dll, FilePatternParser: The given file C:\Integral2u\source\repos\SharpMind\SharpMind.Tests\bin\Debug\net10.0\SharpMind.Tests.dll is a full path.
TpTrace Verbose: 0 : 5804, 2, 2026/07/20, 20:50:55.418, 488442927942, vstest.console.dll, TestPluginCache.DiscoverTestExtensions: finding test extensions in assemblies ends with: RuntimeProvider.dll TPluginInfo: Microsoft.VisualStudio.TestPlatform.Common.ExtensionFramework.Utilities.TestRuntimePluginInformation TExtension: Microsoft.VisualStudio.TestPlatform.ObjectModel.Host.ITestRuntimeProvider
TpTrace Verbose: 0 : 5804, 2, 2026/07/20, 20:50:55.418, 488442933930, vstest.console.dll, TestPluginCache.GetExtensionPaths: Filtered extension paths: 
TpTrace Verbose: 0 : 5804, 2, 2026/07/20, 20:50:55.419, 488442935320, vstest.console.dll, TestPluginCache.GetExtensionPaths: Added default extension paths: C:\Program Files\dotnet\sdk\10.0.400-preview.0.26322.102\Extensions\Microsoft.Diagnostics.NETCore.Client.dll
C:\Program Files\dotnet\sdk\10.0.400-preview.0.26322.102\Extensions\Microsoft.TestPlatform.Extensions.BlameDataCollector.dll
C:\Program Files\dotnet\sdk\10.0.400-preview.0.26322.102\Extensions\Microsoft.TestPlatform.Extensions.EventLogCollector.dll
C:\Program Files\dotnet\sdk\10.0.400-preview.0.26322.102\Extensions\Microsoft.TestPlatform.TestHostRuntimeProvider.dll
C:\Program Files\dotnet\sdk\10.0.400-preview.0.26322.102\Extensions\Microsoft.VisualStudio.TestPlatform.Extensions.Html.TestLogger.dll
C:\Program Files\dotnet\sdk\10.0.400-preview.0.26322.102\Extensions\Microsoft.VisualStudio.TestPlatform.Extensions.Trx.TestLogger.dll
TpTrace Verbose: 0 : 5804, 2, 2026/07/20, 20:50:55.419, 488442935997, vstest.console.dll, TestPluginCache.GetExtensionPaths: Added unfilterableExtensionPaths: 
TpTrace Information: 0 : 5804, 2, 2026/07/20, 20:50:55.420, 488442946544, vstest.console.dll, AssemblyResolver.ctor: Creating AssemblyResolver with searchDirectories C:\Program Files\dotnet\sdk\10.0.400-preview.0.26322.102\Extensions,C:\Program Files\dotnet\sdk\10.0.400-preview.0.26322.102
TpTrace Verbose: 0 : 5804, 2, 2026/07/20, 20:50:55.422, 488442967033, vstest.console.dll, TestPluginCache.DiscoverTestExtensions: Discovering the extensions using extension path.
TpTrace Verbose: 0 : 5804, 2, 2026/07/20, 20:50:55.422, 488442969330, vstest.console.dll, TestPluginCache.GetExtensionPaths: Filtered extension paths: 
TpTrace Verbose: 0 : 5804, 2, 2026/07/20, 20:50:55.422, 488442969913, vstest.console.dll, TestPluginCache.GetExtensionPaths: Added default extension paths: C:\Program Files\dotnet\sdk\10.0.400-preview.0.26322.102\Extensions\Microsoft.Diagnostics.NETCore.Client.dll
C:\Program Files\dotnet\sdk\10.0.400-preview.0.26322.102\Extensions\Microsoft.TestPlatform.Extensions.BlameDataCollector.dll
C:\Program Files\dotnet\sdk\10.0.400-preview.0.26322.102\Extensions\Microsoft.TestPlatform.Extensions.EventLogCollector.dll
C:\Program Files\dotnet\sdk\10.0.400-preview.0.26322.102\Extensions\Microsoft.TestPlatform.TestHostRuntimeProvider.dll
C:\Program Files\dotnet\sdk\10.0.400-preview.0.26322.102\Extensions\Microsoft.VisualStudio.TestPlatform.Extensions.Html.TestLogger.dll
C:\Program Files\dotnet\sdk\10.0.400-preview.0.26322.102\Extensions\Microsoft.VisualStudio.TestPlatform.Extensions.Trx.TestLogger.dll
TpTrace Verbose: 0 : 5804, 2, 2026/07/20, 20:50:55.422, 488442970415, vstest.console.dll, TestPluginCache.GetExtensionPaths: Added unfilterableExtensionPaths: 
TpTrace Verbose: 0 : 5804, 2, 2026/07/20, 20:50:55.422, 488442971326, vstest.console.dll, TestPluginCache.DiscoverTestExtensions: Discovering the extensions using allExtensionPaths: C:\Program Files\dotnet\sdk\10.0.400-preview.0.26322.102\Extensions\Microsoft.Diagnostics.NETCore.Client.dll
C:\Program Files\dotnet\sdk\10.0.400-preview.0.26322.102\Extensions\Microsoft.TestPlatform.Extensions.BlameDataCollector.dll
C:\Program Files\dotnet\sdk\10.0.400-preview.0.26322.102\Extensions\Microsoft.TestPlatform.Extensions.EventLogCollector.dll
C:\Program Files\dotnet\sdk\10.0.400-preview.0.26322.102\Extensions\Microsoft.TestPlatform.TestHostRuntimeProvider.dll
C:\Program Files\dotnet\sdk\10.0.400-preview.0.26322.102\Extensions\Microsoft.VisualStudio.TestPlatform.Extensions.Html.TestLogger.dll
C:\Program Files\dotnet\sdk\10.0.400-preview.0.26322.102\Extensions\Microsoft.VisualStudio.TestPlatform.Extensions.Trx.TestLogger.dll
TpTrace Information: 0 : 5804, 2, 2026/07/20, 20:50:55.422, 488442974129, vstest.console.dll, AssemblyResolver.AddSearchDirectories: Adding more searchDirectories C:\Program Files\dotnet\sdk\10.0.400-preview.0.26322.102\Extensions,C:\Program Files\dotnet\sdk\10.0.400-preview.0.26322.102
TpTrace Information: 0 : 5804, 2, 2026/07/20, 20:50:55.423, 488442975111, vstest.console.dll, AssemblyResolver.AddSearchDirectories: Adding more searchDirectories C:\Program Files\dotnet\sdk\10.0.400-preview.0.26322.102\Extensions,C:\Program Files\dotnet\sdk\10.0.400-preview.0.26322.102
TpTrace Information: 0 : 5804, 2, 2026/07/20, 20:50:55.423, 488442975690, vstest.console.dll, AssemblyResolver.AddSearchDirectories: Adding more searchDirectories C:\Program Files\dotnet\sdk\10.0.400-preview.0.26322.102\Extensions,C:\Program Files\dotnet\sdk\10.0.400-preview.0.26322.102
TpTrace Information: 0 : 5804, 2, 2026/07/20, 20:50:55.423, 488442976141, vstest.console.dll, AssemblyResolver.AddSearchDirectories: Adding more searchDirectories C:\Program Files\dotnet\sdk\10.0.400-preview.0.26322.102\Extensions,C:\Program Files\dotnet\sdk\10.0.400-preview.0.26322.102
TpTrace Information: 0 : 5804, 2, 2026/07/20, 20:50:55.423, 488442976560, vstest.console.dll, AssemblyResolver.AddSearchDirectories: Adding more searchDirectories C:\Program Files\dotnet\sdk\10.0.400-preview.0.26322.102\Extensions,C:\Program Files\dotnet\sdk\10.0.400-preview.0.26322.102
TpTrace Information: 0 : 5804, 2, 2026/07/20, 20:50:55.423, 488442977035, vstest.console.dll, AssemblyResolver.AddSearchDirectories: Adding more searchDirectories C:\Program Files\dotnet\sdk\10.0.400-preview.0.26322.102\Extensions,C:\Program Files\dotnet\sdk\10.0.400-preview.0.26322.102
TpTrace Information: 0 : 5804, 2, 2026/07/20, 20:50:55.424, 488442985743, vstest.console.dll, AssemblyResolver.OnResolve: Microsoft.Diagnostics.NETCore.Client: Resolving assembly.
TpTrace Information: 0 : 5804, 2, 2026/07/20, 20:50:55.424, 488442987023, vstest.console.dll, AssemblyResolver.OnResolve: Microsoft.Diagnostics.NETCore.Client: Searching in: 'C:\Program Files\dotnet\sdk\10.0.400-preview.0.26322.102\Extensions'.
TpTrace Information: 0 : 5804, 2, 2026/07/20, 20:50:55.444, 488443187442, vstest.console.dll, AssemblyResolver.OnResolve: Microsoft.Diagnostics.NETCore.Client: Loading assembly 'C:\Program Files\dotnet\sdk\10.0.400-preview.0.26322.102\Extensions\Microsoft.Diagnostics.NETCore.Client.dll'.
TpTrace Information: 0 : 5804, 2, 2026/07/20, 20:50:55.451, 488443256100, vstest.console.dll, AssemblyResolver.TrackProvidedDependency: Resolved 'Microsoft.Diagnostics.NETCore.Client' from 'C:\Program Files\dotnet\sdk\10.0.400-preview.0.26322.102\Extensions' for 'unknown'.
TpTrace Information: 0 : 5804, 2, 2026/07/20, 20:50:55.451, 488443257898, vstest.console.dll, AssemblyResolver.OnResolve: Resolved assembly: Microsoft.Diagnostics.NETCore.Client, from path: C:\Program Files\dotnet\sdk\10.0.400-preview.0.26322.102\Extensions\Microsoft.Diagnostics.NETCore.Client.dll
TpTrace Verbose: 0 : 5804, 2, 2026/07/20, 20:50:55.453, 488443283670, vstest.console.dll, MetadataReaderExtensionsHelper: Discovering extensions inside assembly 'Microsoft.Diagnostics.NETCore.Client, Version=0.2.14.32302, Culture=neutral, PublicKeyToken=31bf3856ad364e35' file path 'C:\Program Files\dotnet\sdk\10.0.400-preview.0.26322.102\Extensions\Microsoft.Diagnostics.NETCore.Client.dll'
TpTrace Information: 0 : 5804, 2, 2026/07/20, 20:50:55.458, 488443326621, vstest.console.dll, AssemblyResolver.OnResolve: Microsoft.Bcl.AsyncInterfaces: Resolving assembly.
TpTrace Information: 0 : 5804, 2, 2026/07/20, 20:50:55.458, 488443329406, vstest.console.dll, AssemblyResolver.OnResolve: Microsoft.Bcl.AsyncInterfaces: Searching in: 'C:\Program Files\dotnet\sdk\10.0.400-preview.0.26322.102\Extensions'.
TpTrace Information: 0 : 5804, 2, 2026/07/20, 20:50:55.458, 488443331806, vstest.console.dll, AssemblyResolver.OnResolve: Microsoft.Bcl.AsyncInterfaces: Assembly path does not exist: 'C:\Program Files\dotnet\sdk\10.0.400-preview.0.26322.102\Extensions\Microsoft.Bcl.AsyncInterfaces.dll', returning.
TpTrace Information: 0 : 5804, 2, 2026/07/20, 20:50:55.458, 488443333471, vstest.console.dll, AssemblyResolver.OnResolve: Microsoft.Bcl.AsyncInterfaces: Assembly path does not exist: 'C:\Program Files\dotnet\sdk\10.0.400-preview.0.26322.102\Extensions\Microsoft.Bcl.AsyncInterfaces.exe', returning.
TpTrace Information: 0 : 5804, 2, 2026/07/20, 20:50:55.459, 488443334203, vstest.console.dll, AssemblyResolver.OnResolve: Microsoft.Bcl.AsyncInterfaces: Searching in: 'C:\Program Files\dotnet\sdk\10.0.400-preview.0.26322.102'.
TpTrace Information: 0 : 5804, 2, 2026/07/20, 20:50:55.459, 488443335521, vstest.console.dll, AssemblyResolver.OnResolve: Microsoft.Bcl.AsyncInterfaces: Assembly path does not exist: 'C:\Program Files\dotnet\sdk\10.0.400-preview.0.26322.102\Microsoft.Bcl.AsyncInterfaces.dll', returning.
TpTrace Information: 0 : 5804, 2, 2026/07/20, 20:50:55.459, 488443336790, vstest.console.dll, AssemblyResolver.OnResolve: Microsoft.Bcl.AsyncInterfaces: Assembly path does not exist: 'C:\Program Files\dotnet\sdk\10.0.400-preview.0.26322.102\Microsoft.Bcl.AsyncInterfaces.exe', returning.
TpTrace Information: 0 : 5804, 2, 2026/07/20, 20:50:55.459, 488443337368, vstest.console.dll, AssemblyResolver.OnResolve: Microsoft.Bcl.AsyncInterfaces: Failed to load assembly.
TpTrace Verbose: 0 : 5804, 2, 2026/07/20, 20:50:55.459, 488443338143, vstest.console.dll, CurrentDomainAssemblyResolve: Resolving assembly 'Microsoft.Bcl.AsyncInterfaces'.
TpTrace Information: 0 : 5804, 2, 2026/07/20, 20:50:55.459, 488443339478, vstest.console.dll, AssemblyResolver.OnResolve: Microsoft.Bcl.AsyncInterfaces: Resolving assembly.
TpTrace Information: 0 : 5804, 2, 2026/07/20, 20:50:55.459, 488443340279, vstest.console.dll, AssemblyResolver.OnResolve: Microsoft.Bcl.AsyncInterfaces: Resolved from cache.
TpTrace Verbose: 0 : 5804, 2, 2026/07/20, 20:50:55.459, 488443340872, vstest.console.dll, CurrentDomainAssemblyResolve: Resolving assembly 'Microsoft.Bcl.AsyncInterfaces'.
TpTrace Verbose: 0 : 5804, 2, 2026/07/20, 20:50:55.459, 488443341587, vstest.console.dll, CurrentDomainAssemblyResolve: Failed to resolve assembly 'Microsoft.Bcl.AsyncInterfaces'.
TpTrace Verbose: 0 : 5804, 2, 2026/07/20, 20:50:55.461, 488443354269, vstest.console.dll, CurrentDomainAssemblyResolve: Failed to resolve assembly 'Microsoft.Bcl.AsyncInterfaces'.
TpTrace Information: 0 : 5804, 2, 2026/07/20, 20:50:55.468, 488443430671, vstest.console.dll, AssemblyResolver.OnResolve: Microsoft.Bcl.AsyncInterfaces: Resolving assembly.
TpTrace Information: 0 : 5804, 2, 2026/07/20, 20:50:55.468, 488443431883, vstest.console.dll, AssemblyResolver.OnResolve: Microsoft.Bcl.AsyncInterfaces: Resolved from cache.
TpTrace Verbose: 0 : 5804, 2, 2026/07/20, 20:50:55.468, 488443432437, vstest.console.dll, CurrentDomainAssemblyResolve: Resolving assembly 'Microsoft.Bcl.AsyncInterfaces'.
TpTrace Verbose: 0 : 5804, 2, 2026/07/20, 20:50:55.468, 488443432990, vstest.console.dll, CurrentDomainAssemblyResolve: Failed to resolve assembly 'Microsoft.Bcl.AsyncInterfaces'.
TpTrace Information: 0 : 5804, 2, 2026/07/20, 20:50:55.470, 488443453690, vstest.console.dll, AssemblyResolver.OnResolve: Microsoft.Bcl.AsyncInterfaces: Resolving assembly.
TpTrace Information: 0 : 5804, 2, 2026/07/20, 20:50:55.471, 488443454897, vstest.console.dll, AssemblyResolver.OnResolve: Microsoft.Bcl.AsyncInterfaces: Resolved from cache.
TpTrace Verbose: 0 : 5804, 2, 2026/07/20, 20:50:55.471, 488443456403, vstest.console.dll, CurrentDomainAssemblyResolve: Resolving assembly 'Microsoft.Bcl.AsyncInterfaces'.
TpTrace Verbose: 0 : 5804, 2, 2026/07/20, 20:50:55.471, 488443456913, vstest.console.dll, CurrentDomainAssemblyResolve: Failed to resolve assembly 'Microsoft.Bcl.AsyncInterfaces'.
TpTrace Warning: 0 : 5804, 2, 2026/07/20, 20:50:55.494, 488443686482, vstest.console.dll, TestPluginDiscoverer: Failed to get types from assembly 'Microsoft.Diagnostics.NETCore.Client, Version=0.2.14.32302, Culture=neutral, PublicKeyToken=31bf3856ad364e35'. Error: System.Reflection.ReflectionTypeLoadException: Unable to load one or more of the requested types.
Could not load file or assembly 'Microsoft.Bcl.AsyncInterfaces, Version=9.0.0.8, Culture=neutral, PublicKeyToken=cc7b13ffcd2ddd51'. The system cannot find the file specified.
Could not load file or assembly 'Microsoft.Bcl.AsyncInterfaces, Version=9.0.0.8, Culture=neutral, PublicKeyToken=cc7b13ffcd2ddd51'. The system cannot find the file specified.
Could not load file or assembly 'Microsoft.Bcl.AsyncInterfaces, Version=9.0.0.8, Culture=neutral, PublicKeyToken=cc7b13ffcd2ddd51'. The system cannot find the file specified.
   at System.Reflection.RuntimeModule.GetDefinedTypes()
   at System.Reflection.RuntimeModule.GetTypes()
   at Microsoft.VisualStudio.TestPlatform.Common.ExtensionFramework.TestPluginDiscoverer.GetTestExtensionsFromAssembly[TPluginInfo,TExtension](Assembly assembly, Dictionary`2 pluginInfos, String filePath) in /_/src/vstest/src/Microsoft.TestPlatform.Common/ExtensionFramework/TestPluginDiscoverer.cs:line 159
System.IO.FileNotFoundException: Could not load file or assembly 'Microsoft.Bcl.AsyncInterfaces, Version=9.0.0.8, Culture=neutral, PublicKeyToken=cc7b13ffcd2ddd51'. The system cannot find the file specified.
File name: 'Microsoft.Bcl.AsyncInterfaces, Version=9.0.0.8, Culture=neutral, PublicKeyToken=cc7b13ffcd2ddd51'
 ---> System.IO.FileNotFoundException: Could not load file or assembly 'Microsoft.Bcl.AsyncInterfaces, Culture=neutral, PublicKeyToken=null'. The system cannot find the file specified.
File name: 'Microsoft.Bcl.AsyncInterfaces, Culture=neutral, PublicKeyToken=null'
   at System.Reflection.RuntimeAssembly.InternalLoad(AssemblyName assemblyName, StackCrawlMark& stackMark, AssemblyLoadContext assemblyLoadContext, RuntimeAssembly requestingAssembly, Boolean throwOnFileNotFound)
   at System.Reflection.Assembly.Load(AssemblyName assemblyRef)
   at Microsoft.VisualStudio.TestPlatform.Common.ExtensionFramework.TestPluginCache.CurrentDomainAssemblyResolve(Object sender, AssemblyResolveEventArgs args) in /_/src/vstest/src/Microsoft.TestPlatform.Common/ExtensionFramework/TestPluginCache.cs:line 514
   at System.Runtime.Loader.AssemblyLoadContext.GetFirstResolvedAssemblyFromResolvingEvent(AssemblyName assemblyName)
   at System.Runtime.Loader.AssemblyLoadContext.ResolveUsingEvent(AssemblyName assemblyName)
System.IO.FileNotFoundException: Could not load file or assembly 'Microsoft.Bcl.AsyncInterfaces, Version=9.0.0.8, Culture=neutral, PublicKeyToken=cc7b13ffcd2ddd51'. The system cannot find the file specified.
File name: 'Microsoft.Bcl.AsyncInterfaces, Version=9.0.0.8, Culture=neutral, PublicKeyToken=cc7b13ffcd2ddd51'
System.IO.FileNotFoundException: Could not load file or assembly 'Microsoft.Bcl.AsyncInterfaces, Version=9.0.0.8, Culture=neutral, PublicKeyToken=cc7b13ffcd2ddd51'. The system cannot find the file specified.
File name: 'Microsoft.Bcl.AsyncInterfaces, Version=9.0.0.8, Culture=neutral, PublicKeyToken=cc7b13ffcd2ddd51'
TpTrace Warning: 0 : 5804, 2, 2026/07/20, 20:50:55.494, 488443692761, vstest.console.dll, LoaderExceptions: System.IO.FileNotFoundException: Could not load file or assembly 'Microsoft.Bcl.AsyncInterfaces, Version=9.0.0.8, Culture=neutral, PublicKeyToken=cc7b13ffcd2ddd51'. The system cannot find the file specified.
File name: 'Microsoft.Bcl.AsyncInterfaces, Version=9.0.0.8, Culture=neutral, PublicKeyToken=cc7b13ffcd2ddd51'
 ---> System.IO.FileNotFoundException: Could not load file or assembly 'Microsoft.Bcl.AsyncInterfaces, Culture=neutral, PublicKeyToken=null'. The system cannot find the file specified.
File name: 'Microsoft.Bcl.AsyncInterfaces, Culture=neutral, PublicKeyToken=null'
   at System.Reflection.RuntimeAssembly.InternalLoad(AssemblyName assemblyName, StackCrawlMark& stackMark, AssemblyLoadContext assemblyLoadContext, RuntimeAssembly requestingAssembly, Boolean throwOnFileNotFound)
   at System.Reflection.Assembly.Load(AssemblyName assemblyRef)
   at Microsoft.VisualStudio.TestPlatform.Common.ExtensionFramework.TestPluginCache.CurrentDomainAssemblyResolve(Object sender, AssemblyResolveEventArgs args) in /_/src/vstest/src/Microsoft.TestPlatform.Common/ExtensionFramework/TestPluginCache.cs:line 514
   at System.Runtime.Loader.AssemblyLoadContext.GetFirstResolvedAssemblyFromResolvingEvent(AssemblyName assemblyName)
   at System.Runtime.Loader.AssemblyLoadContext.ResolveUsingEvent(AssemblyName assemblyName)
TpTrace Warning: 0 : 5804, 2, 2026/07/20, 20:50:55.495, 488443694781, vstest.console.dll, LoaderExceptions: System.IO.FileNotFoundException: Could not load file or assembly 'Microsoft.Bcl.AsyncInterfaces, Version=9.0.0.8, Culture=neutral, PublicKeyToken=cc7b13ffcd2ddd51'. The system cannot find the file specified.
File name: 'Microsoft.Bcl.AsyncInterfaces, Version=9.0.0.8, Culture=neutral, PublicKeyToken=cc7b13ffcd2ddd51'
TpTrace Warning: 0 : 5804, 2, 2026/07/20, 20:50:55.495, 488443695711, vstest.console.dll, LoaderExceptions: System.IO.FileNotFoundException: Could not load file or assembly 'Microsoft.Bcl.AsyncInterfaces, Version=9.0.0.8, Culture=neutral, PublicKeyToken=cc7b13ffcd2ddd51'. The system cannot find the file specified.
File name: 'Microsoft.Bcl.AsyncInterfaces, Version=9.0.0.8, Culture=neutral, PublicKeyToken=cc7b13ffcd2ddd51'
TpTrace Information: 0 : 5804, 2, 2026/07/20, 20:50:55.496, 488443711804, vstest.console.dll, AssemblyResolver.OnResolve: Microsoft.TestPlatform.Extensions.BlameDataCollector: Resolving assembly.
TpTrace Information: 0 : 5804, 2, 2026/07/20, 20:50:55.497, 488443715806, vstest.console.dll, AssemblyResolver.OnResolve: Microsoft.TestPlatform.Extensions.BlameDataCollector: Searching in: 'C:\Program Files\dotnet\sdk\10.0.400-preview.0.26322.102\Extensions'.
TpTrace Information: 0 : 5804, 2, 2026/07/20, 20:50:55.498, 488443729469, vstest.console.dll, AssemblyResolver.OnResolve: Microsoft.TestPlatform.Extensions.BlameDataCollector: Loading assembly 'C:\Program Files\dotnet\sdk\10.0.400-preview.0.26322.102\Extensions\Microsoft.TestPlatform.Extensions.BlameDataCollector.dll'.
TpTrace Information: 0 : 5804, 2, 2026/07/20, 20:50:55.499, 488443740280, vstest.console.dll, AssemblyResolver.TrackProvidedDependency: Resolved 'Microsoft.TestPlatform.Extensions.BlameDataCollector' from 'C:\Program Files\dotnet\sdk\10.0.400-preview.0.26322.102\Extensions' for 'unknown'.
TpTrace Information: 0 : 5804, 2, 2026/07/20, 20:50:55.499, 488443741460, vstest.console.dll, AssemblyResolver.OnResolve: Resolved assembly: Microsoft.TestPlatform.Extensions.BlameDataCollector, from path: C:\Program Files\dotnet\sdk\10.0.400-preview.0.26322.102\Extensions\Microsoft.TestPlatform.Extensions.BlameDataCollector.dll
TpTrace Verbose: 0 : 5804, 2, 2026/07/20, 20:50:55.499, 488443742746, vstest.console.dll, MetadataReaderExtensionsHelper: Discovering extensions inside assembly 'Microsoft.TestPlatform.Extensions.BlameDataCollector, Version=15.0.0.0, Culture=neutral, PublicKeyToken=b03f5f7f11d50a3a' file path 'C:\Program Files\dotnet\sdk\10.0.400-preview.0.26322.102\Extensions\Microsoft.TestPlatform.Extensions.BlameDataCollector.dll'
TpTrace Information: 0 : 5804, 2, 2026/07/20, 20:50:55.501, 488443763584, vstest.console.dll, AssemblyResolver.OnResolve: Microsoft.TestPlatform.Extensions.EventLogCollector: Resolving assembly.
TpTrace Information: 0 : 5804, 2, 2026/07/20, 20:50:55.502, 488443764809, vstest.console.dll, AssemblyResolver.OnResolve: Microsoft.TestPlatform.Extensions.EventLogCollector: Searching in: 'C:\Program Files\dotnet\sdk\10.0.400-preview.0.26322.102\Extensions'.
TpTrace Information: 0 : 5804, 2, 2026/07/20, 20:50:55.503, 488443775136, vstest.console.dll, AssemblyResolver.OnResolve: Microsoft.TestPlatform.Extensions.EventLogCollector: Loading assembly 'C:\Program Files\dotnet\sdk\10.0.400-preview.0.26322.102\Extensions\Microsoft.TestPlatform.Extensions.EventLogCollector.dll'.
TpTrace Information: 0 : 5804, 2, 2026/07/20, 20:50:55.504, 488443786823, vstest.console.dll, AssemblyResolver.TrackProvidedDependency: Resolved 'Microsoft.TestPlatform.Extensions.EventLogCollector' from 'C:\Program Files\dotnet\sdk\10.0.400-preview.0.26322.102\Extensions' for 'unknown'.
TpTrace Information: 0 : 5804, 2, 2026/07/20, 20:50:55.504, 488443787921, vstest.console.dll, AssemblyResolver.OnResolve: Resolved assembly: Microsoft.TestPlatform.Extensions.EventLogCollector, from path: C:\Program Files\dotnet\sdk\10.0.400-preview.0.26322.102\Extensions\Microsoft.TestPlatform.Extensions.EventLogCollector.dll
TpTrace Verbose: 0 : 5804, 2, 2026/07/20, 20:50:55.504, 488443788711, vstest.console.dll, MetadataReaderExtensionsHelper: Discovering extensions inside assembly 'Microsoft.TestPlatform.Extensions.EventLogCollector, Version=15.0.0.0, Culture=neutral, PublicKeyToken=b03f5f7f11d50a3a' file path 'C:\Program Files\dotnet\sdk\10.0.400-preview.0.26322.102\Extensions\Microsoft.TestPlatform.Extensions.EventLogCollector.dll'
TpTrace Information: 0 : 5804, 2, 2026/07/20, 20:50:55.508, 488443828842, vstest.console.dll, AssemblyResolver.OnResolve: Microsoft.TestPlatform.TestHostRuntimeProvider: Resolving assembly.
TpTrace Information: 0 : 5804, 2, 2026/07/20, 20:50:55.508, 488443830030, vstest.console.dll, AssemblyResolver.OnResolve: Microsoft.TestPlatform.TestHostRuntimeProvider: Searching in: 'C:\Program Files\dotnet\sdk\10.0.400-preview.0.26322.102\Extensions'.
TpTrace Information: 0 : 5804, 2, 2026/07/20, 20:50:55.508, 488443834088, vstest.console.dll, AssemblyResolver.OnResolve: Microsoft.TestPlatform.TestHostRuntimeProvider: Loading assembly 'C:\Program Files\dotnet\sdk\10.0.400-preview.0.26322.102\Extensions\Microsoft.TestPlatform.TestHostRuntimeProvider.dll'.
TpTrace Information: 0 : 5804, 2, 2026/07/20, 20:50:55.509, 488443839223, vstest.console.dll, AssemblyResolver.TrackProvidedDependency: Resolved 'Microsoft.TestPlatform.TestHostRuntimeProvider' from 'C:\Program Files\dotnet\sdk\10.0.400-preview.0.26322.102\Extensions' for 'unknown'.
TpTrace Information: 0 : 5804, 2, 2026/07/20, 20:50:55.509, 488443840074, vstest.console.dll, AssemblyResolver.OnResolve: Resolved assembly: Microsoft.TestPlatform.TestHostRuntimeProvider, from path: C:\Program Files\dotnet\sdk\10.0.400-preview.0.26322.102\Extensions\Microsoft.TestPlatform.TestHostRuntimeProvider.dll
TpTrace Verbose: 0 : 5804, 2, 2026/07/20, 20:50:55.509, 488443840916, vstest.console.dll, MetadataReaderExtensionsHelper: Discovering extensions inside assembly 'Microsoft.TestPlatform.TestHostRuntimeProvider, Version=15.0.0.0, Culture=neutral, PublicKeyToken=b03f5f7f11d50a3a' file path 'C:\Program Files\dotnet\sdk\10.0.400-preview.0.26322.102\Extensions\Microsoft.TestPlatform.TestHostRuntimeProvider.dll'
TpTrace Information: 0 : 5804, 2, 2026/07/20, 20:50:55.513, 488443881142, vstest.console.dll, GetTestExtensionFromType: Register extension with identifier data 'HostProvider://DefaultTestHost' and type 'Microsoft.VisualStudio.TestPlatform.CrossPlatEngine.Hosting.DefaultTestHostManager, Microsoft.TestPlatform.TestHostRuntimeProvider, Version=15.0.0.0, Culture=neutral, PublicKeyToken=b03f5f7f11d50a3a' inside file 'C:\Program Files\dotnet\sdk\10.0.400-preview.0.26322.102\Extensions\Microsoft.TestPlatform.TestHostRuntimeProvider.dll'
TpTrace Information: 0 : 5804, 2, 2026/07/20, 20:50:55.515, 488443894330, vstest.console.dll, GetTestExtensionFromType: Register extension with identifier data 'HostProvider://DotnetTestHost' and type 'Microsoft.VisualStudio.TestPlatform.CrossPlatEngine.Hosting.DotnetTestHostManager, Microsoft.TestPlatform.TestHostRuntimeProvider, Version=15.0.0.0, Culture=neutral, PublicKeyToken=b03f5f7f11d50a3a' inside file 'C:\Program Files\dotnet\sdk\10.0.400-preview.0.26322.102\Extensions\Microsoft.TestPlatform.TestHostRuntimeProvider.dll'
TpTrace Information: 0 : 5804, 2, 2026/07/20, 20:50:55.515, 488443896925, vstest.console.dll, AssemblyResolver.OnResolve: Microsoft.VisualStudio.TestPlatform.Extensions.Html.TestLogger: Resolving assembly.
TpTrace Information: 0 : 5804, 2, 2026/07/20, 20:50:55.515, 488443897849, vstest.console.dll, AssemblyResolver.OnResolve: Microsoft.VisualStudio.TestPlatform.Extensions.Html.TestLogger: Searching in: 'C:\Program Files\dotnet\sdk\10.0.400-preview.0.26322.102\Extensions'.
TpTrace Information: 0 : 5804, 2, 2026/07/20, 20:50:55.515, 488443904100, vstest.console.dll, AssemblyResolver.OnResolve: Microsoft.VisualStudio.TestPlatform.Extensions.Html.TestLogger: Loading assembly 'C:\Program Files\dotnet\sdk\10.0.400-preview.0.26322.102\Extensions\Microsoft.VisualStudio.TestPlatform.Extensions.Html.TestLogger.dll'.
TpTrace Information: 0 : 5804, 2, 2026/07/20, 20:50:55.516, 488443911631, vstest.console.dll, AssemblyResolver.TrackProvidedDependency: Resolved 'Microsoft.VisualStudio.TestPlatform.Extensions.Html.TestLogger' from 'C:\Program Files\dotnet\sdk\10.0.400-preview.0.26322.102\Extensions' for 'unknown'.
TpTrace Information: 0 : 5804, 2, 2026/07/20, 20:50:55.516, 488443912852, vstest.console.dll, AssemblyResolver.OnResolve: Resolved assembly: Microsoft.VisualStudio.TestPlatform.Extensions.Html.TestLogger, from path: C:\Program Files\dotnet\sdk\10.0.400-preview.0.26322.102\Extensions\Microsoft.VisualStudio.TestPlatform.Extensions.Html.TestLogger.dll
TpTrace Verbose: 0 : 5804, 2, 2026/07/20, 20:50:55.516, 488443913997, vstest.console.dll, MetadataReaderExtensionsHelper: Discovering extensions inside assembly 'Microsoft.VisualStudio.TestPlatform.Extensions.Html.TestLogger, Version=15.0.0.0, Culture=neutral, PublicKeyToken=b03f5f7f11d50a3a' file path 'C:\Program Files\dotnet\sdk\10.0.400-preview.0.26322.102\Extensions\Microsoft.VisualStudio.TestPlatform.Extensions.Html.TestLogger.dll'
TpTrace Information: 0 : 5804, 2, 2026/07/20, 20:50:55.518, 488443928250, vstest.console.dll, AssemblyResolver.OnResolve: Microsoft.VisualStudio.TestPlatform.Extensions.Trx.TestLogger: Resolving assembly.
TpTrace Information: 0 : 5804, 2, 2026/07/20, 20:50:55.518, 488443929460, vstest.console.dll, AssemblyResolver.OnResolve: Microsoft.VisualStudio.TestPlatform.Extensions.Trx.TestLogger: Searching in: 'C:\Program Files\dotnet\sdk\10.0.400-preview.0.26322.102\Extensions'.
TpTrace Information: 0 : 5804, 2, 2026/07/20, 20:50:55.519, 488443934361, vstest.console.dll, AssemblyResolver.OnResolve: Microsoft.VisualStudio.TestPlatform.Extensions.Trx.TestLogger: Loading assembly 'C:\Program Files\dotnet\sdk\10.0.400-preview.0.26322.102\Extensions\Microsoft.VisualStudio.TestPlatform.Extensions.Trx.TestLogger.dll'.
TpTrace Information: 0 : 5804, 2, 2026/07/20, 20:50:55.519, 488443941359, vstest.console.dll, AssemblyResolver.TrackProvidedDependency: Resolved 'Microsoft.VisualStudio.TestPlatform.Extensions.Trx.TestLogger' from 'C:\Program Files\dotnet\sdk\10.0.400-preview.0.26322.102\Extensions' for 'unknown'.
TpTrace Information: 0 : 5804, 2, 2026/07/20, 20:50:55.519, 488443942753, vstest.console.dll, AssemblyResolver.OnResolve: Resolved assembly: Microsoft.VisualStudio.TestPlatform.Extensions.Trx.TestLogger, from path: C:\Program Files\dotnet\sdk\10.0.400-preview.0.26322.102\Extensions\Microsoft.VisualStudio.TestPlatform.Extensions.Trx.TestLogger.dll
TpTrace Verbose: 0 : 5804, 2, 2026/07/20, 20:50:55.519, 488443943783, vstest.console.dll, MetadataReaderExtensionsHelper: Discovering extensions inside assembly 'Microsoft.VisualStudio.TestPlatform.Extensions.Trx.TestLogger, Version=15.0.0.0, Culture=neutral, PublicKeyToken=b03f5f7f11d50a3a' file path 'C:\Program Files\dotnet\sdk\10.0.400-preview.0.26322.102\Extensions\Microsoft.VisualStudio.TestPlatform.Extensions.Trx.TestLogger.dll'
TpTrace Verbose: 0 : 5804, 2, 2026/07/20, 20:50:55.521, 488443961474, vstest.console.dll, TestPluginCache: Discovered the extensions using extension path ''.
TpTrace Verbose: 0 : 5804, 2, 2026/07/20, 20:50:55.522, 488443964403, vstest.console.dll, TestPluginCache: Discoverers are ''.
TpTrace Verbose: 0 : 5804, 2, 2026/07/20, 20:50:55.522, 488443964959, vstest.console.dll, TestPluginCache: Executors are ''.
TpTrace Verbose: 0 : 5804, 2, 2026/07/20, 20:50:55.522, 488443965318, vstest.console.dll, TestPluginCache: Executors2 are ''.
TpTrace Verbose: 0 : 5804, 2, 2026/07/20, 20:50:55.522, 488443965655, vstest.console.dll, TestPluginCache: Setting providers are ''.
TpTrace Verbose: 0 : 5804, 2, 2026/07/20, 20:50:55.522, 488443965984, vstest.console.dll, TestPluginCache: Loggers are ''.
TpTrace Verbose: 0 : 5804, 2, 2026/07/20, 20:50:55.522, 488443969017, vstest.console.dll, TestPluginCache: TestHosts are 'HostProvider://DefaultTestHost,HostProvider://DotnetTestHost'.
TpTrace Verbose: 0 : 5804, 2, 2026/07/20, 20:50:55.522, 488443969685, vstest.console.dll, TestPluginCache: DataCollectors are ''.
TpTrace Information: 0 : 5804, 2, 2026/07/20, 20:50:55.548, 488444230596, vstest.console.dll, RunTestsArgumentProcessor:Execute: Test run is starting.
TpTrace Verbose: 0 : 5804, 2, 2026/07/20, 20:50:55.548, 488444232664, vstest.console.dll, RunTestsArgumentProcessor:Execute: Queuing Test run.
TpTrace Information: 0 : 5804, 2, 2026/07/20, 20:50:55.549, 488444238645, vstest.console.dll, TestRequestManager.RunTests: run tests started.
TpTrace Information: 0 : 5804, 2, 2026/07/20, 20:50:55.552, 488444265056, vstest.console.dll, AssemblyMetadataProvider.GetFrameworkName: Determined framework:'.NETCoreApp,Version=v10.0' for source: 'C:\Integral2u\source\repos\SharpMind\SharpMind.Tests\bin\Debug\net10.0\SharpMind.Tests.dll'
TpTrace Information: 0 : 5804, 2, 2026/07/20, 20:50:55.552, 488444267973, vstest.console.dll, Determined framework for all sources: .NETCoreApp,Version=v10.0
TpTrace Verbose: 0 : 5804, 2, 2026/07/20, 20:50:55.555, 488444301326, vstest.console.dll, TestRequestManager.UpdateRunSettingsIfRequired: Default architecture: X64 IsDefaultTargetArchitecture: True, Current process architecture: X64 OperatingSystem: Windows.
TpTrace Information: 0 : 5804, 2, 2026/07/20, 20:50:55.558, 488444328754, vstest.console.dll, AssemblyMetadataProvider.GetArchitecture: Determined architecture:AnyCPU info for assembly: C:\Integral2u\source\repos\SharpMind\SharpMind.Tests\bin\Debug\net10.0\SharpMind.Tests.dll
TpTrace Information: 0 : 5804, 2, 2026/07/20, 20:50:55.558, 488444329945, vstest.console.dll, Determined platform for source 'C:\Integral2u\source\repos\SharpMind\SharpMind.Tests\bin\Debug\net10.0\SharpMind.Tests.dll' was AnyCPU and it will use the default plaform X64.
TpTrace Information: 0 : 5804, 2, 2026/07/20, 20:50:55.558, 488444330388, vstest.console.dll, None of the sources provided any runnable platform, using the default platform: X64
TpTrace Information: 0 : 5804, 2, 2026/07/20, 20:50:55.558, 488444332475, vstest.console.dll, Platform was updated to 'X64'.
TpTrace Information: 0 : 5804, 2, 2026/07/20, 20:50:55.564, 488444386775, vstest.console.dll, Compatible sources list: 
TpTrace Information: 0 : 5804, 2, 2026/07/20, 20:50:55.564, 488444388288, vstest.console.dll, C:\Integral2u\source\repos\SharpMind\SharpMind.Tests\bin\Debug\net10.0\SharpMind.Tests.dll
TpTrace Information: 0 : 5804, 2, 2026/07/20, 20:50:55.569, 488444440145, vstest.console.dll, InferRunSettingsHelper.IsTestSettingsEnabled: Unable to navigate to RunSettings/MSTest. Current node: RunSettings
TpTrace Information: 0 : 5804, 2, 2026/07/20, 20:50:55.570, 488444452096, vstest.console.dll, AssemblyResolver.OnResolve: Microsoft.VisualStudio.TestPlatform.Fakes: Resolving assembly.
TpTrace Information: 0 : 5804, 2, 2026/07/20, 20:50:55.570, 488444453282, vstest.console.dll, AssemblyResolver.OnResolve: Microsoft.VisualStudio.TestPlatform.Fakes: Searching in: 'C:\Program Files\dotnet\sdk\10.0.400-preview.0.26322.102\Extensions'.
TpTrace Information: 0 : 5804, 2, 2026/07/20, 20:50:55.571, 488444455135, vstest.console.dll, AssemblyResolver.OnResolve: Microsoft.VisualStudio.TestPlatform.Fakes: Assembly path does not exist: 'C:\Program Files\dotnet\sdk\10.0.400-preview.0.26322.102\Extensions\Microsoft.VisualStudio.TestPlatform.Fakes.dll', returning.
TpTrace Information: 0 : 5804, 2, 2026/07/20, 20:50:55.571, 488444456281, vstest.console.dll, AssemblyResolver.OnResolve: Microsoft.VisualStudio.TestPlatform.Fakes: Assembly path does not exist: 'C:\Program Files\dotnet\sdk\10.0.400-preview.0.26322.102\Extensions\Microsoft.VisualStudio.TestPlatform.Fakes.exe', returning.
TpTrace Information: 0 : 5804, 2, 2026/07/20, 20:50:55.571, 488444456789, vstest.console.dll, AssemblyResolver.OnResolve: Microsoft.VisualStudio.TestPlatform.Fakes: Searching in: 'C:\Program Files\dotnet\sdk\10.0.400-preview.0.26322.102'.
TpTrace Information: 0 : 5804, 2, 2026/07/20, 20:50:55.571, 488444457840, vstest.console.dll, AssemblyResolver.OnResolve: Microsoft.VisualStudio.TestPlatform.Fakes: Assembly path does not exist: 'C:\Program Files\dotnet\sdk\10.0.400-preview.0.26322.102\Microsoft.VisualStudio.TestPlatform.Fakes.dll', returning.
TpTrace Information: 0 : 5804, 2, 2026/07/20, 20:50:55.571, 488444458931, vstest.console.dll, AssemblyResolver.OnResolve: Microsoft.VisualStudio.TestPlatform.Fakes: Assembly path does not exist: 'C:\Program Files\dotnet\sdk\10.0.400-preview.0.26322.102\Microsoft.VisualStudio.TestPlatform.Fakes.exe', returning.
TpTrace Information: 0 : 5804, 2, 2026/07/20, 20:50:55.571, 488444459388, vstest.console.dll, AssemblyResolver.OnResolve: Microsoft.VisualStudio.TestPlatform.Fakes: Failed to load assembly.
TpTrace Information: 0 : 5804, 2, 2026/07/20, 20:50:55.571, 488444463547, vstest.console.dll, Failed to load assembly Microsoft.VisualStudio.TestPlatform.Fakes, Version=18.0.0.0, Culture=neutral. Reason:System.IO.FileNotFoundException: Could not load file or assembly 'Microsoft.VisualStudio.TestPlatform.Fakes, Version=18.0.0.0, Culture=neutral, PublicKeyToken=null'. The system cannot find the file specified.
File name: 'Microsoft.VisualStudio.TestPlatform.Fakes, Version=18.0.0.0, Culture=neutral, PublicKeyToken=null'
   at System.Reflection.RuntimeAssembly.InternalLoad(AssemblyName assemblyName, StackCrawlMark& stackMark, AssemblyLoadContext assemblyLoadContext, RuntimeAssembly requestingAssembly, Boolean throwOnFileNotFound)
   at System.Reflection.Assembly.Load(AssemblyName assemblyRef)
   at Microsoft.VisualStudio.TestPlatform.Common.Utilities.FakesUtilities.LoadTestPlatformAssembly() in /_/src/vstest/src/Microsoft.TestPlatform.Common/Utilities/FakesUtilities.cs:line 200
TpTrace Verbose: 0 : 5804, 2, 2026/07/20, 20:50:55.574, 488444490538, vstest.console.dll, TestPluginCache: Update extensions started. Skip filter = False
TpTrace Verbose: 0 : 5804, 2, 2026/07/20, 20:50:55.577, 488444523494, vstest.console.dll, TestPluginCache: Using directories for assembly resolution 'C:\Users\tarra\.nuget\packages\coverlet.collector\10.0.0\build\net10.0'.
TpTrace Verbose: 0 : 5804, 2, 2026/07/20, 20:50:55.578, 488444524838, vstest.console.dll, TestPluginCache: Updated the available extensions to 'C:\Users\tarra\.nuget\packages\coverlet.collector\10.0.0\build\net10.0\coverlet.collector.dll'.
TpTrace Verbose: 0 : 5804, 2, 2026/07/20, 20:50:55.600, 488444745449, vstest.console.dll, TestEngine: Initializing Parallel Execution as MaxCpuCount is set to: 1
TpTrace Information: 0 : 5804, 2, 2026/07/20, 20:50:55.602, 488444765628, vstest.console.dll, TestPluginManager.CreateTestExtension: Attempting to load test extension: Microsoft.VisualStudio.TestPlatform.CrossPlatEngine.Hosting.DefaultTestHostManager
TpTrace Information: 0 : 5804, 2, 2026/07/20, 20:50:55.603, 488444780313, vstest.console.dll, TestPluginManager.CreateTestExtension: Attempting to load test extension: Microsoft.VisualStudio.TestPlatform.CrossPlatEngine.Hosting.DotnetTestHostManager
TpTrace Verbose: 0 : 5804, 2, 2026/07/20, 20:50:55.604, 488444784452, vstest.console.dll, TestHostManagerCallbacks.ctor: Forwarding output is enabled.
TpTrace Information: 0 : 5804, 2, 2026/07/20, 20:50:55.604, 488444791200, vstest.console.dll, InferRunSettingsHelper.IsTestSettingsEnabled: Unable to navigate to RunSettings/MSTest. Current node: RunSettings
TpTrace Verbose: 0 : 5804, 2, 2026/07/20, 20:50:55.605, 488444799317, vstest.console.dll, ParallelOperationManager.ClearSlots: Clearing all slots. Slots should accept more work: True
TpTrace Verbose: 0 : 5804, 2, 2026/07/20, 20:50:55.607, 488444822939, vstest.console.dll, ParallelOperationManager.SetOccupiedSlotCount: Setting slot counts AvailableSlotCount = 1, OccupiedSlotCount = 0.
TpTrace Verbose: 0 : 5804, 2, 2026/07/20, 20:50:55.608, 488444830090, vstest.console.dll, Occupied slots:

TpTrace Verbose: 0 : 5804, 2, 2026/07/20, 20:50:55.618, 488444929568, vstest.console.dll, TestEngine.GetExecutionManager: Chosen execution manager 'Microsoft.VisualStudio.TestPlatform.CrossPlatEngine.Client.Parallel.ParallelProxyExecutionManager, Microsoft.TestPlatform.CrossPlatEngine, Version=15.0.0.0, Culture=neutral, PublicKeyToken=b03f5f7f11d50a3a' ParallelLevel '1'.
TpTrace Verbose: 0 : 5804, 2, 2026/07/20, 20:50:55.618, 488444932653, vstest.console.dll, TestPlatform.GetSkipDefaultAdapters: Not skipping default adapters SkipDefaultAdapters was false.
TpTrace Verbose: 0 : 5804, 2, 2026/07/20, 20:50:55.619, 488444934179, vstest.console.dll, TestRunRequest.ExecuteAsync: Creating test run request.
TpTrace Verbose: 0 : 5804, 2, 2026/07/20, 20:50:55.619, 488444943201, vstest.console.dll, TestRunRequest.ExecuteAsync: Starting.
TpTrace Information: 0 : 5804, 2, 2026/07/20, 20:50:55.620, 488444948241, vstest.console.dll, TestRunRequest.ExecuteAsync: Starting run with settings:TestRunCriteria:
   KeepAlive=False,FrequencyOfRunStatsChangeEvent=10,RunStatsChangeEventTimeout=00:00:01.5000000,TestCaseFilter=,TestExecutorLauncher=
   Settingsxml=<RunSettings>
  <RunConfiguration>
    <ResultsDirectory>C:\Integral2u\source\repos\SharpMind\SharpMind.Tests\TestResults</ResultsDirectory>
    <TargetPlatform>X64</TargetPlatform>
    <TargetFrameworkVersion>.NETCoreApp,Version=v10.0</TargetFrameworkVersion>
    <TestAdaptersPaths>C:\Users\tarra\.nuget\packages\coverlet.collector\10.0.0\build\net10.0\</TestAdaptersPaths>
    <DesignMode>False</DesignMode>
    <CollectSourceInformation>False</CollectSourceInformation>
  </RunConfiguration>
  <LoggerRunSettings>
    <Loggers>
      <Logger friendlyName="Console" assemblyQualifiedName="Microsoft.VisualStudio.TestPlatform.CommandLine.Internal.ConsoleLogger, vstest.console, Version=15.0.0.0, Culture=neutral, PublicKeyToken=b03f5f7f11d50a3a" codeBase="C:\Program Files\dotnet\sdk\10.0.400-preview.0.26322.102\vstest.console.dll" enabled="True">
        <Configuration>
          <Verbosity>minimal</Verbosity>
        </Configuration>
      </Logger>
    </Loggers>
  </LoggerRunSettings>
</RunSettings>

TpTrace Verbose: 0 : 5804, 2, 2026/07/20, 20:50:55.620, 488444949537, vstest.console.dll, TestRunRequest.ExecuteAsync: Wait for the first run request is over.
TpTrace Verbose: 0 : 5804, 2, 2026/07/20, 20:50:55.621, 488444955455, vstest.console.dll, MulticastDelegateUtilities.SafeInvoke: TestRun.TestRunStart: Invoking callbacks was skipped because there are no subscribers.
TpTrace Verbose: 0 : 5804, 4, 2026/07/20, 20:50:55.621, 488444961049, vstest.console.dll, MulticastDelegateUtilities.SafeInvoke: InternalTestLoggerEvents.SendTestRunStart: Invoking callback 1/1 for Microsoft.VisualStudio.TestPlatform.CommandLine.Internal.ConsoleLogger., took 0 ms.
TpTrace Verbose: 0 : 5804, 2, 2026/07/20, 20:50:55.622, 488444973586, vstest.console.dll, ParallelProxyExecutionManager: Start execution. Total sources: 1
TpTrace Verbose: 0 : 5804, 2, 2026/07/20, 20:50:55.623, 488444978788, vstest.console.dll, ParallelOperationManager.StartWork: Starting adding 1 workloads.
TpTrace Verbose: 0 : 5804, 2, 2026/07/20, 20:50:55.623, 488444980210, vstest.console.dll, ParallelOperationManager.ClearSlots: Clearing all slots. Slots should accept more work: True
TpTrace Verbose: 0 : 5804, 2, 2026/07/20, 20:50:55.623, 488444981421, vstest.console.dll, ParallelOperationManager.SetOccupiedSlotCount: Setting slot counts AvailableSlotCount = 1, OccupiedSlotCount = 0.
TpTrace Verbose: 0 : 5804, 2, 2026/07/20, 20:50:55.623, 488444982054, vstest.console.dll, Occupied slots:

TpTrace Verbose: 0 : 5804, 2, 2026/07/20, 20:50:55.626, 488445005131, vstest.console.dll, TestHostManagerCallbacks.ctor: Forwarding output is enabled.
TpTrace Verbose: 0 : 5804, 2, 2026/07/20, 20:50:55.626, 488445008850, vstest.console.dll, TestRequestSender is acting as server.
TpTrace Verbose: 0 : 5804, 2, 2026/07/20, 20:50:55.626, 488445013423, vstest.console.dll, ParallelOperationManager.RunWorkInParallel: Adding 1 workload to slot, remaining workloads 0.
TpTrace Verbose: 0 : 5804, 2, 2026/07/20, 20:50:55.626, 488445014143, vstest.console.dll, ParallelOperationManager.SetOccupiedSlotCount: Setting slot counts AvailableSlotCount = 0, OccupiedSlotCount = 1.
TpTrace Verbose: 0 : 5804, 2, 2026/07/20, 20:50:55.627, 488445015595, vstest.console.dll, Occupied slots:
0: C:\Integral2u\source\repos\SharpMind\SharpMind.Tests\bin\Debug\net10.0\SharpMind.Tests.dll
TpTrace Verbose: 0 : 5804, 2, 2026/07/20, 20:50:55.632, 488445072746, vstest.console.dll, ParallelOperationManager.RunWorkInParallel: Started host in slot number 0 for work (source): C:\Integral2u\source\repos\SharpMind\SharpMind.Tests\bin\Debug\net10.0\SharpMind.Tests.dll.
TpTrace Verbose: 0 : 5804, 2, 2026/07/20, 20:50:55.634, 488445087542, vstest.console.dll, ParallelOperationManager.RunWorkInParallel: We started 1 work items, which is the max parallel level. Won't start more work.
TpTrace Verbose: 0 : 5804, 2, 2026/07/20, 20:50:55.634, 488445089041, vstest.console.dll, ParallelOperationManager.RunWorkInParallel: We started 1 work items in here, returning True.
TpTrace Information: 0 : 5804, 2, 2026/07/20, 20:50:55.634, 488445090172, vstest.console.dll, TestRunRequest.ExecuteAsync: Started.
TpTrace Verbose: 0 : 5804, 2, 2026/07/20, 20:50:55.634, 488445091924, vstest.console.dll, TestRunRequest.WaitForCompletion: Waiting with timeout -1.
TpTrace Verbose: 0 : 5804, 5, 2026/07/20, 20:50:55.635, 488445097840, vstest.console.dll, ParallelProxyExecutionManager.StartTestRunOnConcurrentManager: Initializing uninitialized client. Started clients: 0
TpTrace Verbose: 0 : 5804, 5, 2026/07/20, 20:50:55.635, 488445098777, vstest.console.dll, ParallelProxyExecutionManager.StartTestRunOnConcurrentManager: Initializing test run. Started clients: 0
TpTrace Verbose: 0 : 5804, 5, 2026/07/20, 20:50:55.635, 488445100132, vstest.console.dll, ProxyExecutionManager: Test host is always Lazy initialize.
TpTrace Verbose: 0 : 5804, 5, 2026/07/20, 20:50:55.636, 488445104240, vstest.console.dll, TestRequestSender.InitializeCommunication: initialize communication. 
TpTrace Information: 0 : 5804, 5, 2026/07/20, 20:50:55.653, 488445274888, vstest.console.dll, SocketServer.Start: Listening on endpoint : 127.0.0.1:57603
TpTrace Verbose: 0 : 5804, 5, 2026/07/20, 20:50:55.667, 488445416697, vstest.console.dll, DotnetTestHostmanager.GetTestHostProcessStartInfo: Platform environment 'X64' target architecture 'X64' framework '.NETCoreApp,Version=v10.0' OS 'Windows'
TpTrace Verbose: 0 : 5804, 5, 2026/07/20, 20:50:55.667, 488445419382, vstest.console.dll, DotnetTestHostmanager.LaunchTestHostAsync: VSTEST_DOTNET_ROOT_PATH=C:\Program Files\dotnet
TpTrace Verbose: 0 : 5804, 5, 2026/07/20, 20:50:55.667, 488445420070, vstest.console.dll, DotnetTestHostmanager.LaunchTestHostAsync: VSTEST_DOTNET_ROOT_ARCHITECTURE=X64
TpTrace Verbose: 0 : 5804, 5, 2026/07/20, 20:50:55.667, 488445421718, vstest.console.dll, DotnetTestHostManager.SetDotnetRootForArchitecture: Adding DOTNET_ROOT_X64=C:\Program Files\dotnet to testhost start info.
TpTrace Verbose: 0 : 5804, 5, 2026/07/20, 20:50:55.668, 488445425136, vstest.console.dll, DotnetTestHostmanager: Adding  --runtimeconfig "C:\Integral2u\source\repos\SharpMind\SharpMind.Tests\bin\Debug\net10.0\SharpMind.Tests.runtimeconfig.json" in args
TpTrace Verbose: 0 : 5804, 5, 2026/07/20, 20:50:55.668, 488445426796, vstest.console.dll, DotnetTestHostmanager: Adding  --depsfile "C:\Integral2u\source\repos\SharpMind\SharpMind.Tests\bin\Debug\net10.0\SharpMind.Tests.deps.json" in args
TpTrace Verbose: 0 : 5804, 5, 2026/07/20, 20:50:55.668, 488445429869, vstest.console.dll, DotnetTestHostmanager.IsWinOnArm: Current PROCESSOR_ARCHITECTURE from environment variable 'AMD64'
TpTrace Verbose: 0 : 5804, 5, 2026/07/20, 20:50:55.668, 488445430980, vstest.console.dll, DotnetTestHostmanager.IsWinOnArm: Is Windows on ARM 'False'
TpTrace Verbose: 0 : 5804, 5, 2026/07/20, 20:50:55.668, 488445432876, vstest.console.dll, DotnetTestHostManager: testhost.exe found at path: C:\Integral2u\source\repos\SharpMind\SharpMind.Tests\bin\Debug\net10.0\testhost.exe
TpTrace Verbose: 0 : 5804, 5, 2026/07/20, 20:50:55.668, 488445433771, vstest.console.dll, DotnetTestHostmanager: Full path of host exe is C:\Integral2u\source\repos\SharpMind\SharpMind.Tests\bin\Debug\net10.0\testhost.exe
TpTrace Verbose: 0 : 5804, 5, 2026/07/20, 20:50:55.674, 488445487810, vstest.console.dll, DotnetTestHostManager: Starting process '0' with command line '1' and DOTNET environment: DOTNET_ROOT_X64=C:\Program Files\dotnet, DOTNET_ROOT=C:\Program Files\dotnet 
TpTrace Verbose: 0 : 5804, 5, 2026/07/20, 20:50:55.674, 488445489384, vstest.console.dll, DotnetTestHostManager: Launching testhost with CreateNoWindow=True
TpTrace Verbose: 0 : 5804, 5, 2026/07/20, 20:50:55.692, 488445666492, vstest.console.dll, Test Runtime launched
TpTrace Verbose: 0 : 5804, 5, 2026/07/20, 20:50:55.692, 488445668240, vstest.console.dll, MulticastDelegateUtilities.SafeInvoke: HostProviderEvents.OnHostLaunched: Invoking callback 1/1 for Microsoft.VisualStudio.TestPlatform.CrossPlatEngine.Client.ProxyOperationManager., took 0 ms.
TpTrace Verbose: 0 : 5804, 5, 2026/07/20, 20:50:55.693, 488445681071, vstest.console.dll, TestRequestSender.WaitForRequestHandlerConnection: waiting for connection with timeout: 90000.
TpTrace Verbose: 0 : 5804, 10, 2026/07/20, 20:50:56.056, 488449310083, vstest.console.dll, MulticastDelegateUtilities.SafeInvoke: SocketServer: ClientConnected: Invoking callback 1/1 for Microsoft.VisualStudio.TestPlatform.CommunicationUtilities.TestRequestSender., took 0 ms.
TpTrace Verbose: 0 : 5804, 5, 2026/07/20, 20:50:56.056, 488449310083, vstest.console.dll, TestRequestSender.WaitForRequestHandlerConnection: waiting took 362 ms, with timeout 90000 ms, and result 0, which is success.
TpTrace Verbose: 0 : 5804, 10, 2026/07/20, 20:50:56.056, 488449312153, vstest.console.dll, SocketServer.OnClientConnected: Client connected for endPoint: 127.0.0.1:57603, starting MessageLoopAsync:
TpTrace Verbose: 0 : 5804, 10, 2026/07/20, 20:50:56.057, 488449321601, vstest.console.dll, TcpClientExtensions.MessageLoopAsync: Polling on remoteEndPoint: 127.0.0.1:57605 localEndPoint: 127.0.0.1:57603 after 0 ms
TpTrace Verbose: 0 : 5804, 5, 2026/07/20, 20:50:56.142, 488450170008, vstest.console.dll, TestRequestSender.CheckVersionWithTestHost: Sending check version message: {"MessageType":"ProtocolVersion","Payload":7}
TpTrace Verbose: 0 : 5804, 10, 2026/07/20, 20:50:56.376, 488452508609, vstest.console.dll, TcpClientExtensions.MessageLoopAsync: NotifyDataAvailable remoteEndPoint: 127.0.0.1:57605 localEndPoint: 127.0.0.1:57603
TpTrace Verbose: 0 : 5804, 10, 2026/07/20, 20:50:56.376, 488452513473, vstest.console.dll, TestRequestSender.CheckVersionWithTestHost: onMessageReceived received message: (ProtocolVersion) -> {"MessageType":"ProtocolVersion","Payload":7}
TpTrace Verbose: 0 : 5804, 10, 2026/07/20, 20:50:56.388, 488452631310, vstest.console.dll, MulticastDelegateUtilities.SafeInvoke: LengthPrefixCommunicationChannel: MessageReceived: Invoking callback 1/1 for Microsoft.VisualStudio.TestPlatform.CommunicationUtilities.TestRequestSender+<>c__DisplayClass29_0., took 11 ms.
TpTrace Verbose: 0 : 5804, 10, 2026/07/20, 20:50:56.388, 488452633931, vstest.console.dll, TcpClientExtensions.MessageLoopAsync: Polling on remoteEndPoint: 127.0.0.1:57605 localEndPoint: 127.0.0.1:57603 after 331 ms
TpTrace Verbose: 0 : 5804, 5, 2026/07/20, 20:50:56.389, 488452634286, vstest.console.dll, TestPluginCache.GetExtensionPaths: Filtered extension paths: 
TpTrace Verbose: 0 : 5804, 5, 2026/07/20, 20:50:56.389, 488452635868, vstest.console.dll, TestPluginCache.GetExtensionPaths: Added default extension paths: C:\Program Files\dotnet\sdk\10.0.400-preview.0.26322.102\Extensions\Microsoft.Diagnostics.NETCore.Client.dll
C:\Program Files\dotnet\sdk\10.0.400-preview.0.26322.102\Extensions\Microsoft.TestPlatform.Extensions.BlameDataCollector.dll
C:\Program Files\dotnet\sdk\10.0.400-preview.0.26322.102\Extensions\Microsoft.TestPlatform.Extensions.EventLogCollector.dll
C:\Program Files\dotnet\sdk\10.0.400-preview.0.26322.102\Extensions\Microsoft.TestPlatform.TestHostRuntimeProvider.dll
C:\Program Files\dotnet\sdk\10.0.400-preview.0.26322.102\Extensions\Microsoft.VisualStudio.TestPlatform.Extensions.Html.TestLogger.dll
C:\Program Files\dotnet\sdk\10.0.400-preview.0.26322.102\Extensions\Microsoft.VisualStudio.TestPlatform.Extensions.Trx.TestLogger.dll
TpTrace Verbose: 0 : 5804, 5, 2026/07/20, 20:50:56.389, 488452637025, vstest.console.dll, TestPluginCache.GetExtensionPaths: Added unfilterableExtensionPaths: 
TpTrace Verbose: 0 : 5804, 10, 2026/07/20, 20:50:56.395, 488452694570, vstest.console.dll, TcpClientExtensions.MessageLoopAsync: NotifyDataAvailable remoteEndPoint: 127.0.0.1:57605 localEndPoint: 127.0.0.1:57603
TpTrace Verbose: 0 : 5804, 5, 2026/07/20, 20:50:56.401, 488452755396, vstest.console.dll, TestRequestSender.InitializeExecution: Sending initialize execution with message: {"Version":7,"MessageType":"TestExecution.Initialize","Payload":["C:\\Integral2u\\source\\repos\\SharpMind\\SharpMind.Tests\\bin\\Debug\\net10.0\\xunit.runner.visualstudio.testadapter.dll"]}
TpTrace Verbose: 0 : 5804, 5, 2026/07/20, 20:50:56.401, 488452758877, vstest.console.dll, ParallelProxyExecutionManager.StartTestRunOnConcurrentManager: Execution starting. Started clients: 1
TpTrace Warning: 0 : 5804, 5, 2026/07/20, 20:50:56.402, 488452765074, vstest.console.dll, InferRunSettingsHelper.MakeRunsettingsCompatible: Removing the following settings: TargetPlatform from RunSettings file. To use those settings please move to latest version of Microsoft.NET.Test.Sdk
TpTrace Verbose: 0 : 5804, 10, 2026/07/20, 20:50:56.403, 488452779854, vstest.console.dll, TestRequestSender.OnExecutionMessageReceived: Received message: {"Version":7,"MessageType":"TestSession.Message","Payload":{"MessageLevel":0,"Message":"Logging TestHost Diagnostics in file: C:\\Integral2u\\source\\repos\\SharpMind\\test-results.host.26-07-20_20-50-55_66640_5.txt"}}
TpTrace Verbose: 0 : 5804, 10, 2026/07/20, 20:50:56.411, 488452859426, vstest.console.dll, TestRunRequest:SendTestRunMessage: Starting.
TpTrace Verbose: 0 : 5804, 10, 2026/07/20, 20:50:56.413, 488452883639, vstest.console.dll, MulticastDelegateUtilities.SafeInvoke: TestRun.LogMessages: Invoking callback 1/1 for Microsoft.VisualStudio.TestPlatform.CommandLine.TestRunResultAggregator., took 1 ms.
TpTrace Information: 0 : 5804, 10, 2026/07/20, 20:50:56.414, 488452885867, vstest.console.dll, TestRunRequest:SendTestRunMessage: Completed.
TpTrace Verbose: 0 : 5804, 10, 2026/07/20, 20:50:56.414, 488452893331, vstest.console.dll, MulticastDelegateUtilities.SafeInvoke: LengthPrefixCommunicationChannel: MessageReceived: Invoking callback 1/1 for Microsoft.VisualStudio.TestPlatform.CommunicationUtilities.TestRequestSender+<>c__DisplayClass34_0., took 11 ms.
TpTrace Verbose: 0 : 5804, 10, 2026/07/20, 20:50:56.415, 488452895962, vstest.console.dll, TcpClientExtensions.MessageLoopAsync: Polling on remoteEndPoint: 127.0.0.1:57605 localEndPoint: 127.0.0.1:57603 after 26 ms
TpTrace Verbose: 0 : 5804, 4, 2026/07/20, 20:50:56.416, 488452910214, vstest.console.dll, MulticastDelegateUtilities.SafeInvoke: InternalTestLoggerEvents.SendTestRunMessage: Invoking callback 1/1 for Microsoft.VisualStudio.TestPlatform.CommandLine.Internal.ConsoleLogger., took 0 ms.
TpTrace Verbose: 0 : 5804, 5, 2026/07/20, 20:50:56.424, 488452985702, vstest.console.dll, TestRequestSender.StartTestRun: Sending test run with message: {"Version":7,"MessageType":"TestExecution.StartWithSources","Payload":{"AdapterSourceMap":{"_none_":["C:\\Integral2u\\source\\repos\\SharpMind\\SharpMind.Tests\\bin\\Debug\\net10.0\\SharpMind.Tests.dll"]},"RunSettings":"<RunSettings>\r\n  <RunConfiguration>\r\n    <ResultsDirectory>C:\\Integral2u\\source\\repos\\SharpMind\\SharpMind.Tests\\TestResults</ResultsDirectory>\r\n    <TargetFrameworkVersion>.NETCoreApp,Version=v10.0</TargetFrameworkVersion>\r\n    <TestAdaptersPaths>C:\\Users\\tarra\\.nuget\\packages\\coverlet.collector\\10.0.0\\build\\net10.0\\</TestAdaptersPaths>\r\n    <DesignMode>False</DesignMode>\r\n    <CollectSourceInformation>False</CollectSourceInformation>\r\n  </RunConfiguration>\r\n  <LoggerRunSettings>\r\n    <Loggers>\r\n      <Logger friendlyName=\"Console\" assemblyQualifiedName=\"Microsoft.VisualStudio.TestPlatform.CommandLine.Internal.ConsoleLogger, vstest.console, Version=15.0.0.0, Culture=neutral, PublicKeyToken=b03f5f7f11d50a3a\" codeBase=\"C:\\Program Files\\dotnet\\sdk\\10.0.400-preview.0.26322.102\\vstest.console.dll\" enabled=\"True\">\r\n        <Configuration>\r\n          <Verbosity>minimal</Verbosity>\r\n        </Configuration>\r\n      </Logger>\r\n    </Loggers>\r\n  </LoggerRunSettings>\r\n</RunSettings>","TestExecutionContext":{"FrequencyOfRunStatsChangeEvent":10,"RunStatsChangeEventTimeout":"00:00:01.5000000","InIsolation":false,"KeepAlive":false,"AreTestCaseLevelEventsRequired":false,"IsDebug":false,"TestCaseFilter":null,"FilterOptions":null},"Package":null}}
TpTrace Verbose: 0 : 5804, 5, 2026/07/20, 20:50:56.424, 488452988987, vstest.console.dll, ParallelProxyExecutionManager.StartTestRunOnConcurrentManager: Execution started. Started clients: 1
TpTrace Verbose: 0 : 5804, 10, 2026/07/20, 20:50:56.856, 488457304986, vstest.console.dll, TcpClientExtensions.MessageLoopAsync: NotifyDataAvailable remoteEndPoint: 127.0.0.1:57605 localEndPoint: 127.0.0.1:57603
TpTrace Verbose: 0 : 5804, 10, 2026/07/20, 20:50:56.856, 488457307427, vstest.console.dll, TestRequestSender.OnExecutionMessageReceived: Received message: {"Version":7,"MessageType":"TestSession.Message","Payload":{"MessageLevel":0,"Message":"[xUnit.net 00:00:00.01] xUnit.net VSTest Adapter v3.1.5+1b188a7b0a (64-bit .NET 10.0.9)"}}
TpTrace Verbose: 0 : 5804, 10, 2026/07/20, 20:50:56.856, 488457311169, vstest.console.dll, TestRunRequest:SendTestRunMessage: Starting.
TpTrace Verbose: 0 : 5804, 10, 2026/07/20, 20:50:56.856, 488457312953, vstest.console.dll, MulticastDelegateUtilities.SafeInvoke: TestRun.LogMessages: Invoking callback 1/1 for Microsoft.VisualStudio.TestPlatform.CommandLine.TestRunResultAggregator., took 0 ms.
TpTrace Verbose: 0 : 5804, 4, 2026/07/20, 20:50:56.856, 488457313145, vstest.console.dll, MulticastDelegateUtilities.SafeInvoke: InternalTestLoggerEvents.SendTestRunMessage: Invoking callback 1/1 for Microsoft.VisualStudio.TestPlatform.CommandLine.Internal.ConsoleLogger., took 0 ms.
TpTrace Information: 0 : 5804, 10, 2026/07/20, 20:50:56.857, 488457314282, vstest.console.dll, TestRunRequest:SendTestRunMessage: Completed.
TpTrace Verbose: 0 : 5804, 10, 2026/07/20, 20:50:56.857, 488457316305, vstest.console.dll, MulticastDelegateUtilities.SafeInvoke: LengthPrefixCommunicationChannel: MessageReceived: Invoking callback 1/1 for Microsoft.VisualStudio.TestPlatform.CommunicationUtilities.TestRequestSender+<>c__DisplayClass34_0., took 0 ms.
TpTrace Verbose: 0 : 5804, 10, 2026/07/20, 20:50:56.857, 488457317036, vstest.console.dll, TcpClientExtensions.MessageLoopAsync: Polling on remoteEndPoint: 127.0.0.1:57605 localEndPoint: 127.0.0.1:57603 after 442 ms
TpTrace Verbose: 0 : 5804, 10, 2026/07/20, 20:50:57.105, 488459798567, vstest.console.dll, TcpClientExtensions.MessageLoopAsync: NotifyDataAvailable remoteEndPoint: 127.0.0.1:57605 localEndPoint: 127.0.0.1:57603
TpTrace Verbose: 0 : 5804, 10, 2026/07/20, 20:50:57.105, 488459800243, vstest.console.dll, TestRequestSender.OnExecutionMessageReceived: Received message: {"Version":7,"MessageType":"TestSession.Message","Payload":{"MessageLevel":0,"Message":"[xUnit.net 00:00:00.26]   Discovering: SharpMind.Tests"}}
TpTrace Verbose: 0 : 5804, 10, 2026/07/20, 20:50:57.105, 488459801622, vstest.console.dll, TestRunRequest:SendTestRunMessage: Starting.
TpTrace Verbose: 0 : 5804, 10, 2026/07/20, 20:50:57.105, 488459802475, vstest.console.dll, MulticastDelegateUtilities.SafeInvoke: TestRun.LogMessages: Invoking callback 1/1 for Microsoft.VisualStudio.TestPlatform.CommandLine.TestRunResultAggregator., took 0 ms.
TpTrace Verbose: 0 : 5804, 4, 2026/07/20, 20:50:57.105, 488459802748, vstest.console.dll, MulticastDelegateUtilities.SafeInvoke: InternalTestLoggerEvents.SendTestRunMessage: Invoking callback 1/1 for Microsoft.VisualStudio.TestPlatform.CommandLine.Internal.ConsoleLogger., took 0 ms.
TpTrace Information: 0 : 5804, 10, 2026/07/20, 20:50:57.105, 488459803200, vstest.console.dll, TestRunRequest:SendTestRunMessage: Completed.
TpTrace Verbose: 0 : 5804, 10, 2026/07/20, 20:50:57.106, 488459804485, vstest.console.dll, MulticastDelegateUtilities.SafeInvoke: LengthPrefixCommunicationChannel: MessageReceived: Invoking callback 1/1 for Microsoft.VisualStudio.TestPlatform.CommunicationUtilities.TestRequestSender+<>c__DisplayClass34_0., took 0 ms.
TpTrace Verbose: 0 : 5804, 10, 2026/07/20, 20:50:57.106, 488459804947, vstest.console.dll, TcpClientExtensions.MessageLoopAsync: Polling on remoteEndPoint: 127.0.0.1:57605 localEndPoint: 127.0.0.1:57603 after 248 ms
TpTrace Verbose: 0 : 5804, 10, 2026/07/20, 20:50:58.105, 488469802379, vstest.console.dll, TcpClientExtensions.MessageLoopAsync: Polling on remoteEndPoint: 127.0.0.1:57605 localEndPoint: 127.0.0.1:57603 after 999 ms
TpTrace Verbose: 0 : 5804, 10, 2026/07/20, 20:50:58.292, 488471666473, vstest.console.dll, TcpClientExtensions.MessageLoopAsync: NotifyDataAvailable remoteEndPoint: 127.0.0.1:57605 localEndPoint: 127.0.0.1:57603
TpTrace Verbose: 0 : 5804, 10, 2026/07/20, 20:50:58.292, 488471668663, vstest.console.dll, TestRequestSender.OnExecutionMessageReceived: Received message: {"Version":7,"MessageType":"TestSession.Message","Payload":{"MessageLevel":0,"Message":"[xUnit.net 00:00:01.44]   Discovered:  SharpMind.Tests"}}
TpTrace Verbose: 0 : 5804, 10, 2026/07/20, 20:50:58.292, 488471670230, vstest.console.dll, TestRunRequest:SendTestRunMessage: Starting.
TpTrace Verbose: 0 : 5804, 10, 2026/07/20, 20:50:58.292, 488471671238, vstest.console.dll, MulticastDelegateUtilities.SafeInvoke: TestRun.LogMessages: Invoking callback 1/1 for Microsoft.VisualStudio.TestPlatform.CommandLine.TestRunResultAggregator., took 0 ms.
TpTrace Verbose: 0 : 5804, 4, 2026/07/20, 20:50:58.292, 488471671520, vstest.console.dll, MulticastDelegateUtilities.SafeInvoke: InternalTestLoggerEvents.SendTestRunMessage: Invoking callback 1/1 for Microsoft.VisualStudio.TestPlatform.CommandLine.Internal.ConsoleLogger., took 0 ms.
TpTrace Information: 0 : 5804, 10, 2026/07/20, 20:50:58.292, 488471672122, vstest.console.dll, TestRunRequest:SendTestRunMessage: Completed.
TpTrace Verbose: 0 : 5804, 10, 2026/07/20, 20:50:58.292, 488471673439, vstest.console.dll, MulticastDelegateUtilities.SafeInvoke: LengthPrefixCommunicationChannel: MessageReceived: Invoking callback 1/1 for Microsoft.VisualStudio.TestPlatform.CommunicationUtilities.TestRequestSender+<>c__DisplayClass34_0., took 0 ms.
TpTrace Verbose: 0 : 5804, 10, 2026/07/20, 20:50:58.293, 488471674263, vstest.console.dll, TcpClientExtensions.MessageLoopAsync: Polling on remoteEndPoint: 127.0.0.1:57605 localEndPoint: 127.0.0.1:57603 after 187 ms
TpTrace Verbose: 0 : 5804, 10, 2026/07/20, 20:50:58.451, 488473254816, vstest.console.dll, TcpClientExtensions.MessageLoopAsync: NotifyDataAvailable remoteEndPoint: 127.0.0.1:57605 localEndPoint: 127.0.0.1:57603
TpTrace Verbose: 0 : 5804, 10, 2026/07/20, 20:50:58.451, 488473257407, vstest.console.dll, TestRequestSender.OnExecutionMessageReceived: Received message: {"Version":7,"MessageType":"TestSession.Message","Payload":{"MessageLevel":0,"Message":"[xUnit.net 00:00:01.60]   Starting:    SharpMind.Tests"}}
TpTrace Verbose: 0 : 5804, 10, 2026/07/20, 20:50:58.451, 488473260121, vstest.console.dll, TestRunRequest:SendTestRunMessage: Starting.
TpTrace Verbose: 0 : 5804, 10, 2026/07/20, 20:50:58.451, 488473263286, vstest.console.dll, MulticastDelegateUtilities.SafeInvoke: TestRun.LogMessages: Invoking callback 1/1 for Microsoft.VisualStudio.TestPlatform.CommandLine.TestRunResultAggregator., took 0 ms.
TpTrace Information: 0 : 5804, 10, 2026/07/20, 20:50:58.451, 488473264152, vstest.console.dll, TestRunRequest:SendTestRunMessage: Completed.
TpTrace Verbose: 0 : 5804, 10, 2026/07/20, 20:50:58.452, 488473264881, vstest.console.dll, MulticastDelegateUtilities.SafeInvoke: LengthPrefixCommunicationChannel: MessageReceived: Invoking callback 1/1 for Microsoft.VisualStudio.TestPlatform.CommunicationUtilities.TestRequestSender+<>c__DisplayClass34_0., took 0 ms.
TpTrace Verbose: 0 : 5804, 10, 2026/07/20, 20:50:58.452, 488473265789, vstest.console.dll, TcpClientExtensions.MessageLoopAsync: Polling on remoteEndPoint: 127.0.0.1:57605 localEndPoint: 127.0.0.1:57603 after 159 ms
TpTrace Verbose: 0 : 5804, 4, 2026/07/20, 20:50:58.452, 488473267845, vstest.console.dll, MulticastDelegateUtilities.SafeInvoke: InternalTestLoggerEvents.SendTestRunMessage: Invoking callback 1/1 for Microsoft.VisualStudio.TestPlatform.CommandLine.Internal.ConsoleLogger., took 0 ms.
TpTrace Verbose: 0 : 5804, 10, 2026/07/20, 20:50:58.755, 488476299205, vstest.console.dll, TcpClientExtensions.MessageLoopAsync: NotifyDataAvailable remoteEndPoint: 127.0.0.1:57605 localEndPoint: 127.0.0.1:57603
TpTrace Verbose: 0 : 5804, 10, 2026/07/20, 20:50:58.755, 488476301686, vstest.console.dll, TestRequestSender.OnExecutionMessageReceived: Received message: {"Version":7,"MessageType":"TestExecution.StatsChange","Payload":{"NewTestResults":[],"TestRunStatistics":{"ExecutedTests":0,"Stats":{}},"ActiveTests":[{"Id":"79ee7a83-e994-0a4e-e94a-a8894d5de997","FullyQualifiedName":"SharpMind.Tests.Data.BuiltInStageTests.StripHtml_DecodesEntities","DisplayName":"SharpMind.Tests.Data.BuiltInStageTests.StripHtml_DecodesEntities(entity: \"&gt;\", expected: \">\")","ExecutorUri":"executor://xunit/VsTestRunner3/netcore/","Source":"C:\\Integral2u\\source\\repos\\SharpMind\\SharpMind.Tests\\bin\\Debug\\net10.0\\SharpMind.Tests.dll","CodeFilePath":null,"LineNumber":0,"Properties":[{"Key":{"Id":"XunitTestCaseUniqueID","Label":"xUnit.net Test Case Unique ID","Category":"","Description":"","Attributes":0,"ValueType":"System.String"},"Value":"3596b17c18160fa676ea4a4b040a6f4b0a26b6ac"},{"Key":{"Id":"TestCase.ManagedType","Label":"ManagedType","Category":"","Description":"","Attributes":1,"ValueType":"System.String"},"Value":"SharpMind.Tests.Data.BuiltInStageTests"},{"Key":{"Id":"XunitTestCaseExplicit","Label":"xUnit.net Test Case Explicit Flag","Category":"","Description":"","Attributes":0,"ValueType":"System.Boolean"},"Value":false},{"Key":{"Id":"TestCase.ManagedMethod","Label":"ManagedMethod","Category":"","Description":"","Attributes":1,"ValueType":"System.String"},"Value":"StripHtml_DecodesEntities"}]}]}}
TpTrace Verbose: 0 : 5804, 10, 2026/07/20, 20:50:58.809, 488476837731, vstest.console.dll, TestRunRequest:SendTestRunStatsChange: Starting.
TpTrace Verbose: 0 : 5804, 10, 2026/07/20, 20:50:58.809, 488476840694, vstest.console.dll, InProgress is SharpMind.Tests.Data.BuiltInStageTests.StripHtml_DecodesEntities(entity: "&gt;", expected: ">")
TpTrace Verbose: 0 : 5804, 10, 2026/07/20, 20:50:58.809, 488476842623, vstest.console.dll, MulticastDelegateUtilities.SafeInvoke: TestRun.RunStatsChanged: Invoking callbacks was skipped because there are no subscribers.
TpTrace Information: 0 : 5804, 10, 2026/07/20, 20:50:58.809, 488476843282, vstest.console.dll, TestRunRequest:SendTestRunStatsChange: Completed.
TpTrace Verbose: 0 : 5804, 10, 2026/07/20, 20:50:58.809, 488476843875, vstest.console.dll, MulticastDelegateUtilities.SafeInvoke: LengthPrefixCommunicationChannel: MessageReceived: Invoking callback 1/1 for Microsoft.VisualStudio.TestPlatform.CommunicationUtilities.TestRequestSender+<>c__DisplayClass34_0., took 54 ms.
TpTrace Verbose: 0 : 5804, 10, 2026/07/20, 20:50:58.810, 488476846135, vstest.console.dll, TcpClientExtensions.MessageLoopAsync: Polling on remoteEndPoint: 127.0.0.1:57605 localEndPoint: 127.0.0.1:57603 after 357 ms
TpTrace Verbose: 0 : 5804, 10, 2026/07/20, 20:50:58.942, 488478173118, vstest.console.dll, TcpClientExtensions.MessageLoopAsync: NotifyDataAvailable remoteEndPoint: 127.0.0.1:57605 localEndPoint: 127.0.0.1:57603
TpTrace Verbose: 0 : 5804, 10, 2026/07/20, 20:50:58.949, 488478243196, vstest.console.dll, TestRequestSender.OnExecutionMessageReceived: Received message: {"Version":7,"MessageType":"TestExecution.StatsChange","Payload":{"NewTestResults":[{"TestCase":{"Id":"79ee7a83-e994-0a4e-e94a-a8894d5de997","FullyQualifiedName":"SharpMind.Tests.Data.BuiltInStageTests.StripHtml_DecodesEntities","DisplayName":"SharpMind.Tests.Data.BuiltInStageTests.StripHtml_DecodesEntities(entity: \"&gt;\", expected: \">\")","ExecutorUri":"executor://xunit/VsTestRunner3/netcore/","Source":"C:\\Integral2u\\source\\repos\\SharpMind\\SharpMind.Tests\\bin\\Debug\\net10.0\\SharpMind.Tests.dll","CodeFilePath":null,"LineNumber":0,"Properties":[{"Key":{"Id":"XunitTestCaseUniqueID","Label":"xUnit.net Test Case Unique ID","Category":"","Description":"","Attributes":0,"ValueType":"System.String"},"Value":"3596b17c18160fa676ea4a4b040a6f4b0a26b6ac"},{"Key":{"Id":"TestCase.ManagedType","Label":"ManagedType","Category":"","Description":"","Attributes":1,"ValueType":"System.String"},"Value":"SharpMind.Tests.Data.BuiltInStageTests"},{"Key":{"Id":"XunitTestCaseExplicit","Label":"xUnit.net Test Case Explicit Flag","Category":"","Description":"","Attributes":0,"ValueType":"System.Boolean"},"Value":false},{"Key":{"Id":"TestCase.ManagedMethod","Label":"ManagedMethod","Category":"","Description":"","Attributes":1,"ValueType":"System.String"},"Value":"StripHtml_DecodesEntities"}]},"Attachments":[],"Outcome":1,"ErrorMessage":null,"ErrorStackTrace":null,"DisplayName":"SharpMind.Tests.Data.BuiltInStageTests.StripHtml_DecodesEntities(entity: \"&gt;\", expected: \">\")","Messages":[],"ComputerName":"LAPTOP-MKMTSO1B","Duration":"00:00:00.1691409","StartTime":"2026-07-20T08:50:58.8220579+00:00","EndTime":"2026-07-20T08:50:58.8354926+00:00","Properties":[]},{"TestCase":{"Id":"c4a86f5a-4b3b-b5a7-8c86-9bdceaadb764","FullyQualifiedName":"SharpMind.Tests.Data.BuiltInStageTests.StripHtml_DecodesEntities","DisplayName":"SharpMind.Tests.Data.BuiltInStageTests.StripHtml_DecodesEntities(entity: \"&#65;\", expected: \"A\")","ExecutorUri":"executor://xunit/VsTestRunner3/netcore/","Source":"C:\\Integral2u\\source\\repos\\SharpMind\\SharpMind.Tests\\bin\\Debug\\net10.0\\SharpMind.Tests.dll","CodeFilePath":null,"LineNumber":0,"Properties":[{"Key":{"Id":"XunitTestCaseUniqueID","Label":"xUnit.net Test Case Unique ID","Category":"","Description":"","Attributes":0,"ValueType":"System.String"},"Value":"b60e3c0b79142db6d3c9f0273d65f250cfd18892"},{"Key":{"Id":"TestCase.ManagedType","Label":"ManagedType","Category":"","Description":"","Attributes":1,"ValueType":"System.String"},"Value":"SharpMind.Tests.Data.BuiltInStageTests"},{"Key":{"Id":"XunitTestCaseExplicit","Label":"xUnit.net Test Case Explicit Flag","Category":"","Description":"","Attributes":0,"ValueType":"System.Boolean"},"Value":false},{"Key":{"Id":"TestCase.ManagedMethod","Label":"ManagedMethod","Category":"","Description":"","Attributes":1,"ValueType":"System.String"},"Value":"StripHtml_DecodesEntities"}]},"Attachments":[],"Outcome":1,"ErrorMessage":null,"ErrorStackTrace":null,"DisplayName":"SharpMind.Tests.Data.BuiltInStageTests.StripHtml_DecodesEntities(entity: \"&#65;\", expected: \"A\")","Messages":[],"ComputerName":"LAPTOP-MKMTSO1B","Duration":"00:00:00.0004904","StartTime":"2026-07-20T08:50:58.8777043+00:00","EndTime":"2026-07-20T08:50:58.8780381+00:00","Properties":[]},{"TestCase":{"Id":"6bdab635-d883-b67c-03fa-3045f8dac0af","FullyQualifiedName":"SharpMind.Tests.Data.BuiltInStageTests.StripHtml_DecodesEntities","DisplayName":"SharpMind.Tests.Data.BuiltInStageTests.StripHtml_DecodesEntities(entity: \"&quot;\", expected: \"\\\"\")","ExecutorUri":"executor://xunit/VsTestRunner3/netcore/","Source":"C:\\Integral2u\\source\\repos\\SharpMind\\SharpMind.Tests\\bin\\Debug\\net10.0\\SharpMind.Tests.dll","CodeFilePath":null,"LineNumber":0,"Properties":[{"Key":{"Id":"XunitTestCaseUniqueID","Label":"xUnit.net Test Case Unique ID","Category":"","Description":"","Attributes":0,"ValueType":"System.String"},"Value":"d0119ec071ca72b4024c2319375cc354e4230539"},{"Key":{"Id":"TestCase.ManagedType","Label":"ManagedType","Category":"","Description":"","Attributes":1,"ValueType":"System.String"},"Value":"SharpMind.Tests.Data.BuiltInStageTests"},{"Key":{"Id":"XunitTestCaseExplicit","Label":"xUnit.net Test Case Explicit Flag","Category":"","Description":"","Attributes":0,"ValueType":"System.Boolean"},"Value":false},{"Key":{"Id":"TestCase.ManagedMethod","Label":"ManagedMethod","Category":"","Description":"","Attributes":1,"ValueType":"System.String"},"Value":"StripHtml_DecodesEntities"}]},"Attachments":[],"Outcome":1,"ErrorMessage":null,"ErrorStackTrace":null,"DisplayName":"SharpMind.Tests.Data.BuiltInStageTests.StripHtml_DecodesEntities(entity: \"&quot;\", expected: \"\\\"\")","Messages":[],"ComputerName":"LAPTOP-MKMTSO1B","Duration":"00:00:00.0000407","StartTime":"2026-07-20T08:50:58.8851432+00:00","EndTime":"2026-07-20T08:50:58.8853362+00:00","Properties":[]},{"TestCase":{"Id":"1a67229e-220b-441c-10ac-525c5adbbbd4","FullyQualifiedName":"SharpMind.Tests.Data.BuiltInStageTests.StripHtml_DecodesEntities","DisplayName":"SharpMind.Tests.Data.BuiltInStageTests.StripHtml_DecodesEntities(entity: \"&lt;\", expected: \"<\")","ExecutorUri":"executor://xunit/VsTestRunner3/netcore/","Source":"C:\\Integral2u\\source\\repos\\SharpMind\\SharpMind.Tests\\bin\\Debug\\net10.0\\SharpMind.Tests.dll","CodeFilePath":null,"LineNumber":0,"Properties":[{"Key":{"Id":"XunitTestCaseUniqueID","Label":"xUnit.net Test Case Unique ID","Category":"","Description":"","Attributes":0,"ValueType":"System.String"},"Value":"f36e79c7df60b166391ed83fe3ce7468bcd5eb2a"},{"Key":{"Id":"TestCase.ManagedType","Label":"ManagedType","Category":"","Description":"","Attributes":1,"ValueType":"System.String"},"Value":"SharpMind.Tests.Data.BuiltInStageTests"},{"Key":{"Id":"XunitTestCaseExplicit","Label":"xUnit.net Test Case Explicit Flag","Category":"","Description":"","Attributes":0,"ValueType":"System.Boolean"},"Value":false},{"Key":{"Id":"TestCase.ManagedMethod","Label":"ManagedMethod","Category":"","Description":"","Attributes":1,"ValueType":"System.String"},"Value":"StripHtml_DecodesEntities"}]},"Attachments":[],"Outcome":1,"ErrorMessage":null,"ErrorStackTrace":null,"DisplayName":"SharpMind.Tests.Data.BuiltInStageTests.StripHtml_DecodesEntities(entity: \"&lt;\", expected: \"<\")","Messages":[],"ComputerName":"LAPTOP-MKMTSO1B","Duration":"00:00:00.0000275","StartTime":"2026-07-20T08:50:58.8861136+00:00","EndTime":"2026-07-20T08:50:58.88631+00:00","Properties":[]},{"TestCase":{"Id":"cc41c509-2953-4c90-41f0-5939318c8f38","FullyQualifiedName":"SharpMind.Tests.Data.BuiltInStageTests.StripHtml_DecodesEntities","DisplayName":"SharpMind.Tests.Data.BuiltInStageTests.StripHtml_DecodesEntities(entity: \"&amp;\", expected: \"&\")","ExecutorUri":"executor://xunit/VsTestRunner3/netcore/","Source":"C:\\Integral2u\\source\\repos\\SharpMind\\SharpMind.Tests\\bin\\Debug\\net10.0\\SharpMind.Tests.dll","CodeFilePath":null,"LineNumber":0,"Properties":[{"Key":{"Id":"XunitTestCaseUniqueID","Label":"xUnit.net Test Case Unique ID","Category":"","Description":"","Attributes":0,"ValueType":"System.String"},"Value":"f7639a19d3c80858d511a03f547ec2c6b7081684"},{"Key":{"Id":"TestCase.ManagedType","Label":"ManagedType","Category":"","Description":"","Attributes":1,"ValueType":"System.String"},"Value":"SharpMind.Tests.Data.BuiltInStageTests"},{"Key":{"Id":"XunitTestCaseExplicit","Label":"xUnit.net Test Case Explicit Flag","Category":"","Description":"","Attributes":0,"ValueType":"System.Boolean"},"Value":false},{"Key":{"Id":"TestCase.ManagedMethod","Label":"ManagedMethod","Category":"","Description":"","Attributes":1,"ValueType":"System.String"},"Value":"StripHtml_DecodesEntities"}]},"Attachments":[],"Outcome":1,"ErrorMessage":null,"ErrorStackTrace":null,"DisplayName":"SharpMind.Tests.Data.BuiltInStageTests.StripHtml_DecodesEntities(entity: \"&amp;\", expected: \"&\")","Messages":[],"ComputerName":"LAPTOP-MKMTSO1B","Duration":"00:00:00.0000206","StartTime":"2026-07-20T08:50:58.8882138+00:00","EndTime":"2026-07-20T08:50:58.888443+00:00","Properties":[]},{"TestCase":{"Id":"5614bb67-3f7e-7560-7e4a-42912ee37d18","FullyQualifiedName":"SharpMind.Tests.Data.BuiltInStageTests.MaxLengthFilter_PassesShortEnough","DisplayName":"SharpMind.Tests.Data.BuiltInStageTests.MaxLengthFilter_PassesShortEnough","ExecutorUri":"executor://xunit/VsTestRunner3/netcore/","Source":"C:\\Integral2u\\source\\repos\\SharpMind\\SharpMind.Tests\\bin\\Debug\\net10.0\\SharpMind.Tests.dll","CodeFilePath":null,"LineNumber":0,"Properties":[{"Key":{"Id":"XunitTestCaseUniqueID","Label":"xUnit.net Test Case Unique ID","Category":"","Description":"","Attributes":0,"ValueType":"System.String"},"Value":"35b25f28fe8732d220a06c74f7c42f0d784f472c"},{"Key":{"Id":"TestCase.ManagedType","Label":"ManagedType","Category":"","Description":"","Attributes":1,"ValueType":"System.String"},"Value":"SharpMind.Tests.Data.BuiltInStageTests"},{"Key":{"Id":"XunitTestCaseExplicit","Label":"xUnit.net Test Case Explicit Flag","Category":"","Description":"","Attributes":0,"ValueType":"System.Boolean"},"Value":false},{"Key":{"Id":"TestCase.ManagedMethod","Label":"ManagedMethod","Category":"","Description":"","Attributes":1,"ValueType":"System.String"},"Value":"MaxLengthFilter_PassesShortEnough"}]},"Attachments":[],"Outcome":1,"ErrorMessage":null,"ErrorStackTrace":null,"DisplayName":"SharpMind.Tests.Data.BuiltInStageTests.MaxLengthFilter_PassesShortEnough","Messages":[],"ComputerName":"LAPTOP-MKMTSO1B","Duration":"00:00:00.0009750","StartTime":"2026-07-20T08:50:58.892259+00:00","EndTime":"2026-07-20T08:50:58.8924616+00:00","Properties":[]},{"TestCase":{"Id":"dec045c0-dc2b-b6f5-2723-5ddca9b8f354","FullyQualifiedName":"SharpMind.Tests.Data.BuiltInStageTests.NormaliseWhitespace_AllWhitespace_ReturnsNull","DisplayName":"SharpMind.Tests.Data.BuiltInStageTests.NormaliseWhitespace_AllWhitespace_ReturnsNull","ExecutorUri":"executor://xunit/VsTestRunner3/netcore/","Source":"C:\\Integral2u\\source\\repos\\SharpMind\\SharpMind.Tests\\bin\\Debug\\net10.0\\SharpMind.Tests.dll","CodeFilePath":null,"LineNumber":0,"Properties":[{"Key":{"Id":"XunitTestCaseUniqueID","Label":"xUnit.net Test Case Unique ID","Category":"","Description":"","Attributes":0,"ValueType":"System.String"},"Value":"3a4943e26ba3dc32e86caa82ebbea3b9efa55484"},{"Key":{"Id":"TestCase.ManagedType","Label":"ManagedType","Category":"","Description":"","Attributes":1,"ValueType":"System.String"},"Value":"SharpMind.Tests.Data.BuiltInStageTests"},{"Key":{"Id":"XunitTestCaseExplicit","Label":"xUnit.net Test Case Explicit Flag","Category":"","Description":"","Attributes":0,"ValueType":"System.Boolean"},"Value":false},{"Key":{"Id":"TestCase.ManagedMethod","Label":"ManagedMethod","Category":"","Description":"","Attributes":1,"ValueType":"System.String"},"Value":"NormaliseWhitespace_AllWhitespace_ReturnsNull"}]},"Attachments":[],"Outcome":1,"ErrorMessage":null,"ErrorStackTrace":null,"DisplayName":"SharpMind.Tests.Data.BuiltInStageTests.NormaliseWhitespace_AllWhitespace_ReturnsNull","Messages":[],"ComputerName":"LAPTOP-MKMTSO1B","Duration":"00:00:00.0502302","StartTime":"2026-07-20T08:50:58.8935567+00:00","EndTime":"2026-07-20T08:50:58.8938306+00:00","Properties":[]},{"TestCase":{"Id":"4ed07dcd-d2f7-128a-84d0-7b678e88bcea","FullyQualifiedName":"SharpMind.Tests.Data.BuiltInStageTests.LowerCase_LowercasesAll","DisplayName":"SharpMind.Tests.Data.BuiltInStageTests.LowerCase_LowercasesAll","ExecutorUri":"executor://xunit/VsTestRunner3/netcore/","Source":"C:\\Integral2u\\source\\repos\\SharpMind\\SharpMind.Tests\\bin\\Debug\\net10.0\\SharpMind.Tests.dll","CodeFilePath":null,"LineNumber":0,"Properties":[{"Key":{"Id":"XunitTestCaseUniqueID","Label":"xUnit.net Test Case Unique ID","Category":"","Description":"","Attributes":0,"ValueType":"System.String"},"Value":"4aac6f5d95eb648badc0844a32042280a3e5e621"},{"Key":{"Id":"TestCase.ManagedType","Label":"ManagedType","Category":"","Description":"","Attributes":1,"ValueType":"System.String"},"Value":"SharpMind.Tests.Data.BuiltInStageTests"},{"Key":{"Id":"XunitTestCaseExplicit","Label":"xUnit.net Test Case Explicit Flag","Category":"","Description":"","Attributes":0,"ValueType":"System.Boolean"},"Value":false},{"Key":{"Id":"TestCase.ManagedMethod","Label":"ManagedMethod","Category":"","Description":"","Attributes":1,"ValueType":"System.String"},"Value":"LowerCase_LowercasesAll"}]},"Attachments":[],"Outcome":1,"ErrorMessage":null,"ErrorStackTrace":null,"DisplayName":"SharpMind.Tests.Data.BuiltInStageTests.LowerCase_LowercasesAll","Messages":[],"ComputerName":"LAPTOP-MKMTSO1B","Duration":"00:00:00.0004463","StartTime":"2026-07-20T08:50:58.8946488+00:00","EndTime":"2026-07-20T08:50:58.8990868+00:00","Properties":[]}],"TestRunStatistics":{"ExecutedTests":8,"Stats":{"Passed":8}},"ActiveTests":[{"Id":"6ed0d9da-8373-bcb9-199a-db261ad02be6","FullyQualifiedName":"SharpMind.Tests.Quantization.VecDotTests.TestVecDotQ4_1_ValidBlock","DisplayName":"SharpMind.Tests.Quantization.VecDotTests.TestVecDotQ4_1_ValidBlock","ExecutorUri":"executor://xunit/VsTestRunner3/netcore/","Source":"C:\\Integral2u\\source\\repos\\SharpMind\\SharpMind.Tests\\bin\\Debug\\net10.0\\SharpMind.Tests.dll","CodeFilePath":null,"LineNumber":0,"Properties":[{"Key":{"Id":"XunitTestCaseUniqueID","Label":"xUnit.net Test Case Unique ID","Category":"","Description":"","Attributes":0,"ValueType":"System.String"},"Value":"217081bbc8143430c868fce650564fe03ec3ad37"},{"Key":{"Id":"TestCase.ManagedType","Label":"ManagedType","Category":"","Description":"","Attributes":1,"ValueType":"System.String"},"Value":"SharpMind.Tests.Quantization.VecDotTests"},{"Key":{"Id":"XunitTestCaseExplicit","Label":"xUnit.net Test Case Explicit Flag","Category":"","Description":"","Attributes":0,"ValueType":"System.Boolean"},"Value":false},{"Key":{"Id":"TestCase.ManagedMethod","Label":"ManagedMethod","Category":"","Description":"","Attributes":1,"ValueType":"System.String"},"Value":"TestVecDotQ4_1_ValidBlock"}]},{"Id":"84808440-86f5-60e4-cb94-6572195458c8","FullyQualifiedName":"SharpMind.Tests.Data.BuiltInStageTests.DeduplicateFilter_WindowEvicts_AllowsRepeatAfterWindow","DisplayName":"SharpMind.Tests.Data.BuiltInStageTests.DeduplicateFilter_WindowEvicts_AllowsRepeatAfterWindow","ExecutorUri":"executor://xunit/VsTestRunner3/netcore/","Source":"C:\\Integral2u\\source\\repos\\SharpMind\\SharpMind.Tests\\bin\\Debug\\net10.0\\SharpMind.Tests.dll","CodeFilePath":null,"LineNumber":0,"Properties":[{"Key":{"Id":"XunitTestCaseUniqueID","Label":"xUnit.net Test Case Unique ID","Category":"","Description":"","Attributes":0,"ValueType":"System.String"},"Value":"4ab995d43b35792f96ffe2a4e224a99a3f5bb3bd"},{"Key":{"Id":"TestCase.ManagedType","Label":"ManagedType","Category":"","Description":"","Attributes":1,"ValueType":"System.String"},"Value":"SharpMind.Tests.Data.BuiltInStageTests"},{"Key":{"Id":"XunitTestCaseExplicit","Label":"xUnit.net Test Case Explicit Flag","Category":"","Description":"","Attributes":0,"ValueType":"System.Boolean"},"Value":false},{"Key":{"Id":"TestCase.ManagedMethod","Label":"ManagedMethod","Category":"","Description":"","Attributes":1,"ValueType":"System.String"},"Value":"DeduplicateFilter_WindowEvicts_AllowsRepeatAfterWindow"}]}]}}
TpTrace Verbose: 0 : 5804, 10, 2026/07/20, 20:50:58.973, 488478479289, vstest.console.dll, TestRunRequest:SendTestRunStatsChange: Starting.
TpTrace Verbose: 0 : 5804, 10, 2026/07/20, 20:50:58.973, 488478480978, vstest.console.dll, InProgress is SharpMind.Tests.Quantization.VecDotTests.TestVecDotQ4_1_ValidBlock
TpTrace Verbose: 0 : 5804, 10, 2026/07/20, 20:50:58.973, 488478481759, vstest.console.dll, InProgress is SharpMind.Tests.Data.BuiltInStageTests.DeduplicateFilter_WindowEvicts_AllowsRepeatAfterWindow
TpTrace Verbose: 0 : 5804, 10, 2026/07/20, 20:50:58.974, 488478485818, vstest.console.dll, MulticastDelegateUtilities.SafeInvoke: TestRun.RunStatsChanged: Invoking callbacks was skipped because there are no subscribers.
TpTrace Information: 0 : 5804, 10, 2026/07/20, 20:50:58.974, 488478486692, vstest.console.dll, TestRunRequest:SendTestRunStatsChange: Completed.
TpTrace Verbose: 0 : 5804, 10, 2026/07/20, 20:50:58.974, 488478487518, vstest.console.dll, MulticastDelegateUtilities.SafeInvoke: LengthPrefixCommunicationChannel: MessageReceived: Invoking callback 1/1 for Microsoft.VisualStudio.TestPlatform.CommunicationUtilities.TestRequestSender+<>c__DisplayClass34_0., took 24 ms.
TpTrace Verbose: 0 : 5804, 10, 2026/07/20, 20:50:58.974, 488478488225, vstest.console.dll, TcpClientExtensions.MessageLoopAsync: Polling on remoteEndPoint: 127.0.0.1:57605 localEndPoint: 127.0.0.1:57603 after 164 ms
TpTrace Verbose: 0 : 5804, 10, 2026/07/20, 20:50:58.974, 488478489107, vstest.console.dll, TcpClientExtensions.MessageLoopAsync: NotifyDataAvailable remoteEndPoint: 127.0.0.1:57605 localEndPoint: 127.0.0.1:57603
TpTrace Verbose: 0 : 5804, 10, 2026/07/20, 20:50:58.974, 488478493144, vstest.console.dll, TestRequestSender.OnExecutionMessageReceived: Received message: {"Version":7,"MessageType":"TestExecution.StatsChange","Payload":{"NewTestResults":[{"TestCase":{"Id":"84808440-86f5-60e4-cb94-6572195458c8","FullyQualifiedName":"SharpMind.Tests.Data.BuiltInStageTests.DeduplicateFilter_WindowEvicts_AllowsRepeatAfterWindow","DisplayName":"SharpMind.Tests.Data.BuiltInStageTests.DeduplicateFilter_WindowEvicts_AllowsRepeatAfterWindow","ExecutorUri":"executor://xunit/VsTestRunner3/netcore/","Source":"C:\\Integral2u\\source\\repos\\SharpMind\\SharpMind.Tests\\bin\\Debug\\net10.0\\SharpMind.Tests.dll","CodeFilePath":null,"LineNumber":0,"Properties":[{"Key":{"Id":"XunitTestCaseUniqueID","Label":"xUnit.net Test Case Unique ID","Category":"","Description":"","Attributes":0,"ValueType":"System.String"},"Value":"4ab995d43b35792f96ffe2a4e224a99a3f5bb3bd"},{"Key":{"Id":"TestCase.ManagedType","Label":"ManagedType","Category":"","Description":"","Attributes":1,"ValueType":"System.String"},"Value":"SharpMind.Tests.Data.BuiltInStageTests"},{"Key":{"Id":"XunitTestCaseExplicit","Label":"xUnit.net Test Case Explicit Flag","Category":"","Description":"","Attributes":0,"ValueType":"System.Boolean"},"Value":false},{"Key":{"Id":"TestCase.ManagedMethod","Label":"ManagedMethod","Category":"","Description":"","Attributes":1,"ValueType":"System.String"},"Value":"DeduplicateFilter_WindowEvicts_AllowsRepeatAfterWindow"}]},"Attachments":[],"Outcome":1,"ErrorMessage":null,"ErrorStackTrace":null,"DisplayName":"SharpMind.Tests.Data.BuiltInStageTests.DeduplicateFilter_WindowEvicts_AllowsRepeatAfterWindow","Messages":[],"ComputerName":"LAPTOP-MKMTSO1B","Duration":"00:00:00.0013094","StartTime":"2026-07-20T08:50:58.9432834+00:00","EndTime":"2026-07-20T08:50:58.9435453+00:00","Properties":[]},{"TestCase":{"Id":"69dbae44-0389-d8a3-4280-21dc1708c10c","FullyQualifiedName":"SharpMind.Tests.Data.BuiltInStageTests.NormaliseWhitespace_NormalisesNewlinesAndTabs","DisplayName":"SharpMind.Tests.Data.BuiltInStageTests.NormaliseWhitespace_NormalisesNewlinesAndTabs","ExecutorUri":"executor://xunit/VsTestRunner3/netcore/","Source":"C:\\Integral2u\\source\\repos\\SharpMind\\SharpMind.Tests\\bin\\Debug\\net10.0\\SharpMind.Tests.dll","CodeFilePath":null,"LineNumber":0,"Properties":[{"Key":{"Id":"XunitTestCaseUniqueID","Label":"xUnit.net Test Case Unique ID","Category":"","Description":"","Attributes":0,"ValueType":"System.String"},"Value":"72d460163d41d22852f33d4610ea90ca53741a11"},{"Key":{"Id":"TestCase.ManagedType","Label":"ManagedType","Category":"","Description":"","Attributes":1,"ValueType":"System.String"},"Value":"SharpMind.Tests.Data.BuiltInStageTests"},{"Key":{"Id":"XunitTestCaseExplicit","Label":"xUnit.net Test Case Explicit Flag","Category":"","Description":"","Attributes":0,"ValueType":"System.Boolean"},"Value":false},{"Key":{"Id":"TestCase.ManagedMethod","Label":"ManagedMethod","Category":"","Description":"","Attributes":1,"ValueType":"System.String"},"Value":"NormaliseWhitespace_NormalisesNewlinesAndTabs"}]},"Attachments":[],"Outcome":1,"ErrorMessage":null,"ErrorStackTrace":null,"DisplayName":"SharpMind.Tests.Data.BuiltInStageTests.NormaliseWhitespace_NormalisesNewlinesAndTabs","Messages":[],"ComputerName":"LAPTOP-MKMTSO1B","Duration":"00:00:00.0023053","StartTime":"2026-07-20T08:50:58.9445871+00:00","EndTime":"2026-07-20T08:50:58.9447659+00:00","Properties":[]},{"TestCase":{"Id":"20f2f444-eef0-0bcd-54dd-0e4dff758eb2","FullyQualifiedName":"SharpMind.Tests.Data.BuiltInStageTests.RegexFilter_DiscardsMatching","DisplayName":"SharpMind.Tests.Data.BuiltInStageTests.RegexFilter_DiscardsMatching","ExecutorUri":"executor://xunit/VsTestRunner3/netcore/","Source":"C:\\Integral2u\\source\\repos\\SharpMind\\SharpMind.Tests\\bin\\Debug\\net10.0\\SharpMind.Tests.dll","CodeFilePath":null,"LineNumber":0,"Properties":[{"Key":{"Id":"XunitTestCaseUniqueID","Label":"xUnit.net Test Case Unique ID","Category":"","Description":"","Attributes":0,"ValueType":"System.String"},"Value":"731f8aed26004c6d722ca842ac5c3b2b74c62c7e"},{"Key":{"Id":"TestCase.ManagedType","Label":"ManagedType","Category":"","Description":"","Attributes":1,"ValueType":"System.String"},"Value":"SharpMind.Tests.Data.BuiltInStageTests"},{"Key":{"Id":"XunitTestCaseExplicit","Label":"xUnit.net Test Case Explicit Flag","Category":"","Description":"","Attributes":0,"ValueType":"System.Boolean"},"Value":false},{"Key":{"Id":"TestCase.ManagedMethod","Label":"ManagedMethod","Category":"","Description":"","Attributes":1,"ValueType":"System.String"},"Value":"RegexFilter_DiscardsMatching"}]},"Attachments":[],"Outcome":1,"ErrorMessage":null,"ErrorStackTrace":null,"DisplayName":"SharpMind.Tests.Data.BuiltInStageTests.RegexFilter_DiscardsMatching","Messages":[],"ComputerName":"LAPTOP-MKMTSO1B","Duration":"00:00:00.0126906","StartTime":"2026-07-20T08:50:58.9489991+00:00","EndTime":"2026-07-20T08:50:58.949549+00:00","Properties":[]},{"TestCase":{"Id":"73bbc73c-17ee-9c0b-0e4d-bca037824d1c","FullyQualifiedName":"SharpMind.Tests.Data.BuiltInStageTests.RegexKeepFilter_KeepsOnlyMatching","DisplayName":"SharpMind.Tests.Data.BuiltInStageTests.RegexKeepFilter_KeepsOnlyMatching","ExecutorUri":"executor://xunit/VsTestRunner3/netcore/","Source":"C:\\Integral2u\\source\\repos\\SharpMind\\SharpMind.Tests\\bin\\Debug\\net10.0\\SharpMind.Tests.dll","CodeFilePath":null,"LineNumber":0,"Properties":[{"Key":{"Id":"XunitTestCaseUniqueID","Label":"xUnit.net Test Case Unique ID","Category":"","Description":"","Attributes":0,"ValueType":"System.String"},"Value":"8a3af269e653afde02e26d7cbecfa26e149a59cd"},{"Key":{"Id":"TestCase.ManagedType","Label":"ManagedType","Category":"","Description":"","Attributes":1,"ValueType":"System.String"},"Value":"SharpMind.Tests.Data.BuiltInStageTests"},{"Key":{"Id":"XunitTestCaseExplicit","Label":"xUnit.net Test Case Explicit Flag","Category":"","Description":"","Attributes":0,"ValueType":"System.Boolean"},"Value":false},{"Key":{"Id":"TestCase.ManagedMethod","Label":"ManagedMethod","Category":"","Description":"","Attributes":1,"ValueType":"System.String"},"Value":"RegexKeepFilter_KeepsOnlyMatching"}]},"Attachments":[],"Outcome":1,"ErrorMessage":null,"ErrorStackTrace":null,"DisplayName":"SharpMind.Tests.Data.BuiltInStageTests.RegexKeepFilter_KeepsOnlyMatching","Messages":[],"ComputerName":"LAPTOP-MKMTSO1B","Duration":"00:00:00.0088638","StartTime":"2026-07-20T08:50:58.9505564+00:00","EndTime":"2026-07-20T08:50:58.9507383+00:00","Properties":[]},{"TestCase":{"Id":"95b19260-c097-7761-8459-8862d9c68255","FullyQualifiedName":"SharpMind.Tests.Data.BuiltInStageTests.NormaliseWhitespace_CollapsesRuns","DisplayName":"SharpMind.Tests.Data.BuiltInStageTests.NormaliseWhitespace_CollapsesRuns","ExecutorUri":"executor://xunit/VsTestRunner3/netcore/","Source":"C:\\Integral2u\\source\\repos\\SharpMind\\SharpMind.Tests\\bin\\Debug\\net10.0\\SharpMind.Tests.dll","CodeFilePath":null,"LineNumber":0,"Properties":[{"Key":{"Id":"XunitTestCaseUniqueID","Label":"xUnit.net Test Case Unique ID","Category":"","Description":"","Attributes":0,"ValueType":"System.String"},"Value":"9cf01496017f65b6c9ea7f615fcf951cdfbc6328"},{"Key":{"Id":"TestCase.ManagedType","Label":"ManagedType","Category":"","Description":"","Attributes":1,"ValueType":"System.String"},"Value":"SharpMind.Tests.Data.BuiltInStageTests"},{"Key":{"Id":"XunitTestCaseExplicit","Label":"xUnit.net Test Case Explicit Flag","Category":"","Description":"","Attributes":0,"ValueType":"System.Boolean"},"Value":false},{"Key":{"Id":"TestCase.ManagedMethod","Label":"ManagedMethod","Category":"","Description":"","Attributes":1,"ValueType":"System.String"},"Value":"NormaliseWhitespace_CollapsesRuns"}]},"Attachments":[],"Outcome":1,"ErrorMessage":null,"ErrorStackTrace":null,"DisplayName":"SharpMind.Tests.Data.BuiltInStageTests.NormaliseWhitespace_CollapsesRuns","Messages":[],"ComputerName":"LAPTOP-MKMTSO1B","Duration":"00:00:00.0008309","StartTime":"2026-07-20T08:50:58.9515934+00:00","EndTime":"2026-07-20T08:50:58.9517695+00:00","Properties":[]},{"TestCase":{"Id":"0c880b39-4192-0e65-b65a-a3f181eeab9f","FullyQualifiedName":"SharpMind.Tests.Data.BuiltInStageTests.MinLengthFilter_PassesLongEnough","DisplayName":"SharpMind.Tests.Data.BuiltInStageTests.MinLengthFilter_PassesLongEnough","ExecutorUri":"executor://xunit/VsTestRunner3/netcore/","Source":"C:\\Integral2u\\source\\repos\\SharpMind\\SharpMind.Tests\\bin\\Debug\\net10.0\\SharpMind.Tests.dll","CodeFilePath":null,"LineNumber":0,"Properties":[{"Key":{"Id":"XunitTestCaseUniqueID","Label":"xUnit.net Test Case Unique ID","Category":"","Description":"","Attributes":0,"ValueType":"System.String"},"Value":"9d3efa79f814ae2492eb32c572648c96f50b65fa"},{"Key":{"Id":"TestCase.ManagedType","Label":"ManagedType","Category":"","Description":"","Attributes":1,"ValueType":"System.String"},"Value":"SharpMind.Tests.Data.BuiltInStageTests"},{"Key":{"Id":"XunitTestCaseExplicit","Label":"xUnit.net Test Case Explicit Flag","Category":"","Description":"","Attributes":0,"ValueType":"System.Boolean"},"Value":false},{"Key":{"Id":"TestCase.ManagedMethod","Label":"ManagedMethod","Category":"","Description":"","Attributes":1,"ValueType":"System.String"},"Value":"MinLengthFilter_PassesLongEnough"}]},"Attachments":[],"Outcome":1,"ErrorMessage":null,"ErrorStackTrace":null,"DisplayName":"SharpMind.Tests.Data.BuiltInStageTests.MinLengthFilter_PassesLongEnough","Messages":[],"ComputerName":"LAPTOP-MKMTSO1B","Duration":"00:00:00.0007141","StartTime":"2026-07-20T08:50:58.9527215+00:00","EndTime":"2026-07-20T08:50:58.9529704+00:00","Properties":[]},{"TestCase":{"Id":"9e4d64f6-d9cd-7c8d-a65e-3404b1d18e65","FullyQualifiedName":"SharpMind.Tests.Data.BuiltInStageTests.MaxLengthFilter_DiscardsLong","DisplayName":"SharpMind.Tests.Data.BuiltInStageTests.MaxLengthFilter_DiscardsLong","ExecutorUri":"executor://xunit/VsTestRunner3/netcore/","Source":"C:\\Integral2u\\source\\repos\\SharpMind\\SharpMind.Tests\\bin\\Debug\\net10.0\\SharpMind.Tests.dll","CodeFilePath":null,"LineNumber":0,"Properties":[{"Key":{"Id":"XunitTestCaseUniqueID","Label":"xUnit.net Test Case Unique ID","Category":"","Description":"","Attributes":0,"ValueType":"System.String"},"Value":"a2e2deedea8aff3efb96725200b6e470baecc64d"},{"Key":{"Id":"TestCase.ManagedType","Label":"ManagedType","Category":"","Description":"","Attributes":1,"ValueType":"System.String"},"Value":"SharpMind.Tests.Data.BuiltInStageTests"},{"Key":{"Id":"XunitTestCaseExplicit","Label":"xUnit.net Test Case Explicit Flag","Category":"","Description":"","Attributes":0,"ValueType":"System.Boolean"},"Value":false},{"Key":{"Id":"TestCase.ManagedMethod","Label":"ManagedMethod","Category":"","Description":"","Attributes":1,"ValueType":"System.String"},"Value":"MaxLengthFilter_DiscardsLong"}]},"Attachments":[],"Outcome":1,"ErrorMessage":null,"ErrorStackTrace":null,"DisplayName":"SharpMind.Tests.Data.BuiltInStageTests.MaxLengthFilter_DiscardsLong","Messages":[],"ComputerName":"LAPTOP-MKMTSO1B","Duration":"00:00:00.0005275","StartTime":"2026-07-20T08:50:58.9543332+00:00","EndTime":"2026-07-20T08:50:58.9545371+00:00","Properties":[]},{"TestCase":{"Id":"4fdd8bce-90cb-78a1-3f81-81dfa53b490f","FullyQualifiedName":"SharpMind.Tests.Data.BuiltInStageTests.DeduplicateFilter_DropsDuplicates","DisplayName":"SharpMind.Tests.Data.BuiltInStageTests.DeduplicateFilter_DropsDuplicates","ExecutorUri":"executor://xunit/VsTestRunner3/netcore/","Source":"C:\\Integral2u\\source\\repos\\SharpMind\\SharpMind.Tests\\bin\\Debug\\net10.0\\SharpMind.Tests.dll","CodeFilePath":null,"LineNumber":0,"Properties":[{"Key":{"Id":"XunitTestCaseUniqueID","Label":"xUnit.net Test Case Unique ID","Category":"","Description":"","Attributes":0,"ValueType":"System.String"},"Value":"b61e820814451afa3902887ab0809bf33075c2e4"},{"Key":{"Id":"TestCase.ManagedType","Label":"ManagedType","Category":"","Description":"","Attributes":1,"ValueType":"System.String"},"Value":"SharpMind.Tests.Data.BuiltInStageTests"},{"Key":{"Id":"XunitTestCaseExplicit","Label":"xUnit.net Test Case Explicit Flag","Category":"","Description":"","Attributes":0,"ValueType":"System.Boolean"},"Value":false},{"Key":{"Id":"TestCase.ManagedMethod","Label":"ManagedMethod","Category":"","Description":"","Attributes":1,"ValueType":"System.String"},"Value":"DeduplicateFilter_DropsDuplicates"}]},"Attachments":[],"Outcome":1,"ErrorMessage":null,"ErrorStackTrace":null,"DisplayName":"SharpMind.Tests.Data.BuiltInStageTests.DeduplicateFilter_DropsDuplicates","Messages":[],"ComputerName":"LAPTOP-MKMTSO1B","Duration":"00:00:00.0005112","StartTime":"2026-07-20T08:50:58.9557002+00:00","EndTime":"2026-07-20T08:50:58.9558996+00:00","Properties":[]},{"TestCase":{"Id":"cf8e7f1a-757a-5394-2373-283f782a32dd","FullyQualifiedName":"SharpMind.Tests.Data.BuiltInStageTests.MinLengthFilter_DiscardsShort","DisplayName":"SharpMind.Tests.Data.BuiltInStageTests.MinLengthFilter_DiscardsShort","ExecutorUri":"executor://xunit/VsTestRunner3/netcore/","Source":"C:\\Integral2u\\source\\repos\\SharpMind\\SharpMind.Tests\\bin\\Debug\\net10.0\\SharpMind.Tests.dll","CodeFilePath":null,"LineNumber":0,"Properties":[{"Key":{"Id":"XunitTestCaseUniqueID","Label":"xUnit.net Test Case Unique ID","Category":"","Description":"","Attributes":0,"ValueType":"System.String"},"Value":"dc78b4c16c708732f2c5bc91918f68aae848e767"},{"Key":{"Id":"TestCase.ManagedType","Label":"ManagedType","Category":"","Description":"","Attributes":1,"ValueType":"System.String"},"Value":"SharpMind.Tests.Data.BuiltInStageTests"},{"Key":{"Id":"XunitTestCaseExplicit","Label":"xUnit.net Test Case Explicit Flag","Category":"","Description":"","Attributes":0,"ValueType":"System.Boolean"},"Value":false},{"Key":{"Id":"TestCase.ManagedMethod","Label":"ManagedMethod","Category":"","Description":"","Attributes":1,"ValueType":"System.String"},"Value":"MinLengthFilter_DiscardsShort"}]},"Attachments":[],"Outcome":1,"ErrorMessage":null,"ErrorStackTrace":null,"DisplayName":"SharpMind.Tests.Data.BuiltInStageTests.MinLengthFilter_DiscardsShort","Messages":[],"ComputerName":"LAPTOP-MKMTSO1B","Duration":"00:00:00.0003671","StartTime":"2026-07-20T08:50:58.9568834+00:00","EndTime":"2026-07-20T08:50:58.9570757+00:00","Properties":[]}],"TestRunStatistics":{"ExecutedTests":17,"Stats":{"Passed":17}},"ActiveTests":[{"Id":"d354bda7-095c-dc41-e6c0-6b79b54f0560","FullyQualifiedName":"SharpMind.Tests.Data.BuiltInStageTests.StripHtml_RemovesTags","DisplayName":"SharpMind.Tests.Data.BuiltInStageTests.StripHtml_RemovesTags","ExecutorUri":"executor://xunit/VsTestRunner3/netcore/","Source":"C:\\Integral2u\\source\\repos\\SharpMind\\SharpMind.Tests\\bin\\Debug\\net10.0\\SharpMind.Tests.dll","CodeFilePath":null,"LineNumber":0,"Properties":[{"Key":{"Id":"XunitTestCaseUniqueID","Label":"xUnit.net Test Case Unique ID","Category":"","Description":"","Attributes":0,"ValueType":"System.String"},"Value":"f03e616fc4a71d3e170796cef245f41d995da31c"},{"Key":{"Id":"TestCase.ManagedType","Label":"ManagedType","Category":"","Description":"","Attributes":1,"ValueType":"System.String"},"Value":"SharpMind.Tests.Data.BuiltInStageTests"},{"Key":{"Id":"XunitTestCaseExplicit","Label":"xUnit.net Test Case Explicit Flag","Category":"","Description":"","Attributes":0,"ValueType":"System.Boolean"},"Value":false},{"Key":{"Id":"TestCase.ManagedMethod","Label":"ManagedMethod","Category":"","Description":"","Attributes":1,"ValueType":"System.String"},"Value":"StripHtml_RemovesTags"}]}]}}
TpTrace Verbose: 0 : 5804, 4, 2026/07/20, 20:50:58.977, 488478517679, vstest.console.dll, MulticastDelegateUtilities.SafeInvoke: InternalTestLoggerEvents.SendTestResult: Invoking callback 1/1 for Microsoft.VisualStudio.TestPlatform.CommandLine.Internal.ConsoleLogger., took 3 ms.
TpTrace Verbose: 0 : 5804, 4, 2026/07/20, 20:50:58.978, 488478525177, vstest.console.dll, MulticastDelegateUtilities.SafeInvoke: InternalTestLoggerEvents.SendTestResult: Invoking callback 1/1 for Microsoft.VisualStudio.TestPlatform.CommandLine.Internal.ConsoleLogger., took 0 ms.
TpTrace Verbose: 0 : 5804, 4, 2026/07/20, 20:50:58.978, 488478529737, vstest.console.dll, MulticastDelegateUtilities.SafeInvoke: InternalTestLoggerEvents.SendTestResult: Invoking callback 1/1 for Microsoft.VisualStudio.TestPlatform.CommandLine.Internal.ConsoleLogger., took 0 ms.
TpTrace Verbose: 0 : 5804, 4, 2026/07/20, 20:50:58.980, 488478551154, vstest.console.dll, MulticastDelegateUtilities.SafeInvoke: InternalTestLoggerEvents.SendTestResult: Invoking callback 1/1 for Microsoft.VisualStudio.TestPlatform.CommandLine.Internal.ConsoleLogger., took 0 ms.
TpTrace Verbose: 0 : 5804, 4, 2026/07/20, 20:50:58.981, 488478554919, vstest.console.dll, MulticastDelegateUtilities.SafeInvoke: InternalTestLoggerEvents.SendTestResult: Invoking callback 1/1 for Microsoft.VisualStudio.TestPlatform.CommandLine.Internal.ConsoleLogger., took 0 ms.
TpTrace Verbose: 0 : 5804, 4, 2026/07/20, 20:50:58.981, 488478556181, vstest.console.dll, MulticastDelegateUtilities.SafeInvoke: InternalTestLoggerEvents.SendTestResult: Invoking callback 1/1 for Microsoft.VisualStudio.TestPlatform.CommandLine.Internal.ConsoleLogger., took 0 ms.
TpTrace Verbose: 0 : 5804, 4, 2026/07/20, 20:50:58.981, 488478557330, vstest.console.dll, MulticastDelegateUtilities.SafeInvoke: InternalTestLoggerEvents.SendTestResult: Invoking callback 1/1 for Microsoft.VisualStudio.TestPlatform.CommandLine.Internal.ConsoleLogger., took 0 ms.
TpTrace Verbose: 0 : 5804, 4, 2026/07/20, 20:50:58.981, 488478558269, vstest.console.dll, MulticastDelegateUtilities.SafeInvoke: InternalTestLoggerEvents.SendTestResult: Invoking callback 1/1 for Microsoft.VisualStudio.TestPlatform.CommandLine.Internal.ConsoleLogger., took 0 ms.
TpTrace Verbose: 0 : 5804, 10, 2026/07/20, 20:50:58.983, 488478576350, vstest.console.dll, TestRunRequest:SendTestRunStatsChange: Starting.
TpTrace Verbose: 0 : 5804, 10, 2026/07/20, 20:50:58.983, 488478577845, vstest.console.dll, InProgress is SharpMind.Tests.Data.BuiltInStageTests.StripHtml_RemovesTags
TpTrace Verbose: 0 : 5804, 10, 2026/07/20, 20:50:58.983, 488478579021, vstest.console.dll, MulticastDelegateUtilities.SafeInvoke: TestRun.RunStatsChanged: Invoking callbacks was skipped because there are no subscribers.
TpTrace Information: 0 : 5804, 10, 2026/07/20, 20:50:58.983, 488478579612, vstest.console.dll, TestRunRequest:SendTestRunStatsChange: Completed.
TpTrace Verbose: 0 : 5804, 4, 2026/07/20, 20:50:58.983, 488478579659, vstest.console.dll, MulticastDelegateUtilities.SafeInvoke: InternalTestLoggerEvents.SendTestResult: Invoking callback 1/1 for Microsoft.VisualStudio.TestPlatform.CommandLine.Internal.ConsoleLogger., took 0 ms.
TpTrace Verbose: 0 : 5804, 10, 2026/07/20, 20:50:58.983, 488478580175, vstest.console.dll, MulticastDelegateUtilities.SafeInvoke: LengthPrefixCommunicationChannel: MessageReceived: Invoking callback 1/1 for Microsoft.VisualStudio.TestPlatform.CommunicationUtilities.TestRequestSender+<>c__DisplayClass34_0., took 8 ms.
TpTrace Verbose: 0 : 5804, 4, 2026/07/20, 20:50:58.983, 488478581582, vstest.console.dll, MulticastDelegateUtilities.SafeInvoke: InternalTestLoggerEvents.SendTestResult: Invoking callback 1/1 for Microsoft.VisualStudio.TestPlatform.CommandLine.Internal.ConsoleLogger., took 0 ms.
TpTrace Verbose: 0 : 5804, 10, 2026/07/20, 20:50:58.983, 488478582036, vstest.console.dll, TcpClientExtensions.MessageLoopAsync: Polling on remoteEndPoint: 127.0.0.1:57605 localEndPoint: 127.0.0.1:57603 after 9 ms
TpTrace Verbose: 0 : 5804, 4, 2026/07/20, 20:50:58.983, 488478583262, vstest.console.dll, MulticastDelegateUtilities.SafeInvoke: InternalTestLoggerEvents.SendTestResult: Invoking callback 1/1 for Microsoft.VisualStudio.TestPlatform.CommandLine.Internal.ConsoleLogger., took 0 ms.
TpTrace Verbose: 0 : 5804, 4, 2026/07/20, 20:50:58.984, 488478584301, vstest.console.dll, MulticastDelegateUtilities.SafeInvoke: InternalTestLoggerEvents.SendTestResult: Invoking callback 1/1 for Microsoft.VisualStudio.TestPlatform.CommandLine.Internal.ConsoleLogger., took 0 ms.
TpTrace Verbose: 0 : 5804, 4, 2026/07/20, 20:50:58.984, 488478585271, vstest.console.dll, MulticastDelegateUtilities.SafeInvoke: InternalTestLoggerEvents.SendTestResult: Invoking callback 1/1 for Microsoft.VisualStudio.TestPlatform.CommandLine.Internal.ConsoleLogger., took 0 ms.
TpTrace Verbose: 0 : 5804, 4, 2026/07/20, 20:50:58.984, 488478586087, vstest.console.dll, MulticastDelegateUtilities.SafeInvoke: InternalTestLoggerEvents.SendTestResult: Invoking callback 1/1 for Microsoft.VisualStudio.TestPlatform.CommandLine.Internal.ConsoleLogger., took 0 ms.
TpTrace Verbose: 0 : 5804, 4, 2026/07/20, 20:50:58.984, 488478587017, vstest.console.dll, MulticastDelegateUtilities.SafeInvoke: InternalTestLoggerEvents.SendTestResult: Invoking callback 1/1 for Microsoft.VisualStudio.TestPlatform.CommandLine.Internal.ConsoleLogger., took 0 ms.
TpTrace Verbose: 0 : 5804, 4, 2026/07/20, 20:50:58.984, 488478587980, vstest.console.dll, MulticastDelegateUtilities.SafeInvoke: InternalTestLoggerEvents.SendTestResult: Invoking callback 1/1 for Microsoft.VisualStudio.TestPlatform.CommandLine.Internal.ConsoleLogger., took 0 ms.
TpTrace Verbose: 0 : 5804, 4, 2026/07/20, 20:50:58.984, 488478588992, vstest.console.dll, MulticastDelegateUtilities.SafeInvoke: InternalTestLoggerEvents.SendTestResult: Invoking callback 1/1 for Microsoft.VisualStudio.TestPlatform.CommandLine.Internal.ConsoleLogger., took 0 ms.
TpTrace Verbose: 0 : 5804, 10, 2026/07/20, 20:50:59.351, 488482260164, vstest.console.dll, TcpClientExtensions.MessageLoopAsync: NotifyDataAvailable remoteEndPoint: 127.0.0.1:57605 localEndPoint: 127.0.0.1:57603
TpTrace Verbose: 0 : 5804, 10, 2026/07/20, 20:50:59.352, 488482264830, vstest.console.dll, TestRequestSender.OnExecutionMessageReceived: Received message: {"Version":7,"MessageType":"TestExecution.StatsChange","Payload":{"NewTestResults":[{"TestCase":{"Id":"d354bda7-095c-dc41-e6c0-6b79b54f0560","FullyQualifiedName":"SharpMind.Tests.Data.BuiltInStageTests.StripHtml_RemovesTags","DisplayName":"SharpMind.Tests.Data.BuiltInStageTests.StripHtml_RemovesTags","ExecutorUri":"executor://xunit/VsTestRunner3/netcore/","Source":"C:\\Integral2u\\source\\repos\\SharpMind\\SharpMind.Tests\\bin\\Debug\\net10.0\\SharpMind.Tests.dll","CodeFilePath":null,"LineNumber":0,"Properties":[{"Key":{"Id":"XunitTestCaseUniqueID","Label":"xUnit.net Test Case Unique ID","Category":"","Description":"","Attributes":0,"ValueType":"System.String"},"Value":"f03e616fc4a71d3e170796cef245f41d995da31c"},{"Key":{"Id":"TestCase.ManagedType","Label":"ManagedType","Category":"","Description":"","Attributes":1,"ValueType":"System.String"},"Value":"SharpMind.Tests.Data.BuiltInStageTests"},{"Key":{"Id":"XunitTestCaseExplicit","Label":"xUnit.net Test Case Explicit Flag","Category":"","Description":"","Attributes":0,"ValueType":"System.Boolean"},"Value":false},{"Key":{"Id":"TestCase.ManagedMethod","Label":"ManagedMethod","Category":"","Description":"","Attributes":1,"ValueType":"System.String"},"Value":"StripHtml_RemovesTags"}]},"Attachments":[],"Outcome":1,"ErrorMessage":null,"ErrorStackTrace":null,"DisplayName":"SharpMind.Tests.Data.BuiltInStageTests.StripHtml_RemovesTags","Messages":[],"ComputerName":"LAPTOP-MKMTSO1B","Duration":"00:00:00.0082829","StartTime":"2026-07-20T08:50:58.9676347+00:00","EndTime":"2026-07-20T08:50:58.9678367+00:00","Properties":[]},{"TestCase":{"Id":"206a3014-8d6e-5c94-272c-3d32c34e6a75","FullyQualifiedName":"SharpMind.Tests.ModelFormat.SharpMindConfigTests.ToModelConfig_Roundtrip","DisplayName":"SharpMind.Tests.ModelFormat.SharpMindConfigTests.ToModelConfig_Roundtrip","ExecutorUri":"executor://xunit/VsTestRunner3/netcore/","Source":"C:\\Integral2u\\source\\repos\\SharpMind\\SharpMind.Tests\\bin\\Debug\\net10.0\\SharpMind.Tests.dll","CodeFilePath":null,"LineNumber":0,"Properties":[{"Key":{"Id":"XunitTestCaseUniqueID","Label":"xUnit.net Test Case Unique ID","Category":"","Description":"","Attributes":0,"ValueType":"System.String"},"Value":"50e90007272ca1631cf5af60241da31aeffd8d79"},{"Key":{"Id":"TestCase.ManagedType","Label":"ManagedType","Category":"","Description":"","Attributes":1,"ValueType":"System.String"},"Value":"SharpMind.Tests.ModelFormat.SharpMindConfigTests"},{"Key":{"Id":"XunitTestCaseExplicit","Label":"xUnit.net Test Case Explicit Flag","Category":"","Description":"","Attributes":0,"ValueType":"System.Boolean"},"Value":false},{"Key":{"Id":"TestCase.ManagedMethod","Label":"ManagedMethod","Category":"","Description":"","Attributes":1,"ValueType":"System.String"},"Value":"ToModelConfig_Roundtrip"}]},"Attachments":[],"Outcome":1,"ErrorMessage":null,"ErrorStackTrace":null,"DisplayName":"SharpMind.Tests.ModelFormat.SharpMindConfigTests.ToModelConfig_Roundtrip","Messages":[],"ComputerName":"LAPTOP-MKMTSO1B","Duration":"00:00:00.0166466","StartTime":"2026-07-20T08:50:59.0073832+00:00","EndTime":"2026-07-20T08:50:59.0238323+00:00","Properties":[]},{"TestCase":{"Id":"c439d3e5-e528-fb08-85c7-a3ddf5242e26","FullyQualifiedName":"SharpMind.Tests.ModelFormat.SharpMindConfigTests.FromModelConfig_Mapper_Configuration","DisplayName":"SharpMind.Tests.ModelFormat.SharpMindConfigTests.FromModelConfig_Mapper_Configuration","ExecutorUri":"executor://xunit/VsTestRunner3/netcore/","Source":"C:\\Integral2u\\source\\repos\\SharpMind\\SharpMind.Tests\\bin\\Debug\\net10.0\\SharpMind.Tests.dll","CodeFilePath":null,"LineNumber":0,"Properties":[{"Key":{"Id":"XunitTestCaseUniqueID","Label":"xUnit.net Test Case Unique ID","Category":"","Description":"","Attributes":0,"ValueType":"System.String"},"Value":"5cd5a928309f560715123b01e8c222e918874263"},{"Key":{"Id":"TestCase.ManagedType","Label":"ManagedType","Category":"","Description":"","Attributes":1,"ValueType":"System.String"},"Value":"SharpMind.Tests.ModelFormat.SharpMindConfigTests"},{"Key":{"Id":"XunitTestCaseExplicit","Label":"xUnit.net Test Case Explicit Flag","Category":"","Description":"","Attributes":0,"ValueType":"System.Boolean"},"Value":false},{"Key":{"Id":"TestCase.ManagedMethod","Label":"ManagedMethod","Category":"","Description":"","Attributes":1,"ValueType":"System.String"},"Value":"FromModelConfig_Mapper_Configuration"}]},"Attachments":[],"Outcome":1,"ErrorMessage":null,"ErrorStackTrace":null,"DisplayName":"SharpMind.Tests.ModelFormat.SharpMindConfigTests.FromModelConfig_Mapper_Configuration","Messages":[],"ComputerName":"LAPTOP-MKMTSO1B","Duration":"00:00:00.0145861","StartTime":"2026-07-20T08:50:59.0248411+00:00","EndTime":"2026-07-20T08:50:59.0385855+00:00","Properties":[]},{"TestCase":{"Id":"ca0032fc-56ba-64c4-5759-ec6b063d70c7","FullyQualifiedName":"SharpMind.Tests.Data.JsonlSourceTests.ExtractsTextField","DisplayName":"SharpMind.Tests.Data.JsonlSourceTests.ExtractsTextField","ExecutorUri":"executor://xunit/VsTestRunner3/netcore/","Source":"C:\\Integral2u\\source\\repos\\SharpMind\\SharpMind.Tests\\bin\\Debug\\net10.0\\SharpMind.Tests.dll","CodeFilePath":null,"LineNumber":0,"Properties":[{"Key":{"Id":"XunitTestCaseUniqueID","Label":"xUnit.net Test Case Unique ID","Category":"","Description":"","Attributes":0,"ValueType":"System.String"},"Value":"081c3f6c864daca7d28db3aeacf88c9c0ea421b4"},{"Key":{"Id":"TestCase.ManagedType","Label":"ManagedType","Category":"","Description":"","Attributes":1,"ValueType":"System.String"},"Value":"SharpMind.Tests.Data.JsonlSourceTests"},{"Key":{"Id":"XunitTestCaseExplicit","Label":"xUnit.net Test Case Explicit Flag","Category":"","Description":"","Attributes":0,"ValueType":"System.Boolean"},"Value":false},{"Key":{"Id":"TestCase.ManagedMethod","Label":"ManagedMethod","Category":"","Description":"","Attributes":1,"ValueType":"System.String"},"Value":"ExtractsTextField"}]},"Attachments":[],"Outcome":1,"ErrorMessage":null,"ErrorStackTrace":null,"DisplayName":"SharpMind.Tests.Data.JsonlSourceTests.ExtractsTextField","Messages":[],"ComputerName":"LAPTOP-MKMTSO1B","Duration":"00:00:00.1850067","StartTime":"2026-07-20T08:50:58.9737864+00:00","EndTime":"2026-07-20T08:50:59.0672083+00:00","Properties":[]},{"TestCase":{"Id":"28925895-894a-ee85-0593-943d1946f7d3","FullyQualifiedName":"SharpMind.Tests.ModelFormat.SharpMindConfigTests.SaveAndLoad_Roundtrip","DisplayName":"SharpMind.Tests.ModelFormat.SharpMindConfigTests.SaveAndLoad_Roundtrip","ExecutorUri":"executor://xunit/VsTestRunner3/netcore/","Source":"C:\\Integral2u\\source\\repos\\SharpMind\\SharpMind.Tests\\bin\\Debug\\net10.0\\SharpMind.Tests.dll","CodeFilePath":null,"LineNumber":0,"Properties":[{"Key":{"Id":"XunitTestCaseUniqueID","Label":"xUnit.net Test Case Unique ID","Category":"","Description":"","Attributes":0,"ValueType":"System.String"},"Value":"b6b2806f9a49a1f725b86a40efcee4fb152e5016"},{"Key":{"Id":"TestCase.ManagedType","Label":"ManagedType","Category":"","Description":"","Attributes":1,"ValueType":"System.String"},"Value":"SharpMind.Tests.ModelFormat.SharpMindConfigTests"},{"Key":{"Id":"XunitTestCaseExplicit","Label":"xUnit.net Test Case Explicit Flag","Category":"","Description":"","Attributes":0,"ValueType":"System.Boolean"},"Value":false},{"Key":{"Id":"TestCase.ManagedMethod","Label":"ManagedMethod","Category":"","Description":"","Attributes":1,"ValueType":"System.String"},"Value":"SaveAndLoad_Roundtrip"}]},"Attachments":[],"Outcome":1,"ErrorMessage":null,"ErrorStackTrace":null,"DisplayName":"SharpMind.Tests.ModelFormat.SharpMindConfigTests.SaveAndLoad_Roundtrip","Messages":[],"ComputerName":"LAPTOP-MKMTSO1B","Duration":"00:00:00.2217615","StartTime":"2026-07-20T08:50:59.0395623+00:00","EndTime":"2026-07-20T08:50:59.2605947+00:00","Properties":[]},{"TestCase":{"Id":"64fac0f6-4f23-6286-0746-97daba366bff","FullyQualifiedName":"SharpMind.Tests.ModelFormat.SharpMindConfigTests.Save_WithOptionalFields","DisplayName":"SharpMind.Tests.ModelFormat.SharpMindConfigTests.Save_WithOptionalFields(includeQuantization: False)","ExecutorUri":"executor://xunit/VsTestRunner3/netcore/","Source":"C:\\Integral2u\\source\\repos\\SharpMind\\SharpMind.Tests\\bin\\Debug\\net10.0\\SharpMind.Tests.dll","CodeFilePath":null,"LineNumber":0,"Properties":[{"Key":{"Id":"XunitTestCaseUniqueID","Label":"xUnit.net Test Case Unique ID","Category":"","Description":"","Attributes":0,"ValueType":"System.String"},"Value":"e55addc1741fa97c9fe35f4ce091cd092d608394"},{"Key":{"Id":"TestCase.ManagedType","Label":"ManagedType","Category":"","Description":"","Attributes":1,"ValueType":"System.String"},"Value":"SharpMind.Tests.ModelFormat.SharpMindConfigTests"},{"Key":{"Id":"XunitTestCaseExplicit","Label":"xUnit.net Test Case Explicit Flag","Category":"","Description":"","Attributes":0,"ValueType":"System.Boolean"},"Value":false},{"Key":{"Id":"TestCase.ManagedMethod","Label":"ManagedMethod","Category":"","Description":"","Attributes":1,"ValueType":"System.String"},"Value":"Save_WithOptionalFields"}]},"Attachments":[],"Outcome":1,"ErrorMessage":null,"ErrorStackTrace":null,"DisplayName":"SharpMind.Tests.ModelFormat.SharpMindConfigTests.Save_WithOptionalFields(includeQuantization: False)","Messages":[],"ComputerName":"LAPTOP-MKMTSO1B","Duration":"00:00:00.0260528","StartTime":"2026-07-20T08:50:59.2640566+00:00","EndTime":"2026-07-20T08:50:59.2869194+00:00","Properties":[]},{"TestCase":{"Id":"5737d235-e21d-c318-ad29-40a9731da8dd","FullyQualifiedName":"SharpMind.Tests.ModelFormat.SharpMindConfigTests.Save_WithOptionalFields","DisplayName":"SharpMind.Tests.ModelFormat.SharpMindConfigTests.Save_WithOptionalFields(includeQuantization: True)","ExecutorUri":"executor://xunit/VsTestRunner3/netcore/","Source":"C:\\Integral2u\\source\\repos\\SharpMind\\SharpMind.Tests\\bin\\Debug\\net10.0\\SharpMind.Tests.dll","CodeFilePath":null,"LineNumber":0,"Properties":[{"Key":{"Id":"XunitTestCaseUniqueID","Label":"xUnit.net Test Case Unique ID","Category":"","Description":"","Attributes":0,"ValueType":"System.String"},"Value":"f1ec4e1706fcd6df28ea00e6c37e14b8dbc45385"},{"Key":{"Id":"TestCase.ManagedType","Label":"ManagedType","Category":"","Description":"","Attributes":1,"ValueType":"System.String"},"Value":"SharpMind.Tests.ModelFormat.SharpMindConfigTests"},{"Key":{"Id":"XunitTestCaseExplicit","Label":"xUnit.net Test Case Explicit Flag","Category":"","Description":"","Attributes":0,"ValueType":"System.Boolean"},"Value":false},{"Key":{"Id":"TestCase.ManagedMethod","Label":"ManagedMethod","Category":"","Description":"","Attributes":1,"ValueType":"System.String"},"Value":"Save_WithOptionalFields"}]},"Attachments":[],"Outcome":1,"ErrorMessage":null,"ErrorStackTrace":null,"DisplayName":"SharpMind.Tests.ModelFormat.SharpMindConfigTests.Save_WithOptionalFields(includeQuantization: True)","Messages":[],"ComputerName":"LAPTOP-MKMTSO1B","Duration":"00:00:00.0299396","StartTime":"2026-07-20T08:50:59.2880949+00:00","EndTime":"2026-07-20T08:50:59.3170129+00:00","Properties":[]},{"TestCase":{"Id":"69792e4c-a410-0233-6e8b-2095d2348f56","FullyQualifiedName":"SharpMind.Tests.Data.JsonlSourceTests.MalformedLine_Skipped_CountTracked","DisplayName":"SharpMind.Tests.Data.JsonlSourceTests.MalformedLine_Skipped_CountTracked","ExecutorUri":"executor://xunit/VsTestRunner3/netcore/","Source":"C:\\Integral2u\\source\\repos\\SharpMind\\SharpMind.Tests\\bin\\Debug\\net10.0\\SharpMind.Tests.dll","CodeFilePath":null,"LineNumber":0,"Properties":[{"Key":{"Id":"XunitTestCaseUniqueID","Label":"xUnit.net Test Case Unique ID","Category":"","Description":"","Attributes":0,"ValueType":"System.String"},"Value":"1b8800a37eb281a8085f4e740cc5614cf935dfac"},{"Key":{"Id":"TestCase.ManagedType","Label":"ManagedType","Category":"","Description":"","Attributes":1,"ValueType":"System.String"},"Value":"SharpMind.Tests.Data.JsonlSourceTests"},{"Key":{"Id":"XunitTestCaseExplicit","Label":"xUnit.net Test Case Explicit Flag","Category":"","Description":"","Attributes":0,"ValueType":"System.Boolean"},"Value":false},{"Key":{"Id":"TestCase.ManagedMethod","Label":"ManagedMethod","Category":"","Description":"","Attributes":1,"ValueType":"System.String"},"Value":"MalformedLine_Skipped_CountTracked"}]},"Attachments":[],"Outcome":1,"ErrorMessage":null,"ErrorStackTrace":null,"DisplayName":"SharpMind.Tests.Data.JsonlSourceTests.MalformedLine_Skipped_CountTracked","Messages":[],"ComputerName":"LAPTOP-MKMTSO1B","Duration":"00:00:00.2722906","StartTime":"2026-07-20T08:50:59.0711979+00:00","EndTime":"2026-07-20T08:50:59.3444618+00:00","Properties":[]}],"TestRunStatistics":{"ExecutedTests":25,"Stats":{"Passed":25}},"ActiveTests":[{"Id":"6c79de35-46d3-e965-923c-ebc496aac112","FullyQualifiedName":"SharpMind.Tests.Data.PseudoLanguageGeneratorTests.Generator_GeneratePatterns_ReturnsValidSequences","DisplayName":"SharpMind.Tests.Data.PseudoLanguageGeneratorTests.Generator_GeneratePatterns_ReturnsValidSequences","ExecutorUri":"executor://xunit/VsTestRunner3/netcore/","Source":"C:\\Integral2u\\source\\repos\\SharpMind\\SharpMind.Tests\\bin\\Debug\\net10.0\\SharpMind.Tests.dll","CodeFilePath":null,"LineNumber":0,"Properties":[{"Key":{"Id":"XunitTestCaseUniqueID","Label":"xUnit.net Test Case Unique ID","Category":"","Description":"","Attributes":0,"ValueType":"System.String"},"Value":"12f9eff7587a03a02e6a537d5021b2da094a662f"},{"Key":{"Id":"TestCase.ManagedType","Label":"ManagedType","Category":"","Description":"","Attributes":1,"ValueType":"System.String"},"Value":"SharpMind.Tests.Data.PseudoLanguageGeneratorTests"},{"Key":{"Id":"XunitTestCaseExplicit","Label":"xUnit.net Test Case Explicit Flag","Category":"","Description":"","Attributes":0,"ValueType":"System.Boolean"},"Value":false},{"Key":{"Id":"TestCase.ManagedMethod","Label":"ManagedMethod","Category":"","Description":"","Attributes":1,"ValueType":"System.String"},"Value":"Generator_GeneratePatterns_ReturnsValidSequences"}]},{"Id":"51e53add-a2ef-d5d1-8c90-1def6fcb4159","FullyQualifiedName":"SharpMind.Tests.Data.JsonlSourceTests.MissingField_Skipped","DisplayName":"SharpMind.Tests.Data.JsonlSourceTests.MissingField_Skipped","ExecutorUri":"executor://xunit/VsTestRunner3/netcore/","Source":"C:\\Integral2u\\source\\repos\\SharpMind\\SharpMind.Tests\\bin\\Debug\\net10.0\\SharpMind.Tests.dll","CodeFilePath":null,"LineNumber":0,"Properties":[{"Key":{"Id":"XunitTestCaseUniqueID","Label":"xUnit.net Test Case Unique ID","Category":"","Description":"","Attributes":0,"ValueType":"System.String"},"Value":"1ca545ba5f92383276a21bcaba49279dc1626d7f"},{"Key":{"Id":"TestCase.ManagedType","Label":"ManagedType","Category":"","Description":"","Attributes":1,"ValueType":"System.String"},"Value":"SharpMind.Tests.Data.JsonlSourceTests"},{"Key":{"Id":"XunitTestCaseExplicit","Label":"xUnit.net Test Case Explicit Flag","Category":"","Description":"","Attributes":0,"ValueType":"System.Boolean"},"Value":false},{"Key":{"Id":"TestCase.ManagedMethod","Label":"ManagedMethod","Category":"","Description":"","Attributes":1,"ValueType":"System.String"},"Value":"MissingField_Skipped"}]}]}}
TpTrace Verbose: 0 : 5804, 10, 2026/07/20, 20:50:59.355, 488482300252, vstest.console.dll, TestRunRequest:SendTestRunStatsChange: Starting.
TpTrace Verbose: 0 : 5804, 10, 2026/07/20, 20:50:59.355, 488482301807, vstest.console.dll, InProgress is SharpMind.Tests.Data.PseudoLanguageGeneratorTests.Generator_GeneratePatterns_ReturnsValidSequences
TpTrace Verbose: 0 : 5804, 10, 2026/07/20, 20:50:59.355, 488482302431, vstest.console.dll, InProgress is SharpMind.Tests.Data.JsonlSourceTests.MissingField_Skipped
TpTrace Verbose: 0 : 5804, 10, 2026/07/20, 20:50:59.355, 488482303510, vstest.console.dll, MulticastDelegateUtilities.SafeInvoke: TestRun.RunStatsChanged: Invoking callbacks was skipped because there are no subscribers.
TpTrace Information: 0 : 5804, 10, 2026/07/20, 20:50:59.356, 488482304265, vstest.console.dll, TestRunRequest:SendTestRunStatsChange: Completed.
TpTrace Verbose: 0 : 5804, 4, 2026/07/20, 20:50:59.356, 488482304470, vstest.console.dll, MulticastDelegateUtilities.SafeInvoke: InternalTestLoggerEvents.SendTestResult: Invoking callback 1/1 for Microsoft.VisualStudio.TestPlatform.CommandLine.Internal.ConsoleLogger., took 0 ms.
TpTrace Verbose: 0 : 5804, 10, 2026/07/20, 20:50:59.356, 488482305035, vstest.console.dll, MulticastDelegateUtilities.SafeInvoke: LengthPrefixCommunicationChannel: MessageReceived: Invoking callback 1/1 for Microsoft.VisualStudio.TestPlatform.CommunicationUtilities.TestRequestSender+<>c__DisplayClass34_0., took 4 ms.
TpTrace Verbose: 0 : 5804, 4, 2026/07/20, 20:50:59.356, 488482306425, vstest.console.dll, MulticastDelegateUtilities.SafeInvoke: InternalTestLoggerEvents.SendTestResult: Invoking callback 1/1 for Microsoft.VisualStudio.TestPlatform.CommandLine.Internal.ConsoleLogger., took 0 ms.
TpTrace Verbose: 0 : 5804, 10, 2026/07/20, 20:50:59.356, 488482306864, vstest.console.dll, TcpClientExtensions.MessageLoopAsync: Polling on remoteEndPoint: 127.0.0.1:57605 localEndPoint: 127.0.0.1:57603 after 372 ms
TpTrace Verbose: 0 : 5804, 4, 2026/07/20, 20:50:59.356, 488482308094, vstest.console.dll, MulticastDelegateUtilities.SafeInvoke: InternalTestLoggerEvents.SendTestResult: Invoking callback 1/1 for Microsoft.VisualStudio.TestPlatform.CommandLine.Internal.ConsoleLogger., took 0 ms.
TpTrace Verbose: 0 : 5804, 4, 2026/07/20, 20:50:59.356, 488482309385, vstest.console.dll, MulticastDelegateUtilities.SafeInvoke: InternalTestLoggerEvents.SendTestResult: Invoking callback 1/1 for Microsoft.VisualStudio.TestPlatform.CommandLine.Internal.ConsoleLogger., took 0 ms.
TpTrace Verbose: 0 : 5804, 4, 2026/07/20, 20:50:59.356, 488482310314, vstest.console.dll, MulticastDelegateUtilities.SafeInvoke: InternalTestLoggerEvents.SendTestResult: Invoking callback 1/1 for Microsoft.VisualStudio.TestPlatform.CommandLine.Internal.ConsoleLogger., took 0 ms.
TpTrace Verbose: 0 : 5804, 4, 2026/07/20, 20:50:59.358, 488482333850, vstest.console.dll, MulticastDelegateUtilities.SafeInvoke: InternalTestLoggerEvents.SendTestResult: Invoking callback 1/1 for Microsoft.VisualStudio.TestPlatform.CommandLine.Internal.ConsoleLogger., took 2 ms.
TpTrace Verbose: 0 : 5804, 4, 2026/07/20, 20:50:59.359, 488482336136, vstest.console.dll, MulticastDelegateUtilities.SafeInvoke: InternalTestLoggerEvents.SendTestResult: Invoking callback 1/1 for Microsoft.VisualStudio.TestPlatform.CommandLine.Internal.ConsoleLogger., took 0 ms.
TpTrace Verbose: 0 : 5804, 4, 2026/07/20, 20:50:59.359, 488482337117, vstest.console.dll, MulticastDelegateUtilities.SafeInvoke: InternalTestLoggerEvents.SendTestResult: Invoking callback 1/1 for Microsoft.VisualStudio.TestPlatform.CommandLine.Internal.ConsoleLogger., took 0 ms.
TpTrace Verbose: 0 : 5804, 10, 2026/07/20, 20:50:59.637, 488485114184, vstest.console.dll, TcpClientExtensions.MessageLoopAsync: NotifyDataAvailable remoteEndPoint: 127.0.0.1:57605 localEndPoint: 127.0.0.1:57603
TpTrace Verbose: 0 : 5804, 10, 2026/07/20, 20:50:59.637, 488485119155, vstest.console.dll, TestRequestSender.OnExecutionMessageReceived: Received message: {"Version":7,"MessageType":"TestExecution.StatsChange","Payload":{"NewTestResults":[{"TestCase":{"Id":"6c79de35-46d3-e965-923c-ebc496aac112","FullyQualifiedName":"SharpMind.Tests.Data.PseudoLanguageGeneratorTests.Generator_GeneratePatterns_ReturnsValidSequences","DisplayName":"SharpMind.Tests.Data.PseudoLanguageGeneratorTests.Generator_GeneratePatterns_ReturnsValidSequences","ExecutorUri":"executor://xunit/VsTestRunner3/netcore/","Source":"C:\\Integral2u\\source\\repos\\SharpMind\\SharpMind.Tests\\bin\\Debug\\net10.0\\SharpMind.Tests.dll","CodeFilePath":null,"LineNumber":0,"Properties":[{"Key":{"Id":"XunitTestCaseUniqueID","Label":"xUnit.net Test Case Unique ID","Category":"","Description":"","Attributes":0,"ValueType":"System.String"},"Value":"12f9eff7587a03a02e6a537d5021b2da094a662f"},{"Key":{"Id":"TestCase.ManagedType","Label":"ManagedType","Category":"","Description":"","Attributes":1,"ValueType":"System.String"},"Value":"SharpMind.Tests.Data.PseudoLanguageGeneratorTests"},{"Key":{"Id":"XunitTestCaseExplicit","Label":"xUnit.net Test Case Explicit Flag","Category":"","Description":"","Attributes":0,"ValueType":"System.Boolean"},"Value":false},{"Key":{"Id":"TestCase.ManagedMethod","Label":"ManagedMethod","Category":"","Description":"","Attributes":1,"ValueType":"System.String"},"Value":"Generator_GeneratePatterns_ReturnsValidSequences"}]},"Attachments":[],"Outcome":1,"ErrorMessage":null,"ErrorStackTrace":null,"DisplayName":"SharpMind.Tests.Data.PseudoLanguageGeneratorTests.Generator_GeneratePatterns_ReturnsValidSequences","Messages":[],"ComputerName":"LAPTOP-MKMTSO1B","Duration":"00:00:00.0814776","StartTime":"2026-07-20T08:50:59.3204681+00:00","EndTime":"2026-07-20T08:50:59.4019888+00:00","Properties":[]},{"TestCase":{"Id":"c70561fa-f61c-d081-25e2-423e4dedc33f","FullyQualifiedName":"SharpMind.Tests.Data.PseudoLanguageGeneratorTests.Generator_ContainsDerivedWords","DisplayName":"SharpMind.Tests.Data.PseudoLanguageGeneratorTests.Generator_ContainsDerivedWords","ExecutorUri":"executor://xunit/VsTestRunner3/netcore/","Source":"C:\\Integral2u\\source\\repos\\SharpMind\\SharpMind.Tests\\bin\\Debug\\net10.0\\SharpMind.Tests.dll","CodeFilePath":null,"LineNumber":0,"Properties":[{"Key":{"Id":"XunitTestCaseUniqueID","Label":"xUnit.net Test Case Unique ID","Category":"","Description":"","Attributes":0,"ValueType":"System.String"},"Value":"2ee3809629d9776023fe86880a4e109bd29f3ae6"},{"Key":{"Id":"TestCase.ManagedType","Label":"ManagedType","Category":"","Description":"","Attributes":1,"ValueType":"System.String"},"Value":"SharpMind.Tests.Data.PseudoLanguageGeneratorTests"},{"Key":{"Id":"XunitTestCaseExplicit","Label":"xUnit.net Test Case Explicit Flag","Category":"","Description":"","Attributes":0,"ValueType":"System.Boolean"},"Value":false},{"Key":{"Id":"TestCase.ManagedMethod","Label":"ManagedMethod","Category":"","Description":"","Attributes":1,"ValueType":"System.String"},"Value":"Generator_ContainsDerivedWords"}]},"Attachments":[],"Outcome":1,"ErrorMessage":null,"ErrorStackTrace":null,"DisplayName":"SharpMind.Tests.Data.PseudoLanguageGeneratorTests.Generator_ContainsDerivedWords","Messages":[],"ComputerName":"LAPTOP-MKMTSO1B","Duration":"00:00:00.0048275","StartTime":"2026-07-20T08:50:59.4033491+00:00","EndTime":"2026-07-20T08:50:59.4068439+00:00","Properties":[]},{"TestCase":{"Id":"012d398e-d422-ecf6-4193-7fae80f4523d","FullyQualifiedName":"SharpMind.Tests.Data.PseudoLanguageGeneratorTests.Generator_ContainsNegations","DisplayName":"SharpMind.Tests.Data.PseudoLanguageGeneratorTests.Generator_ContainsNegations","ExecutorUri":"executor://xunit/VsTestRunner3/netcore/","Source":"C:\\Integral2u\\source\\repos\\SharpMind\\SharpMind.Tests\\bin\\Debug\\net10.0\\SharpMind.Tests.dll","CodeFilePath":null,"LineNumber":0,"Properties":[{"Key":{"Id":"XunitTestCaseUniqueID","Label":"xUnit.net Test Case Unique ID","Category":"","Description":"","Attributes":0,"ValueType":"System.String"},"Value":"3602363a4c1b7b8234ca603113d6606e4bf153d3"},{"Key":{"Id":"TestCase.ManagedType","Label":"ManagedType","Category":"","Description":"","Attributes":1,"ValueType":"System.String"},"Value":"SharpMind.Tests.Data.PseudoLanguageGeneratorTests"},{"Key":{"Id":"XunitTestCaseExplicit","Label":"xUnit.net Test Case Explicit Flag","Category":"","Description":"","Attributes":0,"ValueType":"System.Boolean"},"Value":false},{"Key":{"Id":"TestCase.ManagedMethod","Label":"ManagedMethod","Category":"","Description":"","Attributes":1,"ValueType":"System.String"},"Value":"Generator_ContainsNegations"}]},"Attachments":[],"Outcome":1,"ErrorMessage":null,"ErrorStackTrace":null,"DisplayName":"SharpMind.Tests.Data.PseudoLanguageGeneratorTests.Generator_ContainsNegations","Messages":[],"ComputerName":"LAPTOP-MKMTSO1B","Duration":"00:00:00.1683762","StartTime":"2026-07-20T08:50:59.4077874+00:00","EndTime":"2026-07-20T08:50:59.5754107+00:00","Properties":[]},{"TestCase":{"Id":"3418fe64-8e5f-2978-4227-ca5c252a64f6","FullyQualifiedName":"SharpMind.Tests.Data.PseudoLanguageGeneratorTests.Generator_GenerateOptions_ReturnsValidSequences","DisplayName":"SharpMind.Tests.Data.PseudoLanguageGeneratorTests.Generator_GenerateOptions_ReturnsValidSequences","ExecutorUri":"executor://xunit/VsTestRunner3/netcore/","Source":"C:\\Integral2u\\source\\repos\\SharpMind\\SharpMind.Tests\\bin\\Debug\\net10.0\\SharpMind.Tests.dll","CodeFilePath":null,"LineNumber":0,"Properties":[{"Key":{"Id":"XunitTestCaseUniqueID","Label":"xUnit.net Test Case Unique ID","Category":"","Description":"","Attributes":0,"ValueType":"System.String"},"Value":"37a399fa4ba01976cef25ef4709f33a271c98d72"},{"Key":{"Id":"TestCase.ManagedType","Label":"ManagedType","Category":"","Description":"","Attributes":1,"ValueType":"System.String"},"Value":"SharpMind.Tests.Data.PseudoLanguageGeneratorTests"},{"Key":{"Id":"XunitTestCaseExplicit","Label":"xUnit.net Test Case Explicit Flag","Category":"","Description":"","Attributes":0,"ValueType":"System.Boolean"},"Value":false},{"Key":{"Id":"TestCase.ManagedMethod","Label":"ManagedMethod","Category":"","Description":"","Attributes":1,"ValueType":"System.String"},"Value":"Generator_GenerateOptions_ReturnsValidSequences"}]},"Attachments":[],"Outcome":1,"ErrorMessage":null,"ErrorStackTrace":null,"DisplayName":"SharpMind.Tests.Data.PseudoLanguageGeneratorTests.Generator_GenerateOptions_ReturnsValidSequences","Messages":[],"ComputerName":"LAPTOP-MKMTSO1B","Duration":"00:00:00.0248116","StartTime":"2026-07-20T08:50:59.5762572+00:00","EndTime":"2026-07-20T08:50:59.6003115+00:00","Properties":[]},{"TestCase":{"Id":"0973e0a8-58c4-5895-8e22-8ac76e56d751","FullyQualifiedName":"SharpMind.Tests.Data.PseudoLanguageGeneratorTests.VocabConfig_Tiny_HasExpectedDefaults","DisplayName":"SharpMind.Tests.Data.PseudoLanguageGeneratorTests.VocabConfig_Tiny_HasExpectedDefaults","ExecutorUri":"executor://xunit/VsTestRunner3/netcore/","Source":"C:\\Integral2u\\source\\repos\\SharpMind\\SharpMind.Tests\\bin\\Debug\\net10.0\\SharpMind.Tests.dll","CodeFilePath":null,"LineNumber":0,"Properties":[{"Key":{"Id":"XunitTestCaseUniqueID","Label":"xUnit.net Test Case Unique ID","Category":"","Description":"","Attributes":0,"ValueType":"System.String"},"Value":"4034b411c895d7be90ea1bd60102f1ca2599423e"},{"Key":{"Id":"TestCase.ManagedType","Label":"ManagedType","Category":"","Description":"","Attributes":1,"ValueType":"System.String"},"Value":"SharpMind.Tests.Data.PseudoLanguageGeneratorTests"},{"Key":{"Id":"XunitTestCaseExplicit","Label":"xUnit.net Test Case Explicit Flag","Category":"","Description":"","Attributes":0,"ValueType":"System.Boolean"},"Value":false},{"Key":{"Id":"TestCase.ManagedMethod","Label":"ManagedMethod","Category":"","Description":"","Attributes":1,"ValueType":"System.String"},"Value":"VocabConfig_Tiny_HasExpectedDefaults"}]},"Attachments":[],"Outcome":1,"ErrorMessage":null,"ErrorStackTrace":null,"DisplayName":"SharpMind.Tests.Data.PseudoLanguageGeneratorTests.VocabConfig_Tiny_HasExpectedDefaults","Messages":[],"ComputerName":"LAPTOP-MKMTSO1B","Duration":"00:00:00.0004580","StartTime":"2026-07-20T08:50:59.6015455+00:00","EndTime":"2026-07-20T08:50:59.6023125+00:00","Properties":[]},{"TestCase":{"Id":"0dae4950-7998-7caa-587f-5a4dbea8343a","FullyQualifiedName":"SharpMind.Tests.Data.PseudoLanguageGeneratorTests.Generator_IdToText_ReturnsCorrectWord","DisplayName":"SharpMind.Tests.Data.PseudoLanguageGeneratorTests.Generator_IdToText_ReturnsCorrectWord","ExecutorUri":"executor://xunit/VsTestRunner3/netcore/","Source":"C:\\Integral2u\\source\\repos\\SharpMind\\SharpMind.Tests\\bin\\Debug\\net10.0\\SharpMind.Tests.dll","CodeFilePath":null,"LineNumber":0,"Properties":[{"Key":{"Id":"XunitTestCaseUniqueID","Label":"xUnit.net Test Case Unique ID","Category":"","Description":"","Attributes":0,"ValueType":"System.String"},"Value":"877e432fee05ca384e3b306d0a90a47e92b43862"},{"Key":{"Id":"TestCase.ManagedType","Label":"ManagedType","Category":"","Description":"","Attributes":1,"ValueType":"System.String"},"Value":"SharpMind.Tests.Data.PseudoLanguageGeneratorTests"},{"Key":{"Id":"XunitTestCaseExplicit","Label":"xUnit.net Test Case Explicit Flag","Category":"","Description":"","Attributes":0,"ValueType":"System.Boolean"},"Value":false},{"Key":{"Id":"TestCase.ManagedMethod","Label":"ManagedMethod","Category":"","Description":"","Attributes":1,"ValueType":"System.String"},"Value":"Generator_IdToText_ReturnsCorrectWord"}]},"Attachments":[],"Outcome":1,"ErrorMessage":null,"ErrorStackTrace":null,"DisplayName":"SharpMind.Tests.Data.PseudoLanguageGeneratorTests.Generator_IdToText_ReturnsCorrectWord","Messages":[],"ComputerName":"LAPTOP-MKMTSO1B","Duration":"00:00:00.0061581","StartTime":"2026-07-20T08:50:59.6042777+00:00","EndTime":"2026-07-20T08:50:59.6105679+00:00","Properties":[]},{"TestCase":{"Id":"7c0e7e82-0504-aa0e-9fb7-92fd07a76e50","FullyQualifiedName":"SharpMind.Tests.Data.PseudoLanguageGeneratorTests.ModelSizeRecommendation_ProvidesReasonableValues","DisplayName":"SharpMind.Tests.Data.PseudoLanguageGeneratorTests.ModelSizeRecommendation_ProvidesReasonableValues","ExecutorUri":"executor://xunit/VsTestRunner3/netcore/","Source":"C:\\Integral2u\\source\\repos\\SharpMind\\SharpMind.Tests\\bin\\Debug\\net10.0\\SharpMind.Tests.dll","CodeFilePath":null,"LineNumber":0,"Properties":[{"Key":{"Id":"XunitTestCaseUniqueID","Label":"xUnit.net Test Case Unique ID","Category":"","Description":"","Attributes":0,"ValueType":"System.String"},"Value":"8f92dbf488577108f32930d465c31a62a5b1f9ea"},{"Key":{"Id":"TestCase.ManagedType","Label":"ManagedType","Category":"","Description":"","Attributes":1,"ValueType":"System.String"},"Value":"SharpMind.Tests.Data.PseudoLanguageGeneratorTests"},{"Key":{"Id":"XunitTestCaseExplicit","Label":"xUnit.net Test Case Explicit Flag","Category":"","Description":"","Attributes":0,"ValueType":"System.Boolean"},"Value":false},{"Key":{"Id":"TestCase.ManagedMethod","Label":"ManagedMethod","Category":"","Description":"","Attributes":1,"ValueType":"System.String"},"Value":"ModelSizeRecommendation_ProvidesReasonableValues"}]},"Attachments":[],"Outcome":1,"ErrorMessage":null,"ErrorStackTrace":null,"DisplayName":"SharpMind.Tests.Data.PseudoLanguageGeneratorTests.ModelSizeRecommendation_ProvidesReasonableValues","Messages":[],"ComputerName":"LAPTOP-MKMTSO1B","Duration":"00:00:00.0081129","StartTime":"2026-07-20T08:50:59.614076+00:00","EndTime":"2026-07-20T08:50:59.6188749+00:00","Properties":[]},{"TestCase":{"Id":"bd6b2295-04c6-9493-8a20-9be82054cbf0","FullyQualifiedName":"SharpMind.Tests.Data.PseudoLanguageGeneratorTests.PseudoWord_HasCorrectBase","DisplayName":"SharpMind.Tests.Data.PseudoLanguageGeneratorTests.PseudoWord_HasCorrectBase","ExecutorUri":"executor://xunit/VsTestRunner3/netcore/","Source":"C:\\Integral2u\\source\\repos\\SharpMind\\SharpMind.Tests\\bin\\Debug\\net10.0\\SharpMind.Tests.dll","CodeFilePath":null,"LineNumber":0,"Properties":[{"Key":{"Id":"XunitTestCaseUniqueID","Label":"xUnit.net Test Case Unique ID","Category":"","Description":"","Attributes":0,"ValueType":"System.String"},"Value":"958bb0f1eb0c2466b839a1b2e5e0296901cb5b66"},{"Key":{"Id":"TestCase.ManagedType","Label":"ManagedType","Category":"","Description":"","Attributes":1,"ValueType":"System.String"},"Value":"SharpMind.Tests.Data.PseudoLanguageGeneratorTests"},{"Key":{"Id":"XunitTestCaseExplicit","Label":"xUnit.net Test Case Explicit Flag","Category":"","Description":"","Attributes":0,"ValueType":"System.Boolean"},"Value":false},{"Key":{"Id":"TestCase.ManagedMethod","Label":"ManagedMethod","Category":"","Description":"","Attributes":1,"ValueType":"System.String"},"Value":"PseudoWord_HasCorrectBase"}]},"Attachments":[],"Outcome":1,"ErrorMessage":null,"ErrorStackTrace":null,"DisplayName":"SharpMind.Tests.Data.PseudoLanguageGeneratorTests.PseudoWord_HasCorrectBase","Messages":[],"ComputerName":"LAPTOP-MKMTSO1B","Duration":"00:00:00.0040517","StartTime":"2026-07-20T08:50:59.6200123+00:00","EndTime":"2026-07-20T08:50:59.6238284+00:00","Properties":[]},{"TestCase":{"Id":"0cd3cbe7-2ab0-752d-46e8-3fa54abfb49a","FullyQualifiedName":"SharpMind.Tests.Data.PseudoLanguageGeneratorTests.Generator_TextToId_ReturnsNegativeForUnknown","DisplayName":"SharpMind.Tests.Data.PseudoLanguageGeneratorTests.Generator_TextToId_ReturnsNegativeForUnknown","ExecutorUri":"executor://xunit/VsTestRunner3/netcore/","Source":"C:\\Integral2u\\source\\repos\\SharpMind\\SharpMind.Tests\\bin\\Debug\\net10.0\\SharpMind.Tests.dll","CodeFilePath":null,"LineNumber":0,"Properties":[{"Key":{"Id":"XunitTestCaseUniqueID","Label":"xUnit.net Test Case Unique ID","Category":"","Description":"","Attributes":0,"ValueType":"System.String"},"Value":"97c3f1a177034aeeeb4e989b21e188363ad6d2e2"},{"Key":{"Id":"TestCase.ManagedType","Label":"ManagedType","Category":"","Description":"","Attributes":1,"ValueType":"System.String"},"Value":"SharpMind.Tests.Data.PseudoLanguageGeneratorTests"},{"Key":{"Id":"XunitTestCaseExplicit","Label":"xUnit.net Test Case Explicit Flag","Category":"","Description":"","Attributes":0,"ValueType":"System.Boolean"},"Value":false},{"Key":{"Id":"TestCase.ManagedMethod","Label":"ManagedMethod","Category":"","Description":"","Attributes":1,"ValueType":"System.String"},"Value":"Generator_TextToId_ReturnsNegativeForUnknown"}]},"Attachments":[],"Outcome":1,"ErrorMessage":null,"ErrorStackTrace":null,"DisplayName":"SharpMind.Tests.Data.PseudoLanguageGeneratorTests.Generator_TextToId_ReturnsNegativeForUnknown","Messages":[],"ComputerName":"LAPTOP-MKMTSO1B","Duration":"00:00:00.0023138","StartTime":"2026-07-20T08:50:59.6249491+00:00","EndTime":"2026-07-20T08:50:59.6276068+00:00","Properties":[]}],"TestRunStatistics":{"ExecutedTests":34,"Stats":{"Passed":34}},"ActiveTests":[{"Id":"c5f124aa-f7df-1e24-fdb1-0992f64b600b","FullyQualifiedName":"SharpMind.Tests.Data.PseudoLanguageGeneratorTests.ModelSizeRecommendation_ScalesWithVocabSize","DisplayName":"SharpMind.Tests.Data.PseudoLanguageGeneratorTests.ModelSizeRecommendation_ScalesWithVocabSize","ExecutorUri":"executor://xunit/VsTestRunner3/netcore/","Source":"C:\\Integral2u\\source\\repos\\SharpMind\\SharpMind.Tests\\bin\\Debug\\net10.0\\SharpMind.Tests.dll","CodeFilePath":null,"LineNumber":0,"Properties":[{"Key":{"Id":"XunitTestCaseUniqueID","Label":"xUnit.net Test Case Unique ID","Category":"","Description":"","Attributes":0,"ValueType":"System.String"},"Value":"a53fca8d77d1c6d63f271062a2da8888cffdfc64"},{"Key":{"Id":"TestCase.ManagedType","Label":"ManagedType","Category":"","Description":"","Attributes":1,"ValueType":"System.String"},"Value":"SharpMind.Tests.Data.PseudoLanguageGeneratorTests"},{"Key":{"Id":"XunitTestCaseExplicit","Label":"xUnit.net Test Case Explicit Flag","Category":"","Description":"","Attributes":0,"ValueType":"System.Boolean"},"Value":false},{"Key":{"Id":"TestCase.ManagedMethod","Label":"ManagedMethod","Category":"","Description":"","Attributes":1,"ValueType":"System.String"},"Value":"ModelSizeRecommendation_ScalesWithVocabSize"}]}]}}
TpTrace Verbose: 0 : 5804, 10, 2026/07/20, 20:50:59.640, 488485154093, vstest.console.dll, TestRunRequest:SendTestRunStatsChange: Starting.
TpTrace Verbose: 0 : 5804, 10, 2026/07/20, 20:50:59.641, 488485155475, vstest.console.dll, InProgress is SharpMind.Tests.Data.PseudoLanguageGeneratorTests.ModelSizeRecommendation_ScalesWithVocabSize
TpTrace Verbose: 0 : 5804, 10, 2026/07/20, 20:50:59.641, 488485156443, vstest.console.dll, MulticastDelegateUtilities.SafeInvoke: TestRun.RunStatsChanged: Invoking callbacks was skipped because there are no subscribers.
TpTrace Information: 0 : 5804, 10, 2026/07/20, 20:50:59.641, 488485157079, vstest.console.dll, TestRunRequest:SendTestRunStatsChange: Completed.
TpTrace Verbose: 0 : 5804, 4, 2026/07/20, 20:50:59.641, 488485157168, vstest.console.dll, MulticastDelegateUtilities.SafeInvoke: InternalTestLoggerEvents.SendTestResult: Invoking callback 1/1 for Microsoft.VisualStudio.TestPlatform.CommandLine.Internal.ConsoleLogger., took 0 ms.
TpTrace Verbose: 0 : 5804, 10, 2026/07/20, 20:50:59.641, 488485157878, vstest.console.dll, MulticastDelegateUtilities.SafeInvoke: LengthPrefixCommunicationChannel: MessageReceived: Invoking callback 1/1 for Microsoft.VisualStudio.TestPlatform.CommunicationUtilities.TestRequestSender+<>c__DisplayClass34_0., took 3 ms.
TpTrace Verbose: 0 : 5804, 4, 2026/07/20, 20:50:59.641, 488485158850, vstest.console.dll, MulticastDelegateUtilities.SafeInvoke: InternalTestLoggerEvents.SendTestResult: Invoking callback 1/1 for Microsoft.VisualStudio.TestPlatform.CommandLine.Internal.ConsoleLogger., took 0 ms.
TpTrace Verbose: 0 : 5804, 10, 2026/07/20, 20:50:59.641, 488485158949, vstest.console.dll, TcpClientExtensions.MessageLoopAsync: Polling on remoteEndPoint: 127.0.0.1:57605 localEndPoint: 127.0.0.1:57603 after 284 ms
TpTrace Verbose: 0 : 5804, 4, 2026/07/20, 20:50:59.641, 488485159761, vstest.console.dll, MulticastDelegateUtilities.SafeInvoke: InternalTestLoggerEvents.SendTestResult: Invoking callback 1/1 for Microsoft.VisualStudio.TestPlatform.CommandLine.Internal.ConsoleLogger., took 0 ms.
TpTrace Verbose: 0 : 5804, 4, 2026/07/20, 20:50:59.641, 488485160647, vstest.console.dll, MulticastDelegateUtilities.SafeInvoke: InternalTestLoggerEvents.SendTestResult: Invoking callback 1/1 for Microsoft.VisualStudio.TestPlatform.CommandLine.Internal.ConsoleLogger., took 0 ms.
TpTrace Verbose: 0 : 5804, 4, 2026/07/20, 20:50:59.641, 488485161648, vstest.console.dll, MulticastDelegateUtilities.SafeInvoke: InternalTestLoggerEvents.SendTestResult: Invoking callback 1/1 for Microsoft.VisualStudio.TestPlatform.CommandLine.Internal.ConsoleLogger., took 0 ms.
TpTrace Verbose: 0 : 5804, 4, 2026/07/20, 20:50:59.641, 488485162551, vstest.console.dll, MulticastDelegateUtilities.SafeInvoke: InternalTestLoggerEvents.SendTestResult: Invoking callback 1/1 for Microsoft.VisualStudio.TestPlatform.CommandLine.Internal.ConsoleLogger., took 0 ms.
TpTrace Verbose: 0 : 5804, 4, 2026/07/20, 20:50:59.641, 488485163524, vstest.console.dll, MulticastDelegateUtilities.SafeInvoke: InternalTestLoggerEvents.SendTestResult: Invoking callback 1/1 for Microsoft.VisualStudio.TestPlatform.CommandLine.Internal.ConsoleLogger., took 0 ms.
TpTrace Verbose: 0 : 5804, 4, 2026/07/20, 20:50:59.642, 488485164532, vstest.console.dll, MulticastDelegateUtilities.SafeInvoke: InternalTestLoggerEvents.SendTestResult: Invoking callback 1/1 for Microsoft.VisualStudio.TestPlatform.CommandLine.Internal.ConsoleLogger., took 0 ms.
TpTrace Verbose: 0 : 5804, 4, 2026/07/20, 20:50:59.642, 488485165420, vstest.console.dll, MulticastDelegateUtilities.SafeInvoke: InternalTestLoggerEvents.SendTestResult: Invoking callback 1/1 for Microsoft.VisualStudio.TestPlatform.CommandLine.Internal.ConsoleLogger., took 0 ms.
TpTrace Verbose: 0 : 5804, 10, 2026/07/20, 20:50:59.905, 488487798536, vstest.console.dll, TcpClientExtensions.MessageLoopAsync: NotifyDataAvailable remoteEndPoint: 127.0.0.1:57605 localEndPoint: 127.0.0.1:57603
TpTrace Verbose: 0 : 5804, 10, 2026/07/20, 20:50:59.905, 488487803413, vstest.console.dll, TestRequestSender.OnExecutionMessageReceived: Received message: {"Version":7,"MessageType":"TestExecution.StatsChange","Payload":{"NewTestResults":[{"TestCase":{"Id":"c5f124aa-f7df-1e24-fdb1-0992f64b600b","FullyQualifiedName":"SharpMind.Tests.Data.PseudoLanguageGeneratorTests.ModelSizeRecommendation_ScalesWithVocabSize","DisplayName":"SharpMind.Tests.Data.PseudoLanguageGeneratorTests.ModelSizeRecommendation_ScalesWithVocabSize","ExecutorUri":"executor://xunit/VsTestRunner3/netcore/","Source":"C:\\Integral2u\\source\\repos\\SharpMind\\SharpMind.Tests\\bin\\Debug\\net10.0\\SharpMind.Tests.dll","CodeFilePath":null,"LineNumber":0,"Properties":[{"Key":{"Id":"XunitTestCaseUniqueID","Label":"xUnit.net Test Case Unique ID","Category":"","Description":"","Attributes":0,"ValueType":"System.String"},"Value":"a53fca8d77d1c6d63f271062a2da8888cffdfc64"},{"Key":{"Id":"TestCase.ManagedType","Label":"ManagedType","Category":"","Description":"","Attributes":1,"ValueType":"System.String"},"Value":"SharpMind.Tests.Data.PseudoLanguageGeneratorTests"},{"Key":{"Id":"XunitTestCaseExplicit","Label":"xUnit.net Test Case Explicit Flag","Category":"","Description":"","Attributes":0,"ValueType":"System.Boolean"},"Value":false},{"Key":{"Id":"TestCase.ManagedMethod","Label":"ManagedMethod","Category":"","Description":"","Attributes":1,"ValueType":"System.String"},"Value":"ModelSizeRecommendation_ScalesWithVocabSize"}]},"Attachments":[],"Outcome":1,"ErrorMessage":null,"ErrorStackTrace":null,"DisplayName":"SharpMind.Tests.Data.PseudoLanguageGeneratorTests.ModelSizeRecommendation_ScalesWithVocabSize","Messages":[],"ComputerName":"LAPTOP-MKMTSO1B","Duration":"00:00:00.1816643","StartTime":"2026-07-20T08:50:59.6373632+00:00","EndTime":"2026-07-20T08:50:59.8094538+00:00","Properties":[]},{"TestCase":{"Id":"09947f50-37ad-090f-844d-97265e99c1ae","FullyQualifiedName":"SharpMind.Tests.Data.PseudoLanguageGeneratorTests.VocabConfig_Medium_HasExpectedDefaults","DisplayName":"SharpMind.Tests.Data.PseudoLanguageGeneratorTests.VocabConfig_Medium_HasExpectedDefaults","ExecutorUri":"executor://xunit/VsTestRunner3/netcore/","Source":"C:\\Integral2u\\source\\repos\\SharpMind\\SharpMind.Tests\\bin\\Debug\\net10.0\\SharpMind.Tests.dll","CodeFilePath":null,"LineNumber":0,"Properties":[{"Key":{"Id":"XunitTestCaseUniqueID","Label":"xUnit.net Test Case Unique ID","Category":"","Description":"","Attributes":0,"ValueType":"System.String"},"Value":"a684a1fab0c3c1e50642a59a8c65ead14ebf018a"},{"Key":{"Id":"TestCase.ManagedType","Label":"ManagedType","Category":"","Description":"","Attributes":1,"ValueType":"System.String"},"Value":"SharpMind.Tests.Data.PseudoLanguageGeneratorTests"},{"Key":{"Id":"XunitTestCaseExplicit","Label":"xUnit.net Test Case Explicit Flag","Category":"","Description":"","Attributes":0,"ValueType":"System.Boolean"},"Value":false},{"Key":{"Id":"TestCase.ManagedMethod","Label":"ManagedMethod","Category":"","Description":"","Attributes":1,"ValueType":"System.String"},"Value":"VocabConfig_Medium_HasExpectedDefaults"}]},"Attachments":[],"Outcome":1,"ErrorMessage":null,"ErrorStackTrace":null,"DisplayName":"SharpMind.Tests.Data.PseudoLanguageGeneratorTests.VocabConfig_Medium_HasExpectedDefaults","Messages":[],"ComputerName":"LAPTOP-MKMTSO1B","Duration":"00:00:00.0003588","StartTime":"2026-07-20T08:50:59.8104813+00:00","EndTime":"2026-07-20T08:50:59.8106105+00:00","Properties":[]},{"TestCase":{"Id":"c16e1d24-4cba-610e-9c9f-9b8463cae6e5","FullyQualifiedName":"SharpMind.Tests.Data.PseudoLanguageGeneratorTests.Generator_CreatesVocabWithSpecifiedSize","DisplayName":"SharpMind.Tests.Data.PseudoLanguageGeneratorTests.Generator_CreatesVocabWithSpecifiedSize","ExecutorUri":"executor://xunit/VsTestRunner3/netcore/","Source":"C:\\Integral2u\\source\\repos\\SharpMind\\SharpMind.Tests\\bin\\Debug\\net10.0\\SharpMind.Tests.dll","CodeFilePath":null,"LineNumber":0,"Properties":[{"Key":{"Id":"XunitTestCaseUniqueID","Label":"xUnit.net Test Case Unique ID","Category":"","Description":"","Attributes":0,"ValueType":"System.String"},"Value":"b308fe2042c8443531ec2a718a4585f8078ad4ce"},{"Key":{"Id":"TestCase.ManagedType","Label":"ManagedType","Category":"","Description":"","Attributes":1,"ValueType":"System.String"},"Value":"SharpMind.Tests.Data.PseudoLanguageGeneratorTests"},{"Key":{"Id":"XunitTestCaseExplicit","Label":"xUnit.net Test Case Explicit Flag","Category":"","Description":"","Attributes":0,"ValueType":"System.Boolean"},"Value":false},{"Key":{"Id":"TestCase.ManagedMethod","Label":"ManagedMethod","Category":"","Description":"","Attributes":1,"ValueType":"System.String"},"Value":"Generator_CreatesVocabWithSpecifiedSize"}]},"Attachments":[],"Outcome":1,"ErrorMessage":null,"ErrorStackTrace":null,"DisplayName":"SharpMind.Tests.Data.PseudoLanguageGeneratorTests.Generator_CreatesVocabWithSpecifiedSize","Messages":[],"ComputerName":"LAPTOP-MKMTSO1B","Duration":"00:00:00.0145514","StartTime":"2026-07-20T08:50:59.8143737+00:00","EndTime":"2026-07-20T08:50:59.8251302+00:00","Properties":[]},{"TestCase":{"Id":"f5fed8fe-18d2-c9b7-c68d-265f92d2beb4","FullyQualifiedName":"SharpMind.Tests.Data.PseudoLanguageGeneratorTests.Generator_TextToId_ReturnsCorrectId","DisplayName":"SharpMind.Tests.Data.PseudoLanguageGeneratorTests.Generator_TextToId_ReturnsCorrectId","ExecutorUri":"executor://xunit/VsTestRunner3/netcore/","Source":"C:\\Integral2u\\source\\repos\\SharpMind\\SharpMind.Tests\\bin\\Debug\\net10.0\\SharpMind.Tests.dll","CodeFilePath":null,"LineNumber":0,"Properties":[{"Key":{"Id":"XunitTestCaseUniqueID","Label":"xUnit.net Test Case Unique ID","Category":"","Description":"","Attributes":0,"ValueType":"System.String"},"Value":"b9219d5ad36257397268667a1ac2c0260c236cfa"},{"Key":{"Id":"TestCase.ManagedType","Label":"ManagedType","Category":"","Description":"","Attributes":1,"ValueType":"System.String"},"Value":"SharpMind.Tests.Data.PseudoLanguageGeneratorTests"},{"Key":{"Id":"XunitTestCaseExplicit","Label":"xUnit.net Test Case Explicit Flag","Category":"","Description":"","Attributes":0,"ValueType":"System.Boolean"},"Value":false},{"Key":{"Id":"TestCase.ManagedMethod","Label":"ManagedMethod","Category":"","Description":"","Attributes":1,"ValueType":"System.String"},"Value":"Generator_TextToId_ReturnsCorrectId"}]},"Attachments":[],"Outcome":1,"ErrorMessage":null,"ErrorStackTrace":null,"DisplayName":"SharpMind.Tests.Data.PseudoLanguageGeneratorTests.Generator_TextToId_ReturnsCorrectId","Messages":[],"ComputerName":"LAPTOP-MKMTSO1B","Duration":"00:00:00.0069000","StartTime":"2026-07-20T08:50:59.8260613+00:00","EndTime":"2026-07-20T08:50:59.8326777+00:00","Properties":[]},{"TestCase":{"Id":"fe35e254-35eb-fcf4-e436-2ba913f3762d","FullyQualifiedName":"SharpMind.Tests.Data.PseudoLanguageGeneratorTests.Generator_GenerateSyntactic_ReturnsValidSequences","DisplayName":"SharpMind.Tests.Data.PseudoLanguageGeneratorTests.Generator_GenerateSyntactic_ReturnsValidSequences","ExecutorUri":"executor://xunit/VsTestRunner3/netcore/","Source":"C:\\Integral2u\\source\\repos\\SharpMind\\SharpMind.Tests\\bin\\Debug\\net10.0\\SharpMind.Tests.dll","CodeFilePath":null,"LineNumber":0,"Properties":[{"Key":{"Id":"XunitTestCaseUniqueID","Label":"xUnit.net Test Case Unique ID","Category":"","Description":"","Attributes":0,"ValueType":"System.String"},"Value":"bb02e43b2f56473561f768ab149bf8b19c43c56c"},{"Key":{"Id":"TestCase.ManagedType","Label":"ManagedType","Category":"","Description":"","Attributes":1,"ValueType":"System.String"},"Value":"SharpMind.Tests.Data.PseudoLanguageGeneratorTests"},{"Key":{"Id":"XunitTestCaseExplicit","Label":"xUnit.net Test Case Explicit Flag","Category":"","Description":"","Attributes":0,"ValueType":"System.Boolean"},"Value":false},{"Key":{"Id":"TestCase.ManagedMethod","Label":"ManagedMethod","Category":"","Description":"","Attributes":1,"ValueType":"System.String"},"Value":"Generator_GenerateSyntactic_ReturnsValidSequences"}]},"Attachments":[],"Outcome":1,"ErrorMessage":null,"ErrorStackTrace":null,"DisplayName":"SharpMind.Tests.Data.PseudoLanguageGeneratorTests.Generator_GenerateSyntactic_ReturnsValidSequences","Messages":[],"ComputerName":"LAPTOP-MKMTSO1B","Duration":"00:00:00.0096153","StartTime":"2026-07-20T08:50:59.8343649+00:00","EndTime":"2026-07-20T08:50:59.842553+00:00","Properties":[]},{"TestCase":{"Id":"b41956e9-7079-5201-9ef9-bc836323df76","FullyQualifiedName":"SharpMind.Tests.Data.PseudoLanguageGeneratorTests.PseudoWord_WordFamily_ContainsRelatedWords","DisplayName":"SharpMind.Tests.Data.PseudoLanguageGeneratorTests.PseudoWord_WordFamily_ContainsRelatedWords","ExecutorUri":"executor://xunit/VsTestRunner3/netcore/","Source":"C:\\Integral2u\\source\\repos\\SharpMind\\SharpMind.Tests\\bin\\Debug\\net10.0\\SharpMind.Tests.dll","CodeFilePath":null,"LineNumber":0,"Properties":[{"Key":{"Id":"XunitTestCaseUniqueID","Label":"xUnit.net Test Case Unique ID","Category":"","Description":"","Attributes":0,"ValueType":"System.String"},"Value":"bcec190d0172d74a5c1ca66fd524d63977be5cbc"},{"Key":{"Id":"TestCase.ManagedType","Label":"ManagedType","Category":"","Description":"","Attributes":1,"ValueType":"System.String"},"Value":"SharpMind.Tests.Data.PseudoLanguageGeneratorTests"},{"Key":{"Id":"XunitTestCaseExplicit","Label":"xUnit.net Test Case Explicit Flag","Category":"","Description":"","Attributes":0,"ValueType":"System.Boolean"},"Value":false},{"Key":{"Id":"TestCase.ManagedMethod","Label":"ManagedMethod","Category":"","Description":"","Attributes":1,"ValueType":"System.String"},"Value":"PseudoWord_WordFamily_ContainsRelatedWords"}]},"Attachments":[],"Outcome":1,"ErrorMessage":null,"ErrorStackTrace":null,"DisplayName":"SharpMind.Tests.Data.PseudoLanguageGeneratorTests.PseudoWord_WordFamily_ContainsRelatedWords","Messages":[],"ComputerName":"LAPTOP-MKMTSO1B","Duration":"00:00:00.0092528","StartTime":"2026-07-20T08:50:59.8436725+00:00","EndTime":"2026-07-20T08:50:59.8513876+00:00","Properties":[]},{"TestCase":{"Id":"ff9111ab-0a8f-65fc-0cb3-560ea1ff8604","FullyQualifiedName":"SharpMind.Tests.Data.PseudoLanguageGeneratorTests.Generator_ContainsRootWords","DisplayName":"SharpMind.Tests.Data.PseudoLanguageGeneratorTests.Generator_ContainsRootWords","ExecutorUri":"executor://xunit/VsTestRunner3/netcore/","Source":"C:\\Integral2u\\source\\repos\\SharpMind\\SharpMind.Tests\\bin\\Debug\\net10.0\\SharpMind.Tests.dll","CodeFilePath":null,"LineNumber":0,"Properties":[{"Key":{"Id":"XunitTestCaseUniqueID","Label":"xUnit.net Test Case Unique ID","Category":"","Description":"","Attributes":0,"ValueType":"System.String"},"Value":"f965baf2534a996d250c7e783a31ab691a77bc44"},{"Key":{"Id":"TestCase.ManagedType","Label":"ManagedType","Category":"","Description":"","Attributes":1,"ValueType":"System.String"},"Value":"SharpMind.Tests.Data.PseudoLanguageGeneratorTests"},{"Key":{"Id":"XunitTestCaseExplicit","Label":"xUnit.net Test Case Explicit Flag","Category":"","Description":"","Attributes":0,"ValueType":"System.Boolean"},"Value":false},{"Key":{"Id":"TestCase.ManagedMethod","Label":"ManagedMethod","Category":"","Description":"","Attributes":1,"ValueType":"System.String"},"Value":"Generator_ContainsRootWords"}]},"Attachments":[],"Outcome":1,"ErrorMessage":null,"ErrorStackTrace":null,"DisplayName":"SharpMind.Tests.Data.PseudoLanguageGeneratorTests.Generator_ContainsRootWords","Messages":[],"ComputerName":"LAPTOP-MKMTSO1B","Duration":"00:00:00.0045580","StartTime":"2026-07-20T08:50:59.8522837+00:00","EndTime":"2026-07-20T08:50:59.8561766+00:00","Properties":[]},{"TestCase":{"Id":"1f76eda1-c214-b2c4-92f8-bc8b0ebd8007","FullyQualifiedName":"SharpMind.Tests.Core.EmbeddingTableTests.Forward_OutOfRangeId_Throws","DisplayName":"SharpMind.Tests.Core.EmbeddingTableTests.Forward_OutOfRangeId_Throws","ExecutorUri":"executor://xunit/VsTestRunner3/netcore/","Source":"C:\\Integral2u\\source\\repos\\SharpMind\\SharpMind.Tests\\bin\\Debug\\net10.0\\SharpMind.Tests.dll","CodeFilePath":null,"LineNumber":0,"Properties":[{"Key":{"Id":"XunitTestCaseUniqueID","Label":"xUnit.net Test Case Unique ID","Category":"","Description":"","Attributes":0,"ValueType":"System.String"},"Value":"5fe8cedc5cb30edb219a53c64309b65e151d715b"},{"Key":{"Id":"TestCase.ManagedType","Label":"ManagedType","Category":"","Description":"","Attributes":1,"ValueType":"System.String"},"Value":"SharpMind.Tests.Core.EmbeddingTableTests"},{"Key":{"Id":"XunitTestCaseExplicit","Label":"xUnit.net Test Case Explicit Flag","Category":"","Description":"","Attributes":0,"ValueType":"System.Boolean"},"Value":false},{"Key":{"Id":"TestCase.ManagedMethod","Label":"ManagedMethod","Category":"","Description":"","Attributes":1,"ValueType":"System.String"},"Value":"Forward_OutOfRangeId_Throws"}]},"Attachments":[],"Outcome":1,"ErrorMessage":null,"ErrorStackTrace":null,"DisplayName":"SharpMind.Tests.Core.EmbeddingTableTests.Forward_OutOfRangeId_Throws","Messages":[],"ComputerName":"LAPTOP-MKMTSO1B","Duration":"00:00:00.0140236","StartTime":"2026-07-20T08:50:59.8753061+00:00","EndTime":"2026-07-20T08:50:59.889156+00:00","Properties":[]},{"TestCase":{"Id":"51e53add-a2ef-d5d1-8c90-1def6fcb4159","FullyQualifiedName":"SharpMind.Tests.Data.JsonlSourceTests.MissingField_Skipped","DisplayName":"SharpMind.Tests.Data.JsonlSourceTests.MissingField_Skipped","ExecutorUri":"executor://xunit/VsTestRunner3/netcore/","Source":"C:\\Integral2u\\source\\repos\\SharpMind\\SharpMind.Tests\\bin\\Debug\\net10.0\\SharpMind.Tests.dll","CodeFilePath":null,"LineNumber":0,"Properties":[{"Key":{"Id":"XunitTestCaseUniqueID","Label":"xUnit.net Test Case Unique ID","Category":"","Description":"","Attributes":0,"ValueType":"System.String"},"Value":"1ca545ba5f92383276a21bcaba49279dc1626d7f"},{"Key":{"Id":"TestCase.ManagedType","Label":"ManagedType","Category":"","Description":"","Attributes":1,"ValueType":"System.String"},"Value":"SharpMind.Tests.Data.JsonlSourceTests"},{"Key":{"Id":"XunitTestCaseExplicit","Label":"xUnit.net Test Case Explicit Flag","Category":"","Description":"","Attributes":0,"ValueType":"System.Boolean"},"Value":false},{"Key":{"Id":"TestCase.ManagedMethod","Label":"ManagedMethod","Category":"","Description":"","Attributes":1,"ValueType":"System.String"},"Value":"MissingField_Skipped"}]},"Attachments":[],"Outcome":1,"ErrorMessage":null,"ErrorStackTrace":null,"DisplayName":"SharpMind.Tests.Data.JsonlSourceTests.MissingField_Skipped","Messages":[],"ComputerName":"LAPTOP-MKMTSO1B","Duration":"00:00:00.5534784","StartTime":"2026-07-20T08:50:59.3518677+00:00","EndTime":"2026-07-20T08:50:59.9026974+00:00","Properties":[]}],"TestRunStatistics":{"ExecutedTests":43,"Stats":{"Passed":43}},"ActiveTests":[{"Id":"bc74f2dc-08e1-c8fc-7e34-f3ade3412f6f","FullyQualifiedName":"SharpMind.Tests.Core.EmbeddingTableTests.Forward_ReturnsCorrectRows","DisplayName":"SharpMind.Tests.Core.EmbeddingTableTests.Forward_ReturnsCorrectRows","ExecutorUri":"executor://xunit/VsTestRunner3/netcore/","Source":"C:\\Integral2u\\source\\repos\\SharpMind\\SharpMind.Tests\\bin\\Debug\\net10.0\\SharpMind.Tests.dll","CodeFilePath":null,"LineNumber":0,"Properties":[{"Key":{"Id":"XunitTestCaseUniqueID","Label":"xUnit.net Test Case Unique ID","Category":"","Description":"","Attributes":0,"ValueType":"System.String"},"Value":"7b8148ccd08de789bf19b11e6b529f4db33c6356"},{"Key":{"Id":"TestCase.ManagedType","Label":"ManagedType","Category":"","Description":"","Attributes":1,"ValueType":"System.String"},"Value":"SharpMind.Tests.Core.EmbeddingTableTests"},{"Key":{"Id":"XunitTestCaseExplicit","Label":"xUnit.net Test Case Explicit Flag","Category":"","Description":"","Attributes":0,"ValueType":"System.Boolean"},"Value":false},{"Key":{"Id":"TestCase.ManagedMethod","Label":"ManagedMethod","Category":"","Description":"","Attributes":1,"ValueType":"System.String"},"Value":"Forward_ReturnsCorrectRows"}]}]}}
TpTrace Verbose: 0 : 5804, 10, 2026/07/20, 20:50:59.909, 488487838598, vstest.console.dll, TestRunRequest:SendTestRunStatsChange: Starting.
TpTrace Verbose: 0 : 5804, 10, 2026/07/20, 20:50:59.909, 488487839799, vstest.console.dll, InProgress is SharpMind.Tests.Core.EmbeddingTableTests.Forward_ReturnsCorrectRows
TpTrace Verbose: 0 : 5804, 10, 2026/07/20, 20:50:59.909, 488487841335, vstest.console.dll, MulticastDelegateUtilities.SafeInvoke: TestRun.RunStatsChanged: Invoking callbacks was skipped because there are no subscribers.
TpTrace Information: 0 : 5804, 10, 2026/07/20, 20:50:59.909, 488487841970, vstest.console.dll, TestRunRequest:SendTestRunStatsChange: Completed.
TpTrace Verbose: 0 : 5804, 4, 2026/07/20, 20:50:59.909, 488487842093, vstest.console.dll, MulticastDelegateUtilities.SafeInvoke: InternalTestLoggerEvents.SendTestResult: Invoking callback 1/1 for Microsoft.VisualStudio.TestPlatform.CommandLine.Internal.ConsoleLogger., took 0 ms.
TpTrace Verbose: 0 : 5804, 10, 2026/07/20, 20:50:59.909, 488487842604, vstest.console.dll, MulticastDelegateUtilities.SafeInvoke: LengthPrefixCommunicationChannel: MessageReceived: Invoking callback 1/1 for Microsoft.VisualStudio.TestPlatform.CommunicationUtilities.TestRequestSender+<>c__DisplayClass34_0., took 3 ms.
TpTrace Verbose: 0 : 5804, 4, 2026/07/20, 20:50:59.909, 488487843935, vstest.console.dll, MulticastDelegateUtilities.SafeInvoke: InternalTestLoggerEvents.SendTestResult: Invoking callback 1/1 for Microsoft.VisualStudio.TestPlatform.CommandLine.Internal.ConsoleLogger., took 0 ms.
TpTrace Verbose: 0 : 5804, 10, 2026/07/20, 20:50:59.910, 488487844660, vstest.console.dll, TcpClientExtensions.MessageLoopAsync: Polling on remoteEndPoint: 127.0.0.1:57605 localEndPoint: 127.0.0.1:57603 after 268 ms
TpTrace Verbose: 0 : 5804, 4, 2026/07/20, 20:50:59.910, 488487844743, vstest.console.dll, MulticastDelegateUtilities.SafeInvoke: InternalTestLoggerEvents.SendTestResult: Invoking callback 1/1 for Microsoft.VisualStudio.TestPlatform.CommandLine.Internal.ConsoleLogger., took 0 ms.
TpTrace Verbose: 0 : 5804, 4, 2026/07/20, 20:50:59.910, 488487846586, vstest.console.dll, MulticastDelegateUtilities.SafeInvoke: InternalTestLoggerEvents.SendTestResult: Invoking callback 1/1 for Microsoft.VisualStudio.TestPlatform.CommandLine.Internal.ConsoleLogger., took 0 ms.
TpTrace Verbose: 0 : 5804, 4, 2026/07/20, 20:50:59.910, 488487847547, vstest.console.dll, MulticastDelegateUtilities.SafeInvoke: InternalTestLoggerEvents.SendTestResult: Invoking callback 1/1 for Microsoft.VisualStudio.TestPlatform.CommandLine.Internal.ConsoleLogger., took 0 ms.
TpTrace Verbose: 0 : 5804, 4, 2026/07/20, 20:50:59.910, 488487848322, vstest.console.dll, MulticastDelegateUtilities.SafeInvoke: InternalTestLoggerEvents.SendTestResult: Invoking callback 1/1 for Microsoft.VisualStudio.TestPlatform.CommandLine.Internal.ConsoleLogger., took 0 ms.
TpTrace Verbose: 0 : 5804, 4, 2026/07/20, 20:50:59.910, 488487848986, vstest.console.dll, MulticastDelegateUtilities.SafeInvoke: InternalTestLoggerEvents.SendTestResult: Invoking callback 1/1 for Microsoft.VisualStudio.TestPlatform.CommandLine.Internal.ConsoleLogger., took 0 ms.
TpTrace Verbose: 0 : 5804, 4, 2026/07/20, 20:50:59.910, 488487849701, vstest.console.dll, MulticastDelegateUtilities.SafeInvoke: InternalTestLoggerEvents.SendTestResult: Invoking callback 1/1 for Microsoft.VisualStudio.TestPlatform.CommandLine.Internal.ConsoleLogger., took 0 ms.
TpTrace Verbose: 0 : 5804, 4, 2026/07/20, 20:50:59.910, 488487850422, vstest.console.dll, MulticastDelegateUtilities.SafeInvoke: InternalTestLoggerEvents.SendTestResult: Invoking callback 1/1 for Microsoft.VisualStudio.TestPlatform.CommandLine.Internal.ConsoleLogger., took 0 ms.
TpTrace Verbose: 0 : 5804, 10, 2026/07/20, 20:50:59.981, 488488561260, vstest.console.dll, TcpClientExtensions.MessageLoopAsync: NotifyDataAvailable remoteEndPoint: 127.0.0.1:57605 localEndPoint: 127.0.0.1:57603
TpTrace Verbose: 0 : 5804, 10, 2026/07/20, 20:50:59.982, 488488574144, vstest.console.dll, TestRequestSender.OnExecutionMessageReceived: Received message: {"Version":7,"MessageType":"TestExecution.StatsChange","Payload":{"NewTestResults":[{"TestCase":{"Id":"bc74f2dc-08e1-c8fc-7e34-f3ade3412f6f","FullyQualifiedName":"SharpMind.Tests.Core.EmbeddingTableTests.Forward_ReturnsCorrectRows","DisplayName":"SharpMind.Tests.Core.EmbeddingTableTests.Forward_ReturnsCorrectRows","ExecutorUri":"executor://xunit/VsTestRunner3/netcore/","Source":"C:\\Integral2u\\source\\repos\\SharpMind\\SharpMind.Tests\\bin\\Debug\\net10.0\\SharpMind.Tests.dll","CodeFilePath":null,"LineNumber":0,"Properties":[{"Key":{"Id":"XunitTestCaseUniqueID","Label":"xUnit.net Test Case Unique ID","Category":"","Description":"","Attributes":0,"ValueType":"System.String"},"Value":"7b8148ccd08de789bf19b11e6b529f4db33c6356"},{"Key":{"Id":"TestCase.ManagedType","Label":"ManagedType","Category":"","Description":"","Attributes":1,"ValueType":"System.String"},"Value":"SharpMind.Tests.Core.EmbeddingTableTests"},{"Key":{"Id":"XunitTestCaseExplicit","Label":"xUnit.net Test Case Explicit Flag","Category":"","Description":"","Attributes":0,"ValueType":"System.Boolean"},"Value":false},{"Key":{"Id":"TestCase.ManagedMethod","Label":"ManagedMethod","Category":"","Description":"","Attributes":1,"ValueType":"System.String"},"Value":"Forward_ReturnsCorrectRows"}]},"Attachments":[],"Outcome":1,"ErrorMessage":null,"ErrorStackTrace":null,"DisplayName":"SharpMind.Tests.Core.EmbeddingTableTests.Forward_ReturnsCorrectRows","Messages":[],"ComputerName":"LAPTOP-MKMTSO1B","Duration":"00:00:00.0175982","StartTime":"2026-07-20T08:50:59.8900445+00:00","EndTime":"2026-07-20T08:50:59.9069039+00:00","Properties":[]},{"TestCase":{"Id":"13941500-4cb1-560f-d6a6-8f0473817f13","FullyQualifiedName":"SharpMind.Tests.Core.EmbeddingTableTests.Dispose_Safe","DisplayName":"SharpMind.Tests.Core.EmbeddingTableTests.Dispose_Safe","ExecutorUri":"executor://xunit/VsTestRunner3/netcore/","Source":"C:\\Integral2u\\source\\repos\\SharpMind\\SharpMind.Tests\\bin\\Debug\\net10.0\\SharpMind.Tests.dll","CodeFilePath":null,"LineNumber":0,"Properties":[{"Key":{"Id":"XunitTestCaseUniqueID","Label":"xUnit.net Test Case Unique ID","Category":"","Description":"","Attributes":0,"ValueType":"System.String"},"Value":"cf0ca66362d0f8d1e056612bda7fb5468538806f"},{"Key":{"Id":"TestCase.ManagedType","Label":"ManagedType","Category":"","Description":"","Attributes":1,"ValueType":"System.String"},"Value":"SharpMind.Tests.Core.EmbeddingTableTests"},{"Key":{"Id":"XunitTestCaseExplicit","Label":"xUnit.net Test Case Explicit Flag","Category":"","Description":"","Attributes":0,"ValueType":"System.Boolean"},"Value":false},{"Key":{"Id":"TestCase.ManagedMethod","Label":"ManagedMethod","Category":"","Description":"","Attributes":1,"ValueType":"System.String"},"Value":"Dispose_Safe"}]},"Attachments":[],"Outcome":1,"ErrorMessage":null,"ErrorStackTrace":null,"DisplayName":"SharpMind.Tests.Core.EmbeddingTableTests.Dispose_Safe","Messages":[],"ComputerName":"LAPTOP-MKMTSO1B","Duration":"00:00:00.0015398","StartTime":"2026-07-20T08:50:59.9078172+00:00","EndTime":"2026-07-20T08:50:59.9085783+00:00","Properties":[]},{"TestCase":{"Id":"4338c324-cfee-716e-0b2b-960a4359457d","FullyQualifiedName":"SharpMind.Tests.Core.NativeBufferTests.Allocate_ZeroInitialised","DisplayName":"SharpMind.Tests.Core.NativeBufferTests.Allocate_ZeroInitialised","ExecutorUri":"executor://xunit/VsTestRunner3/netcore/","Source":"C:\\Integral2u\\source\\repos\\SharpMind\\SharpMind.Tests\\bin\\Debug\\net10.0\\SharpMind.Tests.dll","CodeFilePath":null,"LineNumber":0,"Properties":[{"Key":{"Id":"XunitTestCaseUniqueID","Label":"xUnit.net Test Case Unique ID","Category":"","Description":"","Attributes":0,"ValueType":"System.String"},"Value":"3106aabe9c21a98615e3a7e6f29dff62a5c27bcb"},{"Key":{"Id":"TestCase.ManagedType","Label":"ManagedType","Category":"","Description":"","Attributes":1,"ValueType":"System.String"},"Value":"SharpMind.Tests.Core.NativeBufferTests"},{"Key":{"Id":"XunitTestCaseExplicit","Label":"xUnit.net Test Case Explicit Flag","Category":"","Description":"","Attributes":0,"ValueType":"System.Boolean"},"Value":false},{"Key":{"Id":"TestCase.ManagedMethod","Label":"ManagedMethod","Category":"","Description":"","Attributes":1,"ValueType":"System.String"},"Value":"Allocate_ZeroInitialised"}]},"Attachments":[],"Outcome":1,"ErrorMessage":null,"ErrorStackTrace":null,"DisplayName":"SharpMind.Tests.Core.NativeBufferTests.Allocate_ZeroInitialised","Messages":[],"ComputerName":"LAPTOP-MKMTSO1B","Duration":"00:00:00.0016115","StartTime":"2026-07-20T08:50:59.9095652+00:00","EndTime":"2026-07-20T08:50:59.9108527+00:00","Properties":[]},{"TestCase":{"Id":"b4db558c-5cec-fc1b-1d1c-c3748cd99ea0","FullyQualifiedName":"SharpMind.Tests.Core.NativeBufferTests.Dispose_AfterFree_DoesNotThrow","DisplayName":"SharpMind.Tests.Core.NativeBufferTests.Dispose_AfterFree_DoesNotThrow","ExecutorUri":"executor://xunit/VsTestRunner3/netcore/","Source":"C:\\Integral2u\\source\\repos\\SharpMind\\SharpMind.Tests\\bin\\Debug\\net10.0\\SharpMind.Tests.dll","CodeFilePath":null,"LineNumber":0,"Properties":[{"Key":{"Id":"XunitTestCaseUniqueID","Label":"xUnit.net Test Case Unique ID","Category":"","Description":"","Attributes":0,"ValueType":"System.String"},"Value":"619fcf063506866a09c85be8f6b168a43fc6a36b"},{"Key":{"Id":"TestCase.ManagedType","Label":"ManagedType","Category":"","Description":"","Attributes":1,"ValueType":"System.String"},"Value":"SharpMind.Tests.Core.NativeBufferTests"},{"Key":{"Id":"XunitTestCaseExplicit","Label":"xUnit.net Test Case Explicit Flag","Category":"","Description":"","Attributes":0,"ValueType":"System.Boolean"},"Value":false},{"Key":{"Id":"TestCase.ManagedMethod","Label":"ManagedMethod","Category":"","Description":"","Attributes":1,"ValueType":"System.String"},"Value":"Dispose_AfterFree_DoesNotThrow"}]},"Attachments":[],"Outcome":1,"ErrorMessage":null,"ErrorStackTrace":null,"DisplayName":"SharpMind.Tests.Core.NativeBufferTests.Dispose_AfterFree_DoesNotThrow","Messages":[],"ComputerName":"LAPTOP-MKMTSO1B","Duration":"00:00:00.0006841","StartTime":"2026-07-20T08:50:59.9166932+00:00","EndTime":"2026-07-20T08:50:59.9168963+00:00","Properties":[]},{"TestCase":{"Id":"d983d0f0-5b4b-1e87-40d3-e17b57b218b1","FullyQualifiedName":"SharpMind.Tests.Core.NativeBufferTests.AddRef_PreventsFreeUntilAllDisposed","DisplayName":"SharpMind.Tests.Core.NativeBufferTests.AddRef_PreventsFreeUntilAllDisposed","ExecutorUri":"executor://xunit/VsTestRunner3/netcore/","Source":"C:\\Integral2u\\source\\repos\\SharpMind\\SharpMind.Tests\\bin\\Debug\\net10.0\\SharpMind.Tests.dll","CodeFilePath":null,"LineNumber":0,"Properties":[{"Key":{"Id":"XunitTestCaseUniqueID","Label":"xUnit.net Test Case Unique ID","Category":"","Description":"","Attributes":0,"ValueType":"System.String"},"Value":"e5fef5bdf3ad366d2f2067b9ca565904da01e7bc"},{"Key":{"Id":"TestCase.ManagedType","Label":"ManagedType","Category":"","Description":"","Attributes":1,"ValueType":"System.String"},"Value":"SharpMind.Tests.Core.NativeBufferTests"},{"Key":{"Id":"XunitTestCaseExplicit","Label":"xUnit.net Test Case Explicit Flag","Category":"","Description":"","Attributes":0,"ValueType":"System.Boolean"},"Value":false},{"Key":{"Id":"TestCase.ManagedMethod","Label":"ManagedMethod","Category":"","Description":"","Attributes":1,"ValueType":"System.String"},"Value":"AddRef_PreventsFreeUntilAllDisposed"}]},"Attachments":[],"Outcome":1,"ErrorMessage":null,"ErrorStackTrace":null,"DisplayName":"SharpMind.Tests.Core.NativeBufferTests.AddRef_PreventsFreeUntilAllDisposed","Messages":[],"ComputerName":"LAPTOP-MKMTSO1B","Duration":"00:00:00.0006692","StartTime":"2026-07-20T08:50:59.9177197+00:00","EndTime":"2026-07-20T08:50:59.9178876+00:00","Properties":[]},{"TestCase":{"Id":"17fee511-8364-a0ba-0462-21067592d629","FullyQualifiedName":"SharpMind.Tests.Data.TextFileSourceTests.SkipsEmptyLines","DisplayName":"SharpMind.Tests.Data.TextFileSourceTests.SkipsEmptyLines","ExecutorUri":"executor://xunit/VsTestRunner3/netcore/","Source":"C:\\Integral2u\\source\\repos\\SharpMind\\SharpMind.Tests\\bin\\Debug\\net10.0\\SharpMind.Tests.dll","CodeFilePath":null,"LineNumber":0,"Properties":[{"Key":{"Id":"XunitTestCaseUniqueID","Label":"xUnit.net Test Case Unique ID","Category":"","Description":"","Attributes":0,"ValueType":"System.String"},"Value":"09b511849c321e141dbb502dffe12cdac80be26b"},{"Key":{"Id":"TestCase.ManagedType","Label":"ManagedType","Category":"","Description":"","Attributes":1,"ValueType":"System.String"},"Value":"SharpMind.Tests.Data.TextFileSourceTests"},{"Key":{"Id":"XunitTestCaseExplicit","Label":"xUnit.net Test Case Explicit Flag","Category":"","Description":"","Attributes":0,"ValueType":"System.Boolean"},"Value":false},{"Key":{"Id":"TestCase.ManagedMethod","Label":"ManagedMethod","Category":"","Description":"","Attributes":1,"ValueType":"System.String"},"Value":"SkipsEmptyLines"}]},"Attachments":[],"Outcome":1,"ErrorMessage":null,"ErrorStackTrace":null,"DisplayName":"SharpMind.Tests.Data.TextFileSourceTests.SkipsEmptyLines","Messages":[],"ComputerName":"LAPTOP-MKMTSO1B","Duration":"00:00:00.0313338","StartTime":"2026-07-20T08:50:59.918705+00:00","EndTime":"2026-07-20T08:50:59.9496466+00:00","Properties":[]},{"TestCase":{"Id":"321a26d8-1cc0-f59d-2e77-60dfbd269fdf","FullyQualifiedName":"SharpMind.Tests.Core.TensorShapeTests.AssertMatMulCompatible_ThrowsOnInnerDimMismatch","DisplayName":"SharpMind.Tests.Core.TensorShapeTests.AssertMatMulCompatible_ThrowsOnInnerDimMismatch","ExecutorUri":"executor://xunit/VsTestRunner3/netcore/","Source":"C:\\Integral2u\\source\\repos\\SharpMind\\SharpMind.Tests\\bin\\Debug\\net10.0\\SharpMind.Tests.dll","CodeFilePath":null,"LineNumber":0,"Properties":[{"Key":{"Id":"XunitTestCaseUniqueID","Label":"xUnit.net Test Case Unique ID","Category":"","Description":"","Attributes":0,"ValueType":"System.String"},"Value":"08d3ca008ea58e5f6a7a35057dc34ef295bda045"},{"Key":{"Id":"TestCase.ManagedType","Label":"ManagedType","Category":"","Description":"","Attributes":1,"ValueType":"System.String"},"Value":"SharpMind.Tests.Core.TensorShapeTests"},{"Key":{"Id":"XunitTestCaseExplicit","Label":"xUnit.net Test Case Explicit Flag","Category":"","Description":"","Attributes":0,"ValueType":"System.Boolean"},"Value":false},{"Key":{"Id":"TestCase.ManagedMethod","Label":"ManagedMethod","Category":"","Description":"","Attributes":1,"ValueType":"System.String"},"Value":"AssertMatMulCompatible_ThrowsOnInnerDimMismatch"}]},"Attachments":[],"Outcome":1,"ErrorMessage":null,"ErrorStackTrace":null,"DisplayName":"SharpMind.Tests.Core.TensorShapeTests.AssertMatMulCompatible_ThrowsOnInnerDimMismatch","Messages":[],"ComputerName":"LAPTOP-MKMTSO1B","Duration":"00:00:00.0026703","StartTime":"2026-07-20T08:50:59.9719494+00:00","EndTime":"2026-07-20T08:50:59.9743871+00:00","Properties":[]}],"TestRunStatistics":{"ExecutedTests":50,"Stats":{"Passed":50}},"ActiveTests":[{"Id":"b24d5f25-c5aa-56f0-c4f0-859ab9553697","FullyQualifiedName":"SharpMind.Tests.Data.JsonlSourceTests.NestedFieldPath_DotNotation","DisplayName":"SharpMind.Tests.Data.JsonlSourceTests.NestedFieldPath_DotNotation","ExecutorUri":"executor://xunit/VsTestRunner3/netcore/","Source":"C:\\Integral2u\\source\\repos\\SharpMind\\SharpMind.Tests\\bin\\Debug\\net10.0\\SharpMind.Tests.dll","CodeFilePath":null,"LineNumber":0,"Properties":[{"Key":{"Id":"XunitTestCaseUniqueID","Label":"xUnit.net Test Case Unique ID","Category":"","Description":"","Attributes":0,"ValueType":"System.String"},"Value":"a022e0fc566bb212af499a511571b93dfe1fe1be"},{"Key":{"Id":"TestCase.ManagedType","Label":"ManagedType","Category":"","Description":"","Attributes":1,"ValueType":"System.String"},"Value":"SharpMind.Tests.Data.JsonlSourceTests"},{"Key":{"Id":"XunitTestCaseExplicit","Label":"xUnit.net Test Case Explicit Flag","Category":"","Description":"","Attributes":0,"ValueType":"System.Boolean"},"Value":false},{"Key":{"Id":"TestCase.ManagedMethod","Label":"ManagedMethod","Category":"","Description":"","Attributes":1,"ValueType":"System.String"},"Value":"NestedFieldPath_DotNotation"}]},{"Id":"fc44f0fd-4ae2-32bd-8deb-e593dfc8f7e0","FullyQualifiedName":"SharpMind.Tests.Data.TextFileSourceTests.FileMode_YieldsWholeFileAsOneDocument","DisplayName":"SharpMind.Tests.Data.TextFileSourceTests.FileMode_YieldsWholeFileAsOneDocument","ExecutorUri":"executor://xunit/VsTestRunner3/netcore/","Source":"C:\\Integral2u\\source\\repos\\SharpMind\\SharpMind.Tests\\bin\\Debug\\net10.0\\SharpMind.Tests.dll","CodeFilePath":null,"LineNumber":0,"Properties":[{"Key":{"Id":"XunitTestCaseUniqueID","Label":"xUnit.net Test Case Unique ID","Category":"","Description":"","Attributes":0,"ValueType":"System.String"},"Value":"116816727fd784a4d7c883499ac9a61fed9d7f4b"},{"Key":{"Id":"TestCase.ManagedType","Label":"ManagedType","Category":"","Description":"","Attributes":1,"ValueType":"System.String"},"Value":"SharpMind.Tests.Data.TextFileSourceTests"},{"Key":{"Id":"XunitTestCaseExplicit","Label":"xUnit.net Test Case Explicit Flag","Category":"","Description":"","Attributes":0,"ValueType":"System.Boolean"},"Value":false},{"Key":{"Id":"TestCase.ManagedMethod","Label":"ManagedMethod","Category":"","Description":"","Attributes":1,"ValueType":"System.String"},"Value":"FileMode_YieldsWholeFileAsOneDocument"}]},{"Id":"2b4af5c8-87ee-9260-68c1-8f61c8ac2c1f","FullyQualifiedName":"SharpMind.Tests.Core.TensorShapeTests.Reshape_PreservesElementCount","DisplayName":"SharpMind.Tests.Core.TensorShapeTests.Reshape_PreservesElementCount(from: [2, 3], to: [3, 2])","ExecutorUri":"executor://xunit/VsTestRunner3/netcore/","Source":"C:\\Integral2u\\source\\repos\\SharpMind\\SharpMind.Tests\\bin\\Debug\\net10.0\\SharpMind.Tests.dll","CodeFilePath":null,"LineNumber":0,"Properties":[{"Key":{"Id":"XunitTestCaseUniqueID","Label":"xUnit.net Test Case Unique ID","Category":"","Description":"","Attributes":0,"ValueType":"System.String"},"Value":"3b98922fa27040dcdd681b2317794e3ffeaf59a7"},{"Key":{"Id":"TestCase.ManagedType","Label":"ManagedType","Category":"","Description":"","Attributes":1,"ValueType":"System.String"},"Value":"SharpMind.Tests.Core.TensorShapeTests"},{"Key":{"Id":"XunitTestCaseExplicit","Label":"xUnit.net Test Case Explicit Flag","Category":"","Description":"","Attributes":0,"ValueType":"System.Boolean"},"Value":false},{"Key":{"Id":"TestCase.ManagedMethod","Label":"ManagedMethod","Category":"","Description":"","Attributes":1,"ValueType":"System.String"},"Value":"Reshape_PreservesElementCount"}]}]}}
TpTrace Verbose: 0 : 5804, 10, 2026/07/20, 20:50:59.986, 488488606074, vstest.console.dll, TestRunRequest:SendTestRunStatsChange: Starting.
TpTrace Verbose: 0 : 5804, 10, 2026/07/20, 20:50:59.986, 488488607636, vstest.console.dll, InProgress is SharpMind.Tests.Data.JsonlSourceTests.NestedFieldPath_DotNotation
TpTrace Verbose: 0 : 5804, 10, 2026/07/20, 20:50:59.986, 488488608329, vstest.console.dll, InProgress is SharpMind.Tests.Data.TextFileSourceTests.FileMode_YieldsWholeFileAsOneDocument
TpTrace Verbose: 0 : 5804, 10, 2026/07/20, 20:50:59.986, 488488608819, vstest.console.dll, InProgress is SharpMind.Tests.Core.TensorShapeTests.Reshape_PreservesElementCount(from: [2, 3], to: [3, 2])
TpTrace Verbose: 0 : 5804, 10, 2026/07/20, 20:50:59.986, 488488609901, vstest.console.dll, MulticastDelegateUtilities.SafeInvoke: TestRun.RunStatsChanged: Invoking callbacks was skipped because there are no subscribers.
TpTrace Information: 0 : 5804, 10, 2026/07/20, 20:50:59.986, 488488610446, vstest.console.dll, TestRunRequest:SendTestRunStatsChange: Completed.
TpTrace Verbose: 0 : 5804, 10, 2026/07/20, 20:50:59.986, 488488610939, vstest.console.dll, MulticastDelegateUtilities.SafeInvoke: LengthPrefixCommunicationChannel: MessageReceived: Invoking callback 1/1 for Microsoft.VisualStudio.TestPlatform.CommunicationUtilities.TestRequestSender+<>c__DisplayClass34_0., took 3 ms.
TpTrace Verbose: 0 : 5804, 10, 2026/07/20, 20:50:59.986, 488488611483, vstest.console.dll, TcpClientExtensions.MessageLoopAsync: Polling on remoteEndPoint: 127.0.0.1:57605 localEndPoint: 127.0.0.1:57603 after 76 ms
TpTrace Verbose: 0 : 5804, 4, 2026/07/20, 20:50:59.987, 488488619103, vstest.console.dll, MulticastDelegateUtilities.SafeInvoke: InternalTestLoggerEvents.SendTestResult: Invoking callback 1/1 for Microsoft.VisualStudio.TestPlatform.CommandLine.Internal.ConsoleLogger., took 0 ms.
TpTrace Verbose: 0 : 5804, 4, 2026/07/20, 20:50:59.987, 488488620797, vstest.console.dll, MulticastDelegateUtilities.SafeInvoke: InternalTestLoggerEvents.SendTestResult: Invoking callback 1/1 for Microsoft.VisualStudio.TestPlatform.CommandLine.Internal.ConsoleLogger., took 0 ms.
TpTrace Verbose: 0 : 5804, 4, 2026/07/20, 20:50:59.987, 488488621736, vstest.console.dll, MulticastDelegateUtilities.SafeInvoke: InternalTestLoggerEvents.SendTestResult: Invoking callback 1/1 for Microsoft.VisualStudio.TestPlatform.CommandLine.Internal.ConsoleLogger., took 0 ms.
TpTrace Verbose: 0 : 5804, 4, 2026/07/20, 20:50:59.987, 488488622736, vstest.console.dll, MulticastDelegateUtilities.SafeInvoke: InternalTestLoggerEvents.SendTestResult: Invoking callback 1/1 for Microsoft.VisualStudio.TestPlatform.CommandLine.Internal.ConsoleLogger., took 0 ms.
TpTrace Verbose: 0 : 5804, 4, 2026/07/20, 20:50:59.987, 488488623643, vstest.console.dll, MulticastDelegateUtilities.SafeInvoke: InternalTestLoggerEvents.SendTestResult: Invoking callback 1/1 for Microsoft.VisualStudio.TestPlatform.CommandLine.Internal.ConsoleLogger., took 0 ms.
TpTrace Verbose: 0 : 5804, 4, 2026/07/20, 20:50:59.988, 488488624412, vstest.console.dll, MulticastDelegateUtilities.SafeInvoke: InternalTestLoggerEvents.SendTestResult: Invoking callback 1/1 for Microsoft.VisualStudio.TestPlatform.CommandLine.Internal.ConsoleLogger., took 0 ms.
TpTrace Verbose: 0 : 5804, 4, 2026/07/20, 20:50:59.988, 488488625140, vstest.console.dll, MulticastDelegateUtilities.SafeInvoke: InternalTestLoggerEvents.SendTestResult: Invoking callback 1/1 for Microsoft.VisualStudio.TestPlatform.CommandLine.Internal.ConsoleLogger., took 0 ms.
TpTrace Verbose: 0 : 5804, 10, 2026/07/20, 20:51:00.016, 488488910389, vstest.console.dll, TcpClientExtensions.MessageLoopAsync: NotifyDataAvailable remoteEndPoint: 127.0.0.1:57605 localEndPoint: 127.0.0.1:57603
TpTrace Verbose: 0 : 5804, 10, 2026/07/20, 20:51:00.017, 488488915220, vstest.console.dll, TestRequestSender.OnExecutionMessageReceived: Received message: {"Version":7,"MessageType":"TestExecution.StatsChange","Payload":{"NewTestResults":[{"TestCase":{"Id":"2b4af5c8-87ee-9260-68c1-8f61c8ac2c1f","FullyQualifiedName":"SharpMind.Tests.Core.TensorShapeTests.Reshape_PreservesElementCount","DisplayName":"SharpMind.Tests.Core.TensorShapeTests.Reshape_PreservesElementCount(from: [2, 3], to: [3, 2])","ExecutorUri":"executor://xunit/VsTestRunner3/netcore/","Source":"C:\\Integral2u\\source\\repos\\SharpMind\\SharpMind.Tests\\bin\\Debug\\net10.0\\SharpMind.Tests.dll","CodeFilePath":null,"LineNumber":0,"Properties":[{"Key":{"Id":"XunitTestCaseUniqueID","Label":"xUnit.net Test Case Unique ID","Category":"","Description":"","Attributes":0,"ValueType":"System.String"},"Value":"3b98922fa27040dcdd681b2317794e3ffeaf59a7"},{"Key":{"Id":"TestCase.ManagedType","Label":"ManagedType","Category":"","Description":"","Attributes":1,"ValueType":"System.String"},"Value":"SharpMind.Tests.Core.TensorShapeTests"},{"Key":{"Id":"XunitTestCaseExplicit","Label":"xUnit.net Test Case Explicit Flag","Category":"","Description":"","Attributes":0,"ValueType":"System.Boolean"},"Value":false},{"Key":{"Id":"TestCase.ManagedMethod","Label":"ManagedMethod","Category":"","Description":"","Attributes":1,"ValueType":"System.String"},"Value":"Reshape_PreservesElementCount"}]},"Attachments":[],"Outcome":1,"ErrorMessage":null,"ErrorStackTrace":null,"DisplayName":"SharpMind.Tests.Core.TensorShapeTests.Reshape_PreservesElementCount(from: [2, 3], to: [3, 2])","Messages":[],"ComputerName":"LAPTOP-MKMTSO1B","Duration":"00:00:00.0121367","StartTime":"2026-07-20T08:50:59.9828379+00:00","EndTime":"2026-07-20T08:50:59.9882634+00:00","Properties":[]},{"TestCase":{"Id":"c06ef7cb-8a2c-7158-d5b2-8fc1d2d191b4","FullyQualifiedName":"SharpMind.Tests.Core.TensorShapeTests.Reshape_PreservesElementCount","DisplayName":"SharpMind.Tests.Core.TensorShapeTests.Reshape_PreservesElementCount(from: [6], to: [2, 3])","ExecutorUri":"executor://xunit/VsTestRunner3/netcore/","Source":"C:\\Integral2u\\source\\repos\\SharpMind\\SharpMind.Tests\\bin\\Debug\\net10.0\\SharpMind.Tests.dll","CodeFilePath":null,"LineNumber":0,"Properties":[{"Key":{"Id":"XunitTestCaseUniqueID","Label":"xUnit.net Test Case Unique ID","Category":"","Description":"","Attributes":0,"ValueType":"System.String"},"Value":"c22855e1766231af1577095adf7a4428d14eb681"},{"Key":{"Id":"TestCase.ManagedType","Label":"ManagedType","Category":"","Description":"","Attributes":1,"ValueType":"System.String"},"Value":"SharpMind.Tests.Core.TensorShapeTests"},{"Key":{"Id":"XunitTestCaseExplicit","Label":"xUnit.net Test Case Explicit Flag","Category":"","Description":"","Attributes":0,"ValueType":"System.Boolean"},"Value":false},{"Key":{"Id":"TestCase.ManagedMethod","Label":"ManagedMethod","Category":"","Description":"","Attributes":1,"ValueType":"System.String"},"Value":"Reshape_PreservesElementCount"}]},"Attachments":[],"Outcome":1,"ErrorMessage":null,"ErrorStackTrace":null,"DisplayName":"SharpMind.Tests.Core.TensorShapeTests.Reshape_PreservesElementCount(from: [6], to: [2, 3])","Messages":[],"ComputerName":"LAPTOP-MKMTSO1B","Duration":"00:00:00.0005928","StartTime":"2026-07-20T08:50:59.9891746+00:00","EndTime":"2026-07-20T08:50:59.9893131+00:00","Properties":[]},{"TestCase":{"Id":"3e0a4849-dce8-9c9b-d597-b132c98f1400","FullyQualifiedName":"SharpMind.Tests.Core.TensorShapeTests.Reshape_PreservesElementCount","DisplayName":"SharpMind.Tests.Core.TensorShapeTests.Reshape_PreservesElementCount(from: [2, 3], to: [6])","ExecutorUri":"executor://xunit/VsTestRunner3/netcore/","Source":"C:\\Integral2u\\source\\repos\\SharpMind\\SharpMind.Tests\\bin\\Debug\\net10.0\\SharpMind.Tests.dll","CodeFilePath":null,"LineNumber":0,"Properties":[{"Key":{"Id":"XunitTestCaseUniqueID","Label":"xUnit.net Test Case Unique ID","Category":"","Description":"","Attributes":0,"ValueType":"System.String"},"Value":"f32bdc9765aa7068e6470a1979d1fd95d2a94224"},{"Key":{"Id":"TestCase.ManagedType","Label":"ManagedType","Category":"","Description":"","Attributes":1,"ValueType":"System.String"},"Value":"SharpMind.Tests.Core.TensorShapeTests"},{"Key":{"Id":"XunitTestCaseExplicit","Label":"xUnit.net Test Case Explicit Flag","Category":"","Description":"","Attributes":0,"ValueType":"System.Boolean"},"Value":false},{"Key":{"Id":"TestCase.ManagedMethod","Label":"ManagedMethod","Category":"","Description":"","Attributes":1,"ValueType":"System.String"},"Value":"Reshape_PreservesElementCount"}]},"Attachments":[],"Outcome":1,"ErrorMessage":null,"ErrorStackTrace":null,"DisplayName":"SharpMind.Tests.Core.TensorShapeTests.Reshape_PreservesElementCount(from: [2, 3], to: [6])","Messages":[],"ComputerName":"LAPTOP-MKMTSO1B","Duration":"00:00:00.0000209","StartTime":"2026-07-20T08:50:59.9900188+00:00","EndTime":"2026-07-20T08:50:59.9901722+00:00","Properties":[]},{"TestCase":{"Id":"22b72329-3aef-df1f-0057-d125a1a7491e","FullyQualifiedName":"SharpMind.Tests.Core.TensorShapeTests.NegativeIndex_LastDim","DisplayName":"SharpMind.Tests.Core.TensorShapeTests.NegativeIndex_LastDim","ExecutorUri":"executor://xunit/VsTestRunner3/netcore/","Source":"C:\\Integral2u\\source\\repos\\SharpMind\\SharpMind.Tests\\bin\\Debug\\net10.0\\SharpMind.Tests.dll","CodeFilePath":null,"LineNumber":0,"Properties":[{"Key":{"Id":"XunitTestCaseUniqueID","Label":"xUnit.net Test Case Unique ID","Category":"","Description":"","Attributes":0,"ValueType":"System.String"},"Value":"3fa2ca893f6b61f64f2378c3f92a89ed76bc9145"},{"Key":{"Id":"TestCase.ManagedType","Label":"ManagedType","Category":"","Description":"","Attributes":1,"ValueType":"System.String"},"Value":"SharpMind.Tests.Core.TensorShapeTests"},{"Key":{"Id":"XunitTestCaseExplicit","Label":"xUnit.net Test Case Explicit Flag","Category":"","Description":"","Attributes":0,"ValueType":"System.Boolean"},"Value":false},{"Key":{"Id":"TestCase.ManagedMethod","Label":"ManagedMethod","Category":"","Description":"","Attributes":1,"ValueType":"System.String"},"Value":"NegativeIndex_LastDim"}]},"Attachments":[],"Outcome":1,"ErrorMessage":null,"ErrorStackTrace":null,"DisplayName":"SharpMind.Tests.Core.TensorShapeTests.NegativeIndex_LastDim","Messages":[],"ComputerName":"LAPTOP-MKMTSO1B","Duration":"00:00:00.0009273","StartTime":"2026-07-20T08:50:59.9909309+00:00","EndTime":"2026-07-20T08:50:59.9910864+00:00","Properties":[]},{"TestCase":{"Id":"d7dbb9e3-8882-e956-266c-41e41c590be7","FullyQualifiedName":"SharpMind.Tests.Core.TensorShapeTests.Reshape_IncompatibleCount_Throws","DisplayName":"SharpMind.Tests.Core.TensorShapeTests.Reshape_IncompatibleCount_Throws","ExecutorUri":"executor://xunit/VsTestRunner3/netcore/","Source":"C:\\Integral2u\\source\\repos\\SharpMind\\SharpMind.Tests\\bin\\Debug\\net10.0\\SharpMind.Tests.dll","CodeFilePath":null,"LineNumber":0,"Properties":[{"Key":{"Id":"XunitTestCaseUniqueID","Label":"xUnit.net Test Case Unique ID","Category":"","Description":"","Attributes":0,"ValueType":"System.String"},"Value":"55076b8b615ed0c0089feb454587c7b1b40a03d2"},{"Key":{"Id":"TestCase.ManagedType","Label":"ManagedType","Category":"","Description":"","Attributes":1,"ValueType":"System.String"},"Value":"SharpMind.Tests.Core.TensorShapeTests"},{"Key":{"Id":"XunitTestCaseExplicit","Label":"xUnit.net Test Case Explicit Flag","Category":"","Description":"","Attributes":0,"ValueType":"System.Boolean"},"Value":false},{"Key":{"Id":"TestCase.ManagedMethod","Label":"ManagedMethod","Category":"","Description":"","Attributes":1,"ValueType":"System.String"},"Value":"Reshape_IncompatibleCount_Throws"}]},"Attachments":[],"Outcome":1,"ErrorMessage":null,"ErrorStackTrace":null,"DisplayName":"SharpMind.Tests.Core.TensorShapeTests.Reshape_IncompatibleCount_Throws","Messages":[],"ComputerName":"LAPTOP-MKMTSO1B","Duration":"00:00:00.0009655","StartTime":"2026-07-20T08:50:59.991823+00:00","EndTime":"2026-07-20T08:50:59.9919654+00:00","Properties":[]},{"TestCase":{"Id":"52b157a5-08c1-1854-ebcf-53b540a284ee","FullyQualifiedName":"SharpMind.Tests.Core.TensorShapeTests.Reshape_InferredDim","DisplayName":"SharpMind.Tests.Core.TensorShapeTests.Reshape_InferredDim","ExecutorUri":"executor://xunit/VsTestRunner3/netcore/","Source":"C:\\Integral2u\\source\\repos\\SharpMind\\SharpMind.Tests\\bin\\Debug\\net10.0\\SharpMind.Tests.dll","CodeFilePath":null,"LineNumber":0,"Properties":[{"Key":{"Id":"XunitTestCaseUniqueID","Label":"xUnit.net Test Case Unique ID","Category":"","Description":"","Attributes":0,"ValueType":"System.String"},"Value":"65bf2d574a05977085a61e19418466f5a3b8f853"},{"Key":{"Id":"TestCase.ManagedType","Label":"ManagedType","Category":"","Description":"","Attributes":1,"ValueType":"System.String"},"Value":"SharpMind.Tests.Core.TensorShapeTests"},{"Key":{"Id":"XunitTestCaseExplicit","Label":"xUnit.net Test Case Explicit Flag","Category":"","Description":"","Attributes":0,"ValueType":"System.Boolean"},"Value":false},{"Key":{"Id":"TestCase.ManagedMethod","Label":"ManagedMethod","Category":"","Description":"","Attributes":1,"ValueType":"System.String"},"Value":"Reshape_InferredDim"}]},"Attachments":[],"Outcome":1,"ErrorMessage":null,"ErrorStackTrace":null,"DisplayName":"SharpMind.Tests.Core.TensorShapeTests.Reshape_InferredDim","Messages":[],"ComputerName":"LAPTOP-MKMTSO1B","Duration":"00:00:00.0010217","StartTime":"2026-07-20T08:50:59.9926811+00:00","EndTime":"2026-07-20T08:50:59.9928132+00:00","Properties":[]},{"TestCase":{"Id":"865c0a62-a57a-92b1-6d2c-7919bb5464cb","FullyQualifiedName":"SharpMind.Tests.Core.TensorShapeTests.AssertSameShape_ThrowsOnMismatch","DisplayName":"SharpMind.Tests.Core.TensorShapeTests.AssertSameShape_ThrowsOnMismatch","ExecutorUri":"executor://xunit/VsTestRunner3/netcore/","Source":"C:\\Integral2u\\source\\repos\\SharpMind\\SharpMind.Tests\\bin\\Debug\\net10.0\\SharpMind.Tests.dll","CodeFilePath":null,"LineNumber":0,"Properties":[{"Key":{"Id":"XunitTestCaseUniqueID","Label":"xUnit.net Test Case Unique ID","Category":"","Description":"","Attributes":0,"ValueType":"System.String"},"Value":"72774f7004481d03ebb94c469afc9def974f9b8c"},{"Key":{"Id":"TestCase.ManagedType","Label":"ManagedType","Category":"","Description":"","Attributes":1,"ValueType":"System.String"},"Value":"SharpMind.Tests.Core.TensorShapeTests"},{"Key":{"Id":"XunitTestCaseExplicit","Label":"xUnit.net Test Case Explicit Flag","Category":"","Description":"","Attributes":0,"ValueType":"System.Boolean"},"Value":false},{"Key":{"Id":"TestCase.ManagedMethod","Label":"ManagedMethod","Category":"","Description":"","Attributes":1,"ValueType":"System.String"},"Value":"AssertSameShape_ThrowsOnMismatch"}]},"Attachments":[],"Outcome":1,"ErrorMessage":null,"ErrorStackTrace":null,"DisplayName":"SharpMind.Tests.Core.TensorShapeTests.AssertSameShape_ThrowsOnMismatch","Messages":[],"ComputerName":"LAPTOP-MKMTSO1B","Duration":"00:00:00.0033184","StartTime":"2026-07-20T08:50:59.993705+00:00","EndTime":"2026-07-20T08:51:00.0035146+00:00","Properties":[]},{"TestCase":{"Id":"6cc7b29e-3593-48a3-bee1-859bf795d995","FullyQualifiedName":"SharpMind.Tests.Core.TensorShapeTests.Squeeze_RemovesUnitDim","DisplayName":"SharpMind.Tests.Core.TensorShapeTests.Squeeze_RemovesUnitDim","ExecutorUri":"executor://xunit/VsTestRunner3/netcore/","Source":"C:\\Integral2u\\source\\repos\\SharpMind\\SharpMind.Tests\\bin\\Debug\\net10.0\\SharpMind.Tests.dll","CodeFilePath":null,"LineNumber":0,"Properties":[{"Key":{"Id":"XunitTestCaseUniqueID","Label":"xUnit.net Test Case Unique ID","Category":"","Description":"","Attributes":0,"ValueType":"System.String"},"Value":"964acd0327bf8d33e41b435395c623d76f756ef6"},{"Key":{"Id":"TestCase.ManagedType","Label":"ManagedType","Category":"","Description":"","Attributes":1,"ValueType":"System.String"},"Value":"SharpMind.Tests.Core.TensorShapeTests"},{"Key":{"Id":"XunitTestCaseExplicit","Label":"xUnit.net Test Case Explicit Flag","Category":"","Description":"","Attributes":0,"ValueType":"System.Boolean"},"Value":false},{"Key":{"Id":"TestCase.ManagedMethod","Label":"ManagedMethod","Category":"","Description":"","Attributes":1,"ValueType":"System.String"},"Value":"Squeeze_RemovesUnitDim"}]},"Attachments":[],"Outcome":1,"ErrorMessage":null,"ErrorStackTrace":null,"DisplayName":"SharpMind.Tests.Core.TensorShapeTests.Squeeze_RemovesUnitDim","Messages":[],"ComputerName":"LAPTOP-MKMTSO1B","Duration":"00:00:00.0140562","StartTime":"2026-07-20T08:51:00.0044094+00:00","EndTime":"2026-07-20T08:51:00.0082981+00:00","Properties":[]},{"TestCase":{"Id":"e1ba7f6f-8c92-4bee-9a40-fb6cb8c7b499","FullyQualifiedName":"SharpMind.Tests.Core.TensorShapeTests.ElementCount_CorrectForAllRanks","DisplayName":"SharpMind.Tests.Core.TensorShapeTests.ElementCount_CorrectForAllRanks","ExecutorUri":"executor://xunit/VsTestRunner3/netcore/","Source":"C:\\Integral2u\\source\\repos\\SharpMind\\SharpMind.Tests\\bin\\Debug\\net10.0\\SharpMind.Tests.dll","CodeFilePath":null,"LineNumber":0,"Properties":[{"Key":{"Id":"XunitTestCaseUniqueID","Label":"xUnit.net Test Case Unique ID","Category":"","Description":"","Attributes":0,"ValueType":"System.String"},"Value":"bf13d7056cd52e9b4c340776ae0381977f7c0746"},{"Key":{"Id":"TestCase.ManagedType","Label":"ManagedType","Category":"","Description":"","Attributes":1,"ValueType":"System.String"},"Value":"SharpMind.Tests.Core.TensorShapeTests"},{"Key":{"Id":"XunitTestCaseExplicit","Label":"xUnit.net Test Case Explicit Flag","Category":"","Description":"","Attributes":0,"ValueType":"System.Boolean"},"Value":false},{"Key":{"Id":"TestCase.ManagedMethod","Label":"ManagedMethod","Category":"","Description":"","Attributes":1,"ValueType":"System.String"},"Value":"ElementCount_CorrectForAllRanks"}]},"Attachments":[],"Outcome":1,"ErrorMessage":null,"ErrorStackTrace":null,"DisplayName":"SharpMind.Tests.Core.TensorShapeTests.ElementCount_CorrectForAllRanks","Messages":[],"ComputerName":"LAPTOP-MKMTSO1B","Duration":"00:00:00.0011425","StartTime":"2026-07-20T08:51:00.0091909+00:00","EndTime":"2026-07-20T08:51:00.0097024+00:00","Properties":[]}],"TestRunStatistics":{"ExecutedTests":59,"Stats":{"Passed":59}},"ActiveTests":[{"Id":"bf1fba5e-6244-62c3-2e28-2037b9e3339e","FullyQualifiedName":"SharpMind.Tests.Core.TensorShapeTests.GetOffset_2D_MatchesRowMajor","DisplayName":"SharpMind.Tests.Core.TensorShapeTests.GetOffset_2D_MatchesRowMajor","ExecutorUri":"executor://xunit/VsTestRunner3/netcore/","Source":"C:\\Integral2u\\source\\repos\\SharpMind\\SharpMind.Tests\\bin\\Debug\\net10.0\\SharpMind.Tests.dll","CodeFilePath":null,"LineNumber":0,"Properties":[{"Key":{"Id":"XunitTestCaseUniqueID","Label":"xUnit.net Test Case Unique ID","Category":"","Description":"","Attributes":0,"ValueType":"System.String"},"Value":"e6ca6c4915d5dff05ce90e33f860c4145a72f2b2"},{"Key":{"Id":"TestCase.ManagedType","Label":"ManagedType","Category":"","Description":"","Attributes":1,"ValueType":"System.String"},"Value":"SharpMind.Tests.Core.TensorShapeTests"},{"Key":{"Id":"XunitTestCaseExplicit","Label":"xUnit.net Test Case Explicit Flag","Category":"","Description":"","Attributes":0,"ValueType":"System.Boolean"},"Value":false},{"Key":{"Id":"TestCase.ManagedMethod","Label":"ManagedMethod","Category":"","Description":"","Attributes":1,"ValueType":"System.String"},"Value":"GetOffset_2D_MatchesRowMajor"}]}]}}
TpTrace Verbose: 0 : 5804, 10, 2026/07/20, 20:51:00.020, 488488949385, vstest.console.dll, TestRunRequest:SendTestRunStatsChange: Starting.
TpTrace Verbose: 0 : 5804, 10, 2026/07/20, 20:51:00.020, 488488950936, vstest.console.dll, InProgress is SharpMind.Tests.Core.TensorShapeTests.GetOffset_2D_MatchesRowMajor
TpTrace Verbose: 0 : 5804, 10, 2026/07/20, 20:51:00.020, 488488951887, vstest.console.dll, MulticastDelegateUtilities.SafeInvoke: TestRun.RunStatsChanged: Invoking callbacks was skipped because there are no subscribers.
TpTrace Information: 0 : 5804, 10, 2026/07/20, 20:51:00.020, 488488952477, vstest.console.dll, TestRunRequest:SendTestRunStatsChange: Completed.
TpTrace Verbose: 0 : 5804, 4, 2026/07/20, 20:51:00.020, 488488952813, vstest.console.dll, MulticastDelegateUtilities.SafeInvoke: InternalTestLoggerEvents.SendTestResult: Invoking callback 1/1 for Microsoft.VisualStudio.TestPlatform.CommandLine.Internal.ConsoleLogger., took 0 ms.
TpTrace Verbose: 0 : 5804, 10, 2026/07/20, 20:51:00.020, 488488953309, vstest.console.dll, MulticastDelegateUtilities.SafeInvoke: LengthPrefixCommunicationChannel: MessageReceived: Invoking callback 1/1 for Microsoft.VisualStudio.TestPlatform.CommunicationUtilities.TestRequestSender+<>c__DisplayClass34_0., took 3 ms.
TpTrace Verbose: 0 : 5804, 4, 2026/07/20, 20:51:00.021, 488488954379, vstest.console.dll, MulticastDelegateUtilities.SafeInvoke: InternalTestLoggerEvents.SendTestResult: Invoking callback 1/1 for Microsoft.VisualStudio.TestPlatform.CommandLine.Internal.ConsoleLogger., took 0 ms.
TpTrace Verbose: 0 : 5804, 10, 2026/07/20, 20:51:00.021, 488488954777, vstest.console.dll, TcpClientExtensions.MessageLoopAsync: Polling on remoteEndPoint: 127.0.0.1:57605 localEndPoint: 127.0.0.1:57603 after 34 ms
TpTrace Verbose: 0 : 5804, 4, 2026/07/20, 20:51:00.021, 488488955868, vstest.console.dll, MulticastDelegateUtilities.SafeInvoke: InternalTestLoggerEvents.SendTestResult: Invoking callback 1/1 for Microsoft.VisualStudio.TestPlatform.CommandLine.Internal.ConsoleLogger., took 0 ms.
TpTrace Verbose: 0 : 5804, 4, 2026/07/20, 20:51:00.021, 488488957431, vstest.console.dll, MulticastDelegateUtilities.SafeInvoke: InternalTestLoggerEvents.SendTestResult: Invoking callback 1/1 for Microsoft.VisualStudio.TestPlatform.CommandLine.Internal.ConsoleLogger., took 0 ms.
TpTrace Verbose: 0 : 5804, 4, 2026/07/20, 20:51:00.021, 488488958447, vstest.console.dll, MulticastDelegateUtilities.SafeInvoke: InternalTestLoggerEvents.SendTestResult: Invoking callback 1/1 for Microsoft.VisualStudio.TestPlatform.CommandLine.Internal.ConsoleLogger., took 0 ms.
TpTrace Verbose: 0 : 5804, 4, 2026/07/20, 20:51:00.021, 488488959299, vstest.console.dll, MulticastDelegateUtilities.SafeInvoke: InternalTestLoggerEvents.SendTestResult: Invoking callback 1/1 for Microsoft.VisualStudio.TestPlatform.CommandLine.Internal.ConsoleLogger., took 0 ms.
TpTrace Verbose: 0 : 5804, 4, 2026/07/20, 20:51:00.021, 488488960288, vstest.console.dll, MulticastDelegateUtilities.SafeInvoke: InternalTestLoggerEvents.SendTestResult: Invoking callback 1/1 for Microsoft.VisualStudio.TestPlatform.CommandLine.Internal.ConsoleLogger., took 0 ms.
TpTrace Verbose: 0 : 5804, 4, 2026/07/20, 20:51:00.021, 488488961096, vstest.console.dll, MulticastDelegateUtilities.SafeInvoke: InternalTestLoggerEvents.SendTestResult: Invoking callback 1/1 for Microsoft.VisualStudio.TestPlatform.CommandLine.Internal.ConsoleLogger., took 0 ms.
TpTrace Verbose: 0 : 5804, 4, 2026/07/20, 20:51:00.021, 488488961981, vstest.console.dll, MulticastDelegateUtilities.SafeInvoke: InternalTestLoggerEvents.SendTestResult: Invoking callback 1/1 for Microsoft.VisualStudio.TestPlatform.CommandLine.Internal.ConsoleLogger., took 0 ms.
TpTrace Verbose: 0 : 5804, 10, 2026/07/20, 20:51:00.108, 488489827359, vstest.console.dll, TcpClientExtensions.MessageLoopAsync: NotifyDataAvailable remoteEndPoint: 127.0.0.1:57605 localEndPoint: 127.0.0.1:57603
TpTrace Verbose: 0 : 5804, 10, 2026/07/20, 20:51:00.108, 488489832104, vstest.console.dll, TestRequestSender.OnExecutionMessageReceived: Received message: {"Version":7,"MessageType":"TestExecution.StatsChange","Payload":{"NewTestResults":[{"TestCase":{"Id":"bf1fba5e-6244-62c3-2e28-2037b9e3339e","FullyQualifiedName":"SharpMind.Tests.Core.TensorShapeTests.GetOffset_2D_MatchesRowMajor","DisplayName":"SharpMind.Tests.Core.TensorShapeTests.GetOffset_2D_MatchesRowMajor","ExecutorUri":"executor://xunit/VsTestRunner3/netcore/","Source":"C:\\Integral2u\\source\\repos\\SharpMind\\SharpMind.Tests\\bin\\Debug\\net10.0\\SharpMind.Tests.dll","CodeFilePath":null,"LineNumber":0,"Properties":[{"Key":{"Id":"XunitTestCaseUniqueID","Label":"xUnit.net Test Case Unique ID","Category":"","Description":"","Attributes":0,"ValueType":"System.String"},"Value":"e6ca6c4915d5dff05ce90e33f860c4145a72f2b2"},{"Key":{"Id":"TestCase.ManagedType","Label":"ManagedType","Category":"","Description":"","Attributes":1,"ValueType":"System.String"},"Value":"SharpMind.Tests.Core.TensorShapeTests"},{"Key":{"Id":"XunitTestCaseExplicit","Label":"xUnit.net Test Case Explicit Flag","Category":"","Description":"","Attributes":0,"ValueType":"System.Boolean"},"Value":false},{"Key":{"Id":"TestCase.ManagedMethod","Label":"ManagedMethod","Category":"","Description":"","Attributes":1,"ValueType":"System.String"},"Value":"GetOffset_2D_MatchesRowMajor"}]},"Attachments":[],"Outcome":1,"ErrorMessage":null,"ErrorStackTrace":null,"DisplayName":"SharpMind.Tests.Core.TensorShapeTests.GetOffset_2D_MatchesRowMajor","Messages":[],"ComputerName":"LAPTOP-MKMTSO1B","Duration":"00:00:00.0011959","StartTime":"2026-07-20T08:51:00.0168328+00:00","EndTime":"2026-07-20T08:51:00.0169787+00:00","Properties":[]},{"TestCase":{"Id":"5731a32e-e87c-bf32-8b07-365da484680a","FullyQualifiedName":"SharpMind.Tests.Core.TensorShapeTests.Strides_RowMajor","DisplayName":"SharpMind.Tests.Core.TensorShapeTests.Strides_RowMajor","ExecutorUri":"executor://xunit/VsTestRunner3/netcore/","Source":"C:\\Integral2u\\source\\repos\\SharpMind\\SharpMind.Tests\\bin\\Debug\\net10.0\\SharpMind.Tests.dll","CodeFilePath":null,"LineNumber":0,"Properties":[{"Key":{"Id":"XunitTestCaseUniqueID","Label":"xUnit.net Test Case Unique ID","Category":"","Description":"","Attributes":0,"ValueType":"System.String"},"Value":"ea0ed17f69a9a62b6553fe93039c38857da4033d"},{"Key":{"Id":"TestCase.ManagedType","Label":"ManagedType","Category":"","Description":"","Attributes":1,"ValueType":"System.String"},"Value":"SharpMind.Tests.Core.TensorShapeTests"},{"Key":{"Id":"XunitTestCaseExplicit","Label":"xUnit.net Test Case Explicit Flag","Category":"","Description":"","Attributes":0,"ValueType":"System.Boolean"},"Value":false},{"Key":{"Id":"TestCase.ManagedMethod","Label":"ManagedMethod","Category":"","Description":"","Attributes":1,"ValueType":"System.String"},"Value":"Strides_RowMajor"}]},"Attachments":[],"Outcome":1,"ErrorMessage":null,"ErrorStackTrace":null,"DisplayName":"SharpMind.Tests.Core.TensorShapeTests.Strides_RowMajor","Messages":[],"ComputerName":"LAPTOP-MKMTSO1B","Duration":"00:00:00.0129107","StartTime":"2026-07-20T08:51:00.0176988+00:00","EndTime":"2026-07-20T08:51:00.0239408+00:00","Properties":[]},{"TestCase":{"Id":"6f5caec4-29ed-f466-b1b7-9a583fbc5dd1","FullyQualifiedName":"SharpMind.Tests.Core.TensorShapeTests.Unsqueeze_InsertsUnitDim","DisplayName":"SharpMind.Tests.Core.TensorShapeTests.Unsqueeze_InsertsUnitDim","ExecutorUri":"executor://xunit/VsTestRunner3/netcore/","Source":"C:\\Integral2u\\source\\repos\\SharpMind\\SharpMind.Tests\\bin\\Debug\\net10.0\\SharpMind.Tests.dll","CodeFilePath":null,"LineNumber":0,"Properties":[{"Key":{"Id":"XunitTestCaseUniqueID","Label":"xUnit.net Test Case Unique ID","Category":"","Description":"","Attributes":0,"ValueType":"System.String"},"Value":"f255db66047bc96000e97b8c17a63e5b65986eb9"},{"Key":{"Id":"TestCase.ManagedType","Label":"ManagedType","Category":"","Description":"","Attributes":1,"ValueType":"System.String"},"Value":"SharpMind.Tests.Core.TensorShapeTests"},{"Key":{"Id":"XunitTestCaseExplicit","Label":"xUnit.net Test Case Explicit Flag","Category":"","Description":"","Attributes":0,"ValueType":"System.Boolean"},"Value":false},{"Key":{"Id":"TestCase.ManagedMethod","Label":"ManagedMethod","Category":"","Description":"","Attributes":1,"ValueType":"System.String"},"Value":"Unsqueeze_InsertsUnitDim"}]},"Attachments":[],"Outcome":1,"ErrorMessage":null,"ErrorStackTrace":null,"DisplayName":"SharpMind.Tests.Core.TensorShapeTests.Unsqueeze_InsertsUnitDim","Messages":[],"ComputerName":"LAPTOP-MKMTSO1B","Duration":"00:00:00.0030421","StartTime":"2026-07-20T08:51:00.0275121+00:00","EndTime":"2026-07-20T08:51:00.0276786+00:00","Properties":[]},{"TestCase":{"Id":"043e7edd-3441-689a-572c-cb0d06b7cb51","FullyQualifiedName":"SharpMind.Tests.Data.PackingBatcherTests.DocumentLongerThanSeqLen_Truncated","DisplayName":"SharpMind.Tests.Data.PackingBatcherTests.DocumentLongerThanSeqLen_Truncated","ExecutorUri":"executor://xunit/VsTestRunner3/netcore/","Source":"C:\\Integral2u\\source\\repos\\SharpMind\\SharpMind.Tests\\bin\\Debug\\net10.0\\SharpMind.Tests.dll","CodeFilePath":null,"LineNumber":0,"Properties":[{"Key":{"Id":"XunitTestCaseUniqueID","Label":"xUnit.net Test Case Unique ID","Category":"","Description":"","Attributes":0,"ValueType":"System.String"},"Value":"00a9d72adcbcce02bea0582129ab57966fa37041"},{"Key":{"Id":"TestCase.ManagedType","Label":"ManagedType","Category":"","Description":"","Attributes":1,"ValueType":"System.String"},"Value":"SharpMind.Tests.Data.PackingBatcherTests"},{"Key":{"Id":"XunitTestCaseExplicit","Label":"xUnit.net Test Case Explicit Flag","Category":"","Description":"","Attributes":0,"ValueType":"System.Boolean"},"Value":false},{"Key":{"Id":"TestCase.ManagedMethod","Label":"ManagedMethod","Category":"","Description":"","Attributes":1,"ValueType":"System.String"},"Value":"DocumentLongerThanSeqLen_Truncated"}]},"Attachments":[],"Outcome":1,"ErrorMessage":null,"ErrorStackTrace":null,"DisplayName":"SharpMind.Tests.Data.PackingBatcherTests.DocumentLongerThanSeqLen_Truncated","Messages":[],"ComputerName":"LAPTOP-MKMTSO1B","Duration":"00:00:00.0299891","StartTime":"2026-07-20T08:51:00.0330683+00:00","EndTime":"2026-07-20T08:51:00.0614938+00:00","Properties":[]},{"TestCase":{"Id":"5ab34d3b-7a4d-4cd2-df75-5e8909b9b5b5","FullyQualifiedName":"SharpMind.Tests.Data.PackingBatcherTests.Labels_ShiftedByOne_PaddingIsMinusOneHundred","DisplayName":"SharpMind.Tests.Data.PackingBatcherTests.Labels_ShiftedByOne_PaddingIsMinusOneHundred","ExecutorUri":"executor://xunit/VsTestRunner3/netcore/","Source":"C:\\Integral2u\\source\\repos\\SharpMind\\SharpMind.Tests\\bin\\Debug\\net10.0\\SharpMind.Tests.dll","CodeFilePath":null,"LineNumber":0,"Properties":[{"Key":{"Id":"XunitTestCaseUniqueID","Label":"xUnit.net Test Case Unique ID","Category":"","Description":"","Attributes":0,"ValueType":"System.String"},"Value":"104561f1ae84ef63afd2721d1f38c66e4299c37e"},{"Key":{"Id":"TestCase.ManagedType","Label":"ManagedType","Category":"","Description":"","Attributes":1,"ValueType":"System.String"},"Value":"SharpMind.Tests.Data.PackingBatcherTests"},{"Key":{"Id":"XunitTestCaseExplicit","Label":"xUnit.net Test Case Explicit Flag","Category":"","Description":"","Attributes":0,"ValueType":"System.Boolean"},"Value":false},{"Key":{"Id":"TestCase.ManagedMethod","Label":"ManagedMethod","Category":"","Description":"","Attributes":1,"ValueType":"System.String"},"Value":"Labels_ShiftedByOne_PaddingIsMinusOneHundred"}]},"Attachments":[],"Outcome":1,"ErrorMessage":null,"ErrorStackTrace":null,"DisplayName":"SharpMind.Tests.Data.PackingBatcherTests.Labels_ShiftedByOne_PaddingIsMinusOneHundred","Messages":[],"ComputerName":"LAPTOP-MKMTSO1B","Duration":"00:00:00.0223358","StartTime":"2026-07-20T08:51:00.0649121+00:00","EndTime":"2026-07-20T08:51:00.0840284+00:00","Properties":[]},{"TestCase":{"Id":"b62234ab-b3a3-09c0-e851-8a3d63af75c5","FullyQualifiedName":"SharpMind.Tests.Data.PackingBatcherTests.RealTokenCount_ExcludesPadding","DisplayName":"SharpMind.Tests.Data.PackingBatcherTests.RealTokenCount_ExcludesPadding","ExecutorUri":"executor://xunit/VsTestRunner3/netcore/","Source":"C:\\Integral2u\\source\\repos\\SharpMind\\SharpMind.Tests\\bin\\Debug\\net10.0\\SharpMind.Tests.dll","CodeFilePath":null,"LineNumber":0,"Properties":[{"Key":{"Id":"XunitTestCaseUniqueID","Label":"xUnit.net Test Case Unique ID","Category":"","Description":"","Attributes":0,"ValueType":"System.String"},"Value":"20746a097db515bd0f30073ab80b9d3634e0ffdc"},{"Key":{"Id":"TestCase.ManagedType","Label":"ManagedType","Category":"","Description":"","Attributes":1,"ValueType":"System.String"},"Value":"SharpMind.Tests.Data.PackingBatcherTests"},{"Key":{"Id":"XunitTestCaseExplicit","Label":"xUnit.net Test Case Explicit Flag","Category":"","Description":"","Attributes":0,"ValueType":"System.Boolean"},"Value":false},{"Key":{"Id":"TestCase.ManagedMethod","Label":"ManagedMethod","Category":"","Description":"","Attributes":1,"ValueType":"System.String"},"Value":"RealTokenCount_ExcludesPadding"}]},"Attachments":[],"Outcome":1,"ErrorMessage":null,"ErrorStackTrace":null,"DisplayName":"SharpMind.Tests.Data.PackingBatcherTests.RealTokenCount_ExcludesPadding","Messages":[],"ComputerName":"LAPTOP-MKMTSO1B","Duration":"00:00:00.0014989","StartTime":"2026-07-20T08:51:00.0851581+00:00","EndTime":"2026-07-20T08:51:00.0869638+00:00","Properties":[]},{"TestCase":{"Id":"b24d5f25-c5aa-56f0-c4f0-859ab9553697","FullyQualifiedName":"SharpMind.Tests.Data.JsonlSourceTests.NestedFieldPath_DotNotation","DisplayName":"SharpMind.Tests.Data.JsonlSourceTests.NestedFieldPath_DotNotation","ExecutorUri":"executor://xunit/VsTestRunner3/netcore/","Source":"C:\\Integral2u\\source\\repos\\SharpMind\\SharpMind.Tests\\bin\\Debug\\net10.0\\SharpMind.Tests.dll","CodeFilePath":null,"LineNumber":0,"Properties":[{"Key":{"Id":"XunitTestCaseUniqueID","Label":"xUnit.net Test Case Unique ID","Category":"","Description":"","Attributes":0,"ValueType":"System.String"},"Value":"a022e0fc566bb212af499a511571b93dfe1fe1be"},{"Key":{"Id":"TestCase.ManagedType","Label":"ManagedType","Category":"","Description":"","Attributes":1,"ValueType":"System.String"},"Value":"SharpMind.Tests.Data.JsonlSourceTests"},{"Key":{"Id":"XunitTestCaseExplicit","Label":"xUnit.net Test Case Explicit Flag","Category":"","Description":"","Attributes":0,"ValueType":"System.Boolean"},"Value":false},{"Key":{"Id":"TestCase.ManagedMethod","Label":"ManagedMethod","Category":"","Description":"","Attributes":1,"ValueType":"System.String"},"Value":"NestedFieldPath_DotNotation"}]},"Attachments":[],"Outcome":1,"ErrorMessage":null,"ErrorStackTrace":null,"DisplayName":"SharpMind.Tests.Data.JsonlSourceTests.NestedFieldPath_DotNotation","Messages":[],"ComputerName":"LAPTOP-MKMTSO1B","Duration":"00:00:00.1725167","StartTime":"2026-07-20T08:50:59.9062515+00:00","EndTime":"2026-07-20T08:51:00.0940131+00:00","Properties":[]},{"TestCase":{"Id":"f223733e-60fb-742b-d2e2-2a0fad0aff2a","FullyQualifiedName":"SharpMind.Tests.Data.PackingBatcherTests.PartialLastBatch_StillEmitted","DisplayName":"SharpMind.Tests.Data.PackingBatcherTests.PartialLastBatch_StillEmitted","ExecutorUri":"executor://xunit/VsTestRunner3/netcore/","Source":"C:\\Integral2u\\source\\repos\\SharpMind\\SharpMind.Tests\\bin\\Debug\\net10.0\\SharpMind.Tests.dll","CodeFilePath":null,"LineNumber":0,"Properties":[{"Key":{"Id":"XunitTestCaseUniqueID","Label":"xUnit.net Test Case Unique ID","Category":"","Description":"","Attributes":0,"ValueType":"System.String"},"Value":"29efa4e65a5c149e228bde1ce0f7621bb9f8437b"},{"Key":{"Id":"TestCase.ManagedType","Label":"ManagedType","Category":"","Description":"","Attributes":1,"ValueType":"System.String"},"Value":"SharpMind.Tests.Data.PackingBatcherTests"},{"Key":{"Id":"XunitTestCaseExplicit","Label":"xUnit.net Test Case Explicit Flag","Category":"","Description":"","Attributes":0,"ValueType":"System.Boolean"},"Value":false},{"Key":{"Id":"TestCase.ManagedMethod","Label":"ManagedMethod","Category":"","Description":"","Attributes":1,"ValueType":"System.String"},"Value":"PartialLastBatch_StillEmitted"}]},"Attachments":[],"Outcome":1,"ErrorMessage":null,"ErrorStackTrace":null,"DisplayName":"SharpMind.Tests.Data.PackingBatcherTests.PartialLastBatch_StillEmitted","Messages":[],"ComputerName":"LAPTOP-MKMTSO1B","Duration":"00:00:00.0067393","StartTime":"2026-07-20T08:51:00.0878893+00:00","EndTime":"2026-07-20T08:51:00.0938485+00:00","Properties":[]}],"TestRunStatistics":{"ExecutedTests":67,"Stats":{"Passed":67}},"ActiveTests":[{"Id":"a4c58ab7-ff2f-94a9-df67-0a79702e0f4c","FullyQualifiedName":"SharpMind.Tests.Data.JsonlSourceTests.EmptyTextValue_Skipped","DisplayName":"SharpMind.Tests.Data.JsonlSourceTests.EmptyTextValue_Skipped","ExecutorUri":"executor://xunit/VsTestRunner3/netcore/","Source":"C:\\Integral2u\\source\\repos\\SharpMind\\SharpMind.Tests\\bin\\Debug\\net10.0\\SharpMind.Tests.dll","CodeFilePath":null,"LineNumber":0,"Properties":[{"Key":{"Id":"XunitTestCaseUniqueID","Label":"xUnit.net Test Case Unique ID","Category":"","Description":"","Attributes":0,"ValueType":"System.String"},"Value":"f15fbd3f5c18a0fadc2fe98b343aeb628e3c7a62"},{"Key":{"Id":"TestCase.ManagedType","Label":"ManagedType","Category":"","Description":"","Attributes":1,"ValueType":"System.String"},"Value":"SharpMind.Tests.Data.JsonlSourceTests"},{"Key":{"Id":"XunitTestCaseExplicit","Label":"xUnit.net Test Case Explicit Flag","Category":"","Description":"","Attributes":0,"ValueType":"System.Boolean"},"Value":false},{"Key":{"Id":"TestCase.ManagedMethod","Label":"ManagedMethod","Category":"","Description":"","Attributes":1,"ValueType":"System.String"},"Value":"EmptyTextValue_Skipped"}]},{"Id":"705474b3-facf-db19-e480-cc4a6ff4c214","FullyQualifiedName":"SharpMind.Tests.Data.PackingBatcherTests.EmptyDocumentStream_YieldsNoBatches","DisplayName":"SharpMind.Tests.Data.PackingBatcherTests.EmptyDocumentStream_YieldsNoBatches","ExecutorUri":"executor://xunit/VsTestRunner3/netcore/","Source":"C:\\Integral2u\\source\\repos\\SharpMind\\SharpMind.Tests\\bin\\Debug\\net10.0\\SharpMind.Tests.dll","CodeFilePath":null,"LineNumber":0,"Properties":[{"Key":{"Id":"XunitTestCaseUniqueID","Label":"xUnit.net Test Case Unique ID","Category":"","Description":"","Attributes":0,"ValueType":"System.String"},"Value":"317adb6767b24e676ec218325f9ae37358c3644a"},{"Key":{"Id":"TestCase.ManagedType","Label":"ManagedType","Category":"","Description":"","Attributes":1,"ValueType":"System.String"},"Value":"SharpMind.Tests.Data.PackingBatcherTests"},{"Key":{"Id":"XunitTestCaseExplicit","Label":"xUnit.net Test Case Explicit Flag","Category":"","Description":"","Attributes":0,"ValueType":"System.Boolean"},"Value":false},{"Key":{"Id":"TestCase.ManagedMethod","Label":"ManagedMethod","Category":"","Description":"","Attributes":1,"ValueType":"System.String"},"Value":"EmptyDocumentStream_YieldsNoBatches"}]}]}}
TpTrace Verbose: 0 : 5804, 10, 2026/07/20, 20:51:00.114, 488489887844, vstest.console.dll, TestRunRequest:SendTestRunStatsChange: Starting.
TpTrace Verbose: 0 : 5804, 10, 2026/07/20, 20:51:00.114, 488489889687, vstest.console.dll, InProgress is SharpMind.Tests.Data.JsonlSourceTests.EmptyTextValue_Skipped
TpTrace Verbose: 0 : 5804, 10, 2026/07/20, 20:51:00.114, 488489890263, vstest.console.dll, InProgress is SharpMind.Tests.Data.PackingBatcherTests.EmptyDocumentStream_YieldsNoBatches
TpTrace Verbose: 0 : 5804, 10, 2026/07/20, 20:51:00.114, 488489891201, vstest.console.dll, MulticastDelegateUtilities.SafeInvoke: TestRun.RunStatsChanged: Invoking callbacks was skipped because there are no subscribers.
TpTrace Information: 0 : 5804, 10, 2026/07/20, 20:51:00.114, 488489891891, vstest.console.dll, TestRunRequest:SendTestRunStatsChange: Completed.
TpTrace Verbose: 0 : 5804, 10, 2026/07/20, 20:51:00.114, 488489892565, vstest.console.dll, MulticastDelegateUtilities.SafeInvoke: LengthPrefixCommunicationChannel: MessageReceived: Invoking callback 1/1 for Microsoft.VisualStudio.TestPlatform.CommunicationUtilities.TestRequestSender+<>c__DisplayClass34_0., took 6 ms.
TpTrace Verbose: 0 : 5804, 10, 2026/07/20, 20:51:00.114, 488489893931, vstest.console.dll, TcpClientExtensions.MessageLoopAsync: Polling on remoteEndPoint: 127.0.0.1:57605 localEndPoint: 127.0.0.1:57603 after 93 ms
TpTrace Verbose: 0 : 5804, 4, 2026/07/20, 20:51:00.115, 488489895789, vstest.console.dll, MulticastDelegateUtilities.SafeInvoke: InternalTestLoggerEvents.SendTestResult: Invoking callback 1/1 for Microsoft.VisualStudio.TestPlatform.CommandLine.Internal.ConsoleLogger., took 0 ms.
TpTrace Verbose: 0 : 5804, 4, 2026/07/20, 20:51:00.115, 488489896738, vstest.console.dll, MulticastDelegateUtilities.SafeInvoke: InternalTestLoggerEvents.SendTestResult: Invoking callback 1/1 for Microsoft.VisualStudio.TestPlatform.CommandLine.Internal.ConsoleLogger., took 0 ms.
TpTrace Verbose: 0 : 5804, 4, 2026/07/20, 20:51:00.115, 488489897978, vstest.console.dll, MulticastDelegateUtilities.SafeInvoke: InternalTestLoggerEvents.SendTestResult: Invoking callback 1/1 for Microsoft.VisualStudio.TestPlatform.CommandLine.Internal.ConsoleLogger., took 0 ms.
TpTrace Verbose: 0 : 5804, 4, 2026/07/20, 20:51:00.115, 488489900021, vstest.console.dll, MulticastDelegateUtilities.SafeInvoke: InternalTestLoggerEvents.SendTestResult: Invoking callback 1/1 for Microsoft.VisualStudio.TestPlatform.CommandLine.Internal.ConsoleLogger., took 0 ms.
TpTrace Verbose: 0 : 5804, 4, 2026/07/20, 20:51:00.115, 488489900949, vstest.console.dll, MulticastDelegateUtilities.SafeInvoke: InternalTestLoggerEvents.SendTestResult: Invoking callback 1/1 for Microsoft.VisualStudio.TestPlatform.CommandLine.Internal.ConsoleLogger., took 0 ms.
TpTrace Verbose: 0 : 5804, 4, 2026/07/20, 20:51:00.115, 488489904055, vstest.console.dll, MulticastDelegateUtilities.SafeInvoke: InternalTestLoggerEvents.SendTestResult: Invoking callback 1/1 for Microsoft.VisualStudio.TestPlatform.CommandLine.Internal.ConsoleLogger., took 0 ms.
TpTrace Verbose: 0 : 5804, 4, 2026/07/20, 20:51:00.116, 488489907965, vstest.console.dll, MulticastDelegateUtilities.SafeInvoke: InternalTestLoggerEvents.SendTestResult: Invoking callback 1/1 for Microsoft.VisualStudio.TestPlatform.CommandLine.Internal.ConsoleLogger., took 0 ms.
TpTrace Verbose: 0 : 5804, 4, 2026/07/20, 20:51:00.116, 488489909186, vstest.console.dll, MulticastDelegateUtilities.SafeInvoke: InternalTestLoggerEvents.SendTestResult: Invoking callback 1/1 for Microsoft.VisualStudio.TestPlatform.CommandLine.Internal.ConsoleLogger., took 0 ms.
TpTrace Verbose: 0 : 5804, 10, 2026/07/20, 20:51:00.142, 488490168361, vstest.console.dll, TcpClientExtensions.MessageLoopAsync: NotifyDataAvailable remoteEndPoint: 127.0.0.1:57605 localEndPoint: 127.0.0.1:57603
TpTrace Verbose: 0 : 5804, 10, 2026/07/20, 20:51:00.142, 488490172813, vstest.console.dll, TestRequestSender.OnExecutionMessageReceived: Received message: {"Version":7,"MessageType":"TestExecution.StatsChange","Payload":{"NewTestResults":[{"TestCase":{"Id":"705474b3-facf-db19-e480-cc4a6ff4c214","FullyQualifiedName":"SharpMind.Tests.Data.PackingBatcherTests.EmptyDocumentStream_YieldsNoBatches","DisplayName":"SharpMind.Tests.Data.PackingBatcherTests.EmptyDocumentStream_YieldsNoBatches","ExecutorUri":"executor://xunit/VsTestRunner3/netcore/","Source":"C:\\Integral2u\\source\\repos\\SharpMind\\SharpMind.Tests\\bin\\Debug\\net10.0\\SharpMind.Tests.dll","CodeFilePath":null,"LineNumber":0,"Properties":[{"Key":{"Id":"XunitTestCaseUniqueID","Label":"xUnit.net Test Case Unique ID","Category":"","Description":"","Attributes":0,"ValueType":"System.String"},"Value":"317adb6767b24e676ec218325f9ae37358c3644a"},{"Key":{"Id":"TestCase.ManagedType","Label":"ManagedType","Category":"","Description":"","Attributes":1,"ValueType":"System.String"},"Value":"SharpMind.Tests.Data.PackingBatcherTests"},{"Key":{"Id":"XunitTestCaseExplicit","Label":"xUnit.net Test Case Explicit Flag","Category":"","Description":"","Attributes":0,"ValueType":"System.Boolean"},"Value":false},{"Key":{"Id":"TestCase.ManagedMethod","Label":"ManagedMethod","Category":"","Description":"","Attributes":1,"ValueType":"System.String"},"Value":"EmptyDocumentStream_YieldsNoBatches"}]},"Attachments":[],"Outcome":1,"ErrorMessage":null,"ErrorStackTrace":null,"DisplayName":"SharpMind.Tests.Data.PackingBatcherTests.EmptyDocumentStream_YieldsNoBatches","Messages":[],"ComputerName":"LAPTOP-MKMTSO1B","Duration":"00:00:00.0072373","StartTime":"2026-07-20T08:51:00.1110271+00:00","EndTime":"2026-07-20T08:51:00.1112499+00:00","Properties":[]},{"TestCase":{"Id":"0f13b574-6fad-957a-bf2d-5670b2ffe5a3","FullyQualifiedName":"SharpMind.Tests.Data.PackingBatcherTests.AttentionMask_OneForRealTokens_ZeroForPadding","DisplayName":"SharpMind.Tests.Data.PackingBatcherTests.AttentionMask_OneForRealTokens_ZeroForPadding","ExecutorUri":"executor://xunit/VsTestRunner3/netcore/","Source":"C:\\Integral2u\\source\\repos\\SharpMind\\SharpMind.Tests\\bin\\Debug\\net10.0\\SharpMind.Tests.dll","CodeFilePath":null,"LineNumber":0,"Properties":[{"Key":{"Id":"XunitTestCaseUniqueID","Label":"xUnit.net Test Case Unique ID","Category":"","Description":"","Attributes":0,"ValueType":"System.String"},"Value":"5a495e6e78b042721b1e2362e05efdae71e3feda"},{"Key":{"Id":"TestCase.ManagedType","Label":"ManagedType","Category":"","Description":"","Attributes":1,"ValueType":"System.String"},"Value":"SharpMind.Tests.Data.PackingBatcherTests"},{"Key":{"Id":"XunitTestCaseExplicit","Label":"xUnit.net Test Case Explicit Flag","Category":"","Description":"","Attributes":0,"ValueType":"System.Boolean"},"Value":false},{"Key":{"Id":"TestCase.ManagedMethod","Label":"ManagedMethod","Category":"","Description":"","Attributes":1,"ValueType":"System.String"},"Value":"AttentionMask_OneForRealTokens_ZeroForPadding"}]},"Attachments":[],"Outcome":1,"ErrorMessage":null,"ErrorStackTrace":null,"DisplayName":"SharpMind.Tests.Data.PackingBatcherTests.AttentionMask_OneForRealTokens_ZeroForPadding","Messages":[],"ComputerName":"LAPTOP-MKMTSO1B","Duration":"00:00:00.0071613","StartTime":"2026-07-20T08:51:00.1174686+00:00","EndTime":"2026-07-20T08:51:00.1176078+00:00","Properties":[]},{"TestCase":{"Id":"92bbc193-396f-70d3-fae7-68ab082d1913","FullyQualifiedName":"SharpMind.Tests.Data.PackingBatcherTests.Dispose_ReleasesAllTensors","DisplayName":"SharpMind.Tests.Data.PackingBatcherTests.Dispose_ReleasesAllTensors","ExecutorUri":"executor://xunit/VsTestRunner3/netcore/","Source":"C:\\Integral2u\\source\\repos\\SharpMind\\SharpMind.Tests\\bin\\Debug\\net10.0\\SharpMind.Tests.dll","CodeFilePath":null,"LineNumber":0,"Properties":[{"Key":{"Id":"XunitTestCaseUniqueID","Label":"xUnit.net Test Case Unique ID","Category":"","Description":"","Attributes":0,"ValueType":"System.String"},"Value":"b21fa2314331a0f8372b56a97cb08b044c6da1e2"},{"Key":{"Id":"TestCase.ManagedType","Label":"ManagedType","Category":"","Description":"","Attributes":1,"ValueType":"System.String"},"Value":"SharpMind.Tests.Data.PackingBatcherTests"},{"Key":{"Id":"XunitTestCaseExplicit","Label":"xUnit.net Test Case Explicit Flag","Category":"","Description":"","Attributes":0,"ValueType":"System.Boolean"},"Value":false},{"Key":{"Id":"TestCase.ManagedMethod","Label":"ManagedMethod","Category":"","Description":"","Attributes":1,"ValueType":"System.String"},"Value":"Dispose_ReleasesAllTensors"}]},"Attachments":[],"Outcome":1,"ErrorMessage":null,"ErrorStackTrace":null,"DisplayName":"SharpMind.Tests.Data.PackingBatcherTests.Dispose_ReleasesAllTensors","Messages":[],"ComputerName":"LAPTOP-MKMTSO1B","Duration":"00:00:00.0015628","StartTime":"2026-07-20T08:51:00.1184704+00:00","EndTime":"2026-07-20T08:51:00.118611+00:00","Properties":[]},{"TestCase":{"Id":"efda5545-30d1-bd46-7e12-50ba8bd9bcb2","FullyQualifiedName":"SharpMind.Tests.Data.PackingBatcherTests.PacksMultipleDocumentsPerRow","DisplayName":"SharpMind.Tests.Data.PackingBatcherTests.PacksMultipleDocumentsPerRow","ExecutorUri":"executor://xunit/VsTestRunner3/netcore/","Source":"C:\\Integral2u\\source\\repos\\SharpMind\\SharpMind.Tests\\bin\\Debug\\net10.0\\SharpMind.Tests.dll","CodeFilePath":null,"LineNumber":0,"Properties":[{"Key":{"Id":"XunitTestCaseUniqueID","Label":"xUnit.net Test Case Unique ID","Category":"","Description":"","Attributes":0,"ValueType":"System.String"},"Value":"d49a468ed1b5ce169cd1f4763910be83f6422c3d"},{"Key":{"Id":"TestCase.ManagedType","Label":"ManagedType","Category":"","Description":"","Attributes":1,"ValueType":"System.String"},"Value":"SharpMind.Tests.Data.PackingBatcherTests"},{"Key":{"Id":"XunitTestCaseExplicit","Label":"xUnit.net Test Case Explicit Flag","Category":"","Description":"","Attributes":0,"ValueType":"System.Boolean"},"Value":false},{"Key":{"Id":"TestCase.ManagedMethod","Label":"ManagedMethod","Category":"","Description":"","Attributes":1,"ValueType":"System.String"},"Value":"PacksMultipleDocumentsPerRow"}]},"Attachments":[],"Outcome":1,"ErrorMessage":null,"ErrorStackTrace":null,"DisplayName":"SharpMind.Tests.Data.PackingBatcherTests.PacksMultipleDocumentsPerRow","Messages":[],"ComputerName":"LAPTOP-MKMTSO1B","Duration":"00:00:00.0063908","StartTime":"2026-07-20T08:51:00.1192836+00:00","EndTime":"2026-07-20T08:51:00.1194185+00:00","Properties":[]},{"TestCase":{"Id":"94ae36c9-94b2-256c-72be-ef812892528f","FullyQualifiedName":"SharpMind.Tests.Data.PackingBatcherTests.BatchShape_IsCorrect","DisplayName":"SharpMind.Tests.Data.PackingBatcherTests.BatchShape_IsCorrect","ExecutorUri":"executor://xunit/VsTestRunner3/netcore/","Source":"C:\\Integral2u\\source\\repos\\SharpMind\\SharpMind.Tests\\bin\\Debug\\net10.0\\SharpMind.Tests.dll","CodeFilePath":null,"LineNumber":0,"Properties":[{"Key":{"Id":"XunitTestCaseUniqueID","Label":"xUnit.net Test Case Unique ID","Category":"","Description":"","Attributes":0,"ValueType":"System.String"},"Value":"e72e208a2ddb91efc64caefd554f65ade4072cf6"},{"Key":{"Id":"TestCase.ManagedType","Label":"ManagedType","Category":"","Description":"","Attributes":1,"ValueType":"System.String"},"Value":"SharpMind.Tests.Data.PackingBatcherTests"},{"Key":{"Id":"XunitTestCaseExplicit","Label":"xUnit.net Test Case Explicit Flag","Category":"","Description":"","Attributes":0,"ValueType":"System.Boolean"},"Value":false},{"Key":{"Id":"TestCase.ManagedMethod","Label":"ManagedMethod","Category":"","Description":"","Attributes":1,"ValueType":"System.String"},"Value":"BatchShape_IsCorrect"}]},"Attachments":[],"Outcome":1,"ErrorMessage":null,"ErrorStackTrace":null,"DisplayName":"SharpMind.Tests.Data.PackingBatcherTests.BatchShape_IsCorrect","Messages":[],"ComputerName":"LAPTOP-MKMTSO1B","Duration":"00:00:00.0020628","StartTime":"2026-07-20T08:51:00.12063+00:00","EndTime":"2026-07-20T08:51:00.1207747+00:00","Properties":[]},{"TestCase":{"Id":"fc44f0fd-4ae2-32bd-8deb-e593dfc8f7e0","FullyQualifiedName":"SharpMind.Tests.Data.TextFileSourceTests.FileMode_YieldsWholeFileAsOneDocument","DisplayName":"SharpMind.Tests.Data.TextFileSourceTests.FileMode_YieldsWholeFileAsOneDocument","ExecutorUri":"executor://xunit/VsTestRunner3/netcore/","Source":"C:\\Integral2u\\source\\repos\\SharpMind\\SharpMind.Tests\\bin\\Debug\\net10.0\\SharpMind.Tests.dll","CodeFilePath":null,"LineNumber":0,"Properties":[{"Key":{"Id":"XunitTestCaseUniqueID","Label":"xUnit.net Test Case Unique ID","Category":"","Description":"","Attributes":0,"ValueType":"System.String"},"Value":"116816727fd784a4d7c883499ac9a61fed9d7f4b"},{"Key":{"Id":"TestCase.ManagedType","Label":"ManagedType","Category":"","Description":"","Attributes":1,"ValueType":"System.String"},"Value":"SharpMind.Tests.Data.TextFileSourceTests"},{"Key":{"Id":"XunitTestCaseExplicit","Label":"xUnit.net Test Case Explicit Flag","Category":"","Description":"","Attributes":0,"ValueType":"System.Boolean"},"Value":false},{"Key":{"Id":"TestCase.ManagedMethod","Label":"ManagedMethod","Category":"","Description":"","Attributes":1,"ValueType":"System.String"},"Value":"FileMode_YieldsWholeFileAsOneDocument"}]},"Attachments":[],"Outcome":1,"ErrorMessage":null,"ErrorStackTrace":null,"DisplayName":"SharpMind.Tests.Data.TextFileSourceTests.FileMode_YieldsWholeFileAsOneDocument","Messages":[],"ComputerName":"LAPTOP-MKMTSO1B","Duration":"00:00:00.1434178","StartTime":"2026-07-20T08:50:59.9505246+00:00","EndTime":"2026-07-20T08:51:00.1276998+00:00","Properties":[]},{"TestCase":{"Id":"625124a9-8ed0-af0a-a2f3-aa38033b1ae0","FullyQualifiedName":"SharpMind.Tests.Data.TextFileSourceTests.MissingFile_Throws","DisplayName":"SharpMind.Tests.Data.TextFileSourceTests.MissingFile_Throws","ExecutorUri":"executor://xunit/VsTestRunner3/netcore/","Source":"C:\\Integral2u\\source\\repos\\SharpMind\\SharpMind.Tests\\bin\\Debug\\net10.0\\SharpMind.Tests.dll","CodeFilePath":null,"LineNumber":0,"Properties":[{"Key":{"Id":"XunitTestCaseUniqueID","Label":"xUnit.net Test Case Unique ID","Category":"","Description":"","Attributes":0,"ValueType":"System.String"},"Value":"245211b5899e8cd6f6879c16cedd506a1701a2c1"},{"Key":{"Id":"TestCase.ManagedType","Label":"ManagedType","Category":"","Description":"","Attributes":1,"ValueType":"System.String"},"Value":"SharpMind.Tests.Data.TextFileSourceTests"},{"Key":{"Id":"XunitTestCaseExplicit","Label":"xUnit.net Test Case Explicit Flag","Category":"","Description":"","Attributes":0,"ValueType":"System.Boolean"},"Value":false},{"Key":{"Id":"TestCase.ManagedMethod","Label":"ManagedMethod","Category":"","Description":"","Attributes":1,"ValueType":"System.String"},"Value":"MissingFile_Throws"}]},"Attachments":[],"Outcome":1,"ErrorMessage":null,"ErrorStackTrace":null,"DisplayName":"SharpMind.Tests.Data.TextFileSourceTests.MissingFile_Throws","Messages":[],"ComputerName":"LAPTOP-MKMTSO1B","Duration":"00:00:00.0060717","StartTime":"2026-07-20T08:51:00.1325914+00:00","EndTime":"2026-07-20T08:51:00.1339503+00:00","Properties":[]},{"TestCase":{"Id":"850010a4-8084-9434-bba1-d244eb7c680e","FullyQualifiedName":"SharpMind.Tests.Core.TensorTests.NegativeIndex_WorksForLastDim","DisplayName":"SharpMind.Tests.Core.TensorTests.NegativeIndex_WorksForLastDim","ExecutorUri":"executor://xunit/VsTestRunner3/netcore/","Source":"C:\\Integral2u\\source\\repos\\SharpMind\\SharpMind.Tests\\bin\\Debug\\net10.0\\SharpMind.Tests.dll","CodeFilePath":null,"LineNumber":0,"Properties":[{"Key":{"Id":"XunitTestCaseUniqueID","Label":"xUnit.net Test Case Unique ID","Category":"","Description":"","Attributes":0,"ValueType":"System.String"},"Value":"01b8213ff4a2007c8ba293bae71ead61462caa0c"},{"Key":{"Id":"TestCase.ManagedType","Label":"ManagedType","Category":"","Description":"","Attributes":1,"ValueType":"System.String"},"Value":"SharpMind.Tests.Core.TensorTests"},{"Key":{"Id":"XunitTestCaseExplicit","Label":"xUnit.net Test Case Explicit Flag","Category":"","Description":"","Attributes":0,"ValueType":"System.Boolean"},"Value":false},{"Key":{"Id":"TestCase.ManagedMethod","Label":"ManagedMethod","Category":"","Description":"","Attributes":1,"ValueType":"System.String"},"Value":"NegativeIndex_WorksForLastDim"}]},"Attachments":[],"Outcome":1,"ErrorMessage":null,"ErrorStackTrace":null,"DisplayName":"SharpMind.Tests.Core.TensorTests.NegativeIndex_WorksForLastDim","Messages":[],"ComputerName":"LAPTOP-MKMTSO1B","Duration":"00:00:00.0181600","StartTime":"2026-07-20T08:51:00.1218542+00:00","EndTime":"2026-07-20T08:51:00.1395895+00:00","Properties":[]}],"TestRunStatistics":{"ExecutedTests":75,"Stats":{"Passed":75}},"ActiveTests":[{"Id":"4a8d2912-78ef-bc93-1205-f7c256ac9771","FullyQualifiedName":"SharpMind.Tests.Data.TextFileSourceTests.EstimatedCount_LineMode_ReturnsNull","DisplayName":"SharpMind.Tests.Data.TextFileSourceTests.EstimatedCount_LineMode_ReturnsNull","ExecutorUri":"executor://xunit/VsTestRunner3/netcore/","Source":"C:\\Integral2u\\source\\repos\\SharpMind\\SharpMind.Tests\\bin\\Debug\\net10.0\\SharpMind.Tests.dll","CodeFilePath":null,"LineNumber":0,"Properties":[{"Key":{"Id":"XunitTestCaseUniqueID","Label":"xUnit.net Test Case Unique ID","Category":"","Description":"","Attributes":0,"ValueType":"System.String"},"Value":"2e902ba4a9f5a1c8baa4b0473809e8863d2b8fa3"},{"Key":{"Id":"TestCase.ManagedType","Label":"ManagedType","Category":"","Description":"","Attributes":1,"ValueType":"System.String"},"Value":"SharpMind.Tests.Data.TextFileSourceTests"},{"Key":{"Id":"XunitTestCaseExplicit","Label":"xUnit.net Test Case Explicit Flag","Category":"","Description":"","Attributes":0,"ValueType":"System.Boolean"},"Value":false},{"Key":{"Id":"TestCase.ManagedMethod","Label":"ManagedMethod","Category":"","Description":"","Attributes":1,"ValueType":"System.String"},"Value":"EstimatedCount_LineMode_ReturnsNull"}]},{"Id":"48f4cd25-85dd-1685-c8da-d5b78c9322c1","FullyQualifiedName":"SharpMind.Tests.Core.TensorTests.Ones_AllOne","DisplayName":"SharpMind.Tests.Core.TensorTests.Ones_AllOne","ExecutorUri":"executor://xunit/VsTestRunner3/netcore/","Source":"C:\\Integral2u\\source\\repos\\SharpMind\\SharpMind.Tests\\bin\\Debug\\net10.0\\SharpMind.Tests.dll","CodeFilePath":null,"LineNumber":0,"Properties":[{"Key":{"Id":"XunitTestCaseUniqueID","Label":"xUnit.net Test Case Unique ID","Category":"","Description":"","Attributes":0,"ValueType":"System.String"},"Value":"1dd6d4f247320ffbf46809daf9ada891acb9ebb0"},{"Key":{"Id":"TestCase.ManagedType","Label":"ManagedType","Category":"","Description":"","Attributes":1,"ValueType":"System.String"},"Value":"SharpMind.Tests.Core.TensorTests"},{"Key":{"Id":"XunitTestCaseExplicit","Label":"xUnit.net Test Case Explicit Flag","Category":"","Description":"","Attributes":0,"ValueType":"System.Boolean"},"Value":false},{"Key":{"Id":"TestCase.ManagedMethod","Label":"ManagedMethod","Category":"","Description":"","Attributes":1,"ValueType":"System.String"},"Value":"Ones_AllOne"}]}]}}
TpTrace Verbose: 0 : 5804, 10, 2026/07/20, 20:51:00.151, 488490257815, vstest.console.dll, TestRunRequest:SendTestRunStatsChange: Starting.
TpTrace Verbose: 0 : 5804, 10, 2026/07/20, 20:51:00.151, 488490259337, vstest.console.dll, InProgress is SharpMind.Tests.Data.TextFileSourceTests.EstimatedCount_LineMode_ReturnsNull
TpTrace Verbose: 0 : 5804, 10, 2026/07/20, 20:51:00.151, 488490259934, vstest.console.dll, InProgress is SharpMind.Tests.Core.TensorTests.Ones_AllOne
TpTrace Verbose: 0 : 5804, 10, 2026/07/20, 20:51:00.151, 488490260817, vstest.console.dll, MulticastDelegateUtilities.SafeInvoke: TestRun.RunStatsChanged: Invoking callbacks was skipped because there are no subscribers.
TpTrace Information: 0 : 5804, 10, 2026/07/20, 20:51:00.151, 488490261350, vstest.console.dll, TestRunRequest:SendTestRunStatsChange: Completed.
TpTrace Verbose: 0 : 5804, 10, 2026/07/20, 20:51:00.151, 488490261993, vstest.console.dll, MulticastDelegateUtilities.SafeInvoke: LengthPrefixCommunicationChannel: MessageReceived: Invoking callback 1/1 for Microsoft.VisualStudio.TestPlatform.CommunicationUtilities.TestRequestSender+<>c__DisplayClass34_0., took 8 ms.
TpTrace Verbose: 0 : 5804, 10, 2026/07/20, 20:51:00.151, 488490262575, vstest.console.dll, TcpClientExtensions.MessageLoopAsync: Polling on remoteEndPoint: 127.0.0.1:57605 localEndPoint: 127.0.0.1:57603 after 36 ms
TpTrace Verbose: 0 : 5804, 4, 2026/07/20, 20:51:00.151, 488490264141, vstest.console.dll, MulticastDelegateUtilities.SafeInvoke: InternalTestLoggerEvents.SendTestResult: Invoking callback 1/1 for Microsoft.VisualStudio.TestPlatform.CommandLine.Internal.ConsoleLogger., took 0 ms.
TpTrace Verbose: 0 : 5804, 4, 2026/07/20, 20:51:00.152, 488490264970, vstest.console.dll, MulticastDelegateUtilities.SafeInvoke: InternalTestLoggerEvents.SendTestResult: Invoking callback 1/1 for Microsoft.VisualStudio.TestPlatform.CommandLine.Internal.ConsoleLogger., took 0 ms.
TpTrace Verbose: 0 : 5804, 4, 2026/07/20, 20:51:00.152, 488490265687, vstest.console.dll, MulticastDelegateUtilities.SafeInvoke: InternalTestLoggerEvents.SendTestResult: Invoking callback 1/1 for Microsoft.VisualStudio.TestPlatform.CommandLine.Internal.ConsoleLogger., took 0 ms.
TpTrace Verbose: 0 : 5804, 4, 2026/07/20, 20:51:00.152, 488490266398, vstest.console.dll, MulticastDelegateUtilities.SafeInvoke: InternalTestLoggerEvents.SendTestResult: Invoking callback 1/1 for Microsoft.VisualStudio.TestPlatform.CommandLine.Internal.ConsoleLogger., took 0 ms.
TpTrace Verbose: 0 : 5804, 4, 2026/07/20, 20:51:00.152, 488490267149, vstest.console.dll, MulticastDelegateUtilities.SafeInvoke: InternalTestLoggerEvents.SendTestResult: Invoking callback 1/1 for Microsoft.VisualStudio.TestPlatform.CommandLine.Internal.ConsoleLogger., took 0 ms.
TpTrace Verbose: 0 : 5804, 4, 2026/07/20, 20:51:00.152, 488490267882, vstest.console.dll, MulticastDelegateUtilities.SafeInvoke: InternalTestLoggerEvents.SendTestResult: Invoking callback 1/1 for Microsoft.VisualStudio.TestPlatform.CommandLine.Internal.ConsoleLogger., took 0 ms.
TpTrace Verbose: 0 : 5804, 4, 2026/07/20, 20:51:00.152, 488490268547, vstest.console.dll, MulticastDelegateUtilities.SafeInvoke: InternalTestLoggerEvents.SendTestResult: Invoking callback 1/1 for Microsoft.VisualStudio.TestPlatform.CommandLine.Internal.ConsoleLogger., took 0 ms.
TpTrace Verbose: 0 : 5804, 4, 2026/07/20, 20:51:00.152, 488490269155, vstest.console.dll, MulticastDelegateUtilities.SafeInvoke: InternalTestLoggerEvents.SendTestResult: Invoking callback 1/1 for Microsoft.VisualStudio.TestPlatform.CommandLine.Internal.ConsoleLogger., took 0 ms.
TpTrace Verbose: 0 : 5804, 10, 2026/07/20, 20:51:00.275, 488491496163, vstest.console.dll, TcpClientExtensions.MessageLoopAsync: NotifyDataAvailable remoteEndPoint: 127.0.0.1:57605 localEndPoint: 127.0.0.1:57603
TpTrace Verbose: 0 : 5804, 10, 2026/07/20, 20:51:00.275, 488491500065, vstest.console.dll, TestRequestSender.OnExecutionMessageReceived: Received message: {"Version":7,"MessageType":"TestExecution.StatsChange","Payload":{"NewTestResults":[{"TestCase":{"Id":"4a8d2912-78ef-bc93-1205-f7c256ac9771","FullyQualifiedName":"SharpMind.Tests.Data.TextFileSourceTests.EstimatedCount_LineMode_ReturnsNull","DisplayName":"SharpMind.Tests.Data.TextFileSourceTests.EstimatedCount_LineMode_ReturnsNull","ExecutorUri":"executor://xunit/VsTestRunner3/netcore/","Source":"C:\\Integral2u\\source\\repos\\SharpMind\\SharpMind.Tests\\bin\\Debug\\net10.0\\SharpMind.Tests.dll","CodeFilePath":null,"LineNumber":0,"Properties":[{"Key":{"Id":"XunitTestCaseUniqueID","Label":"xUnit.net Test Case Unique ID","Category":"","Description":"","Attributes":0,"ValueType":"System.String"},"Value":"2e902ba4a9f5a1c8baa4b0473809e8863d2b8fa3"},{"Key":{"Id":"TestCase.ManagedType","Label":"ManagedType","Category":"","Description":"","Attributes":1,"ValueType":"System.String"},"Value":"SharpMind.Tests.Data.TextFileSourceTests"},{"Key":{"Id":"XunitTestCaseExplicit","Label":"xUnit.net Test Case Explicit Flag","Category":"","Description":"","Attributes":0,"ValueType":"System.Boolean"},"Value":false},{"Key":{"Id":"TestCase.ManagedMethod","Label":"ManagedMethod","Category":"","Description":"","Attributes":1,"ValueType":"System.String"},"Value":"EstimatedCount_LineMode_ReturnsNull"}]},"Attachments":[],"Outcome":1,"ErrorMessage":null,"ErrorStackTrace":null,"DisplayName":"SharpMind.Tests.Data.TextFileSourceTests.EstimatedCount_LineMode_ReturnsNull","Messages":[],"ComputerName":"LAPTOP-MKMTSO1B","Duration":"00:00:00.0057084","StartTime":"2026-07-20T08:51:00.1347094+00:00","EndTime":"2026-07-20T08:51:00.1429186+00:00","Properties":[]},{"TestCase":{"Id":"48f4cd25-85dd-1685-c8da-d5b78c9322c1","FullyQualifiedName":"SharpMind.Tests.Core.TensorTests.Ones_AllOne","DisplayName":"SharpMind.Tests.Core.TensorTests.Ones_AllOne","ExecutorUri":"executor://xunit/VsTestRunner3/netcore/","Source":"C:\\Integral2u\\source\\repos\\SharpMind\\SharpMind.Tests\\bin\\Debug\\net10.0\\SharpMind.Tests.dll","CodeFilePath":null,"LineNumber":0,"Properties":[{"Key":{"Id":"XunitTestCaseUniqueID","Label":"xUnit.net Test Case Unique ID","Category":"","Description":"","Attributes":0,"ValueType":"System.String"},"Value":"1dd6d4f247320ffbf46809daf9ada891acb9ebb0"},{"Key":{"Id":"TestCase.ManagedType","Label":"ManagedType","Category":"","Description":"","Attributes":1,"ValueType":"System.String"},"Value":"SharpMind.Tests.Core.TensorTests"},{"Key":{"Id":"XunitTestCaseExplicit","Label":"xUnit.net Test Case Explicit Flag","Category":"","Description":"","Attributes":0,"ValueType":"System.Boolean"},"Value":false},{"Key":{"Id":"TestCase.ManagedMethod","Label":"ManagedMethod","Category":"","Description":"","Attributes":1,"ValueType":"System.String"},"Value":"Ones_AllOne"}]},"Attachments":[],"Outcome":1,"ErrorMessage":null,"ErrorStackTrace":null,"DisplayName":"SharpMind.Tests.Core.TensorTests.Ones_AllOne","Messages":[],"ComputerName":"LAPTOP-MKMTSO1B","Duration":"00:00:00.0143062","StartTime":"2026-07-20T08:51:00.1426765+00:00","EndTime":"2026-07-20T08:51:00.1540454+00:00","Properties":[]},{"TestCase":{"Id":"85f6dbee-27ad-fd77-6a2e-501d9d592650","FullyQualifiedName":"SharpMind.Tests.Data.TextFileSourceTests.EstimatedCount_FileMode_ReturnsFileCount","DisplayName":"SharpMind.Tests.Data.TextFileSourceTests.EstimatedCount_FileMode_ReturnsFileCount","ExecutorUri":"executor://xunit/VsTestRunner3/netcore/","Source":"C:\\Integral2u\\source\\repos\\SharpMind\\SharpMind.Tests\\bin\\Debug\\net10.0\\SharpMind.Tests.dll","CodeFilePath":null,"LineNumber":0,"Properties":[{"Key":{"Id":"XunitTestCaseUniqueID","Label":"xUnit.net Test Case Unique ID","Category":"","Description":"","Attributes":0,"ValueType":"System.String"},"Value":"3962c137545af61f2e5d28e16551e1cfe33f3bca"},{"Key":{"Id":"TestCase.ManagedType","Label":"ManagedType","Category":"","Description":"","Attributes":1,"ValueType":"System.String"},"Value":"SharpMind.Tests.Data.TextFileSourceTests"},{"Key":{"Id":"XunitTestCaseExplicit","Label":"xUnit.net Test Case Explicit Flag","Category":"","Description":"","Attributes":0,"ValueType":"System.Boolean"},"Value":false},{"Key":{"Id":"TestCase.ManagedMethod","Label":"ManagedMethod","Category":"","Description":"","Attributes":1,"ValueType":"System.String"},"Value":"EstimatedCount_FileMode_ReturnsFileCount"}]},"Attachments":[],"Outcome":1,"ErrorMessage":null,"ErrorStackTrace":null,"DisplayName":"SharpMind.Tests.Data.TextFileSourceTests.EstimatedCount_FileMode_ReturnsFileCount","Messages":[],"ComputerName":"LAPTOP-MKMTSO1B","Duration":"00:00:00.0177212","StartTime":"2026-07-20T08:51:00.1440186+00:00","EndTime":"2026-07-20T08:51:00.1577395+00:00","Properties":[]},{"TestCase":{"Id":"3fa8d4f5-99ad-d22d-501a-f3b6fc45c2fe","FullyQualifiedName":"SharpMind.Tests.Core.TensorTests.Zeros_AllZero","DisplayName":"SharpMind.Tests.Core.TensorTests.Zeros_AllZero","ExecutorUri":"executor://xunit/VsTestRunner3/netcore/","Source":"C:\\Integral2u\\source\\repos\\SharpMind\\SharpMind.Tests\\bin\\Debug\\net10.0\\SharpMind.Tests.dll","CodeFilePath":null,"LineNumber":0,"Properties":[{"Key":{"Id":"XunitTestCaseUniqueID","Label":"xUnit.net Test Case Unique ID","Category":"","Description":"","Attributes":0,"ValueType":"System.String"},"Value":"440022d2a3446eb4afffd807d63c48bc90b8266f"},{"Key":{"Id":"TestCase.ManagedType","Label":"ManagedType","Category":"","Description":"","Attributes":1,"ValueType":"System.String"},"Value":"SharpMind.Tests.Core.TensorTests"},{"Key":{"Id":"XunitTestCaseExplicit","Label":"xUnit.net Test Case Explicit Flag","Category":"","Description":"","Attributes":0,"ValueType":"System.Boolean"},"Value":false},{"Key":{"Id":"TestCase.ManagedMethod","Label":"ManagedMethod","Category":"","Description":"","Attributes":1,"ValueType":"System.String"},"Value":"Zeros_AllZero"}]},"Attachments":[],"Outcome":1,"ErrorMessage":null,"ErrorStackTrace":null,"DisplayName":"SharpMind.Tests.Core.TensorTests.Zeros_AllZero","Messages":[],"ComputerName":"LAPTOP-MKMTSO1B","Duration":"00:00:00.0146635","StartTime":"2026-07-20T08:51:00.1555366+00:00","EndTime":"2026-07-20T08:51:00.1733111+00:00","Properties":[]},{"TestCase":{"Id":"fc79f565-68eb-4271-1f5b-a1eed9e3308f","FullyQualifiedName":"SharpMind.Tests.Core.TensorTests.Reshape_ZeroCopy_SharesBuffer","DisplayName":"SharpMind.Tests.Core.TensorTests.Reshape_ZeroCopy_SharesBuffer","ExecutorUri":"executor://xunit/VsTestRunner3/netcore/","Source":"C:\\Integral2u\\source\\repos\\SharpMind\\SharpMind.Tests\\bin\\Debug\\net10.0\\SharpMind.Tests.dll","CodeFilePath":null,"LineNumber":0,"Properties":[{"Key":{"Id":"XunitTestCaseUniqueID","Label":"xUnit.net Test Case Unique ID","Category":"","Description":"","Attributes":0,"ValueType":"System.String"},"Value":"6f472c2d83338f99f6f10a2657019ef3015b6d5b"},{"Key":{"Id":"TestCase.ManagedType","Label":"ManagedType","Category":"","Description":"","Attributes":1,"ValueType":"System.String"},"Value":"SharpMind.Tests.Core.TensorTests"},{"Key":{"Id":"XunitTestCaseExplicit","Label":"xUnit.net Test Case Explicit Flag","Category":"","Description":"","Attributes":0,"ValueType":"System.Boolean"},"Value":false},{"Key":{"Id":"TestCase.ManagedMethod","Label":"ManagedMethod","Category":"","Description":"","Attributes":1,"ValueType":"System.String"},"Value":"Reshape_ZeroCopy_SharesBuffer"}]},"Attachments":[],"Outcome":1,"ErrorMessage":null,"ErrorStackTrace":null,"DisplayName":"SharpMind.Tests.Core.TensorTests.Reshape_ZeroCopy_SharesBuffer","Messages":[],"ComputerName":"LAPTOP-MKMTSO1B","Duration":"00:00:00.0014020","StartTime":"2026-07-20T08:51:00.1744438+00:00","EndTime":"2026-07-20T08:51:00.1745775+00:00","Properties":[]},{"TestCase":{"Id":"812bf546-50d5-af03-1659-9466f5adbdc4","FullyQualifiedName":"SharpMind.Tests.Core.TensorTests.From_CopiesData","DisplayName":"SharpMind.Tests.Core.TensorTests.From_CopiesData","ExecutorUri":"executor://xunit/VsTestRunner3/netcore/","Source":"C:\\Integral2u\\source\\repos\\SharpMind\\SharpMind.Tests\\bin\\Debug\\net10.0\\SharpMind.Tests.dll","CodeFilePath":null,"LineNumber":0,"Properties":[{"Key":{"Id":"XunitTestCaseUniqueID","Label":"xUnit.net Test Case Unique ID","Category":"","Description":"","Attributes":0,"ValueType":"System.String"},"Value":"9dc1ad9247ad5da940d8db2efa4c995dcbdd9cdd"},{"Key":{"Id":"TestCase.ManagedType","Label":"ManagedType","Category":"","Description":"","Attributes":1,"ValueType":"System.String"},"Value":"SharpMind.Tests.Core.TensorTests"},{"Key":{"Id":"XunitTestCaseExplicit","Label":"xUnit.net Test Case Explicit Flag","Category":"","Description":"","Attributes":0,"ValueType":"System.Boolean"},"Value":false},{"Key":{"Id":"TestCase.ManagedMethod","Label":"ManagedMethod","Category":"","Description":"","Attributes":1,"ValueType":"System.String"},"Value":"From_CopiesData"}]},"Attachments":[],"Outcome":1,"ErrorMessage":null,"ErrorStackTrace":null,"DisplayName":"SharpMind.Tests.Core.TensorTests.From_CopiesData","Messages":[],"ComputerName":"LAPTOP-MKMTSO1B","Duration":"00:00:00.0016093","StartTime":"2026-07-20T08:51:00.175288+00:00","EndTime":"2026-07-20T08:51:00.175414+00:00","Properties":[]},{"TestCase":{"Id":"621c0932-6aa9-033b-e6ba-2ea8982d665f","FullyQualifiedName":"SharpMind.Tests.Data.TextFileSourceTests.Cancellation_StopsStream","DisplayName":"SharpMind.Tests.Data.TextFileSourceTests.Cancellation_StopsStream","ExecutorUri":"executor://xunit/VsTestRunner3/netcore/","Source":"C:\\Integral2u\\source\\repos\\SharpMind\\SharpMind.Tests\\bin\\Debug\\net10.0\\SharpMind.Tests.dll","CodeFilePath":null,"LineNumber":0,"Properties":[{"Key":{"Id":"XunitTestCaseUniqueID","Label":"xUnit.net Test Case Unique ID","Category":"","Description":"","Attributes":0,"ValueType":"System.String"},"Value":"4f4441929ff37614c6231b26df50e669bd874820"},{"Key":{"Id":"TestCase.ManagedType","Label":"ManagedType","Category":"","Description":"","Attributes":1,"ValueType":"System.String"},"Value":"SharpMind.Tests.Data.TextFileSourceTests"},{"Key":{"Id":"XunitTestCaseExplicit","Label":"xUnit.net Test Case Explicit Flag","Category":"","Description":"","Attributes":0,"ValueType":"System.Boolean"},"Value":false},{"Key":{"Id":"TestCase.ManagedMethod","Label":"ManagedMethod","Category":"","Description":"","Attributes":1,"ValueType":"System.String"},"Value":"Cancellation_StopsStream"}]},"Attachments":[],"Outcome":1,"ErrorMessage":null,"ErrorStackTrace":null,"DisplayName":"SharpMind.Tests.Data.TextFileSourceTests.Cancellation_StopsStream","Messages":[],"ComputerName":"LAPTOP-MKMTSO1B","Duration":"00:00:00.0748704","StartTime":"2026-07-20T08:51:00.1585486+00:00","EndTime":"2026-07-20T08:51:00.2330959+00:00","Properties":[]},{"TestCase":{"Id":"a4c58ab7-ff2f-94a9-df67-0a79702e0f4c","FullyQualifiedName":"SharpMind.Tests.Data.JsonlSourceTests.EmptyTextValue_Skipped","DisplayName":"SharpMind.Tests.Data.JsonlSourceTests.EmptyTextValue_Skipped","ExecutorUri":"executor://xunit/VsTestRunner3/netcore/","Source":"C:\\Integral2u\\source\\repos\\SharpMind\\SharpMind.Tests\\bin\\Debug\\net10.0\\SharpMind.Tests.dll","CodeFilePath":null,"LineNumber":0,"Properties":[{"Key":{"Id":"XunitTestCaseUniqueID","Label":"xUnit.net Test Case Unique ID","Category":"","Description":"","Attributes":0,"ValueType":"System.String"},"Value":"f15fbd3f5c18a0fadc2fe98b343aeb628e3c7a62"},{"Key":{"Id":"TestCase.ManagedType","Label":"ManagedType","Category":"","Description":"","Attributes":1,"ValueType":"System.String"},"Value":"SharpMind.Tests.Data.JsonlSourceTests"},{"Key":{"Id":"XunitTestCaseExplicit","Label":"xUnit.net Test Case Explicit Flag","Category":"","Description":"","Attributes":0,"ValueType":"System.Boolean"},"Value":false},{"Key":{"Id":"TestCase.ManagedMethod","Label":"ManagedMethod","Category":"","Description":"","Attributes":1,"ValueType":"System.String"},"Value":"EmptyTextValue_Skipped"}]},"Attachments":[],"Outcome":1,"ErrorMessage":null,"ErrorStackTrace":null,"DisplayName":"SharpMind.Tests.Data.JsonlSourceTests.EmptyTextValue_Skipped","Messages":[],"ComputerName":"LAPTOP-MKMTSO1B","Duration":"00:00:00.1473701","StartTime":"2026-07-20T08:51:00.095207+00:00","EndTime":"2026-07-20T08:51:00.272812+00:00","Properties":[]}],"TestRunStatistics":{"ExecutedTests":83,"Stats":{"Passed":83}},"ActiveTests":[{"Id":"3fe2b258-0513-cce0-5f84-a5aad7c75f35","FullyQualifiedName":"SharpMind.Tests.GPU.ActivationComparisonTests.ReLU_CPUAndGPU_ProduceSameResults","DisplayName":"SharpMind.Tests.GPU.ActivationComparisonTests.ReLU_CPUAndGPU_ProduceSameResults","ExecutorUri":"executor://xunit/VsTestRunner3/netcore/","Source":"C:\\Integral2u\\source\\repos\\SharpMind\\SharpMind.Tests\\bin\\Debug\\net10.0\\SharpMind.Tests.dll","CodeFilePath":null,"LineNumber":0,"Properties":[{"Key":{"Id":"XunitTestCaseUniqueID","Label":"xUnit.net Test Case Unique ID","Category":"","Description":"","Attributes":0,"ValueType":"System.String"},"Value":"17c4c11d12357b65c20e68677a22afa0b17ebdc4"},{"Key":{"Id":"TestCase.ManagedType","Label":"ManagedType","Category":"","Description":"","Attributes":1,"ValueType":"System.String"},"Value":"SharpMind.Tests.GPU.ActivationComparisonTests"},{"Key":{"Id":"XunitTestCaseExplicit","Label":"xUnit.net Test Case Explicit Flag","Category":"","Description":"","Attributes":0,"ValueType":"System.Boolean"},"Value":false},{"Key":{"Id":"TestCase.ManagedMethod","Label":"ManagedMethod","Category":"","Description":"","Attributes":1,"ValueType":"System.String"},"Value":"ReLU_CPUAndGPU_ProduceSameResults"}]},{"Id":"ee3efff8-fbc7-824a-5cde-b4fd4b6e67ea","FullyQualifiedName":"SharpMind.Tests.Data.TextFileSourceTests.LineMode_YieldsEachNonEmptyLine","DisplayName":"SharpMind.Tests.Data.TextFileSourceTests.LineMode_YieldsEachNonEmptyLine","ExecutorUri":"executor://xunit/VsTestRunner3/netcore/","Source":"C:\\Integral2u\\source\\repos\\SharpMind\\SharpMind.Tests\\bin\\Debug\\net10.0\\SharpMind.Tests.dll","CodeFilePath":null,"LineNumber":0,"Properties":[{"Key":{"Id":"XunitTestCaseUniqueID","Label":"xUnit.net Test Case Unique ID","Category":"","Description":"","Attributes":0,"ValueType":"System.String"},"Value":"53654e480dbd7895a8290afa40f3ded723949ccf"},{"Key":{"Id":"TestCase.ManagedType","Label":"ManagedType","Category":"","Description":"","Attributes":1,"ValueType":"System.String"},"Value":"SharpMind.Tests.Data.TextFileSourceTests"},{"Key":{"Id":"XunitTestCaseExplicit","Label":"xUnit.net Test Case Explicit Flag","Category":"","Description":"","Attributes":0,"ValueType":"System.Boolean"},"Value":false},{"Key":{"Id":"TestCase.ManagedMethod","Label":"ManagedMethod","Category":"","Description":"","Attributes":1,"ValueType":"System.String"},"Value":"LineMode_YieldsEachNonEmptyLine"}]}]}}
TpTrace Verbose: 0 : 5804, 10, 2026/07/20, 20:51:00.279, 488491540648, vstest.console.dll, TestRunRequest:SendTestRunStatsChange: Starting.
TpTrace Verbose: 0 : 5804, 10, 2026/07/20, 20:51:00.279, 488491542253, vstest.console.dll, InProgress is SharpMind.Tests.GPU.ActivationComparisonTests.ReLU_CPUAndGPU_ProduceSameResults
TpTrace Verbose: 0 : 5804, 10, 2026/07/20, 20:51:00.280, 488491552124, vstest.console.dll, InProgress is SharpMind.Tests.Data.TextFileSourceTests.LineMode_YieldsEachNonEmptyLine
TpTrace Verbose: 0 : 5804, 10, 2026/07/20, 20:51:00.280, 488491553356, vstest.console.dll, MulticastDelegateUtilities.SafeInvoke: TestRun.RunStatsChanged: Invoking callbacks was skipped because there are no subscribers.
TpTrace Information: 0 : 5804, 10, 2026/07/20, 20:51:00.280, 488491553968, vstest.console.dll, TestRunRequest:SendTestRunStatsChange: Completed.
TpTrace Verbose: 0 : 5804, 10, 2026/07/20, 20:51:00.281, 488491554573, vstest.console.dll, MulticastDelegateUtilities.SafeInvoke: LengthPrefixCommunicationChannel: MessageReceived: Invoking callback 1/1 for Microsoft.VisualStudio.TestPlatform.CommunicationUtilities.TestRequestSender+<>c__DisplayClass34_0., took 5 ms.
TpTrace Verbose: 0 : 5804, 10, 2026/07/20, 20:51:00.281, 488491556242, vstest.console.dll, TcpClientExtensions.MessageLoopAsync: Polling on remoteEndPoint: 127.0.0.1:57605 localEndPoint: 127.0.0.1:57603 after 129 ms
TpTrace Verbose: 0 : 5804, 4, 2026/07/20, 20:51:00.281, 488491554927, vstest.console.dll, MulticastDelegateUtilities.SafeInvoke: InternalTestLoggerEvents.SendTestResult: Invoking callback 1/1 for Microsoft.VisualStudio.TestPlatform.CommandLine.Internal.ConsoleLogger., took 0 ms.
TpTrace Verbose: 0 : 5804, 4, 2026/07/20, 20:51:00.281, 488491558046, vstest.console.dll, MulticastDelegateUtilities.SafeInvoke: InternalTestLoggerEvents.SendTestResult: Invoking callback 1/1 for Microsoft.VisualStudio.TestPlatform.CommandLine.Internal.ConsoleLogger., took 0 ms.
TpTrace Verbose: 0 : 5804, 4, 2026/07/20, 20:51:00.281, 488491559001, vstest.console.dll, MulticastDelegateUtilities.SafeInvoke: InternalTestLoggerEvents.SendTestResult: Invoking callback 1/1 for Microsoft.VisualStudio.TestPlatform.CommandLine.Internal.ConsoleLogger., took 0 ms.
TpTrace Verbose: 0 : 5804, 4, 2026/07/20, 20:51:00.281, 488491559806, vstest.console.dll, MulticastDelegateUtilities.SafeInvoke: InternalTestLoggerEvents.SendTestResult: Invoking callback 1/1 for Microsoft.VisualStudio.TestPlatform.CommandLine.Internal.ConsoleLogger., took 0 ms.
TpTrace Verbose: 0 : 5804, 4, 2026/07/20, 20:51:00.281, 488491560553, vstest.console.dll, MulticastDelegateUtilities.SafeInvoke: InternalTestLoggerEvents.SendTestResult: Invoking callback 1/1 for Microsoft.VisualStudio.TestPlatform.CommandLine.Internal.ConsoleLogger., took 0 ms.
TpTrace Verbose: 0 : 5804, 4, 2026/07/20, 20:51:00.281, 488491561353, vstest.console.dll, MulticastDelegateUtilities.SafeInvoke: InternalTestLoggerEvents.SendTestResult: Invoking callback 1/1 for Microsoft.VisualStudio.TestPlatform.CommandLine.Internal.ConsoleLogger., took 0 ms.
TpTrace Verbose: 0 : 5804, 4, 2026/07/20, 20:51:00.281, 488491562086, vstest.console.dll, MulticastDelegateUtilities.SafeInvoke: InternalTestLoggerEvents.SendTestResult: Invoking callback 1/1 for Microsoft.VisualStudio.TestPlatform.CommandLine.Internal.ConsoleLogger., took 0 ms.
TpTrace Verbose: 0 : 5804, 4, 2026/07/20, 20:51:00.281, 488491562886, vstest.console.dll, MulticastDelegateUtilities.SafeInvoke: InternalTestLoggerEvents.SendTestResult: Invoking callback 1/1 for Microsoft.VisualStudio.TestPlatform.CommandLine.Internal.ConsoleLogger., took 0 ms.
TpTrace Verbose: 0 : 5804, 10, 2026/07/20, 20:51:00.474, 488493489563, vstest.console.dll, TcpClientExtensions.MessageLoopAsync: NotifyDataAvailable remoteEndPoint: 127.0.0.1:57605 localEndPoint: 127.0.0.1:57603
TpTrace Verbose: 0 : 5804, 10, 2026/07/20, 20:51:00.474, 488493493712, vstest.console.dll, TestRequestSender.OnExecutionMessageReceived: Received message: {"Version":7,"MessageType":"TestExecution.StatsChange","Payload":{"NewTestResults":[{"TestCase":{"Id":"83fb304b-dd97-1bc6-ace5-48262e223165","FullyQualifiedName":"SharpMind.Tests.Core.RoPETests.Apply_PreservesShape","DisplayName":"SharpMind.Tests.Core.RoPETests.Apply_PreservesShape","ExecutorUri":"executor://xunit/VsTestRunner3/netcore/","Source":"C:\\Integral2u\\source\\repos\\SharpMind\\SharpMind.Tests\\bin\\Debug\\net10.0\\SharpMind.Tests.dll","CodeFilePath":null,"LineNumber":0,"Properties":[{"Key":{"Id":"XunitTestCaseUniqueID","Label":"xUnit.net Test Case Unique ID","Category":"","Description":"","Attributes":0,"ValueType":"System.String"},"Value":"28b7a1d677baa634025f8197d28954736c0289b4"},{"Key":{"Id":"TestCase.ManagedType","Label":"ManagedType","Category":"","Description":"","Attributes":1,"ValueType":"System.String"},"Value":"SharpMind.Tests.Core.RoPETests"},{"Key":{"Id":"XunitTestCaseExplicit","Label":"xUnit.net Test Case Explicit Flag","Category":"","Description":"","Attributes":0,"ValueType":"System.Boolean"},"Value":false},{"Key":{"Id":"TestCase.ManagedMethod","Label":"ManagedMethod","Category":"","Description":"","Attributes":1,"ValueType":"System.String"},"Value":"Apply_PreservesShape"}]},"Attachments":[],"Outcome":1,"ErrorMessage":null,"ErrorStackTrace":null,"DisplayName":"SharpMind.Tests.Core.RoPETests.Apply_PreservesShape","Messages":[],"ComputerName":"LAPTOP-MKMTSO1B","Duration":"00:00:00.0191732","StartTime":"2026-07-20T08:51:00.2892582+00:00","EndTime":"2026-07-20T08:51:00.3081069+00:00","Properties":[]},{"TestCase":{"Id":"f01a1c81-c671-76d2-3e96-1018c5c4b33b","FullyQualifiedName":"SharpMind.Tests.Core.RoPETests.Apply_ZeroPosition_CosSin0","DisplayName":"SharpMind.Tests.Core.RoPETests.Apply_ZeroPosition_CosSin0","ExecutorUri":"executor://xunit/VsTestRunner3/netcore/","Source":"C:\\Integral2u\\source\\repos\\SharpMind\\SharpMind.Tests\\bin\\Debug\\net10.0\\SharpMind.Tests.dll","CodeFilePath":null,"LineNumber":0,"Properties":[{"Key":{"Id":"XunitTestCaseUniqueID","Label":"xUnit.net Test Case Unique ID","Category":"","Description":"","Attributes":0,"ValueType":"System.String"},"Value":"69a298ab059c631898b0db15e33206feaca4877c"},{"Key":{"Id":"TestCase.ManagedType","Label":"ManagedType","Category":"","Description":"","Attributes":1,"ValueType":"System.String"},"Value":"SharpMind.Tests.Core.RoPETests"},{"Key":{"Id":"XunitTestCaseExplicit","Label":"xUnit.net Test Case Explicit Flag","Category":"","Description":"","Attributes":0,"ValueType":"System.Boolean"},"Value":false},{"Key":{"Id":"TestCase.ManagedMethod","Label":"ManagedMethod","Category":"","Description":"","Attributes":1,"ValueType":"System.String"},"Value":"Apply_ZeroPosition_CosSin0"}]},"Attachments":[],"Outcome":1,"ErrorMessage":null,"ErrorStackTrace":null,"DisplayName":"SharpMind.Tests.Core.RoPETests.Apply_ZeroPosition_CosSin0","Messages":[],"ComputerName":"LAPTOP-MKMTSO1B","Duration":"00:00:00.0019608","StartTime":"2026-07-20T08:51:00.309059+00:00","EndTime":"2026-07-20T08:51:00.3100997+00:00","Properties":[]},{"TestCase":{"Id":"796379f0-7f17-479e-d5aa-19e5786d4f92","FullyQualifiedName":"SharpMind.Tests.Core.RoPETests.Apply_WrongHeadDim_Throws","DisplayName":"SharpMind.Tests.Core.RoPETests.Apply_WrongHeadDim_Throws","ExecutorUri":"executor://xunit/VsTestRunner3/netcore/","Source":"C:\\Integral2u\\source\\repos\\SharpMind\\SharpMind.Tests\\bin\\Debug\\net10.0\\SharpMind.Tests.dll","CodeFilePath":null,"LineNumber":0,"Properties":[{"Key":{"Id":"XunitTestCaseUniqueID","Label":"xUnit.net Test Case Unique ID","Category":"","Description":"","Attributes":0,"ValueType":"System.String"},"Value":"a6055aabffcda6ffc3dc24626678c793a41793fb"},{"Key":{"Id":"TestCase.ManagedType","Label":"ManagedType","Category":"","Description":"","Attributes":1,"ValueType":"System.String"},"Value":"SharpMind.Tests.Core.RoPETests"},{"Key":{"Id":"XunitTestCaseExplicit","Label":"xUnit.net Test Case Explicit Flag","Category":"","Description":"","Attributes":0,"ValueType":"System.Boolean"},"Value":false},{"Key":{"Id":"TestCase.ManagedMethod","Label":"ManagedMethod","Category":"","Description":"","Attributes":1,"ValueType":"System.String"},"Value":"Apply_WrongHeadDim_Throws"}]},"Attachments":[],"Outcome":1,"ErrorMessage":null,"ErrorStackTrace":null,"DisplayName":"SharpMind.Tests.Core.RoPETests.Apply_WrongHeadDim_Throws","Messages":[],"ComputerName":"LAPTOP-MKMTSO1B","Duration":"00:00:00.0059033","StartTime":"2026-07-20T08:51:00.3164002+00:00","EndTime":"2026-07-20T08:51:00.3165631+00:00","Properties":[]},{"TestCase":{"Id":"8c673be4-2faa-12b4-d630-bf12db78c1e1","FullyQualifiedName":"SharpMind.Tests.Core.RoPETests.Apply_OutputNotAllSame","DisplayName":"SharpMind.Tests.Core.RoPETests.Apply_OutputNotAllSame","ExecutorUri":"executor://xunit/VsTestRunner3/netcore/","Source":"C:\\Integral2u\\source\\repos\\SharpMind\\SharpMind.Tests\\bin\\Debug\\net10.0\\SharpMind.Tests.dll","CodeFilePath":null,"LineNumber":0,"Properties":[{"Key":{"Id":"XunitTestCaseUniqueID","Label":"xUnit.net Test Case Unique ID","Category":"","Description":"","Attributes":0,"ValueType":"System.String"},"Value":"d98e98d39644f071e039f16fe548999f497ca027"},{"Key":{"Id":"TestCase.ManagedType","Label":"ManagedType","Category":"","Description":"","Attributes":1,"ValueType":"System.String"},"Value":"SharpMind.Tests.Core.RoPETests"},{"Key":{"Id":"XunitTestCaseExplicit","Label":"xUnit.net Test Case Explicit Flag","Category":"","Description":"","Attributes":0,"ValueType":"System.Boolean"},"Value":false},{"Key":{"Id":"TestCase.ManagedMethod","Label":"ManagedMethod","Category":"","Description":"","Attributes":1,"ValueType":"System.String"},"Value":"Apply_OutputNotAllSame"}]},"Attachments":[],"Outcome":1,"ErrorMessage":null,"ErrorStackTrace":null,"DisplayName":"SharpMind.Tests.Core.RoPETests.Apply_OutputNotAllSame","Messages":[],"ComputerName":"LAPTOP-MKMTSO1B","Duration":"00:00:00.0009675","StartTime":"2026-07-20T08:51:00.3174564+00:00","EndTime":"2026-07-20T08:51:00.3176105+00:00","Properties":[]},{"TestCase":{"Id":"3fe2b258-0513-cce0-5f84-a5aad7c75f35","FullyQualifiedName":"SharpMind.Tests.GPU.ActivationComparisonTests.ReLU_CPUAndGPU_ProduceSameResults","DisplayName":"SharpMind.Tests.GPU.ActivationComparisonTests.ReLU_CPUAndGPU_ProduceSameResults","ExecutorUri":"executor://xunit/VsTestRunner3/netcore/","Source":"C:\\Integral2u\\source\\repos\\SharpMind\\SharpMind.Tests\\bin\\Debug\\net10.0\\SharpMind.Tests.dll","CodeFilePath":null,"LineNumber":0,"Properties":[{"Key":{"Id":"XunitTestCaseUniqueID","Label":"xUnit.net Test Case Unique ID","Category":"","Description":"","Attributes":0,"ValueType":"System.String"},"Value":"17c4c11d12357b65c20e68677a22afa0b17ebdc4"},{"Key":{"Id":"TestCase.ManagedType","Label":"ManagedType","Category":"","Description":"","Attributes":1,"ValueType":"System.String"},"Value":"SharpMind.Tests.GPU.ActivationComparisonTests"},{"Key":{"Id":"XunitTestCaseExplicit","Label":"xUnit.net Test Case Explicit Flag","Category":"","Description":"","Attributes":0,"ValueType":"System.Boolean"},"Value":false},{"Key":{"Id":"TestCase.ManagedMethod","Label":"ManagedMethod","Category":"","Description":"","Attributes":1,"ValueType":"System.String"},"Value":"ReLU_CPUAndGPU_ProduceSameResults"}]},"Attachments":[],"Outcome":1,"ErrorMessage":null,"ErrorStackTrace":null,"DisplayName":"SharpMind.Tests.GPU.ActivationComparisonTests.ReLU_CPUAndGPU_ProduceSameResults","Messages":[],"ComputerName":"LAPTOP-MKMTSO1B","Duration":"00:00:00.1447868","StartTime":"2026-07-20T08:51:00.1761176+00:00","EndTime":"2026-07-20T08:51:00.3192381+00:00","Properties":[]},{"TestCase":{"Id":"ee3efff8-fbc7-824a-5cde-b4fd4b6e67ea","FullyQualifiedName":"SharpMind.Tests.Data.TextFileSourceTests.LineMode_YieldsEachNonEmptyLine","DisplayName":"SharpMind.Tests.Data.TextFileSourceTests.LineMode_YieldsEachNonEmptyLine","ExecutorUri":"executor://xunit/VsTestRunner3/netcore/","Source":"C:\\Integral2u\\source\\repos\\SharpMind\\SharpMind.Tests\\bin\\Debug\\net10.0\\SharpMind.Tests.dll","CodeFilePath":null,"LineNumber":0,"Properties":[{"Key":{"Id":"XunitTestCaseUniqueID","Label":"xUnit.net Test Case Unique ID","Category":"","Description":"","Attributes":0,"ValueType":"System.String"},"Value":"53654e480dbd7895a8290afa40f3ded723949ccf"},{"Key":{"Id":"TestCase.ManagedType","Label":"ManagedType","Category":"","Description":"","Attributes":1,"ValueType":"System.String"},"Value":"SharpMind.Tests.Data.TextFileSourceTests"},{"Key":{"Id":"XunitTestCaseExplicit","Label":"xUnit.net Test Case Explicit Flag","Category":"","Description":"","Attributes":0,"ValueType":"System.Boolean"},"Value":false},{"Key":{"Id":"TestCase.ManagedMethod","Label":"ManagedMethod","Category":"","Description":"","Attributes":1,"ValueType":"System.String"},"Value":"LineMode_YieldsEachNonEmptyLine"}]},"Attachments":[],"Outcome":1,"ErrorMessage":null,"ErrorStackTrace":null,"DisplayName":"SharpMind.Tests.Data.TextFileSourceTests.LineMode_YieldsEachNonEmptyLine","Messages":[],"ComputerName":"LAPTOP-MKMTSO1B","Duration":"00:00:00.0933805","StartTime":"2026-07-20T08:51:00.2339612+00:00","EndTime":"2026-07-20T08:51:00.3495268+00:00","Properties":[]},{"TestCase":{"Id":"bf797391-ea6f-941e-5996-567911d565cd","FullyQualifiedName":"SharpMind.Tests.GPU.ActivationComparisonTests.GeGLU_CPUAndGPU_ProduceSameResults","DisplayName":"SharpMind.Tests.GPU.ActivationComparisonTests.GeGLU_CPUAndGPU_ProduceSameResults","ExecutorUri":"executor://xunit/VsTestRunner3/netcore/","Source":"C:\\Integral2u\\source\\repos\\SharpMind\\SharpMind.Tests\\bin\\Debug\\net10.0\\SharpMind.Tests.dll","CodeFilePath":null,"LineNumber":0,"Properties":[{"Key":{"Id":"XunitTestCaseUniqueID","Label":"xUnit.net Test Case Unique ID","Category":"","Description":"","Attributes":0,"ValueType":"System.String"},"Value":"1d20bb45fc71b2d84faa198831c81f6a2f3d3ec0"},{"Key":{"Id":"TestCase.ManagedType","Label":"ManagedType","Category":"","Description":"","Attributes":1,"ValueType":"System.String"},"Value":"SharpMind.Tests.GPU.ActivationComparisonTests"},{"Key":{"Id":"XunitTestCaseExplicit","Label":"xUnit.net Test Case Explicit Flag","Category":"","Description":"","Attributes":0,"ValueType":"System.Boolean"},"Value":false},{"Key":{"Id":"TestCase.ManagedMethod","Label":"ManagedMethod","Category":"","Description":"","Attributes":1,"ValueType":"System.String"},"Value":"GeGLU_CPUAndGPU_ProduceSameResults"}]},"Attachments":[],"Outcome":1,"ErrorMessage":null,"ErrorStackTrace":null,"DisplayName":"SharpMind.Tests.GPU.ActivationComparisonTests.GeGLU_CPUAndGPU_ProduceSameResults","Messages":[],"ComputerName":"LAPTOP-MKMTSO1B","Duration":"00:00:00.1519879","StartTime":"2026-07-20T08:51:00.3203603+00:00","EndTime":"2026-07-20T08:51:00.4714784+00:00","Properties":[]}],"TestRunStatistics":{"ExecutedTests":90,"Stats":{"Passed":90}},"ActiveTests":[{"Id":"e794a3c9-7ffd-ecb2-35b6-6456136c112b","FullyQualifiedName":"SharpMind.Tests.Core.RoPETests.Apply_ExceedsMaxSeqLen_Throws","DisplayName":"SharpMind.Tests.Core.RoPETests.Apply_ExceedsMaxSeqLen_Throws","ExecutorUri":"executor://xunit/VsTestRunner3/netcore/","Source":"C:\\Integral2u\\source\\repos\\SharpMind\\SharpMind.Tests\\bin\\Debug\\net10.0\\SharpMind.Tests.dll","CodeFilePath":null,"LineNumber":0,"Properties":[{"Key":{"Id":"XunitTestCaseUniqueID","Label":"xUnit.net Test Case Unique ID","Category":"","Description":"","Attributes":0,"ValueType":"System.String"},"Value":"ecdc356f580a34ce49ba1c573be06595f3dadc97"},{"Key":{"Id":"TestCase.ManagedType","Label":"ManagedType","Category":"","Description":"","Attributes":1,"ValueType":"System.String"},"Value":"SharpMind.Tests.Core.RoPETests"},{"Key":{"Id":"XunitTestCaseExplicit","Label":"xUnit.net Test Case Explicit Flag","Category":"","Description":"","Attributes":0,"ValueType":"System.Boolean"},"Value":false},{"Key":{"Id":"TestCase.ManagedMethod","Label":"ManagedMethod","Category":"","Description":"","Attributes":1,"ValueType":"System.String"},"Value":"Apply_ExceedsMaxSeqLen_Throws"}]},{"Id":"c88702b0-bc87-4590-b3b4-7ac40a306795","FullyQualifiedName":"SharpMind.Tests.Data.TextFileSourceTests.MultipleFiles_YieldsAllInOrder","DisplayName":"SharpMind.Tests.Data.TextFileSourceTests.MultipleFiles_YieldsAllInOrder","ExecutorUri":"executor://xunit/VsTestRunner3/netcore/","Source":"C:\\Integral2u\\source\\repos\\SharpMind\\SharpMind.Tests\\bin\\Debug\\net10.0\\SharpMind.Tests.dll","CodeFilePath":null,"LineNumber":0,"Properties":[{"Key":{"Id":"XunitTestCaseUniqueID","Label":"xUnit.net Test Case Unique ID","Category":"","Description":"","Attributes":0,"ValueType":"System.String"},"Value":"e13817b201b9bd6c0cb0f05e80fe4a2fc8baac52"},{"Key":{"Id":"TestCase.ManagedType","Label":"ManagedType","Category":"","Description":"","Attributes":1,"ValueType":"System.String"},"Value":"SharpMind.Tests.Data.TextFileSourceTests"},{"Key":{"Id":"XunitTestCaseExplicit","Label":"xUnit.net Test Case Explicit Flag","Category":"","Description":"","Attributes":0,"ValueType":"System.Boolean"},"Value":false},{"Key":{"Id":"TestCase.ManagedMethod","Label":"ManagedMethod","Category":"","Description":"","Attributes":1,"ValueType":"System.String"},"Value":"MultipleFiles_YieldsAllInOrder"}]},{"Id":"905c5875-3d00-ef70-b451-6204b194419a","FullyQualifiedName":"SharpMind.Tests.GPU.ActivationComparisonTests.RMSNorm_CPUAndGPU_ProduceSameResults","DisplayName":"SharpMind.Tests.GPU.ActivationComparisonTests.RMSNorm_CPUAndGPU_ProduceSameResults","ExecutorUri":"executor://xunit/VsTestRunner3/netcore/","Source":"C:\\Integral2u\\source\\repos\\SharpMind\\SharpMind.Tests\\bin\\Debug\\net10.0\\SharpMind.Tests.dll","CodeFilePath":null,"LineNumber":0,"Properties":[{"Key":{"Id":"XunitTestCaseUniqueID","Label":"xUnit.net Test Case Unique ID","Category":"","Description":"","Attributes":0,"ValueType":"System.String"},"Value":"645efb86b96c4766c57ef7722c3f0afc0f0d1ddd"},{"Key":{"Id":"TestCase.ManagedType","Label":"ManagedType","Category":"","Description":"","Attributes":1,"ValueType":"System.String"},"Value":"SharpMind.Tests.GPU.ActivationComparisonTests"},{"Key":{"Id":"XunitTestCaseExplicit","Label":"xUnit.net Test Case Explicit Flag","Category":"","Description":"","Attributes":0,"ValueType":"System.Boolean"},"Value":false},{"Key":{"Id":"TestCase.ManagedMethod","Label":"ManagedMethod","Category":"","Description":"","Attributes":1,"ValueType":"System.String"},"Value":"RMSNorm_CPUAndGPU_ProduceSameResults"}]}]}}
TpTrace Verbose: 0 : 5804, 10, 2026/07/20, 20:51:00.478, 488493528588, vstest.console.dll, TestRunRequest:SendTestRunStatsChange: Starting.
TpTrace Verbose: 0 : 5804, 10, 2026/07/20, 20:51:00.478, 488493530223, vstest.console.dll, InProgress is SharpMind.Tests.Core.RoPETests.Apply_ExceedsMaxSeqLen_Throws
TpTrace Verbose: 0 : 5804, 10, 2026/07/20, 20:51:00.478, 488493530759, vstest.console.dll, InProgress is SharpMind.Tests.Data.TextFileSourceTests.MultipleFiles_YieldsAllInOrder
TpTrace Verbose: 0 : 5804, 10, 2026/07/20, 20:51:00.478, 488493531225, vstest.console.dll, InProgress is SharpMind.Tests.GPU.ActivationComparisonTests.RMSNorm_CPUAndGPU_ProduceSameResults
TpTrace Verbose: 0 : 5804, 10, 2026/07/20, 20:51:00.479, 488493538891, vstest.console.dll, MulticastDelegateUtilities.SafeInvoke: TestRun.RunStatsChanged: Invoking callbacks was skipped because there are no subscribers.
TpTrace Information: 0 : 5804, 10, 2026/07/20, 20:51:00.479, 488493539706, vstest.console.dll, TestRunRequest:SendTestRunStatsChange: Completed.
TpTrace Verbose: 0 : 5804, 10, 2026/07/20, 20:51:00.479, 488493540436, vstest.console.dll, MulticastDelegateUtilities.SafeInvoke: LengthPrefixCommunicationChannel: MessageReceived: Invoking callback 1/1 for Microsoft.VisualStudio.TestPlatform.CommunicationUtilities.TestRequestSender+<>c__DisplayClass34_0., took 4 ms.
TpTrace Verbose: 0 : 5804, 10, 2026/07/20, 20:51:00.479, 488493541086, vstest.console.dll, TcpClientExtensions.MessageLoopAsync: Polling on remoteEndPoint: 127.0.0.1:57605 localEndPoint: 127.0.0.1:57603 after 198 ms
TpTrace Verbose: 0 : 5804, 4, 2026/07/20, 20:51:00.482, 488493566544, vstest.console.dll, MulticastDelegateUtilities.SafeInvoke: InternalTestLoggerEvents.SendTestResult: Invoking callback 1/1 for Microsoft.VisualStudio.TestPlatform.CommandLine.Internal.ConsoleLogger., took 0 ms.
TpTrace Verbose: 0 : 5804, 4, 2026/07/20, 20:51:00.482, 488493568436, vstest.console.dll, MulticastDelegateUtilities.SafeInvoke: InternalTestLoggerEvents.SendTestResult: Invoking callback 1/1 for Microsoft.VisualStudio.TestPlatform.CommandLine.Internal.ConsoleLogger., took 0 ms.
TpTrace Verbose: 0 : 5804, 4, 2026/07/20, 20:51:00.482, 488493569367, vstest.console.dll, MulticastDelegateUtilities.SafeInvoke: InternalTestLoggerEvents.SendTestResult: Invoking callback 1/1 for Microsoft.VisualStudio.TestPlatform.CommandLine.Internal.ConsoleLogger., took 0 ms.
TpTrace Verbose: 0 : 5804, 4, 2026/07/20, 20:51:00.482, 488493570379, vstest.console.dll, MulticastDelegateUtilities.SafeInvoke: InternalTestLoggerEvents.SendTestResult: Invoking callback 1/1 for Microsoft.VisualStudio.TestPlatform.CommandLine.Internal.ConsoleLogger., took 0 ms.
TpTrace Verbose: 0 : 5804, 4, 2026/07/20, 20:51:00.482, 488493571405, vstest.console.dll, MulticastDelegateUtilities.SafeInvoke: InternalTestLoggerEvents.SendTestResult: Invoking callback 1/1 for Microsoft.VisualStudio.TestPlatform.CommandLine.Internal.ConsoleLogger., took 0 ms.
TpTrace Verbose: 0 : 5804, 4, 2026/07/20, 20:51:00.482, 488493572553, vstest.console.dll, MulticastDelegateUtilities.SafeInvoke: InternalTestLoggerEvents.SendTestResult: Invoking callback 1/1 for Microsoft.VisualStudio.TestPlatform.CommandLine.Internal.ConsoleLogger., took 0 ms.
TpTrace Verbose: 0 : 5804, 4, 2026/07/20, 20:51:00.482, 488493573363, vstest.console.dll, MulticastDelegateUtilities.SafeInvoke: InternalTestLoggerEvents.SendTestResult: Invoking callback 1/1 for Microsoft.VisualStudio.TestPlatform.CommandLine.Internal.ConsoleLogger., took 0 ms.
TpTrace Verbose: 0 : 5804, 10, 2026/07/20, 20:51:01.485, 488503595667, vstest.console.dll, TcpClientExtensions.MessageLoopAsync: Polling on remoteEndPoint: 127.0.0.1:57605 localEndPoint: 127.0.0.1:57603 after 1005 ms
TpTrace Verbose: 0 : 5804, 10, 2026/07/20, 20:51:02.496, 488513706341, vstest.console.dll, TcpClientExtensions.MessageLoopAsync: Polling on remoteEndPoint: 127.0.0.1:57605 localEndPoint: 127.0.0.1:57603 after 1010 ms
TpTrace Verbose: 0 : 5804, 10, 2026/07/20, 20:51:03.497, 488523715558, vstest.console.dll, TcpClientExtensions.MessageLoopAsync: Polling on remoteEndPoint: 127.0.0.1:57605 localEndPoint: 127.0.0.1:57603 after 1000 ms
TpTrace Verbose: 0 : 5804, 10, 2026/07/20, 20:51:03.991, 488528662716, vstest.console.dll, TcpClientExtensions.MessageLoopAsync: NotifyDataAvailable remoteEndPoint: 127.0.0.1:57605 localEndPoint: 127.0.0.1:57603
TpTrace Verbose: 0 : 5804, 10, 2026/07/20, 20:51:03.992, 488528665764, vstest.console.dll, TestRequestSender.OnExecutionMessageReceived: Received message: {"Version":7,"MessageType":"TestExecution.StatsChange","Payload":{"NewTestResults":[{"TestCase":{"Id":"905c5875-3d00-ef70-b451-6204b194419a","FullyQualifiedName":"SharpMind.Tests.GPU.ActivationComparisonTests.RMSNorm_CPUAndGPU_ProduceSameResults","DisplayName":"SharpMind.Tests.GPU.ActivationComparisonTests.RMSNorm_CPUAndGPU_ProduceSameResults","ExecutorUri":"executor://xunit/VsTestRunner3/netcore/","Source":"C:\\Integral2u\\source\\repos\\SharpMind\\SharpMind.Tests\\bin\\Debug\\net10.0\\SharpMind.Tests.dll","CodeFilePath":null,"LineNumber":0,"Properties":[{"Key":{"Id":"XunitTestCaseUniqueID","Label":"xUnit.net Test Case Unique ID","Category":"","Description":"","Attributes":0,"ValueType":"System.String"},"Value":"645efb86b96c4766c57ef7722c3f0afc0f0d1ddd"},{"Key":{"Id":"TestCase.ManagedType","Label":"ManagedType","Category":"","Description":"","Attributes":1,"ValueType":"System.String"},"Value":"SharpMind.Tests.GPU.ActivationComparisonTests"},{"Key":{"Id":"XunitTestCaseExplicit","Label":"xUnit.net Test Case Explicit Flag","Category":"","Description":"","Attributes":0,"ValueType":"System.Boolean"},"Value":false},{"Key":{"Id":"TestCase.ManagedMethod","Label":"ManagedMethod","Category":"","Description":"","Attributes":1,"ValueType":"System.String"},"Value":"RMSNorm_CPUAndGPU_ProduceSameResults"}]},"Attachments":[],"Outcome":1,"ErrorMessage":null,"ErrorStackTrace":null,"DisplayName":"SharpMind.Tests.GPU.ActivationComparisonTests.RMSNorm_CPUAndGPU_ProduceSameResults","Messages":[],"ComputerName":"LAPTOP-MKMTSO1B","Duration":"00:00:00.0017299","StartTime":"2026-07-20T08:51:00.4747959+00:00","EndTime":"2026-07-20T08:51:00.4913021+00:00","Properties":[]},{"TestCase":{"Id":"9bb18cdc-f0bb-b8ef-f19c-2756b6d50427","FullyQualifiedName":"SharpMind.Tests.GPU.ActivationComparisonTests.SiLU_CPUAndGPU_ProduceSameResults","DisplayName":"SharpMind.Tests.GPU.ActivationComparisonTests.SiLU_CPUAndGPU_ProduceSameResults","ExecutorUri":"executor://xunit/VsTestRunner3/netcore/","Source":"C:\\Integral2u\\source\\repos\\SharpMind\\SharpMind.Tests\\bin\\Debug\\net10.0\\SharpMind.Tests.dll","CodeFilePath":null,"LineNumber":0,"Properties":[{"Key":{"Id":"XunitTestCaseUniqueID","Label":"xUnit.net Test Case Unique ID","Category":"","Description":"","Attributes":0,"ValueType":"System.String"},"Value":"84433e8c3894b668be53431c6127f82607bca566"},{"Key":{"Id":"TestCase.ManagedType","Label":"ManagedType","Category":"","Description":"","Attributes":1,"ValueType":"System.String"},"Value":"SharpMind.Tests.GPU.ActivationComparisonTests"},{"Key":{"Id":"XunitTestCaseExplicit","Label":"xUnit.net Test Case Explicit Flag","Category":"","Description":"","Attributes":0,"ValueType":"System.Boolean"},"Value":false},{"Key":{"Id":"TestCase.ManagedMethod","Label":"ManagedMethod","Category":"","Description":"","Attributes":1,"ValueType":"System.String"},"Value":"SiLU_CPUAndGPU_ProduceSameResults"}]},"Attachments":[],"Outcome":1,"ErrorMessage":null,"ErrorStackTrace":null,"DisplayName":"SharpMind.Tests.GPU.ActivationComparisonTests.SiLU_CPUAndGPU_ProduceSameResults","Messages":[],"ComputerName":"LAPTOP-MKMTSO1B","Duration":"00:00:00.1573691","StartTime":"2026-07-20T08:51:00.49366+00:00","EndTime":"2026-07-20T08:51:00.6326543+00:00","Properties":[]},{"TestCase":{"Id":"535c1310-48d8-f3da-31f1-0e66c41f0ae2","FullyQualifiedName":"SharpMind.Tests.GPU.ActivationComparisonTests.GELU_CPUAndGPU_ProduceSameResults","DisplayName":"SharpMind.Tests.GPU.ActivationComparisonTests.GELU_CPUAndGPU_ProduceSameResults","ExecutorUri":"executor://xunit/VsTestRunner3/netcore/","Source":"C:\\Integral2u\\source\\repos\\SharpMind\\SharpMind.Tests\\bin\\Debug\\net10.0\\SharpMind.Tests.dll","CodeFilePath":null,"LineNumber":0,"Properties":[{"Key":{"Id":"XunitTestCaseUniqueID","Label":"xUnit.net Test Case Unique ID","Category":"","Description":"","Attributes":0,"ValueType":"System.String"},"Value":"941d5208b2bd60fec0820147dfc253c73a4bac4e"},{"Key":{"Id":"TestCase.ManagedType","Label":"ManagedType","Category":"","Description":"","Attributes":1,"ValueType":"System.String"},"Value":"SharpMind.Tests.GPU.ActivationComparisonTests"},{"Key":{"Id":"XunitTestCaseExplicit","Label":"xUnit.net Test Case Explicit Flag","Category":"","Description":"","Attributes":0,"ValueType":"System.Boolean"},"Value":false},{"Key":{"Id":"TestCase.ManagedMethod","Label":"ManagedMethod","Category":"","Description":"","Attributes":1,"ValueType":"System.String"},"Value":"GELU_CPUAndGPU_ProduceSameResults"}]},"Attachments":[],"Outcome":1,"ErrorMessage":null,"ErrorStackTrace":null,"DisplayName":"SharpMind.Tests.GPU.ActivationComparisonTests.GELU_CPUAndGPU_ProduceSameResults","Messages":[],"ComputerName":"LAPTOP-MKMTSO1B","Duration":"00:00:00.0036647","StartTime":"2026-07-20T08:51:00.6336278+00:00","EndTime":"2026-07-20T08:51:00.6346786+00:00","Properties":[]}],"TestRunStatistics":{"ExecutedTests":93,"Stats":{"Passed":93}},"ActiveTests":[{"Id":"feb67d10-64ae-c7f9-3544-63d9d665fd5b","FullyQualifiedName":"SharpMind.Tests.GPU.ActivationComparisonTests.SwiGLU_CPUAndGPU_ProduceSameResults","DisplayName":"SharpMind.Tests.GPU.ActivationComparisonTests.SwiGLU_CPUAndGPU_ProduceSameResults","ExecutorUri":"executor://xunit/VsTestRunner3/netcore/","Source":"C:\\Integral2u\\source\\repos\\SharpMind\\SharpMind.Tests\\bin\\Debug\\net10.0\\SharpMind.Tests.dll","CodeFilePath":null,"LineNumber":0,"Properties":[{"Key":{"Id":"XunitTestCaseUniqueID","Label":"xUnit.net Test Case Unique ID","Category":"","Description":"","Attributes":0,"ValueType":"System.String"},"Value":"be909f447257d4d11dea21e7b57fbe55cfd141ad"},{"Key":{"Id":"TestCase.ManagedType","Label":"ManagedType","Category":"","Description":"","Attributes":1,"ValueType":"System.String"},"Value":"SharpMind.Tests.GPU.ActivationComparisonTests"},{"Key":{"Id":"XunitTestCaseExplicit","Label":"xUnit.net Test Case Explicit Flag","Category":"","Description":"","Attributes":0,"ValueType":"System.Boolean"},"Value":false},{"Key":{"Id":"TestCase.ManagedMethod","Label":"ManagedMethod","Category":"","Description":"","Attributes":1,"ValueType":"System.String"},"Value":"SwiGLU_CPUAndGPU_ProduceSameResults"}]}]}}
TpTrace Verbose: 0 : 5804, 10, 2026/07/20, 20:51:03.994, 488528685102, vstest.console.dll, TestRunRequest:SendTestRunStatsChange: Starting.
TpTrace Verbose: 0 : 5804, 10, 2026/07/20, 20:51:03.994, 488528686292, vstest.console.dll, InProgress is SharpMind.Tests.GPU.ActivationComparisonTests.SwiGLU_CPUAndGPU_ProduceSameResults
TpTrace Verbose: 0 : 5804, 10, 2026/07/20, 20:51:03.994, 488528686916, vstest.console.dll, MulticastDelegateUtilities.SafeInvoke: TestRun.RunStatsChanged: Invoking callbacks was skipped because there are no subscribers.
TpTrace Information: 0 : 5804, 10, 2026/07/20, 20:51:03.994, 488528687312, vstest.console.dll, TestRunRequest:SendTestRunStatsChange: Completed.
TpTrace Verbose: 0 : 5804, 10, 2026/07/20, 20:51:03.994, 488528687950, vstest.console.dll, MulticastDelegateUtilities.SafeInvoke: LengthPrefixCommunicationChannel: MessageReceived: Invoking callback 1/1 for Microsoft.VisualStudio.TestPlatform.CommunicationUtilities.TestRequestSender+<>c__DisplayClass34_0., took 2 ms.
TpTrace Verbose: 0 : 5804, 4, 2026/07/20, 20:51:03.994, 488528688363, vstest.console.dll, MulticastDelegateUtilities.SafeInvoke: InternalTestLoggerEvents.SendTestResult: Invoking callback 1/1 for Microsoft.VisualStudio.TestPlatform.CommandLine.Internal.ConsoleLogger., took 0 ms.
TpTrace Verbose: 0 : 5804, 10, 2026/07/20, 20:51:03.994, 488528688393, vstest.console.dll, TcpClientExtensions.MessageLoopAsync: Polling on remoteEndPoint: 127.0.0.1:57605 localEndPoint: 127.0.0.1:57603 after 497 ms
TpTrace Verbose: 0 : 5804, 4, 2026/07/20, 20:51:03.994, 488528692803, vstest.console.dll, MulticastDelegateUtilities.SafeInvoke: InternalTestLoggerEvents.SendTestResult: Invoking callback 1/1 for Microsoft.VisualStudio.TestPlatform.CommandLine.Internal.ConsoleLogger., took 0 ms.
TpTrace Verbose: 0 : 5804, 4, 2026/07/20, 20:51:03.994, 488528694115, vstest.console.dll, MulticastDelegateUtilities.SafeInvoke: InternalTestLoggerEvents.SendTestResult: Invoking callback 1/1 for Microsoft.VisualStudio.TestPlatform.CommandLine.Internal.ConsoleLogger., took 0 ms.
TpTrace Verbose: 0 : 5804, 10, 2026/07/20, 20:51:04.001, 488528762590, vstest.console.dll, TcpClientExtensions.MessageLoopAsync: NotifyDataAvailable remoteEndPoint: 127.0.0.1:57605 localEndPoint: 127.0.0.1:57603
TpTrace Warning: 0 : 5804, 11, 2026/07/20, 20:51:04.002, 488528771147, vstest.console.dll, TestHostManagerCallbacks.ErrorReceivedCallback Test host standard error line: 
TpTrace Verbose: 0 : 5804, 7, 2026/07/20, 20:51:04.002, 488528771100, vstest.console.dll, TestHostManagerCallbacks.StandardOutputReceivedCallback Test host standard output line: 
TpTrace Error: 0 : 5804, 10, 2026/07/20, 20:51:04.004, 488528784814, vstest.console.dll, Socket: Message loop: failed to receive message due to socket error System.IO.IOException: Unable to read data from the transport connection: An existing connection was forcibly closed by the remote host..
 ---> System.Net.Sockets.SocketException (10054): An existing connection was forcibly closed by the remote host.
   at System.Net.Sockets.Socket.Receive(Span`1 buffer, SocketFlags socketFlags)
   at System.Net.Sockets.NetworkStream.Read(Span`1 buffer)
   --- End of inner exception stack trace ---
   at System.Net.Sockets.NetworkStream.Read(Span`1 buffer)
   at System.Net.Sockets.NetworkStream.ReadByte()
   at System.IO.BinaryReader.Read7BitEncodedInt()
   at System.IO.BinaryReader.ReadString()
   at Microsoft.VisualStudio.TestPlatform.CommunicationUtilities.LengthPrefixCommunicationChannel.NotifyDataAvailable(CancellationToken cancellationToken) in /_/src/vstest/src/Microsoft.TestPlatform.CommunicationUtilities/LengthPrefixCommunicationChannel.cs:line 90
   at Microsoft.VisualStudio.TestPlatform.CommunicationUtilities.TcpClientExtensions.MessageLoopAsync(TcpClient client, ICommunicationChannel channel, Action`1 errorHandler, CancellationToken cancellationToken) in /_/src/vstest/src/Microsoft.TestPlatform.CommunicationUtilities/TcpClientExtensions.cs:line 67, remoteEndPoint: 127.0.0.1:57605 localEndPoint: 127.0.0.1:57603
TpTrace Information: 0 : 5804, 10, 2026/07/20, 20:51:04.004, 488528787858, vstest.console.dll, SocketServer.PrivateStop: Stopping server endPoint: 127.0.0.1:57603 error: 
TpTrace Verbose: 0 : 5804, 10, 2026/07/20, 20:51:04.005, 488528794696, vstest.console.dll, LengthPrefixCommunicationChannel.Dispose: Dispose reader and writer.
TpTrace Information: 0 : 5804, 10, 2026/07/20, 20:51:04.005, 488528796416, vstest.console.dll, SocketServer.Stop: Raise disconnected event endPoint: 127.0.0.1:57603 error: 
TpTrace Verbose: 0 : 5804, 10, 2026/07/20, 20:51:04.005, 488528798518, vstest.console.dll, TestRequestSender: OnTestRunAbort: Set operation complete.
TpTrace Verbose: 0 : 5804, 10, 2026/07/20, 20:51:04.005, 488528799337, vstest.console.dll, TestRequestSender.SetOperationComplete: Setting operation complete.
TpTrace Information: 0 : 5804, 10, 2026/07/20, 20:51:04.005, 488528800057, vstest.console.dll, SocketServer.Stop: Stop server endPoint: 127.0.0.1:57603
TpTrace Verbose: 0 : 5804, 10, 2026/07/20, 20:51:04.005, 488528800732, vstest.console.dll, TestRequestSender.GetAbortErrorMessage: Exception: 
TpTrace Verbose: 0 : 5804, 10, 2026/07/20, 20:51:04.005, 488528801217, vstest.console.dll, TestRequestSender.GetAbortErrorMessage: Client has disconnected. Wait for standard error.
TpTrace Verbose: 0 : 5804, 11, 2026/07/20, 20:51:04.026, 488529007661, vstest.console.dll, TestHostProvider.ExitCallBack: Host exited starting callback.
TpTrace Error: 0 : 5804, 11, 2026/07/20, 20:51:04.026, 488529009328, vstest.console.dll, TestHostManagerCallbacks.ExitCallBack: Testhost processId: 11072 exited with exitcode: -1073740940 error: ''
TpTrace Verbose: 0 : 5804, 11, 2026/07/20, 20:51:04.026, 488529009788, vstest.console.dll, DotnetTestHostManager.OnHostExited: invoking OnHostExited callback
TpTrace Verbose: 0 : 5804, 11, 2026/07/20, 20:51:04.026, 488529010458, vstest.console.dll, CrossPlatEngine.TestHostManagerHostExited: calling on client process exit callback.
TpTrace Information: 0 : 5804, 11, 2026/07/20, 20:51:04.026, 488529011145, vstest.console.dll, TestRequestSender.OnClientProcessExit: Test host process exited. Standard error: 
TpTrace Information: 0 : 5804, 10, 2026/07/20, 20:51:04.026, 488529011677, vstest.console.dll, TestRequestSender.GetAbortErrorMessage: Received test host error message.
TpTrace Information: 0 : 5804, 11, 2026/07/20, 20:51:04.026, 488529011775, vstest.console.dll, SocketServer.Stop: Stop server endPoint: 127.0.0.1:57603
TpTrace Verbose: 0 : 5804, 11, 2026/07/20, 20:51:04.026, 488529012888, vstest.console.dll, MulticastDelegateUtilities.SafeInvoke: HostProviderEvents.OnHostExited: Invoking callback 1/1 for Microsoft.VisualStudio.TestPlatform.CrossPlatEngine.Client.ProxyOperationManager., took 0 ms.
TpTrace Error: 0 : 5804, 10, 2026/07/20, 20:51:04.027, 488529014855, vstest.console.dll, TestRequestSender: Aborting test run because Test host process crashed
TpTrace Verbose: 0 : 5804, 10, 2026/07/20, 20:51:04.027, 488529015855, vstest.console.dll, TestRunRequest:SendTestRunMessage: Starting.
TpTrace Verbose: 0 : 5804, 10, 2026/07/20, 20:51:04.027, 488529016517, vstest.console.dll, MulticastDelegateUtilities.SafeInvoke: TestRun.LogMessages: Invoking callback 1/1 for Microsoft.VisualStudio.TestPlatform.CommandLine.TestRunResultAggregator., took 0 ms.
TpTrace Information: 0 : 5804, 10, 2026/07/20, 20:51:04.027, 488529016871, vstest.console.dll, TestRunRequest:SendTestRunMessage: Completed.
TpTrace Verbose: 0 : 5804, 4, 2026/07/20, 20:51:04.027, 488529018361, vstest.console.dll, MulticastDelegateUtilities.SafeInvoke: InternalTestLoggerEvents.SendTestRunMessage: Invoking callback 1/1 for Microsoft.VisualStudio.TestPlatform.CommandLine.Internal.ConsoleLogger., took 0 ms.
TpTrace Verbose: 0 : 5804, 10, 2026/07/20, 20:51:04.050, 488529252413, vstest.console.dll, ProxyOperationManager.Close: waiting for test host to exit for 100 ms
TpTrace Information: 0 : 5804, 10, 2026/07/20, 20:51:04.050, 488529254056, vstest.console.dll, SocketServer.Stop: Stop server endPoint: 127.0.0.1:57603
TpTrace Information: 0 : 5804, 10, 2026/07/20, 20:51:04.051, 488529254543, vstest.console.dll, Closing the connection
TpTrace Verbose: 0 : 5804, 10, 2026/07/20, 20:51:04.051, 488529260319, vstest.console.dll, ParallelRunEventsHandler.HandleTestRunComplete: Handling a run completion, this can be either one part of parallel run completing, or the whole parallel run completing.
TpTrace Verbose: 0 : 5804, 10, 2026/07/20, 20:51:04.052, 488529264690, vstest.console.dll, ParallelProxyExecutionManager: HandlePartialRunComplete: Total workloads = 1, Total started clients = 1 Total completed clients = 1, Run complete = True, Run canceled: False.
TpTrace Verbose: 0 : 5804, 10, 2026/07/20, 20:51:04.052, 488529265190, vstest.console.dll, ParallelProxyExecutionManager: HandlePartialRunComplete: All runs completed stopping all managers.
TpTrace Verbose: 0 : 5804, 10, 2026/07/20, 20:51:04.052, 488529265651, vstest.console.dll, ParallelOperationManager.StopAllManagers: Stopping all managers.
TpTrace Verbose: 0 : 5804, 10, 2026/07/20, 20:51:04.052, 488529266019, vstest.console.dll, ParallelOperationManager.ClearSlots: Clearing all slots. Slots should accept more work: False
TpTrace Verbose: 0 : 5804, 10, 2026/07/20, 20:51:04.052, 488529266612, vstest.console.dll, ParallelOperationManager.SetOccupiedSlotCount: Setting slot counts AvailableSlotCount = 1, OccupiedSlotCount = 0.
TpTrace Verbose: 0 : 5804, 10, 2026/07/20, 20:51:04.052, 488529267167, vstest.console.dll, Occupied slots:

TpTrace Verbose: 0 : 5804, 10, 2026/07/20, 20:51:04.052, 488529267476, vstest.console.dll, ParallelRunEventsHandler.HandleTestRunComplete: Whole parallel run completed.
TpTrace Verbose: 0 : 5804, 4, 2026/07/20, 20:51:04.082, 488529573195, vstest.console.dll, MulticastDelegateUtilities.SafeInvoke: InternalTestLoggerEvents.SendTestRunComplete: Invoking callback 1/1 for Microsoft.VisualStudio.TestPlatform.CommandLine.Internal.ConsoleLogger., took 10 ms.
TpTrace Verbose: 0 : 5804, 10, 2026/07/20, 20:51:04.084, 488529592920, vstest.console.dll, TestRunRequest:TestRunComplete: Starting. IsAborted:True IsCanceled:False.
TpTrace Verbose: 0 : 5804, 10, 2026/07/20, 20:51:04.085, 488529596977, vstest.console.dll, ParallelOperationManager.DoActionOnAllManagers: Calling an action on all managers.
TpTrace Verbose: 0 : 5804, 10, 2026/07/20, 20:51:04.087, 488529614900, vstest.console.dll, TestLoggerManager.HandleTestRunComplete: Ignoring as the object is disposed.
TpTrace Verbose: 0 : 5804, 10, 2026/07/20, 20:51:04.087, 488529621937, vstest.console.dll, MulticastDelegateUtilities.SafeInvoke: TestRun.TestRunComplete: Invoking callback 1/2 for Microsoft.VisualStudio.TestPlatform.CommandLine.TestRunResultAggregator., took 0 ms.
TpTrace Verbose: 0 : 5804, 10, 2026/07/20, 20:51:04.088, 488529624858, vstest.console.dll, MulticastDelegateUtilities.SafeInvoke: TestRun.TestRunComplete: Invoking callback 2/2 for Microsoft.VisualStudio.TestPlatform.CommandLine.Processors.RunTestsArgumentExecutor+TestRunRequestEventsRegistrar., took 0 ms.
TpTrace Verbose: 0 : 5804, 2, 2026/07/20, 20:51:04.088, 488529626899, vstest.console.dll, TestRunRequest.Dispose: Starting.
TpTrace Information: 0 : 5804, 10, 2026/07/20, 20:51:04.088, 488529632899, vstest.console.dll, TestRunRequest:TestRunComplete: Completed.
TpTrace Verbose: 0 : 5804, 10, 2026/07/20, 20:51:04.088, 488529633685, vstest.console.dll, MulticastDelegateUtilities.SafeInvoke: SocketServer: ClientDisconnected: Invoking callback 1/1 for Microsoft.VisualStudio.TestPlatform.CommunicationUtilities.TestRequestSender., took 83 ms.
TpTrace Information: 0 : 5804, 2, 2026/07/20, 20:51:04.088, 488529633943, vstest.console.dll, TestRunRequest.Dispose: Completed.
TpTrace Verbose: 0 : 5804, 10, 2026/07/20, 20:51:04.088, 488529634051, vstest.console.dll, TcpClientExtensions.MessageLoopAsync: exiting MessageLoopAsync remoteEndPoint: 127.0.0.1:57605 localEndPoint: 127.0.0.1:57603
TpTrace Information: 0 : 5804, 2, 2026/07/20, 20:51:04.089, 488529635260, vstest.console.dll, TestRequestManager.RunTests: run tests completed.
TpTrace Information: 0 : 5804, 2, 2026/07/20, 20:51:04.089, 488529636801, vstest.console.dll, RunTestsArgumentProcessor:Execute: Test run is completed.
TpTrace Verbose: 0 : 5804, 2, 2026/07/20, 20:51:04.089, 488529640610, vstest.console.dll, Executor.Execute: Exiting with exit code of 1
